

================================================================
== Vitis HLS Report for 'top'
================================================================
* Date:           Tue Sep  6 09:44:37 2022

* Version:        2020.2 (Build 3064766 on Wed Nov 18 09:12:47 MST 2020)
* Project:        top
* Solution:       solution (Vitis Kernel Flow Target)
* Product family: virtexuplus
* Target device:  xcu250-figd2104-2L-e


================================================================
== Performance Estimates
================================================================
+ Timing: 
    * Summary: 
    +--------+---------+----------+------------+
    |  Clock |  Target | Estimated| Uncertainty|
    +--------+---------+----------+------------+
    |ap_clk  |  3.33 ns|  2.908 ns|     0.90 ns|
    +--------+---------+----------+------------+

+ Latency: 
    * Summary: 
    +---------+---------+----------+----------+---------+---------+---------+
    |  Latency (cycles) |  Latency (absolute) |      Interval     | Pipeline|
    |   min   |   max   |    min   |    max   |   min   |   max   |   Type  |
    +---------+---------+----------+----------+---------+---------+---------+
    |  1252105|  1252105|  4.173 ms|  4.173 ms|  1252106|  1252106|     none|
    +---------+---------+----------+----------+---------+---------+---------+

    + Detail: 
        * Instance: 
        +--------------------------------+---------------------+---------+---------+----------+----------+--------+--------+----------+
        |                                |                     |  Latency (cycles) |  Latency (absolute) |     Interval    | Pipeline |
        |            Instance            |        Module       |   min   |   max   |    min   |    max   |   min  |   max  |   Type   |
        +--------------------------------+---------------------+---------+---------+----------+----------+--------+--------+----------+
        |grp_kernel3_x0_fu_104           |kernel3_x0           |    41620|    41620|  0.139 ms|  0.139 ms|   39429|   39429|  dataflow|
        |grp_kernel3_x1_fu_118           |kernel3_x1           |    48103|    48103|  0.160 ms|  0.160 ms|   39429|   39429|  dataflow|
        |grp_kernel3_x2_fu_124           |kernel3_x2           |    47689|    47689|  0.159 ms|  0.159 ms|   39429|   39429|  dataflow|
        |grp_nondf_kernel_cov_x0_fu_132  |nondf_kernel_cov_x0  |   557342|   557342|  1.858 ms|  1.858 ms|  557342|  557342|      none|
        |grp_nondf_kernel_cov_x1_fu_138  |nondf_kernel_cov_x1  |   557342|   557342|  1.858 ms|  1.858 ms|  557342|  557342|      none|
        +--------------------------------+---------------------+---------+---------+----------+----------+--------+--------+----------+

        * Loop: 
        N/A



================================================================
== Utilization Estimates
================================================================
* Summary: 
+---------------------+---------+-------+---------+---------+------+
|         Name        | BRAM_18K|  DSP  |    FF   |   LUT   | URAM |
+---------------------+---------+-------+---------+---------+------+
|DSP                  |        -|      -|        -|        -|     -|
|Expression           |        -|      -|        0|       14|     -|
|FIFO                 |        -|      -|        -|        -|     -|
|Instance             |      904|   4451|   820648|   470863|     -|
|Memory               |        0|      -|        0|        0|     -|
|Multiplexer          |        -|      -|        -|      361|     -|
|Register             |        -|      -|      217|        -|     -|
+---------------------+---------+-------+---------+---------+------+
|Total                |      904|   4451|   820865|   471238|     0|
+---------------------+---------+-------+---------+---------+------+
|Available SLR        |     1344|   3072|   864000|   432000|   320|
+---------------------+---------+-------+---------+---------+------+
|Utilization SLR (%)  |       67|    144|       95|      109|     0|
+---------------------+---------+-------+---------+---------+------+
|Available            |     5376|  12288|  3456000|  1728000|  1280|
+---------------------+---------+-------+---------+---------+------+
|Utilization (%)      |       16|     36|       23|       27|     0|
+---------------------+---------+-------+---------+---------+------+

+ Detail: 
    * Instance: 
    +--------------------------------+--------------------------+---------+------+--------+--------+-----+
    |            Instance            |          Module          | BRAM_18K|  DSP |   FF   |   LUT  | URAM|
    +--------------------------------+--------------------------+---------+------+--------+--------+-----+
    |control_s_axi_U                 |control_s_axi             |        0|     0|     246|     424|    0|
    |gmem_A_m_axi_U                  |gmem_A_m_axi              |       30|     0|    1415|    1585|    0|
    |gmem_B_m_axi_U                  |gmem_B_m_axi              |       30|     0|    1415|    1585|    0|
    |gmem_C_m_axi_U                  |gmem_C_m_axi              |       30|     0|    1415|    1585|    0|
    |grp_kernel3_x0_fu_104           |kernel3_x0                |      266|  1040|  283136|  163410|    0|
    |grp_kernel3_x1_fu_118           |kernel3_x1                |      266|  1040|  280095|  160376|    0|
    |grp_kernel3_x2_fu_124           |kernel3_x2                |      266|  1040|  235822|  135888|    0|
    |mul_512ns_514ns_1025_5_1_U2544  |mul_512ns_514ns_1025_5_1  |        0|   841|     441|     249|    0|
    |mul_512s_512s_512_5_1_U2543     |mul_512s_512s_512_5_1     |        0|   490|     441|     249|    0|
    |grp_nondf_kernel_cov_x0_fu_132  |nondf_kernel_cov_x0       |        8|     0|    8111|    2756|    0|
    |grp_nondf_kernel_cov_x1_fu_138  |nondf_kernel_cov_x1       |        8|     0|    8111|    2756|    0|
    +--------------------------------+--------------------------+---------+------+--------+--------+-----+
    |Total                           |                          |      904|  4451|  820648|  470863|    0|
    +--------------------------------+--------------------------+---------+------+--------+--------+-----+

    * DSP: 
    N/A

    * Memory: 
    +----------------+--------------+---------+---+----+-----+------+-----+------+-------------+
    |     Memory     |    Module    | BRAM_18K| FF| LUT| URAM| Words| Bits| Banks| W*Bits*Banks|
    +----------------+--------------+---------+---+----+-----+------+-----+------+-------------+
    |temp_xin1_V_U   |temp_xin1_V   |        0|  0|   0|    0|  4096|  503|     1|      2060288|
    |temp_xin2_V_U   |temp_xin1_V   |        0|  0|   0|    0|  4096|  503|     1|      2060288|
    |temp_xout0_V_U  |temp_xout0_V  |        0|  0|   0|    0|  4096|  512|     1|      2097152|
    |temp_xout1_V_U  |temp_xout0_V  |        0|  0|   0|    0|  4096|  512|     1|      2097152|
    +----------------+--------------+---------+---+----+-----+------+-----+------+-------------+
    |Total           |              |        0|  0|   0|    0| 16384| 2030|     4|      8314880|
    +----------------+--------------+---------+---+----+-----+------+-----+------+-------------+

    * FIFO: 
    N/A

    * Expression: 
    +----------------------------------------+----------+----+---+----+------------+------------+
    |              Variable Name             | Operation| DSP| FF| LUT| Bitwidth P0| Bitwidth P1|
    +----------------------------------------+----------+----+---+----+------------+------------+
    |ap_block_state1                         |        or|   0|  0|   2|           1|           1|
    |ap_sync_grp_kernel3_x0_fu_104_ap_done   |        or|   0|  0|   2|           1|           1|
    |ap_sync_grp_kernel3_x0_fu_104_ap_ready  |        or|   0|  0|   2|           1|           1|
    |ap_sync_grp_kernel3_x1_fu_118_ap_done   |        or|   0|  0|   2|           1|           1|
    |ap_sync_grp_kernel3_x1_fu_118_ap_ready  |        or|   0|  0|   2|           1|           1|
    |ap_sync_grp_kernel3_x2_fu_124_ap_done   |        or|   0|  0|   2|           1|           1|
    |ap_sync_grp_kernel3_x2_fu_124_ap_ready  |        or|   0|  0|   2|           1|           1|
    +----------------------------------------+----------+----+---+----+------------+------------+
    |Total                                   |          |   0|  0|  14|           7|           7|
    +----------------------------------------+----------+----+---+----+------------+------------+

    * Multiplexer: 
    +-----------------------+----+-----------+-----+-----------+
    |          Name         | LUT| Input Size| Bits| Total Bits|
    +-----------------------+----+-----------+-----+-----------+
    |ap_NS_fsm              |  59|         11|    1|         11|
    |ap_done                |   9|          2|    1|          2|
    |gmem_A_ARVALID         |   9|          2|    1|          2|
    |gmem_A_RREADY          |   9|          2|    1|          2|
    |gmem_B_ARVALID         |   9|          2|    1|          2|
    |gmem_B_RREADY          |   9|          2|    1|          2|
    |gmem_C_AWVALID         |   9|          2|    1|          2|
    |gmem_C_BREADY          |   9|          2|    1|          2|
    |gmem_C_WVALID          |   9|          2|    1|          2|
    |grp_fu_159_ce          |  14|          3|    1|          3|
    |grp_fu_159_p0          |   9|          2|  512|       1024|
    |grp_fu_159_p1          |   9|          2|  512|       1024|
    |grp_fu_163_ce          |  14|          3|    1|          3|
    |grp_fu_163_p0          |   9|          2|  512|       1024|
    |grp_fu_163_p1          |   9|          2|  514|       1028|
    |temp_xin1_V_address0   |  14|          3|   12|         36|
    |temp_xin1_V_ce0        |  14|          3|    1|          3|
    |temp_xin1_V_ce1        |   9|          2|    1|          2|
    |temp_xin1_V_we0        |   9|          2|    1|          2|
    |temp_xin2_V_address0   |  14|          3|   12|         36|
    |temp_xin2_V_ce0        |  14|          3|    1|          3|
    |temp_xin2_V_ce1        |   9|          2|    1|          2|
    |temp_xin2_V_we0        |   9|          2|    1|          2|
    |temp_xout0_V_address0  |  14|          3|   12|         36|
    |temp_xout0_V_ce0       |  14|          3|    1|          3|
    |temp_xout0_V_we0       |   9|          2|    1|          2|
    |temp_xout1_V_address0  |  14|          3|   12|         36|
    |temp_xout1_V_ce0       |  14|          3|    1|          3|
    |temp_xout1_V_we0       |   9|          2|    1|          2|
    +-----------------------+----+-----------+-----+-----------+
    |Total                  | 361|         77| 2119|       4301|
    +-----------------------+----+-----------+-----+-----------+

    * Register: 
    +---------------------------------------------+----+----+-----+-----------+
    |                     Name                    | FF | LUT| Bits| Const Bits|
    +---------------------------------------------+----+----+-----+-----------+
    |A_read_reg_154                               |  64|   0|   64|          0|
    |B_read_reg_149                               |  64|   0|   64|          0|
    |C_read_reg_144                               |  64|   0|   64|          0|
    |ap_CS_fsm                                    |  10|   0|   10|          0|
    |ap_done_reg                                  |   1|   0|    1|          0|
    |ap_rst_n_inv                                 |   1|   0|    1|          0|
    |ap_rst_reg_1                                 |   1|   0|    1|          0|
    |ap_rst_reg_2                                 |   1|   0|    1|          0|
    |ap_sync_reg_grp_kernel3_x0_fu_104_ap_done    |   1|   0|    1|          0|
    |ap_sync_reg_grp_kernel3_x0_fu_104_ap_ready   |   1|   0|    1|          0|
    |ap_sync_reg_grp_kernel3_x1_fu_118_ap_done    |   1|   0|    1|          0|
    |ap_sync_reg_grp_kernel3_x1_fu_118_ap_ready   |   1|   0|    1|          0|
    |ap_sync_reg_grp_kernel3_x2_fu_124_ap_done    |   1|   0|    1|          0|
    |ap_sync_reg_grp_kernel3_x2_fu_124_ap_ready   |   1|   0|    1|          0|
    |grp_kernel3_x0_fu_104_ap_start_reg           |   1|   0|    1|          0|
    |grp_kernel3_x1_fu_118_ap_start_reg           |   1|   0|    1|          0|
    |grp_kernel3_x2_fu_124_ap_start_reg           |   1|   0|    1|          0|
    |grp_nondf_kernel_cov_x0_fu_132_ap_start_reg  |   1|   0|    1|          0|
    |grp_nondf_kernel_cov_x1_fu_138_ap_start_reg  |   1|   0|    1|          0|
    +---------------------------------------------+----+----+-----+-----------+
    |Total                                        | 217|   0|  217|          0|
    +---------------------------------------------+----+----+-----+-----------+



================================================================
== Interface
================================================================
* Summary: 
+-----------------------+-----+-----+---------------+--------------+--------------+
|       RTL Ports       | Dir | Bits|    Protocol   | Source Object|    C Type    |
+-----------------------+-----+-----+---------------+--------------+--------------+
|s_axi_control_AWVALID  |   in|    1|          s_axi|       control|        scalar|
|s_axi_control_AWREADY  |  out|    1|          s_axi|       control|        scalar|
|s_axi_control_AWADDR   |   in|    6|          s_axi|       control|        scalar|
|s_axi_control_WVALID   |   in|    1|          s_axi|       control|        scalar|
|s_axi_control_WREADY   |  out|    1|          s_axi|       control|        scalar|
|s_axi_control_WDATA    |   in|   32|          s_axi|       control|        scalar|
|s_axi_control_WSTRB    |   in|    4|          s_axi|       control|        scalar|
|s_axi_control_ARVALID  |   in|    1|          s_axi|       control|        scalar|
|s_axi_control_ARREADY  |  out|    1|          s_axi|       control|        scalar|
|s_axi_control_ARADDR   |   in|    6|          s_axi|       control|        scalar|
|s_axi_control_RVALID   |  out|    1|          s_axi|       control|        scalar|
|s_axi_control_RREADY   |   in|    1|          s_axi|       control|        scalar|
|s_axi_control_RDATA    |  out|   32|          s_axi|       control|        scalar|
|s_axi_control_RRESP    |  out|    2|          s_axi|       control|        scalar|
|s_axi_control_BVALID   |  out|    1|          s_axi|       control|        scalar|
|s_axi_control_BREADY   |   in|    1|          s_axi|       control|        scalar|
|s_axi_control_BRESP    |  out|    2|          s_axi|       control|        scalar|
|ap_clk                 |   in|    1|  ap_ctrl_chain|           top|  return value|
|ap_rst_n               |   in|    1|  ap_ctrl_chain|           top|  return value|
|interrupt              |  out|    1|  ap_ctrl_chain|           top|  return value|
|m_axi_gmem_A_AWVALID   |  out|    1|          m_axi|        gmem_A|       pointer|
|m_axi_gmem_A_AWREADY   |   in|    1|          m_axi|        gmem_A|       pointer|
|m_axi_gmem_A_AWADDR    |  out|   64|          m_axi|        gmem_A|       pointer|
|m_axi_gmem_A_AWID      |  out|    1|          m_axi|        gmem_A|       pointer|
|m_axi_gmem_A_AWLEN     |  out|    8|          m_axi|        gmem_A|       pointer|
|m_axi_gmem_A_AWSIZE    |  out|    3|          m_axi|        gmem_A|       pointer|
|m_axi_gmem_A_AWBURST   |  out|    2|          m_axi|        gmem_A|       pointer|
|m_axi_gmem_A_AWLOCK    |  out|    2|          m_axi|        gmem_A|       pointer|
|m_axi_gmem_A_AWCACHE   |  out|    4|          m_axi|        gmem_A|       pointer|
|m_axi_gmem_A_AWPROT    |  out|    3|          m_axi|        gmem_A|       pointer|
|m_axi_gmem_A_AWQOS     |  out|    4|          m_axi|        gmem_A|       pointer|
|m_axi_gmem_A_AWREGION  |  out|    4|          m_axi|        gmem_A|       pointer|
|m_axi_gmem_A_AWUSER    |  out|    1|          m_axi|        gmem_A|       pointer|
|m_axi_gmem_A_WVALID    |  out|    1|          m_axi|        gmem_A|       pointer|
|m_axi_gmem_A_WREADY    |   in|    1|          m_axi|        gmem_A|       pointer|
|m_axi_gmem_A_WDATA     |  out|  512|          m_axi|        gmem_A|       pointer|
|m_axi_gmem_A_WSTRB     |  out|   64|          m_axi|        gmem_A|       pointer|
|m_axi_gmem_A_WLAST     |  out|    1|          m_axi|        gmem_A|       pointer|
|m_axi_gmem_A_WID       |  out|    1|          m_axi|        gmem_A|       pointer|
|m_axi_gmem_A_WUSER     |  out|    1|          m_axi|        gmem_A|       pointer|
|m_axi_gmem_A_ARVALID   |  out|    1|          m_axi|        gmem_A|       pointer|
|m_axi_gmem_A_ARREADY   |   in|    1|          m_axi|        gmem_A|       pointer|
|m_axi_gmem_A_ARADDR    |  out|   64|          m_axi|        gmem_A|       pointer|
|m_axi_gmem_A_ARID      |  out|    1|          m_axi|        gmem_A|       pointer|
|m_axi_gmem_A_ARLEN     |  out|    8|          m_axi|        gmem_A|       pointer|
|m_axi_gmem_A_ARSIZE    |  out|    3|          m_axi|        gmem_A|       pointer|
|m_axi_gmem_A_ARBURST   |  out|    2|          m_axi|        gmem_A|       pointer|
|m_axi_gmem_A_ARLOCK    |  out|    2|          m_axi|        gmem_A|       pointer|
|m_axi_gmem_A_ARCACHE   |  out|    4|          m_axi|        gmem_A|       pointer|
|m_axi_gmem_A_ARPROT    |  out|    3|          m_axi|        gmem_A|       pointer|
|m_axi_gmem_A_ARQOS     |  out|    4|          m_axi|        gmem_A|       pointer|
|m_axi_gmem_A_ARREGION  |  out|    4|          m_axi|        gmem_A|       pointer|
|m_axi_gmem_A_ARUSER    |  out|    1|          m_axi|        gmem_A|       pointer|
|m_axi_gmem_A_RVALID    |   in|    1|          m_axi|        gmem_A|       pointer|
|m_axi_gmem_A_RREADY    |  out|    1|          m_axi|        gmem_A|       pointer|
|m_axi_gmem_A_RDATA     |   in|  512|          m_axi|        gmem_A|       pointer|
|m_axi_gmem_A_RLAST     |   in|    1|          m_axi|        gmem_A|       pointer|
|m_axi_gmem_A_RID       |   in|    1|          m_axi|        gmem_A|       pointer|
|m_axi_gmem_A_RUSER     |   in|    1|          m_axi|        gmem_A|       pointer|
|m_axi_gmem_A_RRESP     |   in|    2|          m_axi|        gmem_A|       pointer|
|m_axi_gmem_A_BVALID    |   in|    1|          m_axi|        gmem_A|       pointer|
|m_axi_gmem_A_BREADY    |  out|    1|          m_axi|        gmem_A|       pointer|
|m_axi_gmem_A_BRESP     |   in|    2|          m_axi|        gmem_A|       pointer|
|m_axi_gmem_A_BID       |   in|    1|          m_axi|        gmem_A|       pointer|
|m_axi_gmem_A_BUSER     |   in|    1|          m_axi|        gmem_A|       pointer|
|m_axi_gmem_B_AWVALID   |  out|    1|          m_axi|        gmem_B|       pointer|
|m_axi_gmem_B_AWREADY   |   in|    1|          m_axi|        gmem_B|       pointer|
|m_axi_gmem_B_AWADDR    |  out|   64|          m_axi|        gmem_B|       pointer|
|m_axi_gmem_B_AWID      |  out|    1|          m_axi|        gmem_B|       pointer|
|m_axi_gmem_B_AWLEN     |  out|    8|          m_axi|        gmem_B|       pointer|
|m_axi_gmem_B_AWSIZE    |  out|    3|          m_axi|        gmem_B|       pointer|
|m_axi_gmem_B_AWBURST   |  out|    2|          m_axi|        gmem_B|       pointer|
|m_axi_gmem_B_AWLOCK    |  out|    2|          m_axi|        gmem_B|       pointer|
|m_axi_gmem_B_AWCACHE   |  out|    4|          m_axi|        gmem_B|       pointer|
|m_axi_gmem_B_AWPROT    |  out|    3|          m_axi|        gmem_B|       pointer|
|m_axi_gmem_B_AWQOS     |  out|    4|          m_axi|        gmem_B|       pointer|
|m_axi_gmem_B_AWREGION  |  out|    4|          m_axi|        gmem_B|       pointer|
|m_axi_gmem_B_AWUSER    |  out|    1|          m_axi|        gmem_B|       pointer|
|m_axi_gmem_B_WVALID    |  out|    1|          m_axi|        gmem_B|       pointer|
|m_axi_gmem_B_WREADY    |   in|    1|          m_axi|        gmem_B|       pointer|
|m_axi_gmem_B_WDATA     |  out|  512|          m_axi|        gmem_B|       pointer|
|m_axi_gmem_B_WSTRB     |  out|   64|          m_axi|        gmem_B|       pointer|
|m_axi_gmem_B_WLAST     |  out|    1|          m_axi|        gmem_B|       pointer|
|m_axi_gmem_B_WID       |  out|    1|          m_axi|        gmem_B|       pointer|
|m_axi_gmem_B_WUSER     |  out|    1|          m_axi|        gmem_B|       pointer|
|m_axi_gmem_B_ARVALID   |  out|    1|          m_axi|        gmem_B|       pointer|
|m_axi_gmem_B_ARREADY   |   in|    1|          m_axi|        gmem_B|       pointer|
|m_axi_gmem_B_ARADDR    |  out|   64|          m_axi|        gmem_B|       pointer|
|m_axi_gmem_B_ARID      |  out|    1|          m_axi|        gmem_B|       pointer|
|m_axi_gmem_B_ARLEN     |  out|    8|          m_axi|        gmem_B|       pointer|
|m_axi_gmem_B_ARSIZE    |  out|    3|          m_axi|        gmem_B|       pointer|
|m_axi_gmem_B_ARBURST   |  out|    2|          m_axi|        gmem_B|       pointer|
|m_axi_gmem_B_ARLOCK    |  out|    2|          m_axi|        gmem_B|       pointer|
|m_axi_gmem_B_ARCACHE   |  out|    4|          m_axi|        gmem_B|       pointer|
|m_axi_gmem_B_ARPROT    |  out|    3|          m_axi|        gmem_B|       pointer|
|m_axi_gmem_B_ARQOS     |  out|    4|          m_axi|        gmem_B|       pointer|
|m_axi_gmem_B_ARREGION  |  out|    4|          m_axi|        gmem_B|       pointer|
|m_axi_gmem_B_ARUSER    |  out|    1|          m_axi|        gmem_B|       pointer|
|m_axi_gmem_B_RVALID    |   in|    1|          m_axi|        gmem_B|       pointer|
|m_axi_gmem_B_RREADY    |  out|    1|          m_axi|        gmem_B|       pointer|
|m_axi_gmem_B_RDATA     |   in|  512|          m_axi|        gmem_B|       pointer|
|m_axi_gmem_B_RLAST     |   in|    1|          m_axi|        gmem_B|       pointer|
|m_axi_gmem_B_RID       |   in|    1|          m_axi|        gmem_B|       pointer|
|m_axi_gmem_B_RUSER     |   in|    1|          m_axi|        gmem_B|       pointer|
|m_axi_gmem_B_RRESP     |   in|    2|          m_axi|        gmem_B|       pointer|
|m_axi_gmem_B_BVALID    |   in|    1|          m_axi|        gmem_B|       pointer|
|m_axi_gmem_B_BREADY    |  out|    1|          m_axi|        gmem_B|       pointer|
|m_axi_gmem_B_BRESP     |   in|    2|          m_axi|        gmem_B|       pointer|
|m_axi_gmem_B_BID       |   in|    1|          m_axi|        gmem_B|       pointer|
|m_axi_gmem_B_BUSER     |   in|    1|          m_axi|        gmem_B|       pointer|
|m_axi_gmem_C_AWVALID   |  out|    1|          m_axi|        gmem_C|       pointer|
|m_axi_gmem_C_AWREADY   |   in|    1|          m_axi|        gmem_C|       pointer|
|m_axi_gmem_C_AWADDR    |  out|   64|          m_axi|        gmem_C|       pointer|
|m_axi_gmem_C_AWID      |  out|    1|          m_axi|        gmem_C|       pointer|
|m_axi_gmem_C_AWLEN     |  out|    8|          m_axi|        gmem_C|       pointer|
|m_axi_gmem_C_AWSIZE    |  out|    3|          m_axi|        gmem_C|       pointer|
|m_axi_gmem_C_AWBURST   |  out|    2|          m_axi|        gmem_C|       pointer|
|m_axi_gmem_C_AWLOCK    |  out|    2|          m_axi|        gmem_C|       pointer|
|m_axi_gmem_C_AWCACHE   |  out|    4|          m_axi|        gmem_C|       pointer|
|m_axi_gmem_C_AWPROT    |  out|    3|          m_axi|        gmem_C|       pointer|
|m_axi_gmem_C_AWQOS     |  out|    4|          m_axi|        gmem_C|       pointer|
|m_axi_gmem_C_AWREGION  |  out|    4|          m_axi|        gmem_C|       pointer|
|m_axi_gmem_C_AWUSER    |  out|    1|          m_axi|        gmem_C|       pointer|
|m_axi_gmem_C_WVALID    |  out|    1|          m_axi|        gmem_C|       pointer|
|m_axi_gmem_C_WREADY    |   in|    1|          m_axi|        gmem_C|       pointer|
|m_axi_gmem_C_WDATA     |  out|  512|          m_axi|        gmem_C|       pointer|
|m_axi_gmem_C_WSTRB     |  out|   64|          m_axi|        gmem_C|       pointer|
|m_axi_gmem_C_WLAST     |  out|    1|          m_axi|        gmem_C|       pointer|
|m_axi_gmem_C_WID       |  out|    1|          m_axi|        gmem_C|       pointer|
|m_axi_gmem_C_WUSER     |  out|    1|          m_axi|        gmem_C|       pointer|
|m_axi_gmem_C_ARVALID   |  out|    1|          m_axi|        gmem_C|       pointer|
|m_axi_gmem_C_ARREADY   |   in|    1|          m_axi|        gmem_C|       pointer|
|m_axi_gmem_C_ARADDR    |  out|   64|          m_axi|        gmem_C|       pointer|
|m_axi_gmem_C_ARID      |  out|    1|          m_axi|        gmem_C|       pointer|
|m_axi_gmem_C_ARLEN     |  out|    8|          m_axi|        gmem_C|       pointer|
|m_axi_gmem_C_ARSIZE    |  out|    3|          m_axi|        gmem_C|       pointer|
|m_axi_gmem_C_ARBURST   |  out|    2|          m_axi|        gmem_C|       pointer|
|m_axi_gmem_C_ARLOCK    |  out|    2|          m_axi|        gmem_C|       pointer|
|m_axi_gmem_C_ARCACHE   |  out|    4|          m_axi|        gmem_C|       pointer|
|m_axi_gmem_C_ARPROT    |  out|    3|          m_axi|        gmem_C|       pointer|
|m_axi_gmem_C_ARQOS     |  out|    4|          m_axi|        gmem_C|       pointer|
|m_axi_gmem_C_ARREGION  |  out|    4|          m_axi|        gmem_C|       pointer|
|m_axi_gmem_C_ARUSER    |  out|    1|          m_axi|        gmem_C|       pointer|
|m_axi_gmem_C_RVALID    |   in|    1|          m_axi|        gmem_C|       pointer|
|m_axi_gmem_C_RREADY    |  out|    1|          m_axi|        gmem_C|       pointer|
|m_axi_gmem_C_RDATA     |   in|  512|          m_axi|        gmem_C|       pointer|
|m_axi_gmem_C_RLAST     |   in|    1|          m_axi|        gmem_C|       pointer|
|m_axi_gmem_C_RID       |   in|    1|          m_axi|        gmem_C|       pointer|
|m_axi_gmem_C_RUSER     |   in|    1|          m_axi|        gmem_C|       pointer|
|m_axi_gmem_C_RRESP     |   in|    2|          m_axi|        gmem_C|       pointer|
|m_axi_gmem_C_BVALID    |   in|    1|          m_axi|        gmem_C|       pointer|
|m_axi_gmem_C_BREADY    |  out|    1|          m_axi|        gmem_C|       pointer|
|m_axi_gmem_C_BRESP     |   in|    2|          m_axi|        gmem_C|       pointer|
|m_axi_gmem_C_BID       |   in|    1|          m_axi|        gmem_C|       pointer|
|m_axi_gmem_C_BUSER     |   in|    1|          m_axi|        gmem_C|       pointer|
+-----------------------+-----+-----+---------------+--------------+--------------+

============================================================
+ Verbose Summary: Synthesis Manager
============================================================
InlineROM: 1
ExposeGlobal: 0
============================================================
+ Verbose Summary: CDFG Model
============================================================
IsTopModel: 1
ResetActiveHigh: 1
IsCombinational: 2
IsDatapathOnly: 2
HasWiredReturn: 1
HasMFsm: 0
HasVarLatency: 1
IsPipeline: 0
IsRtlPipelined: 0
IsInstanceOverlapped: 0
IsDontTouch: 0
HasImplIP: 0
IsGatedGlobalClock: 0


============================================================
+ Verbose Summary: Schedule
============================================================
* Number of FSM states : 10
* Pipeline : 0
* Dataflow Pipeline: 0

* FSM state transitions: 
1 --> 2 
2 --> 3 
3 --> 4 
4 --> 5 
5 --> 6 
6 --> 7 
7 --> 8 
8 --> 9 
9 --> 10 
10 --> 

* FSM state operations: 

State 1 <SV = 0> <Delay = 1.64>
ST_1 : Operation 11 [1/1] (1.00ns)   --->   "%C_read = read i64 @_ssdm_op_Read.s_axilite.i64, i64 %C"   --->   Operation 11 'read' 'C_read' <Predicate = true> <Delay = 1.00> <CoreInst = "s_axilite">   --->   Core 122 's_axilite' <Latency = 0> <II = 1> <Delay = 1.00> <Adapter> <Opcode : 'read' 'write'>
ST_1 : Operation 12 [1/1] (1.00ns)   --->   "%B_read = read i64 @_ssdm_op_Read.s_axilite.i64, i64 %B"   --->   Operation 12 'read' 'B_read' <Predicate = true> <Delay = 1.00> <CoreInst = "s_axilite">   --->   Core 122 's_axilite' <Latency = 0> <II = 1> <Delay = 1.00> <Adapter> <Opcode : 'read' 'write'>
ST_1 : Operation 13 [1/1] (1.00ns)   --->   "%A_read = read i64 @_ssdm_op_Read.s_axilite.i64, i64 %A"   --->   Operation 13 'read' 'A_read' <Predicate = true> <Delay = 1.00> <CoreInst = "s_axilite">   --->   Core 122 's_axilite' <Latency = 0> <II = 1> <Delay = 1.00> <Adapter> <Opcode : 'read' 'write'>
ST_1 : Operation 14 [1/1] (1.64ns)   --->   "%temp_xout0_V = alloca i64 1" [./dut.cpp:19358]   --->   Operation 14 'alloca' 'temp_xout0_V' <Predicate = true> <Delay = 1.64>
ST_1 : Operation 15 [1/1] (1.64ns)   --->   "%temp_xin1_V = alloca i64 1" [./dut.cpp:19358]   --->   Operation 15 'alloca' 'temp_xin1_V' <Predicate = true> <Delay = 1.64>
ST_1 : Operation 16 [1/1] (1.64ns)   --->   "%temp_xout1_V = alloca i64 1" [./dut.cpp:19359]   --->   Operation 16 'alloca' 'temp_xout1_V' <Predicate = true> <Delay = 1.64>
ST_1 : Operation 17 [1/1] (1.64ns)   --->   "%temp_xin2_V = alloca i64 1" [./dut.cpp:19359]   --->   Operation 17 'alloca' 'temp_xin2_V' <Predicate = true> <Delay = 1.64>
ST_1 : Operation 18 [2/2] (0.00ns)   --->   "%call_ln19360 = call void @kernel3_x0, i512 %gmem_A, i512 %gmem_B, i64 %A_read, i64 %B_read, i512 %temp_xout0_V" [./dut.cpp:19360]   --->   Operation 18 'call' 'call_ln19360' <Predicate = true> <Delay = 0.00> <CoreType = "Generic">   --->   Core 0 '' <Latency = 0> <II = 1> <Delay = 1.00> <Generic> <Opcode : >

State 2 <SV = 1> <Delay = 0.00>
ST_2 : Operation 19 [1/2] (0.00ns)   --->   "%call_ln19360 = call void @kernel3_x0, i512 %gmem_A, i512 %gmem_B, i64 %A_read, i64 %B_read, i512 %temp_xout0_V" [./dut.cpp:19360]   --->   Operation 19 'call' 'call_ln19360' <Predicate = true> <Delay = 0.00> <CoreType = "Generic">   --->   Core 0 '' <Latency = 0> <II = 1> <Delay = 1.00> <Generic> <Opcode : >

State 3 <SV = 2> <Delay = 0.00>
ST_3 : Operation 20 [2/2] (0.00ns)   --->   "%call_ln19361 = call void @nondf_kernel_cov_x0, i512 %temp_xout0_V, i503 %temp_xin1_V" [./dut.cpp:19361]   --->   Operation 20 'call' 'call_ln19361' <Predicate = true> <Delay = 0.00> <CoreType = "Generic">   --->   Core 0 '' <Latency = 0> <II = 1> <Delay = 1.00> <Generic> <Opcode : >

State 4 <SV = 3> <Delay = 0.00>
ST_4 : Operation 21 [1/2] (0.00ns)   --->   "%call_ln19361 = call void @nondf_kernel_cov_x0, i512 %temp_xout0_V, i503 %temp_xin1_V" [./dut.cpp:19361]   --->   Operation 21 'call' 'call_ln19361' <Predicate = true> <Delay = 0.00> <CoreType = "Generic">   --->   Core 0 '' <Latency = 0> <II = 1> <Delay = 1.00> <Generic> <Opcode : >

State 5 <SV = 4> <Delay = 0.00>
ST_5 : Operation 22 [2/2] (0.00ns)   --->   "%call_ln19362 = call void @kernel3_x1, i503 %temp_xin1_V, i512 %temp_xout1_V" [./dut.cpp:19362]   --->   Operation 22 'call' 'call_ln19362' <Predicate = true> <Delay = 0.00> <CoreType = "Generic">   --->   Core 0 '' <Latency = 0> <II = 1> <Delay = 1.00> <Generic> <Opcode : >

State 6 <SV = 5> <Delay = 0.00>
ST_6 : Operation 23 [1/2] (0.00ns)   --->   "%call_ln19362 = call void @kernel3_x1, i503 %temp_xin1_V, i512 %temp_xout1_V" [./dut.cpp:19362]   --->   Operation 23 'call' 'call_ln19362' <Predicate = true> <Delay = 0.00> <CoreType = "Generic">   --->   Core 0 '' <Latency = 0> <II = 1> <Delay = 1.00> <Generic> <Opcode : >

State 7 <SV = 6> <Delay = 0.00>
ST_7 : Operation 24 [2/2] (0.00ns)   --->   "%call_ln19363 = call void @nondf_kernel_cov_x1, i512 %temp_xout1_V, i503 %temp_xin2_V" [./dut.cpp:19363]   --->   Operation 24 'call' 'call_ln19363' <Predicate = true> <Delay = 0.00> <CoreType = "Generic">   --->   Core 0 '' <Latency = 0> <II = 1> <Delay = 1.00> <Generic> <Opcode : >

State 8 <SV = 7> <Delay = 0.00>
ST_8 : Operation 25 [1/2] (0.00ns)   --->   "%call_ln19363 = call void @nondf_kernel_cov_x1, i512 %temp_xout1_V, i503 %temp_xin2_V" [./dut.cpp:19363]   --->   Operation 25 'call' 'call_ln19363' <Predicate = true> <Delay = 0.00> <CoreType = "Generic">   --->   Core 0 '' <Latency = 0> <II = 1> <Delay = 1.00> <Generic> <Opcode : >

State 9 <SV = 8> <Delay = 0.00>
ST_9 : Operation 26 [2/2] (0.00ns)   --->   "%call_ln19364 = call void @kernel3_x2, i512 %gmem_C, i503 %temp_xin2_V, i64 %C_read" [./dut.cpp:19364]   --->   Operation 26 'call' 'call_ln19364' <Predicate = true> <Delay = 0.00> <CoreType = "Generic">   --->   Core 0 '' <Latency = 0> <II = 1> <Delay = 1.00> <Generic> <Opcode : >

State 10 <SV = 9> <Delay = 0.00>
ST_10 : Operation 27 [1/1] (0.00ns)   --->   "%spectopmodule_ln0 = spectopmodule void @_ssdm_op_SpecTopModule, void @empty_9"   --->   Operation 27 'spectopmodule' 'spectopmodule_ln0' <Predicate = true> <Delay = 0.00>
ST_10 : Operation 28 [1/1] (0.00ns)   --->   "%specinterface_ln0 = specinterface void @_ssdm_op_SpecInterface, i32 0, void @empty_83, i32 0, i32 0, void @empty_401, i32 0, i32 0, void @empty_401, void @empty_401, void @empty_401, i32 0, i32 0, i32 0, i32 0, void @empty_401, void @empty_401"   --->   Operation 28 'specinterface' 'specinterface_ln0' <Predicate = true> <Delay = 0.00>
ST_10 : Operation 29 [1/1] (0.00ns)   --->   "%specinterface_ln0 = specinterface void @_ssdm_op_SpecInterface, i512 %gmem_A, void @empty_277, i32 0, i32 0, void @empty_401, i32 64, i32 4096, void @empty_311, void @empty_256, void @empty_401, i32 16, i32 16, i32 16, i32 16, void @empty_401, void @empty_401"   --->   Operation 29 'specinterface' 'specinterface_ln0' <Predicate = true> <Delay = 0.00>
ST_10 : Operation 30 [1/1] (0.00ns)   --->   "%specbitsmap_ln0 = specbitsmap void @_ssdm_op_SpecBitsMap, i512 %gmem_A"   --->   Operation 30 'specbitsmap' 'specbitsmap_ln0' <Predicate = true> <Delay = 0.00>
ST_10 : Operation 31 [1/1] (0.00ns)   --->   "%specinterface_ln0 = specinterface void @_ssdm_op_SpecInterface, i512 %gmem_B, void @empty_277, i32 0, i32 0, void @empty_401, i32 64, i32 4096, void @empty_138, void @empty_256, void @empty_401, i32 16, i32 16, i32 16, i32 16, void @empty_401, void @empty_401"   --->   Operation 31 'specinterface' 'specinterface_ln0' <Predicate = true> <Delay = 0.00>
ST_10 : Operation 32 [1/1] (0.00ns)   --->   "%specbitsmap_ln0 = specbitsmap void @_ssdm_op_SpecBitsMap, i512 %gmem_B"   --->   Operation 32 'specbitsmap' 'specbitsmap_ln0' <Predicate = true> <Delay = 0.00>
ST_10 : Operation 33 [1/1] (0.00ns)   --->   "%specinterface_ln0 = specinterface void @_ssdm_op_SpecInterface, i512 %gmem_C, void @empty_277, i32 0, i32 0, void @empty_401, i32 64, i32 4096, void @empty_352, void @empty_256, void @empty_401, i32 16, i32 16, i32 16, i32 16, void @empty_401, void @empty_401"   --->   Operation 33 'specinterface' 'specinterface_ln0' <Predicate = true> <Delay = 0.00>
ST_10 : Operation 34 [1/1] (0.00ns)   --->   "%specbitsmap_ln0 = specbitsmap void @_ssdm_op_SpecBitsMap, i512 %gmem_C"   --->   Operation 34 'specbitsmap' 'specbitsmap_ln0' <Predicate = true> <Delay = 0.00>
ST_10 : Operation 35 [1/1] (0.00ns)   --->   "%specinterface_ln0 = specinterface void @_ssdm_op_SpecInterface, i64 %A, void @empty_249, i32 0, i32 0, void @empty_401, i32 0, i32 0, void @empty_360, void @empty_291, void @empty_401, i32 0, i32 0, i32 0, i32 0, void @empty_401, void @empty_67"   --->   Operation 35 'specinterface' 'specinterface_ln0' <Predicate = true> <Delay = 0.00>
ST_10 : Operation 36 [1/1] (0.00ns)   --->   "%specinterface_ln0 = specinterface void @_ssdm_op_SpecInterface, i64 %A, void @empty_200, i32 0, i32 0, void @empty_401, i32 0, i32 0, void @empty_401, void @empty_401, void @empty_401, i32 0, i32 0, i32 0, i32 0, void @empty_401, void @empty_67"   --->   Operation 36 'specinterface' 'specinterface_ln0' <Predicate = true> <Delay = 0.00>
ST_10 : Operation 37 [1/1] (0.00ns)   --->   "%specinterface_ln0 = specinterface void @_ssdm_op_SpecInterface, i64 %B, void @empty_249, i32 0, i32 0, void @empty_401, i32 0, i32 0, void @empty_360, void @empty_146, void @empty_401, i32 0, i32 0, i32 0, i32 0, void @empty_401, void @empty_67"   --->   Operation 37 'specinterface' 'specinterface_ln0' <Predicate = true> <Delay = 0.00>
ST_10 : Operation 38 [1/1] (0.00ns)   --->   "%specinterface_ln0 = specinterface void @_ssdm_op_SpecInterface, i64 %B, void @empty_200, i32 0, i32 0, void @empty_401, i32 0, i32 0, void @empty_401, void @empty_401, void @empty_401, i32 0, i32 0, i32 0, i32 0, void @empty_401, void @empty_67"   --->   Operation 38 'specinterface' 'specinterface_ln0' <Predicate = true> <Delay = 0.00>
ST_10 : Operation 39 [1/1] (0.00ns)   --->   "%specinterface_ln0 = specinterface void @_ssdm_op_SpecInterface, i64 %C, void @empty_249, i32 0, i32 0, void @empty_401, i32 0, i32 0, void @empty_360, void @empty_419, void @empty_401, i32 0, i32 0, i32 0, i32 0, void @empty_401, void @empty_67"   --->   Operation 39 'specinterface' 'specinterface_ln0' <Predicate = true> <Delay = 0.00>
ST_10 : Operation 40 [1/1] (0.00ns)   --->   "%specinterface_ln0 = specinterface void @_ssdm_op_SpecInterface, i64 %C, void @empty_200, i32 0, i32 0, void @empty_401, i32 0, i32 0, void @empty_401, void @empty_401, void @empty_401, i32 0, i32 0, i32 0, i32 0, void @empty_401, void @empty_67"   --->   Operation 40 'specinterface' 'specinterface_ln0' <Predicate = true> <Delay = 0.00>
ST_10 : Operation 41 [1/1] (0.00ns)   --->   "%specinterface_ln0 = specinterface void @_ssdm_op_SpecInterface, i32 0, void @empty_249, i32 0, i32 0, void @empty_401, i32 0, i32 0, void @empty_360, void @empty_401, void @empty_401, i32 0, i32 0, i32 0, i32 0, void @empty_401, void @empty_401"   --->   Operation 41 'specinterface' 'specinterface_ln0' <Predicate = true> <Delay = 0.00>
ST_10 : Operation 42 [1/2] (0.00ns)   --->   "%call_ln19364 = call void @kernel3_x2, i512 %gmem_C, i503 %temp_xin2_V, i64 %C_read" [./dut.cpp:19364]   --->   Operation 42 'call' 'call_ln19364' <Predicate = true> <Delay = 0.00> <CoreType = "Generic">   --->   Core 0 '' <Latency = 0> <II = 1> <Delay = 1.00> <Generic> <Opcode : >
ST_10 : Operation 43 [1/1] (0.00ns)   --->   "%ret_ln19365 = ret" [./dut.cpp:19365]   --->   Operation 43 'ret' 'ret_ln19365' <Predicate = true> <Delay = 0.00>


============================================================
+ Verbose Summary: Binding
============================================================
STG Binding: 
---------------- STG Properties BEGIN ----------------
- Is combinational: 0
- Is one-state seq: 0
- Is datapath-only: 0
- Is pipelined: 0
- Is top level: 1
Port [ Return ] is wired: 1; IO mode=ap_ctrl_chain:ce=0
Port [ gmem_A]:  wired=1; compound=1; hidden=0; nouse=0; global=0; static=0; extern=0; dir=0; type=4; pingpong=0; private_global=0; IO mode=m_axi:ce=0
Port [ gmem_B]:  wired=1; compound=1; hidden=0; nouse=0; global=0; static=0; extern=0; dir=0; type=4; pingpong=0; private_global=0; IO mode=m_axi:ce=0
Port [ gmem_C]:  wired=1; compound=1; hidden=0; nouse=0; global=0; static=0; extern=0; dir=1; type=4; pingpong=0; private_global=0; IO mode=m_axi:ce=0
Port [ A]:  wired=1; compound=0; hidden=0; nouse=0; global=0; static=0; extern=0; dir=0; type=0; pingpong=0; private_global=0; IO mode=ap_none:ce=0
Port [ B]:  wired=1; compound=0; hidden=0; nouse=0; global=0; static=0; extern=0; dir=0; type=0; pingpong=0; private_global=0; IO mode=ap_none:ce=0
Port [ C]:  wired=1; compound=0; hidden=0; nouse=0; global=0; static=0; extern=0; dir=0; type=0; pingpong=0; private_global=0; IO mode=ap_none:ce=0
---------------- STG Properties END ------------------

---------------- Datapath Model BEGIN ----------------

<LifeTime>
<method=bitvector/>
C_read            (read         ) [ 00111111111]
B_read            (read         ) [ 00100000000]
A_read            (read         ) [ 00100000000]
temp_xout0_V      (alloca       ) [ 00111000000]
temp_xin1_V       (alloca       ) [ 00111110000]
temp_xout1_V      (alloca       ) [ 00111111100]
temp_xin2_V       (alloca       ) [ 00111111111]
call_ln19360      (call         ) [ 00000000000]
call_ln19361      (call         ) [ 00000000000]
call_ln19362      (call         ) [ 00000000000]
call_ln19363      (call         ) [ 00000000000]
spectopmodule_ln0 (spectopmodule) [ 00000000000]
specinterface_ln0 (specinterface) [ 00000000000]
specinterface_ln0 (specinterface) [ 00000000000]
specbitsmap_ln0   (specbitsmap  ) [ 00000000000]
specinterface_ln0 (specinterface) [ 00000000000]
specbitsmap_ln0   (specbitsmap  ) [ 00000000000]
specinterface_ln0 (specinterface) [ 00000000000]
specbitsmap_ln0   (specbitsmap  ) [ 00000000000]
specinterface_ln0 (specinterface) [ 00000000000]
specinterface_ln0 (specinterface) [ 00000000000]
specinterface_ln0 (specinterface) [ 00000000000]
specinterface_ln0 (specinterface) [ 00000000000]
specinterface_ln0 (specinterface) [ 00000000000]
specinterface_ln0 (specinterface) [ 00000000000]
specinterface_ln0 (specinterface) [ 00000000000]
call_ln19364      (call         ) [ 00000000000]
ret_ln19365       (ret          ) [ 00000000000]
</LifeTime>

<model>

<comp_list>
<comp id="0" class="1000" name="gmem_A">
<pin_list>
<pin id="1" dir="1" index="0" bw="1" slack="0"/>
</pin_list>
<bind>
<StgValue><ssdm name="gmem_A"/></StgValue>
</bind>
</comp>

<comp id="2" class="1000" name="gmem_B">
<pin_list>
<pin id="3" dir="1" index="0" bw="1" slack="0"/>
</pin_list>
<bind>
<StgValue><ssdm name="gmem_B"/></StgValue>
</bind>
</comp>

<comp id="4" class="1000" name="gmem_C">
<pin_list>
<pin id="5" dir="1" index="0" bw="1" slack="0"/>
</pin_list>
<bind>
<StgValue><ssdm name="gmem_C"/></StgValue>
</bind>
</comp>

<comp id="6" class="1000" name="A">
<pin_list>
<pin id="7" dir="1" index="0" bw="1" slack="0"/>
</pin_list>
<bind>
<StgValue><ssdm name="A"/></StgValue>
</bind>
</comp>

<comp id="8" class="1000" name="B">
<pin_list>
<pin id="9" dir="1" index="0" bw="1" slack="0"/>
</pin_list>
<bind>
<StgValue><ssdm name="B"/></StgValue>
</bind>
</comp>

<comp id="10" class="1000" name="C">
<pin_list>
<pin id="11" dir="1" index="0" bw="1" slack="0"/>
</pin_list>
<bind>
<StgValue><ssdm name="C"/></StgValue>
</bind>
</comp>

<comp id="12" class="1001" name="const_12">
<pin_list>
<pin id="13" dir="1" index="0" bw="1" slack="0"/>
</pin_list>
<bind>
<StgValue><ssdm name="_ssdm_op_Read.s_axilite.i64"/></StgValue>
</bind>
</comp>

<comp id="14" class="1001" name="const_14">
<pin_list>
<pin id="15" dir="1" index="0" bw="1" slack="0"/>
</pin_list>
<bind>
<StgValue><ssdm name=""/></StgValue>
</bind>
</comp>

<comp id="16" class="1001" name="const_16">
<pin_list>
<pin id="17" dir="1" index="0" bw="1" slack="0"/>
</pin_list>
<bind>
<StgValue><ssdm name="kernel3_x0"/></StgValue>
</bind>
</comp>

<comp id="18" class="1001" name="const_18">
<pin_list>
<pin id="19" dir="1" index="0" bw="1" slack="0"/>
</pin_list>
<bind>
<StgValue><ssdm name="nondf_kernel_cov_x0"/></StgValue>
</bind>
</comp>

<comp id="20" class="1001" name="const_20">
<pin_list>
<pin id="21" dir="1" index="0" bw="1" slack="0"/>
</pin_list>
<bind>
<StgValue><ssdm name="kernel3_x1"/></StgValue>
</bind>
</comp>

<comp id="22" class="1001" name="const_22">
<pin_list>
<pin id="23" dir="1" index="0" bw="1" slack="0"/>
</pin_list>
<bind>
<StgValue><ssdm name="nondf_kernel_cov_x1"/></StgValue>
</bind>
</comp>

<comp id="24" class="1001" name="const_24">
<pin_list>
<pin id="25" dir="1" index="0" bw="1" slack="0"/>
</pin_list>
<bind>
<StgValue><ssdm name="kernel3_x2"/></StgValue>
</bind>
</comp>

<comp id="26" class="1001" name="const_26">
<pin_list>
<pin id="27" dir="1" index="0" bw="1" slack="2147483647"/>
</pin_list>
<bind>
<StgValue><ssdm name="_ssdm_op_SpecTopModule"/></StgValue>
</bind>
</comp>

<comp id="28" class="1001" name="const_28">
<pin_list>
<pin id="29" dir="1" index="0" bw="1" slack="2147483647"/>
</pin_list>
<bind>
<StgValue><ssdm name="empty_9"/></StgValue>
</bind>
</comp>

<comp id="30" class="1001" name="const_30">
<pin_list>
<pin id="31" dir="1" index="0" bw="1" slack="2147483647"/>
</pin_list>
<bind>
<StgValue><ssdm name="_ssdm_op_SpecInterface"/></StgValue>
</bind>
</comp>

<comp id="32" class="1001" name="const_32">
<pin_list>
<pin id="33" dir="1" index="0" bw="1" slack="2147483647"/>
</pin_list>
<bind>
<StgValue><ssdm name=""/></StgValue>
</bind>
</comp>

<comp id="34" class="1001" name="const_34">
<pin_list>
<pin id="35" dir="1" index="0" bw="1" slack="2147483647"/>
</pin_list>
<bind>
<StgValue><ssdm name="empty_83"/></StgValue>
</bind>
</comp>

<comp id="36" class="1001" name="const_36">
<pin_list>
<pin id="37" dir="1" index="0" bw="1" slack="2147483647"/>
</pin_list>
<bind>
<StgValue><ssdm name="empty_401"/></StgValue>
</bind>
</comp>

<comp id="38" class="1001" name="const_38">
<pin_list>
<pin id="39" dir="1" index="0" bw="1" slack="2147483647"/>
</pin_list>
<bind>
<StgValue><ssdm name="empty_277"/></StgValue>
</bind>
</comp>

<comp id="40" class="1001" name="const_40">
<pin_list>
<pin id="41" dir="1" index="0" bw="1" slack="2147483647"/>
</pin_list>
<bind>
<StgValue><ssdm name=""/></StgValue>
</bind>
</comp>

<comp id="42" class="1001" name="const_42">
<pin_list>
<pin id="43" dir="1" index="0" bw="1" slack="2147483647"/>
</pin_list>
<bind>
<StgValue><ssdm name=""/></StgValue>
</bind>
</comp>

<comp id="44" class="1001" name="const_44">
<pin_list>
<pin id="45" dir="1" index="0" bw="1" slack="2147483647"/>
</pin_list>
<bind>
<StgValue><ssdm name="empty_311"/></StgValue>
</bind>
</comp>

<comp id="46" class="1001" name="const_46">
<pin_list>
<pin id="47" dir="1" index="0" bw="1" slack="2147483647"/>
</pin_list>
<bind>
<StgValue><ssdm name="empty_256"/></StgValue>
</bind>
</comp>

<comp id="48" class="1001" name="const_48">
<pin_list>
<pin id="49" dir="1" index="0" bw="1" slack="2147483647"/>
</pin_list>
<bind>
<StgValue><ssdm name=""/></StgValue>
</bind>
</comp>

<comp id="50" class="1001" name="const_50">
<pin_list>
<pin id="51" dir="1" index="0" bw="1" slack="2147483647"/>
</pin_list>
<bind>
<StgValue><ssdm name="_ssdm_op_SpecBitsMap"/></StgValue>
</bind>
</comp>

<comp id="52" class="1001" name="const_52">
<pin_list>
<pin id="53" dir="1" index="0" bw="1" slack="2147483647"/>
</pin_list>
<bind>
<StgValue><ssdm name="empty_138"/></StgValue>
</bind>
</comp>

<comp id="54" class="1001" name="const_54">
<pin_list>
<pin id="55" dir="1" index="0" bw="1" slack="2147483647"/>
</pin_list>
<bind>
<StgValue><ssdm name="empty_352"/></StgValue>
</bind>
</comp>

<comp id="56" class="1001" name="const_56">
<pin_list>
<pin id="57" dir="1" index="0" bw="1" slack="2147483647"/>
</pin_list>
<bind>
<StgValue><ssdm name="empty_249"/></StgValue>
</bind>
</comp>

<comp id="58" class="1001" name="const_58">
<pin_list>
<pin id="59" dir="1" index="0" bw="1" slack="2147483647"/>
</pin_list>
<bind>
<StgValue><ssdm name="empty_360"/></StgValue>
</bind>
</comp>

<comp id="60" class="1001" name="const_60">
<pin_list>
<pin id="61" dir="1" index="0" bw="1" slack="2147483647"/>
</pin_list>
<bind>
<StgValue><ssdm name="empty_291"/></StgValue>
</bind>
</comp>

<comp id="62" class="1001" name="const_62">
<pin_list>
<pin id="63" dir="1" index="0" bw="1" slack="2147483647"/>
</pin_list>
<bind>
<StgValue><ssdm name="empty_67"/></StgValue>
</bind>
</comp>

<comp id="64" class="1001" name="const_64">
<pin_list>
<pin id="65" dir="1" index="0" bw="1" slack="2147483647"/>
</pin_list>
<bind>
<StgValue><ssdm name="empty_200"/></StgValue>
</bind>
</comp>

<comp id="66" class="1001" name="const_66">
<pin_list>
<pin id="67" dir="1" index="0" bw="1" slack="2147483647"/>
</pin_list>
<bind>
<StgValue><ssdm name="empty_146"/></StgValue>
</bind>
</comp>

<comp id="68" class="1001" name="const_68">
<pin_list>
<pin id="69" dir="1" index="0" bw="1" slack="2147483647"/>
</pin_list>
<bind>
<StgValue><ssdm name="empty_419"/></StgValue>
</bind>
</comp>

<comp id="70" class="1004" name="temp_xout0_V_alloca_fu_70">
<pin_list>
<pin id="71" dir="0" index="0" bw="1" slack="0"/>
<pin id="72" dir="1" index="1" bw="512" slack="0"/>
</pin_list>
<bind>
<opcode="alloca(26) " fcode="alloca"/>
<opset="temp_xout0_V/1 "/>
</bind>
</comp>

<comp id="74" class="1004" name="temp_xin1_V_alloca_fu_74">
<pin_list>
<pin id="75" dir="0" index="0" bw="1" slack="0"/>
<pin id="76" dir="1" index="1" bw="503" slack="2147483647"/>
</pin_list>
<bind>
<opcode="alloca(26) " fcode="alloca"/>
<opset="temp_xin1_V/1 "/>
</bind>
</comp>

<comp id="78" class="1004" name="temp_xout1_V_alloca_fu_78">
<pin_list>
<pin id="79" dir="0" index="0" bw="1" slack="0"/>
<pin id="80" dir="1" index="1" bw="512" slack="2147483647"/>
</pin_list>
<bind>
<opcode="alloca(26) " fcode="alloca"/>
<opset="temp_xout1_V/1 "/>
</bind>
</comp>

<comp id="82" class="1004" name="temp_xin2_V_alloca_fu_82">
<pin_list>
<pin id="83" dir="0" index="0" bw="1" slack="0"/>
<pin id="84" dir="1" index="1" bw="503" slack="2147483647"/>
</pin_list>
<bind>
<opcode="alloca(26) " fcode="alloca"/>
<opset="temp_xin2_V/1 "/>
</bind>
</comp>

<comp id="86" class="1004" name="C_read_read_fu_86">
<pin_list>
<pin id="87" dir="0" index="0" bw="64" slack="0"/>
<pin id="88" dir="0" index="1" bw="64" slack="0"/>
<pin id="89" dir="1" index="2" bw="64" slack="8"/>
</pin_list>
<bind>
<opcode="read(1150) " fcode="read"/>
<opset="C_read/1 "/>
</bind>
</comp>

<comp id="92" class="1004" name="B_read_read_fu_92">
<pin_list>
<pin id="93" dir="0" index="0" bw="64" slack="0"/>
<pin id="94" dir="0" index="1" bw="64" slack="0"/>
<pin id="95" dir="1" index="2" bw="64" slack="0"/>
</pin_list>
<bind>
<opcode="read(1150) " fcode="read"/>
<opset="B_read/1 "/>
</bind>
</comp>

<comp id="98" class="1004" name="A_read_read_fu_98">
<pin_list>
<pin id="99" dir="0" index="0" bw="64" slack="0"/>
<pin id="100" dir="0" index="1" bw="64" slack="0"/>
<pin id="101" dir="1" index="2" bw="64" slack="0"/>
</pin_list>
<bind>
<opcode="read(1150) " fcode="read"/>
<opset="A_read/1 "/>
</bind>
</comp>

<comp id="104" class="1004" name="grp_kernel3_x0_fu_104">
<pin_list>
<pin id="105" dir="0" index="0" bw="0" slack="0"/>
<pin id="106" dir="0" index="1" bw="512" slack="0"/>
<pin id="107" dir="0" index="2" bw="512" slack="0"/>
<pin id="108" dir="0" index="3" bw="64" slack="0"/>
<pin id="109" dir="0" index="4" bw="64" slack="0"/>
<pin id="110" dir="0" index="5" bw="512" slack="0"/>
<pin id="111" dir="1" index="6" bw="0" slack="2147483647"/>
</pin_list>
<bind>
<opcode="call(48) " fcode="call"/>
<opset="call_ln19360/1 "/>
</bind>
</comp>

<comp id="118" class="1004" name="grp_kernel3_x1_fu_118">
<pin_list>
<pin id="119" dir="0" index="0" bw="0" slack="0"/>
<pin id="120" dir="0" index="1" bw="503" slack="2147483647"/>
<pin id="121" dir="0" index="2" bw="512" slack="2147483647"/>
<pin id="122" dir="1" index="3" bw="0" slack="2147483647"/>
</pin_list>
<bind>
<opcode="call(48) " fcode="call"/>
<opset="call_ln19362/5 "/>
</bind>
</comp>

<comp id="124" class="1004" name="grp_kernel3_x2_fu_124">
<pin_list>
<pin id="125" dir="0" index="0" bw="0" slack="0"/>
<pin id="126" dir="0" index="1" bw="512" slack="0"/>
<pin id="127" dir="0" index="2" bw="503" slack="2147483647"/>
<pin id="128" dir="0" index="3" bw="64" slack="8"/>
<pin id="129" dir="1" index="4" bw="0" slack="2147483647"/>
</pin_list>
<bind>
<opcode="call(48) " fcode="call"/>
<opset="call_ln19364/9 "/>
</bind>
</comp>

<comp id="132" class="1004" name="grp_nondf_kernel_cov_x0_fu_132">
<pin_list>
<pin id="133" dir="0" index="0" bw="0" slack="0"/>
<pin id="134" dir="0" index="1" bw="512" slack="2147483647"/>
<pin id="135" dir="0" index="2" bw="503" slack="2147483647"/>
<pin id="136" dir="1" index="3" bw="0" slack="2147483647"/>
</pin_list>
<bind>
<opcode="call(48) " fcode="call"/>
<opset="call_ln19361/3 "/>
</bind>
</comp>

<comp id="138" class="1004" name="grp_nondf_kernel_cov_x1_fu_138">
<pin_list>
<pin id="139" dir="0" index="0" bw="0" slack="0"/>
<pin id="140" dir="0" index="1" bw="512" slack="2147483647"/>
<pin id="141" dir="0" index="2" bw="503" slack="2147483647"/>
<pin id="142" dir="1" index="3" bw="0" slack="2147483647"/>
</pin_list>
<bind>
<opcode="call(48) " fcode="call"/>
<opset="call_ln19363/7 "/>
</bind>
</comp>

<comp id="144" class="1005" name="C_read_reg_144">
<pin_list>
<pin id="145" dir="0" index="0" bw="64" slack="8"/>
<pin id="146" dir="1" index="1" bw="64" slack="8"/>
</pin_list>
<bind>
<opset="C_read "/>
</bind>
</comp>

<comp id="149" class="1005" name="B_read_reg_149">
<pin_list>
<pin id="150" dir="0" index="0" bw="64" slack="1"/>
<pin id="151" dir="1" index="1" bw="64" slack="1"/>
</pin_list>
<bind>
<opset="B_read "/>
</bind>
</comp>

<comp id="154" class="1005" name="A_read_reg_154">
<pin_list>
<pin id="155" dir="0" index="0" bw="64" slack="1"/>
<pin id="156" dir="1" index="1" bw="64" slack="1"/>
</pin_list>
<bind>
<opset="A_read "/>
</bind>
</comp>

<comp id="159" class="1004" name="grp_fu_159">
<pin_list>
<pin id="160" dir="0" index="0" bw="512" slack="2147483647"/>
<pin id="161" dir="0" index="1" bw="512" slack="2147483647"/>
<pin id="162" dir="1" index="2" bw="512" slack="2147483647"/>
</pin_list>
<bind>
<opcode="mul(12) " fcode="mul"/>
<opset="mul_ln691/23 mul_ln691/23 "/>
</bind>
</comp>

<comp id="163" class="1004" name="grp_fu_163">
<pin_list>
<pin id="164" dir="0" index="0" bw="512" slack="2147483647"/>
<pin id="165" dir="0" index="1" bw="514" slack="2147483647"/>
<pin id="166" dir="1" index="2" bw="1025" slack="2147483647"/>
</pin_list>
<bind>
<opcode="mul(12) " fcode="mul"/>
<opset="mul_ln693/30 mul_ln693/30 "/>
</bind>
</comp>

</comp_list>

<net_list>
<net id="73"><net_src comp="14" pin="0"/><net_sink comp="70" pin=0"/></net>

<net id="77"><net_src comp="14" pin="0"/><net_sink comp="74" pin=0"/></net>

<net id="81"><net_src comp="14" pin="0"/><net_sink comp="78" pin=0"/></net>

<net id="85"><net_src comp="14" pin="0"/><net_sink comp="82" pin=0"/></net>

<net id="90"><net_src comp="12" pin="0"/><net_sink comp="86" pin=0"/></net>

<net id="91"><net_src comp="10" pin="0"/><net_sink comp="86" pin=1"/></net>

<net id="96"><net_src comp="12" pin="0"/><net_sink comp="92" pin=0"/></net>

<net id="97"><net_src comp="8" pin="0"/><net_sink comp="92" pin=1"/></net>

<net id="102"><net_src comp="12" pin="0"/><net_sink comp="98" pin=0"/></net>

<net id="103"><net_src comp="6" pin="0"/><net_sink comp="98" pin=1"/></net>

<net id="112"><net_src comp="16" pin="0"/><net_sink comp="104" pin=0"/></net>

<net id="113"><net_src comp="0" pin="0"/><net_sink comp="104" pin=1"/></net>

<net id="114"><net_src comp="2" pin="0"/><net_sink comp="104" pin=2"/></net>

<net id="115"><net_src comp="98" pin="2"/><net_sink comp="104" pin=3"/></net>

<net id="116"><net_src comp="92" pin="2"/><net_sink comp="104" pin=4"/></net>

<net id="117"><net_src comp="70" pin="1"/><net_sink comp="104" pin=5"/></net>

<net id="123"><net_src comp="20" pin="0"/><net_sink comp="118" pin=0"/></net>

<net id="130"><net_src comp="24" pin="0"/><net_sink comp="124" pin=0"/></net>

<net id="131"><net_src comp="4" pin="0"/><net_sink comp="124" pin=1"/></net>

<net id="137"><net_src comp="18" pin="0"/><net_sink comp="132" pin=0"/></net>

<net id="143"><net_src comp="22" pin="0"/><net_sink comp="138" pin=0"/></net>

<net id="147"><net_src comp="86" pin="2"/><net_sink comp="144" pin=0"/></net>

<net id="148"><net_src comp="144" pin="1"/><net_sink comp="124" pin=3"/></net>

<net id="152"><net_src comp="92" pin="2"/><net_sink comp="149" pin=0"/></net>

<net id="153"><net_src comp="149" pin="1"/><net_sink comp="104" pin=4"/></net>

<net id="157"><net_src comp="98" pin="2"/><net_sink comp="154" pin=0"/></net>

<net id="158"><net_src comp="154" pin="1"/><net_sink comp="104" pin=3"/></net>

</net_list>

</model> 
---------------- Datapath Model END ------------------

* FSMD analyzer results:
  - Output states:
	Port: gmem_C | {9 10 }
 - Input state : 
	Port: top : gmem_A | {1 2 }
	Port: top : gmem_B | {1 2 }
	Port: top : A | {1 }
	Port: top : B | {1 }
	Port: top : C | {1 }
  - Chain level:
	State 1
		call_ln19360 : 1
	State 2
	State 3
	State 4
	State 5
	State 6
	State 7
	State 8
	State 9
	State 10


============================================================
+ Verbose Summary: Datapath Resource usage 
============================================================

* Functional unit list:
|----------|--------------------------------|---------|---------|---------|---------|---------|
| Operation|         Functional Unit        |   BRAM  |   DSP   |  Delay  |    FF   |   LUT   |
|----------|--------------------------------|---------|---------|---------|---------|---------|
|          |      grp_kernel3_x0_fu_104     |   266   |   1040  | 314.738 |  359786 |  95907  |
|          |      grp_kernel3_x1_fu_118     |   266   |   1040  | 303.724 |  358062 |  91983  |
|   call   |      grp_kernel3_x2_fu_124     |   266   |   1040  | 267.351 |  210092 |  86951  |
|          | grp_nondf_kernel_cov_x0_fu_132 |    8    |   1331  | 5.32671 |  11361  |   2520  |
|          | grp_nondf_kernel_cov_x1_fu_138 |    8    |   1331  | 5.32671 |  11361  |   2520  |
|----------|--------------------------------|---------|---------|---------|---------|---------|
|    mul   |           grp_fu_159           |    0    |   490   |    0    |   441   |   249   |
|          |           grp_fu_163           |    0    |   841   |    0    |   441   |   249   |
|----------|--------------------------------|---------|---------|---------|---------|---------|
|          |        C_read_read_fu_86       |    0    |    0    |    0    |    0    |    0    |
|   read   |        B_read_read_fu_92       |    0    |    0    |    0    |    0    |    0    |
|          |        A_read_read_fu_98       |    0    |    0    |    0    |    0    |    0    |
|----------|--------------------------------|---------|---------|---------|---------|---------|
|   Total  |                                |   814   |   7113  | 896.466 |  951544 |  280379 |
|----------|--------------------------------|---------|---------|---------|---------|---------|

Memories:
+------------+--------+--------+--------+
|            |  BRAM  |   FF   |   LUT  |
+------------+--------+--------+--------+
| temp_xin1_V|    0   |    0   |    0   |
| temp_xin2_V|    0   |    0   |    0   |
|temp_xout0_V|    0   |    0   |    0   |
|temp_xout1_V|    0   |    0   |    0   |
+------------+--------+--------+--------+
|    Total   |    0   |    0   |    0   |
+------------+--------+--------+--------+

* Register list:
+--------------+--------+
|              |   FF   |
+--------------+--------+
|A_read_reg_154|   64   |
|B_read_reg_149|   64   |
|C_read_reg_144|   64   |
+--------------+--------+
|     Total    |   192  |
+--------------+--------+

* Multiplexer (MUX) list: 
|-----------------------|------|------|------|--------||---------||---------|
|          Comp         |  Pin | Size |  BW  | S x BW ||  Delay  ||   LUT   |
|-----------------------|------|------|------|--------||---------||---------|
| grp_kernel3_x0_fu_104 |  p3  |   2  |  64  |   128  ||    9    |
| grp_kernel3_x0_fu_104 |  p4  |   2  |  64  |   128  ||    9    |
|-----------------------|------|------|------|--------||---------||---------|
|         Total         |      |      |      |   256  ||  0.774  ||    18   |
|-----------------------|------|------|------|--------||---------||---------|



* Summary:
+-----------+--------+--------+--------+--------+--------+
|           |  BRAM  |   DSP  |  Delay |   FF   |   LUT  |
+-----------+--------+--------+--------+--------+--------+
|  Function |   814  |  7113  |   896  | 951544 | 280379 |
|   Memory  |    0   |    -   |    -   |    0   |    0   |
|Multiplexer|    -   |    -   |    0   |    -   |   18   |
|  Register |    -   |    -   |    -   |   192  |    -   |
+-----------+--------+--------+--------+--------+--------+
|   Total   |   814  |  7113  |   897  | 951736 | 280397 |
+-----------+--------+--------+--------+--------+--------+
