

================================================================
== Vitis HLS Report for 'B_IO_L2_in_boundary_x0'
================================================================
* Date:           Fri Jul 15 00:32:15 2022

* Version:        2020.2 (Build 3064766 on Wed Nov 18 09:12:47 MST 2020)
* Project:        top
* Solution:       solution (Vitis Kernel Flow Target)
* Product family: virtexuplus
* Target device:  xcu250-figd2104-2L-e


================================================================
== Performance Estimates
================================================================
+ Timing: 
    * Summary: 
    +--------+---------+----------+------------+
    |  Clock |  Target | Estimated| Uncertainty|
    +--------+---------+----------+------------+
    |ap_clk  |  3.33 ns|  1.963 ns|     0.90 ns|
    +--------+---------+----------+------------+

+ Latency: 
    * Summary: 
    +---------+-----------+----------+-----------+--------+-----------+---------+
    |   Latency (cycles)  |  Latency (absolute)  |      Interval      | Pipeline|
    |   min   |    max    |    min   |    max    |   min  |    max    |   Type  |
    +---------+-----------+----------+-----------+--------+-----------+---------+
    |   100544|  280488128|  0.335 ms|  0.935 sec|  100544|  280488128|     none|
    +---------+-----------+----------+-----------+--------+-----------+---------+

    + Detail: 
        * Instance: 
        N/A

        * Loop: 
        +-----------------------------------------------+---------+-----------+-----------------+-----------+-----------+------+----------+
        |                                               |   Latency (cycles)  |    Iteration    |  Initiation Interval  | Trip |          |
        |                   Loop Name                   |   min   |    max    |     Latency     |  achieved |   target  | Count| Pipelined|
        +-----------------------------------------------+---------+-----------+-----------------+-----------+-----------+------+----------+
        |- B_IO_L2_in_boundary_x0_loop_1                |     9272|  280396856|  2318 ~ 70099214|          -|          -|     4|        no|
        | + B_IO_L2_in_boundary_x0_loop_2               |     2316|   70099212|   386 ~ 11683202|          -|          -|     6|        no|
        |  ++ B_IO_L2_in_boundary_x0_loop_3             |      384|   11683200|        3 ~ 91275|          -|          -|   128|        no|
        |   +++ B_IO_L2_in_boundary_x0_loop_5           |        2|          2|                1|          -|          -|     2|        no|
        |   +++ B_IO_L2_in_boundary_x0_loop_6           |    91270|      91270|            45635|          -|          -|     2|        no|
        |    ++++ B_IO_L2_in_boundary_x0_loop_7         |    45632|      45632|             1426|          -|          -|    32|        no|
        |     +++++ B_IO_L2_in_boundary_x0_loop_8       |     1424|       1424|              178|          -|          -|     8|        no|
        |      ++++++ B_IO_L2_in_boundary_x0_loop_9     |      176|        176|               11|          -|          -|    16|        no|
        |       +++++++ B_IO_L2_in_boundary_x0_loop_10  |        8|          8|                1|          -|          -|     8|        no|
        |   +++ B_IO_L2_in_boundary_x0_loop_12          |        2|          2|                1|          -|          -|     2|        no|
        |   +++ B_IO_L2_in_boundary_x0_loop_13          |    91270|      91270|            45635|          -|          -|     2|        no|
        |    ++++ B_IO_L2_in_boundary_x0_loop_14        |    45632|      45632|             1426|          -|          -|    32|        no|
        |     +++++ B_IO_L2_in_boundary_x0_loop_15      |     1424|       1424|              178|          -|          -|     8|        no|
        |      ++++++ B_IO_L2_in_boundary_x0_loop_16    |      176|        176|               11|          -|          -|    16|        no|
        |       +++++++ B_IO_L2_in_boundary_x0_loop_17  |        8|          8|                1|          -|          -|     8|        no|
        |- B_IO_L2_in_boundary_x0_loop_18               |    91270|      91270|            45635|          -|          -|     2|        no|
        | + B_IO_L2_in_boundary_x0_loop_19              |    45632|      45632|             1426|          -|          -|    32|        no|
        |  ++ B_IO_L2_in_boundary_x0_loop_20            |     1424|       1424|              178|          -|          -|     8|        no|
        |   +++ B_IO_L2_in_boundary_x0_loop_21          |      176|        176|               11|          -|          -|    16|        no|
        |    ++++ B_IO_L2_in_boundary_x0_loop_22        |        8|          8|                1|          -|          -|     8|        no|
        +-----------------------------------------------+---------+-----------+-----------------+-----------+-----------+------+----------+



================================================================
== Utilization Estimates
================================================================
* Summary: 
+---------------------+---------+-------+---------+---------+------+
|         Name        | BRAM_18K|  DSP  |    FF   |   LUT   | URAM |
+---------------------+---------+-------+---------+---------+------+
|DSP                  |        -|      -|        -|        -|     -|
|Expression           |        -|      -|        0|      452|     -|
|FIFO                 |        -|      -|        -|        -|     -|
|Instance             |        -|      -|        -|        -|     -|
|Memory               |        0|      -|      608|      613|     -|
|Multiplexer          |        -|      -|        -|      491|     -|
|Register             |        -|      -|     1467|        -|     -|
+---------------------+---------+-------+---------+---------+------+
|Total                |        0|      0|     2075|     1556|     0|
+---------------------+---------+-------+---------+---------+------+
|Available SLR        |     1344|   3072|   864000|   432000|   320|
+---------------------+---------+-------+---------+---------+------+
|Utilization SLR (%)  |        0|      0|       ~0|       ~0|     0|
+---------------------+---------+-------+---------+---------+------+
|Available            |     5376|  12288|  3456000|  1728000|  1280|
+---------------------+---------+-------+---------+---------+------+
|Utilization (%)      |        0|      0|       ~0|       ~0|     0|
+---------------------+---------+-------+---------+---------+------+

+ Detail: 
    * Instance: 
    N/A

    * DSP: 
    N/A

    * Memory: 
    +--------------------+---------------------------------+---------+-----+-----+-----+------+-----+------+-------------+
    |       Memory       |              Module             | BRAM_18K|  FF | LUT | URAM| Words| Bits| Banks| W*Bits*Banks|
    +--------------------+---------------------------------+---------+-----+-----+-----+------+-----+------+-------------+
    |local_B_ping_V_0_U  |A_IO_L2_in_0_x0_data_split_V_80  |        0|  256|  257|    0|     2|  256|     1|          512|
    |local_B_pong_V_0_U  |A_IO_L2_in_0_x0_data_split_V_80  |        0|  256|  257|    0|     2|  256|     1|          512|
    |data_split_V_36_U   |B_IO_L2_in_0_x0_data_split_V_64  |        0|   32|   33|    0|     8|   32|     1|          256|
    |data_split_V_35_U   |B_IO_L2_in_0_x0_data_split_V_64  |        0|   32|   33|    0|     8|   32|     1|          256|
    |data_split_V_U      |B_IO_L2_in_0_x0_data_split_V_64  |        0|   32|   33|    0|     8|   32|     1|          256|
    +--------------------+---------------------------------+---------+-----+-----+-----+------+-----+------+-------------+
    |Total               |                                 |        0|  608|  613|    0|    28|  608|     5|         1792|
    +--------------------+---------------------------------+---------+-----+-----+-----+------+-----+------+-------------+

    * FIFO: 
    N/A

    * Expression: 
    +---------------------------------+----------+----+---+----+------------+------------+
    |          Variable Name          | Operation| DSP| FF| LUT| Bitwidth P0| Bitwidth P1|
    +---------------------------------+----------+----+---+----+------------+------------+
    |add_ln691_1994_fu_874_p2         |         +|   0|  0|   9|           2|           1|
    |add_ln691_1995_fu_594_p2         |         +|   0|  0|  10|           3|           1|
    |add_ln691_1996_fu_891_p2         |         +|   0|  0|  13|           6|           1|
    |add_ln691_1997_fu_903_p2         |         +|   0|  0|  12|           4|           1|
    |add_ln691_1998_fu_776_p2         |         +|   0|  0|   9|           2|           1|
    |add_ln691_1999_fu_638_p2         |         +|   0|  0|   9|           2|           1|
    |add_ln691_2000_fu_924_p2         |         +|   0|  0|  12|           5|           1|
    |add_ln691_2001_fu_936_p2         |         +|   0|  0|  12|           4|           1|
    |add_ln691_2003_fu_672_p2         |         +|   0|  0|   9|           2|           1|
    |add_ln691_2004_fu_655_p2         |         +|   0|  0|   9|           2|           1|
    |add_ln691_2005_fu_793_p2         |         +|   0|  0|  13|           6|           1|
    |add_ln691_2006_fu_695_p2         |         +|   0|  0|  13|           6|           1|
    |add_ln691_2007_fu_805_p2         |         +|   0|  0|  12|           4|           1|
    |add_ln691_2008_fu_707_p2         |         +|   0|  0|  12|           4|           1|
    |add_ln691_2009_fu_826_p2         |         +|   0|  0|  12|           5|           1|
    |add_ln691_2010_fu_838_p2         |         +|   0|  0|  12|           4|           1|
    |add_ln691_2011_fu_728_p2         |         +|   0|  0|  12|           5|           1|
    |add_ln691_2012_fu_740_p2         |         +|   0|  0|  12|           4|           1|
    |add_ln691_fu_582_p2              |         +|   0|  0|  10|           3|           1|
    |c2_V_180_fu_626_p2               |         +|   0|  0|  15|           8|           1|
    |add_i_i579_cast_fu_614_p2        |         -|   0|  0|  13|           6|           6|
    |ap_block_state13                 |       and|   0|  0|   2|           1|           1|
    |ap_block_state5                  |       and|   0|  0|   2|           1|           1|
    |ap_condition_762                 |       and|   0|  0|   2|           1|           1|
    |ap_condition_764                 |       and|   0|  0|   2|           1|           1|
    |ap_condition_818                 |       and|   0|  0|   2|           1|           1|
    |ap_condition_824                 |       and|   0|  0|   2|           1|           1|
    |ap_predicate_op161_read_state13  |       and|   0|  0|   2|           1|           1|
    |ap_predicate_op79_read_state5    |       and|   0|  0|   2|           1|           1|
    |cmp_i_i565_fu_620_p2             |      icmp|   0|  0|  10|           6|           3|
    |icmp_ln2743_fu_632_p2            |      icmp|   0|  0|  11|           8|           9|
    |icmp_ln878_103_fu_849_p2         |      icmp|   0|  0|   9|           4|           5|
    |icmp_ln878_104_fu_751_p2         |      icmp|   0|  0|   9|           4|           5|
    |icmp_ln878_fu_947_p2             |      icmp|   0|  0|   9|           4|           5|
    |icmp_ln890_1724_fu_885_p2        |      icmp|   0|  0|   8|           2|           3|
    |icmp_ln890_1725_fu_600_p2        |      icmp|   0|  0|   8|           3|           3|
    |icmp_ln890_1726_fu_897_p2        |      icmp|   0|  0|  10|           6|           7|
    |icmp_ln890_1727_fu_909_p2        |      icmp|   0|  0|   9|           4|           5|
    |icmp_ln890_1728_fu_930_p2        |      icmp|   0|  0|  10|           5|           6|
    |icmp_ln890_1729_fu_787_p2        |      icmp|   0|  0|   8|           2|           3|
    |icmp_ln890_1730_fu_649_p2        |      icmp|   0|  0|   8|           2|           3|
    |icmp_ln890_1731_fu_683_p2        |      icmp|   0|  0|   8|           2|           3|
    |icmp_ln890_1732_fu_666_p2        |      icmp|   0|  0|   8|           2|           3|
    |icmp_ln890_1733_fu_799_p2        |      icmp|   0|  0|  10|           6|           7|
    |icmp_ln890_1734_fu_701_p2        |      icmp|   0|  0|  10|           6|           7|
    |icmp_ln890_1735_fu_811_p2        |      icmp|   0|  0|   9|           4|           5|
    |icmp_ln890_1736_fu_713_p2        |      icmp|   0|  0|   9|           4|           5|
    |icmp_ln890_1737_fu_832_p2        |      icmp|   0|  0|  10|           5|           6|
    |icmp_ln890_1738_fu_734_p2        |      icmp|   0|  0|  10|           5|           6|
    |icmp_ln890_fu_588_p2             |      icmp|   0|  0|   9|           3|           4|
    |ap_block_state1                  |        or|   0|  0|   2|           1|           1|
    |arb_fu_689_p2                    |       xor|   0|  0|   2|           1|           2|
    +---------------------------------+----------+----+---+----+------------+------------+
    |Total                            |          |   0|  0| 452|         184|         140|
    +---------------------------------+----------+----+---+----+------------+------------+

    * Multiplexer: 
    +--------------------------------+-----+-----------+-----+-----------+
    |              Name              | LUT | Input Size| Bits| Total Bits|
    +--------------------------------+-----+-----------+-----+-----------+
    |ap_NS_fsm                       |  134|         27|    1|         27|
    |ap_done                         |    9|          2|    1|          2|
    |arb_18_reg_339                  |    9|          2|    1|          2|
    |c0_V_reg_277                    |    9|          2|    3|          6|
    |c1_V_reg_302                    |    9|          2|    3|          6|
    |c2_V_reg_351                    |    9|          2|    8|         16|
    |c4_V_60_reg_362                 |    9|          2|    2|          4|
    |c4_V_reg_448                    |    9|          2|    2|          4|
    |c5_V_157_reg_384                |    9|          2|    2|          4|
    |c5_V_158_reg_373                |    9|          2|    2|          4|
    |c5_V_reg_512                    |    9|          2|    2|          4|
    |c6_V_161_reg_459                |    9|          2|    6|         12|
    |c6_V_162_reg_395                |    9|          2|    6|         12|
    |c6_V_reg_523                    |    9|          2|    6|         12|
    |c7_V_100_reg_406                |    9|          2|    4|          8|
    |c7_V_99_reg_470                 |    9|          2|    4|          8|
    |c7_V_reg_534                    |    9|          2|    4|          8|
    |c8_V_35_reg_481                 |    9|          2|    5|         10|
    |c8_V_36_reg_417                 |    9|          2|    5|         10|
    |c8_V_reg_545                    |    9|          2|    5|         10|
    |data_split_V_35_address0        |   14|          3|    3|          9|
    |data_split_V_36_address0        |   14|          3|    3|          9|
    |data_split_V_address0           |   14|          3|    3|          9|
    |fifo_B_B_IO_L2_in_7_x016_blk_n  |    9|          2|    1|          2|
    |fifo_B_PE_0_7_x096_blk_n        |    9|          2|    1|          2|
    |fifo_B_PE_0_7_x096_din          |   20|          4|   32|        128|
    |intra_trans_en_19_reg_313       |    9|          2|    1|          2|
    |intra_trans_en_20_reg_326       |    9|          2|    1|          2|
    |local_B_ping_V_0_address0       |   20|          4|    1|          4|
    |local_B_pong_V_0_address0       |   14|          3|    1|          3|
    |n_V_100_reg_428                 |    9|          2|    4|          8|
    |n_V_99_reg_492                  |    9|          2|    4|          8|
    |n_V_reg_556                     |    9|          2|    4|          8|
    |p_Val2_137_reg_503              |    9|          2|  256|        512|
    |p_Val2_138_reg_567              |    9|          2|  256|        512|
    |p_Val2_s_reg_439                |    9|          2|  256|        512|
    +--------------------------------+-----+-----------+-----+-----------+
    |Total                           |  491|        105|  899|       1899|
    +--------------------------------+-----+-----------+-----+-----------+

    * Register: 
    +-------------------------------+-----+----+-----+-----------+
    |              Name             |  FF | LUT| Bits| Const Bits|
    +-------------------------------+-----+----+-----+-----------+
    |add_ln691_1994_reg_1136        |    2|   0|    2|          0|
    |add_ln691_1995_reg_980         |    3|   0|    3|          0|
    |add_ln691_1996_reg_1149        |    6|   0|    6|          0|
    |add_ln691_1997_reg_1157        |    4|   0|    4|          0|
    |add_ln691_2000_reg_1170        |    5|   0|    5|          0|
    |add_ln691_2003_reg_1021        |    2|   0|    2|          0|
    |add_ln691_2004_reg_1008        |    2|   0|    2|          0|
    |add_ln691_2005_reg_1094        |    6|   0|    6|          0|
    |add_ln691_2006_reg_1039        |    6|   0|    6|          0|
    |add_ln691_2007_reg_1102        |    4|   0|    4|          0|
    |add_ln691_2008_reg_1047        |    4|   0|    4|          0|
    |add_ln691_2009_reg_1115        |    5|   0|    5|          0|
    |add_ln691_2011_reg_1060        |    5|   0|    5|          0|
    |add_ln691_reg_972              |    3|   0|    3|          0|
    |ap_CS_fsm                      |   26|   0|   26|          0|
    |ap_done_reg                    |    1|   0|    1|          0|
    |arb_18_reg_339                 |    1|   0|    1|          0|
    |c0_V_reg_277                   |    3|   0|    3|          0|
    |c1_V_reg_302                   |    3|   0|    3|          0|
    |c2_V_180_reg_992               |    8|   0|    8|          0|
    |c2_V_reg_351                   |    8|   0|    8|          0|
    |c4_V_60_reg_362                |    2|   0|    2|          0|
    |c4_V_reg_448                   |    2|   0|    2|          0|
    |c5_V_157_reg_384               |    2|   0|    2|          0|
    |c5_V_158_reg_373               |    2|   0|    2|          0|
    |c5_V_reg_512                   |    2|   0|    2|          0|
    |c6_V_161_reg_459               |    6|   0|    6|          0|
    |c6_V_162_reg_395               |    6|   0|    6|          0|
    |c6_V_reg_523                   |    6|   0|    6|          0|
    |c7_V_100_reg_406               |    4|   0|    4|          0|
    |c7_V_99_reg_470                |    4|   0|    4|          0|
    |c7_V_reg_534                   |    4|   0|    4|          0|
    |c8_V_35_reg_481                |    5|   0|    5|          0|
    |c8_V_36_reg_417                |    5|   0|    5|          0|
    |c8_V_reg_545                   |    5|   0|    5|          0|
    |cmp_i_i565_reg_988             |    1|   0|    1|          0|
    |data_split_V_35_addr_reg_1110  |    3|   0|    3|          0|
    |data_split_V_36_addr_reg_1055  |    3|   0|    3|          0|
    |data_split_V_addr_reg_1165     |    3|   0|    3|          0|
    |in_data_V_139_reg_1089         |  256|   0|  256|          0|
    |intra_trans_en_19_reg_313      |    1|   0|    1|          0|
    |intra_trans_en_20_reg_326      |    1|   0|    1|          0|
    |intra_trans_en_reg_288         |    1|   0|    1|          0|
    |n_V_100_reg_428                |    4|   0|    4|          0|
    |n_V_99_reg_492                 |    4|   0|    4|          0|
    |n_V_reg_556                    |    4|   0|    4|          0|
    |p_Val2_137_reg_503             |  256|   0|  256|          0|
    |p_Val2_138_reg_567             |  256|   0|  256|          0|
    |p_Val2_s_reg_439               |  256|   0|  256|          0|
    |reg_576                        |  256|   0|  256|          0|
    +-------------------------------+-----+----+-----+-----------+
    |Total                          | 1467|   0| 1467|          0|
    +-------------------------------+-----+----+-----+-----------+



================================================================
== Interface
================================================================
* Summary: 
+----------------------------------+-----+-----+------------+--------------------------+--------------+
|             RTL Ports            | Dir | Bits|  Protocol  |       Source Object      |    C Type    |
+----------------------------------+-----+-----+------------+--------------------------+--------------+
|ap_clk                            |   in|    1|  ap_ctrl_hs|    B_IO_L2_in_boundary_x0|  return value|
|ap_rst                            |   in|    1|  ap_ctrl_hs|    B_IO_L2_in_boundary_x0|  return value|
|ap_start                          |   in|    1|  ap_ctrl_hs|    B_IO_L2_in_boundary_x0|  return value|
|ap_done                           |  out|    1|  ap_ctrl_hs|    B_IO_L2_in_boundary_x0|  return value|
|ap_continue                       |   in|    1|  ap_ctrl_hs|    B_IO_L2_in_boundary_x0|  return value|
|ap_idle                           |  out|    1|  ap_ctrl_hs|    B_IO_L2_in_boundary_x0|  return value|
|ap_ready                          |  out|    1|  ap_ctrl_hs|    B_IO_L2_in_boundary_x0|  return value|
|fifo_B_B_IO_L2_in_7_x016_dout     |   in|  256|     ap_fifo|  fifo_B_B_IO_L2_in_7_x016|       pointer|
|fifo_B_B_IO_L2_in_7_x016_empty_n  |   in|    1|     ap_fifo|  fifo_B_B_IO_L2_in_7_x016|       pointer|
|fifo_B_B_IO_L2_in_7_x016_read     |  out|    1|     ap_fifo|  fifo_B_B_IO_L2_in_7_x016|       pointer|
|fifo_B_PE_0_7_x096_din            |  out|   32|     ap_fifo|        fifo_B_PE_0_7_x096|       pointer|
|fifo_B_PE_0_7_x096_full_n         |   in|    1|     ap_fifo|        fifo_B_PE_0_7_x096|       pointer|
|fifo_B_PE_0_7_x096_write          |  out|    1|     ap_fifo|        fifo_B_PE_0_7_x096|       pointer|
+----------------------------------+-----+-----+------------+--------------------------+--------------+

