

================================================================
== Vitis HLS Report for 'kernel3_x1'
================================================================
* Date:           Tue Sep  6 09:43:37 2022

* Version:        2020.2 (Build 3064766 on Wed Nov 18 09:12:47 MST 2020)
* Project:        top
* Solution:       solution (Vitis Kernel Flow Target)
* Product family: virtexuplus
* Target device:  xcu250-figd2104-2L-e


================================================================
== Performance Estimates
================================================================
+ Timing: 
    * Summary: 
    +--------+---------+----------+------------+
    |  Clock |  Target | Estimated| Uncertainty|
    +--------+---------+----------+------------+
    |ap_clk  |  3.33 ns|  2.433 ns|     0.90 ns|
    +--------+---------+----------+------------+

+ Latency: 
    * Summary: 
    +---------+---------+----------+----------+-------+-------+----------+
    |  Latency (cycles) |  Latency (absolute) |    Interval   | Pipeline |
    |   min   |   max   |    min   |    max   |  min  |  max  |   Type   |
    +---------+---------+----------+----------+-------+-------+----------+
    |    48103|    48103|  0.160 ms|  0.160 ms|  39429|  39429|  dataflow|
    +---------+---------+----------+----------+-------+-------+----------+

    + Detail: 
        * Instance: 
        +------------------------------------+---------------------------------+---------+---------+-----------+-----------+-------+-------+---------+
        |                                    |                                 |  Latency (cycles) |   Latency (absolute)  |    Interval   | Pipeline|
        |              Instance              |              Module             |   min   |   max   |    min    |    max    |  min  |  max  |   Type  |
        +------------------------------------+---------------------------------+---------+---------+-----------+-----------+-------+-------+---------+
        |PE_wrapper_0_0_x1_U0                |PE_wrapper_0_0_x1                |    33857|    33857|   0.113 ms|   0.113 ms|  33857|  33857|     none|
        |PE_wrapper_0_1_x1_U0                |PE_wrapper_0_1_x1                |    33857|    33857|   0.113 ms|   0.113 ms|  33857|  33857|     none|
        |PE_wrapper_1_0_x1_U0                |PE_wrapper_1_0_x1                |    33857|    33857|   0.113 ms|   0.113 ms|  33857|  33857|     none|
        |PE_wrapper_1_1_x1_U0                |PE_wrapper_1_1_x1                |    33857|    33857|   0.113 ms|   0.113 ms|  33857|  33857|     none|
        |PE_wrapper_2_0_x1_U0                |PE_wrapper_2_0_x1                |    33857|    33857|   0.113 ms|   0.113 ms|  33857|  33857|     none|
        |PE_wrapper_2_1_x1_U0                |PE_wrapper_2_1_x1                |    33857|    33857|   0.113 ms|   0.113 ms|  33857|  33857|     none|
        |PE_wrapper_3_0_x1_U0                |PE_wrapper_3_0_x1                |    33857|    33857|   0.113 ms|   0.113 ms|  33857|  33857|     none|
        |PE_wrapper_3_1_x1_U0                |PE_wrapper_3_1_x1                |    33857|    33857|   0.113 ms|   0.113 ms|  33857|  33857|     none|
        |PE_wrapper_4_0_x1_U0                |PE_wrapper_4_0_x1                |    33857|    33857|   0.113 ms|   0.113 ms|  33857|  33857|     none|
        |PE_wrapper_4_1_x1_U0                |PE_wrapper_4_1_x1                |    33857|    33857|   0.113 ms|   0.113 ms|  33857|  33857|     none|
        |PE_wrapper_5_0_x1_U0                |PE_wrapper_5_0_x1                |    33857|    33857|   0.113 ms|   0.113 ms|  33857|  33857|     none|
        |PE_wrapper_5_1_x1_U0                |PE_wrapper_5_1_x1                |    33857|    33857|   0.113 ms|   0.113 ms|  33857|  33857|     none|
        |PE_wrapper_6_0_x1_U0                |PE_wrapper_6_0_x1                |    33857|    33857|   0.113 ms|   0.113 ms|  33857|  33857|     none|
        |PE_wrapper_6_1_x1_U0                |PE_wrapper_6_1_x1                |    33857|    33857|   0.113 ms|   0.113 ms|  33857|  33857|     none|
        |PE_wrapper_7_0_x1_U0                |PE_wrapper_7_0_x1                |    33857|    33857|   0.113 ms|   0.113 ms|  33857|  33857|     none|
        |PE_wrapper_7_1_x1_U0                |PE_wrapper_7_1_x1                |    33857|    33857|   0.113 ms|   0.113 ms|  33857|  33857|     none|
        |PE_wrapper_8_0_x1_U0                |PE_wrapper_8_0_x1                |    33857|    33857|   0.113 ms|   0.113 ms|  33857|  33857|     none|
        |PE_wrapper_8_1_x1_U0                |PE_wrapper_8_1_x1                |    33857|    33857|   0.113 ms|   0.113 ms|  33857|  33857|     none|
        |PE_wrapper_9_0_x1_U0                |PE_wrapper_9_0_x1                |    33857|    33857|   0.113 ms|   0.113 ms|  33857|  33857|     none|
        |PE_wrapper_9_1_x1_U0                |PE_wrapper_9_1_x1                |    33857|    33857|   0.113 ms|   0.113 ms|  33857|  33857|     none|
        |PE_wrapper_10_0_x1_U0               |PE_wrapper_10_0_x1               |    33857|    33857|   0.113 ms|   0.113 ms|  33857|  33857|     none|
        |PE_wrapper_10_1_x1_U0               |PE_wrapper_10_1_x1               |    33857|    33857|   0.113 ms|   0.113 ms|  33857|  33857|     none|
        |PE_wrapper_11_0_x1_U0               |PE_wrapper_11_0_x1               |    33857|    33857|   0.113 ms|   0.113 ms|  33857|  33857|     none|
        |PE_wrapper_11_1_x1_U0               |PE_wrapper_11_1_x1               |    33857|    33857|   0.113 ms|   0.113 ms|  33857|  33857|     none|
        |PE_wrapper_12_0_x1_U0               |PE_wrapper_12_0_x1               |    33857|    33857|   0.113 ms|   0.113 ms|  33857|  33857|     none|
        |PE_wrapper_12_1_x1_U0               |PE_wrapper_12_1_x1               |    33857|    33857|   0.113 ms|   0.113 ms|  33857|  33857|     none|
        |C_drain_IO_L1_out_6_x1_U0           |C_drain_IO_L1_out_6_x1           |     7429|     7429|  24.761 us|  24.761 us|   7429|   7429|     none|
        |C_drain_IO_L1_out_7_x1_U0           |C_drain_IO_L1_out_7_x1           |     7973|     7973|  26.574 us|  26.574 us|   7973|   7973|     none|
        |C_drain_IO_L1_out_18_x1_U0          |C_drain_IO_L1_out_18_x1          |     7429|     7429|  24.761 us|  24.761 us|   7429|   7429|     none|
        |C_drain_IO_L1_out_8_x1_U0           |C_drain_IO_L1_out_8_x1           |     8517|     8517|  28.387 us|  28.387 us|   8517|   8517|     none|
        |C_drain_IO_L1_out_19_x1_U0          |C_drain_IO_L1_out_19_x1          |     7973|     7973|  26.574 us|  26.574 us|   7973|   7973|     none|
        |C_drain_IO_L1_out_9_x1_U0           |C_drain_IO_L1_out_9_x1           |     9061|     9061|  30.200 us|  30.200 us|   9061|   9061|     none|
        |C_drain_IO_L1_out_20_x1_U0          |C_drain_IO_L1_out_20_x1          |     8517|     8517|  28.387 us|  28.387 us|   8517|   8517|     none|
        |C_drain_IO_L1_out_10_x1_U0          |C_drain_IO_L1_out_10_x1          |     9605|     9605|  32.013 us|  32.013 us|   9605|   9605|     none|
        |C_drain_IO_L1_out_21_x1_U0          |C_drain_IO_L1_out_21_x1          |     9061|     9061|  30.200 us|  30.200 us|   9061|   9061|     none|
        |C_drain_IO_L1_out_11_x1_U0          |C_drain_IO_L1_out_11_x1          |    10149|    10149|  33.827 us|  33.827 us|  10149|  10149|     none|
        |C_drain_IO_L1_out_22_x1_U0          |C_drain_IO_L1_out_22_x1          |     9605|     9605|  32.013 us|  32.013 us|   9605|   9605|     none|
        |C_drain_IO_L1_out_23_x1_U0          |C_drain_IO_L1_out_23_x1          |    10149|    10149|  33.827 us|  33.827 us|  10149|  10149|     none|
        |C_drain_IO_L1_out_2_x1_U0           |C_drain_IO_L1_out_2_x1           |     5253|     5253|  17.508 us|  17.508 us|   5253|   5253|     none|
        |C_drain_IO_L1_out_3_x1_U0           |C_drain_IO_L1_out_3_x1           |     5797|     5797|  19.321 us|  19.321 us|   5797|   5797|     none|
        |C_drain_IO_L1_out_14_x1_U0          |C_drain_IO_L1_out_14_x1          |     5253|     5253|  17.508 us|  17.508 us|   5253|   5253|     none|
        |C_drain_IO_L1_out_4_x1_U0           |C_drain_IO_L1_out_4_x1           |     6341|     6341|  21.135 us|  21.135 us|   6341|   6341|     none|
        |C_drain_IO_L1_out_15_x1_U0          |C_drain_IO_L1_out_15_x1          |     5797|     5797|  19.321 us|  19.321 us|   5797|   5797|     none|
        |C_drain_IO_L1_out_5_x1_U0           |C_drain_IO_L1_out_5_x1           |     6885|     6885|  22.948 us|  22.948 us|   6885|   6885|     none|
        |C_drain_IO_L1_out_16_x1_U0          |C_drain_IO_L1_out_16_x1          |     6341|     6341|  21.135 us|  21.135 us|   6341|   6341|     none|
        |C_drain_IO_L1_out_17_x1_U0          |C_drain_IO_L1_out_17_x1          |     6885|     6885|  22.948 us|  22.948 us|   6885|   6885|     none|
        |C_drain_IO_L1_out_0_x1_U0           |C_drain_IO_L1_out_0_x1           |     4165|     4165|  13.882 us|  13.882 us|   4165|   4165|     none|
        |C_drain_IO_L1_out_1_x1_U0           |C_drain_IO_L1_out_1_x1           |     4709|     4709|  15.695 us|  15.695 us|   4709|   4709|     none|
        |C_drain_IO_L1_out_12_x1_U0          |C_drain_IO_L1_out_12_x1          |     4165|     4165|  13.882 us|  13.882 us|   4165|   4165|     none|
        |C_drain_IO_L1_out_13_x1_U0          |C_drain_IO_L1_out_13_x1          |     4709|     4709|  15.695 us|  15.695 us|   4709|   4709|     none|
        |A_IO_L2_in_0_x1_U0                  |A_IO_L2_in_0_x1                  |    39428|    39428|   0.131 ms|   0.131 ms|  39428|  39428|     none|
        |A_IO_L2_in_1_x1_U0                  |A_IO_L2_in_1_x1                  |    38916|    38916|   0.130 ms|   0.130 ms|  38916|  38916|     none|
        |A_IO_L2_in_2_x1_U0                  |A_IO_L2_in_2_x1                  |    38404|    38404|   0.128 ms|   0.128 ms|  38404|  38404|     none|
        |A_IO_L2_in_3_x1_U0                  |A_IO_L2_in_3_x1                  |    37892|    37892|   0.126 ms|   0.126 ms|  37892|  37892|     none|
        |A_IO_L2_in_4_x1_U0                  |A_IO_L2_in_4_x1                  |    37380|    37380|   0.125 ms|   0.125 ms|  37380|  37380|     none|
        |A_IO_L2_in_5_x1_U0                  |A_IO_L2_in_5_x1                  |    36868|    36868|   0.123 ms|   0.123 ms|  36868|  36868|     none|
        |A_IO_L2_in_6_x1_U0                  |A_IO_L2_in_6_x1                  |    36356|    36356|   0.121 ms|   0.121 ms|  36356|  36356|     none|
        |A_IO_L2_in_7_x1_U0                  |A_IO_L2_in_7_x1                  |    35844|    35844|   0.119 ms|   0.119 ms|  35844|  35844|     none|
        |A_IO_L2_in_8_x1_U0                  |A_IO_L2_in_8_x1                  |    35332|    35332|   0.118 ms|   0.118 ms|  35332|  35332|     none|
        |A_IO_L2_in_9_x1_U0                  |A_IO_L2_in_9_x1                  |    34820|    34820|   0.116 ms|   0.116 ms|  34820|  34820|     none|
        |A_IO_L2_in_10_x1_U0                 |A_IO_L2_in_10_x1                 |    34308|    34308|   0.114 ms|   0.114 ms|  34308|  34308|     none|
        |A_IO_L2_in_11_x1_U0                 |A_IO_L2_in_11_x1                 |    33796|    33796|   0.113 ms|   0.113 ms|  33796|  33796|     none|
        |A_IO_L2_in_boundary_x1_U0           |A_IO_L2_in_boundary_x1           |    33284|    33284|   0.111 ms|   0.111 ms|  33284|  33284|     none|
        |A_IO_L3_in_x1_U0                    |A_IO_L3_in_x1                    |    10241|    10241|  34.133 us|  34.133 us|  10241|  10241|     none|
        |B_IO_L3_in_x1_U0                    |B_IO_L3_in_x1                    |    10241|    10241|  34.133 us|  34.133 us|  10241|  10241|     none|
        |B_IO_L2_in_x1_U0                    |B_IO_L2_in_x1                    |    36869|    36869|   0.123 ms|   0.123 ms|  36869|  36869|     none|
        |C_drain_IO_L3_out_x1_U0             |C_drain_IO_L3_out_x1             |    18442|    18442|  61.467 us|  61.467 us|  18442|  18442|     none|
        |B_IO_L2_in_boundary_x1_U0           |B_IO_L2_in_boundary_x1           |    34821|    34821|   0.116 ms|   0.116 ms|  34821|  34821|     none|
        |C_drain_IO_L1_out_boundary_0_x1_U0  |C_drain_IO_L1_out_boundary_0_x1  |     8354|     8354|  27.844 us|  27.844 us|   8354|   8354|     none|
        |C_drain_IO_L1_out_boundary_1_x1_U0  |C_drain_IO_L1_out_boundary_1_x1  |     8354|     8354|  27.844 us|  27.844 us|   8354|   8354|     none|
        |C_drain_IO_L2_out_x1_U0             |C_drain_IO_L2_out_x1             |    13315|    13315|  44.379 us|  44.379 us|  13315|  13315|     none|
        |A_PE_dummy_0_x1_U0                  |A_PE_dummy_0_x1                  |    32770|    32770|   0.109 ms|   0.109 ms|  32770|  32770|     none|
        |A_PE_dummy_1_x1_U0                  |A_PE_dummy_1_x1                  |    32770|    32770|   0.109 ms|   0.109 ms|  32770|  32770|     none|
        |A_PE_dummy_2_x1_U0                  |A_PE_dummy_2_x1                  |    32770|    32770|   0.109 ms|   0.109 ms|  32770|  32770|     none|
        |A_PE_dummy_3_x1_U0                  |A_PE_dummy_3_x1                  |    32770|    32770|   0.109 ms|   0.109 ms|  32770|  32770|     none|
        |A_PE_dummy_4_x1_U0                  |A_PE_dummy_4_x1                  |    32770|    32770|   0.109 ms|   0.109 ms|  32770|  32770|     none|
        |A_PE_dummy_5_x1_U0                  |A_PE_dummy_5_x1                  |    32770|    32770|   0.109 ms|   0.109 ms|  32770|  32770|     none|
        |A_PE_dummy_6_x1_U0                  |A_PE_dummy_6_x1                  |    32770|    32770|   0.109 ms|   0.109 ms|  32770|  32770|     none|
        |A_PE_dummy_7_x1_U0                  |A_PE_dummy_7_x1                  |    32770|    32770|   0.109 ms|   0.109 ms|  32770|  32770|     none|
        |A_PE_dummy_8_x1_U0                  |A_PE_dummy_8_x1                  |    32770|    32770|   0.109 ms|   0.109 ms|  32770|  32770|     none|
        |A_PE_dummy_9_x1_U0                  |A_PE_dummy_9_x1                  |    32770|    32770|   0.109 ms|   0.109 ms|  32770|  32770|     none|
        |A_PE_dummy_10_x1_U0                 |A_PE_dummy_10_x1                 |    32770|    32770|   0.109 ms|   0.109 ms|  32770|  32770|     none|
        |A_PE_dummy_11_x1_U0                 |A_PE_dummy_11_x1                 |    32770|    32770|   0.109 ms|   0.109 ms|  32770|  32770|     none|
        |B_PE_dummy_0_x1_U0                  |B_PE_dummy_0_x1                  |    32770|    32770|   0.109 ms|   0.109 ms|  32770|  32770|     none|
        |A_PE_dummy_12_x1_U0                 |A_PE_dummy_12_x1                 |    32770|    32770|   0.109 ms|   0.109 ms|  32770|  32770|     none|
        |B_PE_dummy_1_x1_U0                  |B_PE_dummy_1_x1                  |    32770|    32770|   0.109 ms|   0.109 ms|  32770|  32770|     none|
        |C_drain_IO_L2_out_boundary_x1_U0    |C_drain_IO_L2_out_boundary_x1    |     6658|     6658|  22.191 us|  22.191 us|   6658|   6658|     none|
        +------------------------------------+---------------------------------+---------+---------+-----------+-----------+-------+-------+---------+

        * Loop: 
        N/A



================================================================
== Utilization Estimates
================================================================
* Summary: 
+---------------------+---------+-------+---------+---------+------+
|         Name        | BRAM_18K|  DSP  |    FF   |   LUT   | URAM |
+---------------------+---------+-------+---------+---------+------+
|DSP                  |        -|      -|        -|        -|     -|
|Expression           |        -|      -|        0|      186|     -|
|FIFO                 |        -|      -|    47804|    24732|     -|
|Instance             |      266|   1040|   232204|   135440|     -|
|Memory               |        -|      -|        -|        -|     -|
|Multiplexer          |        -|      -|        -|       18|     -|
|Register             |        -|      -|       87|        -|     -|
+---------------------+---------+-------+---------+---------+------+
|Total                |      266|   1040|   280095|   160376|     0|
+---------------------+---------+-------+---------+---------+------+
|Available SLR        |     1344|   3072|   864000|   432000|   320|
+---------------------+---------+-------+---------+---------+------+
|Utilization SLR (%)  |       19|     33|       32|       37|     0|
+---------------------+---------+-------+---------+---------+------+
|Available            |     5376|  12288|  3456000|  1728000|  1280|
+---------------------+---------+-------+---------+---------+------+
|Utilization (%)      |        4|      8|        8|        9|     0|
+---------------------+---------+-------+---------+---------+------+

+ Detail: 
    * Instance: 
    +------------------------------------+---------------------------------+---------+----+------+------+-----+
    |              Instance              |              Module             | BRAM_18K| DSP|  FF  |  LUT | URAM|
    +------------------------------------+---------------------------------+---------+----+------+------+-----+
    |A_IO_L2_in_0_x1_U0                  |A_IO_L2_in_0_x1                  |        8|   0|  2194|   841|    0|
    |A_IO_L2_in_10_x1_U0                 |A_IO_L2_in_10_x1                 |        8|   0|  2192|   838|    0|
    |A_IO_L2_in_11_x1_U0                 |A_IO_L2_in_11_x1                 |        8|   0|  2192|   839|    0|
    |A_IO_L2_in_1_x1_U0                  |A_IO_L2_in_1_x1                  |        8|   0|  2194|   841|    0|
    |A_IO_L2_in_2_x1_U0                  |A_IO_L2_in_2_x1                  |        8|   0|  2194|   841|    0|
    |A_IO_L2_in_3_x1_U0                  |A_IO_L2_in_3_x1                  |        8|   0|  2194|   841|    0|
    |A_IO_L2_in_4_x1_U0                  |A_IO_L2_in_4_x1                  |        8|   0|  2194|   841|    0|
    |A_IO_L2_in_5_x1_U0                  |A_IO_L2_in_5_x1                  |        8|   0|  2194|   841|    0|
    |A_IO_L2_in_6_x1_U0                  |A_IO_L2_in_6_x1                  |        8|   0|  2193|   840|    0|
    |A_IO_L2_in_7_x1_U0                  |A_IO_L2_in_7_x1                  |        8|   0|  2193|   840|    0|
    |A_IO_L2_in_8_x1_U0                  |A_IO_L2_in_8_x1                  |        8|   0|  2193|   840|    0|
    |A_IO_L2_in_9_x1_U0                  |A_IO_L2_in_9_x1                  |        8|   0|  2193|   840|    0|
    |A_IO_L2_in_boundary_x1_U0           |A_IO_L2_in_boundary_x1           |        8|   0|  2180|   724|    0|
    |A_IO_L3_in_x1_U0                    |A_IO_L3_in_x1                    |        0|   0|   534|   123|    0|
    |A_PE_dummy_0_x1_U0                  |A_PE_dummy_0_x1                  |        0|   0|    23|   107|    0|
    |A_PE_dummy_10_x1_U0                 |A_PE_dummy_10_x1                 |        0|   0|    23|   107|    0|
    |A_PE_dummy_11_x1_U0                 |A_PE_dummy_11_x1                 |        0|   0|    23|   107|    0|
    |A_PE_dummy_12_x1_U0                 |A_PE_dummy_12_x1                 |        0|   0|    23|   107|    0|
    |A_PE_dummy_1_x1_U0                  |A_PE_dummy_1_x1                  |        0|   0|    23|   107|    0|
    |A_PE_dummy_2_x1_U0                  |A_PE_dummy_2_x1                  |        0|   0|    23|   107|    0|
    |A_PE_dummy_3_x1_U0                  |A_PE_dummy_3_x1                  |        0|   0|    23|   107|    0|
    |A_PE_dummy_4_x1_U0                  |A_PE_dummy_4_x1                  |        0|   0|    23|   107|    0|
    |A_PE_dummy_5_x1_U0                  |A_PE_dummy_5_x1                  |        0|   0|    23|   107|    0|
    |A_PE_dummy_6_x1_U0                  |A_PE_dummy_6_x1                  |        0|   0|    23|   107|    0|
    |A_PE_dummy_7_x1_U0                  |A_PE_dummy_7_x1                  |        0|   0|    23|   107|    0|
    |A_PE_dummy_8_x1_U0                  |A_PE_dummy_8_x1                  |        0|   0|    23|   107|    0|
    |A_PE_dummy_9_x1_U0                  |A_PE_dummy_9_x1                  |        0|   0|    23|   107|    0|
    |B_IO_L2_in_boundary_x1_U0           |B_IO_L2_in_boundary_x1           |       29|   0|   134|   514|    0|
    |B_IO_L2_in_x1_U0                    |B_IO_L2_in_x1                    |       29|   0|   144|   632|    0|
    |B_IO_L3_in_x1_U0                    |B_IO_L3_in_x1                    |        0|   0|   534|   123|    0|
    |B_PE_dummy_0_x1_U0                  |B_PE_dummy_0_x1                  |        0|   0|    23|   107|    0|
    |B_PE_dummy_1_x1_U0                  |B_PE_dummy_1_x1                  |        0|   0|    23|   107|    0|
    |C_drain_IO_L1_out_0_x1_U0           |C_drain_IO_L1_out_0_x1           |        2|   0|  2347|  1690|    0|
    |C_drain_IO_L1_out_10_x1_U0          |C_drain_IO_L1_out_10_x1          |        2|   0|  2351|  1693|    0|
    |C_drain_IO_L1_out_11_x1_U0          |C_drain_IO_L1_out_11_x1          |        2|   0|  2351|  1693|    0|
    |C_drain_IO_L1_out_12_x1_U0          |C_drain_IO_L1_out_12_x1          |        2|   0|  2347|  1690|    0|
    |C_drain_IO_L1_out_13_x1_U0          |C_drain_IO_L1_out_13_x1          |        2|   0|  2347|  1690|    0|
    |C_drain_IO_L1_out_14_x1_U0          |C_drain_IO_L1_out_14_x1          |        2|   0|  2349|  1692|    0|
    |C_drain_IO_L1_out_15_x1_U0          |C_drain_IO_L1_out_15_x1          |        2|   0|  2349|  1691|    0|
    |C_drain_IO_L1_out_16_x1_U0          |C_drain_IO_L1_out_16_x1          |        2|   0|  2349|  1691|    0|
    |C_drain_IO_L1_out_17_x1_U0          |C_drain_IO_L1_out_17_x1          |        2|   0|  2349|  1691|    0|
    |C_drain_IO_L1_out_18_x1_U0          |C_drain_IO_L1_out_18_x1          |        2|   0|  2351|  1693|    0|
    |C_drain_IO_L1_out_19_x1_U0          |C_drain_IO_L1_out_19_x1          |        2|   0|  2351|  1693|    0|
    |C_drain_IO_L1_out_1_x1_U0           |C_drain_IO_L1_out_1_x1           |        2|   0|  2347|  1690|    0|
    |C_drain_IO_L1_out_20_x1_U0          |C_drain_IO_L1_out_20_x1          |        2|   0|  2351|  1693|    0|
    |C_drain_IO_L1_out_21_x1_U0          |C_drain_IO_L1_out_21_x1          |        2|   0|  2351|  1693|    0|
    |C_drain_IO_L1_out_22_x1_U0          |C_drain_IO_L1_out_22_x1          |        2|   0|  2351|  1693|    0|
    |C_drain_IO_L1_out_23_x1_U0          |C_drain_IO_L1_out_23_x1          |        2|   0|  2351|  1693|    0|
    |C_drain_IO_L1_out_2_x1_U0           |C_drain_IO_L1_out_2_x1           |        2|   0|  2349|  1692|    0|
    |C_drain_IO_L1_out_3_x1_U0           |C_drain_IO_L1_out_3_x1           |        2|   0|  2349|  1691|    0|
    |C_drain_IO_L1_out_4_x1_U0           |C_drain_IO_L1_out_4_x1           |        2|   0|  2349|  1691|    0|
    |C_drain_IO_L1_out_5_x1_U0           |C_drain_IO_L1_out_5_x1           |        2|   0|  2349|  1691|    0|
    |C_drain_IO_L1_out_6_x1_U0           |C_drain_IO_L1_out_6_x1           |        2|   0|  2351|  1693|    0|
    |C_drain_IO_L1_out_7_x1_U0           |C_drain_IO_L1_out_7_x1           |        2|   0|  2351|  1693|    0|
    |C_drain_IO_L1_out_8_x1_U0           |C_drain_IO_L1_out_8_x1           |        2|   0|  2351|  1693|    0|
    |C_drain_IO_L1_out_9_x1_U0           |C_drain_IO_L1_out_9_x1           |        2|   0|  2351|  1693|    0|
    |C_drain_IO_L1_out_boundary_0_x1_U0  |C_drain_IO_L1_out_boundary_0_x1  |        2|   0|   174|   350|    0|
    |C_drain_IO_L1_out_boundary_1_x1_U0  |C_drain_IO_L1_out_boundary_1_x1  |        2|   0|   174|   350|    0|
    |C_drain_IO_L2_out_boundary_x1_U0    |C_drain_IO_L2_out_boundary_x1    |        0|   0|    20|   112|    0|
    |C_drain_IO_L2_out_x1_U0             |C_drain_IO_L2_out_x1             |        0|   0|   168|   242|    0|
    |C_drain_IO_L3_out_x1_U0             |C_drain_IO_L3_out_x1             |        0|   0|   551|   156|    0|
    |PE_wrapper_0_0_x1_U0                |PE_wrapper_0_0_x1                |        2|  40|  5559|  3070|    0|
    |PE_wrapper_0_1_x1_U0                |PE_wrapper_0_1_x1                |        2|  40|  5559|  3070|    0|
    |PE_wrapper_10_0_x1_U0               |PE_wrapper_10_0_x1               |        2|  40|  5559|  3070|    0|
    |PE_wrapper_10_1_x1_U0               |PE_wrapper_10_1_x1               |        2|  40|  5559|  3070|    0|
    |PE_wrapper_11_0_x1_U0               |PE_wrapper_11_0_x1               |        2|  40|  5559|  3070|    0|
    |PE_wrapper_11_1_x1_U0               |PE_wrapper_11_1_x1               |        2|  40|  5559|  3070|    0|
    |PE_wrapper_12_0_x1_U0               |PE_wrapper_12_0_x1               |        2|  40|  5559|  3070|    0|
    |PE_wrapper_12_1_x1_U0               |PE_wrapper_12_1_x1               |        2|  40|  5559|  3070|    0|
    |PE_wrapper_1_0_x1_U0                |PE_wrapper_1_0_x1                |        2|  40|  5559|  3070|    0|
    |PE_wrapper_1_1_x1_U0                |PE_wrapper_1_1_x1                |        2|  40|  5559|  3070|    0|
    |PE_wrapper_2_0_x1_U0                |PE_wrapper_2_0_x1                |        2|  40|  5559|  3070|    0|
    |PE_wrapper_2_1_x1_U0                |PE_wrapper_2_1_x1                |        2|  40|  5559|  3070|    0|
    |PE_wrapper_3_0_x1_U0                |PE_wrapper_3_0_x1                |        2|  40|  5559|  3070|    0|
    |PE_wrapper_3_1_x1_U0                |PE_wrapper_3_1_x1                |        2|  40|  5559|  3070|    0|
    |PE_wrapper_4_0_x1_U0                |PE_wrapper_4_0_x1                |        2|  40|  5559|  3070|    0|
    |PE_wrapper_4_1_x1_U0                |PE_wrapper_4_1_x1                |        2|  40|  5559|  3070|    0|
    |PE_wrapper_5_0_x1_U0                |PE_wrapper_5_0_x1                |        2|  40|  5559|  3070|    0|
    |PE_wrapper_5_1_x1_U0                |PE_wrapper_5_1_x1                |        2|  40|  5559|  3070|    0|
    |PE_wrapper_6_0_x1_U0                |PE_wrapper_6_0_x1                |        2|  40|  5559|  3070|    0|
    |PE_wrapper_6_1_x1_U0                |PE_wrapper_6_1_x1                |        2|  40|  5559|  3070|    0|
    |PE_wrapper_7_0_x1_U0                |PE_wrapper_7_0_x1                |        2|  40|  5559|  3070|    0|
    |PE_wrapper_7_1_x1_U0                |PE_wrapper_7_1_x1                |        2|  40|  5559|  3070|    0|
    |PE_wrapper_8_0_x1_U0                |PE_wrapper_8_0_x1                |        2|  40|  5559|  3070|    0|
    |PE_wrapper_8_1_x1_U0                |PE_wrapper_8_1_x1                |        2|  40|  5559|  3070|    0|
    |PE_wrapper_9_0_x1_U0                |PE_wrapper_9_0_x1                |        2|  40|  5559|  3070|    0|
    |PE_wrapper_9_1_x1_U0                |PE_wrapper_9_1_x1                |        2|  40|  5559|  3070|    0|
    +------------------------------------+---------------------------------+---------+----+------+------+-----+
    |Total                               |                                 |      266|1040|232204|135440|    0|
    +------------------------------------+---------------------------------+---------+----+------+------+-----+

    * DSP: 
    N/A

    * Memory: 
    N/A

    * FIFO: 
    +------------------------------------------+---------+-----+----+-----+------+-----+---------+
    |                   Name                   | BRAM_18K|  FF | LUT| URAM| Depth| Bits| Size:D*B|
    +------------------------------------------+---------+-----+----+-----+------+-----+---------+
    |fifo_A_A_IO_L2_in_0_x1_U                  |        0|  516|   0|    -|     2|  256|      512|
    |fifo_A_A_IO_L2_in_10_x1_U                 |        0|  516|   0|    -|     2|  256|      512|
    |fifo_A_A_IO_L2_in_11_x1_U                 |        0|  516|   0|    -|     2|  256|      512|
    |fifo_A_A_IO_L2_in_12_x1_U                 |        0|  516|   0|    -|     2|  256|      512|
    |fifo_A_A_IO_L2_in_1_x1_U                  |        0|  516|   0|    -|     2|  256|      512|
    |fifo_A_A_IO_L2_in_2_x1_U                  |        0|  516|   0|    -|     2|  256|      512|
    |fifo_A_A_IO_L2_in_3_x1_U                  |        0|  516|   0|    -|     2|  256|      512|
    |fifo_A_A_IO_L2_in_4_x1_U                  |        0|  516|   0|    -|     2|  256|      512|
    |fifo_A_A_IO_L2_in_5_x1_U                  |        0|  516|   0|    -|     2|  256|      512|
    |fifo_A_A_IO_L2_in_6_x1_U                  |        0|  516|   0|    -|     2|  256|      512|
    |fifo_A_A_IO_L2_in_7_x1_U                  |        0|  516|   0|    -|     2|  256|      512|
    |fifo_A_A_IO_L2_in_8_x1_U                  |        0|  516|   0|    -|     2|  256|      512|
    |fifo_A_A_IO_L2_in_9_x1_U                  |        0|  516|   0|    -|     2|  256|      512|
    |fifo_A_PE_0_0_x1_U                        |        0|  516|   0|    -|     2|  256|      512|
    |fifo_A_PE_0_1_x1_U                        |        0|  516|   0|    -|     2|  256|      512|
    |fifo_A_PE_0_2_x1_U                        |        0|  516|   0|    -|     2|  256|      512|
    |fifo_A_PE_10_0_x1_U                       |        0|  516|   0|    -|     2|  256|      512|
    |fifo_A_PE_10_1_x1_U                       |        0|  516|   0|    -|     2|  256|      512|
    |fifo_A_PE_10_2_x1_U                       |        0|  516|   0|    -|     2|  256|      512|
    |fifo_A_PE_11_0_x1_U                       |        0|  516|   0|    -|     2|  256|      512|
    |fifo_A_PE_11_1_x1_U                       |        0|  516|   0|    -|     2|  256|      512|
    |fifo_A_PE_11_2_x1_U                       |        0|  516|   0|    -|     2|  256|      512|
    |fifo_A_PE_12_0_x1_U                       |        0|  516|   0|    -|     2|  256|      512|
    |fifo_A_PE_12_1_x1_U                       |        0|  516|   0|    -|     2|  256|      512|
    |fifo_A_PE_12_2_x1_U                       |        0|  516|   0|    -|     2|  256|      512|
    |fifo_A_PE_1_0_x1_U                        |        0|  516|   0|    -|     2|  256|      512|
    |fifo_A_PE_1_1_x1_U                        |        0|  516|   0|    -|     2|  256|      512|
    |fifo_A_PE_1_2_x1_U                        |        0|  516|   0|    -|     2|  256|      512|
    |fifo_A_PE_2_0_x1_U                        |        0|  516|   0|    -|     2|  256|      512|
    |fifo_A_PE_2_1_x1_U                        |        0|  516|   0|    -|     2|  256|      512|
    |fifo_A_PE_2_2_x1_U                        |        0|  516|   0|    -|     2|  256|      512|
    |fifo_A_PE_3_0_x1_U                        |        0|  516|   0|    -|     2|  256|      512|
    |fifo_A_PE_3_1_x1_U                        |        0|  516|   0|    -|     2|  256|      512|
    |fifo_A_PE_3_2_x1_U                        |        0|  516|   0|    -|     2|  256|      512|
    |fifo_A_PE_4_0_x1_U                        |        0|  516|   0|    -|     2|  256|      512|
    |fifo_A_PE_4_1_x1_U                        |        0|  516|   0|    -|     2|  256|      512|
    |fifo_A_PE_4_2_x1_U                        |        0|  516|   0|    -|     2|  256|      512|
    |fifo_A_PE_5_0_x1_U                        |        0|  516|   0|    -|     2|  256|      512|
    |fifo_A_PE_5_1_x1_U                        |        0|  516|   0|    -|     2|  256|      512|
    |fifo_A_PE_5_2_x1_U                        |        0|  516|   0|    -|     2|  256|      512|
    |fifo_A_PE_6_0_x1_U                        |        0|  516|   0|    -|     2|  256|      512|
    |fifo_A_PE_6_1_x1_U                        |        0|  516|   0|    -|     2|  256|      512|
    |fifo_A_PE_6_2_x1_U                        |        0|  516|   0|    -|     2|  256|      512|
    |fifo_A_PE_7_0_x1_U                        |        0|  516|   0|    -|     2|  256|      512|
    |fifo_A_PE_7_1_x1_U                        |        0|  516|   0|    -|     2|  256|      512|
    |fifo_A_PE_7_2_x1_U                        |        0|  516|   0|    -|     2|  256|      512|
    |fifo_A_PE_8_0_x1_U                        |        0|  516|   0|    -|     2|  256|      512|
    |fifo_A_PE_8_1_x1_U                        |        0|  516|   0|    -|     2|  256|      512|
    |fifo_A_PE_8_2_x1_U                        |        0|  516|   0|    -|     2|  256|      512|
    |fifo_A_PE_9_0_x1_U                        |        0|  516|   0|    -|     2|  256|      512|
    |fifo_A_PE_9_1_x1_U                        |        0|  516|   0|    -|     2|  256|      512|
    |fifo_A_PE_9_2_x1_U                        |        0|  516|   0|    -|     2|  256|      512|
    |fifo_B_B_IO_L2_in_0_x1_U                  |        0|  516|   0|    -|     2|  256|      512|
    |fifo_B_B_IO_L2_in_1_x1_U                  |        0|  516|   0|    -|     2|  256|      512|
    |fifo_B_PE_0_0_x1_U                        |        0|  516|   0|    -|     2|  256|      512|
    |fifo_B_PE_0_1_x1_U                        |        0|  516|   0|    -|     2|  256|      512|
    |fifo_B_PE_10_0_x1_U                       |        0|  516|   0|    -|     2|  256|      512|
    |fifo_B_PE_10_1_x1_U                       |        0|  516|   0|    -|     2|  256|      512|
    |fifo_B_PE_11_0_x1_U                       |        0|  516|   0|    -|     2|  256|      512|
    |fifo_B_PE_11_1_x1_U                       |        0|  516|   0|    -|     2|  256|      512|
    |fifo_B_PE_12_0_x1_U                       |        0|  516|   0|    -|     2|  256|      512|
    |fifo_B_PE_12_1_x1_U                       |        0|  516|   0|    -|     2|  256|      512|
    |fifo_B_PE_13_0_x1_U                       |        0|  516|   0|    -|     2|  256|      512|
    |fifo_B_PE_13_1_x1_U                       |        0|  516|   0|    -|     2|  256|      512|
    |fifo_B_PE_1_0_x1_U                        |        0|  516|   0|    -|     2|  256|      512|
    |fifo_B_PE_1_1_x1_U                        |        0|  516|   0|    -|     2|  256|      512|
    |fifo_B_PE_2_0_x1_U                        |        0|  516|   0|    -|     2|  256|      512|
    |fifo_B_PE_2_1_x1_U                        |        0|  516|   0|    -|     2|  256|      512|
    |fifo_B_PE_3_0_x1_U                        |        0|  516|   0|    -|     2|  256|      512|
    |fifo_B_PE_3_1_x1_U                        |        0|  516|   0|    -|     2|  256|      512|
    |fifo_B_PE_4_0_x1_U                        |        0|  516|   0|    -|     2|  256|      512|
    |fifo_B_PE_4_1_x1_U                        |        0|  516|   0|    -|     2|  256|      512|
    |fifo_B_PE_5_0_x1_U                        |        0|  516|   0|    -|     2|  256|      512|
    |fifo_B_PE_5_1_x1_U                        |        0|  516|   0|    -|     2|  256|      512|
    |fifo_B_PE_6_0_x1_U                        |        0|  516|   0|    -|     2|  256|      512|
    |fifo_B_PE_6_1_x1_U                        |        0|  516|   0|    -|     2|  256|      512|
    |fifo_B_PE_7_0_x1_U                        |        0|  516|   0|    -|     2|  256|      512|
    |fifo_B_PE_7_1_x1_U                        |        0|  516|   0|    -|     2|  256|      512|
    |fifo_B_PE_8_0_x1_U                        |        0|  516|   0|    -|     2|  256|      512|
    |fifo_B_PE_8_1_x1_U                        |        0|  516|   0|    -|     2|  256|      512|
    |fifo_B_PE_9_0_x1_U                        |        0|  516|   0|    -|     2|  256|      512|
    |fifo_B_PE_9_1_x1_U                        |        0|  516|   0|    -|     2|  256|      512|
    |fifo_C_drain_C_drain_IO_L1_out_0_0_x1_U   |        0|  133|   0|    -|     2|   64|      128|
    |fifo_C_drain_C_drain_IO_L1_out_0_10_x1_U  |        0|  133|   0|    -|     2|   64|      128|
    |fifo_C_drain_C_drain_IO_L1_out_0_11_x1_U  |        0|  133|   0|    -|     2|   64|      128|
    |fifo_C_drain_C_drain_IO_L1_out_0_12_x1_U  |        0|  133|   0|    -|     2|   64|      128|
    |fifo_C_drain_C_drain_IO_L1_out_0_1_x1_U   |        0|  133|   0|    -|     2|   64|      128|
    |fifo_C_drain_C_drain_IO_L1_out_0_2_x1_U   |        0|  133|   0|    -|     2|   64|      128|
    |fifo_C_drain_C_drain_IO_L1_out_0_3_x1_U   |        0|  133|   0|    -|     2|   64|      128|
    |fifo_C_drain_C_drain_IO_L1_out_0_4_x1_U   |        0|  133|   0|    -|     2|   64|      128|
    |fifo_C_drain_C_drain_IO_L1_out_0_5_x1_U   |        0|  133|   0|    -|     2|   64|      128|
    |fifo_C_drain_C_drain_IO_L1_out_0_6_x1_U   |        0|  133|   0|    -|     2|   64|      128|
    |fifo_C_drain_C_drain_IO_L1_out_0_7_x1_U   |        0|  133|   0|    -|     2|   64|      128|
    |fifo_C_drain_C_drain_IO_L1_out_0_8_x1_U   |        0|  133|   0|    -|     2|   64|      128|
    |fifo_C_drain_C_drain_IO_L1_out_0_9_x1_U   |        0|  133|   0|    -|     2|   64|      128|
    |fifo_C_drain_C_drain_IO_L1_out_1_0_x1_U   |        0|  133|   0|    -|     2|   64|      128|
    |fifo_C_drain_C_drain_IO_L1_out_1_10_x1_U  |        0|  133|   0|    -|     2|   64|      128|
    |fifo_C_drain_C_drain_IO_L1_out_1_11_x1_U  |        0|  133|   0|    -|     2|   64|      128|
    |fifo_C_drain_C_drain_IO_L1_out_1_12_x1_U  |        0|  133|   0|    -|     2|   64|      128|
    |fifo_C_drain_C_drain_IO_L1_out_1_1_x1_U   |        0|  133|   0|    -|     2|   64|      128|
    |fifo_C_drain_C_drain_IO_L1_out_1_2_x1_U   |        0|  133|   0|    -|     2|   64|      128|
    |fifo_C_drain_C_drain_IO_L1_out_1_3_x1_U   |        0|  133|   0|    -|     2|   64|      128|
    |fifo_C_drain_C_drain_IO_L1_out_1_4_x1_U   |        0|  133|   0|    -|     2|   64|      128|
    |fifo_C_drain_C_drain_IO_L1_out_1_5_x1_U   |        0|  133|   0|    -|     2|   64|      128|
    |fifo_C_drain_C_drain_IO_L1_out_1_6_x1_U   |        0|  133|   0|    -|     2|   64|      128|
    |fifo_C_drain_C_drain_IO_L1_out_1_7_x1_U   |        0|  133|   0|    -|     2|   64|      128|
    |fifo_C_drain_C_drain_IO_L1_out_1_8_x1_U   |        0|  133|   0|    -|     2|   64|      128|
    |fifo_C_drain_C_drain_IO_L1_out_1_9_x1_U   |        0|  133|   0|    -|     2|   64|      128|
    |fifo_C_drain_C_drain_IO_L2_out_0_x1_U     |        0|  133|   0|    -|     2|   64|      128|
    |fifo_C_drain_C_drain_IO_L2_out_1_x1_U     |        0|  133|   0|    -|     2|   64|      128|
    |fifo_C_drain_PE_0_0_x1_U                  |        0|   68|   0|    -|     2|   32|       64|
    |fifo_C_drain_PE_0_1_x1_U                  |        0|   68|   0|    -|     2|   32|       64|
    |fifo_C_drain_PE_10_0_x1_U                 |        0|   68|   0|    -|     2|   32|       64|
    |fifo_C_drain_PE_10_1_x1_U                 |        0|   68|   0|    -|     2|   32|       64|
    |fifo_C_drain_PE_11_0_x1_U                 |        0|   68|   0|    -|     2|   32|       64|
    |fifo_C_drain_PE_11_1_x1_U                 |        0|   68|   0|    -|     2|   32|       64|
    |fifo_C_drain_PE_12_0_x1_U                 |        0|   68|   0|    -|     2|   32|       64|
    |fifo_C_drain_PE_12_1_x1_U                 |        0|   68|   0|    -|     2|   32|       64|
    |fifo_C_drain_PE_1_0_x1_U                  |        0|   68|   0|    -|     2|   32|       64|
    |fifo_C_drain_PE_1_1_x1_U                  |        0|   68|   0|    -|     2|   32|       64|
    |fifo_C_drain_PE_2_0_x1_U                  |        0|   68|   0|    -|     2|   32|       64|
    |fifo_C_drain_PE_2_1_x1_U                  |        0|   68|   0|    -|     2|   32|       64|
    |fifo_C_drain_PE_3_0_x1_U                  |        0|   68|   0|    -|     2|   32|       64|
    |fifo_C_drain_PE_3_1_x1_U                  |        0|   68|   0|    -|     2|   32|       64|
    |fifo_C_drain_PE_4_0_x1_U                  |        0|   68|   0|    -|     2|   32|       64|
    |fifo_C_drain_PE_4_1_x1_U                  |        0|   68|   0|    -|     2|   32|       64|
    |fifo_C_drain_PE_5_0_x1_U                  |        0|   68|   0|    -|     2|   32|       64|
    |fifo_C_drain_PE_5_1_x1_U                  |        0|   68|   0|    -|     2|   32|       64|
    |fifo_C_drain_PE_6_0_x1_U                  |        0|   68|   0|    -|     2|   32|       64|
    |fifo_C_drain_PE_6_1_x1_U                  |        0|   68|   0|    -|     2|   32|       64|
    |fifo_C_drain_PE_7_0_x1_U                  |        0|   68|   0|    -|     2|   32|       64|
    |fifo_C_drain_PE_7_1_x1_U                  |        0|   68|   0|    -|     2|   32|       64|
    |fifo_C_drain_PE_8_0_x1_U                  |        0|   68|   0|    -|     2|   32|       64|
    |fifo_C_drain_PE_8_1_x1_U                  |        0|   68|   0|    -|     2|   32|       64|
    |fifo_C_drain_PE_9_0_x1_U                  |        0|   68|   0|    -|     2|   32|       64|
    |fifo_C_drain_PE_9_1_x1_U                  |        0|   68|   0|    -|     2|   32|       64|
    +------------------------------------------+---------+-----+----+-----+------+-----+---------+
    |Total                                     |        0|47804|   0|    0|   272|23616|    47232|
    +------------------------------------------+---------+-----+----+-----+------+-----+---------+

    * Expression: 
    +---------------------------------------------+----------+----+---+----+------------+------------+
    |                Variable Name                | Operation| DSP| FF| LUT| Bitwidth P0| Bitwidth P1|
    +---------------------------------------------+----------+----+---+----+------------+------------+
    |A_IO_L3_in_x1_U0_ap_start                    |       and|   0|  0|   2|           1|           1|
    |B_IO_L3_in_x1_U0_ap_start                    |       and|   0|  0|   2|           1|           1|
    |ap_idle                                      |       and|   0|  0|   2|           1|           1|
    |ap_sync_continue                             |       and|   0|  0|   2|           1|           1|
    |ap_sync_done                                 |       and|   0|  0|   2|           1|           1|
    |ap_sync_ready                                |       and|   0|  0|   2|           1|           1|
    |A_IO_L2_in_0_x1_U0_ap_start                  |        or|   0|  0|   2|           1|           1|
    |A_IO_L2_in_10_x1_U0_ap_start                 |        or|   0|  0|   2|           1|           1|
    |A_IO_L2_in_11_x1_U0_ap_start                 |        or|   0|  0|   2|           1|           1|
    |A_IO_L2_in_1_x1_U0_ap_start                  |        or|   0|  0|   2|           1|           1|
    |A_IO_L2_in_2_x1_U0_ap_start                  |        or|   0|  0|   2|           1|           1|
    |A_IO_L2_in_3_x1_U0_ap_start                  |        or|   0|  0|   2|           1|           1|
    |A_IO_L2_in_4_x1_U0_ap_start                  |        or|   0|  0|   2|           1|           1|
    |A_IO_L2_in_5_x1_U0_ap_start                  |        or|   0|  0|   2|           1|           1|
    |A_IO_L2_in_6_x1_U0_ap_start                  |        or|   0|  0|   2|           1|           1|
    |A_IO_L2_in_7_x1_U0_ap_start                  |        or|   0|  0|   2|           1|           1|
    |A_IO_L2_in_8_x1_U0_ap_start                  |        or|   0|  0|   2|           1|           1|
    |A_IO_L2_in_9_x1_U0_ap_start                  |        or|   0|  0|   2|           1|           1|
    |A_IO_L2_in_boundary_x1_U0_ap_start           |        or|   0|  0|   2|           1|           1|
    |A_PE_dummy_0_x1_U0_ap_start                  |        or|   0|  0|   2|           1|           1|
    |A_PE_dummy_10_x1_U0_ap_start                 |        or|   0|  0|   2|           1|           1|
    |A_PE_dummy_11_x1_U0_ap_start                 |        or|   0|  0|   2|           1|           1|
    |A_PE_dummy_12_x1_U0_ap_start                 |        or|   0|  0|   2|           1|           1|
    |A_PE_dummy_1_x1_U0_ap_start                  |        or|   0|  0|   2|           1|           1|
    |A_PE_dummy_2_x1_U0_ap_start                  |        or|   0|  0|   2|           1|           1|
    |A_PE_dummy_3_x1_U0_ap_start                  |        or|   0|  0|   2|           1|           1|
    |A_PE_dummy_4_x1_U0_ap_start                  |        or|   0|  0|   2|           1|           1|
    |A_PE_dummy_5_x1_U0_ap_start                  |        or|   0|  0|   2|           1|           1|
    |A_PE_dummy_6_x1_U0_ap_start                  |        or|   0|  0|   2|           1|           1|
    |A_PE_dummy_7_x1_U0_ap_start                  |        or|   0|  0|   2|           1|           1|
    |A_PE_dummy_8_x1_U0_ap_start                  |        or|   0|  0|   2|           1|           1|
    |A_PE_dummy_9_x1_U0_ap_start                  |        or|   0|  0|   2|           1|           1|
    |B_IO_L2_in_boundary_x1_U0_ap_start           |        or|   0|  0|   2|           1|           1|
    |B_IO_L2_in_x1_U0_ap_start                    |        or|   0|  0|   2|           1|           1|
    |B_PE_dummy_0_x1_U0_ap_start                  |        or|   0|  0|   2|           1|           1|
    |B_PE_dummy_1_x1_U0_ap_start                  |        or|   0|  0|   2|           1|           1|
    |C_drain_IO_L1_out_0_x1_U0_ap_start           |        or|   0|  0|   2|           1|           1|
    |C_drain_IO_L1_out_10_x1_U0_ap_start          |        or|   0|  0|   2|           1|           1|
    |C_drain_IO_L1_out_11_x1_U0_ap_start          |        or|   0|  0|   2|           1|           1|
    |C_drain_IO_L1_out_12_x1_U0_ap_start          |        or|   0|  0|   2|           1|           1|
    |C_drain_IO_L1_out_13_x1_U0_ap_start          |        or|   0|  0|   2|           1|           1|
    |C_drain_IO_L1_out_14_x1_U0_ap_start          |        or|   0|  0|   2|           1|           1|
    |C_drain_IO_L1_out_15_x1_U0_ap_start          |        or|   0|  0|   2|           1|           1|
    |C_drain_IO_L1_out_16_x1_U0_ap_start          |        or|   0|  0|   2|           1|           1|
    |C_drain_IO_L1_out_17_x1_U0_ap_start          |        or|   0|  0|   2|           1|           1|
    |C_drain_IO_L1_out_18_x1_U0_ap_start          |        or|   0|  0|   2|           1|           1|
    |C_drain_IO_L1_out_19_x1_U0_ap_start          |        or|   0|  0|   2|           1|           1|
    |C_drain_IO_L1_out_1_x1_U0_ap_start           |        or|   0|  0|   2|           1|           1|
    |C_drain_IO_L1_out_20_x1_U0_ap_start          |        or|   0|  0|   2|           1|           1|
    |C_drain_IO_L1_out_21_x1_U0_ap_start          |        or|   0|  0|   2|           1|           1|
    |C_drain_IO_L1_out_22_x1_U0_ap_start          |        or|   0|  0|   2|           1|           1|
    |C_drain_IO_L1_out_23_x1_U0_ap_start          |        or|   0|  0|   2|           1|           1|
    |C_drain_IO_L1_out_2_x1_U0_ap_start           |        or|   0|  0|   2|           1|           1|
    |C_drain_IO_L1_out_3_x1_U0_ap_start           |        or|   0|  0|   2|           1|           1|
    |C_drain_IO_L1_out_4_x1_U0_ap_start           |        or|   0|  0|   2|           1|           1|
    |C_drain_IO_L1_out_5_x1_U0_ap_start           |        or|   0|  0|   2|           1|           1|
    |C_drain_IO_L1_out_6_x1_U0_ap_start           |        or|   0|  0|   2|           1|           1|
    |C_drain_IO_L1_out_7_x1_U0_ap_start           |        or|   0|  0|   2|           1|           1|
    |C_drain_IO_L1_out_8_x1_U0_ap_start           |        or|   0|  0|   2|           1|           1|
    |C_drain_IO_L1_out_9_x1_U0_ap_start           |        or|   0|  0|   2|           1|           1|
    |C_drain_IO_L1_out_boundary_0_x1_U0_ap_start  |        or|   0|  0|   2|           1|           1|
    |C_drain_IO_L1_out_boundary_1_x1_U0_ap_start  |        or|   0|  0|   2|           1|           1|
    |C_drain_IO_L2_out_boundary_x1_U0_ap_start    |        or|   0|  0|   2|           1|           1|
    |C_drain_IO_L2_out_x1_U0_ap_start             |        or|   0|  0|   2|           1|           1|
    |C_drain_IO_L3_out_x1_U0_ap_start             |        or|   0|  0|   2|           1|           1|
    |PE_wrapper_0_0_x1_U0_ap_start                |        or|   0|  0|   2|           1|           1|
    |PE_wrapper_0_1_x1_U0_ap_start                |        or|   0|  0|   2|           1|           1|
    |PE_wrapper_10_0_x1_U0_ap_start               |        or|   0|  0|   2|           1|           1|
    |PE_wrapper_10_1_x1_U0_ap_start               |        or|   0|  0|   2|           1|           1|
    |PE_wrapper_11_0_x1_U0_ap_start               |        or|   0|  0|   2|           1|           1|
    |PE_wrapper_11_1_x1_U0_ap_start               |        or|   0|  0|   2|           1|           1|
    |PE_wrapper_12_0_x1_U0_ap_start               |        or|   0|  0|   2|           1|           1|
    |PE_wrapper_12_1_x1_U0_ap_start               |        or|   0|  0|   2|           1|           1|
    |PE_wrapper_1_0_x1_U0_ap_start                |        or|   0|  0|   2|           1|           1|
    |PE_wrapper_1_1_x1_U0_ap_start                |        or|   0|  0|   2|           1|           1|
    |PE_wrapper_2_0_x1_U0_ap_start                |        or|   0|  0|   2|           1|           1|
    |PE_wrapper_2_1_x1_U0_ap_start                |        or|   0|  0|   2|           1|           1|
    |PE_wrapper_3_0_x1_U0_ap_start                |        or|   0|  0|   2|           1|           1|
    |PE_wrapper_3_1_x1_U0_ap_start                |        or|   0|  0|   2|           1|           1|
    |PE_wrapper_4_0_x1_U0_ap_start                |        or|   0|  0|   2|           1|           1|
    |PE_wrapper_4_1_x1_U0_ap_start                |        or|   0|  0|   2|           1|           1|
    |PE_wrapper_5_0_x1_U0_ap_start                |        or|   0|  0|   2|           1|           1|
    |PE_wrapper_5_1_x1_U0_ap_start                |        or|   0|  0|   2|           1|           1|
    |PE_wrapper_6_0_x1_U0_ap_start                |        or|   0|  0|   2|           1|           1|
    |PE_wrapper_6_1_x1_U0_ap_start                |        or|   0|  0|   2|           1|           1|
    |PE_wrapper_7_0_x1_U0_ap_start                |        or|   0|  0|   2|           1|           1|
    |PE_wrapper_7_1_x1_U0_ap_start                |        or|   0|  0|   2|           1|           1|
    |PE_wrapper_8_0_x1_U0_ap_start                |        or|   0|  0|   2|           1|           1|
    |PE_wrapper_8_1_x1_U0_ap_start                |        or|   0|  0|   2|           1|           1|
    |PE_wrapper_9_0_x1_U0_ap_start                |        or|   0|  0|   2|           1|           1|
    |PE_wrapper_9_1_x1_U0_ap_start                |        or|   0|  0|   2|           1|           1|
    |ap_sync_A_IO_L3_in_x1_U0_ap_ready            |        or|   0|  0|   2|           1|           1|
    |ap_sync_B_IO_L3_in_x1_U0_ap_ready            |        or|   0|  0|   2|           1|           1|
    +---------------------------------------------+----------+----+---+----+------------+------------+
    |Total                                        |          |   0|  0| 186|          93|          93|
    +---------------------------------------------+----------+----+---+----+------------+------------+

    * Multiplexer: 
    +---------------------------------------+----+-----------+-----+-----------+
    |                  Name                 | LUT| Input Size| Bits| Total Bits|
    +---------------------------------------+----+-----------+-----+-----------+
    |ap_sync_reg_A_IO_L3_in_x1_U0_ap_ready  |   9|          2|    1|          2|
    |ap_sync_reg_B_IO_L3_in_x1_U0_ap_ready  |   9|          2|    1|          2|
    +---------------------------------------+----+-----------+-----+-----------+
    |Total                                  |  18|          4|    2|          4|
    +---------------------------------------+----+-----------+-----+-----------+

    * Register: 
    +---------------------------------------------------------+---+----+-----+-----------+
    |                           Name                          | FF| LUT| Bits| Const Bits|
    +---------------------------------------------------------+---+----+-----+-----------+
    |ap_sync_reg_A_IO_L2_in_0_x1_U0_ap_start                  |  1|   0|    1|          0|
    |ap_sync_reg_A_IO_L2_in_10_x1_U0_ap_start                 |  1|   0|    1|          0|
    |ap_sync_reg_A_IO_L2_in_11_x1_U0_ap_start                 |  1|   0|    1|          0|
    |ap_sync_reg_A_IO_L2_in_1_x1_U0_ap_start                  |  1|   0|    1|          0|
    |ap_sync_reg_A_IO_L2_in_2_x1_U0_ap_start                  |  1|   0|    1|          0|
    |ap_sync_reg_A_IO_L2_in_3_x1_U0_ap_start                  |  1|   0|    1|          0|
    |ap_sync_reg_A_IO_L2_in_4_x1_U0_ap_start                  |  1|   0|    1|          0|
    |ap_sync_reg_A_IO_L2_in_5_x1_U0_ap_start                  |  1|   0|    1|          0|
    |ap_sync_reg_A_IO_L2_in_6_x1_U0_ap_start                  |  1|   0|    1|          0|
    |ap_sync_reg_A_IO_L2_in_7_x1_U0_ap_start                  |  1|   0|    1|          0|
    |ap_sync_reg_A_IO_L2_in_8_x1_U0_ap_start                  |  1|   0|    1|          0|
    |ap_sync_reg_A_IO_L2_in_9_x1_U0_ap_start                  |  1|   0|    1|          0|
    |ap_sync_reg_A_IO_L2_in_boundary_x1_U0_ap_start           |  1|   0|    1|          0|
    |ap_sync_reg_A_IO_L3_in_x1_U0_ap_ready                    |  1|   0|    1|          0|
    |ap_sync_reg_A_PE_dummy_0_x1_U0_ap_start                  |  1|   0|    1|          0|
    |ap_sync_reg_A_PE_dummy_10_x1_U0_ap_start                 |  1|   0|    1|          0|
    |ap_sync_reg_A_PE_dummy_11_x1_U0_ap_start                 |  1|   0|    1|          0|
    |ap_sync_reg_A_PE_dummy_12_x1_U0_ap_start                 |  1|   0|    1|          0|
    |ap_sync_reg_A_PE_dummy_1_x1_U0_ap_start                  |  1|   0|    1|          0|
    |ap_sync_reg_A_PE_dummy_2_x1_U0_ap_start                  |  1|   0|    1|          0|
    |ap_sync_reg_A_PE_dummy_3_x1_U0_ap_start                  |  1|   0|    1|          0|
    |ap_sync_reg_A_PE_dummy_4_x1_U0_ap_start                  |  1|   0|    1|          0|
    |ap_sync_reg_A_PE_dummy_5_x1_U0_ap_start                  |  1|   0|    1|          0|
    |ap_sync_reg_A_PE_dummy_6_x1_U0_ap_start                  |  1|   0|    1|          0|
    |ap_sync_reg_A_PE_dummy_7_x1_U0_ap_start                  |  1|   0|    1|          0|
    |ap_sync_reg_A_PE_dummy_8_x1_U0_ap_start                  |  1|   0|    1|          0|
    |ap_sync_reg_A_PE_dummy_9_x1_U0_ap_start                  |  1|   0|    1|          0|
    |ap_sync_reg_B_IO_L2_in_boundary_x1_U0_ap_start           |  1|   0|    1|          0|
    |ap_sync_reg_B_IO_L2_in_x1_U0_ap_start                    |  1|   0|    1|          0|
    |ap_sync_reg_B_IO_L3_in_x1_U0_ap_ready                    |  1|   0|    1|          0|
    |ap_sync_reg_B_PE_dummy_0_x1_U0_ap_start                  |  1|   0|    1|          0|
    |ap_sync_reg_B_PE_dummy_1_x1_U0_ap_start                  |  1|   0|    1|          0|
    |ap_sync_reg_C_drain_IO_L1_out_0_x1_U0_ap_start           |  1|   0|    1|          0|
    |ap_sync_reg_C_drain_IO_L1_out_10_x1_U0_ap_start          |  1|   0|    1|          0|
    |ap_sync_reg_C_drain_IO_L1_out_11_x1_U0_ap_start          |  1|   0|    1|          0|
    |ap_sync_reg_C_drain_IO_L1_out_12_x1_U0_ap_start          |  1|   0|    1|          0|
    |ap_sync_reg_C_drain_IO_L1_out_13_x1_U0_ap_start          |  1|   0|    1|          0|
    |ap_sync_reg_C_drain_IO_L1_out_14_x1_U0_ap_start          |  1|   0|    1|          0|
    |ap_sync_reg_C_drain_IO_L1_out_15_x1_U0_ap_start          |  1|   0|    1|          0|
    |ap_sync_reg_C_drain_IO_L1_out_16_x1_U0_ap_start          |  1|   0|    1|          0|
    |ap_sync_reg_C_drain_IO_L1_out_17_x1_U0_ap_start          |  1|   0|    1|          0|
    |ap_sync_reg_C_drain_IO_L1_out_18_x1_U0_ap_start          |  1|   0|    1|          0|
    |ap_sync_reg_C_drain_IO_L1_out_19_x1_U0_ap_start          |  1|   0|    1|          0|
    |ap_sync_reg_C_drain_IO_L1_out_1_x1_U0_ap_start           |  1|   0|    1|          0|
    |ap_sync_reg_C_drain_IO_L1_out_20_x1_U0_ap_start          |  1|   0|    1|          0|
    |ap_sync_reg_C_drain_IO_L1_out_21_x1_U0_ap_start          |  1|   0|    1|          0|
    |ap_sync_reg_C_drain_IO_L1_out_22_x1_U0_ap_start          |  1|   0|    1|          0|
    |ap_sync_reg_C_drain_IO_L1_out_23_x1_U0_ap_start          |  1|   0|    1|          0|
    |ap_sync_reg_C_drain_IO_L1_out_2_x1_U0_ap_start           |  1|   0|    1|          0|
    |ap_sync_reg_C_drain_IO_L1_out_3_x1_U0_ap_start           |  1|   0|    1|          0|
    |ap_sync_reg_C_drain_IO_L1_out_4_x1_U0_ap_start           |  1|   0|    1|          0|
    |ap_sync_reg_C_drain_IO_L1_out_5_x1_U0_ap_start           |  1|   0|    1|          0|
    |ap_sync_reg_C_drain_IO_L1_out_6_x1_U0_ap_start           |  1|   0|    1|          0|
    |ap_sync_reg_C_drain_IO_L1_out_7_x1_U0_ap_start           |  1|   0|    1|          0|
    |ap_sync_reg_C_drain_IO_L1_out_8_x1_U0_ap_start           |  1|   0|    1|          0|
    |ap_sync_reg_C_drain_IO_L1_out_9_x1_U0_ap_start           |  1|   0|    1|          0|
    |ap_sync_reg_C_drain_IO_L1_out_boundary_0_x1_U0_ap_start  |  1|   0|    1|          0|
    |ap_sync_reg_C_drain_IO_L1_out_boundary_1_x1_U0_ap_start  |  1|   0|    1|          0|
    |ap_sync_reg_C_drain_IO_L2_out_boundary_x1_U0_ap_start    |  1|   0|    1|          0|
    |ap_sync_reg_C_drain_IO_L2_out_x1_U0_ap_start             |  1|   0|    1|          0|
    |ap_sync_reg_C_drain_IO_L3_out_x1_U0_ap_start             |  1|   0|    1|          0|
    |ap_sync_reg_PE_wrapper_0_0_x1_U0_ap_start                |  1|   0|    1|          0|
    |ap_sync_reg_PE_wrapper_0_1_x1_U0_ap_start                |  1|   0|    1|          0|
    |ap_sync_reg_PE_wrapper_10_0_x1_U0_ap_start               |  1|   0|    1|          0|
    |ap_sync_reg_PE_wrapper_10_1_x1_U0_ap_start               |  1|   0|    1|          0|
    |ap_sync_reg_PE_wrapper_11_0_x1_U0_ap_start               |  1|   0|    1|          0|
    |ap_sync_reg_PE_wrapper_11_1_x1_U0_ap_start               |  1|   0|    1|          0|
    |ap_sync_reg_PE_wrapper_12_0_x1_U0_ap_start               |  1|   0|    1|          0|
    |ap_sync_reg_PE_wrapper_12_1_x1_U0_ap_start               |  1|   0|    1|          0|
    |ap_sync_reg_PE_wrapper_1_0_x1_U0_ap_start                |  1|   0|    1|          0|
    |ap_sync_reg_PE_wrapper_1_1_x1_U0_ap_start                |  1|   0|    1|          0|
    |ap_sync_reg_PE_wrapper_2_0_x1_U0_ap_start                |  1|   0|    1|          0|
    |ap_sync_reg_PE_wrapper_2_1_x1_U0_ap_start                |  1|   0|    1|          0|
    |ap_sync_reg_PE_wrapper_3_0_x1_U0_ap_start                |  1|   0|    1|          0|
    |ap_sync_reg_PE_wrapper_3_1_x1_U0_ap_start                |  1|   0|    1|          0|
    |ap_sync_reg_PE_wrapper_4_0_x1_U0_ap_start                |  1|   0|    1|          0|
    |ap_sync_reg_PE_wrapper_4_1_x1_U0_ap_start                |  1|   0|    1|          0|
    |ap_sync_reg_PE_wrapper_5_0_x1_U0_ap_start                |  1|   0|    1|          0|
    |ap_sync_reg_PE_wrapper_5_1_x1_U0_ap_start                |  1|   0|    1|          0|
    |ap_sync_reg_PE_wrapper_6_0_x1_U0_ap_start                |  1|   0|    1|          0|
    |ap_sync_reg_PE_wrapper_6_1_x1_U0_ap_start                |  1|   0|    1|          0|
    |ap_sync_reg_PE_wrapper_7_0_x1_U0_ap_start                |  1|   0|    1|          0|
    |ap_sync_reg_PE_wrapper_7_1_x1_U0_ap_start                |  1|   0|    1|          0|
    |ap_sync_reg_PE_wrapper_8_0_x1_U0_ap_start                |  1|   0|    1|          0|
    |ap_sync_reg_PE_wrapper_8_1_x1_U0_ap_start                |  1|   0|    1|          0|
    |ap_sync_reg_PE_wrapper_9_0_x1_U0_ap_start                |  1|   0|    1|          0|
    |ap_sync_reg_PE_wrapper_9_1_x1_U0_ap_start                |  1|   0|    1|          0|
    +---------------------------------------------------------+---+----+-----+-----------+
    |Total                                                    | 87|   0|   87|          0|
    +---------------------------------------------------------+---+----+-----+-----------+



================================================================
== Interface
================================================================
* Summary: 
+-------------+-----+-----+------------+--------------+--------------+
|  RTL Ports  | Dir | Bits|  Protocol  | Source Object|    C Type    |
+-------------+-----+-----+------------+--------------+--------------+
|B_address0   |  out|   12|   ap_memory|             B|         array|
|B_ce0        |  out|    1|   ap_memory|             B|         array|
|B_d0         |  out|  503|   ap_memory|             B|         array|
|B_q0         |   in|  503|   ap_memory|             B|         array|
|B_we0        |  out|    1|   ap_memory|             B|         array|
|B_address1   |  out|   12|   ap_memory|             B|         array|
|B_ce1        |  out|    1|   ap_memory|             B|         array|
|B_d1         |  out|  503|   ap_memory|             B|         array|
|B_q1         |   in|  503|   ap_memory|             B|         array|
|B_we1        |  out|    1|   ap_memory|             B|         array|
|C_address0   |  out|   12|   ap_memory|             C|         array|
|C_ce0        |  out|    1|   ap_memory|             C|         array|
|C_d0         |  out|  512|   ap_memory|             C|         array|
|C_q0         |   in|  512|   ap_memory|             C|         array|
|C_we0        |  out|    1|   ap_memory|             C|         array|
|C_address1   |  out|   12|   ap_memory|             C|         array|
|C_ce1        |  out|    1|   ap_memory|             C|         array|
|C_d1         |  out|  512|   ap_memory|             C|         array|
|C_q1         |   in|  512|   ap_memory|             C|         array|
|C_we1        |  out|    1|   ap_memory|             C|         array|
|ap_clk       |   in|    1|  ap_ctrl_hs|    kernel3_x1|  return value|
|ap_rst       |   in|    1|  ap_ctrl_hs|    kernel3_x1|  return value|
|ap_start     |   in|    1|  ap_ctrl_hs|    kernel3_x1|  return value|
|ap_done      |  out|    1|  ap_ctrl_hs|    kernel3_x1|  return value|
|ap_ready     |  out|    1|  ap_ctrl_hs|    kernel3_x1|  return value|
|ap_idle      |  out|    1|  ap_ctrl_hs|    kernel3_x1|  return value|
|ap_continue  |   in|    1|  ap_ctrl_hs|    kernel3_x1|  return value|
+-------------+-----+-----+------------+--------------+--------------+

