

================================================================
== Vitis HLS Report for 'B_IO_L3_in_serialize_x1'
================================================================
* Date:           Sun Sep 18 03:44:45 2022

* Version:        2020.2 (Build 3064766 on Wed Nov 18 09:12:47 MST 2020)
* Project:        top
* Solution:       solution (Vitis Kernel Flow Target)
* Product family: virtexuplus
* Target device:  xcu250-figd2104-2L-e


================================================================
== Performance Estimates
================================================================
+ Timing: 
    * Summary: 
    +--------+---------+----------+------------+
    |  Clock |  Target | Estimated| Uncertainty|
    +--------+---------+----------+------------+
    |ap_clk  |  3.33 ns|  1.645 ns|     0.90 ns|
    +--------+---------+----------+------------+

+ Latency: 
    * Summary: 
    +---------+---------+-----------+-----------+------+------+---------+
    |  Latency (cycles) |   Latency (absolute)  |   Interval  | Pipeline|
    |   min   |   max   |    min    |    max    |  min |  max |   Type  |
    +---------+---------+-----------+-----------+------+------+---------+
    |     5121|     5121|  17.068 us|  17.068 us|  5121|  5121|     none|
    +---------+---------+-----------+-----------+------+------+---------+

    + Detail: 
        * Instance: 
        N/A

        * Loop: 
        +-----------------------------------+---------+---------+----------+-----------+-----------+------+----------+
        |                                   |  Latency (cycles) | Iteration|  Initiation Interval  | Trip |          |
        |             Loop Name             |   min   |   max   |  Latency |  achieved |   target  | Count| Pipelined|
        +-----------------------------------+---------+---------+----------+-----------+-----------+------+----------+
        |- B_IO_L3_in_serialize_x1_loop_1   |     5120|     5120|         5|          -|          -|  1024|        no|
        | + B_IO_L3_in_serialize_x1_loop_2  |        2|        2|         1|          -|          -|     2|        no|
        +-----------------------------------+---------+---------+----------+-----------+-----------+------+----------+



================================================================
== Utilization Estimates
================================================================
* Summary: 
+---------------------+---------+-------+---------+---------+------+
|         Name        | BRAM_18K|  DSP  |    FF   |   LUT   | URAM |
+---------------------+---------+-------+---------+---------+------+
|DSP                  |        -|      -|        -|        -|     -|
|Expression           |        -|      -|        0|       51|     -|
|FIFO                 |        -|      -|        -|        -|     -|
|Instance             |        -|      -|        -|        -|     -|
|Memory               |        -|      -|        -|        -|     -|
|Multiplexer          |        -|      -|        -|       71|     -|
|Register             |        -|      -|      148|        -|     -|
+---------------------+---------+-------+---------+---------+------+
|Total                |        0|      0|      148|      122|     0|
+---------------------+---------+-------+---------+---------+------+
|Available SLR        |     1344|   3072|   864000|   432000|   320|
+---------------------+---------+-------+---------+---------+------+
|Utilization SLR (%)  |        0|      0|       ~0|       ~0|     0|
+---------------------+---------+-------+---------+---------+------+
|Available            |     5376|  12288|  3456000|  1728000|  1280|
+---------------------+---------+-------+---------+---------+------+
|Utilization (%)      |        0|      0|       ~0|       ~0|     0|
+---------------------+---------+-------+---------+---------+------+

+ Detail: 
    * Instance: 
    N/A

    * DSP: 
    N/A

    * Memory: 
    N/A

    * FIFO: 
    N/A

    * Expression: 
    +-------------------------+----------+----+---+----+------------+------------+
    |      Variable Name      | Operation| DSP| FF| LUT| Bitwidth P0| Bitwidth P1|
    +-------------------------+----------+----+---+----+------------+------------+
    |add_ln691_fu_111_p2      |         +|   0|  0|   9|           2|           1|
    |i_V_4_fu_94_p2           |         +|   0|  0|  18|          11|           1|
    |ap_block_state4          |       and|   0|  0|   2|           1|           1|
    |icmp_ln878_34_fu_117_p2  |      icmp|   0|  0|   8|           2|           3|
    |icmp_ln878_fu_100_p2     |      icmp|   0|  0|  12|          11|          12|
    |ap_block_state1          |        or|   0|  0|   2|           1|           1|
    +-------------------------+----------+----+---+----+------------+------------+
    |Total                    |          |   0|  0|  51|          28|          19|
    +-------------------------+----------+----+---+----+------------+------------+

    * Multiplexer: 
    +---------------------------------------+----+-----------+-----+-----------+
    |                  Name                 | LUT| Input Size| Bits| Total Bits|
    +---------------------------------------+----+-----------+-----+-----------+
    |ap_NS_fsm                              |  26|          5|    1|          5|
    |ap_done                                |   9|          2|    1|          2|
    |fifo_B_B_IO_L3_in_serialize_x12_blk_n  |   9|          2|    1|          2|
    |i_V_reg_62                             |   9|          2|   11|         22|
    |p_V_reg_73                             |   9|          2|    2|          4|
    |p_Val2_s_reg_84                        |   9|          2|  119|        238|
    +---------------------------------------+----+-----------+-----+-----------+
    |Total                                  |  71|         15|  135|        273|
    +---------------------------------------+----+-----------+-----+-----------+

    * Register: 
    +-----------------+-----+----+-----+-----------+
    |       Name      |  FF | LUT| Bits| Const Bits|
    +-----------------+-----+----+-----+-----------+
    |ap_CS_fsm        |    4|   0|    4|          0|
    |ap_done_reg      |    1|   0|    1|          0|
    |i_V_4_reg_128    |   11|   0|   11|          0|
    |i_V_reg_62       |   11|   0|   11|          0|
    |p_V_reg_73       |    2|   0|    2|          0|
    |p_Val2_s_reg_84  |  119|   0|  119|          0|
    +-----------------+-----+----+-----+-----------+
    |Total            |  148|   0|  148|          0|
    +-----------------+-----+----+-----+-----------+



================================================================
== Interface
================================================================
* Summary: 
+----------------------------------------+-----+-----+------------+---------------------------------+--------------+
|                RTL Ports               | Dir | Bits|  Protocol  |          Source Object          |    C Type    |
+----------------------------------------+-----+-----+------------+---------------------------------+--------------+
|ap_clk                                  |   in|    1|  ap_ctrl_hs|          B_IO_L3_in_serialize_x1|  return value|
|ap_rst                                  |   in|    1|  ap_ctrl_hs|          B_IO_L3_in_serialize_x1|  return value|
|ap_start                                |   in|    1|  ap_ctrl_hs|          B_IO_L3_in_serialize_x1|  return value|
|ap_done                                 |  out|    1|  ap_ctrl_hs|          B_IO_L3_in_serialize_x1|  return value|
|ap_continue                             |   in|    1|  ap_ctrl_hs|          B_IO_L3_in_serialize_x1|  return value|
|ap_idle                                 |  out|    1|  ap_ctrl_hs|          B_IO_L3_in_serialize_x1|  return value|
|ap_ready                                |  out|    1|  ap_ctrl_hs|          B_IO_L3_in_serialize_x1|  return value|
|fifo_B_B_IO_L3_in_serialize_x12_din     |  out|  256|     ap_fifo|  fifo_B_B_IO_L3_in_serialize_x12|       pointer|
|fifo_B_B_IO_L3_in_serialize_x12_full_n  |   in|    1|     ap_fifo|  fifo_B_B_IO_L3_in_serialize_x12|       pointer|
|fifo_B_B_IO_L3_in_serialize_x12_write   |  out|    1|     ap_fifo|  fifo_B_B_IO_L3_in_serialize_x12|       pointer|
|B_address0                              |  out|   12|   ap_memory|                                B|         array|
|B_ce0                                   |  out|    1|   ap_memory|                                B|         array|
|B_q0                                    |   in|  119|   ap_memory|                                B|         array|
+----------------------------------------+-----+-----+------------+---------------------------------+--------------+

============================================================
+ Verbose Summary: Synthesis Manager
============================================================
InlineROM: 1
ExposeGlobal: 0
============================================================
+ Verbose Summary: CDFG Model
============================================================
IsTopModel: 0
ResetActiveHigh: 1
IsCombinational: 2
IsDatapathOnly: 0
HasWiredReturn: 1
HasMFsm: 0
HasVarLatency: 1
IsPipeline: 0
IsRtlPipelined: 0
IsInstanceOverlapped: 0
IsDontTouch: 0
HasImplIP: 0
IsGatedGlobalClock: 0


============================================================
+ Verbose Summary: Schedule
============================================================
* Number of FSM states : 4
* Pipeline : 0
* Dataflow Pipeline: 0

* FSM state transitions: 
1 --> 2 
2 --> 3 
3 --> 4 
4 --> 4 2 

* FSM state operations: 

State 1 <SV = 0> <Delay = 0.38>
ST_1 : Operation 5 [1/1] (0.00ns)   --->   "%specinterface_ln0 = specinterface void @_ssdm_op_SpecInterface, i256 %fifo_B_B_IO_L3_in_serialize_x12, void @empty_708, i32 0, i32 0, void @empty_1340, i32 0, i32 0, void @empty_1340, void @empty_1340, void @empty_1340, i32 0, i32 0, i32 0, i32 0, void @empty_1340, void @empty_1340"   --->   Operation 5 'specinterface' 'specinterface_ln0' <Predicate = true> <Delay = 0.00>
ST_1 : Operation 6 [1/1] (0.38ns)   --->   "%br_ln15124 = br void" [./dut.cpp:15124]   --->   Operation 6 'br' 'br_ln15124' <Predicate = true> <Delay = 0.38>

State 2 <SV = 1> <Delay = 1.64>
ST_2 : Operation 7 [1/1] (0.00ns)   --->   "%i_V = phi i11 0, void, i11 %i_V_4, void"   --->   Operation 7 'phi' 'i_V' <Predicate = true> <Delay = 0.00>
ST_2 : Operation 8 [1/1] (0.73ns)   --->   "%i_V_4 = add i11 %i_V, i11 1"   --->   Operation 8 'add' 'i_V_4' <Predicate = true> <Delay = 0.73> <CoreInst = "Adder">   --->   Core 1 'Adder' <Latency = 0> <II = 1> <Delay = 0.73> <FuncUnit> <Opcode : 'add' 'sub'> <InPorts = 2> <OutPorts = 1>
ST_2 : Operation 9 [1/1] (0.61ns)   --->   "%icmp_ln878 = icmp_eq  i11 %i_V, i11 1024"   --->   Operation 9 'icmp' 'icmp_ln878' <Predicate = true> <Delay = 0.61> <CoreInst = "Cmp">   --->   Core 9 'Cmp' <Latency = 0> <II = 1> <Delay = 0.62> <FuncUnit> <Opcode : 'icmp'> <InPorts = 2> <OutPorts = 1>
ST_2 : Operation 10 [1/1] (0.00ns)   --->   "%speclooptripcount_ln0 = speclooptripcount void @_ssdm_op_SpecLoopTripCount, i64 1024, i64 1024, i64 1024"   --->   Operation 10 'speclooptripcount' 'speclooptripcount_ln0' <Predicate = true> <Delay = 0.00>
ST_2 : Operation 11 [1/1] (0.00ns)   --->   "%br_ln15124 = br i1 %icmp_ln878, void %.split2, void" [./dut.cpp:15124]   --->   Operation 11 'br' 'br_ln15124' <Predicate = true> <Delay = 0.00>
ST_2 : Operation 12 [1/1] (0.00ns)   --->   "%zext_ln534 = zext i11 %i_V"   --->   Operation 12 'zext' 'zext_ln534' <Predicate = (!icmp_ln878)> <Delay = 0.00>
ST_2 : Operation 13 [1/1] (0.00ns)   --->   "%B_addr = getelementptr i119 %B, i64 0, i64 %zext_ln534" [./dut.cpp:15126]   --->   Operation 13 'getelementptr' 'B_addr' <Predicate = (!icmp_ln878)> <Delay = 0.00>
ST_2 : Operation 14 [2/2] (1.64ns)   --->   "%mem_data_V = load i12 %B_addr" [./dut.cpp:15126]   --->   Operation 14 'load' 'mem_data_V' <Predicate = (!icmp_ln878)> <Delay = 1.64> <CoreInst = "RAM">   --->   Core 83 'RAM' <Latency = 1> <II = 1> <Delay = 1.64> <Storage> <Opcode : 'load' 'store'> <Ports = 2> <Width = 119> <Depth = 4096> <RAM>
ST_2 : Operation 15 [1/1] (0.00ns)   --->   "%ret_ln15133 = ret" [./dut.cpp:15133]   --->   Operation 15 'ret' 'ret_ln15133' <Predicate = (icmp_ln878)> <Delay = 0.00>

State 3 <SV = 2> <Delay = 1.64>
ST_3 : Operation 16 [1/1] (0.00ns)   --->   "%specloopname_ln15124 = specloopname void @_ssdm_op_SpecLoopName, void @empty_1086" [./dut.cpp:15124]   --->   Operation 16 'specloopname' 'specloopname_ln15124' <Predicate = true> <Delay = 0.00>
ST_3 : Operation 17 [1/2] (1.64ns)   --->   "%mem_data_V = load i12 %B_addr" [./dut.cpp:15126]   --->   Operation 17 'load' 'mem_data_V' <Predicate = true> <Delay = 1.64> <CoreInst = "RAM">   --->   Core 83 'RAM' <Latency = 1> <II = 1> <Delay = 1.64> <Storage> <Opcode : 'load' 'store'> <Ports = 2> <Width = 119> <Depth = 4096> <RAM>
ST_3 : Operation 18 [1/1] (0.38ns)   --->   "%br_ln15127 = br void" [./dut.cpp:15127]   --->   Operation 18 'br' 'br_ln15127' <Predicate = true> <Delay = 0.38>

State 4 <SV = 3> <Delay = 1.55>
ST_4 : Operation 19 [1/1] (0.00ns)   --->   "%p_V = phi i2 %add_ln691, void %.split, i2 0, void %.split2"   --->   Operation 19 'phi' 'p_V' <Predicate = true> <Delay = 0.00>
ST_4 : Operation 20 [1/1] (0.00ns)   --->   "%p_Val2_s = phi i119 0, void %.split, i119 %mem_data_V, void %.split2"   --->   Operation 20 'phi' 'p_Val2_s' <Predicate = true> <Delay = 0.00>
ST_4 : Operation 21 [1/1] (0.43ns)   --->   "%add_ln691 = add i2 %p_V, i2 1"   --->   Operation 21 'add' 'add_ln691' <Predicate = true> <Delay = 0.43> <CoreInst = "Adder">   --->   Core 1 'Adder' <Latency = 0> <II = 1> <Delay = 0.73> <FuncUnit> <Opcode : 'add' 'sub'> <InPorts = 2> <OutPorts = 1>
ST_4 : Operation 22 [1/1] (0.34ns)   --->   "%icmp_ln878_34 = icmp_eq  i2 %p_V, i2 2"   --->   Operation 22 'icmp' 'icmp_ln878_34' <Predicate = true> <Delay = 0.34> <CoreInst = "Cmp">   --->   Core 9 'Cmp' <Latency = 0> <II = 1> <Delay = 0.62> <FuncUnit> <Opcode : 'icmp'> <InPorts = 2> <OutPorts = 1>
ST_4 : Operation 23 [1/1] (0.00ns)   --->   "%speclooptripcount_ln0 = speclooptripcount void @_ssdm_op_SpecLoopTripCount, i64 2, i64 2, i64 2"   --->   Operation 23 'speclooptripcount' 'speclooptripcount_ln0' <Predicate = true> <Delay = 0.00>
ST_4 : Operation 24 [1/1] (0.00ns)   --->   "%br_ln15127 = br i1 %icmp_ln878_34, void %.split, void" [./dut.cpp:15127]   --->   Operation 24 'br' 'br_ln15127' <Predicate = true> <Delay = 0.00>
ST_4 : Operation 25 [1/1] (0.00ns)   --->   "%specloopname_ln674 = specloopname void @_ssdm_op_SpecLoopName, void @empty_350"   --->   Operation 25 'specloopname' 'specloopname_ln674' <Predicate = (!icmp_ln878_34)> <Delay = 0.00>
ST_4 : Operation 26 [1/1] (0.00ns)   --->   "%zext_ln674 = zext i119 %p_Val2_s"   --->   Operation 26 'zext' 'zext_ln674' <Predicate = (!icmp_ln878_34)> <Delay = 0.00>
ST_4 : Operation 27 [1/1] (1.21ns)   --->   "%write_ln174 = write void @_ssdm_op_Write.ap_fifo.volatile.i256P0A, i256 %fifo_B_B_IO_L3_in_serialize_x12, i256 %zext_ln674" [/home/rcslfpgaserver/Softwares/Xilinx/Vitis_HLS/2020.2/common/technology/autopilot/hls_stream_39.h:174]   --->   Operation 27 'write' 'write_ln174' <Predicate = (!icmp_ln878_34)> <Delay = 1.21> <CoreInst = "FIFO_SRL">   --->   Core 81 'FIFO_SRL' <Latency = 0> <II = 1> <Delay = 1.42> <Storage> <Opcode : 'read' 'write' 'nbread' 'nbwrite'> <Ports = 0> <Width = 256> <Depth = 2> <FIFO>
ST_4 : Operation 28 [1/1] (0.00ns)   --->   "%br_ln0 = br void"   --->   Operation 28 'br' 'br_ln0' <Predicate = (!icmp_ln878_34)> <Delay = 0.00>
ST_4 : Operation 29 [1/1] (0.00ns)   --->   "%br_ln0 = br void"   --->   Operation 29 'br' 'br_ln0' <Predicate = (icmp_ln878_34)> <Delay = 0.00>


============================================================
+ Verbose Summary: Binding
============================================================
STG Binding: 
---------------- STG Properties BEGIN ----------------
- Is combinational: 0
- Is one-state seq: 0
- Is datapath-only: 0
- Is pipelined: 0
- Is top level: 0
Port [ Return ] is wired: 1; IO mode=ap_ctrl_hs:ce=0
Port [ fifo_B_B_IO_L3_in_serialize_x12]:  wired=1; compound=1; hidden=0; nouse=0; global=0; static=0; extern=0; dir=1; type=3; pingpong=0; private_global=0; IO mode=ap_fifo:ce=0
Port [ B]:  wired=1; compound=1; hidden=0; nouse=0; global=0; static=0; extern=0; dir=0; type=1; pingpong=0; private_global=0; MemPort=[13]; IO mode=ap_memory:ce=0
---------------- STG Properties END ------------------

---------------- Datapath Model BEGIN ----------------

<LifeTime>
<method=bitvector/>
specinterface_ln0     (specinterface    ) [ 00000]
br_ln15124            (br               ) [ 01111]
i_V                   (phi              ) [ 00100]
i_V_4                 (add              ) [ 01111]
icmp_ln878            (icmp             ) [ 00111]
speclooptripcount_ln0 (speclooptripcount) [ 00000]
br_ln15124            (br               ) [ 00000]
zext_ln534            (zext             ) [ 00000]
B_addr                (getelementptr    ) [ 00010]
ret_ln15133           (ret              ) [ 00000]
specloopname_ln15124  (specloopname     ) [ 00000]
mem_data_V            (load             ) [ 00111]
br_ln15127            (br               ) [ 00111]
p_V                   (phi              ) [ 00001]
p_Val2_s              (phi              ) [ 00001]
add_ln691             (add              ) [ 00111]
icmp_ln878_34         (icmp             ) [ 00111]
speclooptripcount_ln0 (speclooptripcount) [ 00000]
br_ln15127            (br               ) [ 00000]
specloopname_ln674    (specloopname     ) [ 00000]
zext_ln674            (zext             ) [ 00000]
write_ln174           (write            ) [ 00000]
br_ln0                (br               ) [ 00111]
br_ln0                (br               ) [ 01111]
</LifeTime>

<model>

<comp_list>
<comp id="0" class="1000" name="fifo_B_B_IO_L3_in_serialize_x12">
<pin_list>
<pin id="1" dir="1" index="0" bw="1" slack="0"/>
</pin_list>
<bind>
<StgValue><ssdm name="fifo_B_B_IO_L3_in_serialize_x12"/></StgValue>
</bind>
</comp>

<comp id="2" class="1000" name="B">
<pin_list>
<pin id="3" dir="1" index="0" bw="1" slack="0"/>
</pin_list>
<bind>
<StgValue><ssdm name="B"/><MemPortTyVec>1 3 </MemPortTyVec>
</StgValue>
</bind>
</comp>

<comp id="4" class="1001" name="const_4">
<pin_list>
<pin id="5" dir="1" index="0" bw="1" slack="2147483647"/>
</pin_list>
<bind>
<StgValue><ssdm name="_ssdm_op_SpecInterface"/></StgValue>
</bind>
</comp>

<comp id="6" class="1001" name="const_6">
<pin_list>
<pin id="7" dir="1" index="0" bw="1" slack="2147483647"/>
</pin_list>
<bind>
<StgValue><ssdm name="empty_708"/></StgValue>
</bind>
</comp>

<comp id="8" class="1001" name="const_8">
<pin_list>
<pin id="9" dir="1" index="0" bw="1" slack="2147483647"/>
</pin_list>
<bind>
<StgValue><ssdm name=""/></StgValue>
</bind>
</comp>

<comp id="10" class="1001" name="const_10">
<pin_list>
<pin id="11" dir="1" index="0" bw="1" slack="2147483647"/>
</pin_list>
<bind>
<StgValue><ssdm name="empty_1340"/></StgValue>
</bind>
</comp>

<comp id="12" class="1001" name="const_12">
<pin_list>
<pin id="13" dir="1" index="0" bw="1" slack="1"/>
</pin_list>
<bind>
<StgValue><ssdm name=""/></StgValue>
</bind>
</comp>

<comp id="14" class="1001" name="const_14">
<pin_list>
<pin id="15" dir="1" index="0" bw="1" slack="0"/>
</pin_list>
<bind>
<StgValue><ssdm name=""/></StgValue>
</bind>
</comp>

<comp id="16" class="1001" name="const_16">
<pin_list>
<pin id="17" dir="1" index="0" bw="1" slack="0"/>
</pin_list>
<bind>
<StgValue><ssdm name=""/></StgValue>
</bind>
</comp>

<comp id="18" class="1001" name="const_18">
<pin_list>
<pin id="19" dir="1" index="0" bw="1" slack="2147483647"/>
</pin_list>
<bind>
<StgValue><ssdm name="_ssdm_op_SpecLoopTripCount"/></StgValue>
</bind>
</comp>

<comp id="20" class="1001" name="const_20">
<pin_list>
<pin id="21" dir="1" index="0" bw="1" slack="2147483647"/>
</pin_list>
<bind>
<StgValue><ssdm name=""/></StgValue>
</bind>
</comp>

<comp id="22" class="1001" name="const_22">
<pin_list>
<pin id="23" dir="1" index="0" bw="1" slack="0"/>
</pin_list>
<bind>
<StgValue><ssdm name=""/></StgValue>
</bind>
</comp>

<comp id="24" class="1001" name="const_24">
<pin_list>
<pin id="25" dir="1" index="0" bw="1" slack="2147483647"/>
</pin_list>
<bind>
<StgValue><ssdm name="_ssdm_op_SpecLoopName"/></StgValue>
</bind>
</comp>

<comp id="26" class="1001" name="const_26">
<pin_list>
<pin id="27" dir="1" index="0" bw="1" slack="2147483647"/>
</pin_list>
<bind>
<StgValue><ssdm name="empty_1086"/></StgValue>
</bind>
</comp>

<comp id="28" class="1001" name="const_28">
<pin_list>
<pin id="29" dir="1" index="0" bw="1" slack="1"/>
</pin_list>
<bind>
<StgValue><ssdm name=""/></StgValue>
</bind>
</comp>

<comp id="30" class="1001" name="const_30">
<pin_list>
<pin id="31" dir="1" index="0" bw="1" slack="0"/>
</pin_list>
<bind>
<StgValue><ssdm name=""/></StgValue>
</bind>
</comp>

<comp id="32" class="1001" name="const_32">
<pin_list>
<pin id="33" dir="1" index="0" bw="1" slack="0"/>
</pin_list>
<bind>
<StgValue><ssdm name=""/></StgValue>
</bind>
</comp>

<comp id="34" class="1001" name="const_34">
<pin_list>
<pin id="35" dir="1" index="0" bw="1" slack="0"/>
</pin_list>
<bind>
<StgValue><ssdm name=""/></StgValue>
</bind>
</comp>

<comp id="36" class="1001" name="const_36">
<pin_list>
<pin id="37" dir="1" index="0" bw="1" slack="2147483647"/>
</pin_list>
<bind>
<StgValue><ssdm name=""/></StgValue>
</bind>
</comp>

<comp id="38" class="1001" name="const_38">
<pin_list>
<pin id="39" dir="1" index="0" bw="1" slack="2147483647"/>
</pin_list>
<bind>
<StgValue><ssdm name="empty_350"/></StgValue>
</bind>
</comp>

<comp id="40" class="1001" name="const_40">
<pin_list>
<pin id="41" dir="1" index="0" bw="1" slack="0"/>
</pin_list>
<bind>
<StgValue><ssdm name="_ssdm_op_Write.ap_fifo.volatile.i256P0A"/></StgValue>
</bind>
</comp>

<comp id="42" class="1004" name="write_ln174_write_fu_42">
<pin_list>
<pin id="43" dir="0" index="0" bw="0" slack="0"/>
<pin id="44" dir="0" index="1" bw="256" slack="0"/>
<pin id="45" dir="0" index="2" bw="119" slack="0"/>
<pin id="46" dir="1" index="3" bw="0" slack="2147483647"/>
</pin_list>
<bind>
<opcode="write(1151) " fcode="write"/>
<opset="write_ln174/4 "/>
</bind>
</comp>

<comp id="49" class="1004" name="B_addr_gep_fu_49">
<pin_list>
<pin id="50" dir="0" index="0" bw="119" slack="0"/>
<pin id="51" dir="0" index="1" bw="1" slack="0"/>
<pin id="52" dir="0" index="2" bw="11" slack="0"/>
<pin id="53" dir="1" index="3" bw="12" slack="0"/>
</pin_list>
<bind>
<opcode="getelementptr(29) " fcode="getelementptr"/>
<opset="B_addr/2 "/>
</bind>
</comp>

<comp id="56" class="1004" name="grp_access_fu_56">
<pin_list>
<pin id="57" dir="0" index="0" bw="12" slack="0"/>
<pin id="58" dir="0" index="1" bw="119" slack="2147483647"/>
<pin id="59" dir="0" index="2" bw="0" slack="2147483647"/>
<pin id="60" dir="1" index="3" bw="119" slack="1"/>
</pin_list>
<bind>
<opcode="load(27) " fcode="load"/>
<opset="mem_data_V/2 "/>
</bind>
</comp>

<comp id="62" class="1005" name="i_V_reg_62">
<pin_list>
<pin id="63" dir="0" index="0" bw="11" slack="1"/>
<pin id="64" dir="1" index="1" bw="11" slack="1"/>
</pin_list>
<bind>
<opset="i_V (phireg) "/>
</bind>
</comp>

<comp id="66" class="1004" name="i_V_phi_fu_66">
<pin_list>
<pin id="67" dir="0" index="0" bw="1" slack="1"/>
<pin id="68" dir="0" index="1" bw="0" slack="2147483647"/>
<pin id="69" dir="0" index="2" bw="11" slack="0"/>
<pin id="70" dir="0" index="3" bw="0" slack="2147483647"/>
<pin id="71" dir="1" index="4" bw="11" slack="0"/>
</pin_list>
<bind>
<opcode="phi(47) " fcode="phi"/>
<opset="i_V/2 "/>
</bind>
</comp>

<comp id="73" class="1005" name="p_V_reg_73">
<pin_list>
<pin id="74" dir="0" index="0" bw="2" slack="1"/>
<pin id="75" dir="1" index="1" bw="2" slack="1"/>
</pin_list>
<bind>
<opset="p_V (phireg) "/>
</bind>
</comp>

<comp id="77" class="1004" name="p_V_phi_fu_77">
<pin_list>
<pin id="78" dir="0" index="0" bw="2" slack="0"/>
<pin id="79" dir="0" index="1" bw="0" slack="2147483647"/>
<pin id="80" dir="0" index="2" bw="1" slack="1"/>
<pin id="81" dir="0" index="3" bw="0" slack="2147483647"/>
<pin id="82" dir="1" index="4" bw="2" slack="0"/>
</pin_list>
<bind>
<opcode="phi(47) " fcode="phi"/>
<opset="p_V/4 "/>
</bind>
</comp>

<comp id="84" class="1005" name="p_Val2_s_reg_84">
<pin_list>
<pin id="85" dir="0" index="0" bw="119" slack="2147483647"/>
<pin id="86" dir="1" index="1" bw="119" slack="2147483647"/>
</pin_list>
<bind>
<opset="p_Val2_s (phireg) "/>
</bind>
</comp>

<comp id="87" class="1004" name="p_Val2_s_phi_fu_87">
<pin_list>
<pin id="88" dir="0" index="0" bw="1" slack="0"/>
<pin id="89" dir="0" index="1" bw="0" slack="2147483647"/>
<pin id="90" dir="0" index="2" bw="119" slack="1"/>
<pin id="91" dir="0" index="3" bw="0" slack="2147483647"/>
<pin id="92" dir="1" index="4" bw="119" slack="0"/>
</pin_list>
<bind>
<opcode="phi(47) " fcode="phi"/>
<opset="p_Val2_s/4 "/>
</bind>
</comp>

<comp id="94" class="1004" name="i_V_4_fu_94">
<pin_list>
<pin id="95" dir="0" index="0" bw="11" slack="0"/>
<pin id="96" dir="0" index="1" bw="1" slack="0"/>
<pin id="97" dir="1" index="2" bw="11" slack="0"/>
</pin_list>
<bind>
<opcode="add(8) " fcode="add"/>
<opset="i_V_4/2 "/>
</bind>
</comp>

<comp id="100" class="1004" name="icmp_ln878_fu_100">
<pin_list>
<pin id="101" dir="0" index="0" bw="11" slack="0"/>
<pin id="102" dir="0" index="1" bw="11" slack="0"/>
<pin id="103" dir="1" index="2" bw="1" slack="2147483647"/>
</pin_list>
<bind>
<opcode="icmp(45) " fcode="icmp"/>
<opset="icmp_ln878/2 "/>
</bind>
</comp>

<comp id="106" class="1004" name="zext_ln534_fu_106">
<pin_list>
<pin id="107" dir="0" index="0" bw="11" slack="0"/>
<pin id="108" dir="1" index="1" bw="64" slack="0"/>
</pin_list>
<bind>
<opcode="zext(34) " fcode="zext"/>
<opset="zext_ln534/2 "/>
</bind>
</comp>

<comp id="111" class="1004" name="add_ln691_fu_111">
<pin_list>
<pin id="112" dir="0" index="0" bw="2" slack="0"/>
<pin id="113" dir="0" index="1" bw="1" slack="0"/>
<pin id="114" dir="1" index="2" bw="2" slack="0"/>
</pin_list>
<bind>
<opcode="add(8) " fcode="add"/>
<opset="add_ln691/4 "/>
</bind>
</comp>

<comp id="117" class="1004" name="icmp_ln878_34_fu_117">
<pin_list>
<pin id="118" dir="0" index="0" bw="2" slack="0"/>
<pin id="119" dir="0" index="1" bw="2" slack="0"/>
<pin id="120" dir="1" index="2" bw="1" slack="2147483647"/>
</pin_list>
<bind>
<opcode="icmp(45) " fcode="icmp"/>
<opset="icmp_ln878_34/4 "/>
</bind>
</comp>

<comp id="123" class="1004" name="zext_ln674_fu_123">
<pin_list>
<pin id="124" dir="0" index="0" bw="119" slack="0"/>
<pin id="125" dir="1" index="1" bw="256" slack="0"/>
</pin_list>
<bind>
<opcode="zext(34) " fcode="zext"/>
<opset="zext_ln674/4 "/>
</bind>
</comp>

<comp id="128" class="1005" name="i_V_4_reg_128">
<pin_list>
<pin id="129" dir="0" index="0" bw="11" slack="0"/>
<pin id="130" dir="1" index="1" bw="11" slack="0"/>
</pin_list>
<bind>
<opset="i_V_4 "/>
</bind>
</comp>

<comp id="136" class="1005" name="B_addr_reg_136">
<pin_list>
<pin id="137" dir="0" index="0" bw="12" slack="1"/>
<pin id="138" dir="1" index="1" bw="12" slack="1"/>
</pin_list>
<bind>
<opset="B_addr "/>
</bind>
</comp>

<comp id="141" class="1005" name="mem_data_V_reg_141">
<pin_list>
<pin id="142" dir="0" index="0" bw="119" slack="1"/>
<pin id="143" dir="1" index="1" bw="119" slack="1"/>
</pin_list>
<bind>
<opset="mem_data_V "/>
</bind>
</comp>

<comp id="146" class="1005" name="add_ln691_reg_146">
<pin_list>
<pin id="147" dir="0" index="0" bw="2" slack="0"/>
<pin id="148" dir="1" index="1" bw="2" slack="0"/>
</pin_list>
<bind>
<opset="add_ln691 "/>
</bind>
</comp>

</comp_list>

<net_list>
<net id="47"><net_src comp="40" pin="0"/><net_sink comp="42" pin=0"/></net>

<net id="48"><net_src comp="0" pin="0"/><net_sink comp="42" pin=1"/></net>

<net id="54"><net_src comp="2" pin="0"/><net_sink comp="49" pin=0"/></net>

<net id="55"><net_src comp="22" pin="0"/><net_sink comp="49" pin=1"/></net>

<net id="61"><net_src comp="49" pin="3"/><net_sink comp="56" pin=0"/></net>

<net id="65"><net_src comp="12" pin="0"/><net_sink comp="62" pin=0"/></net>

<net id="72"><net_src comp="62" pin="1"/><net_sink comp="66" pin=0"/></net>

<net id="76"><net_src comp="28" pin="0"/><net_sink comp="73" pin=0"/></net>

<net id="83"><net_src comp="73" pin="1"/><net_sink comp="77" pin=2"/></net>

<net id="93"><net_src comp="30" pin="0"/><net_sink comp="87" pin=0"/></net>

<net id="98"><net_src comp="66" pin="4"/><net_sink comp="94" pin=0"/></net>

<net id="99"><net_src comp="14" pin="0"/><net_sink comp="94" pin=1"/></net>

<net id="104"><net_src comp="66" pin="4"/><net_sink comp="100" pin=0"/></net>

<net id="105"><net_src comp="16" pin="0"/><net_sink comp="100" pin=1"/></net>

<net id="109"><net_src comp="66" pin="4"/><net_sink comp="106" pin=0"/></net>

<net id="110"><net_src comp="106" pin="1"/><net_sink comp="49" pin=2"/></net>

<net id="115"><net_src comp="77" pin="4"/><net_sink comp="111" pin=0"/></net>

<net id="116"><net_src comp="32" pin="0"/><net_sink comp="111" pin=1"/></net>

<net id="121"><net_src comp="77" pin="4"/><net_sink comp="117" pin=0"/></net>

<net id="122"><net_src comp="34" pin="0"/><net_sink comp="117" pin=1"/></net>

<net id="126"><net_src comp="87" pin="4"/><net_sink comp="123" pin=0"/></net>

<net id="127"><net_src comp="123" pin="1"/><net_sink comp="42" pin=2"/></net>

<net id="131"><net_src comp="94" pin="2"/><net_sink comp="128" pin=0"/></net>

<net id="132"><net_src comp="128" pin="1"/><net_sink comp="66" pin=2"/></net>

<net id="139"><net_src comp="49" pin="3"/><net_sink comp="136" pin=0"/></net>

<net id="140"><net_src comp="136" pin="1"/><net_sink comp="56" pin=0"/></net>

<net id="144"><net_src comp="56" pin="3"/><net_sink comp="141" pin=0"/></net>

<net id="145"><net_src comp="141" pin="1"/><net_sink comp="87" pin=2"/></net>

<net id="149"><net_src comp="111" pin="2"/><net_sink comp="146" pin=0"/></net>

<net id="150"><net_src comp="146" pin="1"/><net_sink comp="77" pin=0"/></net>

</net_list>

</model> 
---------------- Datapath Model END ------------------

* FSMD analyzer results:
  - Output states:
	Port: fifo_B_B_IO_L3_in_serialize_x12 | {4 }
	Port: B | {}
 - Input state : 
	Port: B_IO_L3_in_serialize_x1 : B | {2 3 }
  - Chain level:
	State 1
	State 2
		i_V_4 : 1
		icmp_ln878 : 1
		br_ln15124 : 2
		zext_ln534 : 1
		B_addr : 2
		mem_data_V : 3
	State 3
	State 4
		add_ln691 : 1
		icmp_ln878_34 : 1
		br_ln15127 : 2
		zext_ln674 : 1
		write_ln174 : 2


============================================================
+ Verbose Summary: Datapath Resource usage 
============================================================

* Functional unit list:
|----------|-------------------------|---------|---------|
| Operation|     Functional Unit     |    FF   |   LUT   |
|----------|-------------------------|---------|---------|
|    add   |       i_V_4_fu_94       |    0    |    18   |
|          |     add_ln691_fu_111    |    0    |    9    |
|----------|-------------------------|---------|---------|
|   icmp   |    icmp_ln878_fu_100    |    0    |    11   |
|          |   icmp_ln878_34_fu_117  |    0    |    8    |
|----------|-------------------------|---------|---------|
|   write  | write_ln174_write_fu_42 |    0    |    0    |
|----------|-------------------------|---------|---------|
|   zext   |    zext_ln534_fu_106    |    0    |    0    |
|          |    zext_ln674_fu_123    |    0    |    0    |
|----------|-------------------------|---------|---------|
|   Total  |                         |    0    |    46   |
|----------|-------------------------|---------|---------|

Memories:
N/A

* Register list:
+------------------+--------+
|                  |   FF   |
+------------------+--------+
|  B_addr_reg_136  |   12   |
| add_ln691_reg_146|    2   |
|   i_V_4_reg_128  |   11   |
|    i_V_reg_62    |   11   |
|mem_data_V_reg_141|   119  |
|    p_V_reg_73    |    2   |
|  p_Val2_s_reg_84 |   119  |
+------------------+--------+
|       Total      |   276  |
+------------------+--------+

* Multiplexer (MUX) list: 
|------------------|------|------|------|--------||---------||---------|
|       Comp       |  Pin | Size |  BW  | S x BW ||  Delay  ||   LUT   |
|------------------|------|------|------|--------||---------||---------|
| grp_access_fu_56 |  p0  |   2  |  12  |   24   ||    9    |
|------------------|------|------|------|--------||---------||---------|
|       Total      |      |      |      |   24   ||  0.387  ||    9    |
|------------------|------|------|------|--------||---------||---------|



* Summary:
+-----------+--------+--------+--------+
|           |  Delay |   FF   |   LUT  |
+-----------+--------+--------+--------+
|  Function |    -   |    0   |   46   |
|   Memory  |    -   |    -   |    -   |
|Multiplexer|    0   |    -   |    9   |
|  Register |    -   |   276  |    -   |
+-----------+--------+--------+--------+
|   Total   |    0   |   276  |   55   |
+-----------+--------+--------+--------+
