

================================================================
== Vitis HLS Report for 'C_drain_IO_L1_out_wrapper_5_6_x1'
================================================================
* Date:           Mon Sep 19 23:19:19 2022

* Version:        2020.2 (Build 3064766 on Wed Nov 18 09:12:47 MST 2020)
* Project:        top
* Solution:       solution (Vitis Kernel Flow Target)
* Product family: virtexuplus
* Target device:  xcu250-figd2104-2L-e


================================================================
== Performance Estimates
================================================================
+ Timing: 
    * Summary: 
    +--------+---------+----------+------------+
    |  Clock |  Target | Estimated| Uncertainty|
    +--------+---------+----------+------------+
    |ap_clk  |  3.33 ns|  2.433 ns|     0.90 ns|
    +--------+---------+----------+------------+

+ Latency: 
    * Summary: 
    +---------+---------+----------+----------+--------+--------+---------+
    |  Latency (cycles) |  Latency (absolute) |     Interval    | Pipeline|
    |   min   |   max   |    min   |    max   |   min  |   max  |   Type  |
    +---------+---------+----------+----------+--------+--------+---------+
    |   276257|   276257|  0.921 ms|  0.921 ms|  276257|  276257|     none|
    +---------+---------+----------+----------+--------+--------+---------+

    + Detail: 
        * Instance: 
        N/A

        * Loop: 
        +--------------------------------------------------+---------+---------+----------+-----------+-----------+------+----------+
        |                                                  |  Latency (cycles) | Iteration|  Initiation Interval  | Trip |          |
        |                     Loop Name                    |   min   |   max   |  Latency |  achieved |   target  | Count| Pipelined|
        +--------------------------------------------------+---------+---------+----------+-----------+-----------+------+----------+
        |- C_drain_IO_L1_out_wrapper_5_6_x1_loop_1         |   276256|   276256|     17266|          -|          -|    16|        no|
        | + C_drain_IO_L1_out_wrapper_5_6_x1_loop_2        |    17264|    17264|      1079|          -|          -|    16|        no|
        |  ++ C_drain_IO_L1_out_wrapper_5_6_x1_loop_3      |     1040|     1040|       130|          -|          -|     8|        no|
        |   +++ C_drain_IO_L1_out_wrapper_5_6_x1_loop_4    |      128|      128|        16|          -|          -|     8|        no|
        |    ++++ C_drain_IO_L1_out_wrapper_5_6_x1_loop_5  |        8|        8|         1|          -|          -|     8|        no|
        |  ++ C_drain_IO_L1_out_wrapper_5_6_x1_loop_6      |       36|       36|        18|          -|          -|     2|        no|
        |   +++ C_drain_IO_L1_out_wrapper_5_6_x1_loop_7    |       16|       16|         2|          -|          -|     8|        no|
        |   +++ C_drain_IO_L1_out_wrapper_5_6_x1_loop_8    |       16|       16|         2|          -|          -|     8|        no|
        +--------------------------------------------------+---------+---------+----------+-----------+-----------+------+----------+

============================================================
+ Verbose Summary: Synthesis Manager
============================================================
InlineROM: 1
ExposeGlobal: 0
============================================================
+ Verbose Summary: CDFG Model
============================================================
IsTopModel: 0
ResetActiveHigh: 1
IsCombinational: 2
IsDatapathOnly: 0
HasWiredReturn: 1
HasMFsm: 0
HasVarLatency: 1
IsPipeline: 0
IsRtlPipelined: 0
IsInstanceOverlapped: 0
IsDontTouch: 0
HasImplIP: 0
IsGatedGlobalClock: 0


============================================================
+ Verbose Summary: Schedule
============================================================
* Number of FSM states : 16
* Pipeline : 0
* Dataflow Pipeline: 0

* FSM state transitions: 
1 --> 2 
2 --> 3 
3 --> 4 2 
4 --> 5 13 
5 --> 6 4 
6 --> 7 
7 --> 8 7 
8 --> 9 
9 --> 10 
10 --> 11 
11 --> 12 
12 --> 5 
13 --> 14 3 
14 --> 15 16 13 
15 --> 14 
16 --> 14 

* FSM state operations: 

State 1 <SV = 0> <Delay = 0.38>
ST_1 : Operation 17 [1/1] (0.00ns)   --->   "%specmemcore_ln0 = specmemcore void @_ssdm_op_SpecMemCore, i128 %fifo_C_drain_C_drain_IO_L1_out_5_7_x1275, i64 666, i64 10, i64 18446744073709551615"   --->   Operation 17 'specmemcore' 'specmemcore_ln0' <Predicate = true> <Delay = 0.00>
ST_1 : Operation 18 [1/1] (0.00ns)   --->   "%specmemcore_ln0 = specmemcore void @_ssdm_op_SpecMemCore, i128 %fifo_C_drain_C_drain_IO_L1_out_5_6_x1274, i64 666, i64 10, i64 18446744073709551615"   --->   Operation 18 'specmemcore' 'specmemcore_ln0' <Predicate = true> <Delay = 0.00>
ST_1 : Operation 19 [1/1] (0.00ns)   --->   "%specmemcore_ln0 = specmemcore void @_ssdm_op_SpecMemCore, i16 %fifo_C_drain_PE_6_5_x1210, i64 666, i64 10, i64 18446744073709551615"   --->   Operation 19 'specmemcore' 'specmemcore_ln0' <Predicate = true> <Delay = 0.00>
ST_1 : Operation 20 [1/1] (0.00ns)   --->   "%specinterface_ln0 = specinterface void @_ssdm_op_SpecInterface, i128 %fifo_C_drain_C_drain_IO_L1_out_5_7_x1275, void @empty_622, i32 0, i32 0, void @empty_503, i32 0, i32 0, void @empty_503, void @empty_503, void @empty_503, i32 0, i32 0, i32 0, i32 0, void @empty_503, void @empty_503"   --->   Operation 20 'specinterface' 'specinterface_ln0' <Predicate = true> <Delay = 0.00>
ST_1 : Operation 21 [1/1] (0.00ns)   --->   "%specinterface_ln0 = specinterface void @_ssdm_op_SpecInterface, i128 %fifo_C_drain_C_drain_IO_L1_out_5_6_x1274, void @empty_622, i32 0, i32 0, void @empty_503, i32 0, i32 0, void @empty_503, void @empty_503, void @empty_503, i32 0, i32 0, i32 0, i32 0, void @empty_503, void @empty_503"   --->   Operation 21 'specinterface' 'specinterface_ln0' <Predicate = true> <Delay = 0.00>
ST_1 : Operation 22 [1/1] (0.00ns)   --->   "%specinterface_ln0 = specinterface void @_ssdm_op_SpecInterface, i16 %fifo_C_drain_PE_6_5_x1210, void @empty_622, i32 0, i32 0, void @empty_503, i32 0, i32 0, void @empty_503, void @empty_503, void @empty_503, i32 0, i32 0, i32 0, i32 0, void @empty_503, void @empty_503"   --->   Operation 22 'specinterface' 'specinterface_ln0' <Predicate = true> <Delay = 0.00>
ST_1 : Operation 23 [1/1] (0.00ns)   --->   "%local_C_V_0 = alloca i64 1" [./dut.cpp:35396]   --->   Operation 23 'alloca' 'local_C_V_0' <Predicate = true> <Delay = 0.00> <CoreInst = "RAM">   --->   Core 83 'RAM' <Latency = 1> <II = 1> <Delay = 0.73> <Storage> <Opcode : 'load' 'store'> <Ports = 2> <Width = 128> <Depth = 8> <RAM>
ST_1 : Operation 24 [1/1] (0.00ns)   --->   "%data_split_V = alloca i64 1" [./dut.cpp:35405]   --->   Operation 24 'alloca' 'data_split_V' <Predicate = true> <Delay = 0.00> <CoreInst = "RAM">   --->   Core 83 'RAM' <Latency = 1> <II = 1> <Delay = 0.68> <Storage> <Opcode : 'load' 'store'> <Ports = 2> <Width = 16> <Depth = 8> <RAM>
ST_1 : Operation 25 [1/1] (0.00ns)   --->   "%data_split_V_addr_226 = getelementptr i16 %data_split_V, i64 0, i64 7"   --->   Operation 25 'getelementptr' 'data_split_V_addr_226' <Predicate = true> <Delay = 0.00>
ST_1 : Operation 26 [1/1] (0.00ns)   --->   "%data_split_V_addr_227 = getelementptr i16 %data_split_V, i64 0, i64 6"   --->   Operation 26 'getelementptr' 'data_split_V_addr_227' <Predicate = true> <Delay = 0.00>
ST_1 : Operation 27 [1/1] (0.00ns)   --->   "%data_split_V_addr_228 = getelementptr i16 %data_split_V, i64 0, i64 5"   --->   Operation 27 'getelementptr' 'data_split_V_addr_228' <Predicate = true> <Delay = 0.00>
ST_1 : Operation 28 [1/1] (0.00ns)   --->   "%data_split_V_addr_229 = getelementptr i16 %data_split_V, i64 0, i64 4"   --->   Operation 28 'getelementptr' 'data_split_V_addr_229' <Predicate = true> <Delay = 0.00>
ST_1 : Operation 29 [1/1] (0.00ns)   --->   "%data_split_V_addr_230 = getelementptr i16 %data_split_V, i64 0, i64 3"   --->   Operation 29 'getelementptr' 'data_split_V_addr_230' <Predicate = true> <Delay = 0.00>
ST_1 : Operation 30 [1/1] (0.00ns)   --->   "%data_split_V_addr_231 = getelementptr i16 %data_split_V, i64 0, i64 2"   --->   Operation 30 'getelementptr' 'data_split_V_addr_231' <Predicate = true> <Delay = 0.00>
ST_1 : Operation 31 [1/1] (0.00ns)   --->   "%data_split_V_addr_232 = getelementptr i16 %data_split_V, i64 0, i64 1"   --->   Operation 31 'getelementptr' 'data_split_V_addr_232' <Predicate = true> <Delay = 0.00>
ST_1 : Operation 32 [1/1] (0.00ns)   --->   "%data_split_V_addr_233 = getelementptr i16 %data_split_V, i64 0, i64 0"   --->   Operation 32 'getelementptr' 'data_split_V_addr_233' <Predicate = true> <Delay = 0.00>
ST_1 : Operation 33 [1/1] (0.38ns)   --->   "%br_ln35400 = br void" [./dut.cpp:35400]   --->   Operation 33 'br' 'br_ln35400' <Predicate = true> <Delay = 0.38>

State 2 <SV = 1> <Delay = 0.70>
ST_2 : Operation 34 [1/1] (0.00ns)   --->   "%c0_V = phi i5 %add_ln691, void, i5 0, void"   --->   Operation 34 'phi' 'c0_V' <Predicate = true> <Delay = 0.00>
ST_2 : Operation 35 [1/1] (0.70ns)   --->   "%add_ln691 = add i5 %c0_V, i5 1"   --->   Operation 35 'add' 'add_ln691' <Predicate = true> <Delay = 0.70> <CoreInst = "Adder">   --->   Core 1 'Adder' <Latency = 0> <II = 1> <Delay = 0.70> <FuncUnit> <Opcode : 'add' 'sub'> <InPorts = 2> <OutPorts = 1>
ST_2 : Operation 36 [1/1] (0.63ns)   --->   "%icmp_ln890 = icmp_eq  i5 %c0_V, i5 16"   --->   Operation 36 'icmp' 'icmp_ln890' <Predicate = true> <Delay = 0.63> <CoreInst = "Cmp">   --->   Core 9 'Cmp' <Latency = 0> <II = 1> <Delay = 0.65> <FuncUnit> <Opcode : 'icmp'> <InPorts = 2> <OutPorts = 1>
ST_2 : Operation 37 [1/1] (0.00ns)   --->   "%speclooptripcount_ln0 = speclooptripcount void @_ssdm_op_SpecLoopTripCount, i64 16, i64 16, i64 16"   --->   Operation 37 'speclooptripcount' 'speclooptripcount_ln0' <Predicate = true> <Delay = 0.00>
ST_2 : Operation 38 [1/1] (0.00ns)   --->   "%br_ln35400 = br i1 %icmp_ln890, void %.split28, void" [./dut.cpp:35400]   --->   Operation 38 'br' 'br_ln35400' <Predicate = true> <Delay = 0.00>
ST_2 : Operation 39 [1/1] (0.00ns)   --->   "%specloopname_ln35400 = specloopname void @_ssdm_op_SpecLoopName, void @empty_528" [./dut.cpp:35400]   --->   Operation 39 'specloopname' 'specloopname_ln35400' <Predicate = (!icmp_ln890)> <Delay = 0.00>
ST_2 : Operation 40 [1/1] (0.38ns)   --->   "%br_ln35401 = br void" [./dut.cpp:35401]   --->   Operation 40 'br' 'br_ln35401' <Predicate = (!icmp_ln890)> <Delay = 0.38>
ST_2 : Operation 41 [1/1] (0.00ns)   --->   "%ret_ln35461 = ret" [./dut.cpp:35461]   --->   Operation 41 'ret' 'ret_ln35461' <Predicate = (icmp_ln890)> <Delay = 0.00>

State 3 <SV = 2> <Delay = 0.70>
ST_3 : Operation 42 [1/1] (0.00ns)   --->   "%c1_V = phi i5 0, void %.split28, i5 %add_ln691_776, void"   --->   Operation 42 'phi' 'c1_V' <Predicate = true> <Delay = 0.00>
ST_3 : Operation 43 [1/1] (0.70ns)   --->   "%add_ln691_776 = add i5 %c1_V, i5 1"   --->   Operation 43 'add' 'add_ln691_776' <Predicate = true> <Delay = 0.70> <CoreInst = "Adder">   --->   Core 1 'Adder' <Latency = 0> <II = 1> <Delay = 0.70> <FuncUnit> <Opcode : 'add' 'sub'> <InPorts = 2> <OutPorts = 1>
ST_3 : Operation 44 [1/1] (0.63ns)   --->   "%icmp_ln890_716 = icmp_eq  i5 %c1_V, i5 16"   --->   Operation 44 'icmp' 'icmp_ln890_716' <Predicate = true> <Delay = 0.63> <CoreInst = "Cmp">   --->   Core 9 'Cmp' <Latency = 0> <II = 1> <Delay = 0.65> <FuncUnit> <Opcode : 'icmp'> <InPorts = 2> <OutPorts = 1>
ST_3 : Operation 45 [1/1] (0.00ns)   --->   "%speclooptripcount_ln0 = speclooptripcount void @_ssdm_op_SpecLoopTripCount, i64 16, i64 16, i64 16"   --->   Operation 45 'speclooptripcount' 'speclooptripcount_ln0' <Predicate = true> <Delay = 0.00>
ST_3 : Operation 46 [1/1] (0.00ns)   --->   "%br_ln35401 = br i1 %icmp_ln890_716, void %.split26, void" [./dut.cpp:35401]   --->   Operation 46 'br' 'br_ln35401' <Predicate = true> <Delay = 0.00>
ST_3 : Operation 47 [1/1] (0.00ns)   --->   "%specloopname_ln35405 = specloopname void @_ssdm_op_SpecLoopName, void @empty_1436" [./dut.cpp:35405]   --->   Operation 47 'specloopname' 'specloopname_ln35405' <Predicate = (!icmp_ln890_716)> <Delay = 0.00>
ST_3 : Operation 48 [1/1] (0.38ns)   --->   "%br_ln35408 = br void" [./dut.cpp:35408]   --->   Operation 48 'br' 'br_ln35408' <Predicate = (!icmp_ln890_716)> <Delay = 0.38>
ST_3 : Operation 49 [1/1] (0.00ns)   --->   "%br_ln0 = br void"   --->   Operation 49 'br' 'br_ln0' <Predicate = (icmp_ln890_716)> <Delay = 0.00>

State 4 <SV = 3> <Delay = 0.70>
ST_4 : Operation 50 [1/1] (0.00ns)   --->   "%c6_V = phi i4 %add_ln691_777, void, i4 0, void %.split26"   --->   Operation 50 'phi' 'c6_V' <Predicate = true> <Delay = 0.00>
ST_4 : Operation 51 [1/1] (0.70ns)   --->   "%add_ln691_777 = add i4 %c6_V, i4 1"   --->   Operation 51 'add' 'add_ln691_777' <Predicate = true> <Delay = 0.70> <CoreInst = "Adder">   --->   Core 1 'Adder' <Latency = 0> <II = 1> <Delay = 0.70> <FuncUnit> <Opcode : 'add' 'sub'> <InPorts = 2> <OutPorts = 1>
ST_4 : Operation 52 [1/1] (0.65ns)   --->   "%icmp_ln890_717 = icmp_eq  i4 %c6_V, i4 8"   --->   Operation 52 'icmp' 'icmp_ln890_717' <Predicate = true> <Delay = 0.65> <CoreInst = "Cmp">   --->   Core 9 'Cmp' <Latency = 0> <II = 1> <Delay = 0.65> <FuncUnit> <Opcode : 'icmp'> <InPorts = 2> <OutPorts = 1>
ST_4 : Operation 53 [1/1] (0.00ns)   --->   "%speclooptripcount_ln0 = speclooptripcount void @_ssdm_op_SpecLoopTripCount, i64 8, i64 8, i64 8"   --->   Operation 53 'speclooptripcount' 'speclooptripcount_ln0' <Predicate = true> <Delay = 0.00>
ST_4 : Operation 54 [1/1] (0.00ns)   --->   "%br_ln35408 = br i1 %icmp_ln890_717, void %.split18, void %.preheader5.preheader" [./dut.cpp:35408]   --->   Operation 54 'br' 'br_ln35408' <Predicate = true> <Delay = 0.00>
ST_4 : Operation 55 [1/1] (0.00ns)   --->   "%specloopname_ln35408 = specloopname void @_ssdm_op_SpecLoopName, void @empty_1999" [./dut.cpp:35408]   --->   Operation 55 'specloopname' 'specloopname_ln35408' <Predicate = (!icmp_ln890_717)> <Delay = 0.00>
ST_4 : Operation 56 [1/1] (0.00ns)   --->   "%empty = trunc i4 %c6_V"   --->   Operation 56 'trunc' 'empty' <Predicate = (!icmp_ln890_717)> <Delay = 0.00>
ST_4 : Operation 57 [1/1] (0.00ns)   --->   "%idxprom = zext i3 %empty"   --->   Operation 57 'zext' 'idxprom' <Predicate = (!icmp_ln890_717)> <Delay = 0.00>
ST_4 : Operation 58 [1/1] (0.00ns)   --->   "%data_split_V_addr = getelementptr i16 %data_split_V, i64 0, i64 %idxprom"   --->   Operation 58 'getelementptr' 'data_split_V_addr' <Predicate = (!icmp_ln890_717)> <Delay = 0.00>
ST_4 : Operation 59 [1/1] (0.38ns)   --->   "%br_ln35410 = br void" [./dut.cpp:35410]   --->   Operation 59 'br' 'br_ln35410' <Predicate = (!icmp_ln890_717)> <Delay = 0.38>
ST_4 : Operation 60 [1/1] (0.38ns)   --->   "%br_ln890 = br void %.preheader5"   --->   Operation 60 'br' 'br_ln890' <Predicate = (icmp_ln890_717)> <Delay = 0.38>

State 5 <SV = 4> <Delay = 0.73>
ST_5 : Operation 61 [1/1] (0.00ns)   --->   "%c7_V = phi i4 %add_ln691_778, void, i4 0, void %.split18"   --->   Operation 61 'phi' 'c7_V' <Predicate = true> <Delay = 0.00>
ST_5 : Operation 62 [1/1] (0.70ns)   --->   "%add_ln691_778 = add i4 %c7_V, i4 1"   --->   Operation 62 'add' 'add_ln691_778' <Predicate = true> <Delay = 0.70> <CoreInst = "Adder">   --->   Core 1 'Adder' <Latency = 0> <II = 1> <Delay = 0.70> <FuncUnit> <Opcode : 'add' 'sub'> <InPorts = 2> <OutPorts = 1>
ST_5 : Operation 63 [1/1] (0.00ns)   --->   "%zext_ln890 = zext i4 %c7_V"   --->   Operation 63 'zext' 'zext_ln890' <Predicate = true> <Delay = 0.00>
ST_5 : Operation 64 [1/1] (0.65ns)   --->   "%icmp_ln890_719 = icmp_eq  i4 %c7_V, i4 8"   --->   Operation 64 'icmp' 'icmp_ln890_719' <Predicate = true> <Delay = 0.65> <CoreInst = "Cmp">   --->   Core 9 'Cmp' <Latency = 0> <II = 1> <Delay = 0.65> <FuncUnit> <Opcode : 'icmp'> <InPorts = 2> <OutPorts = 1>
ST_5 : Operation 65 [1/1] (0.00ns)   --->   "%speclooptripcount_ln0 = speclooptripcount void @_ssdm_op_SpecLoopTripCount, i64 8, i64 8, i64 8"   --->   Operation 65 'speclooptripcount' 'speclooptripcount_ln0' <Predicate = true> <Delay = 0.00>
ST_5 : Operation 66 [1/1] (0.00ns)   --->   "%br_ln35410 = br i1 %icmp_ln890_719, void %.split16, void" [./dut.cpp:35410]   --->   Operation 66 'br' 'br_ln35410' <Predicate = true> <Delay = 0.00>
ST_5 : Operation 67 [1/1] (0.00ns)   --->   "%local_C_V_0_addr = getelementptr i128 %local_C_V_0, i64 0, i64 %zext_ln890" [./dut.cpp:35417]   --->   Operation 67 'getelementptr' 'local_C_V_0_addr' <Predicate = (!icmp_ln890_719)> <Delay = 0.00>
ST_5 : Operation 68 [2/2] (0.73ns)   --->   "%out_data_V = load i3 %local_C_V_0_addr" [./dut.cpp:35417]   --->   Operation 68 'load' 'out_data_V' <Predicate = (!icmp_ln890_719)> <Delay = 0.73> <CoreInst = "RAM">   --->   Core 83 'RAM' <Latency = 1> <II = 1> <Delay = 0.73> <Storage> <Opcode : 'load' 'store'> <Ports = 2> <Width = 128> <Depth = 8> <RAM>
ST_5 : Operation 69 [1/1] (0.00ns)   --->   "%br_ln0 = br void"   --->   Operation 69 'br' 'br_ln0' <Predicate = (icmp_ln890_719)> <Delay = 0.00>

State 6 <SV = 5> <Delay = 1.21>
ST_6 : Operation 70 [1/1] (0.00ns)   --->   "%specloopname_ln35410 = specloopname void @_ssdm_op_SpecLoopName, void @empty_2005" [./dut.cpp:35410]   --->   Operation 70 'specloopname' 'specloopname_ln35410' <Predicate = true> <Delay = 0.00>
ST_6 : Operation 71 [1/1] (1.21ns)   --->   "%tmp = read i16 @_ssdm_op_Read.ap_fifo.volatile.i16P0A, i16 %fifo_C_drain_PE_6_5_x1210" [/home/rcslfpgaserver/Softwares/Xilinx/Vitis_HLS/2020.2/common/technology/autopilot/hls_stream_39.h:145]   --->   Operation 71 'read' 'tmp' <Predicate = true> <Delay = 1.21> <CoreInst = "FIFO_SRL">   --->   Core 81 'FIFO_SRL' <Latency = 0> <II = 1> <Delay = 1.34> <Storage> <Opcode : 'read' 'write' 'nbread' 'nbwrite'> <Ports = 0> <Width = 16> <Depth = 2> <FIFO>
ST_6 : Operation 72 [1/2] (0.73ns)   --->   "%out_data_V = load i3 %local_C_V_0_addr" [./dut.cpp:35417]   --->   Operation 72 'load' 'out_data_V' <Predicate = true> <Delay = 0.73> <CoreInst = "RAM">   --->   Core 83 'RAM' <Latency = 1> <II = 1> <Delay = 0.73> <Storage> <Opcode : 'load' 'store'> <Ports = 2> <Width = 128> <Depth = 8> <RAM>
ST_6 : Operation 73 [1/1] (0.38ns)   --->   "%br_ln35418 = br void" [./dut.cpp:35418]   --->   Operation 73 'br' 'br_ln35418' <Predicate = true> <Delay = 0.38>

State 7 <SV = 6> <Delay = 1.33>
ST_7 : Operation 74 [1/1] (0.00ns)   --->   "%n_V = phi i4 %add_ln691_779, void %.split, i4 0, void %.split16"   --->   Operation 74 'phi' 'n_V' <Predicate = true> <Delay = 0.00>
ST_7 : Operation 75 [1/1] (0.00ns)   --->   "%p_Val2_s = phi i128 %zext_ln1497, void %.split, i128 %out_data_V, void %.split16"   --->   Operation 75 'phi' 'p_Val2_s' <Predicate = true> <Delay = 0.00>
ST_7 : Operation 76 [1/1] (0.70ns)   --->   "%add_ln691_779 = add i4 %n_V, i4 1"   --->   Operation 76 'add' 'add_ln691_779' <Predicate = true> <Delay = 0.70> <CoreInst = "Adder">   --->   Core 1 'Adder' <Latency = 0> <II = 1> <Delay = 0.70> <FuncUnit> <Opcode : 'add' 'sub'> <InPorts = 2> <OutPorts = 1>
ST_7 : Operation 77 [1/1] (0.00ns)   --->   "%zext_ln878 = zext i4 %n_V"   --->   Operation 77 'zext' 'zext_ln878' <Predicate = true> <Delay = 0.00>
ST_7 : Operation 78 [1/1] (0.65ns)   --->   "%icmp_ln878 = icmp_eq  i4 %n_V, i4 8"   --->   Operation 78 'icmp' 'icmp_ln878' <Predicate = true> <Delay = 0.65> <CoreInst = "Cmp">   --->   Core 9 'Cmp' <Latency = 0> <II = 1> <Delay = 0.65> <FuncUnit> <Opcode : 'icmp'> <InPorts = 2> <OutPorts = 1>
ST_7 : Operation 79 [1/1] (0.00ns)   --->   "%speclooptripcount_ln0 = speclooptripcount void @_ssdm_op_SpecLoopTripCount, i64 8, i64 8, i64 8"   --->   Operation 79 'speclooptripcount' 'speclooptripcount_ln0' <Predicate = true> <Delay = 0.00>
ST_7 : Operation 80 [1/1] (0.00ns)   --->   "%br_ln35418 = br i1 %icmp_ln878, void %.split, void" [./dut.cpp:35418]   --->   Operation 80 'br' 'br_ln35418' <Predicate = true> <Delay = 0.00>
ST_7 : Operation 81 [1/1] (0.00ns)   --->   "%specloopname_ln674 = specloopname void @_ssdm_op_SpecLoopName, void @empty_2047"   --->   Operation 81 'specloopname' 'specloopname_ln674' <Predicate = (!icmp_ln878)> <Delay = 0.00>
ST_7 : Operation 82 [1/1] (0.00ns)   --->   "%trunc_ln674 = trunc i128 %p_Val2_s"   --->   Operation 82 'trunc' 'trunc_ln674' <Predicate = (!icmp_ln878)> <Delay = 0.00>
ST_7 : Operation 83 [1/1] (0.00ns)   --->   "%data_split_V_addr_29 = getelementptr i16 %data_split_V, i64 0, i64 %zext_ln878" [./dut.cpp:35419]   --->   Operation 83 'getelementptr' 'data_split_V_addr_29' <Predicate = (!icmp_ln878)> <Delay = 0.00>
ST_7 : Operation 84 [1/1] (0.68ns)   --->   "%store_ln35419 = store i16 %trunc_ln674, i3 %data_split_V_addr_29" [./dut.cpp:35419]   --->   Operation 84 'store' 'store_ln35419' <Predicate = (!icmp_ln878)> <Delay = 0.68> <CoreInst = "RAM">   --->   Core 83 'RAM' <Latency = 1> <II = 1> <Delay = 0.68> <Storage> <Opcode : 'load' 'store'> <Ports = 2> <Width = 16> <Depth = 8> <RAM>
ST_7 : Operation 85 [1/1] (0.00ns)   --->   "%r = partselect i112 @_ssdm_op_PartSelect.i112.i128.i32.i32, i128 %p_Val2_s, i32 16, i32 127"   --->   Operation 85 'partselect' 'r' <Predicate = (!icmp_ln878)> <Delay = 0.00>
ST_7 : Operation 86 [1/1] (0.00ns)   --->   "%zext_ln1497 = zext i112 %r"   --->   Operation 86 'zext' 'zext_ln1497' <Predicate = (!icmp_ln878)> <Delay = 0.00>
ST_7 : Operation 87 [1/1] (0.00ns)   --->   "%br_ln0 = br void"   --->   Operation 87 'br' 'br_ln0' <Predicate = (!icmp_ln878)> <Delay = 0.00>
ST_7 : Operation 88 [1/1] (0.68ns)   --->   "%store_ln35427 = store i16 %tmp, i3 %data_split_V_addr" [./dut.cpp:35427]   --->   Operation 88 'store' 'store_ln35427' <Predicate = (icmp_ln878)> <Delay = 0.68> <CoreInst = "RAM">   --->   Core 83 'RAM' <Latency = 1> <II = 1> <Delay = 0.68> <Storage> <Opcode : 'load' 'store'> <Ports = 2> <Width = 16> <Depth = 8> <RAM>

State 8 <SV = 7> <Delay = 0.68>
ST_8 : Operation 89 [2/2] (0.68ns)   --->   "%v2_V = load i3 %data_split_V_addr_233"   --->   Operation 89 'load' 'v2_V' <Predicate = true> <Delay = 0.68> <CoreInst = "RAM">   --->   Core 83 'RAM' <Latency = 1> <II = 1> <Delay = 0.68> <Storage> <Opcode : 'load' 'store'> <Ports = 2> <Width = 16> <Depth = 8> <RAM>
ST_8 : Operation 90 [2/2] (0.68ns)   --->   "%v2_V_15835 = load i3 %data_split_V_addr_232"   --->   Operation 90 'load' 'v2_V_15835' <Predicate = true> <Delay = 0.68> <CoreInst = "RAM">   --->   Core 83 'RAM' <Latency = 1> <II = 1> <Delay = 0.68> <Storage> <Opcode : 'load' 'store'> <Ports = 2> <Width = 16> <Depth = 8> <RAM>

State 9 <SV = 8> <Delay = 0.68>
ST_9 : Operation 91 [1/2] (0.68ns)   --->   "%v2_V = load i3 %data_split_V_addr_233"   --->   Operation 91 'load' 'v2_V' <Predicate = true> <Delay = 0.68> <CoreInst = "RAM">   --->   Core 83 'RAM' <Latency = 1> <II = 1> <Delay = 0.68> <Storage> <Opcode : 'load' 'store'> <Ports = 2> <Width = 16> <Depth = 8> <RAM>
ST_9 : Operation 92 [1/2] (0.68ns)   --->   "%v2_V_15835 = load i3 %data_split_V_addr_232"   --->   Operation 92 'load' 'v2_V_15835' <Predicate = true> <Delay = 0.68> <CoreInst = "RAM">   --->   Core 83 'RAM' <Latency = 1> <II = 1> <Delay = 0.68> <Storage> <Opcode : 'load' 'store'> <Ports = 2> <Width = 16> <Depth = 8> <RAM>
ST_9 : Operation 93 [2/2] (0.68ns)   --->   "%v2_V_15836 = load i3 %data_split_V_addr_231"   --->   Operation 93 'load' 'v2_V_15836' <Predicate = true> <Delay = 0.68> <CoreInst = "RAM">   --->   Core 83 'RAM' <Latency = 1> <II = 1> <Delay = 0.68> <Storage> <Opcode : 'load' 'store'> <Ports = 2> <Width = 16> <Depth = 8> <RAM>
ST_9 : Operation 94 [2/2] (0.68ns)   --->   "%v2_V_15837 = load i3 %data_split_V_addr_230"   --->   Operation 94 'load' 'v2_V_15837' <Predicate = true> <Delay = 0.68> <CoreInst = "RAM">   --->   Core 83 'RAM' <Latency = 1> <II = 1> <Delay = 0.68> <Storage> <Opcode : 'load' 'store'> <Ports = 2> <Width = 16> <Depth = 8> <RAM>

State 10 <SV = 9> <Delay = 0.68>
ST_10 : Operation 95 [1/2] (0.68ns)   --->   "%v2_V_15836 = load i3 %data_split_V_addr_231"   --->   Operation 95 'load' 'v2_V_15836' <Predicate = true> <Delay = 0.68> <CoreInst = "RAM">   --->   Core 83 'RAM' <Latency = 1> <II = 1> <Delay = 0.68> <Storage> <Opcode : 'load' 'store'> <Ports = 2> <Width = 16> <Depth = 8> <RAM>
ST_10 : Operation 96 [1/2] (0.68ns)   --->   "%v2_V_15837 = load i3 %data_split_V_addr_230"   --->   Operation 96 'load' 'v2_V_15837' <Predicate = true> <Delay = 0.68> <CoreInst = "RAM">   --->   Core 83 'RAM' <Latency = 1> <II = 1> <Delay = 0.68> <Storage> <Opcode : 'load' 'store'> <Ports = 2> <Width = 16> <Depth = 8> <RAM>
ST_10 : Operation 97 [2/2] (0.68ns)   --->   "%v2_V_15838 = load i3 %data_split_V_addr_229"   --->   Operation 97 'load' 'v2_V_15838' <Predicate = true> <Delay = 0.68> <CoreInst = "RAM">   --->   Core 83 'RAM' <Latency = 1> <II = 1> <Delay = 0.68> <Storage> <Opcode : 'load' 'store'> <Ports = 2> <Width = 16> <Depth = 8> <RAM>
ST_10 : Operation 98 [2/2] (0.68ns)   --->   "%v2_V_15839 = load i3 %data_split_V_addr_228"   --->   Operation 98 'load' 'v2_V_15839' <Predicate = true> <Delay = 0.68> <CoreInst = "RAM">   --->   Core 83 'RAM' <Latency = 1> <II = 1> <Delay = 0.68> <Storage> <Opcode : 'load' 'store'> <Ports = 2> <Width = 16> <Depth = 8> <RAM>

State 11 <SV = 10> <Delay = 0.68>
ST_11 : Operation 99 [1/2] (0.68ns)   --->   "%v2_V_15838 = load i3 %data_split_V_addr_229"   --->   Operation 99 'load' 'v2_V_15838' <Predicate = true> <Delay = 0.68> <CoreInst = "RAM">   --->   Core 83 'RAM' <Latency = 1> <II = 1> <Delay = 0.68> <Storage> <Opcode : 'load' 'store'> <Ports = 2> <Width = 16> <Depth = 8> <RAM>
ST_11 : Operation 100 [1/2] (0.68ns)   --->   "%v2_V_15839 = load i3 %data_split_V_addr_228"   --->   Operation 100 'load' 'v2_V_15839' <Predicate = true> <Delay = 0.68> <CoreInst = "RAM">   --->   Core 83 'RAM' <Latency = 1> <II = 1> <Delay = 0.68> <Storage> <Opcode : 'load' 'store'> <Ports = 2> <Width = 16> <Depth = 8> <RAM>
ST_11 : Operation 101 [2/2] (0.68ns)   --->   "%v2_V_15840 = load i3 %data_split_V_addr_227"   --->   Operation 101 'load' 'v2_V_15840' <Predicate = true> <Delay = 0.68> <CoreInst = "RAM">   --->   Core 83 'RAM' <Latency = 1> <II = 1> <Delay = 0.68> <Storage> <Opcode : 'load' 'store'> <Ports = 2> <Width = 16> <Depth = 8> <RAM>
ST_11 : Operation 102 [2/2] (0.68ns)   --->   "%v1_V = load i3 %data_split_V_addr_226"   --->   Operation 102 'load' 'v1_V' <Predicate = true> <Delay = 0.68> <CoreInst = "RAM">   --->   Core 83 'RAM' <Latency = 1> <II = 1> <Delay = 0.68> <Storage> <Opcode : 'load' 'store'> <Ports = 2> <Width = 16> <Depth = 8> <RAM>

State 12 <SV = 11> <Delay = 1.41>
ST_12 : Operation 103 [1/2] (0.68ns)   --->   "%v2_V_15840 = load i3 %data_split_V_addr_227"   --->   Operation 103 'load' 'v2_V_15840' <Predicate = true> <Delay = 0.68> <CoreInst = "RAM">   --->   Core 83 'RAM' <Latency = 1> <II = 1> <Delay = 0.68> <Storage> <Opcode : 'load' 'store'> <Ports = 2> <Width = 16> <Depth = 8> <RAM>
ST_12 : Operation 104 [1/2] (0.68ns)   --->   "%v1_V = load i3 %data_split_V_addr_226"   --->   Operation 104 'load' 'v1_V' <Predicate = true> <Delay = 0.68> <CoreInst = "RAM">   --->   Core 83 'RAM' <Latency = 1> <II = 1> <Delay = 0.68> <Storage> <Opcode : 'load' 'store'> <Ports = 2> <Width = 16> <Depth = 8> <RAM>
ST_12 : Operation 105 [1/1] (0.00ns)   --->   "%p_Result_s = bitconcatenate i128 @_ssdm_op_BitConcatenate.i128.i16.i16.i16.i16.i16.i16.i16.i16, i16 %v1_V, i16 %v2_V_15840, i16 %v2_V_15839, i16 %v2_V_15838, i16 %v2_V_15837, i16 %v2_V_15836, i16 %v2_V_15835, i16 %v2_V"   --->   Operation 105 'bitconcatenate' 'p_Result_s' <Predicate = true> <Delay = 0.00>
ST_12 : Operation 106 [1/1] (0.73ns)   --->   "%store_ln35429 = store i128 %p_Result_s, i3 %local_C_V_0_addr" [./dut.cpp:35429]   --->   Operation 106 'store' 'store_ln35429' <Predicate = true> <Delay = 0.73> <CoreInst = "RAM">   --->   Core 83 'RAM' <Latency = 1> <II = 1> <Delay = 0.73> <Storage> <Opcode : 'load' 'store'> <Ports = 2> <Width = 128> <Depth = 8> <RAM>
ST_12 : Operation 107 [1/1] (0.00ns)   --->   "%br_ln0 = br void"   --->   Operation 107 'br' 'br_ln0' <Predicate = true> <Delay = 0.00>

State 13 <SV = 4> <Delay = 0.77>
ST_13 : Operation 108 [1/1] (0.00ns)   --->   "%c4_V = phi i4 %add_ln691_782, void %.loopexit, i4 6, void %.preheader5.preheader"   --->   Operation 108 'phi' 'c4_V' <Predicate = true> <Delay = 0.00>
ST_13 : Operation 109 [1/1] (0.65ns)   --->   "%icmp_ln890_718 = icmp_eq  i4 %c4_V, i4 8"   --->   Operation 109 'icmp' 'icmp_ln890_718' <Predicate = true> <Delay = 0.65> <CoreInst = "Cmp">   --->   Core 9 'Cmp' <Latency = 0> <II = 1> <Delay = 0.65> <FuncUnit> <Opcode : 'icmp'> <InPorts = 2> <OutPorts = 1>
ST_13 : Operation 110 [1/1] (0.00ns)   --->   "%speclooptripcount_ln0 = speclooptripcount void @_ssdm_op_SpecLoopTripCount, i64 2, i64 2, i64 2"   --->   Operation 110 'speclooptripcount' 'speclooptripcount_ln0' <Predicate = true> <Delay = 0.00>
ST_13 : Operation 111 [1/1] (0.00ns)   --->   "%br_ln35433 = br i1 %icmp_ln890_718, void %.split24, void" [./dut.cpp:35433]   --->   Operation 111 'br' 'br_ln35433' <Predicate = true> <Delay = 0.00>
ST_13 : Operation 112 [1/1] (0.00ns)   --->   "%specloopname_ln1616 = specloopname void @_ssdm_op_SpecLoopName, void @empty_1298"   --->   Operation 112 'specloopname' 'specloopname_ln1616' <Predicate = (!icmp_ln890_718)> <Delay = 0.00>
ST_13 : Operation 113 [1/1] (0.65ns)   --->   "%icmp_ln870 = icmp_eq  i4 %c4_V, i4 6"   --->   Operation 113 'icmp' 'icmp_ln870' <Predicate = (!icmp_ln890_718)> <Delay = 0.65> <CoreInst = "Cmp">   --->   Core 9 'Cmp' <Latency = 0> <II = 1> <Delay = 0.65> <FuncUnit> <Opcode : 'icmp'> <InPorts = 2> <OutPorts = 1>
ST_13 : Operation 114 [1/1] (0.00ns)   --->   "%br_ln35436 = br i1 %icmp_ln870, void %.preheader.preheader, void %.preheader3.preheader" [./dut.cpp:35436]   --->   Operation 114 'br' 'br_ln35436' <Predicate = (!icmp_ln890_718)> <Delay = 0.00>
ST_13 : Operation 115 [1/1] (0.38ns)   --->   "%br_ln890 = br void %.preheader"   --->   Operation 115 'br' 'br_ln890' <Predicate = (!icmp_ln890_718 & !icmp_ln870)> <Delay = 0.38>
ST_13 : Operation 116 [1/1] (0.38ns)   --->   "%br_ln890 = br void %.preheader3"   --->   Operation 116 'br' 'br_ln890' <Predicate = (!icmp_ln890_718 & icmp_ln870)> <Delay = 0.38>
ST_13 : Operation 117 [1/1] (0.00ns)   --->   "%br_ln0 = br void"   --->   Operation 117 'br' 'br_ln0' <Predicate = (icmp_ln890_718)> <Delay = 0.00>

State 14 <SV = 5> <Delay = 0.73>
ST_14 : Operation 118 [1/1] (0.00ns)   --->   "%c5_V_43 = phi i4 %add_ln691_781, void %.split20, i4 0, void %.preheader.preheader"   --->   Operation 118 'phi' 'c5_V_43' <Predicate = (!icmp_ln870)> <Delay = 0.00>
ST_14 : Operation 119 [1/1] (0.70ns)   --->   "%add_ln691_781 = add i4 %c5_V_43, i4 1"   --->   Operation 119 'add' 'add_ln691_781' <Predicate = (!icmp_ln870)> <Delay = 0.70> <CoreInst = "Adder">   --->   Core 1 'Adder' <Latency = 0> <II = 1> <Delay = 0.70> <FuncUnit> <Opcode : 'add' 'sub'> <InPorts = 2> <OutPorts = 1>
ST_14 : Operation 120 [1/1] (0.65ns)   --->   "%icmp_ln890_721 = icmp_eq  i4 %c5_V_43, i4 8"   --->   Operation 120 'icmp' 'icmp_ln890_721' <Predicate = (!icmp_ln870)> <Delay = 0.65> <CoreInst = "Cmp">   --->   Core 9 'Cmp' <Latency = 0> <II = 1> <Delay = 0.65> <FuncUnit> <Opcode : 'icmp'> <InPorts = 2> <OutPorts = 1>
ST_14 : Operation 121 [1/1] (0.00ns)   --->   "%speclooptripcount_ln0 = speclooptripcount void @_ssdm_op_SpecLoopTripCount, i64 8, i64 8, i64 8"   --->   Operation 121 'speclooptripcount' 'speclooptripcount_ln0' <Predicate = (!icmp_ln870)> <Delay = 0.00>
ST_14 : Operation 122 [1/1] (0.00ns)   --->   "%br_ln35448 = br i1 %icmp_ln890_721, void %.split20, void %.loopexit.loopexit" [./dut.cpp:35448]   --->   Operation 122 'br' 'br_ln35448' <Predicate = (!icmp_ln870)> <Delay = 0.00>
ST_14 : Operation 123 [1/1] (0.00ns)   --->   "%br_ln0 = br void %.loopexit"   --->   Operation 123 'br' 'br_ln0' <Predicate = (!icmp_ln870 & icmp_ln890_721)> <Delay = 0.00>
ST_14 : Operation 124 [1/1] (0.00ns)   --->   "%c5_V = phi i4 %add_ln691_780, void %.split22, i4 0, void %.preheader3.preheader"   --->   Operation 124 'phi' 'c5_V' <Predicate = (icmp_ln870)> <Delay = 0.00>
ST_14 : Operation 125 [1/1] (0.70ns)   --->   "%add_ln691_780 = add i4 %c5_V, i4 1"   --->   Operation 125 'add' 'add_ln691_780' <Predicate = (icmp_ln870)> <Delay = 0.70> <CoreInst = "Adder">   --->   Core 1 'Adder' <Latency = 0> <II = 1> <Delay = 0.70> <FuncUnit> <Opcode : 'add' 'sub'> <InPorts = 2> <OutPorts = 1>
ST_14 : Operation 126 [1/1] (0.00ns)   --->   "%zext_ln890_93 = zext i4 %c5_V"   --->   Operation 126 'zext' 'zext_ln890_93' <Predicate = (icmp_ln870)> <Delay = 0.00>
ST_14 : Operation 127 [1/1] (0.65ns)   --->   "%icmp_ln890_720 = icmp_eq  i4 %c5_V, i4 8"   --->   Operation 127 'icmp' 'icmp_ln890_720' <Predicate = (icmp_ln870)> <Delay = 0.65> <CoreInst = "Cmp">   --->   Core 9 'Cmp' <Latency = 0> <II = 1> <Delay = 0.65> <FuncUnit> <Opcode : 'icmp'> <InPorts = 2> <OutPorts = 1>
ST_14 : Operation 128 [1/1] (0.00ns)   --->   "%speclooptripcount_ln0 = speclooptripcount void @_ssdm_op_SpecLoopTripCount, i64 8, i64 8, i64 8"   --->   Operation 128 'speclooptripcount' 'speclooptripcount_ln0' <Predicate = (icmp_ln870)> <Delay = 0.00>
ST_14 : Operation 129 [1/1] (0.00ns)   --->   "%br_ln35437 = br i1 %icmp_ln890_720, void %.split22, void %.loopexit.loopexit74" [./dut.cpp:35437]   --->   Operation 129 'br' 'br_ln35437' <Predicate = (icmp_ln870)> <Delay = 0.00>
ST_14 : Operation 130 [1/1] (0.00ns)   --->   "%local_C_V_0_addr_29 = getelementptr i128 %local_C_V_0, i64 0, i64 %zext_ln890_93" [./dut.cpp:35442]   --->   Operation 130 'getelementptr' 'local_C_V_0_addr_29' <Predicate = (icmp_ln870 & !icmp_ln890_720)> <Delay = 0.00>
ST_14 : Operation 131 [2/2] (0.73ns)   --->   "%local_C_V_0_load = load i3 %local_C_V_0_addr_29" [./dut.cpp:35442]   --->   Operation 131 'load' 'local_C_V_0_load' <Predicate = (icmp_ln870 & !icmp_ln890_720)> <Delay = 0.73> <CoreInst = "RAM">   --->   Core 83 'RAM' <Latency = 1> <II = 1> <Delay = 0.73> <Storage> <Opcode : 'load' 'store'> <Ports = 2> <Width = 128> <Depth = 8> <RAM>
ST_14 : Operation 132 [1/1] (0.00ns)   --->   "%br_ln0 = br void %.loopexit"   --->   Operation 132 'br' 'br_ln0' <Predicate = (icmp_ln870 & icmp_ln890_720)> <Delay = 0.00>
ST_14 : Operation 133 [1/1] (0.70ns)   --->   "%add_ln691_782 = add i4 %c4_V, i4 1"   --->   Operation 133 'add' 'add_ln691_782' <Predicate = (icmp_ln870 & icmp_ln890_720) | (!icmp_ln870 & icmp_ln890_721)> <Delay = 0.70> <CoreInst = "Adder">   --->   Core 1 'Adder' <Latency = 0> <II = 1> <Delay = 0.70> <FuncUnit> <Opcode : 'add' 'sub'> <InPorts = 2> <OutPorts = 1>
ST_14 : Operation 134 [1/1] (0.00ns)   --->   "%br_ln0 = br void %.preheader5"   --->   Operation 134 'br' 'br_ln0' <Predicate = (icmp_ln870 & icmp_ln890_720) | (!icmp_ln870 & icmp_ln890_721)> <Delay = 0.00>

State 15 <SV = 6> <Delay = 2.43>
ST_15 : Operation 135 [1/1] (0.00ns)   --->   "%specloopname_ln35448 = specloopname void @_ssdm_op_SpecLoopName, void @empty_2000" [./dut.cpp:35448]   --->   Operation 135 'specloopname' 'specloopname_ln35448' <Predicate = true> <Delay = 0.00>
ST_15 : Operation 136 [1/1] (1.21ns)   --->   "%tmp_109 = read i128 @_ssdm_op_Read.ap_fifo.volatile.i128P0A, i128 %fifo_C_drain_C_drain_IO_L1_out_5_7_x1275" [/home/rcslfpgaserver/Softwares/Xilinx/Vitis_HLS/2020.2/common/technology/autopilot/hls_stream_39.h:145]   --->   Operation 136 'read' 'tmp_109' <Predicate = true> <Delay = 1.21> <CoreInst = "FIFO_SRL">   --->   Core 81 'FIFO_SRL' <Latency = 0> <II = 1> <Delay = 1.40> <Storage> <Opcode : 'read' 'write' 'nbread' 'nbwrite'> <Ports = 0> <Width = 128> <Depth = 2> <FIFO>
ST_15 : Operation 137 [1/1] (1.21ns)   --->   "%write_ln174 = write void @_ssdm_op_Write.ap_fifo.volatile.i128P0A, i128 %fifo_C_drain_C_drain_IO_L1_out_5_6_x1274, i128 %tmp_109" [/home/rcslfpgaserver/Softwares/Xilinx/Vitis_HLS/2020.2/common/technology/autopilot/hls_stream_39.h:174]   --->   Operation 137 'write' 'write_ln174' <Predicate = true> <Delay = 1.21> <CoreInst = "FIFO_SRL">   --->   Core 81 'FIFO_SRL' <Latency = 0> <II = 1> <Delay = 1.40> <Storage> <Opcode : 'read' 'write' 'nbread' 'nbwrite'> <Ports = 0> <Width = 128> <Depth = 2> <FIFO>
ST_15 : Operation 138 [1/1] (0.00ns)   --->   "%br_ln0 = br void %.preheader"   --->   Operation 138 'br' 'br_ln0' <Predicate = true> <Delay = 0.00>

State 16 <SV = 6> <Delay = 1.94>
ST_16 : Operation 139 [1/1] (0.00ns)   --->   "%specloopname_ln35437 = specloopname void @_ssdm_op_SpecLoopName, void @empty_789" [./dut.cpp:35437]   --->   Operation 139 'specloopname' 'specloopname_ln35437' <Predicate = true> <Delay = 0.00>
ST_16 : Operation 140 [1/2] (0.73ns)   --->   "%local_C_V_0_load = load i3 %local_C_V_0_addr_29" [./dut.cpp:35442]   --->   Operation 140 'load' 'local_C_V_0_load' <Predicate = true> <Delay = 0.73> <CoreInst = "RAM">   --->   Core 83 'RAM' <Latency = 1> <II = 1> <Delay = 0.73> <Storage> <Opcode : 'load' 'store'> <Ports = 2> <Width = 128> <Depth = 8> <RAM>
ST_16 : Operation 141 [1/1] (1.21ns)   --->   "%write_ln174 = write void @_ssdm_op_Write.ap_fifo.volatile.i128P0A, i128 %fifo_C_drain_C_drain_IO_L1_out_5_6_x1274, i128 %local_C_V_0_load" [/home/rcslfpgaserver/Softwares/Xilinx/Vitis_HLS/2020.2/common/technology/autopilot/hls_stream_39.h:174]   --->   Operation 141 'write' 'write_ln174' <Predicate = true> <Delay = 1.21> <CoreInst = "FIFO_SRL">   --->   Core 81 'FIFO_SRL' <Latency = 0> <II = 1> <Delay = 1.40> <Storage> <Opcode : 'read' 'write' 'nbread' 'nbwrite'> <Ports = 0> <Width = 128> <Depth = 2> <FIFO>
ST_16 : Operation 142 [1/1] (0.00ns)   --->   "%br_ln0 = br void %.preheader3"   --->   Operation 142 'br' 'br_ln0' <Predicate = true> <Delay = 0.00>


============================================================
+ Verbose Summary: Timing violations
============================================================
Target clock period: 3.33ns, clock uncertainty: 0.9ns.

 <State 1>: 0.387ns
The critical path consists of the following:
	multiplexor before 'phi' operation ('c0.V') with incoming values : ('add_ln691') [22]  (0.387 ns)

 <State 2>: 0.707ns
The critical path consists of the following:
	'phi' operation ('c0.V') with incoming values : ('add_ln691') [22]  (0 ns)
	'add' operation ('add_ln691') [23]  (0.707 ns)

 <State 3>: 0.707ns
The critical path consists of the following:
	'phi' operation ('c1.V') with incoming values : ('add_ln691_776') [31]  (0 ns)
	'add' operation ('add_ln691_776') [32]  (0.707 ns)

 <State 4>: 0.708ns
The critical path consists of the following:
	'phi' operation ('c6.V') with incoming values : ('add_ln691_777') [40]  (0 ns)
	'add' operation ('add_ln691_777') [41]  (0.708 ns)

 <State 5>: 0.73ns
The critical path consists of the following:
	'phi' operation ('c7.V') with incoming values : ('add_ln691_778') [52]  (0 ns)
	'getelementptr' operation ('local_C_V_0_addr', ./dut.cpp:35417) [61]  (0 ns)
	'load' operation ('out_data.V', ./dut.cpp:35417) on array 'local_C.V[0]', ./dut.cpp:35396 [62]  (0.73 ns)

 <State 6>: 1.22ns
The critical path consists of the following:
	fifo read on port 'fifo_C_drain_PE_6_5_x1210' (/home/rcslfpgaserver/Softwares/Xilinx/Vitis_HLS/2020.2/common/technology/autopilot/hls_stream_39.h:145) [60]  (1.22 ns)

 <State 7>: 1.34ns
The critical path consists of the following:
	'phi' operation ('n.V') with incoming values : ('add_ln691_779') [65]  (0 ns)
	'add' operation ('add_ln691_779') [67]  (0.708 ns)
	blocking operation 0.631 ns on control path)

 <State 8>: 0.683ns
The critical path consists of the following:
	'load' operation ('v2.V') on array 'data_split.V', ./dut.cpp:35405 [82]  (0.683 ns)

 <State 9>: 0.683ns
The critical path consists of the following:
	'load' operation ('v2.V') on array 'data_split.V', ./dut.cpp:35405 [82]  (0.683 ns)

 <State 10>: 0.683ns
The critical path consists of the following:
	'load' operation ('v2.V') on array 'data_split.V', ./dut.cpp:35405 [84]  (0.683 ns)

 <State 11>: 0.683ns
The critical path consists of the following:
	'load' operation ('v2.V') on array 'data_split.V', ./dut.cpp:35405 [86]  (0.683 ns)

 <State 12>: 1.41ns
The critical path consists of the following:
	'load' operation ('v2.V') on array 'data_split.V', ./dut.cpp:35405 [88]  (0.683 ns)
	'store' operation ('store_ln35429', ./dut.cpp:35429) of variable '__Result__' on array 'local_C.V[0]', ./dut.cpp:35396 [91]  (0.73 ns)

 <State 13>: 0.778ns
The critical path consists of the following:
	'phi' operation ('c4.V') with incoming values : ('add_ln691_782') [98]  (0 ns)
	'icmp' operation ('icmp_ln890_718') [99]  (0.656 ns)
	blocking operation 0.122 ns on control path)

 <State 14>: 0.73ns
The critical path consists of the following:
	'phi' operation ('c5.V') with incoming values : ('add_ln691_780') [124]  (0 ns)
	'getelementptr' operation ('local_C_V_0_addr_29', ./dut.cpp:35442) [132]  (0 ns)
	'load' operation ('local_C_V_0_load', ./dut.cpp:35442) on array 'local_C.V[0]', ./dut.cpp:35396 [133]  (0.73 ns)

 <State 15>: 2.43ns
The critical path consists of the following:
	fifo read on port 'fifo_C_drain_C_drain_IO_L1_out_5_7_x1275' (/home/rcslfpgaserver/Softwares/Xilinx/Vitis_HLS/2020.2/common/technology/autopilot/hls_stream_39.h:145) [116]  (1.22 ns)
	fifo write on port 'fifo_C_drain_C_drain_IO_L1_out_5_6_x1274' (/home/rcslfpgaserver/Softwares/Xilinx/Vitis_HLS/2020.2/common/technology/autopilot/hls_stream_39.h:174) [117]  (1.22 ns)

 <State 16>: 1.95ns
The critical path consists of the following:
	'load' operation ('local_C_V_0_load', ./dut.cpp:35442) on array 'local_C.V[0]', ./dut.cpp:35396 [133]  (0.73 ns)
	fifo write on port 'fifo_C_drain_C_drain_IO_L1_out_5_6_x1274' (/home/rcslfpgaserver/Softwares/Xilinx/Vitis_HLS/2020.2/common/technology/autopilot/hls_stream_39.h:174) [134]  (1.22 ns)


============================================================
+ Verbose Summary: Binding
============================================================
N/A
* FSMD analyzer results:
  - Output states:
 - Input state : 
  - Chain level:
	State 1
	State 2
	State 3
	State 4
	State 5
	State 6
	State 7
	State 8
	State 9
	State 10
	State 11
	State 12
	State 13
	State 14
	State 15
	State 16


============================================================
+ Verbose Summary: Datapath Resource usage 
============================================================
N/A
