

================================================================
== Vitis HLS Report for 'PE_wrapper_7_7_x0'
================================================================
* Date:           Mon Sep 19 23:23:02 2022

* Version:        2020.2 (Build 3064766 on Wed Nov 18 09:12:47 MST 2020)
* Project:        top
* Solution:       solution (Vitis Kernel Flow Target)
* Product family: virtexuplus
* Target device:  xcu250-figd2104-2L-e


================================================================
== Performance Estimates
================================================================
+ Timing: 
    * Summary: 
    +--------+---------+----------+------------+
    |  Clock |  Target | Estimated| Uncertainty|
    +--------+---------+----------+------------+
    |ap_clk  |  3.33 ns|  2.433 ns|     0.90 ns|
    +--------+---------+----------+------------+

+ Latency: 
    * Summary: 
    +---------+---------+----------+----------+--------+--------+---------+
    |  Latency (cycles) |  Latency (absolute) |     Interval    | Pipeline|
    |   min   |   max   |    min   |    max   |   min  |   max  |   Type  |
    +---------+---------+----------+----------+--------+--------+---------+
    |   524297|   524297|  1.747 ms|  1.747 ms|  524297|  524297|     none|
    +---------+---------+----------+----------+--------+--------+---------+

    + Detail: 
        * Instance: 
        N/A

        * Loop: 
        +-------------------------------------------------------------------------------------------------------+---------+---------+----------+-----------+-----------+--------+----------+
        |                                                                                                       |  Latency (cycles) | Iteration|  Initiation Interval  |  Trip  |          |
        |                                               Loop Name                                               |   min   |   max   |  Latency |  achieved |   target  |  Count | Pipelined|
        +-------------------------------------------------------------------------------------------------------+---------+---------+----------+-----------+-----------+--------+----------+
        |- PE_wrapper_7_7_x0_loop_1_PE_wrapper_7_7_x0_loop_3_PE_wrapper_7_7_x0_loop_4_PE_wrapper_7_7_x0_loop_5  |   524295|   524295|         9|          1|          1|  524288|       yes|
        +-------------------------------------------------------------------------------------------------------+---------+---------+----------+-----------+-----------+--------+----------+



================================================================
== Utilization Estimates
================================================================
* Summary: 
+---------------------+---------+-------+---------+---------+------+
|         Name        | BRAM_18K|  DSP  |    FF   |   LUT   | URAM |
+---------------------+---------+-------+---------+---------+------+
|DSP                  |        -|     32|        -|        -|     -|
|Expression           |        -|      -|        0|      641|     -|
|FIFO                 |        -|      -|        -|        -|     -|
|Instance             |        -|      -|        -|        -|     -|
|Memory               |        1|      -|        0|        0|     -|
|Multiplexer          |        -|      -|        -|      164|     -|
|Register             |        -|      -|     1374|      256|     -|
+---------------------+---------+-------+---------+---------+------+
|Total                |        1|     32|     1374|     1061|     0|
+---------------------+---------+-------+---------+---------+------+
|Available SLR        |     1344|   3072|   864000|   432000|   320|
+---------------------+---------+-------+---------+---------+------+
|Utilization SLR (%)  |       ~0|      1|       ~0|       ~0|     0|
+---------------------+---------+-------+---------+---------+------+
|Available            |     5376|  12288|  3456000|  1728000|  1280|
+---------------------+---------+-------+---------+---------+------+
|Utilization (%)      |       ~0|     ~0|       ~0|       ~0|     0|
+---------------------+---------+-------+---------+---------+------+

+ Detail: 
    * Instance: 
    N/A

    * DSP: 
    +--------------------------------------+--------------------------------+--------------+
    |               Instance               |             Module             |  Expression  |
    +--------------------------------------+--------------------------------+--------------+
    |mac_muladd_16s_16s_16ns_16_4_1_U2506  |mac_muladd_16s_16s_16ns_16_4_1  |  i0 + i1 * i2|
    |mac_muladd_16s_16s_16s_16_4_1_U2490   |mac_muladd_16s_16s_16s_16_4_1   |  i0 + i1 * i2|
    |mac_muladd_16s_16s_16s_16_4_1_U2491   |mac_muladd_16s_16s_16s_16_4_1   |  i0 + i1 * i2|
    |mac_muladd_16s_16s_16s_16_4_1_U2492   |mac_muladd_16s_16s_16s_16_4_1   |  i0 + i1 * i2|
    |mac_muladd_16s_16s_16s_16_4_1_U2493   |mac_muladd_16s_16s_16s_16_4_1   |  i0 + i1 * i2|
    |mac_muladd_16s_16s_16s_16_4_1_U2494   |mac_muladd_16s_16s_16s_16_4_1   |  i0 + i1 * i2|
    |mac_muladd_16s_16s_16s_16_4_1_U2495   |mac_muladd_16s_16s_16s_16_4_1   |  i0 + i1 * i2|
    |mac_muladd_16s_16s_16s_16_4_1_U2496   |mac_muladd_16s_16s_16s_16_4_1   |  i0 + i1 * i2|
    |mac_muladd_16s_16s_16s_16_4_1_U2497   |mac_muladd_16s_16s_16s_16_4_1   |  i0 + i1 * i2|
    |mac_muladd_16s_16s_16s_16_4_1_U2498   |mac_muladd_16s_16s_16s_16_4_1   |  i0 + i1 * i2|
    |mac_muladd_16s_16s_16s_16_4_1_U2499   |mac_muladd_16s_16s_16s_16_4_1   |  i0 + i1 * i2|
    |mac_muladd_16s_16s_16s_16_4_1_U2500   |mac_muladd_16s_16s_16s_16_4_1   |  i0 + i1 * i2|
    |mac_muladd_16s_16s_16s_16_4_1_U2501   |mac_muladd_16s_16s_16s_16_4_1   |  i0 + i1 * i2|
    |mac_muladd_16s_16s_16s_16_4_1_U2502   |mac_muladd_16s_16s_16s_16_4_1   |  i0 + i1 * i2|
    |mac_muladd_16s_16s_16s_16_4_1_U2503   |mac_muladd_16s_16s_16s_16_4_1   |  i0 + i1 * i2|
    |mac_muladd_16s_16s_16s_16_4_1_U2504   |mac_muladd_16s_16s_16s_16_4_1   |  i0 + i1 * i2|
    |mac_muladd_16s_16s_16s_16_4_1_U2505   |mac_muladd_16s_16s_16s_16_4_1   |  i0 + i1 * i2|
    |mul_mul_16s_16s_16_4_1_U2475          |mul_mul_16s_16s_16_4_1          |       i0 * i1|
    |mul_mul_16s_16s_16_4_1_U2476          |mul_mul_16s_16s_16_4_1          |       i0 * i1|
    |mul_mul_16s_16s_16_4_1_U2477          |mul_mul_16s_16s_16_4_1          |       i0 * i1|
    |mul_mul_16s_16s_16_4_1_U2478          |mul_mul_16s_16s_16_4_1          |       i0 * i1|
    |mul_mul_16s_16s_16_4_1_U2479          |mul_mul_16s_16s_16_4_1          |       i0 * i1|
    |mul_mul_16s_16s_16_4_1_U2480          |mul_mul_16s_16s_16_4_1          |       i0 * i1|
    |mul_mul_16s_16s_16_4_1_U2481          |mul_mul_16s_16s_16_4_1          |       i0 * i1|
    |mul_mul_16s_16s_16_4_1_U2482          |mul_mul_16s_16s_16_4_1          |       i0 * i1|
    |mul_mul_16s_16s_16_4_1_U2483          |mul_mul_16s_16s_16_4_1          |       i0 * i1|
    |mul_mul_16s_16s_16_4_1_U2484          |mul_mul_16s_16s_16_4_1          |       i0 * i1|
    |mul_mul_16s_16s_16_4_1_U2485          |mul_mul_16s_16s_16_4_1          |       i0 * i1|
    |mul_mul_16s_16s_16_4_1_U2486          |mul_mul_16s_16s_16_4_1          |       i0 * i1|
    |mul_mul_16s_16s_16_4_1_U2487          |mul_mul_16s_16s_16_4_1          |       i0 * i1|
    |mul_mul_16s_16s_16_4_1_U2488          |mul_mul_16s_16s_16_4_1          |       i0 * i1|
    |mul_mul_16s_16s_16_4_1_U2489          |mul_mul_16s_16s_16_4_1          |       i0 * i1|
    +--------------------------------------+--------------------------------+--------------+

    * Memory: 
    +-----------+---------------------------+---------+---+----+-----+------+-----+------+-------------+
    |   Memory  |           Module          | BRAM_18K| FF| LUT| URAM| Words| Bits| Banks| W*Bits*Banks|
    +-----------+---------------------------+---------+---+----+-----+------+-----+------+-------------+
    |local_C_U  |PE_wrapper_0_0_x0_local_C  |        1|  0|   0|    0|    64|   16|     1|         1024|
    +-----------+---------------------------+---------+---+----+-----+------+-----+------+-------------+
    |Total      |                           |        1|  0|   0|    0|    64|   16|     1|         1024|
    +-----------+---------------------------+---------+---+----+-----+------+-----+------+-------------+

    * FIFO: 
    N/A

    * Expression: 
    +-----------------------------------+----------+----+---+----+------------+------------+
    |           Variable Name           | Operation| DSP| FF| LUT| Bitwidth P0| Bitwidth P1|
    +-----------------------------------+----------+----+---+----+------------+------------+
    |add_ln12135_12_fu_1292_p2          |         +|   0|  0|  23|          16|          16|
    |add_ln12135_13_fu_1296_p2          |         +|   0|  0|  16|          16|          16|
    |add_ln12135_14_fu_1357_p2          |         +|   0|  0|  16|          16|          16|
    |add_ln12135_17_fu_1343_p2          |         +|   0|  0|  23|          16|          16|
    |add_ln12135_20_fu_1302_p2          |         +|   0|  0|  23|          16|          16|
    |add_ln12135_21_fu_1347_p2          |         +|   0|  0|  16|          16|          16|
    |add_ln12135_24_fu_1329_p2          |         +|   0|  0|  16|          16|          16|
    |add_ln12135_28_fu_1333_p2          |         +|   0|  0|  23|          16|          16|
    |add_ln12135_29_fu_1337_p2          |         +|   0|  0|  16|          16|          16|
    |add_ln12135_2_fu_1274_p2           |         +|   0|  0|  16|          16|          16|
    |add_ln12135_30_fu_1352_p2          |         +|   0|  0|  16|          16|          16|
    |add_ln12135_31_fu_1361_p2          |         +|   0|  0|  16|          16|          16|
    |add_ln12135_5_fu_1278_p2           |         +|   0|  0|  23|          16|          16|
    |add_ln12135_6_fu_1282_p2           |         +|   0|  0|  16|          16|          16|
    |add_ln12135_9_fu_1288_p2           |         +|   0|  0|  16|          16|          16|
    |add_ln691_37_fu_1120_p2            |         +|   0|  0|  12|           4|           1|
    |add_ln691_38_fu_1158_p2            |         +|   0|  0|  12|           4|           1|
    |add_ln691_fu_1221_p2               |         +|   0|  0|  13|           6|           1|
    |add_ln890_4_fu_1178_p2             |         +|   0|  0|  20|          13|           1|
    |add_ln890_5_fu_1006_p2             |         +|   0|  0|  24|          17|           1|
    |add_ln890_6_fu_360_p2              |         +|   0|  0|  27|          20|           1|
    |add_ln890_fu_1164_p2               |         +|   0|  0|  15|           8|           1|
    |empty_2835_fu_1263_p2              |         +|   0|  0|  13|           6|           6|
    |and_ln12092_1_fu_1031_p2           |       and|   0|  0|   2|           1|           1|
    |and_ln12092_2_fu_1043_p2           |       and|   0|  0|   2|           1|           1|
    |and_ln12092_3_fu_1055_p2           |       and|   0|  0|   2|           1|           1|
    |and_ln12092_fu_1204_p2             |       and|   0|  0|   2|           1|           1|
    |and_ln12093_1_fu_1077_p2           |       and|   0|  0|   2|           1|           1|
    |and_ln12093_2_fu_1083_p2           |       and|   0|  0|   2|           1|           1|
    |and_ln12093_fu_1216_p2             |       and|   0|  0|   2|           1|           1|
    |and_ln12094_fu_1114_p2             |       and|   0|  0|   2|           1|           1|
    |ap_block_state10_pp0_stage0_iter8  |       and|   0|  0|   2|           1|           1|
    |cmp_i_i135998_fu_1192_p2           |      icmp|   0|  0|  10|           6|           1|
    |cmp_i_i1359_mid1_fu_1227_p2        |      icmp|   0|  0|  10|           6|           1|
    |cmp_i_i97_fu_1198_p2               |      icmp|   0|  0|  10|           6|           5|
    |cmp_i_i_mid1_fu_1233_p2            |      icmp|   0|  0|  10|           6|           5|
    |icmp_ln890101_fu_1025_p2           |      icmp|   0|  0|   9|           4|           5|
    |icmp_ln890_6_fu_1000_p2            |      icmp|   0|  0|  13|          17|          16|
    |icmp_ln890_7_fu_1037_p2            |      icmp|   0|  0|  11|           8|           7|
    |icmp_ln890_8_fu_1049_p2            |      icmp|   0|  0|  12|          13|          12|
    |icmp_ln890_fu_366_p2               |      icmp|   0|  0|  15|          20|          21|
    |ap_block_pp0_stage0_01001          |        or|   0|  0|   2|           1|           1|
    |ap_block_state1                    |        or|   0|  0|   2|           1|           1|
    |ap_block_state3_pp0_stage0_iter1   |        or|   0|  0|   2|           1|           1|
    |or_ln12092_fu_1306_p2              |        or|   0|  0|   2|           1|           1|
    |or_ln12093_1_fu_1310_p2            |        or|   0|  0|   2|           1|           1|
    |or_ln12093_2_fu_1072_p2            |        or|   0|  0|   2|           1|           1|
    |or_ln12093_fu_1061_p2              |        or|   0|  0|   2|           1|           1|
    |or_ln12094_1_fu_1095_p2            |        or|   0|  0|   2|           1|           1|
    |or_ln12094_fu_1089_p2              |        or|   0|  0|   2|           1|           1|
    |or_ln890_2_fu_1132_p2              |        or|   0|  0|   2|           1|           1|
    |or_ln890_fu_1126_p2                |        or|   0|  0|   2|           1|           1|
    |grp_fu_1565_p2                     |    select|   0|  0|  16|           1|           1|
    |select_ln12093_fu_1209_p3          |    select|   0|  0|   6|           1|           1|
    |select_ln12094_1_fu_1315_p3        |    select|   0|  0|   2|           1|           1|
    |select_ln12094_2_fu_1239_p3        |    select|   0|  0|   2|           1|           1|
    |select_ln12094_fu_1100_p3          |    select|   0|  0|   4|           1|           1|
    |select_ln890_10_fu_1012_p3         |    select|   0|  0|  17|           1|           1|
    |select_ln890_6_fu_1138_p3          |    select|   0|  0|   4|           1|           1|
    |select_ln890_7_fu_1146_p3          |    select|   0|  0|   4|           1|           4|
    |select_ln890_8_fu_1170_p3          |    select|   0|  0|   8|           1|           1|
    |select_ln890_9_fu_1184_p3          |    select|   0|  0|  13|           1|           1|
    |select_ln890_fu_1246_p3            |    select|   0|  0|   6|           1|           6|
    |ap_enable_pp0                      |       xor|   0|  0|   2|           1|           2|
    |xor_ln12092_fu_1020_p2             |       xor|   0|  0|   2|           1|           2|
    |xor_ln12093_fu_1066_p2             |       xor|   0|  0|   2|           1|           2|
    |xor_ln12094_fu_1108_p2             |       xor|   0|  0|   2|           2|           1|
    +-----------------------------------+----------+----+---+----+------------+------------+
    |Total                              |          |   0|  0| 641|         440|         372|
    +-----------------------------------+----------+----+---+----+------------+------------+

    * Multiplexer: 
    +---------------------------------+----+-----------+-----+-----------+
    |               Name              | LUT| Input Size| Bits| Total Bits|
    +---------------------------------+----+-----------+-----+-----------+
    |ap_NS_fsm                        |  20|          4|    1|          4|
    |ap_done                          |   9|          2|    1|          2|
    |ap_enable_reg_pp0_iter6          |   9|          2|    1|          2|
    |ap_enable_reg_pp0_iter8          |   9|          2|    1|          2|
    |ap_phi_mux_c6_V_phi_fu_331_p4    |   9|          2|    4|          8|
    |c2_V_reg_349                     |   9|          2|    6|         12|
    |c6_V_reg_327                     |   9|          2|    4|          8|
    |c7_V_reg_338                     |   9|          2|    4|          8|
    |fifo_A_PE_7_7_x090_blk_n         |   9|          2|    1|          2|
    |fifo_A_PE_7_8_x091_blk_n         |   9|          2|    1|          2|
    |fifo_B_PE_7_7_x0162_blk_n        |   9|          2|    1|          2|
    |fifo_B_PE_8_7_x0163_blk_n        |   9|          2|    1|          2|
    |fifo_C_drain_PE_7_7_x0227_blk_n  |   9|          2|    1|          2|
    |indvar_flatten13_reg_305         |   9|          2|   13|         26|
    |indvar_flatten39_reg_294         |   9|          2|   17|         34|
    |indvar_flatten73_reg_283         |   9|          2|   20|         40|
    |indvar_flatten_reg_316           |   9|          2|    8|         16|
    +---------------------------------+----+-----------+-----+-----------+
    |Total                            | 164|         36|   85|        172|
    +---------------------------------+----+-----------+-----+-----------+

    * Register: 
    +---------------------------------------+----+----+-----+-----------+
    |                  Name                 | FF | LUT| Bits| Const Bits|
    +---------------------------------------+----+----+-----+-----------+
    |add_ln12135_13_reg_2073                |  16|   0|   16|          0|
    |add_ln12135_16_reg_2078                |  16|   0|   16|          0|
    |add_ln12135_16_reg_2078_pp0_iter6_reg  |  16|   0|   16|          0|
    |add_ln12135_20_reg_2083                |  16|   0|   16|          0|
    |add_ln12135_20_reg_2083_pp0_iter6_reg  |  16|   0|   16|          0|
    |add_ln12135_22_reg_2088                |  16|   0|   16|          0|
    |add_ln12135_23_reg_2093                |  16|   0|   16|          0|
    |add_ln12135_25_reg_2098                |  16|   0|   16|          0|
    |add_ln12135_29_reg_2113                |  16|   0|   16|          0|
    |add_ln12135_30_reg_2118                |  16|   0|   16|          0|
    |add_ln12135_6_reg_2068                 |  16|   0|   16|          0|
    |and_ln12092_3_reg_1920                 |   1|   0|    1|          0|
    |and_ln12092_3_reg_1920_pp0_iter5_reg   |   1|   0|    1|          0|
    |and_ln12093_2_reg_1935                 |   1|   0|    1|          0|
    |and_ln12093_2_reg_1935_pp0_iter5_reg   |   1|   0|    1|          0|
    |ap_CS_fsm                              |   3|   0|    3|          0|
    |ap_done_reg                            |   1|   0|    1|          0|
    |ap_enable_reg_pp0_iter0                |   1|   0|    1|          0|
    |ap_enable_reg_pp0_iter1                |   1|   0|    1|          0|
    |ap_enable_reg_pp0_iter2                |   1|   0|    1|          0|
    |ap_enable_reg_pp0_iter3                |   1|   0|    1|          0|
    |ap_enable_reg_pp0_iter4                |   1|   0|    1|          0|
    |ap_enable_reg_pp0_iter5                |   1|   0|    1|          0|
    |ap_enable_reg_pp0_iter6                |   1|   0|    1|          0|
    |ap_enable_reg_pp0_iter7                |   1|   0|    1|          0|
    |ap_enable_reg_pp0_iter8                |   1|   0|    1|          0|
    |c2_V_reg_349                           |   6|   0|    6|          0|
    |c6_V_reg_327                           |   4|   0|    4|          0|
    |c7_V_reg_338                           |   4|   0|    4|          0|
    |cmp_i_i135998_reg_2043                 |   1|   0|    1|          0|
    |cmp_i_i1359_mid1_reg_2048              |   1|   0|    1|          0|
    |empty_reg_1948                         |   3|   0|    3|          0|
    |icmp_ln890_6_reg_1901                  |   1|   0|    1|          0|
    |icmp_ln890_reg_1577                    |   1|   0|    1|          0|
    |indvar_flatten13_reg_305               |  13|   0|   13|          0|
    |indvar_flatten39_reg_294               |  17|   0|   17|          0|
    |indvar_flatten73_reg_283               |  20|   0|   20|          0|
    |indvar_flatten_reg_316                 |   8|   0|    8|          0|
    |local_C_addr_reg_2062                  |   6|   0|    6|          0|
    |or_ln12093_2_reg_1930                  |   1|   0|    1|          0|
    |or_ln12093_reg_1925                    |   1|   0|    1|          0|
    |select_ln12094_2_reg_2053              |   1|   0|    1|          0|
    |select_ln890_7_reg_1942                |   4|   0|    4|          0|
    |v1_V_2_reg_1736                        |  16|   0|   16|          0|
    |v1_V_reg_1896                          |  16|   0|   16|          0|
    |v2_V_182_reg_1746                      |  16|   0|   16|          0|
    |v2_V_184_reg_1756                      |  16|   0|   16|          0|
    |v2_V_186_reg_1766                      |  16|   0|   16|          0|
    |v2_V_188_reg_1776                      |  16|   0|   16|          0|
    |v2_V_190_reg_1786                      |  16|   0|   16|          0|
    |v2_V_192_reg_1796                      |  16|   0|   16|          0|
    |v2_V_195_reg_1811                      |  16|   0|   16|          0|
    |v2_V_195_reg_1811_pp0_iter2_reg        |  16|   0|   16|          0|
    |v2_V_196_reg_1816                      |  16|   0|   16|          0|
    |v2_V_198_reg_1826                      |  16|   0|   16|          0|
    |v2_V_200_reg_1836                      |  16|   0|   16|          0|
    |v2_V_202_reg_1846                      |  16|   0|   16|          0|
    |v2_V_204_reg_1856                      |  16|   0|   16|          0|
    |v2_V_206_reg_1866                      |  16|   0|   16|          0|
    |v2_V_208_reg_1876                      |  16|   0|   16|          0|
    |v2_V_211_reg_1891                      |  16|   0|   16|          0|
    |v2_V_212_reg_1581                      |  16|   0|   16|          0|
    |v2_V_213_reg_1586                      |  16|   0|   16|          0|
    |v2_V_215_reg_1596                      |  16|   0|   16|          0|
    |v2_V_217_reg_1606                      |  16|   0|   16|          0|
    |v2_V_219_reg_1616                      |  16|   0|   16|          0|
    |v2_V_221_reg_1626                      |  16|   0|   16|          0|
    |v2_V_223_reg_1636                      |  16|   0|   16|          0|
    |v2_V_226_reg_1651                      |  16|   0|   16|          0|
    |v2_V_226_reg_1651_pp0_iter2_reg        |  16|   0|   16|          0|
    |v2_V_227_reg_1656                      |  16|   0|   16|          0|
    |v2_V_229_reg_1666                      |  16|   0|   16|          0|
    |v2_V_231_reg_1676                      |  16|   0|   16|          0|
    |v2_V_233_reg_1686                      |  16|   0|   16|          0|
    |v2_V_235_reg_1696                      |  16|   0|   16|          0|
    |v2_V_237_reg_1706                      |  16|   0|   16|          0|
    |v2_V_239_reg_1716                      |  16|   0|   16|          0|
    |v2_V_242_reg_1731                      |  16|   0|   16|          0|
    |v2_V_reg_1741                          |  16|   0|   16|          0|
    |xor_ln12092_reg_1915                   |   1|   0|    1|          0|
    |add_ln12135_13_reg_2073                |  64|  32|   16|          0|
    |add_ln12135_6_reg_2068                 |  64|  32|   16|          0|
    |icmp_ln890_6_reg_1901                  |  64|  32|    1|          0|
    |icmp_ln890_reg_1577                    |  64|  32|    1|          0|
    |local_C_addr_reg_2062                  |  64|  32|    6|          0|
    |select_ln12094_2_reg_2053              |  64|  32|    1|          0|
    |v2_V_212_reg_1581                      |  64|  32|   16|          0|
    |v2_V_reg_1741                          |  64|  32|   16|          0|
    +---------------------------------------+----+----+-----+-----------+
    |Total                                  |1374| 256|  935|          0|
    +---------------------------------------+----+----+-----+-----------+



================================================================
== Interface
================================================================
* Summary: 
+----------------------------------+-----+-----+------------+---------------------------+--------------+
|             RTL Ports            | Dir | Bits|  Protocol  |       Source Object       |    C Type    |
+----------------------------------+-----+-----+------------+---------------------------+--------------+
|ap_clk                            |   in|    1|  ap_ctrl_hs|          PE_wrapper_7_7_x0|  return value|
|ap_rst                            |   in|    1|  ap_ctrl_hs|          PE_wrapper_7_7_x0|  return value|
|ap_start                          |   in|    1|  ap_ctrl_hs|          PE_wrapper_7_7_x0|  return value|
|ap_done                           |  out|    1|  ap_ctrl_hs|          PE_wrapper_7_7_x0|  return value|
|ap_continue                       |   in|    1|  ap_ctrl_hs|          PE_wrapper_7_7_x0|  return value|
|ap_idle                           |  out|    1|  ap_ctrl_hs|          PE_wrapper_7_7_x0|  return value|
|ap_ready                          |  out|    1|  ap_ctrl_hs|          PE_wrapper_7_7_x0|  return value|
|fifo_A_PE_7_7_x090_dout           |   in|  512|     ap_fifo|         fifo_A_PE_7_7_x090|       pointer|
|fifo_A_PE_7_7_x090_empty_n        |   in|    1|     ap_fifo|         fifo_A_PE_7_7_x090|       pointer|
|fifo_A_PE_7_7_x090_read           |  out|    1|     ap_fifo|         fifo_A_PE_7_7_x090|       pointer|
|fifo_A_PE_7_8_x091_din            |  out|  512|     ap_fifo|         fifo_A_PE_7_8_x091|       pointer|
|fifo_A_PE_7_8_x091_full_n         |   in|    1|     ap_fifo|         fifo_A_PE_7_8_x091|       pointer|
|fifo_A_PE_7_8_x091_write          |  out|    1|     ap_fifo|         fifo_A_PE_7_8_x091|       pointer|
|fifo_B_PE_7_7_x0162_dout          |   in|  512|     ap_fifo|        fifo_B_PE_7_7_x0162|       pointer|
|fifo_B_PE_7_7_x0162_empty_n       |   in|    1|     ap_fifo|        fifo_B_PE_7_7_x0162|       pointer|
|fifo_B_PE_7_7_x0162_read          |  out|    1|     ap_fifo|        fifo_B_PE_7_7_x0162|       pointer|
|fifo_B_PE_8_7_x0163_din           |  out|  512|     ap_fifo|        fifo_B_PE_8_7_x0163|       pointer|
|fifo_B_PE_8_7_x0163_full_n        |   in|    1|     ap_fifo|        fifo_B_PE_8_7_x0163|       pointer|
|fifo_B_PE_8_7_x0163_write         |  out|    1|     ap_fifo|        fifo_B_PE_8_7_x0163|       pointer|
|fifo_C_drain_PE_7_7_x0227_din     |  out|   16|     ap_fifo|  fifo_C_drain_PE_7_7_x0227|       pointer|
|fifo_C_drain_PE_7_7_x0227_full_n  |   in|    1|     ap_fifo|  fifo_C_drain_PE_7_7_x0227|       pointer|
|fifo_C_drain_PE_7_7_x0227_write   |  out|    1|     ap_fifo|  fifo_C_drain_PE_7_7_x0227|       pointer|
+----------------------------------+-----+-----+------------+---------------------------+--------------+

