

================================================================
== Vitis HLS Report for 'A_IO_L2_in_2_x1'
================================================================
* Date:           Sun Sep 18 03:44:44 2022

* Version:        2020.2 (Build 3064766 on Wed Nov 18 09:12:47 MST 2020)
* Project:        top
* Solution:       solution (Vitis Kernel Flow Target)
* Product family: virtexuplus
* Target device:  xcu250-figd2104-2L-e


================================================================
== Performance Estimates
================================================================
+ Timing: 
    * Summary: 
    +--------+---------+----------+------------+
    |  Clock |  Target | Estimated| Uncertainty|
    +--------+---------+----------+------------+
    |ap_clk  |  3.33 ns|  2.433 ns|     0.90 ns|
    +--------+---------+----------+------------+

+ Latency: 
    * Summary: 
    +---------+-----------+-----------+-----------+---------+-----------+---------+
    |   Latency (cycles)  |   Latency (absolute)  |       Interval      | Pipeline|
    |   min   |    max    |    min    |    max    |   min   |    max    |   Type  |
    +---------+-----------+-----------+-----------+---------+-----------+---------+
    |  6944958|  136325310|  23.148 ms|  0.454 sec|  6944958|  136325310|     none|
    +---------+-----------+-----------+-----------+---------+-----------+---------+

    + Detail: 
        * Instance: 
        N/A

        * Loop: 
        +----------------------------------------+---------+-----------+--------------------+-----------+-----------+------+----------+
        |                                        |   Latency (cycles)  |      Iteration     |  Initiation Interval  | Trip |          |
        |                Loop Name               |   min   |    max    |       Latency      |  achieved |   target  | Count| Pipelined|
        +----------------------------------------+---------+-----------+--------------------+-----------+-----------+------+----------+
        |- A_IO_L2_in_2_x1_loop_1                |  6902840|  136283192|  1725710 ~ 34070798|          -|          -|     4|        no|
        | + A_IO_L2_in_2_x1_loop_2               |  1725708|   34070796|    287618 ~ 5678466|          -|          -|     6|        no|
        |  ++ A_IO_L2_in_2_x1_loop_3             |   287616|    5678464|        2247 ~ 44363|          -|          -|   128|        no|
        |   +++ A_IO_L2_in_2_x1_loop_4           |     2244|       2244|                1122|          -|          -|     2|        no|
        |    ++++ A_IO_L2_in_2_x1_loop_5         |     1120|       1120|                  70|          -|          -|    16|        no|
        |     +++++ A_IO_L2_in_2_x1_loop_6       |       68|         68|                  34|          -|          -|     2|        no|
        |      ++++++ A_IO_L2_in_2_x1_loop_7     |       32|         32|                   2|          -|          -|    16|        no|
        |    ++++ A_IO_L2_in_2_x1_loop_8         |     1120|       1120|                  70|          -|          -|    16|        no|
        |     +++++ A_IO_L2_in_2_x1_loop_9       |       68|         68|                  34|          -|          -|     2|        no|
        |      ++++++ A_IO_L2_in_2_x1_loop_10    |       32|         32|                   2|          -|          -|    16|        no|
        |   +++ A_IO_L2_in_2_x1_loop_11          |    42116|      42116|               21058|          -|          -|     2|        no|
        |    ++++ A_IO_L2_in_2_x1_loop_12        |    21056|      21056|                 658|          -|          -|    32|        no|
        |     +++++ A_IO_L2_in_2_x1_loop_13      |      656|        656|                  82|          -|          -|     8|        no|
        |      ++++++ A_IO_L2_in_2_x1_loop_14    |       80|         80|                   5|          -|          -|    16|        no|
        |       +++++++ A_IO_L2_in_2_x1_loop_15  |        2|          2|                   1|          -|          -|     2|        no|
        |   +++ A_IO_L2_in_2_x1_loop_16          |     2244|       2244|                1122|          -|          -|     2|        no|
        |    ++++ A_IO_L2_in_2_x1_loop_17        |     1120|       1120|                  70|          -|          -|    16|        no|
        |     +++++ A_IO_L2_in_2_x1_loop_18      |       68|         68|                  34|          -|          -|     2|        no|
        |      ++++++ A_IO_L2_in_2_x1_loop_19    |       32|         32|                   2|          -|          -|    16|        no|
        |    ++++ A_IO_L2_in_2_x1_loop_20        |     1120|       1120|                  70|          -|          -|    16|        no|
        |     +++++ A_IO_L2_in_2_x1_loop_21      |       68|         68|                  34|          -|          -|     2|        no|
        |      ++++++ A_IO_L2_in_2_x1_loop_22    |       32|         32|                   2|          -|          -|    16|        no|
        |   +++ A_IO_L2_in_2_x1_loop_23          |    42116|      42116|               21058|          -|          -|     2|        no|
        |    ++++ A_IO_L2_in_2_x1_loop_24        |    21056|      21056|                 658|          -|          -|    32|        no|
        |     +++++ A_IO_L2_in_2_x1_loop_25      |      656|        656|                  82|          -|          -|     8|        no|
        |      ++++++ A_IO_L2_in_2_x1_loop_26    |       80|         80|                   5|          -|          -|    16|        no|
        |       +++++++ A_IO_L2_in_2_x1_loop_27  |        2|          2|                   1|          -|          -|     2|        no|
        |- A_IO_L2_in_2_x1_loop_28               |    42116|      42116|               21058|          -|          -|     2|        no|
        | + A_IO_L2_in_2_x1_loop_29              |    21056|      21056|                 658|          -|          -|    32|        no|
        |  ++ A_IO_L2_in_2_x1_loop_30            |      656|        656|                  82|          -|          -|     8|        no|
        |   +++ A_IO_L2_in_2_x1_loop_31          |       80|         80|                   5|          -|          -|    16|        no|
        |    ++++ A_IO_L2_in_2_x1_loop_32        |        2|          2|                   1|          -|          -|     2|        no|
        +----------------------------------------+---------+-----------+--------------------+-----------+-----------+------+----------+



================================================================
== Utilization Estimates
================================================================
* Summary: 
+---------------------+---------+-------+---------+---------+------+
|         Name        | BRAM_18K|  DSP  |    FF   |   LUT   | URAM |
+---------------------+---------+-------+---------+---------+------+
|DSP                  |        -|      -|        -|        -|     -|
|Expression           |        -|      -|        0|     2760|     -|
|FIFO                 |        -|      -|        -|        -|     -|
|Instance             |        -|      -|        -|        -|     -|
|Memory               |       16|      -|        0|        0|     -|
|Multiplexer          |        -|      -|        -|      601|     -|
|Register             |        -|      -|     3411|        -|     -|
+---------------------+---------+-------+---------+---------+------+
|Total                |       16|      0|     3411|     3361|     0|
+---------------------+---------+-------+---------+---------+------+
|Available SLR        |     1344|   3072|   864000|   432000|   320|
+---------------------+---------+-------+---------+---------+------+
|Utilization SLR (%)  |        1|      0|       ~0|       ~0|     0|
+---------------------+---------+-------+---------+---------+------+
|Available            |     5376|  12288|  3456000|  1728000|  1280|
+---------------------+---------+-------+---------+---------+------+
|Utilization (%)      |       ~0|      0|       ~0|       ~0|     0|
+---------------------+---------+-------+---------+---------+------+

+ Detail: 
    * Instance: 
    N/A

    * DSP: 
    N/A

    * Memory: 
    +------------------+--------------------------------+---------+---+----+-----+------+-----+------+-------------+
    |      Memory      |             Module             | BRAM_18K| FF| LUT| URAM| Words| Bits| Banks| W*Bits*Banks|
    +------------------+--------------------------------+---------+---+----+-----+------+-----+------+-------------+
    |local_A_ping_V_U  |A_IO_L2_in_0_x0_local_A_ping_V  |        8|  0|   0|    0|   512|  512|     1|       262144|
    |local_A_pong_V_U  |A_IO_L2_in_0_x0_local_A_ping_V  |        8|  0|   0|    0|   512|  512|     1|       262144|
    +------------------+--------------------------------+---------+---+----+-----+------+-----+------+-------------+
    |Total             |                                |       16|  0|   0|    0|  1024| 1024|     2|       524288|
    +------------------+--------------------------------+---------+---+----+-----+------+-----+------+-------------+

    * FIFO: 
    N/A

    * Expression: 
    +-------------------------------+----------+----+---+-----+------------+------------+
    |         Variable Name         | Operation| DSP| FF| LUT | Bitwidth P0| Bitwidth P1|
    +-------------------------------+----------+----+---+-----+------------+------------+
    |add_ln14697_1_fu_878_p2        |         +|   0|  0|   16|           9|           9|
    |add_ln14697_fu_849_p2          |         +|   0|  0|   12|           5|           5|
    |add_ln14735_fu_988_p2          |         +|   0|  0|   14|           7|           7|
    |add_ln14764_1_fu_1190_p2       |         +|   0|  0|   16|           9|           9|
    |add_ln14764_fu_1161_p2         |         +|   0|  0|   12|           5|           5|
    |add_ln14802_fu_1262_p2         |         +|   0|  0|   14|           7|           7|
    |add_ln14840_fu_1425_p2         |         +|   0|  0|   14|           7|           7|
    |add_ln691_2097_fu_1353_p2      |         +|   0|  0|    9|           2|           1|
    |add_ln691_2098_fu_743_p2       |         +|   0|  0|   10|           3|           1|
    |add_ln691_2099_fu_1369_p2      |         +|   0|  0|   13|           6|           1|
    |add_ln691_2100_fu_1395_p2      |         +|   0|  0|   12|           4|           1|
    |add_ln691_2101_fu_1407_p2      |         +|   0|  0|   12|           5|           1|
    |add_ln691_2102_fu_1448_p2      |         +|   0|  0|    9|           2|           1|
    |add_ln691_2104_fu_1121_p2      |         +|   0|  0|   10|           3|           1|
    |add_ln691_2105_fu_809_p2       |         +|   0|  0|   10|           3|           1|
    |add_ln691_2106_fu_910_p2       |         +|   0|  0|    9|           2|           1|
    |add_ln691_2107_fu_1103_p2      |         +|   0|  0|   12|           5|           1|
    |add_ln691_2108_fu_1091_p2      |         +|   0|  0|   12|           5|           1|
    |add_ln691_2109_fu_894_p2       |         +|   0|  0|    9|           2|           1|
    |add_ln691_2110_fu_791_p2       |         +|   0|  0|   12|           5|           1|
    |add_ln691_2111_fu_779_p2       |         +|   0|  0|   12|           5|           1|
    |add_ln691_2112_fu_1206_p2      |         +|   0|  0|   13|           6|           1|
    |add_ln691_2113_fu_1151_p2      |         +|   0|  0|    9|           2|           1|
    |add_ln691_2114_fu_1180_p2      |         +|   0|  0|   12|           5|           1|
    |add_ln691_2115_fu_1127_p2      |         +|   0|  0|    9|           2|           1|
    |add_ln691_2116_fu_1139_p2      |         +|   0|  0|   12|           5|           1|
    |add_ln691_2117_fu_932_p2       |         +|   0|  0|   13|           6|           1|
    |add_ln691_2118_fu_839_p2       |         +|   0|  0|    9|           2|           1|
    |add_ln691_2119_fu_868_p2       |         +|   0|  0|   12|           5|           1|
    |add_ln691_2120_fu_815_p2       |         +|   0|  0|    9|           2|           1|
    |add_ln691_2121_fu_827_p2       |         +|   0|  0|   12|           5|           1|
    |add_ln691_2122_fu_1232_p2      |         +|   0|  0|   12|           4|           1|
    |add_ln691_2123_fu_958_p2       |         +|   0|  0|   12|           4|           1|
    |add_ln691_2124_fu_1244_p2      |         +|   0|  0|   12|           5|           1|
    |add_ln691_2125_fu_1285_p2      |         +|   0|  0|    9|           2|           1|
    |add_ln691_2126_fu_970_p2       |         +|   0|  0|   12|           5|           1|
    |add_ln691_2127_fu_1011_p2      |         +|   0|  0|    9|           2|           1|
    |add_ln691_fu_731_p2            |         +|   0|  0|   10|           3|           1|
    |c2_V_208_fu_755_p2             |         +|   0|  0|   15|           8|           1|
    |ap_block_state18               |       and|   0|  0|    2|           1|           1|
    |ap_block_state31               |       and|   0|  0|    2|           1|           1|
    |ap_block_state37               |       and|   0|  0|    2|           1|           1|
    |icmp_ln14677_fu_761_p2         |      icmp|   0|  0|   11|           8|           9|
    |icmp_ln870_1_fu_773_p2         |      icmp|   0|  0|    8|           3|           2|
    |icmp_ln870_fu_1085_p2          |      icmp|   0|  0|    8|           3|           2|
    |icmp_ln878_72_fu_1291_p2       |      icmp|   0|  0|    8|           2|           3|
    |icmp_ln878_73_fu_1017_p2       |      icmp|   0|  0|    8|           2|           3|
    |icmp_ln878_fu_1454_p2          |      icmp|   0|  0|    8|           2|           3|
    |icmp_ln890_1948_fu_1363_p2     |      icmp|   0|  0|    8|           2|           3|
    |icmp_ln890_1949_fu_749_p2      |      icmp|   0|  0|    8|           3|           3|
    |icmp_ln890_1950_fu_1375_p2     |      icmp|   0|  0|   10|           6|           7|
    |icmp_ln890_1951_fu_1401_p2     |      icmp|   0|  0|    9|           4|           5|
    |icmp_ln890_1952_fu_1079_p2     |      icmp|   0|  0|    9|           3|           4|
    |icmp_ln890_1953_fu_767_p2      |      icmp|   0|  0|    9|           3|           4|
    |icmp_ln890_1954_fu_1442_p2     |      icmp|   0|  0|   10|           5|           6|
    |icmp_ln890_1955_fu_920_p2      |      icmp|   0|  0|    8|           2|           3|
    |icmp_ln890_1956_fu_1115_p2     |      icmp|   0|  0|   10|           5|           6|
    |icmp_ln890_1957_fu_1097_p2     |      icmp|   0|  0|   10|           5|           6|
    |icmp_ln890_1958_fu_904_p2      |      icmp|   0|  0|    8|           2|           3|
    |icmp_ln890_1959_fu_803_p2      |      icmp|   0|  0|   10|           5|           6|
    |icmp_ln890_1960_fu_785_p2      |      icmp|   0|  0|   10|           5|           6|
    |icmp_ln890_1961_fu_1212_p2     |      icmp|   0|  0|   10|           6|           7|
    |icmp_ln890_1962_fu_1174_p2     |      icmp|   0|  0|    8|           2|           3|
    |icmp_ln890_1963_fu_1133_p2     |      icmp|   0|  0|    8|           2|           3|
    |icmp_ln890_1964_fu_938_p2      |      icmp|   0|  0|   10|           6|           7|
    |icmp_ln890_1965_fu_862_p2      |      icmp|   0|  0|    8|           2|           3|
    |icmp_ln890_1966_fu_821_p2      |      icmp|   0|  0|    8|           2|           3|
    |icmp_ln890_1967_fu_1238_p2     |      icmp|   0|  0|    9|           4|           5|
    |icmp_ln890_1968_fu_1200_p2     |      icmp|   0|  0|   10|           5|           6|
    |icmp_ln890_1969_fu_1145_p2     |      icmp|   0|  0|   10|           5|           6|
    |icmp_ln890_1970_fu_964_p2      |      icmp|   0|  0|    9|           4|           5|
    |icmp_ln890_1971_fu_888_p2      |      icmp|   0|  0|   10|           5|           6|
    |icmp_ln890_1972_fu_833_p2      |      icmp|   0|  0|   10|           5|           6|
    |icmp_ln890_1973_fu_1279_p2     |      icmp|   0|  0|   10|           5|           6|
    |icmp_ln890_1974_fu_1005_p2     |      icmp|   0|  0|   10|           5|           6|
    |icmp_ln890_fu_737_p2           |      icmp|   0|  0|    9|           3|           4|
    |ap_block_state1                |        or|   0|  0|    2|           1|           1|
    |ap_block_state23               |        or|   0|  0|    2|           1|           1|
    |data_split_V_1_265_fu_1468_p3  |    select|   0|  0|  221|           1|         256|
    |data_split_V_1_266_fu_1476_p3  |    select|   0|  0|  221|           1|         256|
    |data_split_V_1_268_fu_1305_p3  |    select|   0|  0|  221|           1|         256|
    |data_split_V_1_269_fu_1313_p3  |    select|   0|  0|  221|           1|         256|
    |data_split_V_1_271_fu_1031_p3  |    select|   0|  0|  221|           1|         256|
    |data_split_V_1_272_fu_1039_p3  |    select|   0|  0|  221|           1|         256|
    |select_ln14741_fu_1071_p3      |    select|   0|  0|  221|           1|         256|
    |select_ln14808_fu_1345_p3      |    select|   0|  0|  221|           1|         256|
    |select_ln14846_fu_1508_p3      |    select|   0|  0|  221|           1|         256|
    |arb_fu_926_p2                  |       xor|   0|  0|    2|           1|           2|
    +-------------------------------+----------+----+---+-----+------------+------------+
    |Total                          |          |   0|  0| 2760|         320|        2552|
    +-------------------------------+----------+----+---+-----+------------+------------+

    * Multiplexer: 
    +-------------------------------+-----+-----------+-----+-----------+
    |              Name             | LUT | Input Size| Bits| Total Bits|
    +-------------------------------+-----+-----------+-----+-----------+
    |ap_NS_fsm                      |  169|         38|    1|         38|
    |ap_done                        |    9|          2|    1|          2|
    |arb_35_reg_336                 |    9|          2|    1|          2|
    |c0_V_reg_274                   |    9|          2|    3|          6|
    |c1_V_reg_299                   |    9|          2|    3|          6|
    |c2_V_reg_348                   |    9|          2|    8|         16|
    |c3_V_1_reg_359                 |    9|          2|    3|          6|
    |c3_V_reg_512                   |    9|          2|    3|          6|
    |c4_V_105_reg_524               |    9|          2|    5|         10|
    |c4_V_106_reg_382               |    9|          2|    5|         10|
    |c4_V_107_reg_371               |    9|          2|    5|         10|
    |c4_V_reg_535                   |    9|          2|    5|         10|
    |c5_V_195_reg_448               |    9|          2|    2|          4|
    |c5_V_196_reg_437               |    9|          2|    2|          4|
    |c5_V_197_reg_568               |    9|          2|    2|          4|
    |c5_V_198_reg_546               |    9|          2|    2|          4|
    |c5_V_199_reg_415               |    9|          2|    2|          4|
    |c5_V_200_reg_393               |    9|          2|    2|          4|
    |c5_V_reg_643                   |    9|          2|    2|          4|
    |c6_V_199_reg_590               |    9|          2|    6|         12|
    |c6_V_200_reg_459               |    9|          2|    6|         12|
    |c6_V_201_reg_579               |    9|          2|    5|         10|
    |c6_V_202_reg_557               |    9|          2|    5|         10|
    |c6_V_203_reg_426               |    9|          2|    5|         10|
    |c6_V_204_reg_404               |    9|          2|    5|         10|
    |c6_V_reg_654                   |    9|          2|    6|         12|
    |c7_V_133_reg_601               |    9|          2|    4|          8|
    |c7_V_134_reg_470               |    9|          2|    4|          8|
    |c7_V_reg_665                   |    9|          2|    4|          8|
    |c8_V_69_reg_612                |    9|          2|    5|         10|
    |c8_V_70_reg_481                |    9|          2|    5|         10|
    |c8_V_reg_676                   |    9|          2|    5|         10|
    |fifo_A_A_IO_L2_in_2_x17_blk_n  |    9|          2|    1|          2|
    |fifo_A_A_IO_L2_in_3_x18_blk_n  |    9|          2|    1|          2|
    |fifo_A_PE_2_0_x143_blk_n       |    9|          2|    1|          2|
    |fifo_A_PE_2_0_x143_din         |   20|          4|  256|       1024|
    |intra_trans_en_53_reg_310      |    9|          2|    1|          2|
    |intra_trans_en_54_reg_323      |    9|          2|    1|          2|
    |local_A_ping_V_address0        |   20|          4|    9|         36|
    |local_A_pong_V_address0        |   14|          3|    9|         27|
    |n_V_69_reg_623                 |    9|          2|    2|          4|
    |n_V_70_reg_492                 |    9|          2|    2|          4|
    |n_V_reg_687                    |    9|          2|    2|          4|
    |p_Val2_139_reg_634             |    9|          2|  512|       1024|
    |p_Val2_140_reg_698             |    9|          2|  512|       1024|
    |p_Val2_s_reg_503               |    9|          2|  512|       1024|
    +-------------------------------+-----+-----------+-----+-----------+
    |Total                          |  601|        133| 1943|       4461|
    +-------------------------------+-----+-----------+-----+-----------+

    * Register: 
    +--------------------------------+-----+----+-----+-----------+
    |              Name              |  FF | LUT| Bits| Const Bits|
    +--------------------------------+-----+----+-----+-----------+
    |add_ln691_2097_reg_1866         |    2|   0|    2|          0|
    |add_ln691_2098_reg_1560         |    3|   0|    3|          0|
    |add_ln691_2099_reg_1879         |    6|   0|    6|          0|
    |add_ln691_2100_reg_1897         |    4|   0|    4|          0|
    |add_ln691_2101_reg_1905         |    5|   0|    5|          0|
    |add_ln691_2106_reg_1664         |    2|   0|    2|          0|
    |add_ln691_2107_reg_1749         |    5|   0|    5|          0|
    |add_ln691_2108_reg_1741         |    5|   0|    5|          0|
    |add_ln691_2109_reg_1651         |    2|   0|    2|          0|
    |add_ln691_2110_reg_1591         |    5|   0|    5|          0|
    |add_ln691_2111_reg_1583         |    5|   0|    5|          0|
    |add_ln691_2112_reg_1809         |    6|   0|    6|          0|
    |add_ln691_2113_reg_1783         |    2|   0|    2|          0|
    |add_ln691_2114_reg_1796         |    5|   0|    5|          0|
    |add_ln691_2115_reg_1767         |    2|   0|    2|          0|
    |add_ln691_2116_reg_1775         |    5|   0|    5|          0|
    |add_ln691_2117_reg_1682         |    6|   0|    6|          0|
    |add_ln691_2118_reg_1625         |    2|   0|    2|          0|
    |add_ln691_2119_reg_1638         |    5|   0|    5|          0|
    |add_ln691_2120_reg_1609         |    2|   0|    2|          0|
    |add_ln691_2121_reg_1617         |    5|   0|    5|          0|
    |add_ln691_2122_reg_1827         |    4|   0|    4|          0|
    |add_ln691_2123_reg_1700         |    4|   0|    4|          0|
    |add_ln691_2124_reg_1835         |    5|   0|    5|          0|
    |add_ln691_2126_reg_1708         |    5|   0|    5|          0|
    |add_ln691_reg_1540              |    3|   0|    3|          0|
    |ap_CS_fsm                       |   37|   0|   37|          0|
    |ap_done_reg                     |    1|   0|    1|          0|
    |arb_35_reg_336                  |    1|   0|    1|          0|
    |c0_V_reg_274                    |    3|   0|    3|          0|
    |c1_V_reg_299                    |    3|   0|    3|          0|
    |c2_V_208_reg_1568               |    8|   0|    8|          0|
    |c2_V_reg_348                    |    8|   0|    8|          0|
    |c3_V_1_reg_359                  |    3|   0|    3|          0|
    |c3_V_reg_512                    |    3|   0|    3|          0|
    |c4_V_105_reg_524                |    5|   0|    5|          0|
    |c4_V_106_reg_382                |    5|   0|    5|          0|
    |c4_V_107_reg_371                |    5|   0|    5|          0|
    |c4_V_reg_535                    |    5|   0|    5|          0|
    |c5_V_195_reg_448                |    2|   0|    2|          0|
    |c5_V_196_reg_437                |    2|   0|    2|          0|
    |c5_V_197_reg_568                |    2|   0|    2|          0|
    |c5_V_198_reg_546                |    2|   0|    2|          0|
    |c5_V_199_reg_415                |    2|   0|    2|          0|
    |c5_V_200_reg_393                |    2|   0|    2|          0|
    |c5_V_reg_643                    |    2|   0|    2|          0|
    |c6_V_199_reg_590                |    6|   0|    6|          0|
    |c6_V_200_reg_459                |    6|   0|    6|          0|
    |c6_V_201_reg_579                |    5|   0|    5|          0|
    |c6_V_202_reg_557                |    5|   0|    5|          0|
    |c6_V_203_reg_426                |    5|   0|    5|          0|
    |c6_V_204_reg_404                |    5|   0|    5|          0|
    |c6_V_reg_654                    |    6|   0|    6|          0|
    |c7_V_133_reg_601                |    4|   0|    4|          0|
    |c7_V_134_reg_470                |    4|   0|    4|          0|
    |c7_V_reg_665                    |    4|   0|    4|          0|
    |c8_V_69_reg_612                 |    5|   0|    5|          0|
    |c8_V_70_reg_481                 |    5|   0|    5|          0|
    |c8_V_reg_676                    |    5|   0|    5|          0|
    |data_split_V_1_259_fu_180       |  256|   0|  256|          0|
    |data_split_V_1_260_fu_184       |  256|   0|  256|          0|
    |data_split_V_1_261_fu_188       |  256|   0|  256|          0|
    |data_split_V_1_262_fu_200       |  256|   0|  256|          0|
    |data_split_V_1_263_fu_204       |  256|   0|  256|          0|
    |data_split_V_1_fu_176           |  256|   0|  256|          0|
    |div_i_i28_reg_1817              |    4|   0|    4|          0|
    |div_i_i29_reg_1690              |    4|   0|    4|          0|
    |div_i_i_reg_1887                |    4|   0|    4|          0|
    |empty_3093_reg_1822             |    1|   0|    1|          0|
    |empty_3094_reg_1892             |    1|   0|    1|          0|
    |empty_reg_1695                  |    1|   0|    1|          0|
    |icmp_ln870_1_reg_1579           |    1|   0|    1|          0|
    |icmp_ln870_reg_1737             |    1|   0|    1|          0|
    |intra_trans_en_53_reg_310       |    1|   0|    1|          0|
    |intra_trans_en_54_reg_323       |    1|   0|    1|          0|
    |intra_trans_en_reg_285          |    1|   0|    1|          0|
    |local_A_ping_V_addr_5_reg_1801  |    9|   0|    9|          0|
    |local_A_pong_V_addr_reg_1643    |    9|   0|    9|          0|
    |n_V_69_reg_623                  |    2|   0|    2|          0|
    |n_V_70_reg_492                  |    2|   0|    2|          0|
    |n_V_reg_687                     |    2|   0|    2|          0|
    |p_Val2_139_reg_634              |  512|   0|  512|          0|
    |p_Val2_140_reg_698              |  512|   0|  512|          0|
    |p_Val2_s_reg_503                |  512|   0|  512|          0|
    |shl_ln14697_reg_1596            |    4|   0|    5|          1|
    |shl_ln14764_reg_1754            |    4|   0|    5|          1|
    |tmp_593_cast_reg_1788           |    5|   0|    9|          4|
    |tmp_595_cast_reg_1630           |    5|   0|    9|          4|
    |zext_ln890_133_reg_1669         |    2|   0|    7|          5|
    |zext_ln890_134_reg_1656         |    2|   0|    7|          5|
    |zext_ln890_reg_1871             |    2|   0|    7|          5|
    +--------------------------------+-----+----+-----+-----------+
    |Total                           | 3411|   0| 3436|         25|
    +--------------------------------+-----+----+-----+-----------+



================================================================
== Interface
================================================================
* Summary: 
+---------------------------------+-----+-----+------------+-------------------------+--------------+
|            RTL Ports            | Dir | Bits|  Protocol  |      Source Object      |    C Type    |
+---------------------------------+-----+-----+------------+-------------------------+--------------+
|ap_clk                           |   in|    1|  ap_ctrl_hs|          A_IO_L2_in_2_x1|  return value|
|ap_rst                           |   in|    1|  ap_ctrl_hs|          A_IO_L2_in_2_x1|  return value|
|ap_start                         |   in|    1|  ap_ctrl_hs|          A_IO_L2_in_2_x1|  return value|
|ap_done                          |  out|    1|  ap_ctrl_hs|          A_IO_L2_in_2_x1|  return value|
|ap_continue                      |   in|    1|  ap_ctrl_hs|          A_IO_L2_in_2_x1|  return value|
|ap_idle                          |  out|    1|  ap_ctrl_hs|          A_IO_L2_in_2_x1|  return value|
|ap_ready                         |  out|    1|  ap_ctrl_hs|          A_IO_L2_in_2_x1|  return value|
|fifo_A_A_IO_L2_in_2_x17_dout     |   in|  512|     ap_fifo|  fifo_A_A_IO_L2_in_2_x17|       pointer|
|fifo_A_A_IO_L2_in_2_x17_empty_n  |   in|    1|     ap_fifo|  fifo_A_A_IO_L2_in_2_x17|       pointer|
|fifo_A_A_IO_L2_in_2_x17_read     |  out|    1|     ap_fifo|  fifo_A_A_IO_L2_in_2_x17|       pointer|
|fifo_A_A_IO_L2_in_3_x18_din      |  out|  512|     ap_fifo|  fifo_A_A_IO_L2_in_3_x18|       pointer|
|fifo_A_A_IO_L2_in_3_x18_full_n   |   in|    1|     ap_fifo|  fifo_A_A_IO_L2_in_3_x18|       pointer|
|fifo_A_A_IO_L2_in_3_x18_write    |  out|    1|     ap_fifo|  fifo_A_A_IO_L2_in_3_x18|       pointer|
|fifo_A_PE_2_0_x143_din           |  out|  256|     ap_fifo|       fifo_A_PE_2_0_x143|       pointer|
|fifo_A_PE_2_0_x143_full_n        |   in|    1|     ap_fifo|       fifo_A_PE_2_0_x143|       pointer|
|fifo_A_PE_2_0_x143_write         |  out|    1|     ap_fifo|       fifo_A_PE_2_0_x143|       pointer|
+---------------------------------+-----+-----+------------+-------------------------+--------------+

