

================================================================
== Vitis HLS Report for 'A_IO_L2_in_boundary_x0'
================================================================
* Date:           Fri Sep 16 06:02:53 2022

* Version:        2020.2 (Build 3064766 on Wed Nov 18 09:12:47 MST 2020)
* Project:        top
* Solution:       solution (Vitis Kernel Flow Target)
* Product family: virtexuplus
* Target device:  xcu250-figd2104-2L-e


================================================================
== Performance Estimates
================================================================
+ Timing: 
    * Summary: 
    +--------+---------+----------+------------+
    |  Clock |  Target | Estimated| Uncertainty|
    +--------+---------+----------+------------+
    |ap_clk  |  3.33 ns|  2.417 ns|     0.90 ns|
    +--------+---------+----------+------------+

+ Latency: 
    * Summary: 
    +---------+----------+----------+-----------+---------+----------+---------+
    |  Latency (cycles)  |  Latency (absolute)  |      Interval      | Pipeline|
    |   min   |    max   |    min   |    max    |   min   |    max   |   Type  |
    +---------+----------+----------+-----------+---------+----------+---------+
    |  1716227|  31603715|  5.720 ms|  0.105 sec|  1716227|  31603715|     none|
    +---------+----------+----------+-----------+---------+----------+---------+

    + Detail: 
        * Instance: 
        N/A

        * Loop: 
        +-------------------------------------------------------------------------------------------------+---------+----------+-------------+-----------+-----------+------+----------+
        |                                                                                                 |  Latency (cycles)  |  Iteration  |  Initiation Interval  | Trip |          |
        |                                            Loop Name                                            |   min   |    max   |   Latency   |  achieved |   target  | Count| Pipelined|
        +-------------------------------------------------------------------------------------------------+---------+----------+-------------+-----------+-----------+------+----------+
        |- A_IO_L2_in_boundary_x0_loop_1_A_IO_L2_in_boundary_x0_loop_2_A_IO_L2_in_boundary_x0_loop_3      |  1683456|  31570944|  548 ~ 10277|          -|          -|  3072|        no|
        | + A_IO_L2_in_boundary_x0_loop_5_A_IO_L2_in_boundary_x0_loop_6                                   |      544|       544|           17|         17|         17|    32|       yes|
        | + A_IO_L2_in_boundary_x0_loop_8_A_IO_L2_in_boundary_x0_loop_9_A_IO_L2_in_boundary_x0_loop_10    |     9728|      9728|           19|         19|         19|   512|       yes|
        | + A_IO_L2_in_boundary_x0_loop_14_A_IO_L2_in_boundary_x0_loop_15                                 |      544|       544|           17|         17|         17|    32|       yes|
        | + A_IO_L2_in_boundary_x0_loop_17_A_IO_L2_in_boundary_x0_loop_18_A_IO_L2_in_boundary_x0_loop_19  |     9728|      9728|           19|         19|         19|   512|       yes|
        |- A_IO_L2_in_boundary_x0_loop_22_A_IO_L2_in_boundary_x0_loop_24_A_IO_L2_in_boundary_x0_loop_25   |    32768|     32768|            4|          4|          4|  8192|       yes|
        +-------------------------------------------------------------------------------------------------+---------+----------+-------------+-----------+-----------+------+----------+



================================================================
== Utilization Estimates
================================================================
* Summary: 
+---------------------+---------+-------+---------+---------+------+
|         Name        | BRAM_18K|  DSP  |    FF   |   LUT   | URAM |
+---------------------+---------+-------+---------+---------+------+
|DSP                  |        -|      -|        -|        -|     -|
|Expression           |        -|      -|        0|     8729|     -|
|FIFO                 |        -|      -|        -|        -|     -|
|Instance             |        -|      -|        -|        -|     -|
|Memory               |       16|      -|        0|        0|     -|
|Multiplexer          |        -|      -|        -|     1161|     -|
|Register             |        -|      -|     8985|        -|     -|
+---------------------+---------+-------+---------+---------+------+
|Total                |       16|      0|     8985|     9890|     0|
+---------------------+---------+-------+---------+---------+------+
|Available SLR        |     1344|   3072|   864000|   432000|   320|
+---------------------+---------+-------+---------+---------+------+
|Utilization SLR (%)  |        1|      0|        1|        2|     0|
+---------------------+---------+-------+---------+---------+------+
|Available            |     5376|  12288|  3456000|  1728000|  1280|
+---------------------+---------+-------+---------+---------+------+
|Utilization (%)      |       ~0|      0|       ~0|       ~0|     0|
+---------------------+---------+-------+---------+---------+------+

+ Detail: 
    * Instance: 
    N/A

    * DSP: 
    N/A

    * Memory: 
    +------------------+---------------------------------------+---------+---+----+-----+------+-----+------+-------------+
    |      Memory      |                 Module                | BRAM_18K| FF| LUT| URAM| Words| Bits| Banks| W*Bits*Banks|
    +------------------+---------------------------------------+---------+---+----+-----+------+-----+------+-------------+
    |local_A_ping_V_U  |A_IO_L2_in_boundary_x0_local_A_ping_V  |        8|  0|   0|    0|   512|  512|     1|       262144|
    |local_A_pong_V_U  |A_IO_L2_in_boundary_x0_local_A_ping_V  |        8|  0|   0|    0|   512|  512|     1|       262144|
    +------------------+---------------------------------------+---------+---+----+-----+------+-----+------+-------------+
    |Total             |                                       |       16|  0|   0|    0|  1024| 1024|     2|       524288|
    +------------------+---------------------------------------+---------+---+----+-----+------+-----+------+-------------+

    * FIFO: 
    N/A

    * Expression: 
    +-----------------------------+----------+----+---+-----+------------+------------+
    |        Variable Name        | Operation| DSP| FF| LUT | Bitwidth P0| Bitwidth P1|
    +-----------------------------+----------+----+---+-----+------------+------------+
    |add_ln691_1723_fu_3270_p2    |         +|   0|  0|   13|           6|           1|
    |add_ln691_1724_fu_3322_p2    |         +|   0|  0|   12|           5|           1|
    |add_ln691_1725_fu_2162_p2    |         +|   0|  0|   12|           5|           1|
    |add_ln691_1726_fu_2385_p2    |         +|   0|  0|    9|           2|           1|
    |add_ln691_1727_fu_1171_p2    |         +|   0|  0|   12|           5|           1|
    |add_ln691_1728_fu_1394_p2    |         +|   0|  0|    9|           2|           1|
    |add_ln691_1729_fu_2416_p2    |         +|   0|  0|    9|           2|           1|
    |add_ln691_1730_fu_2476_p2    |         +|   0|  0|   13|           6|           1|
    |add_ln691_1731_fu_2520_p2    |         +|   0|  0|   12|           4|           1|
    |add_ln691_1732_fu_1425_p2    |         +|   0|  0|    9|           2|           1|
    |add_ln691_1733_fu_1485_p2    |         +|   0|  0|   13|           6|           1|
    |add_ln691_1734_fu_1529_p2    |         +|   0|  0|   12|           4|           1|
    |add_ln691_1735_fu_2119_p2    |         +|   0|  0|   15|           8|           1|
    |add_ln691_fu_3131_p2         |         +|   0|  0|    9|           2|           1|
    |add_ln875_fu_1213_p2         |         +|   0|  0|   14|           7|           7|
    |add_ln890_407_fu_3247_p2     |         +|   0|  0|   21|          14|           1|
    |add_ln890_408_fu_3105_p2     |         +|   0|  0|   21|          14|           1|
    |add_ln890_409_fu_2150_p2     |         +|   0|  0|   13|           6|           1|
    |add_ln890_410_fu_1159_p2     |         +|   0|  0|   13|           6|           1|
    |add_ln890_411_fu_2540_p2     |         +|   0|  0|   17|          10|           1|
    |add_ln890_412_fu_2390_p2     |         +|   0|  0|   17|          10|           1|
    |add_ln890_413_fu_1549_p2     |         +|   0|  0|   17|          10|           1|
    |add_ln890_414_fu_1399_p2     |         +|   0|  0|   17|          10|           1|
    |add_ln890_415_fu_2137_p2     |         +|   0|  0|   18|          11|           1|
    |add_ln890_416_fu_1087_p2     |         +|   0|  0|   19|          12|           1|
    |add_ln890_fu_3227_p2         |         +|   0|  0|   16|           9|           1|
    |add_ln897_1_fu_1624_p2       |         +|   0|  0|   15|           8|           7|
    |add_ln897_2_fu_1703_p2       |         +|   0|  0|   15|           8|           8|
    |add_ln897_3_fu_1775_p2       |         +|   0|  0|   16|           9|           8|
    |add_ln897_4_fu_1869_p2       |         +|   0|  0|   16|           9|           9|
    |add_ln897_5_fu_1874_p2       |         +|   0|  0|   16|           9|           9|
    |add_ln897_fu_1574_p2         |         +|   0|  0|   14|           7|           6|
    |add_ln926_fu_2204_p2         |         +|   0|  0|   14|           7|           7|
    |add_ln948_1_fu_2615_p2       |         +|   0|  0|   15|           8|           7|
    |add_ln948_2_fu_2694_p2       |         +|   0|  0|   15|           8|           8|
    |add_ln948_3_fu_2766_p2       |         +|   0|  0|   16|           9|           8|
    |add_ln948_4_fu_2836_p2       |         +|   0|  0|   16|           9|           9|
    |add_ln948_5_fu_2841_p2       |         +|   0|  0|   16|           9|           9|
    |add_ln948_fu_2565_p2         |         +|   0|  0|   14|           7|           6|
    |add_ln986_fu_3303_p2         |         +|   0|  0|   12|           5|           5|
    |and_ln853_1_fu_1129_p2       |       and|   0|  0|    2|           1|           1|
    |and_ln853_fu_1117_p2         |       and|   0|  0|    2|           1|           1|
    |and_ln854_fu_1153_p2         |       and|   0|  0|    2|           1|           1|
    |and_ln890_11_fu_3171_p2      |       and|   0|  0|    2|           1|           1|
    |and_ln890_12_fu_3183_p2      |       and|   0|  0|    2|           1|           1|
    |and_ln890_13_fu_2458_p2      |       and|   0|  0|    2|           1|           1|
    |and_ln890_14_fu_2470_p2      |       and|   0|  0|    2|           1|           1|
    |and_ln890_15_fu_1467_p2      |       and|   0|  0|    2|           1|           1|
    |and_ln890_16_fu_1479_p2      |       and|   0|  0|    2|           1|           1|
    |and_ln890_fu_3327_p2         |       and|   0|  0|    2|           1|           1|
    |and_ln976_fu_3201_p2         |       and|   0|  0|    2|           1|           1|
    |icmp_ln855_fu_1123_p2        |      icmp|   0|  0|   11|           8|           9|
    |icmp_ln890582_fu_1099_p2     |      icmp|   0|  0|   11|          11|          10|
    |icmp_ln890_1792_fu_3125_p2   |      icmp|   0|  0|   12|          14|          15|
    |icmp_ln890_1793_fu_3137_p2   |      icmp|   0|  0|   12|          14|          13|
    |icmp_ln890_1794_fu_3165_p2   |      icmp|   0|  0|   10|           5|           6|
    |icmp_ln890_1795_fu_3177_p2   |      icmp|   0|  0|   11|           9|           8|
    |icmp_ln890_1796_fu_2156_p2   |      icmp|   0|  0|   10|           6|           7|
    |icmp_ln890_1797_fu_1165_p2   |      icmp|   0|  0|   10|           6|           7|
    |icmp_ln890_1798_fu_2168_p2   |      icmp|   0|  0|    8|           2|           3|
    |icmp_ln890_1799_fu_1177_p2   |      icmp|   0|  0|    8|           2|           3|
    |icmp_ln890_1800_fu_2410_p2   |      icmp|   0|  0|   11|          10|          11|
    |icmp_ln890_1801_fu_1419_p2   |      icmp|   0|  0|   11|          10|          11|
    |icmp_ln890_1802_fu_2422_p2   |      icmp|   0|  0|   11|          10|           9|
    |icmp_ln890_1803_fu_2464_p2   |      icmp|   0|  0|    9|           4|           5|
    |icmp_ln890_1804_fu_1431_p2   |      icmp|   0|  0|   11|          10|           9|
    |icmp_ln890_1805_fu_1473_p2   |      icmp|   0|  0|    9|           4|           5|
    |icmp_ln890_fu_1093_p2        |      icmp|   0|  0|   12|          12|          12|
    |ap_block_state1              |        or|   0|  0|    2|           1|           1|
    |or_ln691_1_fu_1535_p2        |        or|   0|  0|    2|           1|           1|
    |or_ln691_2_fu_2125_p2        |        or|   0|  0|    2|           1|           1|
    |or_ln691_fu_2526_p2          |        or|   0|  0|    2|           1|           1|
    |or_ln853_fu_1105_p2          |        or|   0|  0|    2|           1|           1|
    |or_ln854_1_fu_1147_p2        |        or|   0|  0|    2|           1|           1|
    |or_ln854_fu_1135_p2          |        or|   0|  0|    2|           1|           1|
    |or_ln875_10_fu_1344_p2       |        or|   0|  0|    9|           9|           4|
    |or_ln875_11_fu_1354_p2       |        or|   0|  0|    9|           9|           4|
    |or_ln875_12_fu_1364_p2       |        or|   0|  0|    9|           9|           4|
    |or_ln875_13_fu_1374_p2       |        or|   0|  0|    9|           9|           4|
    |or_ln875_14_fu_1384_p2       |        or|   0|  0|    9|           9|           4|
    |or_ln875_1_fu_1254_p2        |        or|   0|  0|    9|           9|           2|
    |or_ln875_2_fu_1264_p2        |        or|   0|  0|    9|           9|           2|
    |or_ln875_3_fu_1274_p2        |        or|   0|  0|    9|           9|           3|
    |or_ln875_4_fu_1284_p2        |        or|   0|  0|    9|           9|           3|
    |or_ln875_5_fu_1294_p2        |        or|   0|  0|    9|           9|           3|
    |or_ln875_6_fu_1304_p2        |        or|   0|  0|    9|           9|           3|
    |or_ln875_7_fu_1314_p2        |        or|   0|  0|    9|           9|           4|
    |or_ln875_8_fu_1324_p2        |        or|   0|  0|    9|           9|           4|
    |or_ln875_9_fu_1334_p2        |        or|   0|  0|    9|           9|           4|
    |or_ln875_fu_1243_p2          |        or|   0|  0|    9|           9|           1|
    |or_ln890_fu_3233_p2          |        or|   0|  0|    2|           1|           1|
    |or_ln897_10_fu_1962_p2       |        or|   0|  0|    9|           9|           9|
    |or_ln897_12_fu_2005_p2       |        or|   0|  0|    9|           9|           9|
    |or_ln897_13_fu_1653_p2       |        or|   0|  0|    4|           1|           4|
    |or_ln897_14_fu_2045_p2       |        or|   0|  0|    9|           9|           8|
    |or_ln897_16_fu_1722_p2       |        or|   0|  0|    4|           1|           4|
    |or_ln897_17_fu_1800_p2       |        or|   0|  0|    4|           1|           4|
    |or_ln897_18_fu_1893_p2       |        or|   0|  0|    4|           1|           4|
    |or_ln897_19_fu_1925_p2       |        or|   0|  0|    4|           1|           4|
    |or_ln897_20_fu_1832_p2       |        or|   0|  0|    4|           4|           4|
    |or_ln897_2_fu_1638_p2        |        or|   0|  0|    9|           9|           7|
    |or_ln897_4_fu_1708_p2        |        or|   0|  0|    9|           9|           8|
    |or_ln897_6_fu_1786_p2        |        or|   0|  0|    9|           9|           8|
    |or_ln897_8_fu_1879_p2        |        or|   0|  0|   10|           9|          10|
    |or_ln897_fu_1593_p2          |        or|   0|  0|    4|           1|           4|
    |or_ln926_10_fu_2335_p2       |        or|   0|  0|    9|           9|           4|
    |or_ln926_11_fu_2345_p2       |        or|   0|  0|    9|           9|           4|
    |or_ln926_12_fu_2355_p2       |        or|   0|  0|    9|           9|           4|
    |or_ln926_13_fu_2365_p2       |        or|   0|  0|    9|           9|           4|
    |or_ln926_14_fu_2375_p2       |        or|   0|  0|    9|           9|           4|
    |or_ln926_1_fu_2245_p2        |        or|   0|  0|    9|           9|           2|
    |or_ln926_2_fu_2255_p2        |        or|   0|  0|    9|           9|           2|
    |or_ln926_3_fu_2265_p2        |        or|   0|  0|    9|           9|           3|
    |or_ln926_4_fu_2275_p2        |        or|   0|  0|    9|           9|           3|
    |or_ln926_5_fu_2285_p2        |        or|   0|  0|    9|           9|           3|
    |or_ln926_6_fu_2295_p2        |        or|   0|  0|    9|           9|           3|
    |or_ln926_7_fu_2305_p2        |        or|   0|  0|    9|           9|           4|
    |or_ln926_8_fu_2315_p2        |        or|   0|  0|    9|           9|           4|
    |or_ln926_9_fu_2325_p2        |        or|   0|  0|    9|           9|           4|
    |or_ln926_fu_2234_p2          |        or|   0|  0|    9|           9|           1|
    |or_ln948_10_fu_2953_p2       |        or|   0|  0|    9|           9|           9|
    |or_ln948_12_fu_2996_p2       |        or|   0|  0|    9|           9|           9|
    |or_ln948_13_fu_2644_p2       |        or|   0|  0|    4|           1|           4|
    |or_ln948_14_fu_3036_p2       |        or|   0|  0|    9|           9|           8|
    |or_ln948_16_fu_2713_p2       |        or|   0|  0|    4|           1|           4|
    |or_ln948_17_fu_2786_p2       |        or|   0|  0|    4|           1|           4|
    |or_ln948_18_fu_2865_p2       |        or|   0|  0|    4|           1|           4|
    |or_ln948_19_fu_2897_p2       |        or|   0|  0|    4|           1|           4|
    |or_ln948_20_fu_2916_p2       |        or|   0|  0|    4|           4|           4|
    |or_ln948_2_fu_2629_p2        |        or|   0|  0|    9|           9|           7|
    |or_ln948_4_fu_2699_p2        |        or|   0|  0|    9|           9|           8|
    |or_ln948_6_fu_2772_p2        |        or|   0|  0|    9|           9|           8|
    |or_ln948_8_fu_2851_p2        |        or|   0|  0|   10|           9|          10|
    |or_ln948_fu_2584_p2          |        or|   0|  0|    4|           1|           4|
    |or_ln976_fu_3195_p2          |        or|   0|  0|    2|           1|           1|
    |or_ln978_1_fu_3213_p2        |        or|   0|  0|    2|           1|           1|
    |or_ln978_fu_3207_p2          |        or|   0|  0|    2|           1|           1|
    |c2_V_128_fu_2129_p3          |    select|   0|  0|    8|           1|           1|
    |select_ln691_33_fu_1541_p3   |    select|   0|  0|    4|           1|           1|
    |select_ln691_fu_2532_p3      |    select|   0|  0|    4|           1|           1|
    |select_ln887_1_fu_1513_p3    |    select|   0|  0|    2|           1|           1|
    |select_ln887_fu_1501_p3      |    select|   0|  0|    4|           1|           4|
    |select_ln890_621_fu_3151_p3  |    select|   0|  0|    2|           1|           2|
    |select_ln890_622_fu_3264_p3  |    select|   0|  0|    4|           1|           1|
    |select_ln890_623_fu_3292_p3  |    select|   0|  0|    6|           1|           6|
    |select_ln890_624_fu_3239_p3  |    select|   0|  0|    9|           1|           1|
    |select_ln890_625_fu_3253_p3  |    select|   0|  0|   14|           1|           1|
    |select_ln890_626_fu_2174_p3  |    select|   0|  0|    2|           1|           1|
    |select_ln890_627_fu_2182_p3  |    select|   0|  0|    5|           1|           5|
    |select_ln890_628_fu_1183_p3  |    select|   0|  0|    2|           1|           1|
    |select_ln890_629_fu_1191_p3  |    select|   0|  0|    5|           1|           5|
    |select_ln890_630_fu_2428_p3  |    select|   0|  0|    6|           1|           1|
    |select_ln890_631_fu_2436_p3  |    select|   0|  0|    2|           1|           2|
    |select_ln890_632_fu_2444_p3  |    select|   0|  0|    4|           1|           1|
    |select_ln890_633_fu_2512_p3  |    select|   0|  0|    6|           1|           6|
    |select_ln890_634_fu_2546_p3  |    select|   0|  0|   10|           1|           1|
    |select_ln890_635_fu_1437_p3  |    select|   0|  0|    6|           1|           1|
    |select_ln890_636_fu_1445_p3  |    select|   0|  0|    2|           1|           2|
    |select_ln890_637_fu_1453_p3  |    select|   0|  0|    4|           1|           1|
    |select_ln890_638_fu_1521_p3  |    select|   0|  0|    6|           1|           6|
    |select_ln890_639_fu_1555_p3  |    select|   0|  0|   10|           1|           1|
    |select_ln890_640_fu_2143_p3  |    select|   0|  0|   11|           1|           1|
    |select_ln890_fu_3143_p3      |    select|   0|  0|    6|           1|           1|
    |select_ln903_10_fu_2027_p3   |    select|   0|  0|  221|           1|         256|
    |select_ln903_11_fu_2038_p3   |    select|   0|  0|  221|           1|         256|
    |select_ln903_12_fu_2074_p3   |    select|   0|  0|  221|           1|         256|
    |select_ln903_13_fu_2085_p3   |    select|   0|  0|  221|           1|         256|
    |select_ln903_14_fu_2096_p3   |    select|   0|  0|  221|           1|         256|
    |select_ln903_15_fu_2107_p3   |    select|   0|  0|  221|           1|         256|
    |select_ln903_1_fu_1696_p3    |    select|   0|  0|  221|           1|         256|
    |select_ln903_2_fu_1754_p3    |    select|   0|  0|  221|           1|         256|
    |select_ln903_3_fu_1765_p3    |    select|   0|  0|  221|           1|         256|
    |select_ln903_4_fu_1851_p3    |    select|   0|  0|  221|           1|         256|
    |select_ln903_5_fu_1862_p3    |    select|   0|  0|  221|           1|         256|
    |select_ln903_6_fu_1944_p3    |    select|   0|  0|  221|           1|         256|
    |select_ln903_7_fu_1955_p3    |    select|   0|  0|  221|           1|         256|
    |select_ln903_8_fu_1987_p3    |    select|   0|  0|  221|           1|         256|
    |select_ln903_9_fu_1998_p3    |    select|   0|  0|  221|           1|         256|
    |select_ln903_fu_1685_p3      |    select|   0|  0|  221|           1|         256|
    |select_ln938_1_fu_2504_p3    |    select|   0|  0|    2|           1|           1|
    |select_ln938_fu_2492_p3      |    select|   0|  0|    4|           1|           4|
    |select_ln954_10_fu_3018_p3   |    select|   0|  0|  221|           1|         256|
    |select_ln954_11_fu_3029_p3   |    select|   0|  0|  221|           1|         256|
    |select_ln954_12_fu_3065_p3   |    select|   0|  0|  221|           1|         256|
    |select_ln954_13_fu_3076_p3   |    select|   0|  0|  221|           1|         256|
    |select_ln954_14_fu_3087_p3   |    select|   0|  0|  221|           1|         256|
    |select_ln954_15_fu_3098_p3   |    select|   0|  0|  221|           1|         256|
    |select_ln954_1_fu_2687_p3    |    select|   0|  0|  221|           1|         256|
    |select_ln954_2_fu_2745_p3    |    select|   0|  0|  221|           1|         256|
    |select_ln954_3_fu_2756_p3    |    select|   0|  0|  221|           1|         256|
    |select_ln954_4_fu_2818_p3    |    select|   0|  0|  221|           1|         256|
    |select_ln954_5_fu_2829_p3    |    select|   0|  0|  221|           1|         256|
    |select_ln954_6_fu_2935_p3    |    select|   0|  0|  221|           1|         256|
    |select_ln954_7_fu_2946_p3    |    select|   0|  0|  221|           1|         256|
    |select_ln954_8_fu_2978_p3    |    select|   0|  0|  221|           1|         256|
    |select_ln954_9_fu_2989_p3    |    select|   0|  0|  221|           1|         256|
    |select_ln954_fu_2676_p3      |    select|   0|  0|  221|           1|         256|
    |select_ln976_1_fu_3334_p3    |    select|   0|  0|    2|           1|           1|
    |select_ln976_fu_3285_p3      |    select|   0|  0|    4|           1|           4|
    |select_ln978_fu_3219_p3      |    select|   0|  0|    5|           1|           1|
    |select_ln992_fu_3355_p3      |    select|   0|  0|  221|           1|         256|
    |arb_fu_2114_p2               |       xor|   0|  0|    2|           2|           1|
    |xor_ln853_fu_1111_p2         |       xor|   0|  0|    2|           1|           2|
    |xor_ln854_fu_1141_p2         |       xor|   0|  0|    2|           1|           2|
    |xor_ln890_5_fu_2452_p2       |       xor|   0|  0|    2|           1|           2|
    |xor_ln890_6_fu_1461_p2       |       xor|   0|  0|    2|           1|           2|
    |xor_ln890_fu_3159_p2         |       xor|   0|  0|    2|           1|           2|
    |xor_ln897_fu_1781_p2         |       xor|   0|  0|    7|           6|           7|
    |xor_ln948_fu_2846_p2         |       xor|   0|  0|    7|           6|           7|
    |xor_ln976_fu_3189_p2         |       xor|   0|  0|    2|           1|           2|
    +-----------------------------+----------+----+---+-----+------------+------------+
    |Total                        |          |   0|  0| 8729|         949|        9116|
    +-----------------------------+----------+----+---+-----+------------+------------+

    * Multiplexer: 
    +-------------------------------+-----+-----------+-----+-----------+
    |              Name             | LUT | Input Size| Bits| Total Bits|
    +-------------------------------+-----+-----------+-----+-----------+
    |ap_NS_fsm                      |  396|         83|    1|         83|
    |ap_done                        |    9|          2|    1|          2|
    |arb_34_reg_782                 |    9|          2|    1|          2|
    |c2_V_reg_793                   |    9|          2|    8|         16|
    |c4_V_104_reg_816               |    9|          2|    5|         10|
    |c4_V_reg_904                   |    9|          2|    5|         10|
    |c5_V_143_reg_915               |    9|          2|    2|          4|
    |c5_V_144_reg_827               |    9|          2|    2|          4|
    |c5_V_145_reg_937               |    9|          2|    2|          4|
    |c5_V_146_reg_849               |    9|          2|    2|          4|
    |c5_V_reg_992                   |    9|          2|    2|          4|
    |c6_V_179_reg_959               |    9|          2|    6|         12|
    |c6_V_180_reg_871               |    9|          2|    6|         12|
    |c6_V_reg_1014                  |    9|          2|    6|         12|
    |c7_V_97_reg_882                |    9|          2|    4|          8|
    |c7_V_reg_970                   |    9|          2|    4|          8|
    |c8_V_reg_1036                  |    9|          2|    5|         10|
    |fifo_A_A_IO_L2_in_3_x08_blk_n  |    9|          2|    1|          2|
    |fifo_A_PE_3_0_x052_blk_n       |    9|          2|    1|          2|
    |fifo_A_PE_3_0_x052_din         |  155|         34|  256|       8704|
    |indvar_flatten103_reg_757      |    9|          2|   11|         22|
    |indvar_flatten117_reg_746      |    9|          2|   12|         24|
    |indvar_flatten125_reg_1025     |    9|          2|    9|         18|
    |indvar_flatten137_reg_1003     |    9|          2|   14|         28|
    |indvar_flatten165_reg_981      |    9|          2|   14|         28|
    |indvar_flatten23_reg_860       |    9|          2|   10|         20|
    |indvar_flatten43_reg_838       |    9|          2|   10|         20|
    |indvar_flatten51_reg_893       |    9|          2|    6|         12|
    |indvar_flatten75_reg_948       |    9|          2|   10|         20|
    |indvar_flatten95_reg_926       |    9|          2|   10|         20|
    |indvar_flatten_reg_805         |    9|          2|    6|         12|
    |local_A_ping_V_address0        |   54|         10|    9|         90|
    |local_A_ping_V_address1        |  123|         25|    9|        225|
    |local_A_pong_V_address0        |   49|          9|    9|         81|
    |local_A_pong_V_address1        |  123|         25|    9|        225|
    +-------------------------------+-----+-----------+-----+-----------+
    |Total                          | 1161|        244|  468|       9758|
    +-------------------------------+-----+-----------+-----+-----------+

    * Register: 
    +----------------------------+-----+----+-----+-----------+
    |            Name            |  FF | LUT| Bits| Const Bits|
    +----------------------------+-----+----+-----+-----------+
    |add_ln691_1723_reg_4120     |    6|   0|    6|          0|
    |add_ln691_1724_reg_4135     |    5|   0|    5|          0|
    |add_ln890_408_reg_4057      |   14|   0|   14|          0|
    |add_ln890_409_reg_3732      |    6|   0|    6|          0|
    |add_ln890_410_reg_3392      |    6|   0|    6|          0|
    |add_ln890_412_reg_3780      |   10|   0|   10|          0|
    |add_ln890_414_reg_3440      |   10|   0|   10|          0|
    |add_ln890_416_reg_3363      |   12|   0|   12|          0|
    |and_ln853_1_reg_3378        |    1|   0|    1|          0|
    |and_ln854_reg_3387          |    1|   0|    1|          0|
    |and_ln890_12_reg_4097       |    1|   0|    1|          0|
    |ap_CS_fsm                   |   82|   0|   82|          0|
    |ap_done_reg                 |    1|   0|    1|          0|
    |arb_34_reg_782              |    1|   0|    1|          0|
    |c2_V_reg_793                |    8|   0|    8|          0|
    |c4_V_104_reg_816            |    5|   0|    5|          0|
    |c4_V_reg_904                |    5|   0|    5|          0|
    |c5_V_143_reg_915            |    2|   0|    2|          0|
    |c5_V_144_reg_827            |    2|   0|    2|          0|
    |c5_V_145_reg_937            |    2|   0|    2|          0|
    |c5_V_146_reg_849            |    2|   0|    2|          0|
    |c5_V_reg_992                |    2|   0|    2|          0|
    |c6_V_179_reg_959            |    6|   0|    6|          0|
    |c6_V_180_reg_871            |    6|   0|    6|          0|
    |c6_V_reg_1014               |    6|   0|    6|          0|
    |c7_V_97_reg_882             |    4|   0|    4|          0|
    |c7_V_reg_970                |    4|   0|    4|          0|
    |c8_V_reg_1036               |    5|   0|    5|          0|
    |div_i_i_reg_4062            |    4|   0|    4|          0|
    |empty_2525_reg_4067         |    1|   0|    1|          0|
    |icmp_ln890582_reg_3372      |    1|   0|    1|          0|
    |icmp_ln890_1793_reg_4075    |    1|   0|    1|          0|
    |indvar_flatten103_reg_757   |   11|   0|   11|          0|
    |indvar_flatten117_reg_746   |   12|   0|   12|          0|
    |indvar_flatten125_reg_1025  |    9|   0|    9|          0|
    |indvar_flatten137_reg_1003  |   14|   0|   14|          0|
    |indvar_flatten165_reg_981   |   14|   0|   14|          0|
    |indvar_flatten23_reg_860    |   10|   0|   10|          0|
    |indvar_flatten43_reg_838    |   10|   0|   10|          0|
    |indvar_flatten51_reg_893    |    6|   0|    6|          0|
    |indvar_flatten75_reg_948    |   10|   0|   10|          0|
    |indvar_flatten95_reg_926    |   10|   0|   10|          0|
    |indvar_flatten_reg_805      |    6|   0|    6|          0|
    |intra_trans_en_reg_769      |    1|   0|    1|          0|
    |or_ln854_reg_3383           |    1|   0|    1|          0|
    |or_ln897_19_reg_3627        |    4|   0|    4|          0|
    |or_ln897_20_reg_3597        |    4|   0|    4|          0|
    |or_ln897_5_reg_3561         |    8|   0|    8|          0|
    |or_ln948_19_reg_3957        |    4|   0|    4|          0|
    |or_ln948_20_reg_3967        |    4|   0|    4|          0|
    |or_ln948_5_reg_3901         |    8|   0|    8|          0|
    |select_ln691_33_reg_3494    |    4|   0|    4|          0|
    |select_ln691_reg_3834       |    4|   0|    4|          0|
    |select_ln887_1_reg_3469     |    1|   0|    1|          0|
    |select_ln887_reg_3456       |    4|   0|    4|          0|
    |select_ln890_621_reg_4086   |    2|   0|    2|          0|
    |select_ln890_623_reg_4125   |    6|   0|    6|          0|
    |select_ln890_624_reg_4110   |    9|   0|    9|          0|
    |select_ln890_625_reg_4115   |   14|   0|   14|          0|
    |select_ln890_626_reg_3740   |    2|   0|    2|          0|
    |select_ln890_627_reg_3746   |    5|   0|    5|          0|
    |select_ln890_628_reg_3400   |    2|   0|    2|          0|
    |select_ln890_629_reg_3406   |    5|   0|    5|          0|
    |select_ln890_631_reg_3788   |    2|   0|    2|          0|
    |select_ln890_633_reg_3829   |    6|   0|    6|          0|
    |select_ln890_634_reg_3839   |   10|   0|   10|          0|
    |select_ln890_636_reg_3448   |    2|   0|    2|          0|
    |select_ln890_638_reg_3489   |    6|   0|    6|          0|
    |select_ln890_639_reg_3499   |   10|   0|   10|          0|
    |select_ln890_reg_4080       |    6|   0|    6|          0|
    |select_ln903_10_reg_3677    |  256|   0|  256|          0|
    |select_ln903_11_reg_3682    |  256|   0|  256|          0|
    |select_ln903_12_reg_3697    |  256|   0|  256|          0|
    |select_ln903_13_reg_3702    |  256|   0|  256|          0|
    |select_ln903_14_reg_3707    |  256|   0|  256|          0|
    |select_ln903_15_reg_3712    |  256|   0|  256|          0|
    |select_ln903_1_reg_3551     |  256|   0|  256|          0|
    |select_ln903_2_reg_3571     |  256|   0|  256|          0|
    |select_ln903_3_reg_3576     |  256|   0|  256|          0|
    |select_ln903_4_reg_3607     |  256|   0|  256|          0|
    |select_ln903_5_reg_3612     |  256|   0|  256|          0|
    |select_ln903_6_reg_3637     |  256|   0|  256|          0|
    |select_ln903_7_reg_3642     |  256|   0|  256|          0|
    |select_ln903_8_reg_3657     |  256|   0|  256|          0|
    |select_ln903_9_reg_3662     |  256|   0|  256|          0|
    |select_ln903_reg_3546       |  256|   0|  256|          0|
    |select_ln938_1_reg_3809     |    1|   0|    1|          0|
    |select_ln938_reg_3796       |    4|   0|    4|          0|
    |select_ln954_10_reg_4017    |  256|   0|  256|          0|
    |select_ln954_11_reg_4022    |  256|   0|  256|          0|
    |select_ln954_12_reg_4037    |  256|   0|  256|          0|
    |select_ln954_13_reg_4042    |  256|   0|  256|          0|
    |select_ln954_14_reg_4047    |  256|   0|  256|          0|
    |select_ln954_15_reg_4052    |  256|   0|  256|          0|
    |select_ln954_1_reg_3891     |  256|   0|  256|          0|
    |select_ln954_2_reg_3911     |  256|   0|  256|          0|
    |select_ln954_3_reg_3916     |  256|   0|  256|          0|
    |select_ln954_4_reg_3937     |  256|   0|  256|          0|
    |select_ln954_5_reg_3942     |  256|   0|  256|          0|
    |select_ln954_6_reg_3977     |  256|   0|  256|          0|
    |select_ln954_7_reg_3982     |  256|   0|  256|          0|
    |select_ln954_8_reg_3997     |  256|   0|  256|          0|
    |select_ln954_9_reg_4002     |  256|   0|  256|          0|
    |select_ln954_reg_3886       |  256|   0|  256|          0|
    |select_ln978_reg_4104       |    5|   0|    5|          0|
    |select_ln992_reg_4140       |  256|   0|  256|          0|
    |tmp_40_reg_3844             |    2|   0|    6|          4|
    |tmp_42_reg_3504             |    2|   0|    6|          4|
    |tmp_687_reg_3962            |    5|   0|    5|          0|
    |tmp_688_reg_3972            |    2|   0|    2|          0|
    |tmp_694_reg_3632            |    5|   0|    5|          0|
    |tmp_695_reg_3602            |    2|   0|    2|          0|
    |tmp_719_cast_reg_3757       |    5|   0|    9|          4|
    |tmp_722_cast_reg_3417       |    5|   0|    9|          4|
    |tmp_726_cast_reg_3866       |    6|   0|    9|          3|
    |tmp_730_cast_reg_3526       |    6|   0|    9|          3|
    |trunc_ln875_reg_3412        |    5|   0|    5|          0|
    |trunc_ln926_reg_3752        |    5|   0|    5|          0|
    |xor_ln890_reg_4092          |    1|   0|    1|          0|
    |zext_ln897_1_reg_3521       |    2|   0|    8|          6|
    |zext_ln897_reg_3581         |    2|   0|    9|          7|
    |zext_ln948_1_reg_3861       |    2|   0|    8|          6|
    |zext_ln948_reg_3921         |    2|   0|    9|          7|
    +----------------------------+-----+----+-----+-----------+
    |Total                       | 8985|   0| 9033|         48|
    +----------------------------+-----+----+-----+-----------+



================================================================
== Interface
================================================================
* Summary: 
+---------------------------------+-----+-----+------------+-------------------------+--------------+
|            RTL Ports            | Dir | Bits|  Protocol  |      Source Object      |    C Type    |
+---------------------------------+-----+-----+------------+-------------------------+--------------+
|ap_clk                           |   in|    1|  ap_ctrl_hs|   A_IO_L2_in_boundary_x0|  return value|
|ap_rst                           |   in|    1|  ap_ctrl_hs|   A_IO_L2_in_boundary_x0|  return value|
|ap_start                         |   in|    1|  ap_ctrl_hs|   A_IO_L2_in_boundary_x0|  return value|
|ap_done                          |  out|    1|  ap_ctrl_hs|   A_IO_L2_in_boundary_x0|  return value|
|ap_continue                      |   in|    1|  ap_ctrl_hs|   A_IO_L2_in_boundary_x0|  return value|
|ap_idle                          |  out|    1|  ap_ctrl_hs|   A_IO_L2_in_boundary_x0|  return value|
|ap_ready                         |  out|    1|  ap_ctrl_hs|   A_IO_L2_in_boundary_x0|  return value|
|fifo_A_A_IO_L2_in_3_x08_dout     |   in|  512|     ap_fifo|  fifo_A_A_IO_L2_in_3_x08|       pointer|
|fifo_A_A_IO_L2_in_3_x08_empty_n  |   in|    1|     ap_fifo|  fifo_A_A_IO_L2_in_3_x08|       pointer|
|fifo_A_A_IO_L2_in_3_x08_read     |  out|    1|     ap_fifo|  fifo_A_A_IO_L2_in_3_x08|       pointer|
|fifo_A_PE_3_0_x052_din           |  out|  256|     ap_fifo|       fifo_A_PE_3_0_x052|       pointer|
|fifo_A_PE_3_0_x052_full_n        |   in|    1|     ap_fifo|       fifo_A_PE_3_0_x052|       pointer|
|fifo_A_PE_3_0_x052_write         |  out|    1|     ap_fifo|       fifo_A_PE_3_0_x052|       pointer|
+---------------------------------+-----+-----+------------+-------------------------+--------------+

