

================================================================
== Vitis HLS Report for 'C_IO_L2_in_4_x0'
================================================================
* Date:           Fri Sep 16 06:03:08 2022

* Version:        2020.2 (Build 3064766 on Wed Nov 18 09:12:47 MST 2020)
* Project:        top
* Solution:       solution (Vitis Kernel Flow Target)
* Product family: virtexuplus
* Target device:  xcu250-figd2104-2L-e


================================================================
== Performance Estimates
================================================================
+ Timing: 
    * Summary: 
    +--------+---------+----------+------------+
    |  Clock |  Target | Estimated| Uncertainty|
    +--------+---------+----------+------------+
    |ap_clk  |  3.33 ns|  2.433 ns|     0.90 ns|
    +--------+---------+----------+------------+

+ Latency: 
    * Summary: 
    +---------+----------+----------+-----------+---------+----------+---------+
    |  Latency (cycles)  |  Latency (absolute)  |      Interval      | Pipeline|
    |   min   |    max   |    min   |    max    |   min   |    max   |   Type  |
    +---------+----------+----------+-----------+---------+----------+---------+
    |  1251835|  31182307|  4.172 ms|  0.104 sec|  1251835|  31182307|     none|
    +---------+----------+----------+-----------+---------+----------+---------+

    + Detail: 
        * Instance: 
        N/A

        * Loop: 
        +----------------------------------------------------------------------------+---------+----------+---------------+-----------+-----------+-------+----------+
        |                                                                            |  Latency (cycles)  |   Iteration   |  Initiation Interval  |  Trip |          |
        |                                  Loop Name                                 |   min   |    max   |    Latency    |  achieved |   target  | Count | Pipelined|
        +----------------------------------------------------------------------------+---------+----------+---------------+-----------+-----------+-------+----------+
        |- C_IO_L2_in_4_x0_loop_1_C_IO_L2_in_4_x0_loop_2                             |     6648|  29937120|  277 ~ 1247380|          -|          -|     24|        no|
        | + C_IO_L2_in_4_x0_loop_3                                                   |      274|      2192|            274|          -|          -|  1 ~ 8|        no|
        |  ++ C_IO_L2_in_4_x0_loop_4                                                 |      272|       272|             34|          -|          -|      8|        no|
        |   +++ C_IO_L2_in_4_x0_loop_5                                               |       32|        32|              2|          -|          -|     16|        no|
        |  ++ C_IO_L2_in_4_x0_loop_6                                                 |      272|       272|             34|          -|          -|      8|        no|
        |   +++ C_IO_L2_in_4_x0_loop_7                                               |       32|        32|              2|          -|          -|     16|        no|
        | + C_IO_L2_in_4_x0_loop_8_C_IO_L2_in_4_x0_loop_10_C_IO_L2_in_4_x0_loop_11   |  1245184|   1245184|             19|         19|         19|  65536|       yes|
        | + C_IO_L2_in_4_x0_loop_14                                                  |      274|      2192|            274|          -|          -|  1 ~ 8|        no|
        |  ++ C_IO_L2_in_4_x0_loop_15                                                |      272|       272|             34|          -|          -|      8|        no|
        |   +++ C_IO_L2_in_4_x0_loop_16                                              |       32|        32|              2|          -|          -|     16|        no|
        |  ++ C_IO_L2_in_4_x0_loop_17                                                |      272|       272|             34|          -|          -|      8|        no|
        |   +++ C_IO_L2_in_4_x0_loop_18                                              |       32|        32|              2|          -|          -|     16|        no|
        | + C_IO_L2_in_4_x0_loop_19_C_IO_L2_in_4_x0_loop_21_C_IO_L2_in_4_x0_loop_22  |  1245184|   1245184|             19|         19|         19|  65536|       yes|
        |- C_IO_L2_in_4_x0_loop_25_C_IO_L2_in_4_x0_loop_27_C_IO_L2_in_4_x0_loop_28   |  1245184|   1245184|             19|         19|         19|  65536|       yes|
        +----------------------------------------------------------------------------+---------+----------+---------------+-----------+-----------+-------+----------+



================================================================
== Utilization Estimates
================================================================
* Summary: 
+---------------------+---------+-------+---------+---------+------+
|         Name        | BRAM_18K|  DSP  |    FF   |   LUT   | URAM |
+---------------------+---------+-------+---------+---------+------+
|DSP                  |        -|      -|        -|        -|     -|
|Expression           |        -|      -|        0|     1585|     -|
|FIFO                 |        -|      -|        -|        -|     -|
|Instance             |        -|      -|        -|        -|     -|
|Memory               |       16|      -|        0|        0|     -|
|Multiplexer          |        -|      -|        -|      660|     -|
|Register             |        -|      -|     1270|        -|     -|
+---------------------+---------+-------+---------+---------+------+
|Total                |       16|      0|     1270|     2245|     0|
+---------------------+---------+-------+---------+---------+------+
|Available SLR        |     1344|   3072|   864000|   432000|   320|
+---------------------+---------+-------+---------+---------+------+
|Utilization SLR (%)  |        1|      0|       ~0|       ~0|     0|
+---------------------+---------+-------+---------+---------+------+
|Available            |     5376|  12288|  3456000|  1728000|  1280|
+---------------------+---------+-------+---------+---------+------+
|Utilization (%)      |       ~0|      0|       ~0|       ~0|     0|
+---------------------+---------+-------+---------+---------+------+

+ Detail: 
    * Instance: 
    N/A

    * DSP: 
    N/A

    * Memory: 
    +------------------+--------------------------------+---------+---+----+-----+------+-----+------+-------------+
    |      Memory      |             Module             | BRAM_18K| FF| LUT| URAM| Words| Bits| Banks| W*Bits*Banks|
    +------------------+--------------------------------+---------+---+----+-----+------+-----+------+-------------+
    |local_C_ping_V_U  |C_IO_L2_in_0_x0_local_C_ping_V  |        8|  0|   0|    0|   128|  512|     1|        65536|
    |local_C_pong_V_U  |C_IO_L2_in_0_x0_local_C_ping_V  |        8|  0|   0|    0|   128|  512|     1|        65536|
    +------------------+--------------------------------+---------+---+----+-----+------+-----+------+-------------+
    |Total             |                                |       16|  0|   0|    0|   256| 1024|     2|       131072|
    +------------------+--------------------------------+---------+---+----+-----+------+-----+------+-------------+

    * FIFO: 
    N/A

    * Expression: 
    +-----------------------------+----------+----+---+-----+------------+------------+
    |        Variable Name        | Operation| DSP| FF| LUT | Bitwidth P0| Bitwidth P1|
    +-----------------------------+----------+----+---+-----+------------+------------+
    |add_ln4091_fu_725_p2         |         +|   0|  0|   14|           7|           7|
    |add_ln4117_fu_741_p2         |         +|   0|  0|   24|          17|           1|
    |add_ln4165_fu_1085_p2        |         +|   0|  0|   14|           7|           7|
    |add_ln4191_fu_1101_p2        |         +|   0|  0|   24|          17|           1|
    |add_ln4235_fu_1342_p2        |         +|   0|  0|   24|          17|           1|
    |add_ln691_1233_fu_1578_p2    |         +|   0|  0|   12|           4|           1|
    |add_ln691_1234_fu_1197_p2    |         +|   0|  0|   13|           6|           1|
    |add_ln691_1235_fu_1337_p2    |         +|   0|  0|   12|           4|           1|
    |add_ln691_1236_fu_837_p2     |         +|   0|  0|   13|           6|           1|
    |add_ln691_1237_fu_977_p2     |         +|   0|  0|   12|           4|           1|
    |add_ln691_1238_fu_993_p2     |         +|   0|  0|   10|           3|           1|
    |add_ln691_1239_fu_1033_p2    |         +|   0|  0|   12|           4|           1|
    |add_ln691_1240_fu_1075_p2    |         +|   0|  0|   12|           5|           1|
    |add_ln691_1241_fu_1021_p2    |         +|   0|  0|   12|           4|           1|
    |add_ln691_1242_fu_1063_p2    |         +|   0|  0|   12|           5|           1|
    |add_ln691_1243_fu_673_p2     |         +|   0|  0|   12|           4|           1|
    |add_ln691_1244_fu_715_p2     |         +|   0|  0|   12|           5|           1|
    |add_ln691_1245_fu_661_p2     |         +|   0|  0|   12|           4|           1|
    |add_ln691_1246_fu_703_p2     |         +|   0|  0|   12|           5|           1|
    |add_ln691_fu_1438_p2         |         +|   0|  0|   13|           6|           1|
    |add_ln890_247_fu_1534_p2     |         +|   0|  0|   18|          11|           1|
    |add_ln890_248_fu_1279_p2     |         +|   0|  0|   17|          10|           1|
    |add_ln890_249_fu_1293_p2     |         +|   0|  0|   18|          11|           1|
    |add_ln890_250_fu_919_p2      |         +|   0|  0|   17|          10|           1|
    |add_ln890_251_fu_933_p2      |         +|   0|  0|   18|          11|           1|
    |add_ln890_252_fu_580_p2      |         +|   0|  0|   12|           5|           1|
    |add_ln890_fu_1520_p2         |         +|   0|  0|   17|          10|           1|
    |c3_35_fu_1057_p2             |         +|   0|  0|   12|           4|           1|
    |c3_36_fu_697_p2              |         +|   0|  0|   12|           4|           1|
    |add_i_i780_cast_fu_632_p2    |         -|   0|  0|   13|           6|           6|
    |and_ln4069_fu_618_p2         |       and|   0|  0|    2|           1|           1|
    |and_ln4117_1_fu_781_p2       |       and|   0|  0|    2|           1|           1|
    |and_ln4117_2_fu_793_p2       |       and|   0|  0|    2|           1|           1|
    |and_ln4117_fu_769_p2         |       and|   0|  0|    2|           1|           1|
    |and_ln4123_1_fu_831_p2       |       and|   0|  0|    2|           1|           1|
    |and_ln4123_fu_825_p2         |       and|   0|  0|    2|           1|           1|
    |and_ln4191_1_fu_1141_p2      |       and|   0|  0|    2|           1|           1|
    |and_ln4191_2_fu_1153_p2      |       and|   0|  0|    2|           1|           1|
    |and_ln4191_fu_1129_p2        |       and|   0|  0|    2|           1|           1|
    |and_ln4197_1_fu_1191_p2      |       and|   0|  0|    2|           1|           1|
    |and_ln4197_fu_1185_p2        |       and|   0|  0|    2|           1|           1|
    |and_ln4235_1_fu_1382_p2      |       and|   0|  0|    2|           1|           1|
    |and_ln4235_2_fu_1394_p2      |       and|   0|  0|    2|           1|           1|
    |and_ln4235_fu_1370_p2        |       and|   0|  0|    2|           1|           1|
    |and_ln4241_1_fu_1432_p2      |       and|   0|  0|    2|           1|           1|
    |and_ln4241_fu_1426_p2        |       and|   0|  0|    2|           1|           1|
    |icmp_ln4081_fu_655_p2        |      icmp|   0|  0|    9|           4|           3|
    |icmp_ln4117_fu_751_p2        |      icmp|   0|  0|   13|          17|          18|
    |icmp_ln4155_fu_1015_p2       |      icmp|   0|  0|    9|           4|           3|
    |icmp_ln4191_fu_1111_p2       |      icmp|   0|  0|   13|          17|          18|
    |icmp_ln4235_fu_1352_p2       |      icmp|   0|  0|   13|          17|          18|
    |icmp_ln886_6_fu_650_p2       |      icmp|   0|  0|   10|           6|           6|
    |icmp_ln886_fu_1010_p2        |      icmp|   0|  0|   10|           6|           6|
    |icmp_ln890237_fu_592_p2      |      icmp|   0|  0|    8|           3|           3|
    |icmp_ln890_1283_fu_1358_p2   |      icmp|   0|  0|   11|          11|          10|
    |icmp_ln890_1284_fu_1376_p2   |      icmp|   0|  0|    9|           4|           5|
    |icmp_ln890_1285_fu_1388_p2   |      icmp|   0|  0|   11|          10|           9|
    |icmp_ln890_1286_fu_1051_p2   |      icmp|   0|  0|    9|           4|           5|
    |icmp_ln890_1287_fu_1027_p2   |      icmp|   0|  0|    9|           4|           5|
    |icmp_ln890_1288_fu_691_p2    |      icmp|   0|  0|    9|           4|           5|
    |icmp_ln890_1289_fu_667_p2    |      icmp|   0|  0|    9|           4|           5|
    |icmp_ln890_1290_fu_1117_p2   |      icmp|   0|  0|   11|          11|          10|
    |icmp_ln890_1291_fu_1135_p2   |      icmp|   0|  0|    9|           4|           5|
    |icmp_ln890_1292_fu_1147_p2   |      icmp|   0|  0|   11|          10|           9|
    |icmp_ln890_1293_fu_757_p2    |      icmp|   0|  0|   11|          11|          10|
    |icmp_ln890_1294_fu_775_p2    |      icmp|   0|  0|    9|           4|           5|
    |icmp_ln890_1295_fu_787_p2    |      icmp|   0|  0|   11|          10|           9|
    |icmp_ln890_1296_fu_1095_p2   |      icmp|   0|  0|   10|           5|           6|
    |icmp_ln890_1297_fu_1069_p2   |      icmp|   0|  0|   10|           5|           6|
    |icmp_ln890_1298_fu_735_p2    |      icmp|   0|  0|   10|           5|           6|
    |icmp_ln890_1299_fu_709_p2    |      icmp|   0|  0|   10|           5|           6|
    |icmp_ln890_fu_586_p2         |      icmp|   0|  0|    9|           5|           5|
    |ap_block_state1              |        or|   0|  0|    2|           1|           1|
    |ap_block_state32             |        or|   0|  0|    2|           1|           1|
    |arb_fu_988_p2                |        or|   0|  0|    2|           1|           1|
    |or_ln4069_fu_606_p2          |        or|   0|  0|    2|           1|           1|
    |or_ln4123_1_fu_819_p2        |        or|   0|  0|    2|           1|           1|
    |or_ln4123_fu_799_p2          |        or|   0|  0|    2|           1|           1|
    |or_ln4124_1_fu_849_p2        |        or|   0|  0|    2|           1|           1|
    |or_ln4124_fu_843_p2          |        or|   0|  0|    2|           1|           1|
    |or_ln4197_1_fu_1179_p2       |        or|   0|  0|    2|           1|           1|
    |or_ln4197_fu_1159_p2         |        or|   0|  0|    2|           1|           1|
    |or_ln4198_1_fu_1209_p2       |        or|   0|  0|    2|           1|           1|
    |or_ln4198_fu_1203_p2         |        or|   0|  0|    2|           1|           1|
    |or_ln4241_1_fu_1420_p2       |        or|   0|  0|    2|           1|           1|
    |or_ln4241_fu_1400_p2         |        or|   0|  0|    2|           1|           1|
    |or_ln4242_1_fu_1450_p2       |        or|   0|  0|    2|           1|           1|
    |or_ln4242_fu_1444_p2         |        or|   0|  0|    2|           1|           1|
    |select_ln4069_fu_598_p3      |    select|   0|  0|    3|           1|           1|
    |select_ln4123_1_fu_903_p3    |    select|   0|  0|    4|           1|           1|
    |select_ln4123_fu_805_p3      |    select|   0|  0|    6|           1|           1|
    |select_ln4124_1_fu_867_p3    |    select|   0|  0|    2|           1|           1|
    |select_ln4124_2_fu_911_p3    |    select|   0|  0|    4|           1|           4|
    |select_ln4124_fu_855_p3      |    select|   0|  0|    4|           1|           1|
    |select_ln4140_fu_970_p3      |    select|   0|  0|  221|           1|         256|
    |select_ln4197_1_fu_1263_p3   |    select|   0|  0|    4|           1|           1|
    |select_ln4197_fu_1165_p3     |    select|   0|  0|    6|           1|           1|
    |select_ln4198_1_fu_1227_p3   |    select|   0|  0|    2|           1|           1|
    |select_ln4198_2_fu_1271_p3   |    select|   0|  0|    4|           1|           4|
    |select_ln4198_fu_1215_p3     |    select|   0|  0|    4|           1|           1|
    |select_ln4214_fu_1330_p3     |    select|   0|  0|  221|           1|         256|
    |select_ln4241_1_fu_1504_p3   |    select|   0|  0|    4|           1|           1|
    |select_ln4241_fu_1406_p3     |    select|   0|  0|    6|           1|           1|
    |select_ln4242_1_fu_1468_p3   |    select|   0|  0|    2|           1|           1|
    |select_ln4242_2_fu_1512_p3   |    select|   0|  0|    4|           1|           4|
    |select_ln4242_fu_1456_p3     |    select|   0|  0|    4|           1|           1|
    |select_ln4258_fu_1571_p3     |    select|   0|  0|  221|           1|         256|
    |select_ln890_441_fu_1526_p3  |    select|   0|  0|   10|           1|           1|
    |select_ln890_442_fu_1540_p3  |    select|   0|  0|   11|           1|           1|
    |select_ln890_443_fu_1235_p3  |    select|   0|  0|    6|           1|           6|
    |select_ln890_444_fu_1285_p3  |    select|   0|  0|   10|           1|           1|
    |select_ln890_445_fu_1299_p3  |    select|   0|  0|   11|           1|           1|
    |select_ln890_446_fu_875_p3   |    select|   0|  0|    6|           1|           6|
    |select_ln890_447_fu_925_p3   |    select|   0|  0|   10|           1|           1|
    |select_ln890_448_fu_939_p3   |    select|   0|  0|   11|           1|           1|
    |select_ln890_fu_1476_p3      |    select|   0|  0|    6|           1|           6|
    |xor_ln4069_fu_612_p2         |       xor|   0|  0|    2|           1|           2|
    |xor_ln4117_fu_763_p2         |       xor|   0|  0|    2|           1|           2|
    |xor_ln4123_fu_813_p2         |       xor|   0|  0|    2|           1|           2|
    |xor_ln4191_fu_1123_p2        |       xor|   0|  0|    2|           1|           2|
    |xor_ln4197_fu_1173_p2        |       xor|   0|  0|    2|           1|           2|
    |xor_ln4224_fu_982_p2         |       xor|   0|  0|    2|           1|           2|
    |xor_ln4235_fu_1364_p2        |       xor|   0|  0|    2|           1|           2|
    |xor_ln4241_fu_1414_p2        |       xor|   0|  0|    2|           1|           2|
    +-----------------------------+----------+----+---+-----+------------+------------+
    |Total                        |          |   0|  0| 1585|         474|        1108|
    +-----------------------------+----------+----+---+-----+------------+------------+

    * Multiplexer: 
    +--------------------------------+-----+-----------+-----+-----------+
    |              Name              | LUT | Input Size| Bits| Total Bits|
    +--------------------------------+-----+-----------+-----+-----------+
    |ap_NS_fsm                       |  338|         74|    1|         74|
    |ap_done                         |    9|          2|    1|          2|
    |arb_8_reg_291                   |    9|          2|    1|          2|
    |c1_V_reg_267                    |    9|          2|    3|          6|
    |c3_34_reg_303                   |    9|          2|    4|          8|
    |c3_reg_414                      |    9|          2|    4|          8|
    |c4_V_32_reg_426                 |    9|          2|    4|          8|
    |c4_V_33_reg_326                 |    9|          2|    4|          8|
    |c4_V_34_reg_315                 |    9|          2|    4|          8|
    |c4_V_reg_437                    |    9|          2|    4|          8|
    |c5_V_80_reg_448                 |    9|          2|    5|         10|
    |c5_V_81_reg_348                 |    9|          2|    5|         10|
    |c5_V_82_reg_337                 |    9|          2|    5|         10|
    |c5_V_reg_459                    |    9|          2|    5|         10|
    |c6_V_141_reg_503                |    9|          2|    6|         12|
    |c6_V_142_reg_392                |    9|          2|    6|         12|
    |c6_V_reg_558                    |    9|          2|    6|         12|
    |c7_V_79_reg_514                 |    9|          2|    4|          8|
    |c7_V_80_reg_403                 |    9|          2|    4|          8|
    |c7_V_reg_569                    |    9|          2|    4|          8|
    |fifo_C_C_IO_L2_in_4_x021_blk_n  |    9|          2|    1|          2|
    |fifo_C_C_IO_L2_in_5_x022_blk_n  |    9|          2|    1|          2|
    |fifo_C_PE_0_4_x0121_blk_n       |    9|          2|    1|          2|
    |fifo_C_PE_0_4_x0121_din         |   20|          4|  256|       1024|
    |indvar_flatten103_reg_470       |    9|          2|   17|         34|
    |indvar_flatten111_reg_256       |    9|          2|    5|         10|
    |indvar_flatten119_reg_547       |    9|          2|   10|         20|
    |indvar_flatten139_reg_536       |    9|          2|   11|         22|
    |indvar_flatten167_reg_525       |    9|          2|   17|         34|
    |indvar_flatten19_reg_370        |    9|          2|   11|         22|
    |indvar_flatten47_reg_359        |    9|          2|   17|         34|
    |indvar_flatten55_reg_492        |    9|          2|   10|         20|
    |indvar_flatten75_reg_481        |    9|          2|   11|         22|
    |indvar_flatten_reg_381          |    9|          2|   10|         20|
    |local_C_ping_V_address0         |   14|          3|    7|         21|
    +--------------------------------+-----+-----------+-----+-----------+
    |Total                           |  660|        145|  465|       1521|
    +--------------------------------+-----+-----------+-----+-----------+

    * Register: 
    +---------------------------------+-----+----+-----+-----------+
    |               Name              |  FF | LUT| Bits| Const Bits|
    +---------------------------------+-----+----+-----+-----------+
    |add_i_i780_cast_reg_1610         |    3|   0|    6|          3|
    |add_ln4117_reg_1675              |   17|   0|   17|          0|
    |add_ln4191_reg_1798              |   17|   0|   17|          0|
    |add_ln4235_reg_1852              |   17|   0|   17|          0|
    |add_ln691_1239_reg_1759          |    4|   0|    4|          0|
    |add_ln691_1240_reg_1785          |    5|   0|    5|          0|
    |add_ln691_1241_reg_1751          |    4|   0|    4|          0|
    |add_ln691_1242_reg_1777          |    5|   0|    5|          0|
    |add_ln691_1243_reg_1636          |    4|   0|    4|          0|
    |add_ln691_1244_reg_1662          |    5|   0|    5|          0|
    |add_ln691_1245_reg_1628          |    4|   0|    4|          0|
    |add_ln691_1246_reg_1654          |    5|   0|    5|          0|
    |add_ln890_252_reg_1583           |    5|   0|    5|          0|
    |ap_CS_fsm                        |   73|   0|   73|          0|
    |ap_done_reg                      |    1|   0|    1|          0|
    |arb_8_reg_291                    |    1|   0|    1|          0|
    |c1_V_reg_267                     |    3|   0|    3|          0|
    |c3_34_reg_303                    |    4|   0|    4|          0|
    |c3_reg_414                       |    4|   0|    4|          0|
    |c4_V_32_reg_426                  |    4|   0|    4|          0|
    |c4_V_33_reg_326                  |    4|   0|    4|          0|
    |c4_V_34_reg_315                  |    4|   0|    4|          0|
    |c4_V_reg_437                     |    4|   0|    4|          0|
    |c5_V_80_reg_448                  |    5|   0|    5|          0|
    |c5_V_81_reg_348                  |    5|   0|    5|          0|
    |c5_V_82_reg_337                  |    5|   0|    5|          0|
    |c5_V_reg_459                     |    5|   0|    5|          0|
    |c6_V_141_reg_503                 |    6|   0|    6|          0|
    |c6_V_142_reg_392                 |    6|   0|    6|          0|
    |c6_V_reg_558                     |    6|   0|    6|          0|
    |c7_V_79_reg_514                  |    4|   0|    4|          0|
    |c7_V_80_reg_403                  |    4|   0|    4|          0|
    |c7_V_reg_569                     |    4|   0|    4|          0|
    |icmp_ln4081_reg_1624             |    1|   0|    1|          0|
    |icmp_ln4155_reg_1747             |    1|   0|    1|          0|
    |icmp_ln890237_reg_1592           |    1|   0|    1|          0|
    |indvar_flatten103_reg_470        |   17|   0|   17|          0|
    |indvar_flatten111_reg_256        |    5|   0|    5|          0|
    |indvar_flatten119_reg_547        |   10|   0|   10|          0|
    |indvar_flatten139_reg_536        |   11|   0|   11|          0|
    |indvar_flatten167_reg_525        |   17|   0|   17|          0|
    |indvar_flatten19_reg_370         |   11|   0|   11|          0|
    |indvar_flatten47_reg_359         |   17|   0|   17|          0|
    |indvar_flatten55_reg_492         |   10|   0|   10|          0|
    |indvar_flatten75_reg_481         |   11|   0|   11|          0|
    |indvar_flatten_reg_381           |   10|   0|   10|          0|
    |intra_trans_en_reg_278           |    1|   0|    1|          0|
    |local_C_ping_V_addr_15_reg_1790  |    7|   0|    7|          0|
    |local_C_pong_V_addr_reg_1667     |    7|   0|    7|          0|
    |or_ln4069_reg_1602               |    1|   0|    1|          0|
    |select_ln4069_reg_1597           |    3|   0|    3|          0|
    |select_ln4124_1_reg_1689         |    1|   0|    1|          0|
    |select_ln4124_2_reg_1699         |    4|   0|    4|          0|
    |select_ln4124_reg_1683           |    4|   0|    4|          0|
    |select_ln4140_reg_1719           |  256|   0|  256|          0|
    |select_ln4198_1_reg_1812         |    1|   0|    1|          0|
    |select_ln4198_2_reg_1822         |    4|   0|    4|          0|
    |select_ln4198_reg_1806           |    4|   0|    4|          0|
    |select_ln4214_reg_1842           |  256|   0|  256|          0|
    |select_ln4242_1_reg_1866         |    1|   0|    1|          0|
    |select_ln4242_2_reg_1876         |    4|   0|    4|          0|
    |select_ln4242_reg_1860           |    4|   0|    4|          0|
    |select_ln4258_reg_1896           |  256|   0|  256|          0|
    |select_ln890_441_reg_1881        |   10|   0|   10|          0|
    |select_ln890_442_reg_1886        |   11|   0|   11|          0|
    |select_ln890_443_reg_1817        |    6|   0|    6|          0|
    |select_ln890_444_reg_1827        |   10|   0|   10|          0|
    |select_ln890_445_reg_1832        |   11|   0|   11|          0|
    |select_ln890_446_reg_1694        |    6|   0|    6|          0|
    |select_ln890_447_reg_1704        |   10|   0|   10|          0|
    |select_ln890_448_reg_1709        |   11|   0|   11|          0|
    |select_ln890_reg_1871            |    6|   0|    6|          0|
    |tmp_506_cast_reg_1764            |    3|   0|    7|          4|
    |tmp_511_cast_reg_1641            |    3|   0|    7|          4|
    +---------------------------------+-----+----+-----+-----------+
    |Total                            | 1270|   0| 1281|         11|
    +---------------------------------+-----+----+-----+-----------+



================================================================
== Interface
================================================================
* Summary: 
+----------------------------------+-----+-----+------------+--------------------------+--------------+
|             RTL Ports            | Dir | Bits|  Protocol  |       Source Object      |    C Type    |
+----------------------------------+-----+-----+------------+--------------------------+--------------+
|ap_clk                            |   in|    1|  ap_ctrl_hs|           C_IO_L2_in_4_x0|  return value|
|ap_rst                            |   in|    1|  ap_ctrl_hs|           C_IO_L2_in_4_x0|  return value|
|ap_start                          |   in|    1|  ap_ctrl_hs|           C_IO_L2_in_4_x0|  return value|
|ap_done                           |  out|    1|  ap_ctrl_hs|           C_IO_L2_in_4_x0|  return value|
|ap_continue                       |   in|    1|  ap_ctrl_hs|           C_IO_L2_in_4_x0|  return value|
|ap_idle                           |  out|    1|  ap_ctrl_hs|           C_IO_L2_in_4_x0|  return value|
|ap_ready                          |  out|    1|  ap_ctrl_hs|           C_IO_L2_in_4_x0|  return value|
|fifo_C_C_IO_L2_in_4_x021_dout     |   in|  512|     ap_fifo|  fifo_C_C_IO_L2_in_4_x021|       pointer|
|fifo_C_C_IO_L2_in_4_x021_empty_n  |   in|    1|     ap_fifo|  fifo_C_C_IO_L2_in_4_x021|       pointer|
|fifo_C_C_IO_L2_in_4_x021_read     |  out|    1|     ap_fifo|  fifo_C_C_IO_L2_in_4_x021|       pointer|
|fifo_C_C_IO_L2_in_5_x022_din      |  out|  512|     ap_fifo|  fifo_C_C_IO_L2_in_5_x022|       pointer|
|fifo_C_C_IO_L2_in_5_x022_full_n   |   in|    1|     ap_fifo|  fifo_C_C_IO_L2_in_5_x022|       pointer|
|fifo_C_C_IO_L2_in_5_x022_write    |  out|    1|     ap_fifo|  fifo_C_C_IO_L2_in_5_x022|       pointer|
|fifo_C_PE_0_4_x0121_din           |  out|  256|     ap_fifo|       fifo_C_PE_0_4_x0121|       pointer|
|fifo_C_PE_0_4_x0121_full_n        |   in|    1|     ap_fifo|       fifo_C_PE_0_4_x0121|       pointer|
|fifo_C_PE_0_4_x0121_write         |  out|    1|     ap_fifo|       fifo_C_PE_0_4_x0121|       pointer|
+----------------------------------+-----+-----+------------+--------------------------+--------------+

