

================================================================
== Vitis HLS Report for 'nondf_kernel_cov_x1'
================================================================
* Date:           Fri Sep 16 06:04:19 2022

* Version:        2020.2 (Build 3064766 on Wed Nov 18 09:12:47 MST 2020)
* Project:        top
* Solution:       solution (Vitis Kernel Flow Target)
* Product family: virtexuplus
* Target device:  xcu250-figd2104-2L-e


================================================================
== Performance Estimates
================================================================
+ Timing: 
    * Summary: 
    +--------+---------+----------+------------+
    |  Clock |  Target | Estimated| Uncertainty|
    +--------+---------+----------+------------+
    |ap_clk  |  3.33 ns|  2.390 ns|     0.90 ns|
    +--------+---------+----------+------------+

+ Latency: 
    * Summary: 
    +---------+---------+----------+----------+---------+---------+---------+
    |  Latency (cycles) |  Latency (absolute) |      Interval     | Pipeline|
    |   min   |   max   |    min   |    max   |   min   |   max   |   Type  |
    +---------+---------+----------+----------+---------+---------+---------+
    |  1081625|  1081625|  3.605 ms|  3.605 ms|  1081625|  1081625|     none|
    +---------+---------+----------+----------+---------+---------+---------+

    + Detail: 
        * Instance: 
        N/A

        * Loop: 
        +------------------------------------------------------------------------------------+---------+---------+----------+-----------+-----------+--------+----------+
        |                                                                                    |  Latency (cycles) | Iteration|  Initiation Interval  |  Trip  |          |
        |                                      Loop Name                                     |   min   |   max   |  Latency |  achieved |   target  |  Count | Pipelined|
        +------------------------------------------------------------------------------------+---------+---------+----------+-----------+-----------+--------+----------+
        |- nondf_kernel_cov_x1_loop_1                                                        |    12416|    12416|       194|          -|          -|      64|        no|
        | + nondf_kernel_cov_x1_loop_2                                                       |      192|      192|         3|          -|          -|      64|        no|
        |- nondf_kernel_cov_x1_loop_3_nondf_kernel_cov_x1_loop_4                             |     4099|     4099|         5|          1|          1|    4096|       yes|
        |- nondf_kernel_cov_x1_loop_5_nondf_kernel_cov_x1_loop_6                             |     4099|     4099|         5|          1|          1|    4096|       yes|
        |- nondf_kernel_cov_x1_loop_7_nondf_kernel_cov_x1_loop_8_nondf_kernel_cov_x1_loop_9  |  1048587|  1048587|        16|          4|          4|  262144|       yes|
        |- nondf_kernel_cov_x1_loop_10                                                       |    12416|    12416|       194|          -|          -|      64|        no|
        | + nondf_kernel_cov_x1_loop_11                                                      |      192|      192|         3|          -|          -|      64|        no|
        +------------------------------------------------------------------------------------+---------+---------+----------+-----------+-----------+--------+----------+



================================================================
== Utilization Estimates
================================================================
* Summary: 
+---------------------+---------+-------+---------+---------+------+
|         Name        | BRAM_18K|  DSP  |    FF   |   LUT   | URAM |
+---------------------+---------+-------+---------+---------+------+
|DSP                  |        -|      -|        -|        -|     -|
|Expression           |        -|      -|        0|     1279|     -|
|FIFO                 |        -|      -|        -|        -|     -|
|Instance             |        -|     72|      882|      498|     -|
|Memory               |       62|      -|        0|        0|     -|
|Multiplexer          |        -|      -|        -|      470|     -|
|Register             |        -|      -|     2487|      256|     -|
+---------------------+---------+-------+---------+---------+------+
|Total                |       62|     72|     3369|     2503|     0|
+---------------------+---------+-------+---------+---------+------+
|Available SLR        |     1344|   3072|   864000|   432000|   320|
+---------------------+---------+-------+---------+---------+------+
|Utilization SLR (%)  |        4|      2|       ~0|       ~0|     0|
+---------------------+---------+-------+---------+---------+------+
|Available            |     5376|  12288|  3456000|  1728000|  1280|
+---------------------+---------+-------+---------+---------+------+
|Utilization (%)      |        1|     ~0|       ~0|       ~0|     0|
+---------------------+---------+-------+---------+---------+------+

+ Detail: 
    * Instance: 
    +-------------------------------+-------------------------+---------+----+-----+-----+-----+
    |            Instance           |          Module         | BRAM_18K| DSP|  FF | LUT | URAM|
    +-------------------------------+-------------------------+---------+----+-----+-----+-----+
    |mul_128ns_130ns_257_5_1_U1090  |mul_128ns_130ns_257_5_1  |        0|  42|  441|  249|    0|
    |mul_128s_128s_128_5_1_U1089    |mul_128s_128s_128_5_1    |        0|  30|  441|  249|    0|
    +-------------------------------+-------------------------+---------+----+-----+-----+-----+
    |Total                          |                         |        0|  72|  882|  498|    0|
    +-------------------------------+-------------------------+---------+----+-----+-----+-----+

    * DSP: 
    N/A

    * Memory: 
    +----------+----------------------------+---------+---+----+-----+------+-----+------+-------------+
    |  Memory  |           Module           | BRAM_18K| FF| LUT| URAM| Words| Bits| Banks| W*Bits*Banks|
    +----------+----------------------------+---------+---+----+-----+------+-----+------+-------------+
    |cov_V_U   |nondf_kernel_cov_x1_cov_V   |       29|  0|   0|    0|  4096|  119|     1|       487424|
    |data_V_U  |nondf_kernel_cov_x1_data_V  |       29|  0|   0|    0|  4096|  128|     1|       524288|
    |mean_V_U  |nondf_kernel_cov_x1_mean_V  |        4|  0|   0|    0|    64|  118|     1|         7552|
    +----------+----------------------------+---------+---+----+-----+------+-----+------+-------------+
    |Total     |                            |       62|  0|   0|    0|  8256|  365|     3|      1019264|
    +----------+----------------------------+---------+---+----+-----+------+-----+------+-------------+

    * FIFO: 
    N/A

    * Expression: 
    +-------------------------+----------+----+---+-----+------------+------------+
    |      Variable Name      | Operation| DSP| FF| LUT | Bitwidth P0| Bitwidth P1|
    +-------------------------+----------+----+---+-----+------------+------------+
    |add_ln101_fu_897_p2      |         +|   0|  0|   14|           7|           1|
    |add_ln102_fu_921_p2      |         +|   0|  0|   14|           7|           1|
    |add_ln208_fu_931_p2      |         +|   0|  0|   19|          12|          12|
    |add_ln215_1_fu_825_p2    |         +|   0|  0|   19|          12|          12|
    |add_ln215_fu_814_p2      |         +|   0|  0|   19|          12|          12|
    |add_ln691_1_fu_873_p2    |         +|   0|  0|  135|         128|         128|
    |add_ln691_2_fu_547_p2    |         +|   0|  0|   19|          12|          12|
    |add_ln691_fu_565_p2      |         +|   0|  0|  135|         128|         128|
    |add_ln692_fu_649_p2      |         +|   0|  0|   19|          12|          12|
    |add_ln73_fu_430_p2       |         +|   0|  0|   14|           7|           1|
    |add_ln74_fu_454_p2       |         +|   0|  0|   14|           7|           1|
    |add_ln75_fu_464_p2       |         +|   0|  0|   19|          12|          12|
    |add_ln79_1_fu_481_p2     |         +|   0|  0|   20|          13|           1|
    |add_ln79_fu_493_p2       |         +|   0|  0|   14|           7|           1|
    |add_ln82_fu_525_p2       |         +|   0|  0|   14|           7|           1|
    |add_ln87_1_fu_585_p2     |         +|   0|  0|   20|          13|           1|
    |add_ln87_fu_597_p2       |         +|   0|  0|   14|           7|           1|
    |add_ln88_fu_629_p2       |         +|   0|  0|   14|           7|           1|
    |add_ln91_1_fu_847_p2     |         +|   0|  0|   26|          19|           1|
    |add_ln91_fu_675_p2       |         +|   0|  0|   14|           7|           1|
    |add_ln92_1_fu_761_p2     |         +|   0|  0|   21|          14|           1|
    |add_ln92_fu_725_p2       |         +|   0|  0|   14|           7|           1|
    |add_ln94_fu_801_p2       |         +|   0|  0|   19|          12|          12|
    |add_ln95_fu_836_p2       |         +|   0|  0|   14|           7|           1|
    |add_ln98_fu_795_p2       |         +|   0|  0|   19|          12|          12|
    |sub_ln692_fu_663_p2      |         -|   0|  0|  135|         128|         128|
    |and_ln91_fu_719_p2       |       and|   0|  0|    2|           1|           1|
    |icmp_ln101_fu_915_p2     |      icmp|   0|  0|   11|           7|           8|
    |icmp_ln102_fu_941_p2     |      icmp|   0|  0|   11|           7|           8|
    |icmp_ln73_fu_448_p2      |      icmp|   0|  0|   11|           7|           8|
    |icmp_ln74_fu_475_p2      |      icmp|   0|  0|   11|           7|           8|
    |icmp_ln79_fu_487_p2      |      icmp|   0|  0|   12|          13|          14|
    |icmp_ln82_1_fu_531_p2    |      icmp|   0|  0|   11|           7|           8|
    |icmp_ln82_fu_499_p2      |      icmp|   0|  0|   11|           7|           8|
    |icmp_ln87_fu_591_p2      |      icmp|   0|  0|   12|          13|          14|
    |icmp_ln88_fu_603_p2      |      icmp|   0|  0|   11|           7|           8|
    |icmp_ln91_fu_669_p2      |      icmp|   0|  0|   14|          19|          20|
    |icmp_ln92_fu_681_p2      |      icmp|   0|  0|   12|          14|          13|
    |icmp_ln95_1_fu_841_p2    |      icmp|   0|  0|   11|           7|           8|
    |icmp_ln95_fu_713_p2      |      icmp|   0|  0|   11|           7|           8|
    |or_ln92_fu_731_p2        |        or|   0|  0|    2|           1|           1|
    |select_ln79_1_fu_558_p3  |    select|   0|  0|  123|           1|           1|
    |select_ln79_2_fu_513_p3  |    select|   0|  0|    7|           1|           7|
    |select_ln79_fu_505_p3    |    select|   0|  0|    7|           1|           1|
    |select_ln87_1_fu_617_p3  |    select|   0|  0|    7|           1|           7|
    |select_ln87_fu_609_p3    |    select|   0|  0|    7|           1|           1|
    |select_ln91_1_fu_695_p3  |    select|   0|  0|    7|           1|           7|
    |select_ln91_fu_687_p3    |    select|   0|  0|    7|           1|           1|
    |select_ln92_1_fu_858_p3  |    select|   0|  0|  123|           1|           1|
    |select_ln92_2_fu_745_p3  |    select|   0|  0|    7|           1|           7|
    |select_ln92_3_fu_767_p3  |    select|   0|  0|   14|           1|           1|
    |select_ln92_fu_737_p3    |    select|   0|  0|    7|           1|           1|
    |ap_enable_pp0            |       xor|   0|  0|    2|           1|           2|
    |ap_enable_pp1            |       xor|   0|  0|    2|           1|           2|
    |ap_enable_pp2            |       xor|   0|  0|    2|           1|           2|
    |ap_enable_reg_pp0_iter1  |       xor|   0|  0|    2|           2|           1|
    |ap_enable_reg_pp1_iter1  |       xor|   0|  0|    2|           2|           1|
    |xor_ln91_fu_707_p2       |       xor|   0|  0|    2|           1|           2|
    +-------------------------+----------+----+---+-----+------------+------------+
    |Total                    |          |   0|  0| 1279|         759|         675|
    +-------------------------+----------+----+---+-----+------------+------------+

    * Multiplexer: 
    +-------------------------------------------+----+-----------+-----+-----------+
    |                    Name                   | LUT| Input Size| Bits| Total Bits|
    +-------------------------------------------+----+-----------+-----+-----------+
    |add_i3113_reg_291                          |   9|          2|  128|        256|
    |ap_NS_fsm                                  |  91|         19|    1|         19|
    |ap_enable_reg_pp0_iter1                    |   9|          2|    1|          2|
    |ap_enable_reg_pp0_iter4                    |   9|          2|    1|          2|
    |ap_enable_reg_pp1_iter1                    |   9|          2|    1|          2|
    |ap_enable_reg_pp1_iter4                    |   9|          2|    1|          2|
    |ap_enable_reg_pp2_iter2                    |   9|          2|    1|          2|
    |ap_enable_reg_pp2_iter3                    |  14|          3|    1|          3|
    |ap_phi_mux_add_i3113_phi_fu_295_p4         |   9|          2|  128|        256|
    |ap_phi_mux_conv3_i2112_phi_fu_396_p4       |   9|          2|  128|        256|
    |ap_phi_mux_i_1_phi_fu_318_p4               |   9|          2|    7|         14|
    |ap_phi_mux_i_2_phi_fu_284_p4               |   9|          2|    7|         14|
    |ap_phi_mux_i_3_phi_fu_352_p4               |   9|          2|    7|         14|
    |ap_phi_mux_indvar_flatten21_phi_fu_363_p4  |   9|          2|   14|         28|
    |ap_phi_mux_indvar_flatten36_phi_fu_340_p4  |   9|          2|   19|         38|
    |ap_phi_mux_j_3_phi_fu_374_p4               |   9|          2|    7|         14|
    |ap_phi_mux_j_phi_fu_273_p4                 |   9|          2|    7|         14|
    |ap_phi_mux_k_phi_fu_385_p4                 |   9|          2|    7|         14|
    |conv3_i2112_reg_392                        |   9|          2|  128|        256|
    |cov_V_address1                             |  14|          3|   12|         36|
    |data_V_address0                            |  20|          4|   12|         48|
    |data_V_address1                            |  20|          4|   12|         48|
    |data_V_d1                                  |  14|          3|  128|        384|
    |i_1_reg_314                                |   9|          2|    7|         14|
    |i_2_reg_280                                |   9|          2|    7|         14|
    |i_3_reg_348                                |   9|          2|    7|         14|
    |i_4_reg_403                                |   9|          2|    7|         14|
    |i_reg_236                                  |   9|          2|    7|         14|
    |indvar_flatten21_reg_359                   |   9|          2|   14|         28|
    |indvar_flatten36_reg_336                   |   9|          2|   19|         38|
    |indvar_flatten8_reg_303                    |   9|          2|   13|         26|
    |indvar_flatten_reg_258                     |   9|          2|   13|         26|
    |j_1_reg_247                                |   9|          2|    7|         14|
    |j_2_reg_325                                |   9|          2|    7|         14|
    |j_3_reg_370                                |   9|          2|    7|         14|
    |j_4_reg_414                                |   9|          2|    7|         14|
    |j_reg_269                                  |   9|          2|    7|         14|
    |k_reg_381                                  |   9|          2|    7|         14|
    |reg_425                                    |   9|          2|  128|        256|
    +-------------------------------------------+----+-----------+-----+-----------+
    |Total                                      | 470|        102| 1022|       2250|
    +-------------------------------------------+----+-----------+-----+-----------+

    * Register: 
    +-------------------------------------+-----+----+-----+-----------+
    |                 Name                |  FF | LUT| Bits| Const Bits|
    +-------------------------------------+-----+----+-----+-----------+
    |add_i3113_reg_291                    |  128|   0|  128|          0|
    |add_ln101_reg_1197                   |    7|   0|    7|          0|
    |add_ln102_reg_1210                   |    7|   0|    7|          0|
    |add_ln691_1_reg_1181                 |  128|   0|  128|          0|
    |add_ln691_reg_1024                   |  128|   0|  128|          0|
    |add_ln73_reg_947                     |    7|   0|    7|          0|
    |add_ln74_reg_961                     |    7|   0|    7|          0|
    |add_ln82_reg_1010                    |    7|   0|    7|          0|
    |add_ln91_1_reg_1161                  |   19|   0|   19|          0|
    |add_ln94_reg_1132                    |   12|   0|   12|          0|
    |add_ln94_reg_1132_pp2_iter1_reg      |   12|   0|   12|          0|
    |add_ln95_reg_1147                    |    7|   0|    7|          0|
    |add_ln98_reg_1127                    |   12|   0|   12|          0|
    |add_ln98_reg_1127_pp2_iter1_reg      |   12|   0|   12|          0|
    |ap_CS_fsm                            |   18|   0|   18|          0|
    |ap_enable_reg_pp0_iter0              |    1|   0|    1|          0|
    |ap_enable_reg_pp0_iter1              |    1|   0|    1|          0|
    |ap_enable_reg_pp0_iter2              |    1|   0|    1|          0|
    |ap_enable_reg_pp0_iter3              |    1|   0|    1|          0|
    |ap_enable_reg_pp0_iter4              |    1|   0|    1|          0|
    |ap_enable_reg_pp1_iter0              |    1|   0|    1|          0|
    |ap_enable_reg_pp1_iter1              |    1|   0|    1|          0|
    |ap_enable_reg_pp1_iter2              |    1|   0|    1|          0|
    |ap_enable_reg_pp1_iter3              |    1|   0|    1|          0|
    |ap_enable_reg_pp1_iter4              |    1|   0|    1|          0|
    |ap_enable_reg_pp2_iter0              |    1|   0|    1|          0|
    |ap_enable_reg_pp2_iter1              |    1|   0|    1|          0|
    |ap_enable_reg_pp2_iter2              |    1|   0|    1|          0|
    |ap_enable_reg_pp2_iter3              |    1|   0|    1|          0|
    |conv3_i2112_reg_392                  |  128|   0|  128|          0|
    |cov_V_addr_2_reg_1176                |   12|   0|   12|          0|
    |cov_V_addr_2_reg_1176_pp2_iter3_reg  |   12|   0|   12|          0|
    |cov_V_addr_reg_1171                  |   12|   0|   12|          0|
    |cov_V_addr_reg_1171_pp2_iter3_reg    |   12|   0|   12|          0|
    |cov_V_load_reg_1228                  |  119|   0|  119|          0|
    |data_V_addr_2_reg_1060               |   12|   0|   12|          0|
    |data_V_addr_reg_966                  |   12|   0|   12|          0|
    |data_V_load_3_reg_1156               |  128|   0|  128|          0|
    |i_1_reg_314                          |    7|   0|    7|          0|
    |i_2_reg_280                          |    7|   0|    7|          0|
    |i_3_reg_348                          |    7|   0|    7|          0|
    |i_4_reg_403                          |    7|   0|    7|          0|
    |i_reg_236                            |    7|   0|    7|          0|
    |icmp_ln79_reg_989                    |    1|   0|    1|          0|
    |icmp_ln82_1_reg_1015                 |    1|   0|    1|          0|
    |icmp_ln82_reg_993                    |    1|   0|    1|          0|
    |icmp_ln87_reg_1035                   |    1|   0|    1|          0|
    |icmp_ln91_reg_1081                   |    1|   0|    1|          0|
    |icmp_ln95_1_reg_1152                 |    1|   0|    1|          0|
    |indvar_flatten21_reg_359             |   14|   0|   14|          0|
    |indvar_flatten36_reg_336             |   19|   0|   19|          0|
    |indvar_flatten8_reg_303              |   13|   0|   13|          0|
    |indvar_flatten_reg_258               |   13|   0|   13|          0|
    |j_1_reg_247                          |    7|   0|    7|          0|
    |j_2_reg_325                          |    7|   0|    7|          0|
    |j_3_reg_370                          |    7|   0|    7|          0|
    |j_4_reg_414                          |    7|   0|    7|          0|
    |j_reg_269                            |    7|   0|    7|          0|
    |k_reg_381                            |    7|   0|    7|          0|
    |mean_V_load_reg_1071                 |  118|   0|  118|          0|
    |mul_ln691_reg_1166                   |  128|   0|  128|          0|
    |or_ln92_reg_1096                     |    1|   0|    1|          0|
    |or_ln92_reg_1096_pp2_iter1_reg       |    1|   0|    1|          0|
    |reg_425                              |  128|   0|  128|          0|
    |select_ln79_2_reg_998                |    7|   0|    7|          0|
    |select_ln87_1_reg_1045               |    7|   0|    7|          0|
    |select_ln87_reg_1039                 |    7|   0|    7|          0|
    |select_ln91_1_reg_1085               |    7|   0|    7|          0|
    |select_ln92_2_reg_1106               |    7|   0|    7|          0|
    |select_ln92_3_reg_1122               |   14|   0|   14|          0|
    |select_ln92_reg_1101                 |    7|   0|    7|          0|
    |sub_ln692_reg_1076                   |  128|   0|  128|          0|
    |tmp_9_cast_reg_1202                  |    6|   0|   12|          6|
    |tmp_cast_reg_952                     |    6|   0|   12|          6|
    |trunc_ln215_reg_1117                 |    6|   0|    6|          0|
    |trunc_ln691_reg_1005                 |    6|   0|    6|          0|
    |trunc_ln692_reg_1050                 |    6|   0|    6|          0|
    |trunc_ln693_1_reg_1192               |  119|   0|  119|          0|
    |trunc_ln94_reg_1091                  |    6|   0|    6|          0|
    |trunc_ln98_reg_1112                  |    6|   0|    6|          0|
    |xout_load_reg_979                    |  128|   0|  128|          0|
    |zext_ln208_1_reg_1215                |   12|   0|   64|         52|
    |data_V_addr_2_reg_1060               |   64|  32|   12|          0|
    |icmp_ln79_reg_989                    |   64|  32|    1|          0|
    |icmp_ln82_1_reg_1015                 |   64|  32|    1|          0|
    |icmp_ln82_reg_993                    |   64|  32|    1|          0|
    |icmp_ln87_reg_1035                   |   64|  32|    1|          0|
    |icmp_ln91_reg_1081                   |   64|  32|    1|          0|
    |icmp_ln95_1_reg_1152                 |   64|  32|    1|          0|
    |select_ln79_2_reg_998                |   64|  32|    7|          0|
    +-------------------------------------+-----+----+-----+-----------+
    |Total                                | 2487| 256| 2064|         64|
    +-------------------------------------+-----+----+-----+-----------+



================================================================
== Interface
================================================================
* Summary: 
+---------------+-----+-----+------------+---------------------+--------------+
|   RTL Ports   | Dir | Bits|  Protocol  |    Source Object    |    C Type    |
+---------------+-----+-----+------------+---------------------+--------------+
|ap_clk         |   in|    1|  ap_ctrl_hs|  nondf_kernel_cov_x1|  return value|
|ap_rst         |   in|    1|  ap_ctrl_hs|  nondf_kernel_cov_x1|  return value|
|ap_start       |   in|    1|  ap_ctrl_hs|  nondf_kernel_cov_x1|  return value|
|ap_done        |  out|    1|  ap_ctrl_hs|  nondf_kernel_cov_x1|  return value|
|ap_idle        |  out|    1|  ap_ctrl_hs|  nondf_kernel_cov_x1|  return value|
|ap_ready       |  out|    1|  ap_ctrl_hs|  nondf_kernel_cov_x1|  return value|
|xout_address0  |  out|   12|   ap_memory|                 xout|         array|
|xout_ce0       |  out|    1|   ap_memory|                 xout|         array|
|xout_q0        |   in|  128|   ap_memory|                 xout|         array|
|xin_address0   |  out|   12|   ap_memory|                  xin|         array|
|xin_ce0        |  out|    1|   ap_memory|                  xin|         array|
|xin_we0        |  out|    1|   ap_memory|                  xin|         array|
|xin_d0         |  out|  119|   ap_memory|                  xin|         array|
+---------------+-----+-----+------------+---------------------+--------------+

