Copyright 1986-2020 Xilinx, Inc. All Rights Reserved.
-------------------------------------------------------------------------------------------------------------------------------------------------------------------------------------------------------------------------------
| Tool Version     : Vivado v.2020.2 (lin64) Build 3064766 Wed Nov 18 09:12:47 MST 2020
| Date             : Sat Sep 17 14:28:26 2022
| Host             : vxserver running 64-bit Ubuntu 20.04.4 LTS
| Command          : report_power -file xilinx_u250_xdma_201830_2_bb_locked_power_routed.rpt -pb xilinx_u250_xdma_201830_2_bb_locked_power_summary_routed.pb -rpx xilinx_u250_xdma_201830_2_bb_locked_power_routed.rpx
| Design           : pfm_top_wrapper
| Device           : xcu250-figd2104-2L-e
| Design State     : routed
| Grade            : extended
| Process          : typical
| Characterization : Production
-------------------------------------------------------------------------------------------------------------------------------------------------------------------------------------------------------------------------------

Power Report

Table of Contents
-----------------
1. Summary
1.1 On-Chip Components
1.2 Power Supply Summary
1.3 Confidence Level
2. Settings
2.1 Environment
2.2 Clock Constraints
3. Detailed Reports
3.1 By Hierarchy

1. Summary
----------

+--------------------------+--------------+
| Total On-Chip Power (W)  | 29.932       |
| Design Power Budget (W)  | Unspecified* |
| Power Budget Margin (W)  | NA           |
| Dynamic (W)              | 26.240       |
| Device Static (W)        | 3.693        |
| Effective TJA (C/W)      | 0.5          |
| Max Ambient (C)          | 84.4         |
| Junction Temperature (C) | 40.6         |
| Confidence Level         | Low          |
| Setting File             | ---          |
| Simulation Activity File | ---          |
| Design Nets Matched      | NA           |
+--------------------------+--------------+
* Specify Design Power Budget using, set_operating_conditions -design_power_budget <value in Watts>


1.1 On-Chip Components
----------------------

+--------------------------+-----------+----------+-----------+-----------------+
| On-Chip                  | Power (W) | Used     | Available | Utilization (%) |
+--------------------------+-----------+----------+-----------+-----------------+
| Clocks                   |     4.614 |       84 |       --- |             --- |
| CLB Logic                |     3.939 |  1437258 |       --- |             --- |
|   LUT as Logic           |     1.713 |   405568 |   1727040 |           23.48 |
|   LUT as Distributed RAM |     1.170 |    34661 |    790560 |            4.38 |
|   LUT as Shift Register  |     0.820 |    95508 |    790560 |           12.08 |
|   Register               |     0.214 |   675710 |   3454080 |           19.56 |
|   CARRY8                 |     0.023 |     3601 |    215880 |            1.67 |
|   Others                 |    <0.001 |    19508 |       --- |             --- |
|   BUFG                   |    <0.001 |        1 |       128 |            0.78 |
|   F7/F8 Muxes            |     0.000 |     3104 |   1727040 |            0.18 |
| Signals                  |     4.244 |  1280682 |       --- |             --- |
| Block RAM                |     3.891 |      884 |      2688 |           32.89 |
| URAM                     |     0.096 |       16 |      1280 |            1.25 |
| MMCM                     |     0.536 |        0 |       --- |             --- |
| PLL                      |     0.742 |       13 |       --- |             --- |
| DSPs                     |     1.024 |     2269 |     12288 |           18.47 |
| I/O                      |     2.383 |      439 |       676 |           64.94 |
| GTY                      |     4.360 |       16 |        24 |           66.67 |
| SYSMON                   |     0.019 |        1 |       --- |             --- |
| Hard IPs                 |     0.391 |        1 |       --- |             --- |
|   PCIE                   |     0.391 |        1 |       --- |             --- |
| Static Power             |     3.693 |          |           |                 |
| Total                    |    29.932 |          |           |                 |
+--------------------------+-----------+----------+-----------+-----------------+


1.2 Power Supply Summary
------------------------

+------------+-------------+-----------+-------------+------------+-------------+-------------+------------+
| Source     | Voltage (V) | Total (A) | Dynamic (A) | Static (A) | Powerup (A) | Budget (A)  | Margin (A) |
+------------+-------------+-----------+-------------+------------+-------------+-------------+------------+
| Vccint     |       0.850 |    23.682 |      21.678 |      2.004 |       NA    | Unspecified | NA         |
| Vccint_io  |       0.850 |     1.421 |       1.268 |      0.154 |       NA    | Unspecified | NA         |
| Vccbram    |       0.850 |     0.524 |       0.488 |      0.036 |       NA    | Unspecified | NA         |
| Vccaux     |       1.800 |     1.535 |       0.695 |      0.840 |       NA    | Unspecified | NA         |
| Vccaux_io  |       1.800 |     0.599 |       0.494 |      0.104 |       NA    | Unspecified | NA         |
| Vcco33     |       3.300 |     0.000 |       0.000 |      0.000 |       NA    | Unspecified | NA         |
| Vcco25     |       2.500 |     0.000 |       0.000 |      0.000 |       NA    | Unspecified | NA         |
| Vcco18     |       1.800 |     0.000 |       0.000 |      0.000 |       NA    | Unspecified | NA         |
| Vcco15     |       1.500 |     0.000 |       0.000 |      0.000 |       NA    | Unspecified | NA         |
| Vcco135    |       1.350 |     0.000 |       0.000 |      0.000 |       NA    | Unspecified | NA         |
| Vcco12     |       1.200 |     0.346 |       0.346 |      0.000 |       NA    | Unspecified | NA         |
| Vcco10     |       1.000 |     0.000 |       0.000 |      0.000 |       NA    | Unspecified | NA         |
| Vccadc     |       1.800 |     0.032 |       0.000 |      0.032 |       NA    | Unspecified | NA         |
| MGTYAVcc   |       0.900 |     0.665 |       0.616 |      0.049 |       NA    | Unspecified | NA         |
| MGTYAVtt   |       1.200 |     2.555 |       2.536 |      0.019 |       NA    | Unspecified | NA         |
| MGTYVccaux |       1.800 |     0.096 |       0.093 |      0.002 |       NA    | Unspecified | NA         |
+------------+-------------+-----------+-------------+------------+-------------+-------------+------------+


1.3 Confidence Level
--------------------

+-----------------------------+------------+--------------------------------------------------------+------------------------------------------------------------------------------------------------------------+
| User Input Data             | Confidence | Details                                                | Action                                                                                                     |
+-----------------------------+------------+--------------------------------------------------------+------------------------------------------------------------------------------------------------------------+
| Design implementation state | High       | Design is routed                                       |                                                                                                            |
| Clock nodes activity        | High       | User specified more than 95% of clocks                 |                                                                                                            |
| I/O nodes activity          | Low        | More than 75% of inputs are missing user specification | Provide missing input activity with simulation results or by editing the "By Resource Type -> I/Os" view   |
| Internal nodes activity     | Medium     | User specified less than 25% of internal nodes         | Provide missing internal nodes activity with simulation results or by editing the "By Resource Type" views |
| Device models               | High       | Device models are Production                           |                                                                                                            |
|                             |            |                                                        |                                                                                                            |
| Overall confidence level    | Low        |                                                        |                                                                                                            |
+-----------------------------+------------+--------------------------------------------------------+------------------------------------------------------------------------------------------------------------+


2. Settings
-----------

2.1 Environment
---------------

+-----------------------+--------------------------+
| Ambient Temp (C)      | 25.0                     |
| ThetaJA (C/W)         | 0.5                      |
| Airflow (LFM)         | 250                      |
| Heat Sink             | medium (Medium Profile)  |
| ThetaSA (C/W)         | 0.7                      |
| Board Selection       | medium (10"x10")         |
| # of Board Layers     | 12to15 (12 to 15 Layers) |
| Board Temperature (C) | 25.0                     |
+-----------------------+--------------------------+


2.2 Clock Constraints
---------------------

+-------------------------------------------------------------------------------------------------------------------------------------------------------------------------------------------------------------------------------------------------------------------------------------------------------------------------------------------------------------------------------------------------------+----------------------------------------------------------------------------------------------------------------------------------------------------------------------------------------------------------------------------------------------------------------------------------------------------------------------------------------------------------------------------------------+-----------------+
| Clock                                                                                                                                                                                                                                                                                                                                                                                                 | Domain                                                                                                                                                                                                                                                                                                                                                                                 | Constraint (ns) |
+-------------------------------------------------------------------------------------------------------------------------------------------------------------------------------------------------------------------------------------------------------------------------------------------------------------------------------------------------------------------------------------------------------+----------------------------------------------------------------------------------------------------------------------------------------------------------------------------------------------------------------------------------------------------------------------------------------------------------------------------------------------------------------------------------------+-----------------+
| c0_sys_clk_p                                                                                                                                                                                                                                                                                                                                                                                          | c0_sys_clk_p                                                                                                                                                                                                                                                                                                                                                                           |             3.3 |
| c1_sys_clk                                                                                                                                                                                                                                                                                                                                                                                            | c1_sys_clk_p[0]                                                                                                                                                                                                                                                                                                                                                                        |             3.3 |
| c1_sys_clk                                                                                                                                                                                                                                                                                                                                                                                            | pfm_top_i/static_region/c1_sys_bugf/U0/BUFG_O[0]                                                                                                                                                                                                                                                                                                                                       |             3.3 |
| c2_sys_clk_p                                                                                                                                                                                                                                                                                                                                                                                          | c2_sys_clk_p                                                                                                                                                                                                                                                                                                                                                                           |             3.3 |
| c3_sys_clk_p                                                                                                                                                                                                                                                                                                                                                                                          | c3_sys_clk_p                                                                                                                                                                                                                                                                                                                                                                           |             3.3 |
| clk_out1_pfm_top_clk_wiz_0_0                                                                                                                                                                                                                                                                                                                                                                          | pfm_top_i/static_region/slr0/base_clocking/clk_wiz_0/inst/clk_out1_pfm_top_clk_wiz_0_0                                                                                                                                                                                                                                                                                                 |            20.0 |
| clk_out1_pfm_top_clkwiz_kernel2_0_1                                                                                                                                                                                                                                                                                                                                                                   | pfm_top_i/static_region/slr0/base_clocking/clkwiz_kernel2/inst/CLK_CORE_DRP_I/clk_inst/clk_out1_pfm_top_clkwiz_kernel2_0                                                                                                                                                                                                                                                               |             2.0 |
| clk_out1_pfm_top_clkwiz_kernel_0_1                                                                                                                                                                                                                                                                                                                                                                    | pfm_top_i/static_region/slr0/base_clocking/clkwiz_kernel/inst/CLK_CORE_DRP_I/clk_inst/clk_out1_pfm_top_clkwiz_kernel_0                                                                                                                                                                                                                                                                 |             3.3 |
| clk_out1_pfm_top_clkwiz_pcie_0_1                                                                                                                                                                                                                                                                                                                                                                      | pfm_top_i/static_region/slr0/base_clocking/clkwiz_pcie/inst/clk_out1_pfm_top_clkwiz_pcie_0                                                                                                                                                                                                                                                                                             |            10.0 |
| clk_out1_pfm_top_clkwiz_scheduler_0_1                                                                                                                                                                                                                                                                                                                                                                 | pfm_top_i/static_region/slr0/base_clocking/clkwiz_scheduler/inst/clk_out1_pfm_top_clkwiz_scheduler_0                                                                                                                                                                                                                                                                                   |             4.0 |
| clk_out2_pfm_top_clk_wiz_0_0                                                                                                                                                                                                                                                                                                                                                                          | pfm_top_i/static_region/slr0/base_clocking/clk_wiz_0/inst/clk_out2_pfm_top_clk_wiz_0_0                                                                                                                                                                                                                                                                                                 |            10.0 |
| clk_out2_pfm_top_clkwiz_sysclks_0_1                                                                                                                                                                                                                                                                                                                                                                   | pfm_top_i/static_region/slr0/base_clocking/clkwiz_sysclks/inst/clk_out2_pfm_top_clkwiz_sysclks_0                                                                                                                                                                                                                                                                                       |            19.6 |
| diablo_gt.diablo_gt_phy_wrapper/pclk2_gt_1                                                                                                                                                                                                                                                                                                                                                            | pfm_top_i/static_region/slr1/pcie/inst/gt_top_i/diablo_gt.diablo_gt_phy_wrapper/phy_clk_i/CLK_PCLK2_GT                                                                                                                                                                                                                                                                                 |             4.0 |
| mcap_clk_1                                                                                                                                                                                                                                                                                                                                                                                            | pfm_top_i/static_region/slr1/pcie/inst/gt_top_i/diablo_gt.diablo_gt_phy_wrapper/phy_clk_i/CLK_MCAPCLK                                                                                                                                                                                                                                                                                  |             8.0 |
| microblaze_0_Clk_1                                                                                                                                                                                                                                                                                                                                                                                    | pfm_top_i/static_region/slr1/pcie/inst/gt_top_i/diablo_gt.diablo_gt_phy_wrapper/phy_clk_i/CLK_USERCLK                                                                                                                                                                                                                                                                                  |             4.0 |
| mmcm_clkout0                                                                                                                                                                                                                                                                                                                                                                                          | pfm_top_i/dynamic_region/memory_subsystem/inst/memory/ddr4_mem00/inst/u_ddr4_infrastructure/mmcm_clkout0                                                                                                                                                                                                                                                                               |             3.3 |
| mmcm_clkout0_1                                                                                                                                                                                                                                                                                                                                                                                        | pfm_top_i/dynamic_region/memory_subsystem/inst/memory/ddr4_mem02/inst/u_ddr4_infrastructure/mmcm_clkout0                                                                                                                                                                                                                                                                               |             3.3 |
| mmcm_clkout0_2                                                                                                                                                                                                                                                                                                                                                                                        | pfm_top_i/dynamic_region/memory_subsystem/inst/memory/ddr4_mem01/inst/u_ddr4_infrastructure/mmcm_clkout0                                                                                                                                                                                                                                                                               |             3.3 |
| mmcm_clkout6                                                                                                                                                                                                                                                                                                                                                                                          | pfm_top_i/dynamic_region/memory_subsystem/inst/memory/ddr4_mem00/inst/u_ddr4_infrastructure/mmcm_clkout6                                                                                                                                                                                                                                                                               |             6.7 |
| mmcm_clkout6_1                                                                                                                                                                                                                                                                                                                                                                                        | pfm_top_i/dynamic_region/memory_subsystem/inst/memory/ddr4_mem02/inst/u_ddr4_infrastructure/mmcm_clkout6                                                                                                                                                                                                                                                                               |             6.7 |
| mmcm_clkout6_2                                                                                                                                                                                                                                                                                                                                                                                        | pfm_top_i/dynamic_region/memory_subsystem/inst/memory/ddr4_mem01/inst/u_ddr4_infrastructure/mmcm_clkout6                                                                                                                                                                                                                                                                               |             6.7 |
| pfm_top_i/static_region/slr1/jtag_fallback/inst/bs_switch/inst/BSCAN_SWITCH.N_EXT_BSCAN.bscan_inst/SERIES7_BSCAN.bscan_inst/TCK                                                                                                                                                                                                                                                                       | pfm_top_i/static_region/slr1/jtag_fallback/inst/bs_switch/inst/BSCAN_SWITCH.N_EXT_BSCAN.bscan_inst/BSCAN_SWITCH.N_EXT_BSCAN.tck_bs                                                                                                                                                                                                                                                     |            33.0 |
| pfm_top_i/static_region/slr1/mdm_board_control/U0/No_Dbg_Reg_Access.BUFG_DRCK/Using_FPGA.Native/O                                                                                                                                                                                                                                                                                                     | pfm_top_i/static_region/slr1/mdm_board_control/U0/No_Dbg_Reg_Access.BUFG_DRCK/Ext_JTAG_DRCK                                                                                                                                                                                                                                                                                            |           157.1 |
| pfm_top_i/static_region/slr1/mdm_board_control/U0/Use_External.Use_BSCANID.No_Dbg_Reg_Access.BUFG_UPDATE/Using_FPGA.Native/O                                                                                                                                                                                                                                                                          | pfm_top_i/static_region/slr1/mdm_board_control/U0/Use_External.Use_BSCANID.No_Dbg_Reg_Access.BUFG_UPDATE/Dbg_Update_0                                                                                                                                                                                                                                                                  |            66.0 |
| pfm_top_i/static_region/slr1/mgmt_debug_bridge/inst/axi_jtag/inst/u_jtag_proc/tck_i_reg/Q                                                                                                                                                                                                                                                                                                             | pfm_top_i/static_region/slr1/mgmt_debug_bridge/inst/axi_jtag/inst/u_jtag_proc/tck                                                                                                                                                                                                                                                                                                      |           157.1 |
| pfm_top_i/static_region/slr1/mgmt_debug_bridge/inst/bsip/inst/USE_SOFTBSCAN.U_BSCAN_TAP/U_BASETAP/U_TAP/UPDATEDR_O_reg/Q                                                                                                                                                                                                                                                                              | pfm_top_i/static_region/slr1/mgmt_debug_bridge/inst/bsip/inst/USE_SOFTBSCAN.U_BSCAN_TAP/U_BASETAP/U_TAP/UPDATEDR_O                                                                                                                                                                                                                                                                     |           157.1 |
| pfm_top_i/static_region/slr1/pcie/inst/gt_top_i/diablo_gt.diablo_gt_phy_wrapper/gt_wizard.gtwizard_top_i/pfm_top_pcie_0_gt_i/inst/gen_gtwizard_gtye4_top.pfm_top_pcie_0_gt_gtwizard_gtye4_inst/gen_gtwizard_gtye4.gen_channel_container[28].gen_enabled_channel.gtye4_channel_wrapper_inst/channel_inst/gtye4_channel_gen.gen_gtye4_channel_inst[0].GTYE4_CHANNEL_PRIM_INST/TXOUTCLK                  | pfm_top_i/static_region/slr1/pcie/inst/gt_top_i/diablo_gt.diablo_gt_phy_wrapper/gt_wizard.gtwizard_top_i/pfm_top_pcie_0_gt_i/inst/gen_gtwizard_gtye4_top.pfm_top_pcie_0_gt_gtwizard_gtye4_inst/gen_gtwizard_gtye4.gen_channel_container[28].gen_enabled_channel.gtye4_channel_wrapper_inst/channel_inst/txoutclk_out[0]                                                                |             2.0 |
| pfm_top_i/static_region/slr1/pcie/inst/gt_top_i/diablo_gt.diablo_gt_phy_wrapper/gt_wizard.gtwizard_top_i/pfm_top_pcie_0_gt_i/inst/gen_gtwizard_gtye4_top.pfm_top_pcie_0_gt_gtwizard_gtye4_inst/gen_gtwizard_gtye4.gen_channel_container[28].gen_enabled_channel.gtye4_channel_wrapper_inst/channel_inst/gtye4_channel_gen.gen_gtye4_channel_inst[0].GTYE4_CHANNEL_PRIM_INST/TXOUTCLK                  | pfm_top_i/static_region/slr1/pcie/inst/gt_top_i/diablo_gt.diablo_gt_phy_wrapper/gt_wizard.gtwizard_top_i/pfm_top_pcie_0_gt_i/inst/gen_gtwizard_gtye4_top.pfm_top_pcie_0_gt_gtwizard_gtye4_inst/gen_gtwizard_gtye4.gen_channel_container[28].gen_enabled_channel.gtye4_channel_wrapper_inst/channel_inst/txoutclk_out[1]                                                                |             2.0 |
| pfm_top_i/static_region/slr1/pcie/inst/gt_top_i/diablo_gt.diablo_gt_phy_wrapper/gt_wizard.gtwizard_top_i/pfm_top_pcie_0_gt_i/inst/gen_gtwizard_gtye4_top.pfm_top_pcie_0_gt_gtwizard_gtye4_inst/gen_gtwizard_gtye4.gen_channel_container[28].gen_enabled_channel.gtye4_channel_wrapper_inst/channel_inst/gtye4_channel_gen.gen_gtye4_channel_inst[0].GTYE4_CHANNEL_PRIM_INST/TXOUTCLK                  | pfm_top_i/static_region/slr1/pcie/inst/gt_top_i/diablo_gt.diablo_gt_phy_wrapper/gt_wizard.gtwizard_top_i/pfm_top_pcie_0_gt_i/inst/gen_gtwizard_gtye4_top.pfm_top_pcie_0_gt_gtwizard_gtye4_inst/gen_gtwizard_gtye4.gen_channel_container[28].gen_enabled_channel.gtye4_channel_wrapper_inst/channel_inst/txoutclk_out[2]                                                                |             2.0 |
| pfm_top_i/static_region/slr1/pcie/inst/gt_top_i/diablo_gt.diablo_gt_phy_wrapper/gt_wizard.gtwizard_top_i/pfm_top_pcie_0_gt_i/inst/gen_gtwizard_gtye4_top.pfm_top_pcie_0_gt_gtwizard_gtye4_inst/gen_gtwizard_gtye4.gen_channel_container[28].gen_enabled_channel.gtye4_channel_wrapper_inst/channel_inst/gtye4_channel_gen.gen_gtye4_channel_inst[0].GTYE4_CHANNEL_PRIM_INST/TXOUTCLK                  | pfm_top_i/static_region/slr1/pcie/inst/gt_top_i/diablo_gt.diablo_gt_phy_wrapper/gt_wizard.gtwizard_top_i/pfm_top_pcie_0_gt_i/inst/gen_gtwizard_gtye4_top.pfm_top_pcie_0_gt_gtwizard_gtye4_inst/gen_gtwizard_gtye4.gen_channel_container[28].gen_enabled_channel.gtye4_channel_wrapper_inst/channel_inst/txoutclk_out[3]                                                                |             2.0 |
| pfm_top_i/static_region/slr1/pcie/inst/gt_top_i/diablo_gt.diablo_gt_phy_wrapper/gt_wizard.gtwizard_top_i/pfm_top_pcie_0_gt_i/inst/gen_gtwizard_gtye4_top.pfm_top_pcie_0_gt_gtwizard_gtye4_inst/gen_gtwizard_gtye4.gen_channel_container[28].gen_enabled_channel.gtye4_channel_wrapper_inst/channel_inst/gtye4_channel_gen.gen_gtye4_channel_inst[0].GTYE4_CHANNEL_PRIM_INST/TXOUTCLK                  | pfm_top_i/static_region/slr1/pcie/inst/gt_top_i/diablo_gt.diablo_gt_phy_wrapper/gt_wizard.gtwizard_top_i/pfm_top_pcie_0_gt_i/inst/gen_gtwizard_gtye4_top.pfm_top_pcie_0_gt_gtwizard_gtye4_inst/gen_gtwizard_gtye4.gen_channel_container[29].gen_enabled_channel.gtye4_channel_wrapper_inst/channel_inst/txoutclk_out[0]                                                                |             2.0 |
| pfm_top_i/static_region/slr1/pcie/inst/gt_top_i/diablo_gt.diablo_gt_phy_wrapper/gt_wizard.gtwizard_top_i/pfm_top_pcie_0_gt_i/inst/gen_gtwizard_gtye4_top.pfm_top_pcie_0_gt_gtwizard_gtye4_inst/gen_gtwizard_gtye4.gen_channel_container[28].gen_enabled_channel.gtye4_channel_wrapper_inst/channel_inst/gtye4_channel_gen.gen_gtye4_channel_inst[0].GTYE4_CHANNEL_PRIM_INST/TXOUTCLK                  | pfm_top_i/static_region/slr1/pcie/inst/gt_top_i/diablo_gt.diablo_gt_phy_wrapper/gt_wizard.gtwizard_top_i/pfm_top_pcie_0_gt_i/inst/gen_gtwizard_gtye4_top.pfm_top_pcie_0_gt_gtwizard_gtye4_inst/gen_gtwizard_gtye4.gen_channel_container[29].gen_enabled_channel.gtye4_channel_wrapper_inst/channel_inst/txoutclk_out[1]                                                                |             2.0 |
| pfm_top_i/static_region/slr1/pcie/inst/gt_top_i/diablo_gt.diablo_gt_phy_wrapper/gt_wizard.gtwizard_top_i/pfm_top_pcie_0_gt_i/inst/gen_gtwizard_gtye4_top.pfm_top_pcie_0_gt_gtwizard_gtye4_inst/gen_gtwizard_gtye4.gen_channel_container[28].gen_enabled_channel.gtye4_channel_wrapper_inst/channel_inst/gtye4_channel_gen.gen_gtye4_channel_inst[0].GTYE4_CHANNEL_PRIM_INST/TXOUTCLK                  | pfm_top_i/static_region/slr1/pcie/inst/gt_top_i/diablo_gt.diablo_gt_phy_wrapper/gt_wizard.gtwizard_top_i/pfm_top_pcie_0_gt_i/inst/gen_gtwizard_gtye4_top.pfm_top_pcie_0_gt_gtwizard_gtye4_inst/gen_gtwizard_gtye4.gen_channel_container[29].gen_enabled_channel.gtye4_channel_wrapper_inst/channel_inst/txoutclk_out[2]                                                                |             2.0 |
| pfm_top_i/static_region/slr1/pcie/inst/gt_top_i/diablo_gt.diablo_gt_phy_wrapper/gt_wizard.gtwizard_top_i/pfm_top_pcie_0_gt_i/inst/gen_gtwizard_gtye4_top.pfm_top_pcie_0_gt_gtwizard_gtye4_inst/gen_gtwizard_gtye4.gen_channel_container[28].gen_enabled_channel.gtye4_channel_wrapper_inst/channel_inst/gtye4_channel_gen.gen_gtye4_channel_inst[0].GTYE4_CHANNEL_PRIM_INST/TXOUTCLK                  | pfm_top_i/static_region/slr1/pcie/inst/gt_top_i/diablo_gt.diablo_gt_phy_wrapper/gt_wizard.gtwizard_top_i/pfm_top_pcie_0_gt_i/inst/gen_gtwizard_gtye4_top.pfm_top_pcie_0_gt_gtwizard_gtye4_inst/gen_gtwizard_gtye4.gen_channel_container[29].gen_enabled_channel.gtye4_channel_wrapper_inst/channel_inst/txoutclk_out[3]                                                                |             2.0 |
| pfm_top_i/static_region/slr1/pcie/inst/gt_top_i/diablo_gt.diablo_gt_phy_wrapper/gt_wizard.gtwizard_top_i/pfm_top_pcie_0_gt_i/inst/gen_gtwizard_gtye4_top.pfm_top_pcie_0_gt_gtwizard_gtye4_inst/gen_gtwizard_gtye4.gen_channel_container[28].gen_enabled_channel.gtye4_channel_wrapper_inst/channel_inst/gtye4_channel_gen.gen_gtye4_channel_inst[0].GTYE4_CHANNEL_PRIM_INST/TXOUTCLK                  | pfm_top_i/static_region/slr1/pcie/inst/gt_top_i/diablo_gt.diablo_gt_phy_wrapper/gt_wizard.gtwizard_top_i/pfm_top_pcie_0_gt_i/inst/gen_gtwizard_gtye4_top.pfm_top_pcie_0_gt_gtwizard_gtye4_inst/gen_gtwizard_gtye4.gen_channel_container[30].gen_enabled_channel.gtye4_channel_wrapper_inst/channel_inst/txoutclk_out[0]                                                                |             2.0 |
| pfm_top_i/static_region/slr1/pcie/inst/gt_top_i/diablo_gt.diablo_gt_phy_wrapper/gt_wizard.gtwizard_top_i/pfm_top_pcie_0_gt_i/inst/gen_gtwizard_gtye4_top.pfm_top_pcie_0_gt_gtwizard_gtye4_inst/gen_gtwizard_gtye4.gen_channel_container[28].gen_enabled_channel.gtye4_channel_wrapper_inst/channel_inst/gtye4_channel_gen.gen_gtye4_channel_inst[0].GTYE4_CHANNEL_PRIM_INST/TXOUTCLK                  | pfm_top_i/static_region/slr1/pcie/inst/gt_top_i/diablo_gt.diablo_gt_phy_wrapper/gt_wizard.gtwizard_top_i/pfm_top_pcie_0_gt_i/inst/gen_gtwizard_gtye4_top.pfm_top_pcie_0_gt_gtwizard_gtye4_inst/gen_gtwizard_gtye4.gen_channel_container[30].gen_enabled_channel.gtye4_channel_wrapper_inst/channel_inst/txoutclk_out[1]                                                                |             2.0 |
| pfm_top_i/static_region/slr1/pcie/inst/gt_top_i/diablo_gt.diablo_gt_phy_wrapper/gt_wizard.gtwizard_top_i/pfm_top_pcie_0_gt_i/inst/gen_gtwizard_gtye4_top.pfm_top_pcie_0_gt_gtwizard_gtye4_inst/gen_gtwizard_gtye4.gen_channel_container[28].gen_enabled_channel.gtye4_channel_wrapper_inst/channel_inst/gtye4_channel_gen.gen_gtye4_channel_inst[0].GTYE4_CHANNEL_PRIM_INST/TXOUTCLK                  | pfm_top_i/static_region/slr1/pcie/inst/gt_top_i/diablo_gt.diablo_gt_phy_wrapper/gt_wizard.gtwizard_top_i/pfm_top_pcie_0_gt_i/inst/gen_gtwizard_gtye4_top.pfm_top_pcie_0_gt_gtwizard_gtye4_inst/gen_gtwizard_gtye4.gen_channel_container[30].gen_enabled_channel.gtye4_channel_wrapper_inst/channel_inst/txoutclk_out[2]                                                                |             2.0 |
| pfm_top_i/static_region/slr1/pcie/inst/gt_top_i/diablo_gt.diablo_gt_phy_wrapper/gt_wizard.gtwizard_top_i/pfm_top_pcie_0_gt_i/inst/gen_gtwizard_gtye4_top.pfm_top_pcie_0_gt_gtwizard_gtye4_inst/gen_gtwizard_gtye4.gen_channel_container[28].gen_enabled_channel.gtye4_channel_wrapper_inst/channel_inst/gtye4_channel_gen.gen_gtye4_channel_inst[0].GTYE4_CHANNEL_PRIM_INST/TXOUTCLK                  | pfm_top_i/static_region/slr1/pcie/inst/gt_top_i/diablo_gt.diablo_gt_phy_wrapper/gt_wizard.gtwizard_top_i/pfm_top_pcie_0_gt_i/inst/gen_gtwizard_gtye4_top.pfm_top_pcie_0_gt_gtwizard_gtye4_inst/gen_gtwizard_gtye4.gen_channel_container[30].gen_enabled_channel.gtye4_channel_wrapper_inst/channel_inst/txoutclk_out[3]                                                                |             2.0 |
| pfm_top_i/static_region/slr1/pcie/inst/gt_top_i/diablo_gt.diablo_gt_phy_wrapper/gt_wizard.gtwizard_top_i/pfm_top_pcie_0_gt_i/inst/gen_gtwizard_gtye4_top.pfm_top_pcie_0_gt_gtwizard_gtye4_inst/gen_gtwizard_gtye4.gen_channel_container[28].gen_enabled_channel.gtye4_channel_wrapper_inst/channel_inst/gtye4_channel_gen.gen_gtye4_channel_inst[0].GTYE4_CHANNEL_PRIM_INST/TXOUTCLK                  | pfm_top_i/static_region/slr1/pcie/inst/gt_top_i/diablo_gt.diablo_gt_phy_wrapper/gt_wizard.gtwizard_top_i/pfm_top_pcie_0_gt_i/inst/gen_gtwizard_gtye4_top.pfm_top_pcie_0_gt_gtwizard_gtye4_inst/gen_gtwizard_gtye4.gen_channel_container[31].gen_enabled_channel.gtye4_channel_wrapper_inst/channel_inst/txoutclk_out[0]                                                                |             2.0 |
| pfm_top_i/static_region/slr1/pcie/inst/gt_top_i/diablo_gt.diablo_gt_phy_wrapper/gt_wizard.gtwizard_top_i/pfm_top_pcie_0_gt_i/inst/gen_gtwizard_gtye4_top.pfm_top_pcie_0_gt_gtwizard_gtye4_inst/gen_gtwizard_gtye4.gen_channel_container[28].gen_enabled_channel.gtye4_channel_wrapper_inst/channel_inst/gtye4_channel_gen.gen_gtye4_channel_inst[0].GTYE4_CHANNEL_PRIM_INST/TXOUTCLK                  | pfm_top_i/static_region/slr1/pcie/inst/gt_top_i/diablo_gt.diablo_gt_phy_wrapper/gt_wizard.gtwizard_top_i/pfm_top_pcie_0_gt_i/inst/gen_gtwizard_gtye4_top.pfm_top_pcie_0_gt_gtwizard_gtye4_inst/gen_gtwizard_gtye4.gen_channel_container[31].gen_enabled_channel.gtye4_channel_wrapper_inst/channel_inst/txoutclk_out[1]                                                                |             2.0 |
| pfm_top_i/static_region/slr1/pcie/inst/gt_top_i/diablo_gt.diablo_gt_phy_wrapper/gt_wizard.gtwizard_top_i/pfm_top_pcie_0_gt_i/inst/gen_gtwizard_gtye4_top.pfm_top_pcie_0_gt_gtwizard_gtye4_inst/gen_gtwizard_gtye4.gen_channel_container[28].gen_enabled_channel.gtye4_channel_wrapper_inst/channel_inst/gtye4_channel_gen.gen_gtye4_channel_inst[0].GTYE4_CHANNEL_PRIM_INST/TXOUTCLK                  | pfm_top_i/static_region/slr1/pcie/inst/gt_top_i/diablo_gt.diablo_gt_phy_wrapper/gt_wizard.gtwizard_top_i/pfm_top_pcie_0_gt_i/inst/gen_gtwizard_gtye4_top.pfm_top_pcie_0_gt_gtwizard_gtye4_inst/gen_gtwizard_gtye4.gen_channel_container[31].gen_enabled_channel.gtye4_channel_wrapper_inst/channel_inst/txoutclk_out[2]                                                                |             2.0 |
| pfm_top_i/static_region/slr1/pcie/inst/gt_top_i/diablo_gt.diablo_gt_phy_wrapper/gt_wizard.gtwizard_top_i/pfm_top_pcie_0_gt_i/inst/gen_gtwizard_gtye4_top.pfm_top_pcie_0_gt_gtwizard_gtye4_inst/gen_gtwizard_gtye4.gen_channel_container[28].gen_enabled_channel.gtye4_channel_wrapper_inst/channel_inst/gtye4_channel_gen.gen_gtye4_channel_inst[0].GTYE4_CHANNEL_PRIM_INST/TXOUTCLK                  | pfm_top_i/static_region/slr1/pcie/inst/gt_top_i/diablo_gt.diablo_gt_phy_wrapper/gt_wizard.gtwizard_top_i/pfm_top_pcie_0_gt_i/inst/gen_gtwizard_gtye4_top.pfm_top_pcie_0_gt_gtwizard_gtye4_inst/gen_gtwizard_gtye4.gen_channel_container[31].gen_enabled_channel.gtye4_channel_wrapper_inst/channel_inst/txoutclk_out[3]                                                                |             2.0 |
| pfm_top_i/static_region/slr1/pcie/inst/gt_top_i/diablo_gt.diablo_gt_phy_wrapper/gt_wizard.gtwizard_top_i/pfm_top_pcie_0_gt_i/inst/gen_gtwizard_gtye4_top.pfm_top_pcie_0_gt_gtwizard_gtye4_inst/gen_gtwizard_gtye4.gen_cpll_cal_gtye4.gen_cpll_cal_inst[0].gen_inst_cpll_cal.gtwizard_ultrascale_v1_7_5_gtye4_cpll_cal_inst/gtwizard_ultrascale_v1_7_5_gtye4_cpll_cal_tx_i/bufg_gt_txoutclkmon_inst/O  | pfm_top_i/static_region/slr1/pcie/inst/gt_top_i/diablo_gt.diablo_gt_phy_wrapper/gt_wizard.gtwizard_top_i/pfm_top_pcie_0_gt_i/inst/gen_gtwizard_gtye4_top.pfm_top_pcie_0_gt_gtwizard_gtye4_inst/gen_gtwizard_gtye4.gen_cpll_cal_gtye4.gen_cpll_cal_inst[0].gen_inst_cpll_cal.gtwizard_ultrascale_v1_7_5_gtye4_cpll_cal_inst/gtwizard_ultrascale_v1_7_5_gtye4_cpll_cal_tx_i/txoutclkmon  |             8.0 |
| pfm_top_i/static_region/slr1/pcie/inst/gt_top_i/diablo_gt.diablo_gt_phy_wrapper/gt_wizard.gtwizard_top_i/pfm_top_pcie_0_gt_i/inst/gen_gtwizard_gtye4_top.pfm_top_pcie_0_gt_gtwizard_gtye4_inst/gen_gtwizard_gtye4.gen_cpll_cal_gtye4.gen_cpll_cal_inst[10].gen_inst_cpll_cal.gtwizard_ultrascale_v1_7_5_gtye4_cpll_cal_inst/gtwizard_ultrascale_v1_7_5_gtye4_cpll_cal_tx_i/bufg_gt_txoutclkmon_inst/O | pfm_top_i/static_region/slr1/pcie/inst/gt_top_i/diablo_gt.diablo_gt_phy_wrapper/gt_wizard.gtwizard_top_i/pfm_top_pcie_0_gt_i/inst/gen_gtwizard_gtye4_top.pfm_top_pcie_0_gt_gtwizard_gtye4_inst/gen_gtwizard_gtye4.gen_cpll_cal_gtye4.gen_cpll_cal_inst[10].gen_inst_cpll_cal.gtwizard_ultrascale_v1_7_5_gtye4_cpll_cal_inst/gtwizard_ultrascale_v1_7_5_gtye4_cpll_cal_tx_i/txoutclkmon |             8.0 |
| pfm_top_i/static_region/slr1/pcie/inst/gt_top_i/diablo_gt.diablo_gt_phy_wrapper/gt_wizard.gtwizard_top_i/pfm_top_pcie_0_gt_i/inst/gen_gtwizard_gtye4_top.pfm_top_pcie_0_gt_gtwizard_gtye4_inst/gen_gtwizard_gtye4.gen_cpll_cal_gtye4.gen_cpll_cal_inst[11].gen_inst_cpll_cal.gtwizard_ultrascale_v1_7_5_gtye4_cpll_cal_inst/gtwizard_ultrascale_v1_7_5_gtye4_cpll_cal_tx_i/bufg_gt_txoutclkmon_inst/O | pfm_top_i/static_region/slr1/pcie/inst/gt_top_i/diablo_gt.diablo_gt_phy_wrapper/gt_wizard.gtwizard_top_i/pfm_top_pcie_0_gt_i/inst/gen_gtwizard_gtye4_top.pfm_top_pcie_0_gt_gtwizard_gtye4_inst/gen_gtwizard_gtye4.gen_cpll_cal_gtye4.gen_cpll_cal_inst[11].gen_inst_cpll_cal.gtwizard_ultrascale_v1_7_5_gtye4_cpll_cal_inst/gtwizard_ultrascale_v1_7_5_gtye4_cpll_cal_tx_i/txoutclkmon |             8.0 |
| pfm_top_i/static_region/slr1/pcie/inst/gt_top_i/diablo_gt.diablo_gt_phy_wrapper/gt_wizard.gtwizard_top_i/pfm_top_pcie_0_gt_i/inst/gen_gtwizard_gtye4_top.pfm_top_pcie_0_gt_gtwizard_gtye4_inst/gen_gtwizard_gtye4.gen_cpll_cal_gtye4.gen_cpll_cal_inst[12].gen_inst_cpll_cal.gtwizard_ultrascale_v1_7_5_gtye4_cpll_cal_inst/gtwizard_ultrascale_v1_7_5_gtye4_cpll_cal_tx_i/bufg_gt_txoutclkmon_inst/O | pfm_top_i/static_region/slr1/pcie/inst/gt_top_i/diablo_gt.diablo_gt_phy_wrapper/gt_wizard.gtwizard_top_i/pfm_top_pcie_0_gt_i/inst/gen_gtwizard_gtye4_top.pfm_top_pcie_0_gt_gtwizard_gtye4_inst/gen_gtwizard_gtye4.gen_cpll_cal_gtye4.gen_cpll_cal_inst[12].gen_inst_cpll_cal.gtwizard_ultrascale_v1_7_5_gtye4_cpll_cal_inst/gtwizard_ultrascale_v1_7_5_gtye4_cpll_cal_tx_i/txoutclkmon |             8.0 |
| pfm_top_i/static_region/slr1/pcie/inst/gt_top_i/diablo_gt.diablo_gt_phy_wrapper/gt_wizard.gtwizard_top_i/pfm_top_pcie_0_gt_i/inst/gen_gtwizard_gtye4_top.pfm_top_pcie_0_gt_gtwizard_gtye4_inst/gen_gtwizard_gtye4.gen_cpll_cal_gtye4.gen_cpll_cal_inst[13].gen_inst_cpll_cal.gtwizard_ultrascale_v1_7_5_gtye4_cpll_cal_inst/gtwizard_ultrascale_v1_7_5_gtye4_cpll_cal_tx_i/bufg_gt_txoutclkmon_inst/O | pfm_top_i/static_region/slr1/pcie/inst/gt_top_i/diablo_gt.diablo_gt_phy_wrapper/gt_wizard.gtwizard_top_i/pfm_top_pcie_0_gt_i/inst/gen_gtwizard_gtye4_top.pfm_top_pcie_0_gt_gtwizard_gtye4_inst/gen_gtwizard_gtye4.gen_cpll_cal_gtye4.gen_cpll_cal_inst[13].gen_inst_cpll_cal.gtwizard_ultrascale_v1_7_5_gtye4_cpll_cal_inst/gtwizard_ultrascale_v1_7_5_gtye4_cpll_cal_tx_i/txoutclkmon |             8.0 |
| pfm_top_i/static_region/slr1/pcie/inst/gt_top_i/diablo_gt.diablo_gt_phy_wrapper/gt_wizard.gtwizard_top_i/pfm_top_pcie_0_gt_i/inst/gen_gtwizard_gtye4_top.pfm_top_pcie_0_gt_gtwizard_gtye4_inst/gen_gtwizard_gtye4.gen_cpll_cal_gtye4.gen_cpll_cal_inst[14].gen_inst_cpll_cal.gtwizard_ultrascale_v1_7_5_gtye4_cpll_cal_inst/gtwizard_ultrascale_v1_7_5_gtye4_cpll_cal_tx_i/bufg_gt_txoutclkmon_inst/O | pfm_top_i/static_region/slr1/pcie/inst/gt_top_i/diablo_gt.diablo_gt_phy_wrapper/gt_wizard.gtwizard_top_i/pfm_top_pcie_0_gt_i/inst/gen_gtwizard_gtye4_top.pfm_top_pcie_0_gt_gtwizard_gtye4_inst/gen_gtwizard_gtye4.gen_cpll_cal_gtye4.gen_cpll_cal_inst[14].gen_inst_cpll_cal.gtwizard_ultrascale_v1_7_5_gtye4_cpll_cal_inst/gtwizard_ultrascale_v1_7_5_gtye4_cpll_cal_tx_i/txoutclkmon |             8.0 |
| pfm_top_i/static_region/slr1/pcie/inst/gt_top_i/diablo_gt.diablo_gt_phy_wrapper/gt_wizard.gtwizard_top_i/pfm_top_pcie_0_gt_i/inst/gen_gtwizard_gtye4_top.pfm_top_pcie_0_gt_gtwizard_gtye4_inst/gen_gtwizard_gtye4.gen_cpll_cal_gtye4.gen_cpll_cal_inst[15].gen_inst_cpll_cal.gtwizard_ultrascale_v1_7_5_gtye4_cpll_cal_inst/gtwizard_ultrascale_v1_7_5_gtye4_cpll_cal_tx_i/bufg_gt_txoutclkmon_inst/O | pfm_top_i/static_region/slr1/pcie/inst/gt_top_i/diablo_gt.diablo_gt_phy_wrapper/gt_wizard.gtwizard_top_i/pfm_top_pcie_0_gt_i/inst/gen_gtwizard_gtye4_top.pfm_top_pcie_0_gt_gtwizard_gtye4_inst/gen_gtwizard_gtye4.gen_cpll_cal_gtye4.gen_cpll_cal_inst[15].gen_inst_cpll_cal.gtwizard_ultrascale_v1_7_5_gtye4_cpll_cal_inst/gtwizard_ultrascale_v1_7_5_gtye4_cpll_cal_tx_i/txoutclkmon |             8.0 |
| pfm_top_i/static_region/slr1/pcie/inst/gt_top_i/diablo_gt.diablo_gt_phy_wrapper/gt_wizard.gtwizard_top_i/pfm_top_pcie_0_gt_i/inst/gen_gtwizard_gtye4_top.pfm_top_pcie_0_gt_gtwizard_gtye4_inst/gen_gtwizard_gtye4.gen_cpll_cal_gtye4.gen_cpll_cal_inst[1].gen_inst_cpll_cal.gtwizard_ultrascale_v1_7_5_gtye4_cpll_cal_inst/gtwizard_ultrascale_v1_7_5_gtye4_cpll_cal_tx_i/bufg_gt_txoutclkmon_inst/O  | pfm_top_i/static_region/slr1/pcie/inst/gt_top_i/diablo_gt.diablo_gt_phy_wrapper/gt_wizard.gtwizard_top_i/pfm_top_pcie_0_gt_i/inst/gen_gtwizard_gtye4_top.pfm_top_pcie_0_gt_gtwizard_gtye4_inst/gen_gtwizard_gtye4.gen_cpll_cal_gtye4.gen_cpll_cal_inst[1].gen_inst_cpll_cal.gtwizard_ultrascale_v1_7_5_gtye4_cpll_cal_inst/gtwizard_ultrascale_v1_7_5_gtye4_cpll_cal_tx_i/txoutclkmon  |             8.0 |
| pfm_top_i/static_region/slr1/pcie/inst/gt_top_i/diablo_gt.diablo_gt_phy_wrapper/gt_wizard.gtwizard_top_i/pfm_top_pcie_0_gt_i/inst/gen_gtwizard_gtye4_top.pfm_top_pcie_0_gt_gtwizard_gtye4_inst/gen_gtwizard_gtye4.gen_cpll_cal_gtye4.gen_cpll_cal_inst[2].gen_inst_cpll_cal.gtwizard_ultrascale_v1_7_5_gtye4_cpll_cal_inst/gtwizard_ultrascale_v1_7_5_gtye4_cpll_cal_tx_i/bufg_gt_txoutclkmon_inst/O  | pfm_top_i/static_region/slr1/pcie/inst/gt_top_i/diablo_gt.diablo_gt_phy_wrapper/gt_wizard.gtwizard_top_i/pfm_top_pcie_0_gt_i/inst/gen_gtwizard_gtye4_top.pfm_top_pcie_0_gt_gtwizard_gtye4_inst/gen_gtwizard_gtye4.gen_cpll_cal_gtye4.gen_cpll_cal_inst[2].gen_inst_cpll_cal.gtwizard_ultrascale_v1_7_5_gtye4_cpll_cal_inst/gtwizard_ultrascale_v1_7_5_gtye4_cpll_cal_tx_i/txoutclkmon  |             8.0 |
| pfm_top_i/static_region/slr1/pcie/inst/gt_top_i/diablo_gt.diablo_gt_phy_wrapper/gt_wizard.gtwizard_top_i/pfm_top_pcie_0_gt_i/inst/gen_gtwizard_gtye4_top.pfm_top_pcie_0_gt_gtwizard_gtye4_inst/gen_gtwizard_gtye4.gen_cpll_cal_gtye4.gen_cpll_cal_inst[3].gen_inst_cpll_cal.gtwizard_ultrascale_v1_7_5_gtye4_cpll_cal_inst/gtwizard_ultrascale_v1_7_5_gtye4_cpll_cal_tx_i/bufg_gt_txoutclkmon_inst/O  | pfm_top_i/static_region/slr1/pcie/inst/gt_top_i/diablo_gt.diablo_gt_phy_wrapper/gt_wizard.gtwizard_top_i/pfm_top_pcie_0_gt_i/inst/gen_gtwizard_gtye4_top.pfm_top_pcie_0_gt_gtwizard_gtye4_inst/gen_gtwizard_gtye4.gen_cpll_cal_gtye4.gen_cpll_cal_inst[3].gen_inst_cpll_cal.gtwizard_ultrascale_v1_7_5_gtye4_cpll_cal_inst/gtwizard_ultrascale_v1_7_5_gtye4_cpll_cal_tx_i/txoutclkmon  |             8.0 |
| pfm_top_i/static_region/slr1/pcie/inst/gt_top_i/diablo_gt.diablo_gt_phy_wrapper/gt_wizard.gtwizard_top_i/pfm_top_pcie_0_gt_i/inst/gen_gtwizard_gtye4_top.pfm_top_pcie_0_gt_gtwizard_gtye4_inst/gen_gtwizard_gtye4.gen_cpll_cal_gtye4.gen_cpll_cal_inst[4].gen_inst_cpll_cal.gtwizard_ultrascale_v1_7_5_gtye4_cpll_cal_inst/gtwizard_ultrascale_v1_7_5_gtye4_cpll_cal_tx_i/bufg_gt_txoutclkmon_inst/O  | pfm_top_i/static_region/slr1/pcie/inst/gt_top_i/diablo_gt.diablo_gt_phy_wrapper/gt_wizard.gtwizard_top_i/pfm_top_pcie_0_gt_i/inst/gen_gtwizard_gtye4_top.pfm_top_pcie_0_gt_gtwizard_gtye4_inst/gen_gtwizard_gtye4.gen_cpll_cal_gtye4.gen_cpll_cal_inst[4].gen_inst_cpll_cal.gtwizard_ultrascale_v1_7_5_gtye4_cpll_cal_inst/gtwizard_ultrascale_v1_7_5_gtye4_cpll_cal_tx_i/txoutclkmon  |             8.0 |
| pfm_top_i/static_region/slr1/pcie/inst/gt_top_i/diablo_gt.diablo_gt_phy_wrapper/gt_wizard.gtwizard_top_i/pfm_top_pcie_0_gt_i/inst/gen_gtwizard_gtye4_top.pfm_top_pcie_0_gt_gtwizard_gtye4_inst/gen_gtwizard_gtye4.gen_cpll_cal_gtye4.gen_cpll_cal_inst[5].gen_inst_cpll_cal.gtwizard_ultrascale_v1_7_5_gtye4_cpll_cal_inst/gtwizard_ultrascale_v1_7_5_gtye4_cpll_cal_tx_i/bufg_gt_txoutclkmon_inst/O  | pfm_top_i/static_region/slr1/pcie/inst/gt_top_i/diablo_gt.diablo_gt_phy_wrapper/gt_wizard.gtwizard_top_i/pfm_top_pcie_0_gt_i/inst/gen_gtwizard_gtye4_top.pfm_top_pcie_0_gt_gtwizard_gtye4_inst/gen_gtwizard_gtye4.gen_cpll_cal_gtye4.gen_cpll_cal_inst[5].gen_inst_cpll_cal.gtwizard_ultrascale_v1_7_5_gtye4_cpll_cal_inst/gtwizard_ultrascale_v1_7_5_gtye4_cpll_cal_tx_i/txoutclkmon  |             8.0 |
| pfm_top_i/static_region/slr1/pcie/inst/gt_top_i/diablo_gt.diablo_gt_phy_wrapper/gt_wizard.gtwizard_top_i/pfm_top_pcie_0_gt_i/inst/gen_gtwizard_gtye4_top.pfm_top_pcie_0_gt_gtwizard_gtye4_inst/gen_gtwizard_gtye4.gen_cpll_cal_gtye4.gen_cpll_cal_inst[6].gen_inst_cpll_cal.gtwizard_ultrascale_v1_7_5_gtye4_cpll_cal_inst/gtwizard_ultrascale_v1_7_5_gtye4_cpll_cal_tx_i/bufg_gt_txoutclkmon_inst/O  | pfm_top_i/static_region/slr1/pcie/inst/gt_top_i/diablo_gt.diablo_gt_phy_wrapper/gt_wizard.gtwizard_top_i/pfm_top_pcie_0_gt_i/inst/gen_gtwizard_gtye4_top.pfm_top_pcie_0_gt_gtwizard_gtye4_inst/gen_gtwizard_gtye4.gen_cpll_cal_gtye4.gen_cpll_cal_inst[6].gen_inst_cpll_cal.gtwizard_ultrascale_v1_7_5_gtye4_cpll_cal_inst/gtwizard_ultrascale_v1_7_5_gtye4_cpll_cal_tx_i/txoutclkmon  |             8.0 |
| pfm_top_i/static_region/slr1/pcie/inst/gt_top_i/diablo_gt.diablo_gt_phy_wrapper/gt_wizard.gtwizard_top_i/pfm_top_pcie_0_gt_i/inst/gen_gtwizard_gtye4_top.pfm_top_pcie_0_gt_gtwizard_gtye4_inst/gen_gtwizard_gtye4.gen_cpll_cal_gtye4.gen_cpll_cal_inst[7].gen_inst_cpll_cal.gtwizard_ultrascale_v1_7_5_gtye4_cpll_cal_inst/gtwizard_ultrascale_v1_7_5_gtye4_cpll_cal_tx_i/bufg_gt_txoutclkmon_inst/O  | pfm_top_i/static_region/slr1/pcie/inst/gt_top_i/diablo_gt.diablo_gt_phy_wrapper/gt_wizard.gtwizard_top_i/pfm_top_pcie_0_gt_i/inst/gen_gtwizard_gtye4_top.pfm_top_pcie_0_gt_gtwizard_gtye4_inst/gen_gtwizard_gtye4.gen_cpll_cal_gtye4.gen_cpll_cal_inst[7].gen_inst_cpll_cal.gtwizard_ultrascale_v1_7_5_gtye4_cpll_cal_inst/gtwizard_ultrascale_v1_7_5_gtye4_cpll_cal_tx_i/txoutclkmon  |             8.0 |
| pfm_top_i/static_region/slr1/pcie/inst/gt_top_i/diablo_gt.diablo_gt_phy_wrapper/gt_wizard.gtwizard_top_i/pfm_top_pcie_0_gt_i/inst/gen_gtwizard_gtye4_top.pfm_top_pcie_0_gt_gtwizard_gtye4_inst/gen_gtwizard_gtye4.gen_cpll_cal_gtye4.gen_cpll_cal_inst[8].gen_inst_cpll_cal.gtwizard_ultrascale_v1_7_5_gtye4_cpll_cal_inst/gtwizard_ultrascale_v1_7_5_gtye4_cpll_cal_tx_i/bufg_gt_txoutclkmon_inst/O  | pfm_top_i/static_region/slr1/pcie/inst/gt_top_i/diablo_gt.diablo_gt_phy_wrapper/gt_wizard.gtwizard_top_i/pfm_top_pcie_0_gt_i/inst/gen_gtwizard_gtye4_top.pfm_top_pcie_0_gt_gtwizard_gtye4_inst/gen_gtwizard_gtye4.gen_cpll_cal_gtye4.gen_cpll_cal_inst[8].gen_inst_cpll_cal.gtwizard_ultrascale_v1_7_5_gtye4_cpll_cal_inst/gtwizard_ultrascale_v1_7_5_gtye4_cpll_cal_tx_i/txoutclkmon  |             8.0 |
| pfm_top_i/static_region/slr1/pcie/inst/gt_top_i/diablo_gt.diablo_gt_phy_wrapper/gt_wizard.gtwizard_top_i/pfm_top_pcie_0_gt_i/inst/gen_gtwizard_gtye4_top.pfm_top_pcie_0_gt_gtwizard_gtye4_inst/gen_gtwizard_gtye4.gen_cpll_cal_gtye4.gen_cpll_cal_inst[9].gen_inst_cpll_cal.gtwizard_ultrascale_v1_7_5_gtye4_cpll_cal_inst/gtwizard_ultrascale_v1_7_5_gtye4_cpll_cal_tx_i/bufg_gt_txoutclkmon_inst/O  | pfm_top_i/static_region/slr1/pcie/inst/gt_top_i/diablo_gt.diablo_gt_phy_wrapper/gt_wizard.gtwizard_top_i/pfm_top_pcie_0_gt_i/inst/gen_gtwizard_gtye4_top.pfm_top_pcie_0_gt_gtwizard_gtye4_inst/gen_gtwizard_gtye4.gen_cpll_cal_gtye4.gen_cpll_cal_inst[9].gen_inst_cpll_cal.gtwizard_ultrascale_v1_7_5_gtye4_cpll_cal_inst/gtwizard_ultrascale_v1_7_5_gtye4_cpll_cal_tx_i/txoutclkmon  |             8.0 |
| pfm_top_i/static_region/slr1/pcie/inst/gt_top_i/diablo_gt.diablo_gt_phy_wrapper/phy_clk_i/bufg_gt_intclk/O                                                                                                                                                                                                                                                                                            | pfm_top_i/static_region/slr1/pcie/inst/gt_top_i/diablo_gt.diablo_gt_phy_wrapper/phy_clk_i/CLK_INTCLK                                                                                                                                                                                                                                                                                   |          1000.0 |
| pfm_top_i/static_region/slr1/user_debug_bridge/inst/axi_jtag/inst/u_jtag_proc/tck_i_reg/Q                                                                                                                                                                                                                                                                                                             | pfm_top_i/static_region/slr1/user_debug_bridge/inst/axi_jtag/inst/u_jtag_proc/tck                                                                                                                                                                                                                                                                                                      |           157.1 |
| pfm_top_i/static_region/slr1/user_debug_bridge/inst/bsip/inst/USE_SOFTBSCAN.U_BSCAN_TAP/U_BASETAP/U_TAP/UPDATEDR_O_reg/Q                                                                                                                                                                                                                                                                              | pfm_top_i/static_region/slr1/user_debug_bridge/inst/bsip/inst/USE_SOFTBSCAN.U_BSCAN_TAP/U_BASETAP/U_TAP/UPDATEDR_O                                                                                                                                                                                                                                                                     |           157.1 |
| pll_clk[0]                                                                                                                                                                                                                                                                                                                                                                                            | pfm_top_i/dynamic_region/memory_subsystem/inst/memory/ddr4_mem00/inst/u_ddr4_mem_intfc/u_mig_ddr4_phy/inst/u_ddr4_phy_pll/pll_clk[0]                                                                                                                                                                                                                                                   |             0.4 |
| pll_clk[0]_1                                                                                                                                                                                                                                                                                                                                                                                          | pfm_top_i/dynamic_region/memory_subsystem/inst/memory/ddr4_mem02/inst/u_ddr4_mem_intfc/u_mig_ddr4_phy/inst/u_ddr4_phy_pll/pll_clk[0]                                                                                                                                                                                                                                                   |             0.4 |
| pll_clk[0]_1_DIV                                                                                                                                                                                                                                                                                                                                                                                      | pfm_top_i/dynamic_region/memory_subsystem/inst/memory/ddr4_mem02/inst/u_ddr4_mem_intfc/u_mig_ddr4_phy/inst/generate_block1.u_ddr_xiphy/byte_num[0].xiphy_byte_wrapper.u_xiphy_byte_wrapper/I_CONTROL[0].GEN_I_CONTROL.u_xiphy_control/TX_BIT_CTRL_OUT0[26]                                                                                                                             |             3.3 |
| pll_clk[0]_2                                                                                                                                                                                                                                                                                                                                                                                          | pfm_top_i/dynamic_region/memory_subsystem/inst/memory/ddr4_mem01/inst/u_ddr4_mem_intfc/u_mig_ddr4_phy/inst/u_ddr4_phy_pll/pll_clk[0]                                                                                                                                                                                                                                                   |             0.4 |
| pll_clk[0]_2_DIV                                                                                                                                                                                                                                                                                                                                                                                      | pfm_top_i/dynamic_region/memory_subsystem/inst/memory/ddr4_mem01/inst/u_ddr4_mem_intfc/u_mig_ddr4_phy/inst/generate_block1.u_ddr_xiphy/byte_num[0].xiphy_byte_wrapper.u_xiphy_byte_wrapper/I_CONTROL[0].GEN_I_CONTROL.u_xiphy_control/TX_BIT_CTRL_OUT0[26]                                                                                                                             |             3.3 |
| pll_clk[0]_DIV                                                                                                                                                                                                                                                                                                                                                                                        | pfm_top_i/dynamic_region/memory_subsystem/inst/memory/ddr4_mem00/inst/u_ddr4_mem_intfc/u_mig_ddr4_phy/inst/generate_block1.u_ddr_xiphy/byte_num[0].xiphy_byte_wrapper.u_xiphy_byte_wrapper/I_CONTROL[0].GEN_I_CONTROL.u_xiphy_control/TX_BIT_CTRL_OUT0[26]                                                                                                                             |             3.3 |
| pll_clk[1]                                                                                                                                                                                                                                                                                                                                                                                            | pfm_top_i/dynamic_region/memory_subsystem/inst/memory/ddr4_mem00/inst/u_ddr4_mem_intfc/u_mig_ddr4_phy/inst/u_ddr4_phy_pll/pll_clk[1]                                                                                                                                                                                                                                                   |             0.4 |
| pll_clk[1]_1                                                                                                                                                                                                                                                                                                                                                                                          | pfm_top_i/dynamic_region/memory_subsystem/inst/memory/ddr4_mem02/inst/u_ddr4_mem_intfc/u_mig_ddr4_phy/inst/u_ddr4_phy_pll/pll_clk[1]                                                                                                                                                                                                                                                   |             0.4 |
| pll_clk[1]_1_DIV                                                                                                                                                                                                                                                                                                                                                                                      | pfm_top_i/dynamic_region/memory_subsystem/inst/memory/ddr4_mem02/inst/u_ddr4_mem_intfc/u_mig_ddr4_phy/inst/generate_block1.u_ddr_xiphy/byte_num[4].xiphy_byte_wrapper.u_xiphy_byte_wrapper/I_CONTROL[0].GEN_I_CONTROL.u_xiphy_control/TX_BIT_CTRL_OUT0[26]                                                                                                                             |             3.3 |
| pll_clk[1]_2                                                                                                                                                                                                                                                                                                                                                                                          | pfm_top_i/dynamic_region/memory_subsystem/inst/memory/ddr4_mem01/inst/u_ddr4_mem_intfc/u_mig_ddr4_phy/inst/u_ddr4_phy_pll/pll_clk[1]                                                                                                                                                                                                                                                   |             0.4 |
| pll_clk[1]_2_DIV                                                                                                                                                                                                                                                                                                                                                                                      | pfm_top_i/dynamic_region/memory_subsystem/inst/memory/ddr4_mem01/inst/u_ddr4_mem_intfc/u_mig_ddr4_phy/inst/generate_block1.u_ddr_xiphy/byte_num[4].xiphy_byte_wrapper.u_xiphy_byte_wrapper/I_CONTROL[0].GEN_I_CONTROL.u_xiphy_control/TX_BIT_CTRL_OUT0[26]                                                                                                                             |             3.3 |
| pll_clk[1]_DIV                                                                                                                                                                                                                                                                                                                                                                                        | pfm_top_i/dynamic_region/memory_subsystem/inst/memory/ddr4_mem00/inst/u_ddr4_mem_intfc/u_mig_ddr4_phy/inst/generate_block1.u_ddr_xiphy/byte_num[4].xiphy_byte_wrapper.u_xiphy_byte_wrapper/I_CONTROL[0].GEN_I_CONTROL.u_xiphy_control/TX_BIT_CTRL_OUT0[26]                                                                                                                             |             3.3 |
| pll_clk[2]                                                                                                                                                                                                                                                                                                                                                                                            | pfm_top_i/dynamic_region/memory_subsystem/inst/memory/ddr4_mem00/inst/u_ddr4_mem_intfc/u_mig_ddr4_phy/inst/u_ddr4_phy_pll/pll_clk[2]                                                                                                                                                                                                                                                   |             0.4 |
| pll_clk[2]_1                                                                                                                                                                                                                                                                                                                                                                                          | pfm_top_i/dynamic_region/memory_subsystem/inst/memory/ddr4_mem02/inst/u_ddr4_mem_intfc/u_mig_ddr4_phy/inst/u_ddr4_phy_pll/pll_clk[2]                                                                                                                                                                                                                                                   |             0.4 |
| pll_clk[2]_1_DIV                                                                                                                                                                                                                                                                                                                                                                                      | pfm_top_i/dynamic_region/memory_subsystem/inst/memory/ddr4_mem02/inst/u_ddr4_mem_intfc/u_mig_ddr4_phy/inst/generate_block1.u_ddr_xiphy/byte_num[10].xiphy_byte_wrapper.u_xiphy_byte_wrapper/I_CONTROL[0].GEN_I_CONTROL.u_xiphy_control/TX_BIT_CTRL_OUT0[26]                                                                                                                            |             3.3 |
| pll_clk[2]_2                                                                                                                                                                                                                                                                                                                                                                                          | pfm_top_i/dynamic_region/memory_subsystem/inst/memory/ddr4_mem01/inst/u_ddr4_mem_intfc/u_mig_ddr4_phy/inst/u_ddr4_phy_pll/pll_clk[2]                                                                                                                                                                                                                                                   |             0.4 |
| pll_clk[2]_2_DIV                                                                                                                                                                                                                                                                                                                                                                                      | pfm_top_i/dynamic_region/memory_subsystem/inst/memory/ddr4_mem01/inst/u_ddr4_mem_intfc/u_mig_ddr4_phy/inst/generate_block1.u_ddr_xiphy/byte_num[10].xiphy_byte_wrapper.u_xiphy_byte_wrapper/I_CONTROL[0].GEN_I_CONTROL.u_xiphy_control/TX_BIT_CTRL_OUT0[26]                                                                                                                            |             3.3 |
| pll_clk[2]_DIV                                                                                                                                                                                                                                                                                                                                                                                        | pfm_top_i/dynamic_region/memory_subsystem/inst/memory/ddr4_mem00/inst/u_ddr4_mem_intfc/u_mig_ddr4_phy/inst/generate_block1.u_ddr_xiphy/byte_num[10].xiphy_byte_wrapper.u_xiphy_byte_wrapper/I_CONTROL[0].GEN_I_CONTROL.u_xiphy_control/TX_BIT_CTRL_OUT2[26]                                                                                                                            |             3.3 |
| qpll0outclk_out[0]                                                                                                                                                                                                                                                                                                                                                                                    | pfm_top_i/static_region/slr1/pcie/inst/gt_top_i/diablo_gt.diablo_gt_phy_wrapper/gt_wizard.gtwizard_top_i/pfm_top_pcie_0_gt_i/inst/gen_gtwizard_gtye4_top.pfm_top_pcie_0_gt_gtwizard_gtye4_inst/gen_gtwizard_gtye4.gen_common.gen_common_container[28].gen_enabled_common.gtye4_common_wrapper_inst/common_inst/qpll0outclk_out[0]                                                      |             0.2 |
| qpll0outclk_out[0]_1                                                                                                                                                                                                                                                                                                                                                                                  | pfm_top_i/static_region/slr1/pcie/inst/gt_top_i/diablo_gt.diablo_gt_phy_wrapper/gt_wizard.gtwizard_top_i/pfm_top_pcie_0_gt_i/inst/gen_gtwizard_gtye4_top.pfm_top_pcie_0_gt_gtwizard_gtye4_inst/gen_gtwizard_gtye4.gen_common.gen_common_container[29].gen_enabled_common.gtye4_common_wrapper_inst/common_inst/qpll0outclk_out[0]                                                      |             0.2 |
| qpll0outclk_out[0]_2                                                                                                                                                                                                                                                                                                                                                                                  | pfm_top_i/static_region/slr1/pcie/inst/gt_top_i/diablo_gt.diablo_gt_phy_wrapper/gt_wizard.gtwizard_top_i/pfm_top_pcie_0_gt_i/inst/gen_gtwizard_gtye4_top.pfm_top_pcie_0_gt_gtwizard_gtye4_inst/gen_gtwizard_gtye4.gen_common.gen_common_container[30].gen_enabled_common.gtye4_common_wrapper_inst/common_inst/qpll0outclk_out[0]                                                      |             0.2 |
| qpll0outclk_out[0]_3                                                                                                                                                                                                                                                                                                                                                                                  | pfm_top_i/static_region/slr1/pcie/inst/gt_top_i/diablo_gt.diablo_gt_phy_wrapper/gt_wizard.gtwizard_top_i/pfm_top_pcie_0_gt_i/inst/gen_gtwizard_gtye4_top.pfm_top_pcie_0_gt_gtwizard_gtye4_inst/gen_gtwizard_gtye4.gen_common.gen_common_container[31].gen_enabled_common.gtye4_common_wrapper_inst/common_inst/qpll0outclk_out[0]                                                      |             0.2 |
| qpll0outrefclk_out[0]                                                                                                                                                                                                                                                                                                                                                                                 | pfm_top_i/static_region/slr1/pcie/inst/gt_top_i/diablo_gt.diablo_gt_phy_wrapper/gt_wizard.gtwizard_top_i/pfm_top_pcie_0_gt_i/inst/gen_gtwizard_gtye4_top.pfm_top_pcie_0_gt_gtwizard_gtye4_inst/gen_gtwizard_gtye4.gen_common.gen_common_container[28].gen_enabled_common.gtye4_common_wrapper_inst/common_inst/qpll0outrefclk_out[0]                                                   |            10.0 |
| qpll0outrefclk_out[0]_1                                                                                                                                                                                                                                                                                                                                                                               | pfm_top_i/static_region/slr1/pcie/inst/gt_top_i/diablo_gt.diablo_gt_phy_wrapper/gt_wizard.gtwizard_top_i/pfm_top_pcie_0_gt_i/inst/gen_gtwizard_gtye4_top.pfm_top_pcie_0_gt_gtwizard_gtye4_inst/gen_gtwizard_gtye4.gen_common.gen_common_container[29].gen_enabled_common.gtye4_common_wrapper_inst/common_inst/qpll0outrefclk_out[0]                                                   |            10.0 |
| qpll0outrefclk_out[0]_2                                                                                                                                                                                                                                                                                                                                                                               | pfm_top_i/static_region/slr1/pcie/inst/gt_top_i/diablo_gt.diablo_gt_phy_wrapper/gt_wizard.gtwizard_top_i/pfm_top_pcie_0_gt_i/inst/gen_gtwizard_gtye4_top.pfm_top_pcie_0_gt_gtwizard_gtye4_inst/gen_gtwizard_gtye4.gen_common.gen_common_container[30].gen_enabled_common.gtye4_common_wrapper_inst/common_inst/qpll0outrefclk_out[0]                                                   |            10.0 |
| qpll0outrefclk_out[0]_3                                                                                                                                                                                                                                                                                                                                                                               | pfm_top_i/static_region/slr1/pcie/inst/gt_top_i/diablo_gt.diablo_gt_phy_wrapper/gt_wizard.gtwizard_top_i/pfm_top_pcie_0_gt_i/inst/gen_gtwizard_gtye4_top.pfm_top_pcie_0_gt_gtwizard_gtye4_inst/gen_gtwizard_gtye4.gen_common.gen_common_container[31].gen_enabled_common.gtye4_common_wrapper_inst/common_inst/qpll0outrefclk_out[0]                                                   |            10.0 |
| qpll1outclk_out[0]                                                                                                                                                                                                                                                                                                                                                                                    | pfm_top_i/static_region/slr1/pcie/inst/gt_top_i/diablo_gt.diablo_gt_phy_wrapper/gt_wizard.gtwizard_top_i/pfm_top_pcie_0_gt_i/inst/gen_gtwizard_gtye4_top.pfm_top_pcie_0_gt_gtwizard_gtye4_inst/gen_gtwizard_gtye4.gen_common.gen_common_container[28].gen_enabled_common.gtye4_common_wrapper_inst/common_inst/qpll1outclk_out[0]                                                      |             0.2 |
| qpll1outclk_out[0]_1                                                                                                                                                                                                                                                                                                                                                                                  | pfm_top_i/static_region/slr1/pcie/inst/gt_top_i/diablo_gt.diablo_gt_phy_wrapper/gt_wizard.gtwizard_top_i/pfm_top_pcie_0_gt_i/inst/gen_gtwizard_gtye4_top.pfm_top_pcie_0_gt_gtwizard_gtye4_inst/gen_gtwizard_gtye4.gen_common.gen_common_container[29].gen_enabled_common.gtye4_common_wrapper_inst/common_inst/qpll1outclk_out[0]                                                      |             0.2 |
| qpll1outclk_out[0]_2                                                                                                                                                                                                                                                                                                                                                                                  | pfm_top_i/static_region/slr1/pcie/inst/gt_top_i/diablo_gt.diablo_gt_phy_wrapper/gt_wizard.gtwizard_top_i/pfm_top_pcie_0_gt_i/inst/gen_gtwizard_gtye4_top.pfm_top_pcie_0_gt_gtwizard_gtye4_inst/gen_gtwizard_gtye4.gen_common.gen_common_container[30].gen_enabled_common.gtye4_common_wrapper_inst/common_inst/qpll1outclk_out[0]                                                      |             0.2 |
| qpll1outclk_out[0]_3                                                                                                                                                                                                                                                                                                                                                                                  | pfm_top_i/static_region/slr1/pcie/inst/gt_top_i/diablo_gt.diablo_gt_phy_wrapper/gt_wizard.gtwizard_top_i/pfm_top_pcie_0_gt_i/inst/gen_gtwizard_gtye4_top.pfm_top_pcie_0_gt_gtwizard_gtye4_inst/gen_gtwizard_gtye4.gen_common.gen_common_container[31].gen_enabled_common.gtye4_common_wrapper_inst/common_inst/qpll1outclk_out[0]                                                      |             0.2 |
| qpll1outrefclk_out[0]                                                                                                                                                                                                                                                                                                                                                                                 | pfm_top_i/static_region/slr1/pcie/inst/gt_top_i/diablo_gt.diablo_gt_phy_wrapper/gt_wizard.gtwizard_top_i/pfm_top_pcie_0_gt_i/inst/gen_gtwizard_gtye4_top.pfm_top_pcie_0_gt_gtwizard_gtye4_inst/gen_gtwizard_gtye4.gen_common.gen_common_container[28].gen_enabled_common.gtye4_common_wrapper_inst/common_inst/qpll1outrefclk_out[0]                                                   |            10.0 |
| qpll1outrefclk_out[0]_1                                                                                                                                                                                                                                                                                                                                                                               | pfm_top_i/static_region/slr1/pcie/inst/gt_top_i/diablo_gt.diablo_gt_phy_wrapper/gt_wizard.gtwizard_top_i/pfm_top_pcie_0_gt_i/inst/gen_gtwizard_gtye4_top.pfm_top_pcie_0_gt_gtwizard_gtye4_inst/gen_gtwizard_gtye4.gen_common.gen_common_container[29].gen_enabled_common.gtye4_common_wrapper_inst/common_inst/qpll1outrefclk_out[0]                                                   |            10.0 |
| qpll1outrefclk_out[0]_2                                                                                                                                                                                                                                                                                                                                                                               | pfm_top_i/static_region/slr1/pcie/inst/gt_top_i/diablo_gt.diablo_gt_phy_wrapper/gt_wizard.gtwizard_top_i/pfm_top_pcie_0_gt_i/inst/gen_gtwizard_gtye4_top.pfm_top_pcie_0_gt_gtwizard_gtye4_inst/gen_gtwizard_gtye4.gen_common.gen_common_container[30].gen_enabled_common.gtye4_common_wrapper_inst/common_inst/qpll1outrefclk_out[0]                                                   |            10.0 |
| qpll1outrefclk_out[0]_3                                                                                                                                                                                                                                                                                                                                                                               | pfm_top_i/static_region/slr1/pcie/inst/gt_top_i/diablo_gt.diablo_gt_phy_wrapper/gt_wizard.gtwizard_top_i/pfm_top_pcie_0_gt_i/inst/gen_gtwizard_gtye4_top.pfm_top_pcie_0_gt_gtwizard_gtye4_inst/gen_gtwizard_gtye4.gen_common.gen_common_container[31].gen_enabled_common.gtye4_common_wrapper_inst/common_inst/qpll1outrefclk_out[0]                                                   |            10.0 |
| ref_clk                                                                                                                                                                                                                                                                                                                                                                                               | ref_clk_clk_p[0]                                                                                                                                                                                                                                                                                                                                                                       |            10.0 |
+-------------------------------------------------------------------------------------------------------------------------------------------------------------------------------------------------------------------------------------------------------------------------------------------------------------------------------------------------------------------------------------------------------+----------------------------------------------------------------------------------------------------------------------------------------------------------------------------------------------------------------------------------------------------------------------------------------------------------------------------------------------------------------------------------------+-----------------+


3. Detailed Reports
-------------------

3.1 By Hierarchy
----------------

+------------------------------------------+-----------+
| Name                                     | Power (W) |
+------------------------------------------+-----------+
| pfm_top_wrapper                          |    26.240 |
|   pfm_top_i                              |    26.236 |
|     dynamic_region                       |    17.780 |
|       debug_bridge_xsdbm                 |     0.003 |
|       memory_subsystem                   |     7.391 |
|       slr0                               |     0.314 |
|       slr1                               |     0.138 |
|       slr2                               |     0.140 |
|       slr3                               |     0.034 |
|       top_1                              |     9.758 |
|     static_region                        |     8.457 |
|       axi_ctrl_tdm_regslice_slr1_to_slr0 |     0.017 |
|       axi_mb_regslice_slr0_to_slr1       |     0.003 |
|       axi_mgmt_tdm_regslice_slr1_to_slr0 |     0.012 |
|       axi_mgmt_tdm_regslice_slr2_to_slr1 |     0.021 |
|       axi_user_tdm_regslice_slr1_to_slr0 |     0.027 |
|       axi_user_tdm_regslice_slr2_to_slr1 |     0.021 |
|       axis_regslice_cc                   |     0.039 |
|       axis_regslice_cq                   |     0.044 |
|       axis_regslice_rc                   |     0.045 |
|       axis_regslice_rq                   |     0.042 |
|       c1_sys_ds_buf                      |     0.002 |
|       ddr_tdm_regslice_slr1_to_slr0      |     0.209 |
|       ddr_tdm_regslice_slr2_to_slr1      |     0.219 |
|       ddr_tdm_regslice_slr2_to_slr3      |     0.108 |
|       dma_aresetn_fanout                 |     0.001 |
|       dma_pcie                           |     0.757 |
|       slr0                               |     0.812 |
|       slr1                               |     5.774 |
|       slr2                               |     0.280 |
|       slr3                               |     0.024 |
+------------------------------------------+-----------+


