

================================================================
== Vitis HLS Report for 'A_IO_L3_in_x1'
================================================================
* Date:           Fri Jul 15 00:29:36 2022

* Version:        2020.2 (Build 3064766 on Wed Nov 18 09:12:47 MST 2020)
* Project:        top
* Solution:       solution (Vitis Kernel Flow Target)
* Product family: virtexuplus
* Target device:  xcu250-figd2104-2L-e


================================================================
== Performance Estimates
================================================================
+ Timing: 
    * Summary: 
    +--------+---------+----------+------------+
    |  Clock |  Target | Estimated| Uncertainty|
    +--------+---------+----------+------------+
    |ap_clk  |  3.33 ns|  2.433 ns|     0.90 ns|
    +--------+---------+----------+------------+

+ Latency: 
    * Summary: 
    +----------+----------+-----------+-----------+----------+----------+---------+
    |   Latency (cycles)  |   Latency (absolute)  |       Interval      | Pipeline|
    |    min   |    max   |    min    |    max    |    min   |    max   |   Type  |
    +----------+----------+-----------+-----------+----------+----------+---------+
    |  13793337|  13793337|  45.973 ms|  45.973 ms|  13793337|  13793337|     none|
    +----------+----------+-----------+-----------+----------+----------+---------+

    + Detail: 
        * Instance: 
        N/A

        * Loop: 
        +-----------------------------------+----------+----------+----------+-----------+-----------+------+----------+
        |                                   |   Latency (cycles)  | Iteration|  Initiation Interval  | Trip |          |
        |             Loop Name             |    min   |    max   |  Latency |  achieved |   target  | Count| Pipelined|
        +-----------------------------------+----------+----------+----------+-----------+-----------+------+----------+
        |- A_IO_L3_in_x1_loop_1             |  13793336|  13793336|   3448334|          -|          -|     4|        no|
        | + A_IO_L3_in_x1_loop_2            |   3448332|   3448332|    574722|          -|          -|     6|        no|
        |  ++ A_IO_L3_in_x1_loop_3          |    574720|    574720|      4490|          -|          -|   128|        no|
        |   +++ A_IO_L3_in_x1_loop_4        |      4488|      4488|      1122|          -|          -|     4|        no|
        |    ++++ A_IO_L3_in_x1_loop_5      |      1120|      1120|        70|          -|          -|    16|        no|
        |     +++++ A_IO_L3_in_x1_loop_6    |        68|        68|        34|          -|          -|     2|        no|
        |      ++++++ A_IO_L3_in_x1_loop_7  |        32|        32|         2|          -|          -|    16|        no|
        +-----------------------------------+----------+----------+----------+-----------+-----------+------+----------+

============================================================
+ Verbose Summary: Synthesis Manager
============================================================
InlineROM: 1
ExposeGlobal: 0
============================================================
+ Verbose Summary: CDFG Model
============================================================
IsTopModel: 0
ResetActiveHigh: 1
IsCombinational: 2
IsDatapathOnly: 0
HasWiredReturn: 1
HasMFsm: 0
HasVarLatency: 1
IsPipeline: 0
IsRtlPipelined: 0
IsInstanceOverlapped: 0
IsDontTouch: 0
HasImplIP: 0
IsGatedGlobalClock: 0


============================================================
+ Verbose Summary: Schedule
============================================================
* Number of FSM states : 9
* Pipeline : 0
* Dataflow Pipeline: 0

* FSM state transitions: 
1 --> 2 
2 --> 3 
3 --> 4 2 
4 --> 5 3 
5 --> 6 4 
6 --> 7 5 
7 --> 8 6 
8 --> 9 7 
9 --> 8 

* FSM state operations: 

State 1 <SV = 0> <Delay = 0.38>
ST_1 : Operation 10 [1/1] (0.00ns)   --->   "%specmemcore_ln0 = specmemcore void @_ssdm_op_SpecMemCore, i512 %fifo_A_local_out, i64 666, i64 10, i64 18446744073709551615"   --->   Operation 10 'specmemcore' 'specmemcore_ln0' <Predicate = true> <Delay = 0.00>
ST_1 : Operation 11 [1/1] (0.00ns)   --->   "%specinterface_ln0 = specinterface void @_ssdm_op_SpecInterface, i512 %fifo_A_local_out, void @empty_808, i32 0, i32 0, void @empty_728, i32 0, i32 0, void @empty_728, void @empty_728, void @empty_728, i32 0, i32 0, i32 0, i32 0, void @empty_728, void @empty_728"   --->   Operation 11 'specinterface' 'specinterface_ln0' <Predicate = true> <Delay = 0.00>
ST_1 : Operation 12 [1/1] (0.00ns)   --->   "%specinterface_ln0 = specinterface void @_ssdm_op_SpecInterface, i512 %fifo_A_in, void @empty_808, i32 0, i32 0, void @empty_728, i32 0, i32 0, void @empty_728, void @empty_728, void @empty_728, i32 0, i32 0, i32 0, i32 0, void @empty_728, void @empty_728"   --->   Operation 12 'specinterface' 'specinterface_ln0' <Predicate = true> <Delay = 0.00>
ST_1 : Operation 13 [1/1] (0.38ns)   --->   "%br_ln13951 = br void" [./dut.cpp:13951]   --->   Operation 13 'br' 'br_ln13951' <Predicate = true> <Delay = 0.38>

State 2 <SV = 1> <Delay = 0.57>
ST_2 : Operation 14 [1/1] (0.00ns)   --->   "%c0_V = phi i3 %add_ln691, void, i3 0, void"   --->   Operation 14 'phi' 'c0_V' <Predicate = true> <Delay = 0.00>
ST_2 : Operation 15 [1/1] (0.57ns)   --->   "%add_ln691 = add i3 %c0_V, i3 1"   --->   Operation 15 'add' 'add_ln691' <Predicate = true> <Delay = 0.57> <CoreInst = "Adder">   --->   Core 1 'Adder' <Latency = 0> <II = 1> <Delay = 0.70> <FuncUnit> <Opcode : 'add' 'sub'> <InPorts = 2> <OutPorts = 1>
ST_2 : Operation 16 [1/1] (0.49ns)   --->   "%icmp_ln890 = icmp_eq  i3 %c0_V, i3 4"   --->   Operation 16 'icmp' 'icmp_ln890' <Predicate = true> <Delay = 0.49> <CoreInst = "Cmp">   --->   Core 9 'Cmp' <Latency = 0> <II = 1> <Delay = 0.63> <FuncUnit> <Opcode : 'icmp'> <InPorts = 2> <OutPorts = 1>
ST_2 : Operation 17 [1/1] (0.00ns)   --->   "%speclooptripcount_ln0 = speclooptripcount void @_ssdm_op_SpecLoopTripCount, i64 4, i64 4, i64 4"   --->   Operation 17 'speclooptripcount' 'speclooptripcount_ln0' <Predicate = true> <Delay = 0.00>
ST_2 : Operation 18 [1/1] (0.00ns)   --->   "%br_ln13951 = br i1 %icmp_ln890, void %.split13, void" [./dut.cpp:13951]   --->   Operation 18 'br' 'br_ln13951' <Predicate = true> <Delay = 0.00>
ST_2 : Operation 19 [1/1] (0.00ns)   --->   "%specloopname_ln13951 = specloopname void @_ssdm_op_SpecLoopName, void @empty_1339" [./dut.cpp:13951]   --->   Operation 19 'specloopname' 'specloopname_ln13951' <Predicate = (!icmp_ln890)> <Delay = 0.00>
ST_2 : Operation 20 [1/1] (0.38ns)   --->   "%br_ln13952 = br void" [./dut.cpp:13952]   --->   Operation 20 'br' 'br_ln13952' <Predicate = (!icmp_ln890)> <Delay = 0.38>
ST_2 : Operation 21 [1/1] (0.00ns)   --->   "%ret_ln13975 = ret" [./dut.cpp:13975]   --->   Operation 21 'ret' 'ret_ln13975' <Predicate = (icmp_ln890)> <Delay = 0.00>

State 3 <SV = 2> <Delay = 0.57>
ST_3 : Operation 22 [1/1] (0.00ns)   --->   "%c1_V = phi i3 %add_ln691_2355, void, i3 0, void %.split13"   --->   Operation 22 'phi' 'c1_V' <Predicate = true> <Delay = 0.00>
ST_3 : Operation 23 [1/1] (0.57ns)   --->   "%add_ln691_2355 = add i3 %c1_V, i3 1"   --->   Operation 23 'add' 'add_ln691_2355' <Predicate = true> <Delay = 0.57> <CoreInst = "Adder">   --->   Core 1 'Adder' <Latency = 0> <II = 1> <Delay = 0.70> <FuncUnit> <Opcode : 'add' 'sub'> <InPorts = 2> <OutPorts = 1>
ST_3 : Operation 24 [1/1] (0.49ns)   --->   "%icmp_ln890_2025 = icmp_eq  i3 %c1_V, i3 6"   --->   Operation 24 'icmp' 'icmp_ln890_2025' <Predicate = true> <Delay = 0.49> <CoreInst = "Cmp">   --->   Core 9 'Cmp' <Latency = 0> <II = 1> <Delay = 0.63> <FuncUnit> <Opcode : 'icmp'> <InPorts = 2> <OutPorts = 1>
ST_3 : Operation 25 [1/1] (0.00ns)   --->   "%speclooptripcount_ln0 = speclooptripcount void @_ssdm_op_SpecLoopTripCount, i64 6, i64 6, i64 6"   --->   Operation 25 'speclooptripcount' 'speclooptripcount_ln0' <Predicate = true> <Delay = 0.00>
ST_3 : Operation 26 [1/1] (0.00ns)   --->   "%br_ln13952 = br i1 %icmp_ln890_2025, void %.split11, void" [./dut.cpp:13952]   --->   Operation 26 'br' 'br_ln13952' <Predicate = true> <Delay = 0.00>
ST_3 : Operation 27 [1/1] (0.00ns)   --->   "%specloopname_ln13952 = specloopname void @_ssdm_op_SpecLoopName, void @empty_1338" [./dut.cpp:13952]   --->   Operation 27 'specloopname' 'specloopname_ln13952' <Predicate = (!icmp_ln890_2025)> <Delay = 0.00>
ST_3 : Operation 28 [1/1] (0.38ns)   --->   "%br_ln13953 = br void" [./dut.cpp:13953]   --->   Operation 28 'br' 'br_ln13953' <Predicate = (!icmp_ln890_2025)> <Delay = 0.38>
ST_3 : Operation 29 [1/1] (0.00ns)   --->   "%br_ln0 = br void"   --->   Operation 29 'br' 'br_ln0' <Predicate = (icmp_ln890_2025)> <Delay = 0.00>

State 4 <SV = 3> <Delay = 0.70>
ST_4 : Operation 30 [1/1] (0.00ns)   --->   "%c2_V = phi i8 0, void %.split11, i8 %c2_V_203, void"   --->   Operation 30 'phi' 'c2_V' <Predicate = true> <Delay = 0.00>
ST_4 : Operation 31 [1/1] (0.70ns)   --->   "%c2_V_203 = add i8 %c2_V, i8 1"   --->   Operation 31 'add' 'c2_V_203' <Predicate = true> <Delay = 0.70> <CoreInst = "Adder">   --->   Core 1 'Adder' <Latency = 0> <II = 1> <Delay = 0.70> <FuncUnit> <Opcode : 'add' 'sub'> <InPorts = 2> <OutPorts = 1>
ST_4 : Operation 32 [1/1] (0.58ns)   --->   "%icmp_ln13953 = icmp_eq  i8 %c2_V, i8 128" [./dut.cpp:13953]   --->   Operation 32 'icmp' 'icmp_ln13953' <Predicate = true> <Delay = 0.58> <CoreInst = "Cmp">   --->   Core 9 'Cmp' <Latency = 0> <II = 1> <Delay = 0.63> <FuncUnit> <Opcode : 'icmp'> <InPorts = 2> <OutPorts = 1>
ST_4 : Operation 33 [1/1] (0.00ns)   --->   "%speclooptripcount_ln0 = speclooptripcount void @_ssdm_op_SpecLoopTripCount, i64 128, i64 128, i64 128"   --->   Operation 33 'speclooptripcount' 'speclooptripcount_ln0' <Predicate = true> <Delay = 0.00>
ST_4 : Operation 34 [1/1] (0.00ns)   --->   "%br_ln13953 = br i1 %icmp_ln13953, void %.split8, void" [./dut.cpp:13953]   --->   Operation 34 'br' 'br_ln13953' <Predicate = true> <Delay = 0.00>
ST_4 : Operation 35 [1/1] (0.00ns)   --->   "%specloopname_ln13953 = specloopname void @_ssdm_op_SpecLoopName, void @empty_1337" [./dut.cpp:13953]   --->   Operation 35 'specloopname' 'specloopname_ln13953' <Predicate = (!icmp_ln13953)> <Delay = 0.00>
ST_4 : Operation 36 [1/1] (0.38ns)   --->   "%br_ln13956 = br void" [./dut.cpp:13956]   --->   Operation 36 'br' 'br_ln13956' <Predicate = (!icmp_ln13953)> <Delay = 0.38>
ST_4 : Operation 37 [1/1] (0.00ns)   --->   "%br_ln0 = br void"   --->   Operation 37 'br' 'br_ln0' <Predicate = (icmp_ln13953)> <Delay = 0.00>

State 5 <SV = 4> <Delay = 0.57>
ST_5 : Operation 38 [1/1] (0.00ns)   --->   "%c3_V = phi i3 %add_ln691_2357, void, i3 0, void %.split8"   --->   Operation 38 'phi' 'c3_V' <Predicate = true> <Delay = 0.00>
ST_5 : Operation 39 [1/1] (0.57ns)   --->   "%add_ln691_2357 = add i3 %c3_V, i3 1"   --->   Operation 39 'add' 'add_ln691_2357' <Predicate = true> <Delay = 0.57> <CoreInst = "Adder">   --->   Core 1 'Adder' <Latency = 0> <II = 1> <Delay = 0.70> <FuncUnit> <Opcode : 'add' 'sub'> <InPorts = 2> <OutPorts = 1>
ST_5 : Operation 40 [1/1] (0.49ns)   --->   "%icmp_ln890_2026 = icmp_eq  i3 %c3_V, i3 4"   --->   Operation 40 'icmp' 'icmp_ln890_2026' <Predicate = true> <Delay = 0.49> <CoreInst = "Cmp">   --->   Core 9 'Cmp' <Latency = 0> <II = 1> <Delay = 0.63> <FuncUnit> <Opcode : 'icmp'> <InPorts = 2> <OutPorts = 1>
ST_5 : Operation 41 [1/1] (0.00ns)   --->   "%speclooptripcount_ln0 = speclooptripcount void @_ssdm_op_SpecLoopTripCount, i64 4, i64 4, i64 4"   --->   Operation 41 'speclooptripcount' 'speclooptripcount_ln0' <Predicate = true> <Delay = 0.00>
ST_5 : Operation 42 [1/1] (0.00ns)   --->   "%br_ln13956 = br i1 %icmp_ln890_2026, void %.split6, void" [./dut.cpp:13956]   --->   Operation 42 'br' 'br_ln13956' <Predicate = true> <Delay = 0.00>
ST_5 : Operation 43 [1/1] (0.00ns)   --->   "%specloopname_ln13956 = specloopname void @_ssdm_op_SpecLoopName, void @empty_1336" [./dut.cpp:13956]   --->   Operation 43 'specloopname' 'specloopname_ln13956' <Predicate = (!icmp_ln890_2026)> <Delay = 0.00>
ST_5 : Operation 44 [1/1] (0.38ns)   --->   "%br_ln13958 = br void" [./dut.cpp:13958]   --->   Operation 44 'br' 'br_ln13958' <Predicate = (!icmp_ln890_2026)> <Delay = 0.38>
ST_5 : Operation 45 [1/1] (0.00ns)   --->   "%br_ln0 = br void"   --->   Operation 45 'br' 'br_ln0' <Predicate = (icmp_ln890_2026)> <Delay = 0.00>

State 6 <SV = 5> <Delay = 0.70>
ST_6 : Operation 46 [1/1] (0.00ns)   --->   "%c4_V = phi i5 %add_ln691_2358, void, i5 0, void %.split6"   --->   Operation 46 'phi' 'c4_V' <Predicate = true> <Delay = 0.00>
ST_6 : Operation 47 [1/1] (0.70ns)   --->   "%add_ln691_2358 = add i5 %c4_V, i5 1"   --->   Operation 47 'add' 'add_ln691_2358' <Predicate = true> <Delay = 0.70> <CoreInst = "Adder">   --->   Core 1 'Adder' <Latency = 0> <II = 1> <Delay = 0.70> <FuncUnit> <Opcode : 'add' 'sub'> <InPorts = 2> <OutPorts = 1>
ST_6 : Operation 48 [1/1] (0.63ns)   --->   "%icmp_ln890_2027 = icmp_eq  i5 %c4_V, i5 16"   --->   Operation 48 'icmp' 'icmp_ln890_2027' <Predicate = true> <Delay = 0.63> <CoreInst = "Cmp">   --->   Core 9 'Cmp' <Latency = 0> <II = 1> <Delay = 0.63> <FuncUnit> <Opcode : 'icmp'> <InPorts = 2> <OutPorts = 1>
ST_6 : Operation 49 [1/1] (0.00ns)   --->   "%speclooptripcount_ln0 = speclooptripcount void @_ssdm_op_SpecLoopTripCount, i64 16, i64 16, i64 16"   --->   Operation 49 'speclooptripcount' 'speclooptripcount_ln0' <Predicate = true> <Delay = 0.00>
ST_6 : Operation 50 [1/1] (0.00ns)   --->   "%br_ln13958 = br i1 %icmp_ln890_2027, void %.split4, void" [./dut.cpp:13958]   --->   Operation 50 'br' 'br_ln13958' <Predicate = true> <Delay = 0.00>
ST_6 : Operation 51 [1/1] (0.00ns)   --->   "%specloopname_ln13958 = specloopname void @_ssdm_op_SpecLoopName, void @empty_1276" [./dut.cpp:13958]   --->   Operation 51 'specloopname' 'specloopname_ln13958' <Predicate = (!icmp_ln890_2027)> <Delay = 0.00>
ST_6 : Operation 52 [1/1] (0.38ns)   --->   "%br_ln13959 = br void" [./dut.cpp:13959]   --->   Operation 52 'br' 'br_ln13959' <Predicate = (!icmp_ln890_2027)> <Delay = 0.38>
ST_6 : Operation 53 [1/1] (0.00ns)   --->   "%br_ln0 = br void"   --->   Operation 53 'br' 'br_ln0' <Predicate = (icmp_ln890_2027)> <Delay = 0.00>

State 7 <SV = 6> <Delay = 0.43>
ST_7 : Operation 54 [1/1] (0.00ns)   --->   "%c5_V = phi i2 %add_ln691_2359, void, i2 0, void %.split4"   --->   Operation 54 'phi' 'c5_V' <Predicate = true> <Delay = 0.00>
ST_7 : Operation 55 [1/1] (0.43ns)   --->   "%add_ln691_2359 = add i2 %c5_V, i2 1"   --->   Operation 55 'add' 'add_ln691_2359' <Predicate = true> <Delay = 0.43> <CoreInst = "Adder">   --->   Core 1 'Adder' <Latency = 0> <II = 1> <Delay = 0.70> <FuncUnit> <Opcode : 'add' 'sub'> <InPorts = 2> <OutPorts = 1>
ST_7 : Operation 56 [1/1] (0.34ns)   --->   "%icmp_ln890_2028 = icmp_eq  i2 %c5_V, i2 2"   --->   Operation 56 'icmp' 'icmp_ln890_2028' <Predicate = true> <Delay = 0.34> <CoreInst = "Cmp">   --->   Core 9 'Cmp' <Latency = 0> <II = 1> <Delay = 0.63> <FuncUnit> <Opcode : 'icmp'> <InPorts = 2> <OutPorts = 1>
ST_7 : Operation 57 [1/1] (0.00ns)   --->   "%speclooptripcount_ln0 = speclooptripcount void @_ssdm_op_SpecLoopTripCount, i64 2, i64 2, i64 2"   --->   Operation 57 'speclooptripcount' 'speclooptripcount_ln0' <Predicate = true> <Delay = 0.00>
ST_7 : Operation 58 [1/1] (0.00ns)   --->   "%br_ln13959 = br i1 %icmp_ln890_2028, void %.split2, void" [./dut.cpp:13959]   --->   Operation 58 'br' 'br_ln13959' <Predicate = true> <Delay = 0.00>
ST_7 : Operation 59 [1/1] (0.00ns)   --->   "%specloopname_ln13959 = specloopname void @_ssdm_op_SpecLoopName, void @empty_1691" [./dut.cpp:13959]   --->   Operation 59 'specloopname' 'specloopname_ln13959' <Predicate = (!icmp_ln890_2028)> <Delay = 0.00>
ST_7 : Operation 60 [1/1] (0.38ns)   --->   "%br_ln13962 = br void" [./dut.cpp:13962]   --->   Operation 60 'br' 'br_ln13962' <Predicate = (!icmp_ln890_2028)> <Delay = 0.38>
ST_7 : Operation 61 [1/1] (0.00ns)   --->   "%br_ln0 = br void"   --->   Operation 61 'br' 'br_ln0' <Predicate = (icmp_ln890_2028)> <Delay = 0.00>

State 8 <SV = 7> <Delay = 0.70>
ST_8 : Operation 62 [1/1] (0.00ns)   --->   "%c6_V = phi i5 %add_ln691_2360, void %.split, i5 0, void %.split2"   --->   Operation 62 'phi' 'c6_V' <Predicate = true> <Delay = 0.00>
ST_8 : Operation 63 [1/1] (0.70ns)   --->   "%add_ln691_2360 = add i5 %c6_V, i5 1"   --->   Operation 63 'add' 'add_ln691_2360' <Predicate = true> <Delay = 0.70> <CoreInst = "Adder">   --->   Core 1 'Adder' <Latency = 0> <II = 1> <Delay = 0.70> <FuncUnit> <Opcode : 'add' 'sub'> <InPorts = 2> <OutPorts = 1>
ST_8 : Operation 64 [1/1] (0.63ns)   --->   "%icmp_ln890_2029 = icmp_eq  i5 %c6_V, i5 16"   --->   Operation 64 'icmp' 'icmp_ln890_2029' <Predicate = true> <Delay = 0.63> <CoreInst = "Cmp">   --->   Core 9 'Cmp' <Latency = 0> <II = 1> <Delay = 0.63> <FuncUnit> <Opcode : 'icmp'> <InPorts = 2> <OutPorts = 1>
ST_8 : Operation 65 [1/1] (0.00ns)   --->   "%speclooptripcount_ln0 = speclooptripcount void @_ssdm_op_SpecLoopTripCount, i64 16, i64 16, i64 16"   --->   Operation 65 'speclooptripcount' 'speclooptripcount_ln0' <Predicate = true> <Delay = 0.00>
ST_8 : Operation 66 [1/1] (0.00ns)   --->   "%br_ln13962 = br i1 %icmp_ln890_2029, void %.split, void" [./dut.cpp:13962]   --->   Operation 66 'br' 'br_ln13962' <Predicate = true> <Delay = 0.00>
ST_8 : Operation 67 [1/1] (0.00ns)   --->   "%br_ln0 = br void"   --->   Operation 67 'br' 'br_ln0' <Predicate = (icmp_ln890_2029)> <Delay = 0.00>

State 9 <SV = 8> <Delay = 2.43>
ST_9 : Operation 68 [1/1] (0.00ns)   --->   "%specloopname_ln0 = specloopname void @_ssdm_op_SpecLoopName, void @empty_1731" [/home/rcslfpgaserver/Softwares/Xilinx/Vitis_HLS/2020.2/common/technology/autopilot/hls_stream_39.h:0]   --->   Operation 68 'specloopname' 'specloopname_ln0' <Predicate = true> <Delay = 0.00>
ST_9 : Operation 69 [1/1] (1.21ns)   --->   "%tmp = read i512 @_ssdm_op_Read.ap_fifo.volatile.i512P0A, i512 %fifo_A_in" [/home/rcslfpgaserver/Softwares/Xilinx/Vitis_HLS/2020.2/common/technology/autopilot/hls_stream_39.h:145]   --->   Operation 69 'read' 'tmp' <Predicate = true> <Delay = 1.21> <CoreInst = "FIFO_SRL">   --->   Core 81 'FIFO_SRL' <Latency = 0> <II = 1> <Delay = 1.41> <Storage> <Opcode : 'read' 'write' 'nbread' 'nbwrite'> <Ports = 0> <Width = 512> <Depth = 2> <FIFO>
ST_9 : Operation 70 [1/1] (1.21ns)   --->   "%write_ln174 = write void @_ssdm_op_Write.ap_fifo.volatile.i512P0A, i512 %fifo_A_local_out, i512 %tmp" [/home/rcslfpgaserver/Softwares/Xilinx/Vitis_HLS/2020.2/common/technology/autopilot/hls_stream_39.h:174]   --->   Operation 70 'write' 'write_ln174' <Predicate = true> <Delay = 1.21> <CoreInst = "FIFO_SRL">   --->   Core 81 'FIFO_SRL' <Latency = 0> <II = 1> <Delay = 1.41> <Storage> <Opcode : 'read' 'write' 'nbread' 'nbwrite'> <Ports = 0> <Width = 512> <Depth = 2> <FIFO>
ST_9 : Operation 71 [1/1] (0.00ns)   --->   "%br_ln0 = br void"   --->   Operation 71 'br' 'br_ln0' <Predicate = true> <Delay = 0.00>


============================================================
+ Verbose Summary: Timing violations
============================================================
Target clock period: 3.33ns, clock uncertainty: 0.9ns.

 <State 1>: 0.387ns
The critical path consists of the following:
	multiplexor before 'phi' operation ('c0.V') with incoming values : ('add_ln691') [8]  (0.387 ns)

 <State 2>: 0.572ns
The critical path consists of the following:
	'phi' operation ('c0.V') with incoming values : ('add_ln691') [8]  (0 ns)
	'add' operation ('add_ln691') [9]  (0.572 ns)

 <State 3>: 0.572ns
The critical path consists of the following:
	'phi' operation ('c1.V') with incoming values : ('add_ln691_2355') [17]  (0 ns)
	'add' operation ('add_ln691_2355') [18]  (0.572 ns)

 <State 4>: 0.705ns
The critical path consists of the following:
	'phi' operation ('c2.V') with incoming values : ('c2.V') [26]  (0 ns)
	'add' operation ('c2.V') [27]  (0.705 ns)

 <State 5>: 0.572ns
The critical path consists of the following:
	'phi' operation ('c3.V') with incoming values : ('add_ln691_2357') [35]  (0 ns)
	'add' operation ('add_ln691_2357') [36]  (0.572 ns)

 <State 6>: 0.707ns
The critical path consists of the following:
	'phi' operation ('c4.V') with incoming values : ('add_ln691_2358') [44]  (0 ns)
	'add' operation ('add_ln691_2358') [45]  (0.707 ns)

 <State 7>: 0.436ns
The critical path consists of the following:
	'phi' operation ('c5.V') with incoming values : ('add_ln691_2359') [53]  (0 ns)
	'add' operation ('add_ln691_2359') [54]  (0.436 ns)

 <State 8>: 0.707ns
The critical path consists of the following:
	'phi' operation ('c6.V') with incoming values : ('add_ln691_2360') [62]  (0 ns)
	'add' operation ('add_ln691_2360') [63]  (0.707 ns)

 <State 9>: 2.43ns
The critical path consists of the following:
	fifo read on port 'fifo_A_in' (/home/rcslfpgaserver/Softwares/Xilinx/Vitis_HLS/2020.2/common/technology/autopilot/hls_stream_39.h:145) [69]  (1.22 ns)
	fifo write on port 'fifo_A_local_out' (/home/rcslfpgaserver/Softwares/Xilinx/Vitis_HLS/2020.2/common/technology/autopilot/hls_stream_39.h:174) [70]  (1.22 ns)


============================================================
+ Verbose Summary: Binding
============================================================
N/A
* FSMD analyzer results:
  - Output states:
 - Input state : 
  - Chain level:
	State 1
	State 2
	State 3
	State 4
	State 5
	State 6
	State 7
	State 8
	State 9


============================================================
+ Verbose Summary: Datapath Resource usage 
============================================================
N/A
