

================================================================
== Vitis HLS Report for 'B_IO_L2_in_boundary_x0'
================================================================
* Date:           Fri Sep 16 06:03:03 2022

* Version:        2020.2 (Build 3064766 on Wed Nov 18 09:12:47 MST 2020)
* Project:        top
* Solution:       solution (Vitis Kernel Flow Target)
* Product family: virtexuplus
* Target device:  xcu250-figd2104-2L-e


================================================================
== Performance Estimates
================================================================
+ Timing: 
    * Summary: 
    +--------+---------+----------+------------+
    |  Clock |  Target | Estimated| Uncertainty|
    +--------+---------+----------+------------+
    |ap_clk  |  3.33 ns|  2.417 ns|     0.90 ns|
    +--------+---------+----------+------------+

+ Latency: 
    * Summary: 
    +---------+----------+-----------+-----------+-------+----------+---------+
    |  Latency (cycles)  |   Latency (absolute)  |     Interval     | Pipeline|
    |   min   |    max   |    min    |    max    |  min  |    max   |   Type  |
    +---------+----------+-----------+-----------+-------+----------+---------+
    |    21507|  25402371|  71.683 us|  84.666 ms|  21507|  25402371|     none|
    +---------+----------+-----------+-----------+-------+----------+---------+

    + Detail: 
        * Instance: 
        N/A

        * Loop: 
        +------------------------------------------------------------------------------------------------+---------+----------+----------+-----------+-----------+------+----------+
        |                                                                                                |  Latency (cycles)  | Iteration|  Initiation Interval  | Trip |          |
        |                                            Loop Name                                           |   min   |    max   |  Latency |  achieved |   target  | Count| Pipelined|
        +------------------------------------------------------------------------------------------------+---------+----------+----------+-----------+-----------+------+----------+
        |- B_IO_L2_in_boundary_x0_loop_1_B_IO_L2_in_boundary_x0_loop_2_B_IO_L2_in_boundary_x0_loop_3     |    12288|  25393152|  4 ~ 8266|          -|          -|  3072|        no|
        | + B_IO_L2_in_boundary_x0_loop_5                                                                |        4|         4|         2|          2|          2|     2|       yes|
        | + B_IO_L2_in_boundary_x0_loop_6_B_IO_L2_in_boundary_x0_loop_7                                  |     8256|      8256|       129|        129|        129|    64|       yes|
        | + B_IO_L2_in_boundary_x0_loop_12                                                               |        4|         4|         2|          2|          2|     2|       yes|
        | + B_IO_L2_in_boundary_x0_loop_13_B_IO_L2_in_boundary_x0_loop_14                                |     8256|      8256|       129|        129|        129|    64|       yes|
        |- B_IO_L2_in_boundary_x0_loop_18_B_IO_L2_in_boundary_x0_loop_19_B_IO_L2_in_boundary_x0_loop_20  |     9216|      9216|        18|         18|         82|   512|       yes|
        +------------------------------------------------------------------------------------------------+---------+----------+----------+-----------+-----------+------+----------+



================================================================
== Utilization Estimates
================================================================
* Summary: 
+---------------------+---------+-------+---------+---------+------+
|         Name        | BRAM_18K|  DSP  |    FF   |   LUT   | URAM |
+---------------------+---------+-------+---------+---------+------+
|DSP                  |        -|      -|        -|        -|     -|
|Expression           |        -|      -|        0|      465|     -|
|FIFO                 |        -|      -|        -|        -|     -|
|Instance             |        -|      -|        0|       43|     -|
|Memory               |       16|      -|        0|        0|     -|
|Multiplexer          |        -|      -|        -|     1819|     -|
|Register             |        -|      -|     1014|        -|     -|
+---------------------+---------+-------+---------+---------+------+
|Total                |       16|      0|     1014|     2327|     0|
+---------------------+---------+-------+---------+---------+------+
|Available SLR        |     1344|   3072|   864000|   432000|   320|
+---------------------+---------+-------+---------+---------+------+
|Utilization SLR (%)  |        1|      0|       ~0|       ~0|     0|
+---------------------+---------+-------+---------+---------+------+
|Available            |     5376|  12288|  3456000|  1728000|  1280|
+---------------------+---------+-------+---------+---------+------+
|Utilization (%)      |       ~0|      0|       ~0|       ~0|     0|
+---------------------+---------+-------+---------+---------+------+

+ Detail: 
    * Instance: 
    +-------------------+---------------+---------+----+---+----+-----+
    |      Instance     |     Module    | BRAM_18K| DSP| FF| LUT| URAM|
    +-------------------+---------------+---------+----+---+----+-----+
    |mux_83_32_1_1_U62  |mux_83_32_1_1  |        0|   0|  0|  43|    0|
    +-------------------+---------------+---------+----+---+----+-----+
    |Total              |               |        0|   0|  0|  43|    0|
    +-------------------+---------------+---------+----+---+----+-----+

    * DSP: 
    N/A

    * Memory: 
    +------------------+--------------------------------+---------+---+----+-----+------+-----+------+-------------+
    |      Memory      |             Module             | BRAM_18K| FF| LUT| URAM| Words| Bits| Banks| W*Bits*Banks|
    +------------------+--------------------------------+---------+---+----+-----+------+-----+------+-------------+
    |local_B_ping_V_U  |B_IO_L2_in_0_x0_local_B_ping_V  |        8|  0|   0|    0|     2|  256|     1|          512|
    |local_B_pong_V_U  |B_IO_L2_in_0_x0_local_B_ping_V  |        8|  0|   0|    0|     2|  256|     1|          512|
    +------------------+--------------------------------+---------+---+----+-----+------+-----+------+-------------+
    |Total             |                                |       16|  0|   0|    0|     4|  512|     2|         1024|
    +------------------+--------------------------------+---------+---+----+-----+------+-----+------+-------------+

    * FIFO: 
    N/A

    * Expression: 
    +--------------------------------+----------+----+---+----+------------+------------+
    |          Variable Name         | Operation| DSP| FF| LUT| Bitwidth P0| Bitwidth P1|
    +--------------------------------+----------+----+---+----+------------+------------+
    |add_ln691_1484_fu_928_p2        |         +|   0|  0|   9|           2|           1|
    |add_ln691_1485_fu_989_p2        |         +|   0|  0|  12|           4|           1|
    |add_ln691_1486_fu_773_p2        |         +|   0|  0|   9|           2|           1|
    |add_ln691_1487_fu_664_p2        |         +|   0|  0|   9|           2|           1|
    |add_ln691_1488_fu_802_p2        |         +|   0|  0|   9|           2|           1|
    |add_ln691_1489_fu_827_p2        |         +|   0|  0|  13|           6|           1|
    |add_ln691_1490_fu_693_p2        |         +|   0|  0|   9|           2|           1|
    |add_ln691_1491_fu_718_p2        |         +|   0|  0|  13|           6|           1|
    |add_ln691_1492_fu_742_p2        |         +|   0|  0|  15|           8|           1|
    |add_ln691_fu_601_p2             |         +|   0|  0|  10|           3|           1|
    |add_ln890_318_fu_916_p2         |         +|   0|  0|  17|          10|           1|
    |add_ln890_319_fu_790_p2         |         +|   0|  0|  14|           7|           1|
    |add_ln890_320_fu_681_p2         |         +|   0|  0|  14|           7|           1|
    |add_ln890_321_fu_760_p2         |         +|   0|  0|  18|          11|           1|
    |add_ln890_322_fu_522_p2         |         +|   0|  0|  19|          12|           1|
    |add_ln890_fu_995_p2             |         +|   0|  0|  17|          10|           1|
    |add_i_i579_cast_fu_536_p2       |         -|   0|  0|  13|           6|           6|
    |add_i_i579_cast_mid1_fu_637_p2  |         -|   0|  0|  13|           6|           6|
    |and_ln2789_1_fu_584_p2          |       and|   0|  0|   2|           1|           1|
    |and_ln2789_2_fu_595_p2          |       and|   0|  0|   2|           1|           1|
    |and_ln2789_fu_578_p2            |       and|   0|  0|   2|           1|           1|
    |and_ln2790_fu_623_p2            |       and|   0|  0|   2|           1|           1|
    |and_ln890_fu_965_p2             |       and|   0|  0|   2|           1|           1|
    |cmp_i_i565_fu_542_p2            |      icmp|   0|  0|  10|           6|           3|
    |cmp_i_i565_mid1_fu_643_p2       |      icmp|   0|  0|  10|           6|           3|
    |icmp_ln2791_fu_589_p2           |      icmp|   0|  0|  11|           8|           9|
    |icmp_ln890106_fu_554_p2         |      icmp|   0|  0|  11|          11|          10|
    |icmp_ln890_1553_fu_922_p2       |      icmp|   0|  0|  11|          10|          11|
    |icmp_ln890_1554_fu_934_p2       |      icmp|   0|  0|  11|          10|           9|
    |icmp_ln890_1555_fu_959_p2       |      icmp|   0|  0|   9|           4|           5|
    |icmp_ln890_1556_fu_779_p2       |      icmp|   0|  0|   8|           2|           3|
    |icmp_ln890_1557_fu_670_p2       |      icmp|   0|  0|   8|           2|           3|
    |icmp_ln890_1558_fu_796_p2       |      icmp|   0|  0|  11|           7|           8|
    |icmp_ln890_1559_fu_687_p2       |      icmp|   0|  0|  11|           7|           8|
    |icmp_ln890_1560_fu_808_p2       |      icmp|   0|  0|  10|           6|           7|
    |icmp_ln890_1561_fu_699_p2       |      icmp|   0|  0|  10|           6|           7|
    |icmp_ln890_fu_548_p2            |      icmp|   0|  0|  12|          12|          12|
    |ap_block_state1                 |        or|   0|  0|   2|           1|           1|
    |or_ln2789_fu_568_p2             |        or|   0|  0|   2|           1|           1|
    |or_ln2790_1_fu_618_p2           |        or|   0|  0|   2|           1|           1|
    |or_ln2790_fu_606_p2             |        or|   0|  0|   2|           1|           1|
    |or_ln2922_fu_971_p2             |        or|   0|  0|   2|           1|           1|
    |or_ln691_fu_748_p2              |        or|   0|  0|   2|           1|           1|
    |c2_V_102_fu_752_p3              |    select|   0|  0|   8|           1|           1|
    |select_ln2789_fu_560_p3         |    select|   0|  0|   3|           1|           1|
    |select_ln2790_fu_649_p3         |    select|   0|  0|   2|           1|           1|
    |select_ln2922_fu_977_p3         |    select|   0|  0|   4|           1|           1|
    |select_ln691_3_fu_724_p3        |    select|   0|  0|   6|           1|           1|
    |select_ln691_fu_833_p3          |    select|   0|  0|   6|           1|           1|
    |select_ln890_518_fu_940_p3      |    select|   0|  0|   2|           1|           2|
    |select_ln890_519_fu_1001_p3     |    select|   0|  0|  10|           1|           1|
    |select_ln890_520_fu_814_p3      |    select|   0|  0|   2|           1|           2|
    |select_ln890_521_fu_705_p3      |    select|   0|  0|   2|           1|           2|
    |select_ln890_522_fu_766_p3      |    select|   0|  0|  11|           1|           1|
    |select_ln890_fu_657_p3          |    select|   0|  0|   3|           1|           3|
    |arb_fu_737_p2                   |       xor|   0|  0|   2|           2|           1|
    |xor_ln2789_fu_573_p2            |       xor|   0|  0|   2|           1|           2|
    |xor_ln2790_fu_612_p2            |       xor|   0|  0|   2|           1|           2|
    |xor_ln890_fu_953_p2             |       xor|   0|  0|   2|           1|           2|
    +--------------------------------+----------+----+---+----+------------+------------+
    |Total                           |          |   0|  0| 465|         231|         161|
    +--------------------------------+----------+----+---+----+------------+------------+

    * Multiplexer: 
    +--------------------------------+------+-----------+-----+-----------+
    |              Name              |  LUT | Input Size| Bits| Total Bits|
    +--------------------------------+------+-----------+-----+-----------+
    |ap_NS_fsm                       |  1528|        288|    1|        288|
    |ap_done                         |     9|          2|    1|          2|
    |arb_18_reg_294                  |     9|          2|    1|          2|
    |c1_V_reg_269                    |     9|          2|    3|          6|
    |c2_V_reg_306                    |     9|          2|    8|         16|
    |c4_V_60_reg_318                 |     9|          2|    2|          4|
    |c4_V_reg_363                    |     9|          2|    2|          4|
    |c5_V_109_reg_386                |     9|          2|    2|          4|
    |c5_V_110_reg_341                |     9|          2|    2|          4|
    |c5_V_reg_419                    |     9|          2|    2|          4|
    |c6_V_160_reg_352                |     9|          2|    6|         12|
    |c6_V_reg_397                    |     9|          2|    6|         12|
    |c7_V_reg_441                    |     9|          2|    4|          8|
    |fifo_B_B_IO_L2_in_7_x016_blk_n  |     9|          2|    1|          2|
    |fifo_B_PE_0_7_x096_blk_n        |     9|          2|    1|          2|
    |fifo_B_PE_0_7_x096_din          |    97|         20|   32|        640|
    |indvar_flatten17_reg_257        |     9|          2|   11|         22|
    |indvar_flatten39_reg_246        |     9|          2|   12|         24|
    |indvar_flatten47_reg_430        |     9|          2|   10|         20|
    |indvar_flatten60_reg_408        |     9|          2|   10|         20|
    |indvar_flatten9_reg_375         |     9|          2|    7|         14|
    |indvar_flatten_reg_330          |     9|          2|    7|         14|
    |local_B_ping_V_address0         |    14|          3|    1|          3|
    +--------------------------------+------+-----------+-----+-----------+
    |Total                           |  1819|        351|  132|       1127|
    +--------------------------------+------+-----------+-----+-----------+

    * Register: 
    +------------------------------+-----+----+-----+-----------+
    |             Name             |  FF | LUT| Bits| Const Bits|
    +------------------------------+-----+----+-----+-----------+
    |add_ln691_1485_reg_1266       |    4|   0|    4|          0|
    |add_ln691_1486_reg_1172       |    2|   0|    2|          0|
    |add_ln691_1487_reg_1086       |    2|   0|    2|          0|
    |add_ln890_318_reg_1243        |   10|   0|   10|          0|
    |add_ln890_319_reg_1180        |    7|   0|    7|          0|
    |add_ln890_320_reg_1094        |    7|   0|    7|          0|
    |add_ln890_322_reg_1034        |   12|   0|   12|          0|
    |and_ln2789_2_reg_1063         |    1|   0|    1|          0|
    |and_ln2790_reg_1072           |    1|   0|    1|          0|
    |ap_CS_fsm                     |  287|   0|  287|          0|
    |ap_done_reg                   |    1|   0|    1|          0|
    |arb_18_reg_294                |    1|   0|    1|          0|
    |c1_V_reg_269                  |    3|   0|    3|          0|
    |c2_V_reg_306                  |    8|   0|    8|          0|
    |c4_V_60_reg_318               |    2|   0|    2|          0|
    |c4_V_reg_363                  |    2|   0|    2|          0|
    |c5_V_109_reg_386              |    2|   0|    2|          0|
    |c5_V_110_reg_341              |    2|   0|    2|          0|
    |c5_V_reg_419                  |    2|   0|    2|          0|
    |c6_V_160_reg_352              |    6|   0|    6|          0|
    |c6_V_reg_397                  |    6|   0|    6|          0|
    |c7_V_reg_441                  |    4|   0|    4|          0|
    |cmp_i_i565_reg_1039           |    1|   0|    1|          0|
    |empty_reg_1261                |    3|   0|    3|          0|
    |icmp_ln890106_reg_1048        |    1|   0|    1|          0|
    |indvar_flatten17_reg_257      |   11|   0|   11|          0|
    |indvar_flatten39_reg_246      |   12|   0|   12|          0|
    |indvar_flatten47_reg_430      |   10|   0|   10|          0|
    |indvar_flatten60_reg_408      |   10|   0|   10|          0|
    |indvar_flatten9_reg_375       |    7|   0|    7|          0|
    |indvar_flatten_reg_330        |    7|   0|    7|          0|
    |intra_trans_en_reg_280        |    1|   0|    1|          0|
    |or_ln2790_reg_1068            |    1|   0|    1|          0|
    |p_Result_0_0_1_reg_1122       |   32|   0|   32|          0|
    |p_Result_0_0_2_reg_1127       |   32|   0|   32|          0|
    |p_Result_0_0_3_reg_1132       |   32|   0|   32|          0|
    |p_Result_0_0_4_reg_1137       |   32|   0|   32|          0|
    |p_Result_0_0_5_reg_1142       |   32|   0|   32|          0|
    |p_Result_0_0_6_reg_1147       |   32|   0|   32|          0|
    |p_Result_0_0_7_reg_1152       |   32|   0|   32|          0|
    |p_Result_4497_0_0_1_reg_1208  |   32|   0|   32|          0|
    |p_Result_4497_0_0_2_reg_1213  |   32|   0|   32|          0|
    |p_Result_4497_0_0_3_reg_1218  |   32|   0|   32|          0|
    |p_Result_4497_0_0_4_reg_1223  |   32|   0|   32|          0|
    |p_Result_4497_0_0_5_reg_1228  |   32|   0|   32|          0|
    |p_Result_4497_0_0_6_reg_1233  |   32|   0|   32|          0|
    |p_Result_4497_0_0_7_reg_1238  |   32|   0|   32|          0|
    |select_ln2789_reg_1057        |    3|   0|    3|          0|
    |select_ln691_3_reg_1112       |    6|   0|    6|          0|
    |select_ln691_reg_1198         |    6|   0|    6|          0|
    |select_ln890_518_reg_1251     |    2|   0|    2|          0|
    |select_ln890_519_reg_1271     |   10|   0|   10|          0|
    |select_ln890_520_reg_1188     |    2|   0|    2|          0|
    |select_ln890_521_reg_1102     |    2|   0|    2|          0|
    |select_ln890_reg_1081         |    3|   0|    3|          0|
    |tmp_s_reg_1276                |   32|   0|   32|          0|
    |trunc_ln674_2_reg_1117        |   32|   0|   32|          0|
    |trunc_ln674_reg_1203          |   32|   0|   32|          0|
    +------------------------------+-----+----+-----+-----------+
    |Total                         | 1014|   0| 1014|          0|
    +------------------------------+-----+----+-----+-----------+



================================================================
== Interface
================================================================
* Summary: 
+----------------------------------+-----+-----+------------+--------------------------+--------------+
|             RTL Ports            | Dir | Bits|  Protocol  |       Source Object      |    C Type    |
+----------------------------------+-----+-----+------------+--------------------------+--------------+
|ap_clk                            |   in|    1|  ap_ctrl_hs|    B_IO_L2_in_boundary_x0|  return value|
|ap_rst                            |   in|    1|  ap_ctrl_hs|    B_IO_L2_in_boundary_x0|  return value|
|ap_start                          |   in|    1|  ap_ctrl_hs|    B_IO_L2_in_boundary_x0|  return value|
|ap_done                           |  out|    1|  ap_ctrl_hs|    B_IO_L2_in_boundary_x0|  return value|
|ap_continue                       |   in|    1|  ap_ctrl_hs|    B_IO_L2_in_boundary_x0|  return value|
|ap_idle                           |  out|    1|  ap_ctrl_hs|    B_IO_L2_in_boundary_x0|  return value|
|ap_ready                          |  out|    1|  ap_ctrl_hs|    B_IO_L2_in_boundary_x0|  return value|
|fifo_B_B_IO_L2_in_7_x016_dout     |   in|  256|     ap_fifo|  fifo_B_B_IO_L2_in_7_x016|       pointer|
|fifo_B_B_IO_L2_in_7_x016_empty_n  |   in|    1|     ap_fifo|  fifo_B_B_IO_L2_in_7_x016|       pointer|
|fifo_B_B_IO_L2_in_7_x016_read     |  out|    1|     ap_fifo|  fifo_B_B_IO_L2_in_7_x016|       pointer|
|fifo_B_PE_0_7_x096_din            |  out|   32|     ap_fifo|        fifo_B_PE_0_7_x096|       pointer|
|fifo_B_PE_0_7_x096_full_n         |   in|    1|     ap_fifo|        fifo_B_PE_0_7_x096|       pointer|
|fifo_B_PE_0_7_x096_write          |  out|    1|     ap_fifo|        fifo_B_PE_0_7_x096|       pointer|
+----------------------------------+-----+-----+------------+--------------------------+--------------+

