

================================================================
== Vitis HLS Report for 'D_drain_IO_L2_out_1_x1'
================================================================
* Date:           Fri Sep 16 06:05:45 2022

* Version:        2020.2 (Build 3064766 on Wed Nov 18 09:12:47 MST 2020)
* Project:        top
* Solution:       solution (Vitis Kernel Flow Target)
* Product family: virtexuplus
* Target device:  xcu250-figd2104-2L-e


================================================================
== Performance Estimates
================================================================
+ Timing: 
    * Summary: 
    +--------+---------+----------+------------+
    |  Clock |  Target | Estimated| Uncertainty|
    +--------+---------+----------+------------+
    |ap_clk  |  3.33 ns|  2.433 ns|     0.90 ns|
    +--------+---------+----------+------------+

+ Latency: 
    * Summary: 
    +---------+---------+-----------+----------+-------+-------+---------+
    |  Latency (cycles) |  Latency (absolute)  |    Interval   | Pipeline|
    |   min   |   max   |    min    |    max   |  min  |  max  |   Type  |
    +---------+---------+-----------+----------+-------+-------+---------+
    |    18969|    75705|  63.224 us|  0.252 ms|  18969|  75705|     none|
    +---------+---------+-----------+----------+-------+-------+---------+

    + Detail: 
        * Instance: 
        N/A

        * Loop: 
        +------------------------------------------+---------+---------+--------------+-----------+-----------+-------+----------+
        |                                          |  Latency (cycles) |   Iteration  |  Initiation Interval  |  Trip |          |
        |                 Loop Name                |   min   |   max   |    Latency   |  achieved |   target  | Count | Pipelined|
        +------------------------------------------+---------+---------+--------------+-----------+-----------+-------+----------+
        |- D_drain_IO_L2_out_1_x1_loop_1           |    18968|    75704|  4742 ~ 18926|          -|          -|      4|        no|
        | + D_drain_IO_L2_out_1_x1_loop_2          |     4740|    18924|    790 ~ 3154|          -|          -|      6|        no|
        |  ++ D_drain_IO_L2_out_1_x1_loop_3        |      788|     3152|           394|          -|          -|  2 ~ 8|        no|
        |   +++ D_drain_IO_L2_out_1_x1_loop_4      |      392|      392|            98|          -|          -|      4|        no|
        |    ++++ D_drain_IO_L2_out_1_x1_loop_5    |       96|       96|             6|          -|          -|     16|        no|
        |     +++++ D_drain_IO_L2_out_1_x1_loop_6  |        4|        4|             2|          -|          -|      2|        no|
        |   +++ D_drain_IO_L2_out_1_x1_loop_7      |      392|      392|            98|          -|          -|      4|        no|
        |    ++++ D_drain_IO_L2_out_1_x1_loop_8    |       96|       96|             6|          -|          -|     16|        no|
        |     +++++ D_drain_IO_L2_out_1_x1_loop_9  |        4|        4|             2|          -|          -|      2|        no|
        +------------------------------------------+---------+---------+--------------+-----------+-----------+-------+----------+



================================================================
== Utilization Estimates
================================================================
* Summary: 
+---------------------+---------+-------+---------+---------+------+
|         Name        | BRAM_18K|  DSP  |    FF   |   LUT   | URAM |
+---------------------+---------+-------+---------+---------+------+
|DSP                  |        -|      -|        -|        -|     -|
|Expression           |        -|      -|        0|      203|     -|
|FIFO                 |        -|      -|        -|        -|     -|
|Instance             |        -|      -|        -|        -|     -|
|Memory               |        -|      -|        -|        -|     -|
|Multiplexer          |        -|      -|        -|      196|     -|
|Register             |        -|      -|       72|        -|     -|
+---------------------+---------+-------+---------+---------+------+
|Total                |        0|      0|       72|      399|     0|
+---------------------+---------+-------+---------+---------+------+
|Available SLR        |     1344|   3072|   864000|   432000|   320|
+---------------------+---------+-------+---------+---------+------+
|Utilization SLR (%)  |        0|      0|       ~0|       ~0|     0|
+---------------------+---------+-------+---------+---------+------+
|Available            |     5376|  12288|  3456000|  1728000|  1280|
+---------------------+---------+-------+---------+---------+------+
|Utilization (%)      |        0|      0|       ~0|       ~0|     0|
+---------------------+---------+-------+---------+---------+------+

+ Detail: 
    * Instance: 
    N/A

    * DSP: 
    N/A

    * Memory: 
    N/A

    * FIFO: 
    N/A

    * Expression: 
    +---------------------------+----------+----+---+----+------------+------------+
    |       Variable Name       | Operation| DSP| FF| LUT| Bitwidth P0| Bitwidth P1|
    +---------------------------+----------+----+---+----+------------+------------+
    |add_ln691_473_fu_223_p2    |         +|   0|  0|  10|           3|           1|
    |add_ln691_474_fu_284_p2    |         +|   0|  0|  10|           3|           1|
    |add_ln691_475_fu_272_p2    |         +|   0|  0|  10|           3|           1|
    |add_ln691_476_fu_326_p2    |         +|   0|  0|  12|           5|           1|
    |add_ln691_477_fu_338_p2    |         +|   0|  0|   9|           2|           1|
    |add_ln691_478_fu_302_p2    |         +|   0|  0|  12|           5|           1|
    |add_ln691_479_fu_314_p2    |         +|   0|  0|   9|           2|           1|
    |add_ln691_fu_211_p2        |         +|   0|  0|  10|           3|           1|
    |c3_13_fu_296_p2            |         +|   0|  0|  12|           4|           1|
    |add_i_i100_cast_fu_243_p2  |         -|   0|  0|  13|           6|           6|
    |icmp_ln26116_fu_266_p2     |      icmp|   0|  0|   9|           4|           1|
    |icmp_ln886_fu_261_p2       |      icmp|   0|  0|  10|           6|           6|
    |icmp_ln890_522_fu_229_p2   |      icmp|   0|  0|   8|           3|           3|
    |icmp_ln890_523_fu_290_p2   |      icmp|   0|  0|   9|           3|           4|
    |icmp_ln890_524_fu_278_p2   |      icmp|   0|  0|   9|           3|           4|
    |icmp_ln890_525_fu_332_p2   |      icmp|   0|  0|  10|           5|           6|
    |icmp_ln890_526_fu_308_p2   |      icmp|   0|  0|  10|           5|           6|
    |icmp_ln890_527_fu_344_p2   |      icmp|   0|  0|   8|           2|           3|
    |icmp_ln890_528_fu_320_p2   |      icmp|   0|  0|   8|           2|           3|
    |icmp_ln890_fu_217_p2       |      icmp|   0|  0|   9|           3|           4|
    |ap_block_state1            |        or|   0|  0|   2|           1|           1|
    |ap_block_state11           |        or|   0|  0|   2|           1|           1|
    |ap_block_state8            |        or|   0|  0|   2|           1|           1|
    +---------------------------+----------+----+---+----+------------+------------+
    |Total                      |          |   0|  0| 203|          75|          58|
    +---------------------------+----------+----+---+----+------------+------------+

    * Multiplexer: 
    +------------------------------------------------+----+-----------+-----+-----------+
    |                      Name                      | LUT| Input Size| Bits| Total Bits|
    +------------------------------------------------+----+-----------+-----+-----------+
    |ap_NS_fsm                                       |  65|         12|    1|         12|
    |ap_done                                         |   9|          2|    1|          2|
    |c0_V_reg_111                                    |   9|          2|    3|          6|
    |c1_V_reg_122                                    |   9|          2|    3|          6|
    |c3_reg_133                                      |   9|          2|    4|          8|
    |c4_V_11_reg_145                                 |   9|          2|    3|          6|
    |c4_V_reg_156                                    |   9|          2|    3|          6|
    |c5_V_11_reg_167                                 |   9|          2|    5|         10|
    |c5_V_reg_189                                    |   9|          2|    5|         10|
    |c6_V_75_reg_178                                 |   9|          2|    2|          4|
    |c6_V_reg_200                                    |   9|          2|    2|          4|
    |fifo_D_drain_D_drain_IO_L1_out_1_0_x1177_blk_n  |   9|          2|    1|          2|
    |fifo_D_drain_D_drain_IO_L2_out_1_x1206_blk_n    |   9|          2|    1|          2|
    |fifo_D_drain_D_drain_IO_L2_out_1_x1206_din      |  14|          3|  128|        384|
    |fifo_D_drain_D_drain_IO_L2_out_2_x1207_blk_n    |   9|          2|    1|          2|
    +------------------------------------------------+----+-----------+-----+-----------+
    |Total                                           | 196|         41|  163|        464|
    +------------------------------------------------+----+-----------+-----+-----------+

    * Register: 
    +-------------------------+----+----+-----+-----------+
    |           Name          | FF | LUT| Bits| Const Bits|
    +-------------------------+----+----+-----+-----------+
    |add_i_i100_cast_reg_366  |   3|   0|    6|          3|
    |add_ln691_473_reg_358    |   3|   0|    3|          0|
    |add_ln691_474_reg_389    |   3|   0|    3|          0|
    |add_ln691_475_reg_381    |   3|   0|    3|          0|
    |add_ln691_476_reg_418    |   5|   0|    5|          0|
    |add_ln691_477_reg_426    |   2|   0|    2|          0|
    |add_ln691_478_reg_402    |   5|   0|    5|          0|
    |add_ln691_479_reg_410    |   2|   0|    2|          0|
    |add_ln691_reg_350        |   3|   0|    3|          0|
    |ap_CS_fsm                |  11|   0|   11|          0|
    |ap_done_reg              |   1|   0|    1|          0|
    |c0_V_reg_111             |   3|   0|    3|          0|
    |c1_V_reg_122             |   3|   0|    3|          0|
    |c3_reg_133               |   4|   0|    4|          0|
    |c4_V_11_reg_145          |   3|   0|    3|          0|
    |c4_V_reg_156             |   3|   0|    3|          0|
    |c5_V_11_reg_167          |   5|   0|    5|          0|
    |c5_V_reg_189             |   5|   0|    5|          0|
    |c6_V_75_reg_178          |   2|   0|    2|          0|
    |c6_V_reg_200             |   2|   0|    2|          0|
    |icmp_ln26116_reg_377     |   1|   0|    1|          0|
    +-------------------------+----+----+-----+-----------+
    |Total                    |  72|   0|   75|          3|
    +-------------------------+----+----+-----+-----------+



================================================================
== Interface
================================================================
* Summary: 
+--------------------------------------------------+-----+-----+------------+------------------------------------------+--------------+
|                     RTL Ports                    | Dir | Bits|  Protocol  |               Source Object              |    C Type    |
+--------------------------------------------------+-----+-----+------------+------------------------------------------+--------------+
|ap_clk                                            |   in|    1|  ap_ctrl_hs|                    D_drain_IO_L2_out_1_x1|  return value|
|ap_rst                                            |   in|    1|  ap_ctrl_hs|                    D_drain_IO_L2_out_1_x1|  return value|
|ap_start                                          |   in|    1|  ap_ctrl_hs|                    D_drain_IO_L2_out_1_x1|  return value|
|ap_done                                           |  out|    1|  ap_ctrl_hs|                    D_drain_IO_L2_out_1_x1|  return value|
|ap_continue                                       |   in|    1|  ap_ctrl_hs|                    D_drain_IO_L2_out_1_x1|  return value|
|ap_idle                                           |  out|    1|  ap_ctrl_hs|                    D_drain_IO_L2_out_1_x1|  return value|
|ap_ready                                          |  out|    1|  ap_ctrl_hs|                    D_drain_IO_L2_out_1_x1|  return value|
|fifo_D_drain_D_drain_IO_L2_out_2_x1207_dout       |   in|  128|     ap_fifo|    fifo_D_drain_D_drain_IO_L2_out_2_x1207|       pointer|
|fifo_D_drain_D_drain_IO_L2_out_2_x1207_empty_n    |   in|    1|     ap_fifo|    fifo_D_drain_D_drain_IO_L2_out_2_x1207|       pointer|
|fifo_D_drain_D_drain_IO_L2_out_2_x1207_read       |  out|    1|     ap_fifo|    fifo_D_drain_D_drain_IO_L2_out_2_x1207|       pointer|
|fifo_D_drain_D_drain_IO_L2_out_1_x1206_din        |  out|  128|     ap_fifo|    fifo_D_drain_D_drain_IO_L2_out_1_x1206|       pointer|
|fifo_D_drain_D_drain_IO_L2_out_1_x1206_full_n     |   in|    1|     ap_fifo|    fifo_D_drain_D_drain_IO_L2_out_1_x1206|       pointer|
|fifo_D_drain_D_drain_IO_L2_out_1_x1206_write      |  out|    1|     ap_fifo|    fifo_D_drain_D_drain_IO_L2_out_1_x1206|       pointer|
|fifo_D_drain_D_drain_IO_L1_out_1_0_x1177_dout     |   in|  128|     ap_fifo|  fifo_D_drain_D_drain_IO_L1_out_1_0_x1177|       pointer|
|fifo_D_drain_D_drain_IO_L1_out_1_0_x1177_empty_n  |   in|    1|     ap_fifo|  fifo_D_drain_D_drain_IO_L1_out_1_0_x1177|       pointer|
|fifo_D_drain_D_drain_IO_L1_out_1_0_x1177_read     |  out|    1|     ap_fifo|  fifo_D_drain_D_drain_IO_L1_out_1_0_x1177|       pointer|
+--------------------------------------------------+-----+-----+------------+------------------------------------------+--------------+

