

================================================================
== Vitis HLS Report for 'C_IO_L2_in_1_x0'
================================================================
* Date:           Sun Sep 18 14:02:50 2022

* Version:        2020.2 (Build 3064766 on Wed Nov 18 09:12:47 MST 2020)
* Project:        top
* Solution:       solution (Vitis Kernel Flow Target)
* Product family: virtexuplus
* Target device:  xcu250-figd2104-2L-e


================================================================
== Performance Estimates
================================================================
+ Timing: 
    * Summary: 
    +--------+---------+----------+------------+
    |  Clock |  Target | Estimated| Uncertainty|
    +--------+---------+----------+------------+
    |ap_clk  |  3.33 ns|  2.433 ns|     0.90 ns|
    +--------+---------+----------+------------+

+ Latency: 
    * Summary: 
    +---------+----------+----------+-----------+---------+----------+---------+
    |  Latency (cycles)  |  Latency (absolute)  |      Interval      | Pipeline|
    |   min   |    max   |    min   |    max    |   min   |    max   |   Type  |
    +---------+----------+----------+-----------+---------+----------+---------+
    |  2103805|  52481557|  7.012 ms|  0.175 sec|  2103805|  52481557|     none|
    +---------+----------+----------+-----------+---------+----------+---------+

    + Detail: 
        * Instance: 
        N/A

        * Loop: 
        +----------------------------------------------------------------------------+---------+----------+---------------+-----------+-----------+-------+----------+
        |                                                                            |  Latency (cycles)  |   Iteration   |  Initiation Interval  |  Trip |          |
        |                                  Loop Name                                 |   min   |    max   |    Latency    |  achieved |   target  | Count | Pipelined|
        +----------------------------------------------------------------------------+---------+----------+---------------+-----------+-----------+-------+----------+
        |- C_IO_L2_in_1_x0_loop_1_C_IO_L2_in_1_x0_loop_2                             |     6648|  50384400|  277 ~ 2099350|          -|          -|     24|        no|
        | + C_IO_L2_in_1_x0_loop_3                                                   |      274|      2192|            274|          -|          -|  1 ~ 8|        no|
        |  ++ C_IO_L2_in_1_x0_loop_4                                                 |      272|       272|             34|          -|          -|      8|        no|
        |   +++ C_IO_L2_in_1_x0_loop_5                                               |       32|        32|              2|          -|          -|     16|        no|
        |  ++ C_IO_L2_in_1_x0_loop_6                                                 |      272|       272|             34|          -|          -|      8|        no|
        |   +++ C_IO_L2_in_1_x0_loop_7                                               |       32|        32|              2|          -|          -|     16|        no|
        | + C_IO_L2_in_1_x0_loop_8_C_IO_L2_in_1_x0_loop_10_C_IO_L2_in_1_x0_loop_11   |  2097154|   2097154|             35|         32|         19|  65536|       yes|
        | + C_IO_L2_in_1_x0_loop_14                                                  |      274|      2192|            274|          -|          -|  1 ~ 8|        no|
        |  ++ C_IO_L2_in_1_x0_loop_15                                                |      272|       272|             34|          -|          -|      8|        no|
        |   +++ C_IO_L2_in_1_x0_loop_16                                              |       32|        32|              2|          -|          -|     16|        no|
        |  ++ C_IO_L2_in_1_x0_loop_17                                                |      272|       272|             34|          -|          -|      8|        no|
        |   +++ C_IO_L2_in_1_x0_loop_18                                              |       32|        32|              2|          -|          -|     16|        no|
        | + C_IO_L2_in_1_x0_loop_19_C_IO_L2_in_1_x0_loop_21_C_IO_L2_in_1_x0_loop_22  |  2097154|   2097154|             35|         32|         19|  65536|       yes|
        |- C_IO_L2_in_1_x0_loop_25_C_IO_L2_in_1_x0_loop_27_C_IO_L2_in_1_x0_loop_28   |  2097154|   2097154|             35|         32|         19|  65536|       yes|
        +----------------------------------------------------------------------------+---------+----------+---------------+-----------+-----------+-------+----------+



================================================================
== Utilization Estimates
================================================================
* Summary: 
+---------------------+---------+-------+---------+---------+------+
|         Name        | BRAM_18K|  DSP  |    FF   |   LUT   | URAM |
+---------------------+---------+-------+---------+---------+------+
|DSP                  |        -|      -|        -|        -|     -|
|Expression           |        -|      -|        0|      958|     -|
|FIFO                 |        -|      -|        -|        -|     -|
|Instance             |        -|      -|        -|        -|     -|
|Memory               |       16|      -|      768|      771|     -|
|Multiplexer          |        -|      -|        -|     1325|     -|
|Register             |        -|      -|     1848|        -|     -|
+---------------------+---------+-------+---------+---------+------+
|Total                |       16|      0|     2616|     3054|     0|
+---------------------+---------+-------+---------+---------+------+
|Available SLR        |     1344|   3072|   864000|   432000|   320|
+---------------------+---------+-------+---------+---------+------+
|Utilization SLR (%)  |        1|      0|       ~0|       ~0|     0|
+---------------------+---------+-------+---------+---------+------+
|Available            |     5376|  12288|  3456000|  1728000|  1280|
+---------------------+---------+-------+---------+---------+------+
|Utilization (%)      |       ~0|      0|       ~0|       ~0|     0|
+---------------------+---------+-------+---------+---------+------+

+ Detail: 
    * Instance: 
    N/A

    * DSP: 
    N/A

    * Memory: 
    +-------------------+----------------------------------------+---------+-----+-----+-----+------+-----+------+-------------+
    |       Memory      |                 Module                 | BRAM_18K|  FF | LUT | URAM| Words| Bits| Banks| W*Bits*Banks|
    +-------------------+----------------------------------------+---------+-----+-----+-----+------+-----+------+-------------+
    |data_split_V_28_U  |A_IO_L2_in_boundary_x0_data_split_V_38  |        0|  256|  257|    0|     2|  256|     1|          512|
    |data_split_V_27_U  |A_IO_L2_in_boundary_x0_data_split_V_38  |        0|  256|  257|    0|     2|  256|     1|          512|
    |data_split_V_U     |A_IO_L2_in_boundary_x0_data_split_V_38  |        0|  256|  257|    0|     2|  256|     1|          512|
    |local_C_ping_V_U   |C_IO_L2_in_0_x0_local_C_ping_V          |        8|    0|    0|    0|   128|  512|     1|        65536|
    |local_C_pong_V_U   |C_IO_L2_in_0_x0_local_C_ping_V          |        8|    0|    0|    0|   128|  512|     1|        65536|
    +-------------------+----------------------------------------+---------+-----+-----+-----+------+-----+------+-------------+
    |Total              |                                        |       16|  768|  771|    0|   262| 1792|     5|       132608|
    +-------------------+----------------------------------------+---------+-----+-----+-----+------+-----+------+-------------+

    * FIFO: 
    N/A

    * Expression: 
    +-------------------------------------+----------+----+---+----+------------+------------+
    |            Variable Name            | Operation| DSP| FF| LUT| Bitwidth P0| Bitwidth P1|
    +-------------------------------------+----------+----+---+----+------------+------------+
    |add_ln3273_fu_855_p2                 |         +|   0|  0|  14|           7|           7|
    |add_ln3298_fu_871_p2                 |         +|   0|  0|  24|          17|           1|
    |add_ln3346_fu_1203_p2                |         +|   0|  0|  14|           7|           7|
    |add_ln3371_fu_1219_p2                |         +|   0|  0|  24|          17|           1|
    |add_ln3414_fu_1459_p2                |         +|   0|  0|  24|          17|           1|
    |add_ln691_1268_fu_1683_p2            |         +|   0|  0|  12|           4|           1|
    |add_ln691_1269_fu_1315_p2            |         +|   0|  0|  13|           6|           1|
    |add_ln691_1270_fu_1454_p2            |         +|   0|  0|  12|           4|           1|
    |add_ln691_1271_fu_967_p2             |         +|   0|  0|  13|           6|           1|
    |add_ln691_1272_fu_1095_p2            |         +|   0|  0|  12|           4|           1|
    |add_ln691_1273_fu_1111_p2            |         +|   0|  0|  10|           3|           1|
    |add_ln691_1274_fu_1151_p2            |         +|   0|  0|  12|           4|           1|
    |add_ln691_1275_fu_1193_p2            |         +|   0|  0|  12|           5|           1|
    |add_ln691_1276_fu_1139_p2            |         +|   0|  0|  12|           4|           1|
    |add_ln691_1277_fu_1181_p2            |         +|   0|  0|  12|           5|           1|
    |add_ln691_1278_fu_803_p2             |         +|   0|  0|  12|           4|           1|
    |add_ln691_1279_fu_845_p2             |         +|   0|  0|  12|           5|           1|
    |add_ln691_1280_fu_791_p2             |         +|   0|  0|  12|           4|           1|
    |add_ln691_1281_fu_833_p2             |         +|   0|  0|  12|           5|           1|
    |add_ln691_fu_1555_p2                 |         +|   0|  0|  13|           6|           1|
    |add_ln890_170_fu_1651_p2             |         +|   0|  0|  18|          11|           1|
    |add_ln890_171_fu_1397_p2             |         +|   0|  0|  17|          10|           1|
    |add_ln890_172_fu_1411_p2             |         +|   0|  0|  18|          11|           1|
    |add_ln890_173_fu_1049_p2             |         +|   0|  0|  17|          10|           1|
    |add_ln890_174_fu_1063_p2             |         +|   0|  0|  18|          11|           1|
    |add_ln890_175_fu_710_p2              |         +|   0|  0|  12|           5|           1|
    |add_ln890_fu_1637_p2                 |         +|   0|  0|  17|          10|           1|
    |c3_53_fu_1175_p2                     |         +|   0|  0|  12|           4|           1|
    |c3_54_fu_827_p2                      |         +|   0|  0|  12|           4|           1|
    |add_i_i780_cast_fu_762_p2            |         -|   0|  0|  13|           6|           6|
    |and_ln3251_fu_748_p2                 |       and|   0|  0|   2|           1|           1|
    |and_ln3298_1_fu_917_p2               |       and|   0|  0|   2|           1|           1|
    |and_ln3298_fu_905_p2                 |       and|   0|  0|   2|           1|           1|
    |and_ln3304_1_fu_943_p2               |       and|   0|  0|   2|           1|           1|
    |and_ln3304_fu_961_p2                 |       and|   0|  0|   2|           1|           1|
    |and_ln3371_1_fu_1265_p2              |       and|   0|  0|   2|           1|           1|
    |and_ln3371_fu_1253_p2                |       and|   0|  0|   2|           1|           1|
    |and_ln3377_1_fu_1291_p2              |       and|   0|  0|   2|           1|           1|
    |and_ln3377_fu_1309_p2                |       and|   0|  0|   2|           1|           1|
    |and_ln3414_1_fu_1505_p2              |       and|   0|  0|   2|           1|           1|
    |and_ln3414_fu_1493_p2                |       and|   0|  0|   2|           1|           1|
    |and_ln3420_1_fu_1531_p2              |       and|   0|  0|   2|           1|           1|
    |and_ln3420_fu_1549_p2                |       and|   0|  0|   2|           1|           1|
    |ap_block_pp0_stage0_01001            |       and|   0|  0|   2|           1|           1|
    |ap_block_pp0_stage10_01001           |       and|   0|  0|   2|           1|           1|
    |ap_block_pp0_stage2_01001            |       and|   0|  0|   2|           1|           1|
    |ap_block_pp1_stage0_01001            |       and|   0|  0|   2|           1|           1|
    |ap_block_pp1_stage10_01001           |       and|   0|  0|   2|           1|           1|
    |ap_block_pp1_stage2_01001            |       and|   0|  0|   2|           1|           1|
    |ap_block_pp2_stage0_01001            |       and|   0|  0|   2|           1|           1|
    |ap_block_pp2_stage10_01001           |       and|   0|  0|   2|           1|           1|
    |ap_block_pp2_stage2_01001            |       and|   0|  0|   2|           1|           1|
    |ap_block_state100_pp2_stage14_iter0  |       and|   0|  0|   2|           1|           1|
    |ap_block_state120_pp2_stage2_iter1   |       and|   0|  0|   2|           1|           1|
    |ap_block_state13_pp0_stage4_iter0    |       and|   0|  0|   2|           1|           1|
    |ap_block_state43_pp0_stage2_iter1    |       and|   0|  0|   2|           1|           1|
    |ap_block_state55_pp1_stage4_iter0    |       and|   0|  0|   2|           1|           1|
    |ap_block_state85_pp1_stage2_iter1    |       and|   0|  0|   2|           1|           1|
    |icmp_ln3263_fu_785_p2                |      icmp|   0|  0|   9|           4|           1|
    |icmp_ln3298_fu_881_p2                |      icmp|   0|  0|  13|          17|          18|
    |icmp_ln3336_fu_1133_p2               |      icmp|   0|  0|   9|           4|           1|
    |icmp_ln3371_fu_1229_p2               |      icmp|   0|  0|  13|          17|          18|
    |icmp_ln3414_fu_1469_p2               |      icmp|   0|  0|  13|          17|          18|
    |icmp_ln886_12_fu_780_p2              |      icmp|   0|  0|  10|           6|           6|
    |icmp_ln886_fu_1128_p2                |      icmp|   0|  0|  10|           6|           6|
    |icmp_ln890344_fu_722_p2              |      icmp|   0|  0|   8|           3|           3|
    |icmp_ln890_1245_fu_1475_p2           |      icmp|   0|  0|  11|          11|          10|
    |icmp_ln890_1246_fu_1487_p2           |      icmp|   0|  0|   9|           4|           5|
    |icmp_ln890_1247_fu_1499_p2           |      icmp|   0|  0|  11|          10|           9|
    |icmp_ln890_1248_fu_1169_p2           |      icmp|   0|  0|   9|           4|           5|
    |icmp_ln890_1249_fu_1145_p2           |      icmp|   0|  0|   9|           4|           5|
    |icmp_ln890_1250_fu_821_p2            |      icmp|   0|  0|   9|           4|           5|
    |icmp_ln890_1251_fu_797_p2            |      icmp|   0|  0|   9|           4|           5|
    |icmp_ln890_1252_fu_1235_p2           |      icmp|   0|  0|  11|          11|          10|
    |icmp_ln890_1253_fu_1247_p2           |      icmp|   0|  0|   9|           4|           5|
    |icmp_ln890_1254_fu_1259_p2           |      icmp|   0|  0|  11|          10|           9|
    |icmp_ln890_1255_fu_887_p2            |      icmp|   0|  0|  11|          11|          10|
    |icmp_ln890_1256_fu_899_p2            |      icmp|   0|  0|   9|           4|           5|
    |icmp_ln890_1257_fu_911_p2            |      icmp|   0|  0|  11|          10|           9|
    |icmp_ln890_1258_fu_1213_p2           |      icmp|   0|  0|  10|           5|           6|
    |icmp_ln890_1259_fu_1187_p2           |      icmp|   0|  0|  10|           5|           6|
    |icmp_ln890_1260_fu_865_p2            |      icmp|   0|  0|  10|           5|           6|
    |icmp_ln890_1261_fu_839_p2            |      icmp|   0|  0|  10|           5|           6|
    |icmp_ln890_fu_716_p2                 |      icmp|   0|  0|   9|           5|           5|
    |ap_block_state1                      |        or|   0|  0|   2|           1|           1|
    |ap_block_state48                     |        or|   0|  0|   2|           1|           1|
    |arb_fu_1106_p2                       |        or|   0|  0|   2|           1|           1|
    |or_ln3251_fu_736_p2                  |        or|   0|  0|   2|           1|           1|
    |or_ln3304_1_fu_955_p2                |        or|   0|  0|   2|           1|           1|
    |or_ln3304_fu_923_p2                  |        or|   0|  0|   2|           1|           1|
    |or_ln3305_1_fu_979_p2                |        or|   0|  0|   2|           1|           1|
    |or_ln3305_fu_973_p2                  |        or|   0|  0|   2|           1|           1|
    |or_ln3377_1_fu_1303_p2               |        or|   0|  0|   2|           1|           1|
    |or_ln3377_fu_1271_p2                 |        or|   0|  0|   2|           1|           1|
    |or_ln3378_1_fu_1327_p2               |        or|   0|  0|   2|           1|           1|
    |or_ln3378_fu_1321_p2                 |        or|   0|  0|   2|           1|           1|
    |or_ln3420_1_fu_1543_p2               |        or|   0|  0|   2|           1|           1|
    |or_ln3420_fu_1511_p2                 |        or|   0|  0|   2|           1|           1|
    |or_ln3421_1_fu_1567_p2               |        or|   0|  0|   2|           1|           1|
    |or_ln3421_fu_1561_p2                 |        or|   0|  0|   2|           1|           1|
    |select_ln3251_fu_728_p3              |    select|   0|  0|   3|           1|           1|
    |select_ln3304_1_fu_1033_p3           |    select|   0|  0|   4|           1|           1|
    |select_ln3304_fu_929_p3              |    select|   0|  0|   6|           1|           1|
    |select_ln3305_1_fu_997_p3            |    select|   0|  0|   2|           1|           1|
    |select_ln3305_2_fu_1041_p3           |    select|   0|  0|   4|           1|           4|
    |select_ln3305_fu_985_p3              |    select|   0|  0|   4|           1|           1|
    |select_ln3377_1_fu_1381_p3           |    select|   0|  0|   4|           1|           1|
    |select_ln3377_fu_1277_p3             |    select|   0|  0|   6|           1|           1|
    |select_ln3378_1_fu_1345_p3           |    select|   0|  0|   2|           1|           1|
    |select_ln3378_2_fu_1389_p3           |    select|   0|  0|   4|           1|           4|
    |select_ln3378_fu_1333_p3             |    select|   0|  0|   4|           1|           1|
    |select_ln3420_1_fu_1621_p3           |    select|   0|  0|   4|           1|           1|
    |select_ln3420_fu_1517_p3             |    select|   0|  0|   6|           1|           1|
    |select_ln3421_1_fu_1585_p3           |    select|   0|  0|   2|           1|           1|
    |select_ln3421_2_fu_1629_p3           |    select|   0|  0|   4|           1|           4|
    |select_ln3421_fu_1573_p3             |    select|   0|  0|   4|           1|           1|
    |select_ln890_197_fu_1643_p3          |    select|   0|  0|  10|           1|           1|
    |select_ln890_198_fu_1657_p3          |    select|   0|  0|  11|           1|           1|
    |select_ln890_199_fu_1353_p3          |    select|   0|  0|   6|           1|           6|
    |select_ln890_200_fu_1403_p3          |    select|   0|  0|  10|           1|           1|
    |select_ln890_201_fu_1417_p3          |    select|   0|  0|  11|           1|           1|
    |select_ln890_202_fu_1005_p3          |    select|   0|  0|   6|           1|           6|
    |select_ln890_203_fu_1055_p3          |    select|   0|  0|  10|           1|           1|
    |select_ln890_204_fu_1069_p3          |    select|   0|  0|  11|           1|           1|
    |select_ln890_fu_1593_p3              |    select|   0|  0|   6|           1|           6|
    |ap_enable_pp0                        |       xor|   0|  0|   2|           1|           2|
    |ap_enable_pp1                        |       xor|   0|  0|   2|           1|           2|
    |ap_enable_pp2                        |       xor|   0|  0|   2|           1|           2|
    |xor_ln3251_fu_742_p2                 |       xor|   0|  0|   2|           1|           2|
    |xor_ln3298_fu_893_p2                 |       xor|   0|  0|   2|           1|           2|
    |xor_ln3304_1_fu_937_p2               |       xor|   0|  0|   2|           1|           2|
    |xor_ln3304_fu_949_p2                 |       xor|   0|  0|   2|           1|           2|
    |xor_ln3371_fu_1241_p2                |       xor|   0|  0|   2|           1|           2|
    |xor_ln3377_1_fu_1285_p2              |       xor|   0|  0|   2|           1|           2|
    |xor_ln3377_fu_1297_p2                |       xor|   0|  0|   2|           1|           2|
    |xor_ln3404_fu_1100_p2                |       xor|   0|  0|   2|           1|           2|
    |xor_ln3414_fu_1481_p2                |       xor|   0|  0|   2|           1|           2|
    |xor_ln3420_1_fu_1525_p2              |       xor|   0|  0|   2|           1|           2|
    |xor_ln3420_fu_1537_p2                |       xor|   0|  0|   2|           1|           2|
    +-------------------------------------+----------+----+---+----+------------+------------+
    |Total                                |          |   0|  0| 958|         489|         360|
    +-------------------------------------+----------+----+---+----+------------+------------+

    * Multiplexer: 
    +--------------------------------------------+-----+-----------+-----+-----------+
    |                    Name                    | LUT | Input Size| Bits| Total Bits|
    +--------------------------------------------+-----+-----------+-----+-----------+
    |ap_NS_fsm                                   |  566|        113|    1|        113|
    |ap_done                                     |    9|          2|    1|          2|
    |ap_enable_reg_pp0_iter1                     |    9|          2|    1|          2|
    |ap_enable_reg_pp1_iter1                     |    9|          2|    1|          2|
    |ap_enable_reg_pp2_iter1                     |    9|          2|    1|          2|
    |ap_phi_mux_c6_V_115_phi_fu_617_p4           |    9|          2|    6|         12|
    |ap_phi_mux_c6_V_116_phi_fu_506_p4           |    9|          2|    6|         12|
    |ap_phi_mux_c6_V_phi_fu_672_p4               |    9|          2|    6|         12|
    |ap_phi_mux_c7_V_89_phi_fu_628_p4            |    9|          2|    4|          8|
    |ap_phi_mux_c7_V_90_phi_fu_517_p4            |    9|          2|    4|          8|
    |ap_phi_mux_c7_V_phi_fu_683_p4               |    9|          2|    4|          8|
    |ap_phi_mux_indvar_flatten113_phi_fu_595_p4  |    9|          2|   11|         22|
    |ap_phi_mux_indvar_flatten143_phi_fu_584_p4  |    9|          2|   17|         34|
    |ap_phi_mux_indvar_flatten175_phi_fu_661_p4  |    9|          2|   10|         20|
    |ap_phi_mux_indvar_flatten197_phi_fu_650_p4  |    9|          2|   11|         22|
    |ap_phi_mux_indvar_flatten227_phi_fu_639_p4  |    9|          2|   17|         34|
    |ap_phi_mux_indvar_flatten37_phi_fu_484_p4   |    9|          2|   11|         22|
    |ap_phi_mux_indvar_flatten67_phi_fu_473_p4   |    9|          2|   17|         34|
    |ap_phi_mux_indvar_flatten91_phi_fu_606_p4   |    9|          2|   10|         20|
    |ap_phi_mux_indvar_flatten_phi_fu_495_p4     |    9|          2|   10|         20|
    |arb_14_reg_401                              |    9|          2|    1|          2|
    |c1_V_reg_377                                |    9|          2|    3|          6|
    |c3_52_reg_413                               |    9|          2|    4|          8|
    |c3_reg_524                                  |    9|          2|    4|          8|
    |c4_V_36_reg_536                             |    9|          2|    4|          8|
    |c4_V_37_reg_436                             |    9|          2|    4|          8|
    |c4_V_38_reg_425                             |    9|          2|    4|          8|
    |c4_V_reg_547                                |    9|          2|    4|          8|
    |c5_V_84_reg_558                             |    9|          2|    5|         10|
    |c5_V_85_reg_458                             |    9|          2|    5|         10|
    |c5_V_86_reg_447                             |    9|          2|    5|         10|
    |c5_V_reg_569                                |    9|          2|    5|         10|
    |c6_V_115_reg_613                            |    9|          2|    6|         12|
    |c6_V_116_reg_502                            |    9|          2|    6|         12|
    |c6_V_reg_668                                |    9|          2|    6|         12|
    |c7_V_89_reg_624                             |    9|          2|    4|          8|
    |c7_V_90_reg_513                             |    9|          2|    4|          8|
    |c7_V_reg_679                                |    9|          2|    4|          8|
    |data_split_V_27_address0                    |   26|          5|    1|          5|
    |data_split_V_27_address1                    |   20|          4|    1|          4|
    |data_split_V_27_d0                          |   20|          4|  256|       1024|
    |data_split_V_27_d1                          |   20|          4|  256|       1024|
    |data_split_V_28_address0                    |   26|          5|    1|          5|
    |data_split_V_28_address1                    |   20|          4|    1|          4|
    |data_split_V_28_d0                          |   20|          4|  256|       1024|
    |data_split_V_28_d1                          |   20|          4|  256|       1024|
    |data_split_V_address0                       |   26|          5|    1|          5|
    |data_split_V_address1                       |   20|          4|    1|          4|
    |data_split_V_d0                             |   20|          4|  256|       1024|
    |data_split_V_d1                             |   20|          4|  256|       1024|
    |fifo_C_C_IO_L2_in_1_x018_blk_n              |    9|          2|    1|          2|
    |fifo_C_C_IO_L2_in_2_x019_blk_n              |    9|          2|    1|          2|
    |fifo_C_PE_0_1_x0106_blk_n                   |    9|          2|    1|          2|
    |fifo_C_PE_0_1_x0106_din                     |   37|          7|  256|       1792|
    |indvar_flatten113_reg_591                   |    9|          2|   11|         22|
    |indvar_flatten143_reg_580                   |    9|          2|   17|         34|
    |indvar_flatten151_reg_366                   |    9|          2|    5|         10|
    |indvar_flatten175_reg_657                   |    9|          2|   10|         20|
    |indvar_flatten197_reg_646                   |    9|          2|   11|         22|
    |indvar_flatten227_reg_635                   |    9|          2|   17|         34|
    |indvar_flatten37_reg_480                    |    9|          2|   11|         22|
    |indvar_flatten67_reg_469                    |    9|          2|   17|         34|
    |indvar_flatten91_reg_602                    |    9|          2|   10|         20|
    |indvar_flatten_reg_491                      |    9|          2|   10|         20|
    |local_C_ping_V_address0                     |   14|          3|    7|         21|
    +--------------------------------------------+-----+-----------+-----+-----------+
    |Total                                       | 1325|        274| 2154|       8793|
    +--------------------------------------------+-----+-----------+-----+-----------+

    * Register: 
    +------------------------------------+-----+----+-----+-----------+
    |                Name                |  FF | LUT| Bits| Const Bits|
    +------------------------------------+-----+----+-----+-----------+
    |add_i_i780_cast_reg_1739            |    3|   0|    6|          3|
    |add_ln3298_reg_1816                 |   17|   0|   17|          0|
    |add_ln3371_reg_1947                 |   17|   0|   17|          0|
    |add_ln3414_reg_2015                 |   17|   0|   17|          0|
    |add_ln691_1268_reg_2072             |    4|   0|    4|          0|
    |add_ln691_1270_reg_2010             |    4|   0|    4|          0|
    |add_ln691_1272_reg_1873             |    4|   0|    4|          0|
    |add_ln691_1274_reg_1908             |    4|   0|    4|          0|
    |add_ln691_1275_reg_1934             |    5|   0|    5|          0|
    |add_ln691_1276_reg_1900             |    4|   0|    4|          0|
    |add_ln691_1277_reg_1926             |    5|   0|    5|          0|
    |add_ln691_1278_reg_1777             |    4|   0|    4|          0|
    |add_ln691_1279_reg_1803             |    5|   0|    5|          0|
    |add_ln691_1280_reg_1769             |    4|   0|    4|          0|
    |add_ln691_1281_reg_1795             |    5|   0|    5|          0|
    |add_ln890_175_reg_1712              |    5|   0|    5|          0|
    |ap_CS_fsm                           |  112|   0|  112|          0|
    |ap_done_reg                         |    1|   0|    1|          0|
    |ap_enable_reg_pp0_iter0             |    1|   0|    1|          0|
    |ap_enable_reg_pp0_iter1             |    1|   0|    1|          0|
    |ap_enable_reg_pp1_iter0             |    1|   0|    1|          0|
    |ap_enable_reg_pp1_iter1             |    1|   0|    1|          0|
    |ap_enable_reg_pp2_iter0             |    1|   0|    1|          0|
    |ap_enable_reg_pp2_iter1             |    1|   0|    1|          0|
    |arb_14_reg_401                      |    1|   0|    1|          0|
    |c1_V_reg_377                        |    3|   0|    3|          0|
    |c3_52_reg_413                       |    4|   0|    4|          0|
    |c3_reg_524                          |    4|   0|    4|          0|
    |c4_V_36_reg_536                     |    4|   0|    4|          0|
    |c4_V_37_reg_436                     |    4|   0|    4|          0|
    |c4_V_38_reg_425                     |    4|   0|    4|          0|
    |c4_V_reg_547                        |    4|   0|    4|          0|
    |c5_V_84_reg_558                     |    5|   0|    5|          0|
    |c5_V_85_reg_458                     |    5|   0|    5|          0|
    |c5_V_86_reg_447                     |    5|   0|    5|          0|
    |c5_V_reg_569                        |    5|   0|    5|          0|
    |c6_V_115_reg_613                    |    6|   0|    6|          0|
    |c6_V_116_reg_502                    |    6|   0|    6|          0|
    |c6_V_reg_668                        |    6|   0|    6|          0|
    |c7_V_89_reg_624                     |    4|   0|    4|          0|
    |c7_V_90_reg_513                     |    4|   0|    4|          0|
    |c7_V_reg_679                        |    4|   0|    4|          0|
    |data_split_V_27_addr_2_reg_2004     |    1|   0|    1|          0|
    |data_split_V_28_addr_2_reg_1867     |    1|   0|    1|          0|
    |data_split_V_addr169_reg_2066       |    1|   0|    1|          0|
    |icmp_ln3263_reg_1765                |    1|   0|    1|          0|
    |icmp_ln3298_reg_1821                |    1|   0|    1|          0|
    |icmp_ln3298_reg_1821_pp0_iter1_reg  |    1|   0|    1|          0|
    |icmp_ln3336_reg_1896                |    1|   0|    1|          0|
    |icmp_ln3371_reg_1952                |    1|   0|    1|          0|
    |icmp_ln3371_reg_1952_pp1_iter1_reg  |    1|   0|    1|          0|
    |icmp_ln3414_reg_2020                |    1|   0|    1|          0|
    |icmp_ln3414_reg_2020_pp2_iter1_reg  |    1|   0|    1|          0|
    |icmp_ln890344_reg_1721              |    1|   0|    1|          0|
    |indvar_flatten113_reg_591           |   11|   0|   11|          0|
    |indvar_flatten143_reg_580           |   17|   0|   17|          0|
    |indvar_flatten151_reg_366           |    5|   0|    5|          0|
    |indvar_flatten175_reg_657           |   10|   0|   10|          0|
    |indvar_flatten197_reg_646           |   11|   0|   11|          0|
    |indvar_flatten227_reg_635           |   17|   0|   17|          0|
    |indvar_flatten37_reg_480            |   11|   0|   11|          0|
    |indvar_flatten67_reg_469            |   17|   0|   17|          0|
    |indvar_flatten91_reg_602            |   10|   0|   10|          0|
    |indvar_flatten_reg_491              |   10|   0|   10|          0|
    |intra_trans_en_reg_388              |    1|   0|    1|          0|
    |local_C_ping_V_addr_27_reg_1939     |    7|   0|    7|          0|
    |local_C_pong_V_addr_reg_1808        |    7|   0|    7|          0|
    |or_ln3251_reg_1731                  |    1|   0|    1|          0|
    |p_Result_4520_0_1_reg_1998          |  256|   0|  256|          0|
    |reg_702                             |  256|   0|  256|          0|
    |select_ln3251_reg_1726              |    3|   0|    3|          0|
    |select_ln3305_1_reg_1831            |    1|   0|    1|          0|
    |select_ln3305_2_reg_1841            |    4|   0|    4|          0|
    |select_ln3305_reg_1825              |    4|   0|    4|          0|
    |select_ln3378_1_reg_1962            |    1|   0|    1|          0|
    |select_ln3378_2_reg_1972            |    4|   0|    4|          0|
    |select_ln3378_reg_1956              |    4|   0|    4|          0|
    |select_ln3421_1_reg_2030            |    1|   0|    1|          0|
    |select_ln3421_2_reg_2040            |    4|   0|    4|          0|
    |select_ln3421_reg_2024              |    4|   0|    4|          0|
    |select_ln890_197_reg_2045           |   10|   0|   10|          0|
    |select_ln890_198_reg_2050           |   11|   0|   11|          0|
    |select_ln890_199_reg_1967           |    6|   0|    6|          0|
    |select_ln890_200_reg_1977           |   10|   0|   10|          0|
    |select_ln890_201_reg_1982           |   11|   0|   11|          0|
    |select_ln890_202_reg_1836           |    6|   0|    6|          0|
    |select_ln890_203_reg_1846           |   10|   0|   10|          0|
    |select_ln890_204_reg_1851           |   11|   0|   11|          0|
    |select_ln890_reg_2035               |    6|   0|    6|          0|
    |tmp_803_cast_reg_1913               |    3|   0|    7|          4|
    |tmp_808_cast_reg_1782               |    3|   0|    7|          4|
    |trunc_ln674_48_reg_1992             |  256|   0|  256|          0|
    |trunc_ln674_49_reg_1861             |  256|   0|  256|          0|
    |trunc_ln674_reg_2060                |  256|   0|  256|          0|
    +------------------------------------+-----+----+-----+-----------+
    |Total                               | 1848|   0| 1859|         11|
    +------------------------------------+-----+----+-----+-----------+



================================================================
== Interface
================================================================
* Summary: 
+----------------------------------+-----+-----+------------+--------------------------+--------------+
|             RTL Ports            | Dir | Bits|  Protocol  |       Source Object      |    C Type    |
+----------------------------------+-----+-----+------------+--------------------------+--------------+
|ap_clk                            |   in|    1|  ap_ctrl_hs|           C_IO_L2_in_1_x0|  return value|
|ap_rst                            |   in|    1|  ap_ctrl_hs|           C_IO_L2_in_1_x0|  return value|
|ap_start                          |   in|    1|  ap_ctrl_hs|           C_IO_L2_in_1_x0|  return value|
|ap_done                           |  out|    1|  ap_ctrl_hs|           C_IO_L2_in_1_x0|  return value|
|ap_continue                       |   in|    1|  ap_ctrl_hs|           C_IO_L2_in_1_x0|  return value|
|ap_idle                           |  out|    1|  ap_ctrl_hs|           C_IO_L2_in_1_x0|  return value|
|ap_ready                          |  out|    1|  ap_ctrl_hs|           C_IO_L2_in_1_x0|  return value|
|fifo_C_C_IO_L2_in_1_x018_dout     |   in|  512|     ap_fifo|  fifo_C_C_IO_L2_in_1_x018|       pointer|
|fifo_C_C_IO_L2_in_1_x018_empty_n  |   in|    1|     ap_fifo|  fifo_C_C_IO_L2_in_1_x018|       pointer|
|fifo_C_C_IO_L2_in_1_x018_read     |  out|    1|     ap_fifo|  fifo_C_C_IO_L2_in_1_x018|       pointer|
|fifo_C_C_IO_L2_in_2_x019_din      |  out|  512|     ap_fifo|  fifo_C_C_IO_L2_in_2_x019|       pointer|
|fifo_C_C_IO_L2_in_2_x019_full_n   |   in|    1|     ap_fifo|  fifo_C_C_IO_L2_in_2_x019|       pointer|
|fifo_C_C_IO_L2_in_2_x019_write    |  out|    1|     ap_fifo|  fifo_C_C_IO_L2_in_2_x019|       pointer|
|fifo_C_PE_0_1_x0106_din           |  out|  256|     ap_fifo|       fifo_C_PE_0_1_x0106|       pointer|
|fifo_C_PE_0_1_x0106_full_n        |   in|    1|     ap_fifo|       fifo_C_PE_0_1_x0106|       pointer|
|fifo_C_PE_0_1_x0106_write         |  out|    1|     ap_fifo|       fifo_C_PE_0_1_x0106|       pointer|
+----------------------------------+-----+-----+------------+--------------------------+--------------+

