

================================================================
== Vitis HLS Report for 'C_drain_IO_L1_out_23_x2'
================================================================
* Date:           Tue Sep  6 09:44:28 2022

* Version:        2020.2 (Build 3064766 on Wed Nov 18 09:12:47 MST 2020)
* Project:        top
* Solution:       solution (Vitis Kernel Flow Target)
* Product family: virtexuplus
* Target device:  xcu250-figd2104-2L-e


================================================================
== Performance Estimates
================================================================
+ Timing: 
    * Summary: 
    +--------+---------+----------+------------+
    |  Clock |  Target | Estimated| Uncertainty|
    +--------+---------+----------+------------+
    |ap_clk  |  3.33 ns|  2.317 ns|     0.90 ns|
    +--------+---------+----------+------------+

+ Latency: 
    * Summary: 
    +---------+---------+-----------+-----------+------+------+---------+
    |  Latency (cycles) |   Latency (absolute)  |   Interval  | Pipeline|
    |   min   |   max   |    min    |    max    |  min |  max |   Type  |
    +---------+---------+-----------+-----------+------+------+---------+
    |     9735|     9735|  32.447 us|  32.447 us|  9735|  9735|     none|
    +---------+---------+-----------+-----------+------+------+---------+

    + Detail: 
        * Instance: 
        N/A

        * Loop: 
        +------------------------------------------------------------------------------------------------+---------+---------+----------+-----------+-----------+------+----------+
        |                                                                                                |  Latency (cycles) | Iteration|  Initiation Interval  | Trip |          |
        |                                            Loop Name                                           |   min   |   max   |  Latency |  achieved |   target  | Count| Pipelined|
        +------------------------------------------------------------------------------------------------+---------+---------+----------+-----------+-----------+------+----------+
        |- C_drain_IO_L1_out_23_x2_loop_1_C_drain_IO_L1_out_23_x2_loop_2                                 |     3073|     3073|         5|          3|          1|  1024|       yes|
        |- C_drain_IO_L1_out_23_x2_loop_4_C_drain_IO_L1_out_23_x2_loop_5_C_drain_IO_L1_out_23_x2_loop_6  |     6658|     6658|         4|          1|          1|  6656|       yes|
        +------------------------------------------------------------------------------------------------+---------+---------+----------+-----------+-----------+------+----------+



================================================================
== Utilization Estimates
================================================================
* Summary: 
+---------------------+---------+-------+---------+---------+------+
|         Name        | BRAM_18K|  DSP  |    FF   |   LUT   | URAM |
+---------------------+---------+-------+---------+---------+------+
|DSP                  |        -|      -|        -|        -|     -|
|Expression           |        -|      -|        0|      287|     -|
|FIFO                 |        -|      -|        -|        -|     -|
|Instance             |        -|      -|        -|        -|     -|
|Memory               |        2|      -|       32|       33|     -|
|Multiplexer          |        -|      -|        -|      261|     -|
|Register             |        -|      -|      451|       64|     -|
+---------------------+---------+-------+---------+---------+------+
|Total                |        2|      0|      483|      645|     0|
+---------------------+---------+-------+---------+---------+------+
|Available SLR        |     1344|   3072|   864000|   432000|   320|
+---------------------+---------+-------+---------+---------+------+
|Utilization SLR (%)  |       ~0|      0|       ~0|       ~0|     0|
+---------------------+---------+-------+---------+---------+------+
|Available            |     5376|  12288|  3456000|  1728000|  1280|
+---------------------+---------+-------+---------+---------+------+
|Utilization (%)      |       ~0|      0|       ~0|       ~0|     0|
+---------------------+---------+-------+---------+---------+------+

+ Detail: 
    * Instance: 
    N/A

    * DSP: 
    N/A

    * Memory: 
    +--------------------+--------------------------------------------------+---------+----+----+-----+------+-----+------+-------------+
    |       Memory       |                      Module                      | BRAM_18K| FF | LUT| URAM| Words| Bits| Banks| W*Bits*Banks|
    +--------------------+--------------------------------------------------+---------+----+----+-----+------+-----+------+-------------+
    |buf_data_split_V_U  |C_drain_IO_L1_out_boundary_0_x0_buf_data_split_V  |        0|  32|  33|    0|     2|   32|     1|           64|
    |local_C_V_U         |C_drain_IO_L1_out_boundary_0_x1_local_C_V         |        2|   0|   0|    0|   512|   64|     1|        32768|
    +--------------------+--------------------------------------------------+---------+----+----+-----+------+-----+------+-------------+
    |Total               |                                                  |        2|  32|  33|    0|   514|   96|     2|        32832|
    +--------------------+--------------------------------------------------+---------+----+----+-----+------+-----+------+-------------+

    * FIFO: 
    N/A

    * Expression: 
    +-----------------------------------+----------+----+---+----+------------+------------+
    |           Variable Name           | Operation| DSP| FF| LUT| Bitwidth P0| Bitwidth P1|
    +-----------------------------------+----------+----+---+----+------------+------------+
    |add_ln17998_fu_530_p2              |         +|   0|  0|  16|           9|           9|
    |add_ln691_415_fu_353_p2            |         +|   0|  0|  12|           5|           1|
    |add_ln691_416_fu_400_p2            |         +|   0|  0|  12|           4|           1|
    |add_ln691_417_fu_466_p2            |         +|   0|  0|  12|           5|           1|
    |add_ln691_418_fu_541_p2            |         +|   0|  0|  13|           6|           1|
    |add_ln691_fu_298_p2                |         +|   0|  0|  14|           7|           1|
    |add_ln890_192_fu_547_p2            |         +|   0|  0|  18|          11|           1|
    |add_ln890_193_fu_388_p2            |         +|   0|  0|  20|          13|           1|
    |add_ln890_fu_286_p2                |         +|   0|  0|  18|          11|           1|
    |and_ln17990_fu_452_p2              |       and|   0|  0|   2|           1|           1|
    |ap_block_pp0_stage2_11001          |       and|   0|  0|   2|           1|           1|
    |ap_block_state11_pp1_stage0_iter3  |       and|   0|  0|   2|           1|           1|
    |ap_block_state4_pp0_stage2_iter0   |       and|   0|  0|   2|           1|           1|
    |ap_block_state9_pp1_stage0_iter2   |       and|   0|  0|   2|           1|           1|
    |ap_predicate_op101_read_state9     |       and|   0|  0|   2|           1|           1|
    |cmp_i_i53_fu_426_p2                |      icmp|   0|  0|   9|           4|           1|
    |cmp_i_i_mid1_fu_420_p2             |      icmp|   0|  0|   9|           4|           1|
    |icmp_ln89052_fu_304_p2             |      icmp|   0|  0|  10|           5|           6|
    |icmp_ln890_306_fu_394_p2           |      icmp|   0|  0|  12|          13|          12|
    |icmp_ln890_307_fu_406_p2           |      icmp|   0|  0|  11|          11|          10|
    |icmp_ln890_308_fu_446_p2           |      icmp|   0|  0|  10|           6|           7|
    |icmp_ln890_fu_292_p2               |      icmp|   0|  0|  12|          11|          12|
    |ap_block_pp1_stage0_01001          |        or|   0|  0|   2|           1|           1|
    |ap_block_state1                    |        or|   0|  0|   2|           1|           1|
    |or_ln890_fu_472_p2                 |        or|   0|  0|   2|           1|           1|
    |select_ln17990_1_fu_432_p3         |    select|   0|  0|   2|           1|           1|
    |select_ln17990_2_fu_494_p3         |    select|   0|  0|   4|           1|           1|
    |select_ln17990_fu_412_p3           |    select|   0|  0|   5|           1|           1|
    |select_ln890_476_fu_318_p3         |    select|   0|  0|   7|           1|           7|
    |select_ln890_477_fu_458_p3         |    select|   0|  0|   4|           1|           4|
    |select_ln890_478_fu_478_p3         |    select|   0|  0|   6|           1|           1|
    |select_ln890_479_fu_502_p3         |    select|   0|  0|   4|           1|           4|
    |select_ln890_480_fu_518_p3         |    select|   0|  0|   5|           1|           5|
    |select_ln890_481_fu_553_p3         |    select|   0|  0|  11|           1|           1|
    |select_ln890_fu_310_p3             |    select|   0|  0|   5|           1|           1|
    |ap_enable_pp0                      |       xor|   0|  0|   2|           1|           2|
    |ap_enable_pp1                      |       xor|   0|  0|   2|           1|           2|
    |ap_enable_reg_pp1_iter1            |       xor|   0|  0|   2|           2|           1|
    |xor_ln17990_fu_440_p2              |       xor|   0|  0|   2|           1|           2|
    +-----------------------------------+----------+----+---+----+------------+------------+
    |Total                              |          |   0|  0| 287|         149|         108|
    +-----------------------------------+----------+----+---+----+------------+------------+

    * Multiplexer: 
    +------------------------------------------------+----+-----------+-----+-----------+
    |                      Name                      | LUT| Input Size| Bits| Total Bits|
    +------------------------------------------------+----+-----------+-----+-----------+
    |ap_NS_fsm                                       |  43|          8|    1|          8|
    |ap_done                                         |   9|          2|    1|          2|
    |ap_enable_reg_pp0_iter1                         |   9|          2|    1|          2|
    |ap_enable_reg_pp1_iter1                         |   9|          2|    1|          2|
    |ap_enable_reg_pp1_iter3                         |   9|          2|    1|          2|
    |ap_phi_mux_c6_V_phi_fu_203_p4                   |   9|          2|    7|         14|
    |ap_phi_mux_c7_V_phi_fu_214_p4                   |   9|          2|    5|         10|
    |ap_phi_mux_indvar_flatten_phi_fu_192_p4         |   9|          2|   11|         22|
    |ap_phi_reg_pp1_iter3_fifo_data_15_reg_276       |  14|          3|   64|        192|
    |buf_data_split_V_address0                       |  14|          3|    1|          3|
    |buf_data_split_V_d0                             |  14|          3|   32|         96|
    |c4_V_reg_232                                    |   9|          2|    4|          8|
    |c5_V_reg_254                                    |   9|          2|    5|         10|
    |c6_V_91_reg_265                                 |   9|          2|    6|         12|
    |c6_V_reg_199                                    |   9|          2|    7|         14|
    |c7_V_reg_210                                    |   9|          2|    5|         10|
    |fifo_C_drain_C_drain_IO_L1_out_1_0_x2122_blk_n  |   9|          2|    1|          2|
    |fifo_C_drain_C_drain_IO_L1_out_1_1_x2123_blk_n  |   9|          2|    1|          2|
    |fifo_C_drain_PE_0_1_x296_blk_n                  |   9|          2|    1|          2|
    |indvar_flatten22_reg_221                        |   9|          2|   13|         26|
    |indvar_flatten8_reg_243                         |   9|          2|   11|         22|
    |indvar_flatten_reg_188                          |   9|          2|   11|         22|
    |local_C_V_address0                              |  14|          3|    9|         27|
    +------------------------------------------------+----+-----------+-----+-----------+
    |Total                                           | 261|         56|  199|        510|
    +------------------------------------------------+----+-----------+-----+-----------+

    * Register: 
    +-------------------------------------------+----+----+-----+-----------+
    |                    Name                   | FF | LUT| Bits| Const Bits|
    +-------------------------------------------+----+----+-----+-----------+
    |add_ln691_415_reg_596                      |   5|   0|    5|          0|
    |add_ln890_reg_571                          |  11|   0|   11|          0|
    |ap_CS_fsm                                  |   7|   0|    7|          0|
    |ap_done_reg                                |   1|   0|    1|          0|
    |ap_enable_reg_pp0_iter0                    |   1|   0|    1|          0|
    |ap_enable_reg_pp0_iter1                    |   1|   0|    1|          0|
    |ap_enable_reg_pp1_iter0                    |   1|   0|    1|          0|
    |ap_enable_reg_pp1_iter1                    |   1|   0|    1|          0|
    |ap_enable_reg_pp1_iter2                    |   1|   0|    1|          0|
    |ap_enable_reg_pp1_iter3                    |   1|   0|    1|          0|
    |ap_phi_reg_pp1_iter1_fifo_data_15_reg_276  |  64|   0|   64|          0|
    |ap_phi_reg_pp1_iter2_fifo_data_15_reg_276  |  64|   0|   64|          0|
    |ap_phi_reg_pp1_iter3_fifo_data_15_reg_276  |  64|   0|   64|          0|
    |c4_V_reg_232                               |   4|   0|    4|          0|
    |c5_V_reg_254                               |   5|   0|    5|          0|
    |c6_V_91_reg_265                            |   6|   0|    6|          0|
    |c6_V_reg_199                               |   7|   0|    7|          0|
    |c7_V_reg_210                               |   5|   0|    5|          0|
    |icmp_ln890_306_reg_606                     |   1|   0|    1|          0|
    |icmp_ln890_reg_576                         |   1|   0|    1|          0|
    |icmp_ln890_reg_576_pp0_iter1_reg           |   1|   0|    1|          0|
    |indvar_flatten22_reg_221                   |  13|   0|   13|          0|
    |indvar_flatten8_reg_243                    |  11|   0|   11|          0|
    |indvar_flatten_reg_188                     |  11|   0|   11|          0|
    |local_C_V_addr_31_reg_624                  |   9|   0|    9|          0|
    |local_C_V_addr_reg_590                     |   9|   0|    9|          0|
    |local_C_V_addr_reg_590_pp0_iter1_reg       |   9|   0|    9|          0|
    |select_ln17990_1_reg_610                   |   1|   0|    1|          0|
    |select_ln890_476_reg_580                   |   7|   0|    7|          0|
    |trunc_ln890_reg_585                        |   1|   0|    1|          0|
    |icmp_ln890_306_reg_606                     |  64|  32|    1|          0|
    |select_ln17990_1_reg_610                   |  64|  32|    1|          0|
    +-------------------------------------------+----+----+-----+-----------+
    |Total                                      | 451|  64|  325|          0|
    +-------------------------------------------+----+----+-----+-----------+



================================================================
== Interface
================================================================
* Summary: 
+--------------------------------------------------+-----+-----+------------+------------------------------------------+--------------+
|                     RTL Ports                    | Dir | Bits|  Protocol  |               Source Object              |    C Type    |
+--------------------------------------------------+-----+-----+------------+------------------------------------------+--------------+
|ap_clk                                            |   in|    1|  ap_ctrl_hs|                   C_drain_IO_L1_out_23_x2|  return value|
|ap_rst                                            |   in|    1|  ap_ctrl_hs|                   C_drain_IO_L1_out_23_x2|  return value|
|ap_start                                          |   in|    1|  ap_ctrl_hs|                   C_drain_IO_L1_out_23_x2|  return value|
|ap_done                                           |  out|    1|  ap_ctrl_hs|                   C_drain_IO_L1_out_23_x2|  return value|
|ap_continue                                       |   in|    1|  ap_ctrl_hs|                   C_drain_IO_L1_out_23_x2|  return value|
|ap_idle                                           |  out|    1|  ap_ctrl_hs|                   C_drain_IO_L1_out_23_x2|  return value|
|ap_ready                                          |  out|    1|  ap_ctrl_hs|                   C_drain_IO_L1_out_23_x2|  return value|
|fifo_C_drain_C_drain_IO_L1_out_1_1_x2123_dout     |   in|   64|     ap_fifo|  fifo_C_drain_C_drain_IO_L1_out_1_1_x2123|       pointer|
|fifo_C_drain_C_drain_IO_L1_out_1_1_x2123_empty_n  |   in|    1|     ap_fifo|  fifo_C_drain_C_drain_IO_L1_out_1_1_x2123|       pointer|
|fifo_C_drain_C_drain_IO_L1_out_1_1_x2123_read     |  out|    1|     ap_fifo|  fifo_C_drain_C_drain_IO_L1_out_1_1_x2123|       pointer|
|fifo_C_drain_C_drain_IO_L1_out_1_0_x2122_din      |  out|   64|     ap_fifo|  fifo_C_drain_C_drain_IO_L1_out_1_0_x2122|       pointer|
|fifo_C_drain_C_drain_IO_L1_out_1_0_x2122_full_n   |   in|    1|     ap_fifo|  fifo_C_drain_C_drain_IO_L1_out_1_0_x2122|       pointer|
|fifo_C_drain_C_drain_IO_L1_out_1_0_x2122_write    |  out|    1|     ap_fifo|  fifo_C_drain_C_drain_IO_L1_out_1_0_x2122|       pointer|
|fifo_C_drain_PE_0_1_x296_dout                     |   in|   32|     ap_fifo|                  fifo_C_drain_PE_0_1_x296|       pointer|
|fifo_C_drain_PE_0_1_x296_empty_n                  |   in|    1|     ap_fifo|                  fifo_C_drain_PE_0_1_x296|       pointer|
|fifo_C_drain_PE_0_1_x296_read                     |  out|    1|     ap_fifo|                  fifo_C_drain_PE_0_1_x296|       pointer|
+--------------------------------------------------+-----+-----+------------+------------------------------------------+--------------+

