

================================================================
== Vitis HLS Report for 'A_IO_L2_in_10_x1'
================================================================
* Date:           Tue Jun 28 23:04:54 2022

* Version:        2020.2 (Build 3064766 on Wed Nov 18 09:12:47 MST 2020)
* Project:        top
* Solution:       solution (Vitis Kernel Flow Target)
* Product family: virtexuplus
* Target device:  xcu250-figd2104-2L-e


================================================================
== Performance Estimates
================================================================
+ Timing: 
    * Summary: 
    +--------+---------+----------+------------+
    |  Clock |  Target | Estimated| Uncertainty|
    +--------+---------+----------+------------+
    |ap_clk  |  3.33 ns|  2.433 ns|     0.90 ns|
    +--------+---------+----------+------------+

+ Latency: 
    * Summary: 
    +---------+---------+----------+----------+-------+-------+---------+
    |  Latency (cycles) |  Latency (absolute) |    Interval   | Pipeline|
    |   min   |   max   |    min   |    max   |  min  |  max  |   Type  |
    +---------+---------+----------+----------+-------+-------+---------+
    |    72872|    72872|  0.243 ms|  0.243 ms|  72872|  72872|     none|
    +---------+---------+----------+----------+-------+-------+---------+

    + Detail: 
        * Instance: 
        N/A

        * Loop: 
        +------------------------------+---------+---------+----------+-----------+-----------+------+----------+
        |                              |  Latency (cycles) | Iteration|  Initiation Interval  | Trip |          |
        |           Loop Name          |   min   |   max   |  Latency |  achieved |   target  | Count| Pipelined|
        +------------------------------+---------+---------+----------+-----------+-----------+------+----------+
        |- A_IO_L2_in_10_x1_loop_1     |     3174|     3174|      1058|          -|          -|     3|        no|
        | + A_IO_L2_in_10_x1_loop_2    |     1056|     1056|        66|          -|          -|    16|        no|
        |  ++ A_IO_L2_in_10_x1_loop_3  |       64|       64|         2|          -|          -|    32|        no|
        |- A_IO_L2_in_10_x1_loop_4     |    69696|    69696|      2178|          -|          -|    32|        no|
        | + A_IO_L2_in_10_x1_loop_5    |     2176|     2176|        34|          -|          -|    64|        no|
        |  ++ A_IO_L2_in_10_x1_loop_6  |       32|       32|         2|          -|          -|    16|        no|
        +------------------------------+---------+---------+----------+-----------+-----------+------+----------+

============================================================
+ Verbose Summary: Synthesis Manager
============================================================
InlineROM: 1
ExposeGlobal: 0
============================================================
+ Verbose Summary: CDFG Model
============================================================
IsTopModel: 0
ResetActiveHigh: 1
IsCombinational: 2
IsDatapathOnly: 0
HasWiredReturn: 1
HasMFsm: 0
HasVarLatency: 1
IsPipeline: 0
IsRtlPipelined: 0
IsInstanceOverlapped: 0
IsDontTouch: 0
HasImplIP: 0
IsGatedGlobalClock: 0


============================================================
+ Verbose Summary: Schedule
============================================================
* Number of FSM states : 9
* Pipeline : 0
* Dataflow Pipeline: 0

* FSM state transitions: 
1 --> 2 
2 --> 3 6 
3 --> 4 2 
4 --> 5 3 
5 --> 4 
6 --> 7 
7 --> 8 6 
8 --> 9 7 
9 --> 8 

* FSM state operations: 

State 1 <SV = 0> <Delay = 0.38>
ST_1 : Operation 10 [1/1] (0.00ns)   --->   "%specinterface_ln0 = specinterface void @_ssdm_op_SpecInterface, i256 %fifo_A_PE_10_0_x146, void @empty_53, i32 0, i32 0, void @empty_25, i32 0, i32 0, void @empty_25, void @empty_25, void @empty_25, i32 0, i32 0, i32 0, i32 0, void @empty_25, void @empty_25"   --->   Operation 10 'specinterface' 'specinterface_ln0' <Predicate = true> <Delay = 0.00>
ST_1 : Operation 11 [1/1] (0.00ns)   --->   "%specinterface_ln0 = specinterface void @_ssdm_op_SpecInterface, i256 %fifo_A_A_IO_L2_in_11_x112, void @empty_53, i32 0, i32 0, void @empty_25, i32 0, i32 0, void @empty_25, void @empty_25, void @empty_25, i32 0, i32 0, i32 0, i32 0, void @empty_25, void @empty_25"   --->   Operation 11 'specinterface' 'specinterface_ln0' <Predicate = true> <Delay = 0.00>
ST_1 : Operation 12 [1/1] (0.00ns)   --->   "%specinterface_ln0 = specinterface void @_ssdm_op_SpecInterface, i256 %fifo_A_A_IO_L2_in_10_x111, void @empty_53, i32 0, i32 0, void @empty_25, i32 0, i32 0, void @empty_25, void @empty_25, void @empty_25, i32 0, i32 0, i32 0, i32 0, void @empty_25, void @empty_25"   --->   Operation 12 'specinterface' 'specinterface_ln0' <Predicate = true> <Delay = 0.00>
ST_1 : Operation 13 [1/1] (0.00ns)   --->   "%local_A_pong_V = alloca i64 1" [./dut.cpp:6983]   --->   Operation 13 'alloca' 'local_A_pong_V' <Predicate = true> <Delay = 0.00> <CoreInst = "RAM_2P_BRAM">   --->   Core 94 'RAM_2P_BRAM' <Latency = 1> <II = 1> <Delay = 1.20> <Storage> <Opcode : 'load' 'store'> <Ports = 2> <Width = 256> <Depth = 512> <RAM>
ST_1 : Operation 14 [1/1] (0.00ns)   --->   "%specmemcore_ln6983 = specmemcore void @_ssdm_op_SpecMemCore, i256 %local_A_pong_V, i64 666, i64 22, i64 18446744073709551615" [./dut.cpp:6983]   --->   Operation 14 'specmemcore' 'specmemcore_ln6983' <Predicate = true> <Delay = 0.00>
ST_1 : Operation 15 [1/1] (0.38ns)   --->   "%br_ln6990 = br void" [./dut.cpp:6990]   --->   Operation 15 'br' 'br_ln6990' <Predicate = true> <Delay = 0.38>

State 2 <SV = 1> <Delay = 0.65>
ST_2 : Operation 16 [1/1] (0.00ns)   --->   "%c3_V = phi i4 %add_ln691, void, i4 10, void"   --->   Operation 16 'phi' 'c3_V' <Predicate = true> <Delay = 0.00>
ST_2 : Operation 17 [1/1] (0.65ns)   --->   "%icmp_ln890 = icmp_eq  i4 %c3_V, i4 13"   --->   Operation 17 'icmp' 'icmp_ln890' <Predicate = true> <Delay = 0.65> <CoreInst = "Cmp">   --->   Core 9 'Cmp' <Latency = 0> <II = 1> <Delay = 0.63> <FuncUnit> <Opcode : 'icmp'> <InPorts = 2> <OutPorts = 1>
ST_2 : Operation 18 [1/1] (0.00ns)   --->   "%speclooptripcount_ln0 = speclooptripcount void @_ssdm_op_SpecLoopTripCount, i64 3, i64 3, i64 3"   --->   Operation 18 'speclooptripcount' 'speclooptripcount_ln0' <Predicate = true> <Delay = 0.00>
ST_2 : Operation 19 [1/1] (0.00ns)   --->   "%br_ln6990 = br i1 %icmp_ln890, void %.split10, void %.preheader.preheader" [./dut.cpp:6990]   --->   Operation 19 'br' 'br_ln6990' <Predicate = true> <Delay = 0.00>
ST_2 : Operation 20 [1/1] (0.00ns)   --->   "%specloopname_ln6990 = specloopname void @_ssdm_op_SpecLoopName, void @empty_561" [./dut.cpp:6990]   --->   Operation 20 'specloopname' 'specloopname_ln6990' <Predicate = (!icmp_ln890)> <Delay = 0.00>
ST_2 : Operation 21 [1/1] (0.65ns)   --->   "%cmp_i_i72 = icmp_eq  i4 %c3_V, i4 10"   --->   Operation 21 'icmp' 'cmp_i_i72' <Predicate = (!icmp_ln890)> <Delay = 0.65> <CoreInst = "Cmp">   --->   Core 9 'Cmp' <Latency = 0> <II = 1> <Delay = 0.63> <FuncUnit> <Opcode : 'icmp'> <InPorts = 2> <OutPorts = 1>
ST_2 : Operation 22 [1/1] (0.38ns)   --->   "%br_ln6993 = br void" [./dut.cpp:6993]   --->   Operation 22 'br' 'br_ln6993' <Predicate = (!icmp_ln890)> <Delay = 0.38>
ST_2 : Operation 23 [1/1] (0.38ns)   --->   "%br_ln890 = br void %.preheader"   --->   Operation 23 'br' 'br_ln890' <Predicate = (icmp_ln890)> <Delay = 0.38>

State 3 <SV = 2> <Delay = 0.70>
ST_3 : Operation 24 [1/1] (0.00ns)   --->   "%c4_V = phi i5 %add_ln691_818, void, i5 0, void %.split10"   --->   Operation 24 'phi' 'c4_V' <Predicate = true> <Delay = 0.00>
ST_3 : Operation 25 [1/1] (0.70ns)   --->   "%add_ln691_818 = add i5 %c4_V, i5 1"   --->   Operation 25 'add' 'add_ln691_818' <Predicate = true> <Delay = 0.70> <CoreInst = "Adder">   --->   Core 1 'Adder' <Latency = 0> <II = 1> <Delay = 0.71> <FuncUnit> <Opcode : 'add' 'sub'> <InPorts = 2> <OutPorts = 1>
ST_3 : Operation 26 [1/1] (0.00ns)   --->   "%trunc_ln6999 = trunc i5 %c4_V" [./dut.cpp:6999]   --->   Operation 26 'trunc' 'trunc_ln6999' <Predicate = true> <Delay = 0.00>
ST_3 : Operation 27 [1/1] (0.00ns)   --->   "%tmp_374_cast = bitconcatenate i9 @_ssdm_op_BitConcatenate.i9.i4.i5, i4 %trunc_ln6999, i5 0"   --->   Operation 27 'bitconcatenate' 'tmp_374_cast' <Predicate = true> <Delay = 0.00>
ST_3 : Operation 28 [1/1] (0.63ns)   --->   "%icmp_ln890_662 = icmp_eq  i5 %c4_V, i5 16"   --->   Operation 28 'icmp' 'icmp_ln890_662' <Predicate = true> <Delay = 0.63> <CoreInst = "Cmp">   --->   Core 9 'Cmp' <Latency = 0> <II = 1> <Delay = 0.63> <FuncUnit> <Opcode : 'icmp'> <InPorts = 2> <OutPorts = 1>
ST_3 : Operation 29 [1/1] (0.00ns)   --->   "%speclooptripcount_ln0 = speclooptripcount void @_ssdm_op_SpecLoopTripCount, i64 16, i64 16, i64 16"   --->   Operation 29 'speclooptripcount' 'speclooptripcount_ln0' <Predicate = true> <Delay = 0.00>
ST_3 : Operation 30 [1/1] (0.00ns)   --->   "%br_ln6993 = br i1 %icmp_ln890_662, void %.split8, void" [./dut.cpp:6993]   --->   Operation 30 'br' 'br_ln6993' <Predicate = true> <Delay = 0.00>
ST_3 : Operation 31 [1/1] (0.00ns)   --->   "%specloopname_ln6993 = specloopname void @_ssdm_op_SpecLoopName, void @empty_1004" [./dut.cpp:6993]   --->   Operation 31 'specloopname' 'specloopname_ln6993' <Predicate = (!icmp_ln890_662)> <Delay = 0.00>
ST_3 : Operation 32 [1/1] (0.38ns)   --->   "%br_ln6995 = br void" [./dut.cpp:6995]   --->   Operation 32 'br' 'br_ln6995' <Predicate = (!icmp_ln890_662)> <Delay = 0.38>
ST_3 : Operation 33 [1/1] (0.70ns)   --->   "%add_ln691 = add i4 %c3_V, i4 1"   --->   Operation 33 'add' 'add_ln691' <Predicate = (icmp_ln890_662)> <Delay = 0.70> <CoreInst = "Adder">   --->   Core 1 'Adder' <Latency = 0> <II = 1> <Delay = 0.71> <FuncUnit> <Opcode : 'add' 'sub'> <InPorts = 2> <OutPorts = 1>
ST_3 : Operation 34 [1/1] (0.00ns)   --->   "%br_ln0 = br void"   --->   Operation 34 'br' 'br_ln0' <Predicate = (icmp_ln890_662)> <Delay = 0.00>

State 4 <SV = 3> <Delay = 0.71>
ST_4 : Operation 35 [1/1] (0.00ns)   --->   "%c5_V_27 = phi i6 0, void %.split8, i6 %add_ln691_821, void"   --->   Operation 35 'phi' 'c5_V_27' <Predicate = true> <Delay = 0.00>
ST_4 : Operation 36 [1/1] (0.70ns)   --->   "%add_ln691_821 = add i6 %c5_V_27, i6 1"   --->   Operation 36 'add' 'add_ln691_821' <Predicate = true> <Delay = 0.70> <CoreInst = "Adder">   --->   Core 1 'Adder' <Latency = 0> <II = 1> <Delay = 0.71> <FuncUnit> <Opcode : 'add' 'sub'> <InPorts = 2> <OutPorts = 1>
ST_4 : Operation 37 [1/1] (0.00ns)   --->   "%zext_ln6999 = zext i6 %c5_V_27" [./dut.cpp:6999]   --->   Operation 37 'zext' 'zext_ln6999' <Predicate = true> <Delay = 0.00>
ST_4 : Operation 38 [1/1] (0.71ns)   --->   "%add_ln6999 = add i9 %tmp_374_cast, i9 %zext_ln6999" [./dut.cpp:6999]   --->   Operation 38 'add' 'add_ln6999' <Predicate = true> <Delay = 0.71> <CoreInst = "Adder">   --->   Core 1 'Adder' <Latency = 0> <II = 1> <Delay = 0.71> <FuncUnit> <Opcode : 'add' 'sub'> <InPorts = 2> <OutPorts = 1>
ST_4 : Operation 39 [1/1] (0.00ns)   --->   "%zext_ln6999_1 = zext i9 %add_ln6999" [./dut.cpp:6999]   --->   Operation 39 'zext' 'zext_ln6999_1' <Predicate = true> <Delay = 0.00>
ST_4 : Operation 40 [1/1] (0.00ns)   --->   "%local_A_pong_V_addr = getelementptr i256 %local_A_pong_V, i64 0, i64 %zext_ln6999_1" [./dut.cpp:6999]   --->   Operation 40 'getelementptr' 'local_A_pong_V_addr' <Predicate = true> <Delay = 0.00>
ST_4 : Operation 41 [1/1] (0.61ns)   --->   "%icmp_ln890_664 = icmp_eq  i6 %c5_V_27, i6 32"   --->   Operation 41 'icmp' 'icmp_ln890_664' <Predicate = true> <Delay = 0.61> <CoreInst = "Cmp">   --->   Core 9 'Cmp' <Latency = 0> <II = 1> <Delay = 0.63> <FuncUnit> <Opcode : 'icmp'> <InPorts = 2> <OutPorts = 1>
ST_4 : Operation 42 [1/1] (0.00ns)   --->   "%speclooptripcount_ln0 = speclooptripcount void @_ssdm_op_SpecLoopTripCount, i64 32, i64 32, i64 32"   --->   Operation 42 'speclooptripcount' 'speclooptripcount_ln0' <Predicate = true> <Delay = 0.00>
ST_4 : Operation 43 [1/1] (0.00ns)   --->   "%br_ln6995 = br i1 %icmp_ln890_664, void %.split6, void" [./dut.cpp:6995]   --->   Operation 43 'br' 'br_ln6995' <Predicate = true> <Delay = 0.00>
ST_4 : Operation 44 [1/1] (0.00ns)   --->   "%br_ln0 = br void"   --->   Operation 44 'br' 'br_ln0' <Predicate = (icmp_ln890_664)> <Delay = 0.00>

State 5 <SV = 4> <Delay = 2.43>
ST_5 : Operation 45 [1/1] (0.00ns)   --->   "%specloopname_ln6995 = specloopname void @_ssdm_op_SpecLoopName, void @empty_643" [./dut.cpp:6995]   --->   Operation 45 'specloopname' 'specloopname_ln6995' <Predicate = true> <Delay = 0.00>
ST_5 : Operation 46 [1/1] (1.21ns)   --->   "%tmp = read i256 @_ssdm_op_Read.ap_fifo.volatile.i256P0A, i256 %fifo_A_A_IO_L2_in_10_x111" [/home/rcslfpgaserver/Softwares/Xilinx/Vitis_HLS/2020.2/common/technology/autopilot/hls_stream_39.h:145]   --->   Operation 46 'read' 'tmp' <Predicate = true> <Delay = 1.21> <CoreInst = "FIFO_SRL">   --->   Core 81 'FIFO_SRL' <Latency = 0> <II = 1> <Delay = 1.42> <Storage> <Opcode : 'read' 'write' 'nbread' 'nbwrite'> <Ports = 0> <Width = 256> <Depth = 2> <FIFO>
ST_5 : Operation 47 [1/1] (0.00ns)   --->   "%br_ln6998 = br i1 %cmp_i_i72, void, void" [./dut.cpp:6998]   --->   Operation 47 'br' 'br_ln6998' <Predicate = true> <Delay = 0.00>
ST_5 : Operation 48 [1/1] (1.21ns)   --->   "%write_ln174 = write void @_ssdm_op_Write.ap_fifo.volatile.i256P0A, i256 %fifo_A_A_IO_L2_in_11_x112, i256 %tmp" [/home/rcslfpgaserver/Softwares/Xilinx/Vitis_HLS/2020.2/common/technology/autopilot/hls_stream_39.h:174]   --->   Operation 48 'write' 'write_ln174' <Predicate = (!cmp_i_i72)> <Delay = 1.21> <CoreInst = "FIFO_SRL">   --->   Core 81 'FIFO_SRL' <Latency = 0> <II = 1> <Delay = 1.42> <Storage> <Opcode : 'read' 'write' 'nbread' 'nbwrite'> <Ports = 0> <Width = 256> <Depth = 2> <FIFO>
ST_5 : Operation 49 [1/1] (0.00ns)   --->   "%br_ln0 = br void"   --->   Operation 49 'br' 'br_ln0' <Predicate = (!cmp_i_i72)> <Delay = 0.00>
ST_5 : Operation 50 [1/1] (1.20ns)   --->   "%store_ln6999 = store i256 %tmp, i9 %local_A_pong_V_addr" [./dut.cpp:6999]   --->   Operation 50 'store' 'store_ln6999' <Predicate = (cmp_i_i72)> <Delay = 1.20> <CoreInst = "RAM_2P_BRAM">   --->   Core 94 'RAM_2P_BRAM' <Latency = 1> <II = 1> <Delay = 1.20> <Storage> <Opcode : 'load' 'store'> <Ports = 2> <Width = 256> <Depth = 512> <RAM>
ST_5 : Operation 51 [1/1] (0.00ns)   --->   "%br_ln7000 = br void" [./dut.cpp:7000]   --->   Operation 51 'br' 'br_ln7000' <Predicate = (cmp_i_i72)> <Delay = 0.00>
ST_5 : Operation 52 [1/1] (0.00ns)   --->   "%br_ln0 = br void"   --->   Operation 52 'br' 'br_ln0' <Predicate = true> <Delay = 0.00>

State 6 <SV = 2> <Delay = 0.70>
ST_6 : Operation 53 [1/1] (0.00ns)   --->   "%c5_V = phi i6 %add_ln691_817, void, i6 0, void %.preheader.preheader"   --->   Operation 53 'phi' 'c5_V' <Predicate = true> <Delay = 0.00>
ST_6 : Operation 54 [1/1] (0.70ns)   --->   "%add_ln691_817 = add i6 %c5_V, i6 1"   --->   Operation 54 'add' 'add_ln691_817' <Predicate = true> <Delay = 0.70> <CoreInst = "Adder">   --->   Core 1 'Adder' <Latency = 0> <II = 1> <Delay = 0.71> <FuncUnit> <Opcode : 'add' 'sub'> <InPorts = 2> <OutPorts = 1>
ST_6 : Operation 55 [1/1] (0.00ns)   --->   "%zext_ln890 = zext i6 %c5_V"   --->   Operation 55 'zext' 'zext_ln890' <Predicate = true> <Delay = 0.00>
ST_6 : Operation 56 [1/1] (0.61ns)   --->   "%icmp_ln890_661 = icmp_eq  i6 %c5_V, i6 32"   --->   Operation 56 'icmp' 'icmp_ln890_661' <Predicate = true> <Delay = 0.61> <CoreInst = "Cmp">   --->   Core 9 'Cmp' <Latency = 0> <II = 1> <Delay = 0.63> <FuncUnit> <Opcode : 'icmp'> <InPorts = 2> <OutPorts = 1>
ST_6 : Operation 57 [1/1] (0.00ns)   --->   "%speclooptripcount_ln0 = speclooptripcount void @_ssdm_op_SpecLoopTripCount, i64 32, i64 32, i64 32"   --->   Operation 57 'speclooptripcount' 'speclooptripcount_ln0' <Predicate = true> <Delay = 0.00>
ST_6 : Operation 58 [1/1] (0.00ns)   --->   "%br_ln7009 = br i1 %icmp_ln890_661, void %.split4, void" [./dut.cpp:7009]   --->   Operation 58 'br' 'br_ln7009' <Predicate = true> <Delay = 0.00>
ST_6 : Operation 59 [1/1] (0.00ns)   --->   "%specloopname_ln7009 = specloopname void @_ssdm_op_SpecLoopName, void @empty_606" [./dut.cpp:7009]   --->   Operation 59 'specloopname' 'specloopname_ln7009' <Predicate = (!icmp_ln890_661)> <Delay = 0.00>
ST_6 : Operation 60 [1/1] (0.38ns)   --->   "%br_ln7011 = br void" [./dut.cpp:7011]   --->   Operation 60 'br' 'br_ln7011' <Predicate = (!icmp_ln890_661)> <Delay = 0.38>
ST_6 : Operation 61 [1/1] (0.00ns)   --->   "%ret_ln7021 = ret" [./dut.cpp:7021]   --->   Operation 61 'ret' 'ret_ln7021' <Predicate = (icmp_ln890_661)> <Delay = 0.00>

State 7 <SV = 3> <Delay = 0.70>
ST_7 : Operation 62 [1/1] (0.00ns)   --->   "%c6_V = phi i7 %add_ln691_819, void, i7 0, void %.split4"   --->   Operation 62 'phi' 'c6_V' <Predicate = true> <Delay = 0.00>
ST_7 : Operation 63 [1/1] (0.70ns)   --->   "%add_ln691_819 = add i7 %c6_V, i7 1"   --->   Operation 63 'add' 'add_ln691_819' <Predicate = true> <Delay = 0.70> <CoreInst = "Adder">   --->   Core 1 'Adder' <Latency = 0> <II = 1> <Delay = 0.71> <FuncUnit> <Opcode : 'add' 'sub'> <InPorts = 2> <OutPorts = 1>
ST_7 : Operation 64 [1/1] (0.59ns)   --->   "%icmp_ln890_663 = icmp_eq  i7 %c6_V, i7 64"   --->   Operation 64 'icmp' 'icmp_ln890_663' <Predicate = true> <Delay = 0.59> <CoreInst = "Cmp">   --->   Core 9 'Cmp' <Latency = 0> <II = 1> <Delay = 0.63> <FuncUnit> <Opcode : 'icmp'> <InPorts = 2> <OutPorts = 1>
ST_7 : Operation 65 [1/1] (0.00ns)   --->   "%speclooptripcount_ln0 = speclooptripcount void @_ssdm_op_SpecLoopTripCount, i64 64, i64 64, i64 64"   --->   Operation 65 'speclooptripcount' 'speclooptripcount_ln0' <Predicate = true> <Delay = 0.00>
ST_7 : Operation 66 [1/1] (0.00ns)   --->   "%br_ln7011 = br i1 %icmp_ln890_663, void %.split2, void" [./dut.cpp:7011]   --->   Operation 66 'br' 'br_ln7011' <Predicate = true> <Delay = 0.00>
ST_7 : Operation 67 [1/1] (0.00ns)   --->   "%specloopname_ln7011 = specloopname void @_ssdm_op_SpecLoopName, void @empty_641" [./dut.cpp:7011]   --->   Operation 67 'specloopname' 'specloopname_ln7011' <Predicate = (!icmp_ln890_663)> <Delay = 0.00>
ST_7 : Operation 68 [1/1] (0.38ns)   --->   "%br_ln7013 = br void" [./dut.cpp:7013]   --->   Operation 68 'br' 'br_ln7013' <Predicate = (!icmp_ln890_663)> <Delay = 0.38>
ST_7 : Operation 69 [1/1] (0.00ns)   --->   "%br_ln0 = br void %.preheader"   --->   Operation 69 'br' 'br_ln0' <Predicate = (icmp_ln890_663)> <Delay = 0.00>

State 8 <SV = 4> <Delay = 1.91>
ST_8 : Operation 70 [1/1] (0.00ns)   --->   "%c7_V = phi i5 %add_ln691_820, void %.split, i5 0, void %.split2"   --->   Operation 70 'phi' 'c7_V' <Predicate = true> <Delay = 0.00>
ST_8 : Operation 71 [1/1] (0.70ns)   --->   "%add_ln691_820 = add i5 %c7_V, i5 1"   --->   Operation 71 'add' 'add_ln691_820' <Predicate = true> <Delay = 0.70> <CoreInst = "Adder">   --->   Core 1 'Adder' <Latency = 0> <II = 1> <Delay = 0.71> <FuncUnit> <Opcode : 'add' 'sub'> <InPorts = 2> <OutPorts = 1>
ST_8 : Operation 72 [1/1] (0.00ns)   --->   "%trunc_ln7016 = trunc i5 %c7_V" [./dut.cpp:7016]   --->   Operation 72 'trunc' 'trunc_ln7016' <Predicate = true> <Delay = 0.00>
ST_8 : Operation 73 [1/1] (0.00ns)   --->   "%tmp_cast = bitconcatenate i9 @_ssdm_op_BitConcatenate.i9.i4.i5, i4 %trunc_ln7016, i5 0" [./dut.cpp:7016]   --->   Operation 73 'bitconcatenate' 'tmp_cast' <Predicate = true> <Delay = 0.00>
ST_8 : Operation 74 [1/1] (0.71ns)   --->   "%add_ln7016 = add i9 %tmp_cast, i9 %zext_ln890" [./dut.cpp:7016]   --->   Operation 74 'add' 'add_ln7016' <Predicate = true> <Delay = 0.71> <CoreInst = "Adder">   --->   Core 1 'Adder' <Latency = 0> <II = 1> <Delay = 0.71> <FuncUnit> <Opcode : 'add' 'sub'> <InPorts = 2> <OutPorts = 1>
ST_8 : Operation 75 [1/1] (0.00ns)   --->   "%zext_ln7016 = zext i9 %add_ln7016" [./dut.cpp:7016]   --->   Operation 75 'zext' 'zext_ln7016' <Predicate = true> <Delay = 0.00>
ST_8 : Operation 76 [1/1] (0.00ns)   --->   "%local_A_pong_V_addr_23 = getelementptr i256 %local_A_pong_V, i64 0, i64 %zext_ln7016" [./dut.cpp:7016]   --->   Operation 76 'getelementptr' 'local_A_pong_V_addr_23' <Predicate = true> <Delay = 0.00>
ST_8 : Operation 77 [1/1] (0.63ns)   --->   "%icmp_ln890_665 = icmp_eq  i5 %c7_V, i5 16"   --->   Operation 77 'icmp' 'icmp_ln890_665' <Predicate = true> <Delay = 0.63> <CoreInst = "Cmp">   --->   Core 9 'Cmp' <Latency = 0> <II = 1> <Delay = 0.63> <FuncUnit> <Opcode : 'icmp'> <InPorts = 2> <OutPorts = 1>
ST_8 : Operation 78 [1/1] (0.00ns)   --->   "%speclooptripcount_ln0 = speclooptripcount void @_ssdm_op_SpecLoopTripCount, i64 16, i64 16, i64 16"   --->   Operation 78 'speclooptripcount' 'speclooptripcount_ln0' <Predicate = true> <Delay = 0.00>
ST_8 : Operation 79 [1/1] (0.00ns)   --->   "%br_ln7013 = br i1 %icmp_ln890_665, void %.split, void" [./dut.cpp:7013]   --->   Operation 79 'br' 'br_ln7013' <Predicate = true> <Delay = 0.00>
ST_8 : Operation 80 [2/2] (1.20ns)   --->   "%local_A_pong_V_load = load i9 %local_A_pong_V_addr_23" [./dut.cpp:7016]   --->   Operation 80 'load' 'local_A_pong_V_load' <Predicate = (!icmp_ln890_665)> <Delay = 1.20> <CoreInst = "RAM_2P_BRAM">   --->   Core 94 'RAM_2P_BRAM' <Latency = 1> <II = 1> <Delay = 1.20> <Storage> <Opcode : 'load' 'store'> <Ports = 2> <Width = 256> <Depth = 512> <RAM>
ST_8 : Operation 81 [1/1] (0.00ns)   --->   "%br_ln0 = br void"   --->   Operation 81 'br' 'br_ln0' <Predicate = (icmp_ln890_665)> <Delay = 0.00>

State 9 <SV = 5> <Delay = 2.41>
ST_9 : Operation 82 [1/1] (0.00ns)   --->   "%specloopname_ln7013 = specloopname void @_ssdm_op_SpecLoopName, void @empty_547" [./dut.cpp:7013]   --->   Operation 82 'specloopname' 'specloopname_ln7013' <Predicate = true> <Delay = 0.00>
ST_9 : Operation 83 [1/2] (1.20ns)   --->   "%local_A_pong_V_load = load i9 %local_A_pong_V_addr_23" [./dut.cpp:7016]   --->   Operation 83 'load' 'local_A_pong_V_load' <Predicate = true> <Delay = 1.20> <CoreInst = "RAM_2P_BRAM">   --->   Core 94 'RAM_2P_BRAM' <Latency = 1> <II = 1> <Delay = 1.20> <Storage> <Opcode : 'load' 'store'> <Ports = 2> <Width = 256> <Depth = 512> <RAM>
ST_9 : Operation 84 [1/1] (1.21ns)   --->   "%write_ln174 = write void @_ssdm_op_Write.ap_fifo.volatile.i256P0A, i256 %fifo_A_PE_10_0_x146, i256 %local_A_pong_V_load" [/home/rcslfpgaserver/Softwares/Xilinx/Vitis_HLS/2020.2/common/technology/autopilot/hls_stream_39.h:174]   --->   Operation 84 'write' 'write_ln174' <Predicate = true> <Delay = 1.21> <CoreInst = "FIFO_SRL">   --->   Core 81 'FIFO_SRL' <Latency = 0> <II = 1> <Delay = 1.42> <Storage> <Opcode : 'read' 'write' 'nbread' 'nbwrite'> <Ports = 0> <Width = 256> <Depth = 2> <FIFO>
ST_9 : Operation 85 [1/1] (0.00ns)   --->   "%br_ln0 = br void"   --->   Operation 85 'br' 'br_ln0' <Predicate = true> <Delay = 0.00>


============================================================
+ Verbose Summary: Timing violations
============================================================
Target clock period: 3.33ns, clock uncertainty: 0.9ns.

 <State 1>: 0.387ns
The critical path consists of the following:
	multiplexor before 'phi' operation ('c3.V') with incoming values : ('add_ln691') [11]  (0.387 ns)

 <State 2>: 0.656ns
The critical path consists of the following:
	'phi' operation ('c3.V') with incoming values : ('add_ln691') [11]  (0 ns)
	'icmp' operation ('cmp_i_i72') [17]  (0.656 ns)

 <State 3>: 0.708ns
The critical path consists of the following:
	'add' operation ('add_ln691') [55]  (0.708 ns)

 <State 4>: 0.715ns
The critical path consists of the following:
	'phi' operation ('c5.V') with incoming values : ('add_ln691_821') [31]  (0 ns)
	'add' operation ('add_ln6999', ./dut.cpp:6999) [34]  (0.715 ns)

 <State 5>: 2.43ns
The critical path consists of the following:
	fifo read on port 'fifo_A_A_IO_L2_in_10_x111' (/home/rcslfpgaserver/Softwares/Xilinx/Vitis_HLS/2020.2/common/technology/autopilot/hls_stream_39.h:145) [42]  (1.22 ns)
	fifo write on port 'fifo_A_A_IO_L2_in_11_x112' (/home/rcslfpgaserver/Softwares/Xilinx/Vitis_HLS/2020.2/common/technology/autopilot/hls_stream_39.h:174) [45]  (1.22 ns)

 <State 6>: 0.706ns
The critical path consists of the following:
	'phi' operation ('c5.V') with incoming values : ('add_ln691_817') [60]  (0 ns)
	'add' operation ('add_ln691_817') [61]  (0.706 ns)

 <State 7>: 0.706ns
The critical path consists of the following:
	'phi' operation ('c6.V') with incoming values : ('add_ln691_819') [70]  (0 ns)
	'add' operation ('add_ln691_819') [71]  (0.706 ns)

 <State 8>: 1.92ns
The critical path consists of the following:
	'phi' operation ('c7.V') with incoming values : ('add_ln691_820') [79]  (0 ns)
	'add' operation ('add_ln7016', ./dut.cpp:7016) [83]  (0.715 ns)
	'getelementptr' operation ('local_A_pong_V_addr_23', ./dut.cpp:7016) [85]  (0 ns)
	'load' operation ('local_A_pong_V_load', ./dut.cpp:7016) on array 'local_A_pong.V', ./dut.cpp:6983 [91]  (1.2 ns)

 <State 9>: 2.42ns
The critical path consists of the following:
	'load' operation ('local_A_pong_V_load', ./dut.cpp:7016) on array 'local_A_pong.V', ./dut.cpp:6983 [91]  (1.2 ns)
	fifo write on port 'fifo_A_PE_10_0_x146' (/home/rcslfpgaserver/Softwares/Xilinx/Vitis_HLS/2020.2/common/technology/autopilot/hls_stream_39.h:174) [92]  (1.22 ns)


============================================================
+ Verbose Summary: Binding
============================================================
N/A
* FSMD analyzer results:
  - Output states:
 - Input state : 
  - Chain level:
	State 1
	State 2
	State 3
	State 4
	State 5
	State 6
	State 7
	State 8
	State 9


============================================================
+ Verbose Summary: Datapath Resource usage 
============================================================
N/A
