

================================================================
== Vitis HLS Report for 'D_drain_IO_L1_out_wrapper_5_2_x1'
================================================================
* Date:           Fri Jul 15 00:30:38 2022

* Version:        2020.2 (Build 3064766 on Wed Nov 18 09:12:47 MST 2020)
* Project:        top
* Solution:       solution (Vitis Kernel Flow Target)
* Product family: virtexuplus
* Target device:  xcu250-figd2104-2L-e


================================================================
== Performance Estimates
================================================================
+ Timing: 
    * Summary: 
    +--------+---------+----------+------------+
    |  Clock |  Target | Estimated| Uncertainty|
    +--------+---------+----------+------------+
    |ap_clk  |  3.33 ns|  2.433 ns|     0.90 ns|
    +--------+---------+----------+------------+

+ Latency: 
    * Summary: 
    +---------+---------+----------+----------+-----+-------+---------+
    |  Latency (cycles) |  Latency (absolute) |   Interval  | Pipeline|
    |   min   |   max   |    min   |    max   | min |  max  |   Type  |
    +---------+---------+----------+----------+-----+-------+---------+
    |       57|    35889|  0.190 us|  0.120 ms|   57|  35889|     none|
    +---------+---------+----------+----------+-----+-------+---------+

    + Detail: 
        * Instance: 
        N/A

        * Loop: 
        +---------------------------------------------------+---------+---------+-----------+-----------+-----------+------+----------+
        |                                                   |  Latency (cycles) | Iteration |  Initiation Interval  | Trip |          |
        |                     Loop Name                     |   min   |   max   |  Latency  |  achieved |   target  | Count| Pipelined|
        +---------------------------------------------------+---------+---------+-----------+-----------+-----------+------+----------+
        |- D_drain_IO_L1_out_wrapper_5_2_x1_loop_1          |       56|    35888|  14 ~ 8972|          -|          -|     4|        no|
        | + D_drain_IO_L1_out_wrapper_5_2_x1_loop_2         |       12|     8970|   2 ~ 1495|          -|          -|     6|        no|
        |  ++ D_drain_IO_L1_out_wrapper_5_2_x1_loop_3       |     1296|     1296|        162|          -|          -|     8|        no|
        |   +++ D_drain_IO_L1_out_wrapper_5_2_x1_loop_4     |      160|      160|         10|          -|          -|    16|        no|
        |    ++++ D_drain_IO_L1_out_wrapper_5_2_x1_loop_5   |        4|        4|          1|          -|          -|     4|        no|
        |  ++ D_drain_IO_L1_out_wrapper_5_2_x1_loop_6       |      196|      196|         98|          -|          -|     2|        no|
        |   +++ D_drain_IO_L1_out_wrapper_5_2_x1_loop_7     |       96|       96|          6|          -|          -|    16|        no|
        |    ++++ D_drain_IO_L1_out_wrapper_5_2_x1_loop_8   |        4|        4|          2|          -|          -|     2|        no|
        |   +++ D_drain_IO_L1_out_wrapper_5_2_x1_loop_9     |       96|       96|          6|          -|          -|    16|        no|
        |    ++++ D_drain_IO_L1_out_wrapper_5_2_x1_loop_10  |        4|        4|          2|          -|          -|     2|        no|
        +---------------------------------------------------+---------+---------+-----------+-----------+-----------+------+----------+

============================================================
+ Verbose Summary: Synthesis Manager
============================================================
InlineROM: 1
ExposeGlobal: 0
============================================================
+ Verbose Summary: CDFG Model
============================================================
IsTopModel: 0
ResetActiveHigh: 1
IsCombinational: 2
IsDatapathOnly: 0
HasWiredReturn: 1
HasMFsm: 0
HasVarLatency: 1
IsPipeline: 0
IsRtlPipelined: 0
IsInstanceOverlapped: 0
IsDontTouch: 0
HasImplIP: 0
IsGatedGlobalClock: 0


============================================================
+ Verbose Summary: Schedule
============================================================
* Number of FSM states : 16
* Pipeline : 0
* Dataflow Pipeline: 0

* FSM state transitions: 
1 --> 2 
2 --> 3 
3 --> 11 4 2 
4 --> 5 11 
5 --> 6 4 
6 --> 7 
7 --> 8 7 
8 --> 9 
9 --> 10 
10 --> 5 
11 --> 12 3 
12 --> 13 15 11 
13 --> 14 12 
14 --> 13 
15 --> 16 12 
16 --> 15 

* FSM state operations: 

State 1 <SV = 0> <Delay = 0.38>
ST_1 : Operation 17 [1/1] (0.00ns)   --->   "%specmemcore_ln0 = specmemcore void @_ssdm_op_SpecMemCore, i128 %fifo_D_drain_D_drain_IO_L1_out_5_3_x1196, i64 666, i64 10, i64 18446744073709551615"   --->   Operation 17 'specmemcore' 'specmemcore_ln0' <Predicate = true> <Delay = 0.00>
ST_1 : Operation 18 [1/1] (0.00ns)   --->   "%specmemcore_ln0 = specmemcore void @_ssdm_op_SpecMemCore, i128 %fifo_D_drain_D_drain_IO_L1_out_5_2_x1195, i64 666, i64 10, i64 18446744073709551615"   --->   Operation 18 'specmemcore' 'specmemcore_ln0' <Predicate = true> <Delay = 0.00>
ST_1 : Operation 19 [1/1] (0.00ns)   --->   "%specmemcore_ln0 = specmemcore void @_ssdm_op_SpecMemCore, i32 %fifo_D_drain_PE_2_5_x1163, i64 666, i64 10, i64 18446744073709551615"   --->   Operation 19 'specmemcore' 'specmemcore_ln0' <Predicate = true> <Delay = 0.00>
ST_1 : Operation 20 [1/1] (0.00ns)   --->   "%specinterface_ln0 = specinterface void @_ssdm_op_SpecInterface, i128 %fifo_D_drain_D_drain_IO_L1_out_5_3_x1196, void @empty_808, i32 0, i32 0, void @empty_728, i32 0, i32 0, void @empty_728, void @empty_728, void @empty_728, i32 0, i32 0, i32 0, i32 0, void @empty_728, void @empty_728"   --->   Operation 20 'specinterface' 'specinterface_ln0' <Predicate = true> <Delay = 0.00>
ST_1 : Operation 21 [1/1] (0.00ns)   --->   "%specinterface_ln0 = specinterface void @_ssdm_op_SpecInterface, i128 %fifo_D_drain_D_drain_IO_L1_out_5_2_x1195, void @empty_808, i32 0, i32 0, void @empty_728, i32 0, i32 0, void @empty_728, void @empty_728, void @empty_728, i32 0, i32 0, i32 0, i32 0, void @empty_728, void @empty_728"   --->   Operation 21 'specinterface' 'specinterface_ln0' <Predicate = true> <Delay = 0.00>
ST_1 : Operation 22 [1/1] (0.00ns)   --->   "%specinterface_ln0 = specinterface void @_ssdm_op_SpecInterface, i32 %fifo_D_drain_PE_2_5_x1163, void @empty_808, i32 0, i32 0, void @empty_728, i32 0, i32 0, void @empty_728, void @empty_728, void @empty_728, i32 0, i32 0, i32 0, i32 0, void @empty_728, void @empty_728"   --->   Operation 22 'specinterface' 'specinterface_ln0' <Predicate = true> <Delay = 0.00>
ST_1 : Operation 23 [1/1] (0.00ns)   --->   "%local_D_V = alloca i64 1" [./dut.cpp:24198]   --->   Operation 23 'alloca' 'local_D_V' <Predicate = true> <Delay = 0.00> <CoreInst = "RAM">   --->   Core 83 'RAM' <Latency = 1> <II = 1> <Delay = 0.73> <Storage> <Opcode : 'load' 'store'> <Ports = 2> <Width = 128> <Depth = 32> <RAM>
ST_1 : Operation 24 [1/1] (0.00ns)   --->   "%data_split_V = alloca i64 1" [./dut.cpp:24207]   --->   Operation 24 'alloca' 'data_split_V' <Predicate = true> <Delay = 0.00> <CoreInst = "RAM">   --->   Core 83 'RAM' <Latency = 1> <II = 1> <Delay = 0.69> <Storage> <Opcode : 'load' 'store'> <Ports = 2> <Width = 32> <Depth = 4> <RAM>
ST_1 : Operation 25 [1/1] (0.00ns)   --->   "%data_split_V_addr = getelementptr i32 %data_split_V, i64 0, i64 3"   --->   Operation 25 'getelementptr' 'data_split_V_addr' <Predicate = true> <Delay = 0.00>
ST_1 : Operation 26 [1/1] (0.00ns)   --->   "%data_split_V_addr_61 = getelementptr i32 %data_split_V, i64 0, i64 2"   --->   Operation 26 'getelementptr' 'data_split_V_addr_61' <Predicate = true> <Delay = 0.00>
ST_1 : Operation 27 [1/1] (0.00ns)   --->   "%data_split_V_addr_62 = getelementptr i32 %data_split_V, i64 0, i64 1"   --->   Operation 27 'getelementptr' 'data_split_V_addr_62' <Predicate = true> <Delay = 0.00>
ST_1 : Operation 28 [1/1] (0.00ns)   --->   "%data_split_V_addr_63 = getelementptr i32 %data_split_V, i64 0, i64 0"   --->   Operation 28 'getelementptr' 'data_split_V_addr_63' <Predicate = true> <Delay = 0.00>
ST_1 : Operation 29 [1/1] (0.38ns)   --->   "%br_ln24201 = br void" [./dut.cpp:24201]   --->   Operation 29 'br' 'br_ln24201' <Predicate = true> <Delay = 0.38>

State 2 <SV = 1> <Delay = 0.57>
ST_2 : Operation 30 [1/1] (0.00ns)   --->   "%c0_V = phi i3 %add_ln691, void, i3 0, void"   --->   Operation 30 'phi' 'c0_V' <Predicate = true> <Delay = 0.00>
ST_2 : Operation 31 [1/1] (0.57ns)   --->   "%add_ln691 = add i3 %c0_V, i3 1"   --->   Operation 31 'add' 'add_ln691' <Predicate = true> <Delay = 0.57> <CoreInst = "Adder">   --->   Core 1 'Adder' <Latency = 0> <II = 1> <Delay = 0.57> <FuncUnit> <Opcode : 'add' 'sub'> <InPorts = 2> <OutPorts = 1>
ST_2 : Operation 32 [1/1] (0.49ns)   --->   "%icmp_ln890 = icmp_eq  i3 %c0_V, i3 4"   --->   Operation 32 'icmp' 'icmp_ln890' <Predicate = true> <Delay = 0.49> <CoreInst = "Cmp">   --->   Core 9 'Cmp' <Latency = 0> <II = 1> <Delay = 0.34> <FuncUnit> <Opcode : 'icmp'> <InPorts = 2> <OutPorts = 1>
ST_2 : Operation 33 [1/1] (0.00ns)   --->   "%speclooptripcount_ln0 = speclooptripcount void @_ssdm_op_SpecLoopTripCount, i64 4, i64 4, i64 4"   --->   Operation 33 'speclooptripcount' 'speclooptripcount_ln0' <Predicate = true> <Delay = 0.00>
ST_2 : Operation 34 [1/1] (0.00ns)   --->   "%br_ln24201 = br i1 %icmp_ln890, void %.split24, void" [./dut.cpp:24201]   --->   Operation 34 'br' 'br_ln24201' <Predicate = true> <Delay = 0.00>
ST_2 : Operation 35 [1/1] (0.00ns)   --->   "%specloopname_ln24201 = specloopname void @_ssdm_op_SpecLoopName, void @empty_134" [./dut.cpp:24201]   --->   Operation 35 'specloopname' 'specloopname_ln24201' <Predicate = (!icmp_ln890)> <Delay = 0.00>
ST_2 : Operation 36 [1/1] (0.38ns)   --->   "%br_ln24202 = br void" [./dut.cpp:24202]   --->   Operation 36 'br' 'br_ln24202' <Predicate = (!icmp_ln890)> <Delay = 0.38>
ST_2 : Operation 37 [1/1] (0.00ns)   --->   "%ret_ln24268 = ret" [./dut.cpp:24268]   --->   Operation 37 'ret' 'ret_ln24268' <Predicate = (icmp_ln890)> <Delay = 0.00>

State 3 <SV = 2> <Delay = 0.74>
ST_3 : Operation 38 [1/1] (0.00ns)   --->   "%c1_V = phi i3 0, void %.split24, i3 %add_ln691_928, void %.loopexit421"   --->   Operation 38 'phi' 'c1_V' <Predicate = true> <Delay = 0.00>
ST_3 : Operation 39 [1/1] (0.57ns)   --->   "%add_ln691_928 = add i3 %c1_V, i3 1"   --->   Operation 39 'add' 'add_ln691_928' <Predicate = true> <Delay = 0.57> <CoreInst = "Adder">   --->   Core 1 'Adder' <Latency = 0> <II = 1> <Delay = 0.57> <FuncUnit> <Opcode : 'add' 'sub'> <InPorts = 2> <OutPorts = 1>
ST_3 : Operation 40 [1/1] (0.49ns)   --->   "%icmp_ln890_783 = icmp_eq  i3 %c1_V, i3 6"   --->   Operation 40 'icmp' 'icmp_ln890_783' <Predicate = true> <Delay = 0.49> <CoreInst = "Cmp">   --->   Core 9 'Cmp' <Latency = 0> <II = 1> <Delay = 0.34> <FuncUnit> <Opcode : 'icmp'> <InPorts = 2> <OutPorts = 1>
ST_3 : Operation 41 [1/1] (0.00ns)   --->   "%speclooptripcount_ln0 = speclooptripcount void @_ssdm_op_SpecLoopTripCount, i64 6, i64 6, i64 6"   --->   Operation 41 'speclooptripcount' 'speclooptripcount_ln0' <Predicate = true> <Delay = 0.00>
ST_3 : Operation 42 [1/1] (0.00ns)   --->   "%br_ln24202 = br i1 %icmp_ln890_783, void %.split22, void" [./dut.cpp:24202]   --->   Operation 42 'br' 'br_ln24202' <Predicate = true> <Delay = 0.00>
ST_3 : Operation 43 [1/1] (0.00ns)   --->   "%specloopname_ln1461 = specloopname void @_ssdm_op_SpecLoopName, void @empty_61"   --->   Operation 43 'specloopname' 'specloopname_ln1461' <Predicate = (!icmp_ln890_783)> <Delay = 0.00>
ST_3 : Operation 44 [1/1] (0.00ns) (grouped into LUT with out node icmp_ln890_784)   --->   "%ret_122 = bitconcatenate i6 @_ssdm_op_BitConcatenate.i6.i3.i3, i3 %c1_V, i3 0"   --->   Operation 44 'bitconcatenate' 'ret_122' <Predicate = (!icmp_ln890_783)> <Delay = 0.00>
ST_3 : Operation 45 [1/1] (0.00ns) (grouped into LUT with out node icmp_ln890_784)   --->   "%ret = or i6 %ret_122, i6 4"   --->   Operation 45 'or' 'ret' <Predicate = (!icmp_ln890_783)> <Delay = 0.00>
ST_3 : Operation 46 [1/1] (0.61ns) (out node of the LUT)   --->   "%icmp_ln890_784 = icmp_ult  i6 %ret, i6 42"   --->   Operation 46 'icmp' 'icmp_ln890_784' <Predicate = (!icmp_ln890_783)> <Delay = 0.61> <CoreInst = "Cmp">   --->   Core 9 'Cmp' <Latency = 0> <II = 1> <Delay = 0.34> <FuncUnit> <Opcode : 'icmp'> <InPorts = 2> <OutPorts = 1>
ST_3 : Operation 47 [1/1] (0.00ns)   --->   "%br_ln24203 = br i1 %icmp_ln890_784, void %.loopexit421, void %.preheader6.preheader" [./dut.cpp:24203]   --->   Operation 47 'br' 'br_ln24203' <Predicate = (!icmp_ln890_783)> <Delay = 0.00>
ST_3 : Operation 48 [1/1] (0.38ns)   --->   "%br_ln890 = br void %.preheader6"   --->   Operation 48 'br' 'br_ln890' <Predicate = (!icmp_ln890_783 & icmp_ln890_784)> <Delay = 0.38>
ST_3 : Operation 49 [1/1] (0.00ns)   --->   "%br_ln0 = br void"   --->   Operation 49 'br' 'br_ln0' <Predicate = (icmp_ln890_783)> <Delay = 0.00>

State 4 <SV = 3> <Delay = 0.70>
ST_4 : Operation 50 [1/1] (0.00ns)   --->   "%c7_V = phi i4 %add_ln691_927, void, i4 0, void %.preheader6.preheader"   --->   Operation 50 'phi' 'c7_V' <Predicate = true> <Delay = 0.00>
ST_4 : Operation 51 [1/1] (0.70ns)   --->   "%add_ln691_927 = add i4 %c7_V, i4 1"   --->   Operation 51 'add' 'add_ln691_927' <Predicate = true> <Delay = 0.70> <CoreInst = "Adder">   --->   Core 1 'Adder' <Latency = 0> <II = 1> <Delay = 0.57> <FuncUnit> <Opcode : 'add' 'sub'> <InPorts = 2> <OutPorts = 1>
ST_4 : Operation 52 [1/1] (0.65ns)   --->   "%icmp_ln890_785 = icmp_eq  i4 %c7_V, i4 8"   --->   Operation 52 'icmp' 'icmp_ln890_785' <Predicate = true> <Delay = 0.65> <CoreInst = "Cmp">   --->   Core 9 'Cmp' <Latency = 0> <II = 1> <Delay = 0.34> <FuncUnit> <Opcode : 'icmp'> <InPorts = 2> <OutPorts = 1>
ST_4 : Operation 53 [1/1] (0.00ns)   --->   "%speclooptripcount_ln0 = speclooptripcount void @_ssdm_op_SpecLoopTripCount, i64 8, i64 8, i64 8"   --->   Operation 53 'speclooptripcount' 'speclooptripcount_ln0' <Predicate = true> <Delay = 0.00>
ST_4 : Operation 54 [1/1] (0.00ns)   --->   "%br_ln24209 = br i1 %icmp_ln890_785, void %.split10, void %.preheader5.preheader" [./dut.cpp:24209]   --->   Operation 54 'br' 'br_ln24209' <Predicate = true> <Delay = 0.00>
ST_4 : Operation 55 [1/1] (0.00ns)   --->   "%specloopname_ln24209 = specloopname void @_ssdm_op_SpecLoopName, void @empty" [./dut.cpp:24209]   --->   Operation 55 'specloopname' 'specloopname_ln24209' <Predicate = (!icmp_ln890_785)> <Delay = 0.00>
ST_4 : Operation 56 [1/1] (0.00ns)   --->   "%empty = trunc i4 %c7_V"   --->   Operation 56 'trunc' 'empty' <Predicate = (!icmp_ln890_785)> <Delay = 0.00>
ST_4 : Operation 57 [1/1] (0.00ns)   --->   "%tmp = bitselect i1 @_ssdm_op_BitSelect.i1.i4.i32, i4 %c7_V, i32 2"   --->   Operation 57 'bitselect' 'tmp' <Predicate = (!icmp_ln890_785)> <Delay = 0.00>
ST_4 : Operation 58 [1/1] (0.00ns)   --->   "%idxprom = zext i2 %empty"   --->   Operation 58 'zext' 'idxprom' <Predicate = (!icmp_ln890_785)> <Delay = 0.00>
ST_4 : Operation 59 [1/1] (0.00ns)   --->   "%data_split_V_addr_64 = getelementptr i32 %data_split_V, i64 0, i64 %idxprom"   --->   Operation 59 'getelementptr' 'data_split_V_addr_64' <Predicate = (!icmp_ln890_785)> <Delay = 0.00>
ST_4 : Operation 60 [1/1] (0.38ns)   --->   "%br_ln24211 = br void" [./dut.cpp:24211]   --->   Operation 60 'br' 'br_ln24211' <Predicate = (!icmp_ln890_785)> <Delay = 0.38>
ST_4 : Operation 61 [1/1] (0.38ns)   --->   "%br_ln890 = br void %.preheader5"   --->   Operation 61 'br' 'br_ln890' <Predicate = (icmp_ln890_785)> <Delay = 0.38>

State 5 <SV = 4> <Delay = 0.73>
ST_5 : Operation 62 [1/1] (0.00ns)   --->   "%c8_V = phi i5 %add_ln691_929, void, i5 0, void %.split10"   --->   Operation 62 'phi' 'c8_V' <Predicate = true> <Delay = 0.00>
ST_5 : Operation 63 [1/1] (0.70ns)   --->   "%add_ln691_929 = add i5 %c8_V, i5 1"   --->   Operation 63 'add' 'add_ln691_929' <Predicate = true> <Delay = 0.70> <CoreInst = "Adder">   --->   Core 1 'Adder' <Latency = 0> <II = 1> <Delay = 0.57> <FuncUnit> <Opcode : 'add' 'sub'> <InPorts = 2> <OutPorts = 1>
ST_5 : Operation 64 [1/1] (0.00ns)   --->   "%tmp_s = bitconcatenate i6 @_ssdm_op_BitConcatenate.i6.i5.i1, i5 %c8_V, i1 %tmp" [./dut.cpp:24219]   --->   Operation 64 'bitconcatenate' 'tmp_s' <Predicate = true> <Delay = 0.00>
ST_5 : Operation 65 [1/1] (0.00ns)   --->   "%zext_ln24219 = zext i6 %tmp_s" [./dut.cpp:24219]   --->   Operation 65 'zext' 'zext_ln24219' <Predicate = true> <Delay = 0.00>
ST_5 : Operation 66 [1/1] (0.00ns)   --->   "%local_D_V_addr = getelementptr i128 %local_D_V, i64 0, i64 %zext_ln24219" [./dut.cpp:24219]   --->   Operation 66 'getelementptr' 'local_D_V_addr' <Predicate = true> <Delay = 0.00>
ST_5 : Operation 67 [1/1] (0.63ns)   --->   "%icmp_ln890_787 = icmp_eq  i5 %c8_V, i5 16"   --->   Operation 67 'icmp' 'icmp_ln890_787' <Predicate = true> <Delay = 0.63> <CoreInst = "Cmp">   --->   Core 9 'Cmp' <Latency = 0> <II = 1> <Delay = 0.34> <FuncUnit> <Opcode : 'icmp'> <InPorts = 2> <OutPorts = 1>
ST_5 : Operation 68 [1/1] (0.00ns)   --->   "%speclooptripcount_ln0 = speclooptripcount void @_ssdm_op_SpecLoopTripCount, i64 16, i64 16, i64 16"   --->   Operation 68 'speclooptripcount' 'speclooptripcount_ln0' <Predicate = true> <Delay = 0.00>
ST_5 : Operation 69 [1/1] (0.00ns)   --->   "%br_ln24211 = br i1 %icmp_ln890_787, void %.split8, void" [./dut.cpp:24211]   --->   Operation 69 'br' 'br_ln24211' <Predicate = true> <Delay = 0.00>
ST_5 : Operation 70 [2/2] (0.73ns)   --->   "%out_data_V = load i5 %local_D_V_addr" [./dut.cpp:24219]   --->   Operation 70 'load' 'out_data_V' <Predicate = (!icmp_ln890_787)> <Delay = 0.73> <CoreInst = "RAM">   --->   Core 83 'RAM' <Latency = 1> <II = 1> <Delay = 0.73> <Storage> <Opcode : 'load' 'store'> <Ports = 2> <Width = 128> <Depth = 32> <RAM>
ST_5 : Operation 71 [1/1] (0.00ns)   --->   "%br_ln0 = br void %.preheader6"   --->   Operation 71 'br' 'br_ln0' <Predicate = (icmp_ln890_787)> <Delay = 0.00>

State 6 <SV = 5> <Delay = 1.21>
ST_6 : Operation 72 [1/1] (0.00ns)   --->   "%specloopname_ln24211 = specloopname void @_ssdm_op_SpecLoopName, void @empty_254" [./dut.cpp:24211]   --->   Operation 72 'specloopname' 'specloopname_ln24211' <Predicate = true> <Delay = 0.00>
ST_6 : Operation 73 [1/1] (1.21ns)   --->   "%tmp_269 = read i32 @_ssdm_op_Read.ap_fifo.volatile.i32P0A, i32 %fifo_D_drain_PE_2_5_x1163" [/home/rcslfpgaserver/Softwares/Xilinx/Vitis_HLS/2020.2/common/technology/autopilot/hls_stream_39.h:145]   --->   Operation 73 'read' 'tmp_269' <Predicate = true> <Delay = 1.21> <CoreInst = "FIFO_SRL">   --->   Core 81 'FIFO_SRL' <Latency = 0> <II = 1> <Delay = 1.39> <Storage> <Opcode : 'read' 'write' 'nbread' 'nbwrite'> <Ports = 0> <Width = 32> <Depth = 2> <FIFO>
ST_6 : Operation 74 [1/2] (0.73ns)   --->   "%out_data_V = load i5 %local_D_V_addr" [./dut.cpp:24219]   --->   Operation 74 'load' 'out_data_V' <Predicate = true> <Delay = 0.73> <CoreInst = "RAM">   --->   Core 83 'RAM' <Latency = 1> <II = 1> <Delay = 0.73> <Storage> <Opcode : 'load' 'store'> <Ports = 2> <Width = 128> <Depth = 32> <RAM>
ST_6 : Operation 75 [1/1] (0.38ns)   --->   "%br_ln24220 = br void" [./dut.cpp:24220]   --->   Operation 75 'br' 'br_ln24220' <Predicate = true> <Delay = 0.38>

State 7 <SV = 6> <Delay = 1.19>
ST_7 : Operation 76 [1/1] (0.00ns)   --->   "%n_V = phi i3 %add_ln691_930, void %.split, i3 0, void %.split8"   --->   Operation 76 'phi' 'n_V' <Predicate = true> <Delay = 0.00>
ST_7 : Operation 77 [1/1] (0.00ns)   --->   "%p_Val2_s = phi i128 %zext_ln1497, void %.split, i128 %out_data_V, void %.split8"   --->   Operation 77 'phi' 'p_Val2_s' <Predicate = true> <Delay = 0.00>
ST_7 : Operation 78 [1/1] (0.57ns)   --->   "%add_ln691_930 = add i3 %n_V, i3 1"   --->   Operation 78 'add' 'add_ln691_930' <Predicate = true> <Delay = 0.57> <CoreInst = "Adder">   --->   Core 1 'Adder' <Latency = 0> <II = 1> <Delay = 0.57> <FuncUnit> <Opcode : 'add' 'sub'> <InPorts = 2> <OutPorts = 1>
ST_7 : Operation 79 [1/1] (0.00ns)   --->   "%zext_ln878 = zext i3 %n_V"   --->   Operation 79 'zext' 'zext_ln878' <Predicate = true> <Delay = 0.00>
ST_7 : Operation 80 [1/1] (0.49ns)   --->   "%icmp_ln878 = icmp_eq  i3 %n_V, i3 4"   --->   Operation 80 'icmp' 'icmp_ln878' <Predicate = true> <Delay = 0.49> <CoreInst = "Cmp">   --->   Core 9 'Cmp' <Latency = 0> <II = 1> <Delay = 0.34> <FuncUnit> <Opcode : 'icmp'> <InPorts = 2> <OutPorts = 1>
ST_7 : Operation 81 [1/1] (0.00ns)   --->   "%speclooptripcount_ln0 = speclooptripcount void @_ssdm_op_SpecLoopTripCount, i64 4, i64 4, i64 4"   --->   Operation 81 'speclooptripcount' 'speclooptripcount_ln0' <Predicate = true> <Delay = 0.00>
ST_7 : Operation 82 [1/1] (0.00ns)   --->   "%br_ln24220 = br i1 %icmp_ln878, void %.split, void" [./dut.cpp:24220]   --->   Operation 82 'br' 'br_ln24220' <Predicate = true> <Delay = 0.00>
ST_7 : Operation 83 [1/1] (0.00ns)   --->   "%specloopname_ln674 = specloopname void @_ssdm_op_SpecLoopName, void @empty_26"   --->   Operation 83 'specloopname' 'specloopname_ln674' <Predicate = (!icmp_ln878)> <Delay = 0.00>
ST_7 : Operation 84 [1/1] (0.00ns)   --->   "%trunc_ln674 = trunc i128 %p_Val2_s"   --->   Operation 84 'trunc' 'trunc_ln674' <Predicate = (!icmp_ln878)> <Delay = 0.00>
ST_7 : Operation 85 [1/1] (0.00ns)   --->   "%data_split_V_addr_65 = getelementptr i32 %data_split_V, i64 0, i64 %zext_ln878" [./dut.cpp:24221]   --->   Operation 85 'getelementptr' 'data_split_V_addr_65' <Predicate = (!icmp_ln878)> <Delay = 0.00>
ST_7 : Operation 86 [1/1] (0.69ns)   --->   "%store_ln24221 = store i32 %trunc_ln674, i2 %data_split_V_addr_65" [./dut.cpp:24221]   --->   Operation 86 'store' 'store_ln24221' <Predicate = (!icmp_ln878)> <Delay = 0.69> <CoreInst = "RAM">   --->   Core 83 'RAM' <Latency = 1> <II = 1> <Delay = 0.69> <Storage> <Opcode : 'load' 'store'> <Ports = 2> <Width = 32> <Depth = 4> <RAM>
ST_7 : Operation 87 [1/1] (0.00ns)   --->   "%r = partselect i96 @_ssdm_op_PartSelect.i96.i128.i32.i32, i128 %p_Val2_s, i32 32, i32 127"   --->   Operation 87 'partselect' 'r' <Predicate = (!icmp_ln878)> <Delay = 0.00>
ST_7 : Operation 88 [1/1] (0.00ns)   --->   "%zext_ln1497 = zext i96 %r"   --->   Operation 88 'zext' 'zext_ln1497' <Predicate = (!icmp_ln878)> <Delay = 0.00>
ST_7 : Operation 89 [1/1] (0.00ns)   --->   "%br_ln0 = br void"   --->   Operation 89 'br' 'br_ln0' <Predicate = (!icmp_ln878)> <Delay = 0.00>
ST_7 : Operation 90 [1/1] (0.69ns)   --->   "%store_ln24229 = store i32 %tmp_269, i2 %data_split_V_addr_64" [./dut.cpp:24229]   --->   Operation 90 'store' 'store_ln24229' <Predicate = (icmp_ln878)> <Delay = 0.69> <CoreInst = "RAM">   --->   Core 83 'RAM' <Latency = 1> <II = 1> <Delay = 0.69> <Storage> <Opcode : 'load' 'store'> <Ports = 2> <Width = 32> <Depth = 4> <RAM>

State 8 <SV = 7> <Delay = 0.69>
ST_8 : Operation 91 [2/2] (0.69ns)   --->   "%v2_V = load i2 %data_split_V_addr_63"   --->   Operation 91 'load' 'v2_V' <Predicate = true> <Delay = 0.69> <CoreInst = "RAM">   --->   Core 83 'RAM' <Latency = 1> <II = 1> <Delay = 0.69> <Storage> <Opcode : 'load' 'store'> <Ports = 2> <Width = 32> <Depth = 4> <RAM>
ST_8 : Operation 92 [2/2] (0.69ns)   --->   "%v2_V_1659 = load i2 %data_split_V_addr_62"   --->   Operation 92 'load' 'v2_V_1659' <Predicate = true> <Delay = 0.69> <CoreInst = "RAM">   --->   Core 83 'RAM' <Latency = 1> <II = 1> <Delay = 0.69> <Storage> <Opcode : 'load' 'store'> <Ports = 2> <Width = 32> <Depth = 4> <RAM>

State 9 <SV = 8> <Delay = 0.69>
ST_9 : Operation 93 [1/2] (0.69ns)   --->   "%v2_V = load i2 %data_split_V_addr_63"   --->   Operation 93 'load' 'v2_V' <Predicate = true> <Delay = 0.69> <CoreInst = "RAM">   --->   Core 83 'RAM' <Latency = 1> <II = 1> <Delay = 0.69> <Storage> <Opcode : 'load' 'store'> <Ports = 2> <Width = 32> <Depth = 4> <RAM>
ST_9 : Operation 94 [1/2] (0.69ns)   --->   "%v2_V_1659 = load i2 %data_split_V_addr_62"   --->   Operation 94 'load' 'v2_V_1659' <Predicate = true> <Delay = 0.69> <CoreInst = "RAM">   --->   Core 83 'RAM' <Latency = 1> <II = 1> <Delay = 0.69> <Storage> <Opcode : 'load' 'store'> <Ports = 2> <Width = 32> <Depth = 4> <RAM>
ST_9 : Operation 95 [2/2] (0.69ns)   --->   "%v2_V_1660 = load i2 %data_split_V_addr_61"   --->   Operation 95 'load' 'v2_V_1660' <Predicate = true> <Delay = 0.69> <CoreInst = "RAM">   --->   Core 83 'RAM' <Latency = 1> <II = 1> <Delay = 0.69> <Storage> <Opcode : 'load' 'store'> <Ports = 2> <Width = 32> <Depth = 4> <RAM>
ST_9 : Operation 96 [2/2] (0.69ns)   --->   "%v1_V = load i2 %data_split_V_addr"   --->   Operation 96 'load' 'v1_V' <Predicate = true> <Delay = 0.69> <CoreInst = "RAM">   --->   Core 83 'RAM' <Latency = 1> <II = 1> <Delay = 0.69> <Storage> <Opcode : 'load' 'store'> <Ports = 2> <Width = 32> <Depth = 4> <RAM>

State 10 <SV = 9> <Delay = 1.42>
ST_10 : Operation 97 [1/2] (0.69ns)   --->   "%v2_V_1660 = load i2 %data_split_V_addr_61"   --->   Operation 97 'load' 'v2_V_1660' <Predicate = true> <Delay = 0.69> <CoreInst = "RAM">   --->   Core 83 'RAM' <Latency = 1> <II = 1> <Delay = 0.69> <Storage> <Opcode : 'load' 'store'> <Ports = 2> <Width = 32> <Depth = 4> <RAM>
ST_10 : Operation 98 [1/2] (0.69ns)   --->   "%v1_V = load i2 %data_split_V_addr"   --->   Operation 98 'load' 'v1_V' <Predicate = true> <Delay = 0.69> <CoreInst = "RAM">   --->   Core 83 'RAM' <Latency = 1> <II = 1> <Delay = 0.69> <Storage> <Opcode : 'load' 'store'> <Ports = 2> <Width = 32> <Depth = 4> <RAM>
ST_10 : Operation 99 [1/1] (0.00ns)   --->   "%p_Result_s = bitconcatenate i128 @_ssdm_op_BitConcatenate.i128.i32.i32.i32.i32, i32 %v1_V, i32 %v2_V_1660, i32 %v2_V_1659, i32 %v2_V"   --->   Operation 99 'bitconcatenate' 'p_Result_s' <Predicate = true> <Delay = 0.00>
ST_10 : Operation 100 [1/1] (0.73ns)   --->   "%store_ln24231 = store i128 %p_Result_s, i5 %local_D_V_addr" [./dut.cpp:24231]   --->   Operation 100 'store' 'store_ln24231' <Predicate = true> <Delay = 0.73> <CoreInst = "RAM">   --->   Core 83 'RAM' <Latency = 1> <II = 1> <Delay = 0.73> <Storage> <Opcode : 'load' 'store'> <Ports = 2> <Width = 128> <Depth = 32> <RAM>
ST_10 : Operation 101 [1/1] (0.00ns)   --->   "%br_ln0 = br void"   --->   Operation 101 'br' 'br_ln0' <Predicate = true> <Delay = 0.00>

State 11 <SV = 4> <Delay = 0.62>
ST_11 : Operation 102 [1/1] (0.00ns)   --->   "%c4_V = phi i3 %add_ln691_931, void %.loopexit, i3 2, void %.preheader5.preheader"   --->   Operation 102 'phi' 'c4_V' <Predicate = (icmp_ln890_784)> <Delay = 0.00>
ST_11 : Operation 103 [1/1] (0.49ns)   --->   "%icmp_ln890_786 = icmp_eq  i3 %c4_V, i3 4"   --->   Operation 103 'icmp' 'icmp_ln890_786' <Predicate = (icmp_ln890_784)> <Delay = 0.49> <CoreInst = "Cmp">   --->   Core 9 'Cmp' <Latency = 0> <II = 1> <Delay = 0.34> <FuncUnit> <Opcode : 'icmp'> <InPorts = 2> <OutPorts = 1>
ST_11 : Operation 104 [1/1] (0.00ns)   --->   "%speclooptripcount_ln0 = speclooptripcount void @_ssdm_op_SpecLoopTripCount, i64 2, i64 2, i64 2"   --->   Operation 104 'speclooptripcount' 'speclooptripcount_ln0' <Predicate = (icmp_ln890_784)> <Delay = 0.00>
ST_11 : Operation 105 [1/1] (0.00ns)   --->   "%br_ln24235 = br i1 %icmp_ln890_786, void %.split20, void %.loopexit421.loopexit" [./dut.cpp:24235]   --->   Operation 105 'br' 'br_ln24235' <Predicate = (icmp_ln890_784)> <Delay = 0.00>
ST_11 : Operation 106 [1/1] (0.00ns)   --->   "%specloopname_ln1616 = specloopname void @_ssdm_op_SpecLoopName, void @empty_66"   --->   Operation 106 'specloopname' 'specloopname_ln1616' <Predicate = (icmp_ln890_784 & !icmp_ln890_786)> <Delay = 0.00>
ST_11 : Operation 107 [1/1] (0.49ns)   --->   "%icmp_ln870 = icmp_eq  i3 %c4_V, i3 2"   --->   Operation 107 'icmp' 'icmp_ln870' <Predicate = (icmp_ln890_784 & !icmp_ln890_786)> <Delay = 0.49> <CoreInst = "Cmp">   --->   Core 9 'Cmp' <Latency = 0> <II = 1> <Delay = 0.34> <FuncUnit> <Opcode : 'icmp'> <InPorts = 2> <OutPorts = 1>
ST_11 : Operation 108 [1/1] (0.00ns)   --->   "%br_ln24237 = br i1 %icmp_ln870, void %.preheader.preheader, void %.preheader3.preheader" [./dut.cpp:24237]   --->   Operation 108 'br' 'br_ln24237' <Predicate = (icmp_ln890_784 & !icmp_ln890_786)> <Delay = 0.00>
ST_11 : Operation 109 [1/1] (0.38ns)   --->   "%br_ln890 = br void %.preheader"   --->   Operation 109 'br' 'br_ln890' <Predicate = (icmp_ln890_784 & !icmp_ln890_786 & !icmp_ln870)> <Delay = 0.38>
ST_11 : Operation 110 [1/1] (0.38ns)   --->   "%br_ln890 = br void %.preheader3"   --->   Operation 110 'br' 'br_ln890' <Predicate = (icmp_ln890_784 & !icmp_ln890_786 & icmp_ln870)> <Delay = 0.38>
ST_11 : Operation 111 [1/1] (0.00ns)   --->   "%br_ln0 = br void %.loopexit421"   --->   Operation 111 'br' 'br_ln0' <Predicate = (icmp_ln890_784 & icmp_ln890_786)> <Delay = 0.00>
ST_11 : Operation 112 [1/1] (0.00ns)   --->   "%br_ln0 = br void"   --->   Operation 112 'br' 'br_ln0' <Predicate = (icmp_ln890_786) | (!icmp_ln890_784)> <Delay = 0.00>

State 12 <SV = 5> <Delay = 0.70>
ST_12 : Operation 113 [1/1] (0.00ns)   --->   "%c5_V_27 = phi i5 %add_ln691_934, void, i5 0, void %.preheader.preheader"   --->   Operation 113 'phi' 'c5_V_27' <Predicate = (!icmp_ln870)> <Delay = 0.00>
ST_12 : Operation 114 [1/1] (0.70ns)   --->   "%add_ln691_934 = add i5 %c5_V_27, i5 1"   --->   Operation 114 'add' 'add_ln691_934' <Predicate = (!icmp_ln870)> <Delay = 0.70> <CoreInst = "Adder">   --->   Core 1 'Adder' <Latency = 0> <II = 1> <Delay = 0.57> <FuncUnit> <Opcode : 'add' 'sub'> <InPorts = 2> <OutPorts = 1>
ST_12 : Operation 115 [1/1] (0.63ns)   --->   "%icmp_ln890_789 = icmp_eq  i5 %c5_V_27, i5 16"   --->   Operation 115 'icmp' 'icmp_ln890_789' <Predicate = (!icmp_ln870)> <Delay = 0.63> <CoreInst = "Cmp">   --->   Core 9 'Cmp' <Latency = 0> <II = 1> <Delay = 0.34> <FuncUnit> <Opcode : 'icmp'> <InPorts = 2> <OutPorts = 1>
ST_12 : Operation 116 [1/1] (0.00ns)   --->   "%speclooptripcount_ln0 = speclooptripcount void @_ssdm_op_SpecLoopTripCount, i64 16, i64 16, i64 16"   --->   Operation 116 'speclooptripcount' 'speclooptripcount_ln0' <Predicate = (!icmp_ln870)> <Delay = 0.00>
ST_12 : Operation 117 [1/1] (0.00ns)   --->   "%br_ln24252 = br i1 %icmp_ln890_789, void %.split14, void %.loopexit.loopexit" [./dut.cpp:24252]   --->   Operation 117 'br' 'br_ln24252' <Predicate = (!icmp_ln870)> <Delay = 0.00>
ST_12 : Operation 118 [1/1] (0.00ns)   --->   "%specloopname_ln24252 = specloopname void @_ssdm_op_SpecLoopName, void @empty_79" [./dut.cpp:24252]   --->   Operation 118 'specloopname' 'specloopname_ln24252' <Predicate = (!icmp_ln870 & !icmp_ln890_789)> <Delay = 0.00>
ST_12 : Operation 119 [1/1] (0.38ns)   --->   "%br_ln24254 = br void" [./dut.cpp:24254]   --->   Operation 119 'br' 'br_ln24254' <Predicate = (!icmp_ln870 & !icmp_ln890_789)> <Delay = 0.38>
ST_12 : Operation 120 [1/1] (0.00ns)   --->   "%br_ln0 = br void %.loopexit"   --->   Operation 120 'br' 'br_ln0' <Predicate = (!icmp_ln870 & icmp_ln890_789)> <Delay = 0.00>
ST_12 : Operation 121 [1/1] (0.00ns)   --->   "%c5_V = phi i5 %add_ln691_932, void, i5 0, void %.preheader3.preheader"   --->   Operation 121 'phi' 'c5_V' <Predicate = (icmp_ln870)> <Delay = 0.00>
ST_12 : Operation 122 [1/1] (0.70ns)   --->   "%add_ln691_932 = add i5 %c5_V, i5 1"   --->   Operation 122 'add' 'add_ln691_932' <Predicate = (icmp_ln870)> <Delay = 0.70> <CoreInst = "Adder">   --->   Core 1 'Adder' <Latency = 0> <II = 1> <Delay = 0.57> <FuncUnit> <Opcode : 'add' 'sub'> <InPorts = 2> <OutPorts = 1>
ST_12 : Operation 123 [1/1] (0.00ns)   --->   "%shl_ln890 = shl i5 %c5_V, i5 1"   --->   Operation 123 'shl' 'shl_ln890' <Predicate = (icmp_ln870)> <Delay = 0.00>
ST_12 : Operation 124 [1/1] (0.63ns)   --->   "%icmp_ln890_788 = icmp_eq  i5 %c5_V, i5 16"   --->   Operation 124 'icmp' 'icmp_ln890_788' <Predicate = (icmp_ln870)> <Delay = 0.63> <CoreInst = "Cmp">   --->   Core 9 'Cmp' <Latency = 0> <II = 1> <Delay = 0.34> <FuncUnit> <Opcode : 'icmp'> <InPorts = 2> <OutPorts = 1>
ST_12 : Operation 125 [1/1] (0.00ns)   --->   "%speclooptripcount_ln0 = speclooptripcount void @_ssdm_op_SpecLoopTripCount, i64 16, i64 16, i64 16"   --->   Operation 125 'speclooptripcount' 'speclooptripcount_ln0' <Predicate = (icmp_ln870)> <Delay = 0.00>
ST_12 : Operation 126 [1/1] (0.00ns)   --->   "%br_ln24238 = br i1 %icmp_ln890_788, void %.split18, void %.loopexit.loopexit53" [./dut.cpp:24238]   --->   Operation 126 'br' 'br_ln24238' <Predicate = (icmp_ln870)> <Delay = 0.00>
ST_12 : Operation 127 [1/1] (0.00ns)   --->   "%specloopname_ln24238 = specloopname void @_ssdm_op_SpecLoopName, void @empty_20" [./dut.cpp:24238]   --->   Operation 127 'specloopname' 'specloopname_ln24238' <Predicate = (icmp_ln870 & !icmp_ln890_788)> <Delay = 0.00>
ST_12 : Operation 128 [1/1] (0.38ns)   --->   "%br_ln24240 = br void" [./dut.cpp:24240]   --->   Operation 128 'br' 'br_ln24240' <Predicate = (icmp_ln870 & !icmp_ln890_788)> <Delay = 0.38>
ST_12 : Operation 129 [1/1] (0.00ns)   --->   "%br_ln0 = br void %.loopexit"   --->   Operation 129 'br' 'br_ln0' <Predicate = (icmp_ln870 & icmp_ln890_788)> <Delay = 0.00>
ST_12 : Operation 130 [1/1] (0.57ns)   --->   "%add_ln691_931 = add i3 %c4_V, i3 1"   --->   Operation 130 'add' 'add_ln691_931' <Predicate = (icmp_ln870 & icmp_ln890_788) | (!icmp_ln870 & icmp_ln890_789)> <Delay = 0.57> <CoreInst = "Adder">   --->   Core 1 'Adder' <Latency = 0> <II = 1> <Delay = 0.57> <FuncUnit> <Opcode : 'add' 'sub'> <InPorts = 2> <OutPorts = 1>
ST_12 : Operation 131 [1/1] (0.00ns)   --->   "%br_ln0 = br void %.preheader5"   --->   Operation 131 'br' 'br_ln0' <Predicate = (icmp_ln870 & icmp_ln890_788) | (!icmp_ln870 & icmp_ln890_789)> <Delay = 0.00>

State 13 <SV = 6> <Delay = 0.43>
ST_13 : Operation 132 [1/1] (0.00ns)   --->   "%c6_V_91 = phi i2 %add_ln691_935, void %.split12, i2 0, void %.split14"   --->   Operation 132 'phi' 'c6_V_91' <Predicate = true> <Delay = 0.00>
ST_13 : Operation 133 [1/1] (0.43ns)   --->   "%add_ln691_935 = add i2 %c6_V_91, i2 1"   --->   Operation 133 'add' 'add_ln691_935' <Predicate = true> <Delay = 0.43> <CoreInst = "Adder">   --->   Core 1 'Adder' <Latency = 0> <II = 1> <Delay = 0.57> <FuncUnit> <Opcode : 'add' 'sub'> <InPorts = 2> <OutPorts = 1>
ST_13 : Operation 134 [1/1] (0.34ns)   --->   "%icmp_ln890_791 = icmp_eq  i2 %c6_V_91, i2 2"   --->   Operation 134 'icmp' 'icmp_ln890_791' <Predicate = true> <Delay = 0.34> <CoreInst = "Cmp">   --->   Core 9 'Cmp' <Latency = 0> <II = 1> <Delay = 0.34> <FuncUnit> <Opcode : 'icmp'> <InPorts = 2> <OutPorts = 1>
ST_13 : Operation 135 [1/1] (0.00ns)   --->   "%speclooptripcount_ln0 = speclooptripcount void @_ssdm_op_SpecLoopTripCount, i64 2, i64 2, i64 2"   --->   Operation 135 'speclooptripcount' 'speclooptripcount_ln0' <Predicate = true> <Delay = 0.00>
ST_13 : Operation 136 [1/1] (0.00ns)   --->   "%br_ln24254 = br i1 %icmp_ln890_791, void %.split12, void" [./dut.cpp:24254]   --->   Operation 136 'br' 'br_ln24254' <Predicate = true> <Delay = 0.00>
ST_13 : Operation 137 [1/1] (0.00ns)   --->   "%br_ln0 = br void %.preheader"   --->   Operation 137 'br' 'br_ln0' <Predicate = (icmp_ln890_791)> <Delay = 0.00>

State 14 <SV = 7> <Delay = 2.43>
ST_14 : Operation 138 [1/1] (0.00ns)   --->   "%specloopname_ln24254 = specloopname void @_ssdm_op_SpecLoopName, void @empty_2375" [./dut.cpp:24254]   --->   Operation 138 'specloopname' 'specloopname_ln24254' <Predicate = true> <Delay = 0.00>
ST_14 : Operation 139 [1/1] (1.21ns)   --->   "%tmp_270 = read i128 @_ssdm_op_Read.ap_fifo.volatile.i128P0A, i128 %fifo_D_drain_D_drain_IO_L1_out_5_3_x1196" [/home/rcslfpgaserver/Softwares/Xilinx/Vitis_HLS/2020.2/common/technology/autopilot/hls_stream_39.h:145]   --->   Operation 139 'read' 'tmp_270' <Predicate = true> <Delay = 1.21> <CoreInst = "FIFO_SRL">   --->   Core 81 'FIFO_SRL' <Latency = 0> <II = 1> <Delay = 1.40> <Storage> <Opcode : 'read' 'write' 'nbread' 'nbwrite'> <Ports = 0> <Width = 128> <Depth = 2> <FIFO>
ST_14 : Operation 140 [1/1] (1.21ns)   --->   "%write_ln174 = write void @_ssdm_op_Write.ap_fifo.volatile.i128P0A, i128 %fifo_D_drain_D_drain_IO_L1_out_5_2_x1195, i128 %tmp_270" [/home/rcslfpgaserver/Softwares/Xilinx/Vitis_HLS/2020.2/common/technology/autopilot/hls_stream_39.h:174]   --->   Operation 140 'write' 'write_ln174' <Predicate = true> <Delay = 1.21> <CoreInst = "FIFO_SRL">   --->   Core 81 'FIFO_SRL' <Latency = 0> <II = 1> <Delay = 1.40> <Storage> <Opcode : 'read' 'write' 'nbread' 'nbwrite'> <Ports = 0> <Width = 128> <Depth = 2> <FIFO>
ST_14 : Operation 141 [1/1] (0.00ns)   --->   "%br_ln0 = br void"   --->   Operation 141 'br' 'br_ln0' <Predicate = true> <Delay = 0.00>

State 15 <SV = 6> <Delay = 1.43>
ST_15 : Operation 142 [1/1] (0.00ns)   --->   "%c6_V = phi i2 %add_ln691_933, void %.split16, i2 0, void %.split18"   --->   Operation 142 'phi' 'c6_V' <Predicate = true> <Delay = 0.00>
ST_15 : Operation 143 [1/1] (0.43ns)   --->   "%add_ln691_933 = add i2 %c6_V, i2 1"   --->   Operation 143 'add' 'add_ln691_933' <Predicate = true> <Delay = 0.43> <CoreInst = "Adder">   --->   Core 1 'Adder' <Latency = 0> <II = 1> <Delay = 0.57> <FuncUnit> <Opcode : 'add' 'sub'> <InPorts = 2> <OutPorts = 1>
ST_15 : Operation 144 [1/1] (0.00ns)   --->   "%zext_ln24245 = zext i2 %c6_V" [./dut.cpp:24245]   --->   Operation 144 'zext' 'zext_ln24245' <Predicate = true> <Delay = 0.00>
ST_15 : Operation 145 [1/1] (0.70ns)   --->   "%add_ln24245 = add i5 %shl_ln890, i5 %zext_ln24245" [./dut.cpp:24245]   --->   Operation 145 'add' 'add_ln24245' <Predicate = true> <Delay = 0.70> <CoreInst = "Adder">   --->   Core 1 'Adder' <Latency = 0> <II = 1> <Delay = 0.57> <FuncUnit> <Opcode : 'add' 'sub'> <InPorts = 2> <OutPorts = 1>
ST_15 : Operation 146 [1/1] (0.00ns)   --->   "%zext_ln24245_1 = zext i5 %add_ln24245" [./dut.cpp:24245]   --->   Operation 146 'zext' 'zext_ln24245_1' <Predicate = true> <Delay = 0.00>
ST_15 : Operation 147 [1/1] (0.00ns)   --->   "%local_D_V_addr_13 = getelementptr i128 %local_D_V, i64 0, i64 %zext_ln24245_1" [./dut.cpp:24245]   --->   Operation 147 'getelementptr' 'local_D_V_addr_13' <Predicate = true> <Delay = 0.00>
ST_15 : Operation 148 [1/1] (0.34ns)   --->   "%icmp_ln890_790 = icmp_eq  i2 %c6_V, i2 2"   --->   Operation 148 'icmp' 'icmp_ln890_790' <Predicate = true> <Delay = 0.34> <CoreInst = "Cmp">   --->   Core 9 'Cmp' <Latency = 0> <II = 1> <Delay = 0.34> <FuncUnit> <Opcode : 'icmp'> <InPorts = 2> <OutPorts = 1>
ST_15 : Operation 149 [1/1] (0.00ns)   --->   "%speclooptripcount_ln0 = speclooptripcount void @_ssdm_op_SpecLoopTripCount, i64 2, i64 2, i64 2"   --->   Operation 149 'speclooptripcount' 'speclooptripcount_ln0' <Predicate = true> <Delay = 0.00>
ST_15 : Operation 150 [1/1] (0.00ns)   --->   "%br_ln24240 = br i1 %icmp_ln890_790, void %.split16, void" [./dut.cpp:24240]   --->   Operation 150 'br' 'br_ln24240' <Predicate = true> <Delay = 0.00>
ST_15 : Operation 151 [2/2] (0.73ns)   --->   "%local_D_V_load = load i5 %local_D_V_addr_13" [./dut.cpp:24245]   --->   Operation 151 'load' 'local_D_V_load' <Predicate = (!icmp_ln890_790)> <Delay = 0.73> <CoreInst = "RAM">   --->   Core 83 'RAM' <Latency = 1> <II = 1> <Delay = 0.73> <Storage> <Opcode : 'load' 'store'> <Ports = 2> <Width = 128> <Depth = 32> <RAM>
ST_15 : Operation 152 [1/1] (0.00ns)   --->   "%br_ln0 = br void %.preheader3"   --->   Operation 152 'br' 'br_ln0' <Predicate = (icmp_ln890_790)> <Delay = 0.00>

State 16 <SV = 7> <Delay = 1.94>
ST_16 : Operation 153 [1/1] (0.00ns)   --->   "%specloopname_ln24240 = specloopname void @_ssdm_op_SpecLoopName, void @empty_560" [./dut.cpp:24240]   --->   Operation 153 'specloopname' 'specloopname_ln24240' <Predicate = true> <Delay = 0.00>
ST_16 : Operation 154 [1/2] (0.73ns)   --->   "%local_D_V_load = load i5 %local_D_V_addr_13" [./dut.cpp:24245]   --->   Operation 154 'load' 'local_D_V_load' <Predicate = true> <Delay = 0.73> <CoreInst = "RAM">   --->   Core 83 'RAM' <Latency = 1> <II = 1> <Delay = 0.73> <Storage> <Opcode : 'load' 'store'> <Ports = 2> <Width = 128> <Depth = 32> <RAM>
ST_16 : Operation 155 [1/1] (1.21ns)   --->   "%write_ln174 = write void @_ssdm_op_Write.ap_fifo.volatile.i128P0A, i128 %fifo_D_drain_D_drain_IO_L1_out_5_2_x1195, i128 %local_D_V_load" [/home/rcslfpgaserver/Softwares/Xilinx/Vitis_HLS/2020.2/common/technology/autopilot/hls_stream_39.h:174]   --->   Operation 155 'write' 'write_ln174' <Predicate = true> <Delay = 1.21> <CoreInst = "FIFO_SRL">   --->   Core 81 'FIFO_SRL' <Latency = 0> <II = 1> <Delay = 1.40> <Storage> <Opcode : 'read' 'write' 'nbread' 'nbwrite'> <Ports = 0> <Width = 128> <Depth = 2> <FIFO>
ST_16 : Operation 156 [1/1] (0.00ns)   --->   "%br_ln0 = br void"   --->   Operation 156 'br' 'br_ln0' <Predicate = true> <Delay = 0.00>


============================================================
+ Verbose Summary: Timing violations
============================================================
Target clock period: 3.33ns, clock uncertainty: 0.9ns.

 <State 1>: 0.387ns
The critical path consists of the following:
	multiplexor before 'phi' operation ('c0.V') with incoming values : ('add_ln691') [18]  (0.387 ns)

 <State 2>: 0.572ns
The critical path consists of the following:
	'phi' operation ('c0.V') with incoming values : ('add_ln691') [18]  (0 ns)
	'add' operation ('add_ln691') [19]  (0.572 ns)

 <State 3>: 0.741ns
The critical path consists of the following:
	'phi' operation ('c1.V') with incoming values : ('add_ln691_928') [27]  (0 ns)
	'or' operation ('ret') [35]  (0 ns)
	'icmp' operation ('icmp_ln890_784') [36]  (0.619 ns)
	blocking operation 0.122 ns on control path)

 <State 4>: 0.708ns
The critical path consists of the following:
	'phi' operation ('c7.V') with incoming values : ('add_ln691_927') [41]  (0 ns)
	'add' operation ('add_ln691_927') [42]  (0.708 ns)

 <State 5>: 0.73ns
The critical path consists of the following:
	'phi' operation ('c8.V') with incoming values : ('add_ln691_929') [54]  (0 ns)
	'getelementptr' operation ('local_D_V_addr', ./dut.cpp:24219) [58]  (0 ns)
	'load' operation ('out_data.V', ./dut.cpp:24219) on array 'local_D.V', ./dut.cpp:24198 [65]  (0.73 ns)

 <State 6>: 1.22ns
The critical path consists of the following:
	fifo read on port 'fifo_D_drain_PE_2_5_x1163' (/home/rcslfpgaserver/Softwares/Xilinx/Vitis_HLS/2020.2/common/technology/autopilot/hls_stream_39.h:145) [64]  (1.22 ns)

 <State 7>: 1.2ns
The critical path consists of the following:
	'store' operation ('store_ln24229', ./dut.cpp:24229) of variable 'tmp', /home/rcslfpgaserver/Softwares/Xilinx/Vitis_HLS/2020.2/common/technology/autopilot/hls_stream_39.h:145 on array 'data_split.V', ./dut.cpp:24207 [84]  (0.699 ns)
	blocking operation 0.5 ns on control path)

 <State 8>: 0.699ns
The critical path consists of the following:
	'load' operation ('v2.V') on array 'data_split.V', ./dut.cpp:24207 [85]  (0.699 ns)

 <State 9>: 0.699ns
The critical path consists of the following:
	'load' operation ('v2.V') on array 'data_split.V', ./dut.cpp:24207 [85]  (0.699 ns)

 <State 10>: 1.43ns
The critical path consists of the following:
	'load' operation ('v2.V') on array 'data_split.V', ./dut.cpp:24207 [87]  (0.699 ns)
	'store' operation ('store_ln24231', ./dut.cpp:24231) of variable '__Result__' on array 'local_D.V', ./dut.cpp:24198 [90]  (0.73 ns)

 <State 11>: 0.622ns
The critical path consists of the following:
	'phi' operation ('c4.V') with incoming values : ('add_ln691_931') [97]  (0 ns)
	'icmp' operation ('icmp_ln890_786') [98]  (0.5 ns)
	blocking operation 0.122 ns on control path)

 <State 12>: 0.707ns
The critical path consists of the following:
	'phi' operation ('c5.V') with incoming values : ('add_ln691_934') [108]  (0 ns)
	'add' operation ('add_ln691_934') [109]  (0.707 ns)

 <State 13>: 0.436ns
The critical path consists of the following:
	'phi' operation ('c6.V') with incoming values : ('add_ln691_935') [117]  (0 ns)
	'add' operation ('add_ln691_935') [118]  (0.436 ns)

 <State 14>: 2.43ns
The critical path consists of the following:
	fifo read on port 'fifo_D_drain_D_drain_IO_L1_out_5_3_x1196' (/home/rcslfpgaserver/Softwares/Xilinx/Vitis_HLS/2020.2/common/technology/autopilot/hls_stream_39.h:145) [124]  (1.22 ns)
	fifo write on port 'fifo_D_drain_D_drain_IO_L1_out_5_2_x1195' (/home/rcslfpgaserver/Softwares/Xilinx/Vitis_HLS/2020.2/common/technology/autopilot/hls_stream_39.h:174) [125]  (1.22 ns)

 <State 15>: 1.44ns
The critical path consists of the following:
	'phi' operation ('c6.V') with incoming values : ('add_ln691_933') [144]  (0 ns)
	'add' operation ('add_ln24245', ./dut.cpp:24245) [147]  (0.707 ns)
	'getelementptr' operation ('local_D_V_addr_13', ./dut.cpp:24245) [149]  (0 ns)
	'load' operation ('local_D_V_load', ./dut.cpp:24245) on array 'local_D.V', ./dut.cpp:24198 [155]  (0.73 ns)

 <State 16>: 1.95ns
The critical path consists of the following:
	'load' operation ('local_D_V_load', ./dut.cpp:24245) on array 'local_D.V', ./dut.cpp:24198 [155]  (0.73 ns)
	fifo write on port 'fifo_D_drain_D_drain_IO_L1_out_5_2_x1195' (/home/rcslfpgaserver/Softwares/Xilinx/Vitis_HLS/2020.2/common/technology/autopilot/hls_stream_39.h:174) [156]  (1.22 ns)


============================================================
+ Verbose Summary: Binding
============================================================
N/A
* FSMD analyzer results:
  - Output states:
 - Input state : 
  - Chain level:
	State 1
	State 2
	State 3
	State 4
	State 5
	State 6
	State 7
	State 8
	State 9
	State 10
	State 11
	State 12
	State 13
	State 14
	State 15
	State 16


============================================================
+ Verbose Summary: Datapath Resource usage 
============================================================
N/A
