

================================================================
== Vitis HLS Report for 'A_IO_L2_in_0_x1'
================================================================
* Date:           Fri Sep 16 02:40:15 2022

* Version:        2020.2 (Build 3064766 on Wed Nov 18 09:12:47 MST 2020)
* Project:        top
* Solution:       solution (Vitis Kernel Flow Target)
* Product family: virtexuplus
* Target device:  xcu250-figd2104-2L-e


================================================================
== Performance Estimates
================================================================
+ Timing: 
    * Summary: 
    +--------+---------+----------+------------+
    |  Clock |  Target | Estimated| Uncertainty|
    +--------+---------+----------+------------+
    |ap_clk  |  3.33 ns|  2.433 ns|     0.90 ns|
    +--------+---------+----------+------------+

+ Latency: 
    * Summary: 
    +---------+---------+----------+----------+---------+---------+---------+
    |  Latency (cycles) |  Latency (absolute) |      Interval     | Pipeline|
    |   min   |   max   |    min   |    max   |   min   |   max   |   Type  |
    +---------+---------+----------+----------+---------+---------+---------+
    |  1270450|  2450098|  4.234 ms|  8.166 ms|  1270450|  2450098|     none|
    +---------+---------+----------+----------+---------+---------+---------+

    + Detail: 
        * Instance: 
        N/A

        * Loop: 
        +----------------------------------+---------+---------+----------------+-----------+-----------+------+----------+
        |                                  |  Latency (cycles) |    Iteration   |  Initiation Interval  | Trip |          |
        |             Loop Name            |   min   |   max   |     Latency    |  achieved |   target  | Count| Pipelined|
        +----------------------------------+---------+---------+----------------+-----------+-----------+------+----------+
        |- A_IO_L2_in_0_x1_loop_1          |  1270304|  2449952|  79394 ~ 153122|          -|          -|    16|        no|
        | + A_IO_L2_in_0_x1_loop_2         |    79392|   153120|     4962 ~ 9570|          -|          -|    16|        no|
        |  ++ A_IO_L2_in_0_x1_loop_3       |     4960|     9568|       155 ~ 299|          -|          -|    32|        no|
        |   +++ A_IO_L2_in_0_x1_loop_4     |      152|      152|              19|          -|          -|     8|        no|
        |    ++++ A_IO_L2_in_0_x1_loop_5   |       17|       17|               2|          -|          -|     8|        no|
        |    ++++ A_IO_L2_in_0_x1_loop_6   |       16|       16|               2|          -|          -|     8|        no|
        |   +++ A_IO_L2_in_0_x1_loop_7     |      144|      144|              18|          -|          -|     8|        no|
        |    ++++ A_IO_L2_in_0_x1_loop_8   |       16|       16|               2|          -|          -|     8|        no|
        |   +++ A_IO_L2_in_0_x1_loop_9     |      152|      152|              19|          -|          -|     8|        no|
        |    ++++ A_IO_L2_in_0_x1_loop_10  |       17|       17|               2|          -|          -|     8|        no|
        |    ++++ A_IO_L2_in_0_x1_loop_11  |       16|       16|               2|          -|          -|     8|        no|
        |   +++ A_IO_L2_in_0_x1_loop_12    |      144|      144|              18|          -|          -|     8|        no|
        |    ++++ A_IO_L2_in_0_x1_loop_13  |       16|       16|               2|          -|          -|     8|        no|
        |- A_IO_L2_in_0_x1_loop_14         |      144|      144|              18|          -|          -|     8|        no|
        | + A_IO_L2_in_0_x1_loop_15        |       16|       16|               2|          -|          -|     8|        no|
        +----------------------------------+---------+---------+----------------+-----------+-----------+------+----------+



================================================================
== Utilization Estimates
================================================================
* Summary: 
+---------------------+---------+-------+---------+---------+------+
|         Name        | BRAM_18K|  DSP  |    FF   |   LUT   | URAM |
+---------------------+---------+-------+---------+---------+------+
|DSP                  |        -|      -|        -|        -|     -|
|Expression           |        -|      -|        0|      351|     -|
|FIFO                 |        -|      -|        -|        -|     -|
|Instance             |        -|      -|        -|        -|     -|
|Memory               |        0|      -|      512|      514|     -|
|Multiplexer          |        -|      -|        -|      359|     -|
|Register             |        -|      -|      159|        -|     -|
+---------------------+---------+-------+---------+---------+------+
|Total                |        0|      0|      671|     1224|     0|
+---------------------+---------+-------+---------+---------+------+
|Available SLR        |     1344|   3072|   864000|   432000|   320|
+---------------------+---------+-------+---------+---------+------+
|Utilization SLR (%)  |        0|      0|       ~0|       ~0|     0|
+---------------------+---------+-------+---------+---------+------+
|Available            |     5376|  12288|  3456000|  1728000|  1280|
+---------------------+---------+-------+---------+---------+------+
|Utilization (%)      |        0|      0|       ~0|       ~0|     0|
+---------------------+---------+-------+---------+---------+------+

+ Detail: 
    * Instance: 
    N/A

    * DSP: 
    N/A

    * Memory: 
    +--------------------+----------------------------------+---------+-----+-----+-----+------+-----+------+-------------+
    |       Memory       |              Module              | BRAM_18K|  FF | LUT | URAM| Words| Bits| Banks| W*Bits*Banks|
    +--------------------+----------------------------------+---------+-----+-----+-----+------+-----+------+-------------+
    |local_A_ping_V_0_U  |A_IO_L2_in_0_x0_local_A_ping_V_0  |        0|  256|  257|    0|     8|  512|     1|         4096|
    |local_A_pong_V_0_U  |A_IO_L2_in_0_x0_local_A_ping_V_0  |        0|  256|  257|    0|     8|  512|     1|         4096|
    +--------------------+----------------------------------+---------+-----+-----+-----+------+-----+------+-------------+
    |Total               |                                  |        0|  512|  514|    0|    16| 1024|     2|         8192|
    +--------------------+----------------------------------+---------+-----+-----+-----+------+-----+------+-------------+

    * FIFO: 
    N/A

    * Expression: 
    +---------------------------------+----------+----+---+----+------------+------------+
    |          Variable Name          | Operation| DSP| FF| LUT| Bitwidth P0| Bitwidth P1|
    +---------------------------------+----------+----+---+----+------------+------------+
    |add_ln691_2407_fu_583_p2         |         +|   0|  0|  12|           4|           1|
    |add_ln691_2408_fu_595_p2         |         +|   0|  0|  12|           4|           1|
    |add_ln691_2409_fu_401_p2         |         +|   0|  0|  12|           5|           1|
    |add_ln691_2410_fu_549_p2         |         +|   0|  0|  12|           4|           1|
    |add_ln691_2411_fu_537_p2         |         +|   0|  0|  12|           4|           1|
    |add_ln691_2412_fu_455_p2         |         +|   0|  0|  12|           4|           1|
    |add_ln691_2413_fu_443_p2         |         +|   0|  0|  12|           4|           1|
    |add_ln691_2414_fu_413_p2         |         +|   0|  0|  13|           6|           1|
    |add_ln691_2415_fu_519_p2         |         +|   0|  0|  12|           4|           1|
    |add_ln691_2416_fu_425_p2         |         +|   0|  0|  12|           4|           1|
    |add_ln691_2417_fu_484_p2         |         +|   0|  0|  12|           4|           1|
    |add_ln691_2418_fu_566_p2         |         +|   0|  0|  12|           4|           1|
    |add_ln691_2419_fu_472_p2         |         +|   0|  0|  12|           4|           1|
    |add_ln691_2420_fu_502_p2         |         +|   0|  0|  12|           4|           1|
    |add_ln691_fu_389_p2              |         +|   0|  0|  12|           5|           1|
    |ap_block_state17                 |       and|   0|  0|   2|           1|           1|
    |ap_block_state9                  |       and|   0|  0|   2|           1|           1|
    |ap_predicate_op157_read_state17  |       and|   0|  0|   2|           1|           1|
    |ap_predicate_op91_read_state9    |       and|   0|  0|   2|           1|           1|
    |icmp_ln870_27_fu_437_p2          |      icmp|   0|  0|   9|           4|           1|
    |icmp_ln870_fu_531_p2             |      icmp|   0|  0|   9|           4|           1|
    |icmp_ln890_2023_fu_589_p2        |      icmp|   0|  0|   9|           4|           5|
    |icmp_ln890_2024_fu_407_p2        |      icmp|   0|  0|  10|           5|           6|
    |icmp_ln890_2025_fu_606_p2        |      icmp|   0|  0|   9|           4|           5|
    |icmp_ln890_2026_fu_419_p2        |      icmp|   0|  0|  10|           6|           7|
    |icmp_ln890_2027_fu_525_p2        |      icmp|   0|  0|   9|           4|           5|
    |icmp_ln890_2028_fu_431_p2        |      icmp|   0|  0|   9|           4|           5|
    |icmp_ln890_2029_fu_490_p2        |      icmp|   0|  0|   9|           4|           5|
    |icmp_ln890_2030_fu_555_p2        |      icmp|   0|  0|   9|           4|           5|
    |icmp_ln890_2031_fu_543_p2        |      icmp|   0|  0|   9|           4|           5|
    |icmp_ln890_2032_fu_478_p2        |      icmp|   0|  0|   9|           4|           5|
    |icmp_ln890_2033_fu_461_p2        |      icmp|   0|  0|   9|           4|           5|
    |icmp_ln890_2034_fu_449_p2        |      icmp|   0|  0|   9|           4|           5|
    |icmp_ln890_2035_fu_577_p2        |      icmp|   0|  0|   9|           4|           5|
    |icmp_ln890_2036_fu_513_p2        |      icmp|   0|  0|   9|           4|           5|
    |icmp_ln890_fu_395_p2             |      icmp|   0|  0|  10|           5|           6|
    |ap_block_state1                  |        or|   0|  0|   2|           1|           1|
    |ap_block_state15                 |        or|   0|  0|   2|           1|           1|
    |arb_fu_496_p2                    |       xor|   0|  0|   2|           1|           2|
    +---------------------------------+----------+----+---+----+------------+------------+
    |Total                            |          |   0|  0| 351|         143|         104|
    +---------------------------------+----------+----+---+----+------------+------------+

    * Multiplexer: 
    +-------------------------------+-----+-----------+-----+-----------+
    |              Name             | LUT | Input Size| Bits| Total Bits|
    +-------------------------------+-----+-----------+-----+-----------+
    |ap_NS_fsm                      |  113|         23|    1|         23|
    |ap_done                        |    9|          2|    1|          2|
    |arb_31_reg_243                 |    9|          2|    1|          2|
    |c0_V_reg_170                   |    9|          2|    5|         10|
    |c1_V_reg_195                   |    9|          2|    5|         10|
    |c2_V_reg_219                   |    9|          2|    6|         12|
    |c3_V_27_reg_255                |    9|          2|    4|          8|
    |c3_V_reg_322                   |    9|          2|    4|          8|
    |c4_V_97_reg_333                |    9|          2|    4|          8|
    |c4_V_98_reg_277                |    9|          2|    4|          8|
    |c4_V_99_reg_266                |    9|          2|    4|          8|
    |c4_V_reg_344                   |    9|          2|    4|          8|
    |c6_V_61_reg_300                |    9|          2|    4|          8|
    |c6_V_62_reg_289                |    9|          2|    4|          8|
    |c6_V_reg_367                   |    9|          2|    4|          8|
    |c7_V_61_reg_356                |    9|          2|    4|          8|
    |c7_V_62_reg_311                |    9|          2|    4|          8|
    |c7_V_reg_378                   |    9|          2|    4|          8|
    |fifo_A_A_IO_L2_in_0_x14_blk_n  |    9|          2|    1|          2|
    |fifo_A_A_IO_L2_in_1_x15_blk_n  |    9|          2|    1|          2|
    |fifo_A_PE_0_0_x120_blk_n       |    9|          2|    1|          2|
    |fifo_A_PE_0_0_x120_din         |   14|          3|  512|       1536|
    |intra_trans_en_61_reg_206      |    9|          2|    1|          2|
    |intra_trans_en_62_reg_230      |    9|          2|    1|          2|
    |local_A_ping_V_0_address0      |   20|          4|    3|         12|
    |local_A_pong_V_0_address0      |   14|          3|    3|          9|
    +-------------------------------+-----+-----------+-----+-----------+
    |Total                          |  359|         77|  590|       1722|
    +-------------------------------+-----+-----------+-----+-----------+

    * Register: 
    +---------------------------+----+----+-----+-----------+
    |            Name           | FF | LUT| Bits| Const Bits|
    +---------------------------+----+----+-----+-----------+
    |add_ln691_2407_reg_741     |   4|   0|    4|          0|
    |add_ln691_2408_reg_749     |   4|   0|    4|          0|
    |add_ln691_2409_reg_620     |   5|   0|    5|          0|
    |add_ln691_2410_reg_719     |   4|   0|    4|          0|
    |add_ln691_2411_reg_711     |   4|   0|    4|          0|
    |add_ln691_2412_reg_656     |   4|   0|    4|          0|
    |add_ln691_2413_reg_648     |   4|   0|    4|          0|
    |add_ln691_2414_reg_628     |   6|   0|    6|          0|
    |add_ln691_2415_reg_699     |   4|   0|    4|          0|
    |add_ln691_2416_reg_636     |   4|   0|    4|          0|
    |add_ln691_2417_reg_673     |   4|   0|    4|          0|
    |add_ln691_2418_reg_728     |   4|   0|    4|          0|
    |add_ln691_2419_reg_665     |   4|   0|    4|          0|
    |add_ln691_2420_reg_686     |   4|   0|    4|          0|
    |add_ln691_reg_612          |   5|   0|    5|          0|
    |ap_CS_fsm                  |  22|   0|   22|          0|
    |ap_done_reg                |   1|   0|    1|          0|
    |arb_31_reg_243             |   1|   0|    1|          0|
    |c0_V_reg_170               |   5|   0|    5|          0|
    |c1_V_reg_195               |   5|   0|    5|          0|
    |c2_V_reg_219               |   6|   0|    6|          0|
    |c3_V_27_reg_255            |   4|   0|    4|          0|
    |c3_V_reg_322               |   4|   0|    4|          0|
    |c4_V_97_reg_333            |   4|   0|    4|          0|
    |c4_V_98_reg_277            |   4|   0|    4|          0|
    |c4_V_99_reg_266            |   4|   0|    4|          0|
    |c4_V_reg_344               |   4|   0|    4|          0|
    |c6_V_61_reg_300            |   4|   0|    4|          0|
    |c6_V_62_reg_289            |   4|   0|    4|          0|
    |c6_V_reg_367               |   4|   0|    4|          0|
    |c7_V_61_reg_356            |   4|   0|    4|          0|
    |c7_V_62_reg_311            |   4|   0|    4|          0|
    |c7_V_reg_378               |   4|   0|    4|          0|
    |icmp_ln870_27_reg_644      |   1|   0|    1|          0|
    |icmp_ln870_reg_707         |   1|   0|    1|          0|
    |icmp_ln890_2030_reg_724    |   1|   0|    1|          0|
    |icmp_ln890_2033_reg_661    |   1|   0|    1|          0|
    |intra_trans_en_61_reg_206  |   1|   0|    1|          0|
    |intra_trans_en_62_reg_230  |   1|   0|    1|          0|
    |intra_trans_en_reg_181     |   1|   0|    1|          0|
    +---------------------------+----+----+-----+-----------+
    |Total                      | 159|   0|  159|          0|
    +---------------------------+----+----+-----+-----------+



================================================================
== Interface
================================================================
* Summary: 
+---------------------------------+-----+-----+------------+-------------------------+--------------+
|            RTL Ports            | Dir | Bits|  Protocol  |      Source Object      |    C Type    |
+---------------------------------+-----+-----+------------+-------------------------+--------------+
|ap_clk                           |   in|    1|  ap_ctrl_hs|          A_IO_L2_in_0_x1|  return value|
|ap_rst                           |   in|    1|  ap_ctrl_hs|          A_IO_L2_in_0_x1|  return value|
|ap_start                         |   in|    1|  ap_ctrl_hs|          A_IO_L2_in_0_x1|  return value|
|ap_done                          |  out|    1|  ap_ctrl_hs|          A_IO_L2_in_0_x1|  return value|
|ap_continue                      |   in|    1|  ap_ctrl_hs|          A_IO_L2_in_0_x1|  return value|
|ap_idle                          |  out|    1|  ap_ctrl_hs|          A_IO_L2_in_0_x1|  return value|
|ap_ready                         |  out|    1|  ap_ctrl_hs|          A_IO_L2_in_0_x1|  return value|
|fifo_A_A_IO_L2_in_0_x14_dout     |   in|  512|     ap_fifo|  fifo_A_A_IO_L2_in_0_x14|       pointer|
|fifo_A_A_IO_L2_in_0_x14_empty_n  |   in|    1|     ap_fifo|  fifo_A_A_IO_L2_in_0_x14|       pointer|
|fifo_A_A_IO_L2_in_0_x14_read     |  out|    1|     ap_fifo|  fifo_A_A_IO_L2_in_0_x14|       pointer|
|fifo_A_A_IO_L2_in_1_x15_din      |  out|  512|     ap_fifo|  fifo_A_A_IO_L2_in_1_x15|       pointer|
|fifo_A_A_IO_L2_in_1_x15_full_n   |   in|    1|     ap_fifo|  fifo_A_A_IO_L2_in_1_x15|       pointer|
|fifo_A_A_IO_L2_in_1_x15_write    |  out|    1|     ap_fifo|  fifo_A_A_IO_L2_in_1_x15|       pointer|
|fifo_A_PE_0_0_x120_din           |  out|  512|     ap_fifo|       fifo_A_PE_0_0_x120|       pointer|
|fifo_A_PE_0_0_x120_full_n        |   in|    1|     ap_fifo|       fifo_A_PE_0_0_x120|       pointer|
|fifo_A_PE_0_0_x120_write         |  out|    1|     ap_fifo|       fifo_A_PE_0_0_x120|       pointer|
+---------------------------------+-----+-----+------------+-------------------------+--------------+

