

================================================================
== Vitis HLS Report for 'B_IO_L2_in_0_x0'
================================================================
* Date:           Fri Sep 16 02:38:26 2022

* Version:        2020.2 (Build 3064766 on Wed Nov 18 09:12:47 MST 2020)
* Project:        top
* Solution:       solution (Vitis Kernel Flow Target)
* Product family: virtexuplus
* Target device:  xcu250-figd2104-2L-e


================================================================
== Performance Estimates
================================================================
+ Timing: 
    * Summary: 
    +--------+---------+----------+------------+
    |  Clock |  Target | Estimated| Uncertainty|
    +--------+---------+----------+------------+
    |ap_clk  |  3.33 ns|  2.433 ns|     0.90 ns|
    +--------+---------+----------+------------+

+ Latency: 
    * Summary: 
    +---------+---------+----------+----------+---------+---------+---------+
    |  Latency (cycles) |  Latency (absolute) |      Interval     | Pipeline|
    |   min   |   max   |    min   |    max   |   min   |   max   |   Type  |
    +---------+---------+----------+----------+---------+---------+---------+
    |  1270394|  1991290|  4.234 ms|  6.637 ms|  1270394|  1991290|     none|
    +---------+---------+----------+----------+---------+---------+---------+

    + Detail: 
        * Instance: 
        N/A

        * Loop: 
        +----------------------------------+---------+---------+----------------+-----------+-----------+------+----------+
        |                                  |  Latency (cycles) |    Iteration   |  Initiation Interval  | Trip |          |
        |             Loop Name            |   min   |   max   |     Latency    |  achieved |   target  | Count| Pipelined|
        +----------------------------------+---------+---------+----------------+-----------+-----------+------+----------+
        |- B_IO_L2_in_0_x0_loop_1          |  1270304|  1991200|  79394 ~ 124450|          -|          -|    16|        no|
        | + B_IO_L2_in_0_x0_loop_2         |    79392|   124448|     4962 ~ 7778|          -|          -|    16|        no|
        |  ++ B_IO_L2_in_0_x0_loop_3       |     4960|     7776|       155 ~ 243|          -|          -|    32|        no|
        |   +++ B_IO_L2_in_0_x0_loop_4     |      152|      152|              19|          -|          -|     8|        no|
        |    ++++ B_IO_L2_in_0_x0_loop_5   |       17|       17|               2|          -|          -|     8|        no|
        |    ++++ B_IO_L2_in_0_x0_loop_6   |       16|       16|               2|          -|          -|     8|        no|
        |   +++ B_IO_L2_in_0_x0_loop_7     |       88|       88|              11|          -|          -|     8|        no|
        |    ++++ B_IO_L2_in_0_x0_loop_8   |        8|        8|               1|          -|          -|     8|        no|
        |   +++ B_IO_L2_in_0_x0_loop_9     |      152|      152|              19|          -|          -|     8|        no|
        |    ++++ B_IO_L2_in_0_x0_loop_10  |       17|       17|               2|          -|          -|     8|        no|
        |    ++++ B_IO_L2_in_0_x0_loop_11  |       16|       16|               2|          -|          -|     8|        no|
        |   +++ B_IO_L2_in_0_x0_loop_12    |       88|       88|              11|          -|          -|     8|        no|
        |    ++++ B_IO_L2_in_0_x0_loop_13  |        8|        8|               1|          -|          -|     8|        no|
        |- B_IO_L2_in_0_x0_loop_14         |       88|       88|              11|          -|          -|     8|        no|
        | + B_IO_L2_in_0_x0_loop_15        |        8|        8|               1|          -|          -|     8|        no|
        +----------------------------------+---------+---------+----------------+-----------+-----------+------+----------+



================================================================
== Utilization Estimates
================================================================
* Summary: 
+---------------------+---------+-------+---------+---------+------+
|         Name        | BRAM_18K|  DSP  |    FF   |   LUT   | URAM |
+---------------------+---------+-------+---------+---------+------+
|DSP                  |        -|      -|        -|        -|     -|
|Expression           |        -|      -|        0|      357|     -|
|FIFO                 |        -|      -|        -|        -|     -|
|Instance             |        -|      -|        -|        -|     -|
|Memory               |        0|      -|      512|      514|     -|
|Multiplexer          |        -|      -|        -|      359|     -|
|Register             |        -|      -|     1171|        -|     -|
+---------------------+---------+-------+---------+---------+------+
|Total                |        0|      0|     1683|     1230|     0|
+---------------------+---------+-------+---------+---------+------+
|Available SLR        |     1344|   3072|   864000|   432000|   320|
+---------------------+---------+-------+---------+---------+------+
|Utilization SLR (%)  |        0|      0|       ~0|       ~0|     0|
+---------------------+---------+-------+---------+---------+------+
|Available            |     5376|  12288|  3456000|  1728000|  1280|
+---------------------+---------+-------+---------+---------+------+
|Utilization (%)      |        0|      0|       ~0|       ~0|     0|
+---------------------+---------+-------+---------+---------+------+

+ Detail: 
    * Instance: 
    N/A

    * DSP: 
    N/A

    * Memory: 
    +--------------------+----------------------------------+---------+-----+-----+-----+------+-----+------+-------------+
    |       Memory       |              Module              | BRAM_18K|  FF | LUT | URAM| Words| Bits| Banks| W*Bits*Banks|
    +--------------------+----------------------------------+---------+-----+-----+-----+------+-----+------+-------------+
    |local_B_ping_V_0_U  |A_IO_L2_in_0_x0_local_A_ping_V_0  |        0|  256|  257|    0|     8|  512|     1|         4096|
    |local_B_pong_V_0_U  |A_IO_L2_in_0_x0_local_A_ping_V_0  |        0|  256|  257|    0|     8|  512|     1|         4096|
    +--------------------+----------------------------------+---------+-----+-----+-----+------+-----+------+-------------+
    |Total               |                                  |        0|  512|  514|    0|    16| 1024|     2|         8192|
    +--------------------+----------------------------------+---------+-----+-----+-----+------+-----+------+-------------+

    * FIFO: 
    N/A

    * Expression: 
    +---------------------------------+----------+----+---+----+------------+------------+
    |          Variable Name          | Operation| DSP| FF| LUT| Bitwidth P0| Bitwidth P1|
    +---------------------------------+----------+----+---+----+------------+------------+
    |add_ln691_2133_fu_586_p2         |         +|   0|  0|  12|           4|           1|
    |add_ln691_2134_fu_603_p2         |         +|   0|  0|  12|           4|           1|
    |add_ln691_2135_fu_404_p2         |         +|   0|  0|  12|           5|           1|
    |add_ln691_2136_fu_557_p2         |         +|   0|  0|  12|           4|           1|
    |add_ln691_2137_fu_545_p2         |         +|   0|  0|  12|           4|           1|
    |add_ln691_2138_fu_458_p2         |         +|   0|  0|  12|           4|           1|
    |add_ln691_2139_fu_446_p2         |         +|   0|  0|  12|           4|           1|
    |add_ln691_2140_fu_416_p2         |         +|   0|  0|  13|           6|           1|
    |add_ln691_2141_fu_527_p2         |         +|   0|  0|  12|           4|           1|
    |add_ln691_2142_fu_428_p2         |         +|   0|  0|  12|           4|           1|
    |add_ln691_2143_fu_492_p2         |         +|   0|  0|  12|           4|           1|
    |add_ln691_2144_fu_574_p2         |         +|   0|  0|  12|           4|           1|
    |add_ln691_2145_fu_475_p2         |         +|   0|  0|  12|           4|           1|
    |add_ln691_2146_fu_515_p2         |         +|   0|  0|  12|           4|           1|
    |add_ln691_fu_392_p2              |         +|   0|  0|  12|           5|           1|
    |ap_block_state12                 |       and|   0|  0|   2|           1|           1|
    |ap_block_state17                 |       and|   0|  0|   2|           1|           1|
    |ap_block_state19                 |       and|   0|  0|   2|           1|           1|
    |ap_block_state22                 |       and|   0|  0|   2|           1|           1|
    |ap_block_state9                  |       and|   0|  0|   2|           1|           1|
    |ap_predicate_op158_read_state17  |       and|   0|  0|   2|           1|           1|
    |ap_predicate_op91_read_state9    |       and|   0|  0|   2|           1|           1|
    |icmp_ln870_14_fu_440_p2          |      icmp|   0|  0|   9|           4|           1|
    |icmp_ln870_fu_539_p2             |      icmp|   0|  0|   9|           4|           1|
    |icmp_ln890_1749_fu_597_p2        |      icmp|   0|  0|   9|           4|           5|
    |icmp_ln890_1750_fu_410_p2        |      icmp|   0|  0|  10|           5|           6|
    |icmp_ln890_1751_fu_609_p2        |      icmp|   0|  0|   9|           4|           5|
    |icmp_ln890_1752_fu_422_p2        |      icmp|   0|  0|  10|           6|           7|
    |icmp_ln890_1753_fu_533_p2        |      icmp|   0|  0|   9|           4|           5|
    |icmp_ln890_1754_fu_434_p2        |      icmp|   0|  0|   9|           4|           5|
    |icmp_ln890_1755_fu_503_p2        |      icmp|   0|  0|   9|           4|           5|
    |icmp_ln890_1756_fu_563_p2        |      icmp|   0|  0|   9|           4|           5|
    |icmp_ln890_1757_fu_551_p2        |      icmp|   0|  0|   9|           4|           5|
    |icmp_ln890_1758_fu_486_p2        |      icmp|   0|  0|   9|           4|           5|
    |icmp_ln890_1759_fu_464_p2        |      icmp|   0|  0|   9|           4|           5|
    |icmp_ln890_1760_fu_452_p2        |      icmp|   0|  0|   9|           4|           5|
    |icmp_ln890_1761_fu_580_p2        |      icmp|   0|  0|   9|           4|           5|
    |icmp_ln890_1762_fu_521_p2        |      icmp|   0|  0|   9|           4|           5|
    |icmp_ln890_fu_398_p2             |      icmp|   0|  0|  10|           5|           6|
    |ap_block_state1                  |        or|   0|  0|   2|           1|           1|
    |ap_block_state15                 |        or|   0|  0|   2|           1|           1|
    |arb_fu_509_p2                    |       xor|   0|  0|   2|           1|           2|
    +---------------------------------+----------+----+---+----+------------+------------+
    |Total                            |          |   0|  0| 357|         146|         107|
    +---------------------------------+----------+----+---+----+------------+------------+

    * Multiplexer: 
    +--------------------------------+-----+-----------+-----+-----------+
    |              Name              | LUT | Input Size| Bits| Total Bits|
    +--------------------------------+-----+-----------+-----+-----------+
    |ap_NS_fsm                       |  113|         23|    1|         23|
    |ap_done                         |    9|          2|    1|          2|
    |arb_16_reg_241                  |    9|          2|    1|          2|
    |c0_V_reg_168                    |    9|          2|    5|         10|
    |c1_V_reg_193                    |    9|          2|    5|         10|
    |c2_V_reg_217                    |    9|          2|    6|         12|
    |c3_V_14_reg_253                 |    9|          2|    4|          8|
    |c3_V_reg_320                    |    9|          2|    4|          8|
    |c4_V_56_reg_331                 |    9|          2|    4|          8|
    |c4_V_57_reg_275                 |    9|          2|    4|          8|
    |c4_V_58_reg_264                 |    9|          2|    4|          8|
    |c4_V_reg_342                    |    9|          2|    4|          8|
    |c6_V_31_reg_298                 |    9|          2|    4|          8|
    |c6_V_32_reg_287                 |    9|          2|    4|          8|
    |c6_V_reg_365                    |    9|          2|    4|          8|
    |c7_V_31_reg_354                 |    9|          2|    4|          8|
    |c7_V_32_reg_309                 |    9|          2|    4|          8|
    |c7_V_reg_376                    |    9|          2|    4|          8|
    |fifo_B_B_IO_L2_in_0_x012_blk_n  |    9|          2|    1|          2|
    |fifo_B_B_IO_L2_in_1_x013_blk_n  |    9|          2|    1|          2|
    |fifo_B_PE_0_0_x092_blk_n        |    9|          2|    1|          2|
    |fifo_B_PE_0_0_x092_din          |   14|          3|  512|       1536|
    |intra_trans_en_31_reg_204       |    9|          2|    1|          2|
    |intra_trans_en_32_reg_228       |    9|          2|    1|          2|
    |local_B_ping_V_0_address0       |   20|          4|    3|         12|
    |local_B_pong_V_0_address0       |   14|          3|    3|          9|
    +--------------------------------+-----+-----------+-----+-----------+
    |Total                           |  359|         77|  590|       1722|
    +--------------------------------+-----+-----------+-----+-----------+

    * Register: 
    +-------------------------------+-----+----+-----+-----------+
    |              Name             |  FF | LUT| Bits| Const Bits|
    +-------------------------------+-----+----+-----+-----------+
    |add_ln691_2133_reg_749         |    4|   0|    4|          0|
    |add_ln691_2135_reg_623         |    5|   0|    5|          0|
    |add_ln691_2136_reg_727         |    4|   0|    4|          0|
    |add_ln691_2137_reg_719         |    4|   0|    4|          0|
    |add_ln691_2138_reg_659         |    4|   0|    4|          0|
    |add_ln691_2139_reg_651         |    4|   0|    4|          0|
    |add_ln691_2140_reg_631         |    6|   0|    6|          0|
    |add_ln691_2141_reg_707         |    4|   0|    4|          0|
    |add_ln691_2142_reg_639         |    4|   0|    4|          0|
    |add_ln691_2143_reg_681         |    4|   0|    4|          0|
    |add_ln691_2145_reg_668         |    4|   0|    4|          0|
    |add_ln691_reg_615              |    5|   0|    5|          0|
    |ap_CS_fsm                      |   22|   0|   22|          0|
    |ap_done_reg                    |    1|   0|    1|          0|
    |arb_16_reg_241                 |    1|   0|    1|          0|
    |c0_V_reg_168                   |    5|   0|    5|          0|
    |c1_V_reg_193                   |    5|   0|    5|          0|
    |c2_V_reg_217                   |    6|   0|    6|          0|
    |c3_V_14_reg_253                |    4|   0|    4|          0|
    |c3_V_reg_320                   |    4|   0|    4|          0|
    |c4_V_56_reg_331                |    4|   0|    4|          0|
    |c4_V_57_reg_275                |    4|   0|    4|          0|
    |c4_V_58_reg_264                |    4|   0|    4|          0|
    |c4_V_reg_342                   |    4|   0|    4|          0|
    |c6_V_31_reg_298                |    4|   0|    4|          0|
    |c6_V_32_reg_287                |    4|   0|    4|          0|
    |c6_V_reg_365                   |    4|   0|    4|          0|
    |c7_V_31_reg_354                |    4|   0|    4|          0|
    |c7_V_32_reg_309                |    4|   0|    4|          0|
    |c7_V_reg_376                   |    4|   0|    4|          0|
    |icmp_ln870_14_reg_647          |    1|   0|    1|          0|
    |icmp_ln870_reg_715             |    1|   0|    1|          0|
    |icmp_ln890_1756_reg_732        |    1|   0|    1|          0|
    |icmp_ln890_1759_reg_664        |    1|   0|    1|          0|
    |intra_trans_en_31_reg_204      |    1|   0|    1|          0|
    |intra_trans_en_32_reg_228      |    1|   0|    1|          0|
    |intra_trans_en_reg_179         |    1|   0|    1|          0|
    |local_B_pong_V_0_load_reg_736  |  512|   0|  512|          0|
    |reg_387                        |  512|   0|  512|          0|
    +-------------------------------+-----+----+-----+-----------+
    |Total                          | 1171|   0| 1171|          0|
    +-------------------------------+-----+----+-----+-----------+



================================================================
== Interface
================================================================
* Summary: 
+----------------------------------+-----+-----+------------+--------------------------+--------------+
|             RTL Ports            | Dir | Bits|  Protocol  |       Source Object      |    C Type    |
+----------------------------------+-----+-----+------------+--------------------------+--------------+
|ap_clk                            |   in|    1|  ap_ctrl_hs|           B_IO_L2_in_0_x0|  return value|
|ap_rst                            |   in|    1|  ap_ctrl_hs|           B_IO_L2_in_0_x0|  return value|
|ap_start                          |   in|    1|  ap_ctrl_hs|           B_IO_L2_in_0_x0|  return value|
|ap_done                           |  out|    1|  ap_ctrl_hs|           B_IO_L2_in_0_x0|  return value|
|ap_continue                       |   in|    1|  ap_ctrl_hs|           B_IO_L2_in_0_x0|  return value|
|ap_idle                           |  out|    1|  ap_ctrl_hs|           B_IO_L2_in_0_x0|  return value|
|ap_ready                          |  out|    1|  ap_ctrl_hs|           B_IO_L2_in_0_x0|  return value|
|fifo_B_B_IO_L2_in_0_x012_dout     |   in|  512|     ap_fifo|  fifo_B_B_IO_L2_in_0_x012|       pointer|
|fifo_B_B_IO_L2_in_0_x012_empty_n  |   in|    1|     ap_fifo|  fifo_B_B_IO_L2_in_0_x012|       pointer|
|fifo_B_B_IO_L2_in_0_x012_read     |  out|    1|     ap_fifo|  fifo_B_B_IO_L2_in_0_x012|       pointer|
|fifo_B_B_IO_L2_in_1_x013_din      |  out|  512|     ap_fifo|  fifo_B_B_IO_L2_in_1_x013|       pointer|
|fifo_B_B_IO_L2_in_1_x013_full_n   |   in|    1|     ap_fifo|  fifo_B_B_IO_L2_in_1_x013|       pointer|
|fifo_B_B_IO_L2_in_1_x013_write    |  out|    1|     ap_fifo|  fifo_B_B_IO_L2_in_1_x013|       pointer|
|fifo_B_PE_0_0_x092_din            |  out|  512|     ap_fifo|        fifo_B_PE_0_0_x092|       pointer|
|fifo_B_PE_0_0_x092_full_n         |   in|    1|     ap_fifo|        fifo_B_PE_0_0_x092|       pointer|
|fifo_B_PE_0_0_x092_write          |  out|    1|     ap_fifo|        fifo_B_PE_0_0_x092|       pointer|
+----------------------------------+-----+-----+------------+--------------------------+--------------+

