

================================================================
== Vitis HLS Report for 'B_IO_L2_in_6_x0'
================================================================
* Date:           Fri Sep 16 02:38:29 2022

* Version:        2020.2 (Build 3064766 on Wed Nov 18 09:12:47 MST 2020)
* Project:        top
* Solution:       solution (Vitis Kernel Flow Target)
* Product family: virtexuplus
* Target device:  xcu250-figd2104-2L-e


================================================================
== Performance Estimates
================================================================
+ Timing: 
    * Summary: 
    +--------+---------+----------+------------+
    |  Clock |  Target | Estimated| Uncertainty|
    +--------+---------+----------+------------+
    |ap_clk  |  3.33 ns|  2.433 ns|     0.90 ns|
    +--------+---------+----------+------------+

+ Latency: 
    * Summary: 
    +---------+---------+----------+----------+--------+---------+---------+
    |  Latency (cycles) |  Latency (absolute) |     Interval     | Pipeline|
    |   min   |   max   |    min   |    max   |   min  |   max   |   Type  |
    +---------+---------+----------+----------+--------+---------+---------+
    |   336506|  1057402|  1.122 ms|  3.524 ms|  336506|  1057402|     none|
    +---------+---------+----------+----------+--------+---------+---------+

    + Detail: 
        * Instance: 
        N/A

        * Loop: 
        +----------------------------------+---------+---------+---------------+-----------+-----------+------+----------+
        |                                  |  Latency (cycles) |   Iteration   |  Initiation Interval  | Trip |          |
        |             Loop Name            |   min   |   max   |    Latency    |  achieved |   target  | Count| Pipelined|
        +----------------------------------+---------+---------+---------------+-----------+-----------+------+----------+
        |- B_IO_L2_in_6_x0_loop_1          |   336416|  1057312|  21026 ~ 66082|          -|          -|    16|        no|
        | + B_IO_L2_in_6_x0_loop_2         |    21024|    66080|    1314 ~ 4130|          -|          -|    16|        no|
        |  ++ B_IO_L2_in_6_x0_loop_3       |     1312|     4128|       41 ~ 129|          -|          -|    32|        no|
        |   +++ B_IO_L2_in_6_x0_loop_4     |       38|       38|             19|          -|          -|     2|        no|
        |    ++++ B_IO_L2_in_6_x0_loop_5   |       17|       17|              2|          -|          -|     8|        no|
        |    ++++ B_IO_L2_in_6_x0_loop_6   |       16|       16|              2|          -|          -|     8|        no|
        |   +++ B_IO_L2_in_6_x0_loop_7     |       88|       88|             11|          -|          -|     8|        no|
        |    ++++ B_IO_L2_in_6_x0_loop_8   |        8|        8|              1|          -|          -|     8|        no|
        |   +++ B_IO_L2_in_6_x0_loop_9     |       38|       38|             19|          -|          -|     2|        no|
        |    ++++ B_IO_L2_in_6_x0_loop_10  |       17|       17|              2|          -|          -|     8|        no|
        |    ++++ B_IO_L2_in_6_x0_loop_11  |       16|       16|              2|          -|          -|     8|        no|
        |   +++ B_IO_L2_in_6_x0_loop_12    |       88|       88|             11|          -|          -|     8|        no|
        |    ++++ B_IO_L2_in_6_x0_loop_13  |        8|        8|              1|          -|          -|     8|        no|
        |- B_IO_L2_in_6_x0_loop_14         |       88|       88|             11|          -|          -|     8|        no|
        | + B_IO_L2_in_6_x0_loop_15        |        8|        8|              1|          -|          -|     8|        no|
        +----------------------------------+---------+---------+---------------+-----------+-----------+------+----------+



================================================================
== Utilization Estimates
================================================================
* Summary: 
+---------------------+---------+-------+---------+---------+------+
|         Name        | BRAM_18K|  DSP  |    FF   |   LUT   | URAM |
+---------------------+---------+-------+---------+---------+------+
|DSP                  |        -|      -|        -|        -|     -|
|Expression           |        -|      -|        0|      357|     -|
|FIFO                 |        -|      -|        -|        -|     -|
|Instance             |        -|      -|        -|        -|     -|
|Memory               |        0|      -|      512|      514|     -|
|Multiplexer          |        -|      -|        -|      359|     -|
|Register             |        -|      -|     1163|        -|     -|
+---------------------+---------+-------+---------+---------+------+
|Total                |        0|      0|     1675|     1230|     0|
+---------------------+---------+-------+---------+---------+------+
|Available SLR        |     1344|   3072|   864000|   432000|   320|
+---------------------+---------+-------+---------+---------+------+
|Utilization SLR (%)  |        0|      0|       ~0|       ~0|     0|
+---------------------+---------+-------+---------+---------+------+
|Available            |     5376|  12288|  3456000|  1728000|  1280|
+---------------------+---------+-------+---------+---------+------+
|Utilization (%)      |        0|      0|       ~0|       ~0|     0|
+---------------------+---------+-------+---------+---------+------+

+ Detail: 
    * Instance: 
    N/A

    * DSP: 
    N/A

    * Memory: 
    +--------------------+----------------------------------+---------+-----+-----+-----+------+-----+------+-------------+
    |       Memory       |              Module              | BRAM_18K|  FF | LUT | URAM| Words| Bits| Banks| W*Bits*Banks|
    +--------------------+----------------------------------+---------+-----+-----+-----+------+-----+------+-------------+
    |local_B_ping_V_0_U  |A_IO_L2_in_0_x0_local_A_ping_V_0  |        0|  256|  257|    0|     8|  512|     1|         4096|
    |local_B_pong_V_0_U  |A_IO_L2_in_0_x0_local_A_ping_V_0  |        0|  256|  257|    0|     8|  512|     1|         4096|
    +--------------------+----------------------------------+---------+-----+-----+-----+------+-----+------+-------------+
    |Total               |                                  |        0|  512|  514|    0|    16| 1024|     2|         8192|
    +--------------------+----------------------------------+---------+-----+-----+-----+------+-----+------+-------------+

    * FIFO: 
    N/A

    * Expression: 
    +---------------------------------+----------+----+---+----+------------+------------+
    |          Variable Name          | Operation| DSP| FF| LUT| Bitwidth P0| Bitwidth P1|
    +---------------------------------+----------+----+---+----+------------+------------+
    |add_ln691_1965_fu_592_p2         |         +|   0|  0|  12|           4|           1|
    |add_ln691_1966_fu_609_p2         |         +|   0|  0|  12|           4|           1|
    |add_ln691_1967_fu_410_p2         |         +|   0|  0|  12|           5|           1|
    |add_ln691_1968_fu_557_p2         |         +|   0|  0|  12|           4|           1|
    |add_ln691_1969_fu_545_p2         |         +|   0|  0|  12|           4|           1|
    |add_ln691_1970_fu_458_p2         |         +|   0|  0|  12|           4|           1|
    |add_ln691_1971_fu_446_p2         |         +|   0|  0|  12|           4|           1|
    |add_ln691_1972_fu_422_p2         |         +|   0|  0|  13|           6|           1|
    |add_ln691_1973_fu_574_p2         |         +|   0|  0|  12|           4|           1|
    |add_ln691_1974_fu_475_p2         |         +|   0|  0|  12|           4|           1|
    |add_ln691_1975_fu_498_p2         |         +|   0|  0|  12|           4|           1|
    |add_ln691_1976_fu_580_p2         |         +|   0|  0|  12|           4|           1|
    |add_ln691_1977_fu_481_p2         |         +|   0|  0|  12|           4|           1|
    |add_ln691_1978_fu_521_p2         |         +|   0|  0|  12|           4|           1|
    |add_ln691_fu_398_p2              |         +|   0|  0|  12|           5|           1|
    |ap_block_state12                 |       and|   0|  0|   2|           1|           1|
    |ap_block_state17                 |       and|   0|  0|   2|           1|           1|
    |ap_block_state19                 |       and|   0|  0|   2|           1|           1|
    |ap_block_state22                 |       and|   0|  0|   2|           1|           1|
    |ap_block_state9                  |       and|   0|  0|   2|           1|           1|
    |ap_predicate_op157_read_state17  |       and|   0|  0|   2|           1|           1|
    |ap_predicate_op90_read_state9    |       and|   0|  0|   2|           1|           1|
    |icmp_ln870_2_fu_440_p2           |      icmp|   0|  0|   9|           4|           3|
    |icmp_ln870_fu_539_p2             |      icmp|   0|  0|   9|           4|           3|
    |icmp_ln890_1581_fu_603_p2        |      icmp|   0|  0|   9|           4|           5|
    |icmp_ln890_1582_fu_416_p2        |      icmp|   0|  0|  10|           5|           6|
    |icmp_ln890_1583_fu_615_p2        |      icmp|   0|  0|   9|           4|           5|
    |icmp_ln890_1584_fu_428_p2        |      icmp|   0|  0|  10|           6|           7|
    |icmp_ln890_1585_fu_533_p2        |      icmp|   0|  0|   9|           4|           5|
    |icmp_ln890_1586_fu_434_p2        |      icmp|   0|  0|   9|           4|           5|
    |icmp_ln890_1587_fu_509_p2        |      icmp|   0|  0|   9|           4|           5|
    |icmp_ln890_1588_fu_563_p2        |      icmp|   0|  0|   9|           4|           5|
    |icmp_ln890_1589_fu_551_p2        |      icmp|   0|  0|   9|           4|           5|
    |icmp_ln890_1590_fu_492_p2        |      icmp|   0|  0|   9|           4|           5|
    |icmp_ln890_1591_fu_464_p2        |      icmp|   0|  0|   9|           4|           5|
    |icmp_ln890_1592_fu_452_p2        |      icmp|   0|  0|   9|           4|           5|
    |icmp_ln890_1593_fu_586_p2        |      icmp|   0|  0|   9|           4|           5|
    |icmp_ln890_1594_fu_527_p2        |      icmp|   0|  0|   9|           4|           5|
    |icmp_ln890_fu_404_p2             |      icmp|   0|  0|  10|           5|           6|
    |ap_block_state1                  |        or|   0|  0|   2|           1|           1|
    |ap_block_state15                 |        or|   0|  0|   2|           1|           1|
    |arb_fu_515_p2                    |       xor|   0|  0|   2|           1|           2|
    +---------------------------------+----------+----+---+----+------------+------------+
    |Total                            |          |   0|  0| 357|         146|         111|
    +---------------------------------+----------+----+---+----+------------+------------+

    * Multiplexer: 
    +--------------------------------+-----+-----------+-----+-----------+
    |              Name              | LUT | Input Size| Bits| Total Bits|
    +--------------------------------+-----+-----------+-----+-----------+
    |ap_NS_fsm                       |  113|         23|    1|         23|
    |ap_done                         |    9|          2|    1|          2|
    |arb_4_reg_245                   |    9|          2|    1|          2|
    |c0_V_reg_172                    |    9|          2|    5|         10|
    |c1_V_reg_197                    |    9|          2|    5|         10|
    |c2_V_reg_221                    |    9|          2|    6|         12|
    |c3_V_2_reg_257                  |    9|          2|    4|          8|
    |c3_V_reg_325                    |    9|          2|    4|          8|
    |c4_V_20_reg_337                 |    9|          2|    4|          8|
    |c4_V_21_reg_280                 |    9|          2|    4|          8|
    |c4_V_22_reg_269                 |    9|          2|    4|          8|
    |c4_V_reg_348                    |    9|          2|    4|          8|
    |c6_V_7_reg_303                  |    9|          2|    4|          8|
    |c6_V_8_reg_292                  |    9|          2|    4|          8|
    |c6_V_reg_371                    |    9|          2|    4|          8|
    |c7_V_7_reg_360                  |    9|          2|    4|          8|
    |c7_V_8_reg_314                  |    9|          2|    4|          8|
    |c7_V_reg_382                    |    9|          2|    4|          8|
    |fifo_B_B_IO_L2_in_6_x018_blk_n  |    9|          2|    1|          2|
    |fifo_B_B_IO_L2_in_7_x019_blk_n  |    9|          2|    1|          2|
    |fifo_B_PE_0_6_x0146_blk_n       |    9|          2|    1|          2|
    |fifo_B_PE_0_6_x0146_din         |   14|          3|  512|       1536|
    |intra_trans_en_7_reg_208        |    9|          2|    1|          2|
    |intra_trans_en_8_reg_232        |    9|          2|    1|          2|
    |local_B_ping_V_0_address0       |   20|          4|    3|         12|
    |local_B_pong_V_0_address0       |   14|          3|    3|          9|
    +--------------------------------+-----+-----------+-----+-----------+
    |Total                           |  359|         77|  590|       1722|
    +--------------------------------+-----+-----------+-----+-----------+

    * Register: 
    +-------------------------------+-----+----+-----+-----------+
    |              Name             |  FF | LUT| Bits| Const Bits|
    +-------------------------------+-----+----+-----+-----------+
    |add_ln691_1965_reg_755         |    4|   0|    4|          0|
    |add_ln691_1967_reg_629         |    5|   0|    5|          0|
    |add_ln691_1968_reg_728         |    4|   0|    4|          0|
    |add_ln691_1969_reg_720         |    4|   0|    4|          0|
    |add_ln691_1970_reg_660         |    4|   0|    4|          0|
    |add_ln691_1971_reg_652         |    4|   0|    4|          0|
    |add_ln691_1972_reg_637         |    6|   0|    6|          0|
    |add_ln691_1975_reg_687         |    4|   0|    4|          0|
    |add_ln691_1977_reg_674         |    4|   0|    4|          0|
    |add_ln691_reg_621              |    5|   0|    5|          0|
    |ap_CS_fsm                      |   22|   0|   22|          0|
    |ap_done_reg                    |    1|   0|    1|          0|
    |arb_4_reg_245                  |    1|   0|    1|          0|
    |c0_V_reg_172                   |    5|   0|    5|          0|
    |c1_V_reg_197                   |    5|   0|    5|          0|
    |c2_V_reg_221                   |    6|   0|    6|          0|
    |c3_V_2_reg_257                 |    4|   0|    4|          0|
    |c3_V_reg_325                   |    4|   0|    4|          0|
    |c4_V_20_reg_337                |    4|   0|    4|          0|
    |c4_V_21_reg_280                |    4|   0|    4|          0|
    |c4_V_22_reg_269                |    4|   0|    4|          0|
    |c4_V_reg_348                   |    4|   0|    4|          0|
    |c6_V_7_reg_303                 |    4|   0|    4|          0|
    |c6_V_8_reg_292                 |    4|   0|    4|          0|
    |c6_V_reg_371                   |    4|   0|    4|          0|
    |c7_V_7_reg_360                 |    4|   0|    4|          0|
    |c7_V_8_reg_314                 |    4|   0|    4|          0|
    |c7_V_reg_382                   |    4|   0|    4|          0|
    |icmp_ln870_2_reg_648           |    1|   0|    1|          0|
    |icmp_ln870_reg_716             |    1|   0|    1|          0|
    |icmp_ln890_1588_reg_733        |    1|   0|    1|          0|
    |icmp_ln890_1591_reg_665        |    1|   0|    1|          0|
    |intra_trans_en_7_reg_208       |    1|   0|    1|          0|
    |intra_trans_en_8_reg_232       |    1|   0|    1|          0|
    |intra_trans_en_reg_183         |    1|   0|    1|          0|
    |local_B_pong_V_0_load_reg_742  |  512|   0|  512|          0|
    |reg_393                        |  512|   0|  512|          0|
    +-------------------------------+-----+----+-----+-----------+
    |Total                          | 1163|   0| 1163|          0|
    +-------------------------------+-----+----+-----+-----------+



================================================================
== Interface
================================================================
* Summary: 
+----------------------------------+-----+-----+------------+--------------------------+--------------+
|             RTL Ports            | Dir | Bits|  Protocol  |       Source Object      |    C Type    |
+----------------------------------+-----+-----+------------+--------------------------+--------------+
|ap_clk                            |   in|    1|  ap_ctrl_hs|           B_IO_L2_in_6_x0|  return value|
|ap_rst                            |   in|    1|  ap_ctrl_hs|           B_IO_L2_in_6_x0|  return value|
|ap_start                          |   in|    1|  ap_ctrl_hs|           B_IO_L2_in_6_x0|  return value|
|ap_done                           |  out|    1|  ap_ctrl_hs|           B_IO_L2_in_6_x0|  return value|
|ap_continue                       |   in|    1|  ap_ctrl_hs|           B_IO_L2_in_6_x0|  return value|
|ap_idle                           |  out|    1|  ap_ctrl_hs|           B_IO_L2_in_6_x0|  return value|
|ap_ready                          |  out|    1|  ap_ctrl_hs|           B_IO_L2_in_6_x0|  return value|
|fifo_B_B_IO_L2_in_6_x018_dout     |   in|  512|     ap_fifo|  fifo_B_B_IO_L2_in_6_x018|       pointer|
|fifo_B_B_IO_L2_in_6_x018_empty_n  |   in|    1|     ap_fifo|  fifo_B_B_IO_L2_in_6_x018|       pointer|
|fifo_B_B_IO_L2_in_6_x018_read     |  out|    1|     ap_fifo|  fifo_B_B_IO_L2_in_6_x018|       pointer|
|fifo_B_B_IO_L2_in_7_x019_din      |  out|  512|     ap_fifo|  fifo_B_B_IO_L2_in_7_x019|       pointer|
|fifo_B_B_IO_L2_in_7_x019_full_n   |   in|    1|     ap_fifo|  fifo_B_B_IO_L2_in_7_x019|       pointer|
|fifo_B_B_IO_L2_in_7_x019_write    |  out|    1|     ap_fifo|  fifo_B_B_IO_L2_in_7_x019|       pointer|
|fifo_B_PE_0_6_x0146_din           |  out|  512|     ap_fifo|       fifo_B_PE_0_6_x0146|       pointer|
|fifo_B_PE_0_6_x0146_full_n        |   in|    1|     ap_fifo|       fifo_B_PE_0_6_x0146|       pointer|
|fifo_B_PE_0_6_x0146_write         |  out|    1|     ap_fifo|       fifo_B_PE_0_6_x0146|       pointer|
+----------------------------------+-----+-----+------------+--------------------------+--------------+

