

================================================================
== Vitis HLS Report for 'D_drain_IO_L1_out_wrapper_6_0_x0'
================================================================
* Date:           Sun Sep  4 23:21:29 2022

* Version:        2020.2 (Build 3064766 on Wed Nov 18 09:12:47 MST 2020)
* Project:        top
* Solution:       solution (Vitis Kernel Flow Target)
* Product family: virtexuplus
* Target device:  xcu250-figd2104-2L-e


================================================================
== Performance Estimates
================================================================
+ Timing: 
    * Summary: 
    +--------+---------+----------+------------+
    |  Clock |  Target | Estimated| Uncertainty|
    +--------+---------+----------+------------+
    |ap_clk  |  3.33 ns|  2.433 ns|     0.90 ns|
    +--------+---------+----------+------------+

+ Latency: 
    * Summary: 
    +---------+---------+----------+----------+-----+-------+---------+
    |  Latency (cycles) |  Latency (absolute) |   Interval  | Pipeline|
    |   min   |   max   |    min   |    max   | min |  max  |   Type  |
    +---------+---------+----------+----------+-----+-------+---------+
    |       57|    40593|  0.190 us|  0.135 ms|   57|  40593|     none|
    +---------+---------+----------+----------+-----+-------+---------+

    + Detail: 
        * Instance: 
        N/A

        * Loop: 
        +---------------------------------------------------+---------+---------+------------+-----------+-----------+------+----------+
        |                                                   |  Latency (cycles) |  Iteration |  Initiation Interval  | Trip |          |
        |                     Loop Name                     |   min   |   max   |   Latency  |  achieved |   target  | Count| Pipelined|
        +---------------------------------------------------+---------+---------+------------+-----------+-----------+------+----------+
        |- D_drain_IO_L1_out_wrapper_6_0_x0_loop_1          |       56|    40592|  14 ~ 10148|          -|          -|     4|        no|
        | + D_drain_IO_L1_out_wrapper_6_0_x0_loop_2         |       12|    10146|    2 ~ 1691|          -|          -|     6|        no|
        |  ++ D_drain_IO_L1_out_wrapper_6_0_x0_loop_3       |     1296|     1296|         162|          -|          -|     8|        no|
        |   +++ D_drain_IO_L1_out_wrapper_6_0_x0_loop_4     |      160|      160|          10|          -|          -|    16|        no|
        |    ++++ D_drain_IO_L1_out_wrapper_6_0_x0_loop_5   |        4|        4|           1|          -|          -|     4|        no|
        |  ++ D_drain_IO_L1_out_wrapper_6_0_x0_loop_6       |      392|      392|          98|          -|          -|     4|        no|
        |   +++ D_drain_IO_L1_out_wrapper_6_0_x0_loop_7     |       96|       96|           6|          -|          -|    16|        no|
        |    ++++ D_drain_IO_L1_out_wrapper_6_0_x0_loop_8   |        4|        4|           2|          -|          -|     2|        no|
        |   +++ D_drain_IO_L1_out_wrapper_6_0_x0_loop_9     |       96|       96|           6|          -|          -|    16|        no|
        |    ++++ D_drain_IO_L1_out_wrapper_6_0_x0_loop_10  |        4|        4|           2|          -|          -|     2|        no|
        +---------------------------------------------------+---------+---------+------------+-----------+-----------+------+----------+



================================================================
== Utilization Estimates
================================================================
* Summary: 
+---------------------+---------+-------+---------+---------+------+
|         Name        | BRAM_18K|  DSP  |    FF   |   LUT   | URAM |
+---------------------+---------+-------+---------+---------+------+
|DSP                  |        -|      -|        -|        -|     -|
|Expression           |        -|      -|        0|      236|     -|
|FIFO                 |        -|      -|        -|        -|     -|
|Instance             |        -|      -|        -|        -|     -|
|Memory               |        0|      -|      160|      162|     -|
|Multiplexer          |        -|      -|        -|      304|     -|
|Register             |        -|      -|      322|        -|     -|
+---------------------+---------+-------+---------+---------+------+
|Total                |        0|      0|      482|      702|     0|
+---------------------+---------+-------+---------+---------+------+
|Available SLR        |     1344|   3072|   864000|   432000|   320|
+---------------------+---------+-------+---------+---------+------+
|Utilization SLR (%)  |        0|      0|       ~0|       ~0|     0|
+---------------------+---------+-------+---------+---------+------+
|Available            |     5376|  12288|  3456000|  1728000|  1280|
+---------------------+---------+-------+---------+---------+------+
|Utilization (%)      |        0|      0|       ~0|       ~0|     0|
+---------------------+---------+-------+---------+---------+------+

+ Detail: 
    * Instance: 
    N/A

    * DSP: 
    N/A

    * Memory: 
    +----------------+------------------------------------------------------+---------+-----+-----+-----+------+-----+------+-------------+
    |     Memory     |                        Module                        | BRAM_18K|  FF | LUT | URAM| Words| Bits| Banks| W*Bits*Banks|
    +----------------+------------------------------------------------------+---------+-----+-----+-----+------+-----+------+-------------+
    |data_split_V_U  |D_drain_IO_L1_out_boundary_wrapper_0_x0_data_split_V  |        0|   32|   33|    0|     4|   32|     1|          128|
    |local_D_V_U     |D_drain_IO_L1_out_boundary_wrapper_0_x0_local_D_V     |        0|  128|  129|    0|    32|  128|     1|         4096|
    +----------------+------------------------------------------------------+---------+-----+-----+-----+------+-----+------+-------------+
    |Total           |                                                      |        0|  160|  162|    0|    36|  160|     2|         4224|
    +----------------+------------------------------------------------------+---------+-----+-----+-----+------+-----+------+-------------+

    * FIFO: 
    N/A

    * Expression: 
    +--------------------------+----------+----+---+----+------------+------------+
    |       Variable Name      | Operation| DSP| FF| LUT| Bitwidth P0| Bitwidth P1|
    +--------------------------+----------+----+---+----+------------+------------+
    |add_ln10794_fu_549_p2     |         +|   0|  0|  12|           5|           5|
    |add_ln691_584_fu_379_p2   |         +|   0|  0|  12|           4|           1|
    |add_ln691_585_fu_347_p2   |         +|   0|  0|  10|           3|           1|
    |add_ln691_586_fu_408_p2   |         +|   0|  0|  12|           5|           1|
    |add_ln691_587_fu_432_p2   |         +|   0|  0|  10|           3|           1|
    |add_ln691_588_fu_479_p2   |         +|   0|  0|  10|           3|           1|
    |add_ln691_589_fu_509_p2   |         +|   0|  0|  12|           5|           1|
    |add_ln691_590_fu_539_p2   |         +|   0|  0|   9|           2|           1|
    |add_ln691_591_fu_497_p2   |         +|   0|  0|  12|           5|           1|
    |add_ln691_592_fu_527_p2   |         +|   0|  0|   9|           2|           1|
    |add_ln691_fu_335_p2       |         +|   0|  0|  10|           3|           1|
    |icmp_ln870_fu_491_p2      |      icmp|   0|  0|   8|           3|           1|
    |icmp_ln878_fu_443_p2      |      icmp|   0|  0|   9|           3|           4|
    |icmp_ln890_649_fu_353_p2  |      icmp|   0|  0|   8|           3|           3|
    |icmp_ln890_650_fu_373_p2  |      icmp|   0|  0|  10|           6|           6|
    |icmp_ln890_651_fu_385_p2  |      icmp|   0|  0|   9|           4|           5|
    |icmp_ln890_652_fu_485_p2  |      icmp|   0|  0|   9|           3|           4|
    |icmp_ln890_653_fu_426_p2  |      icmp|   0|  0|  10|           5|           6|
    |icmp_ln890_654_fu_521_p2  |      icmp|   0|  0|  10|           5|           6|
    |icmp_ln890_655_fu_503_p2  |      icmp|   0|  0|  10|           5|           6|
    |icmp_ln890_656_fu_559_p2  |      icmp|   0|  0|   8|           2|           3|
    |icmp_ln890_657_fu_533_p2  |      icmp|   0|  0|   8|           2|           3|
    |icmp_ln890_fu_341_p2      |      icmp|   0|  0|   9|           3|           4|
    |ap_block_state1           |        or|   0|  0|   2|           1|           1|
    |ap_block_state14          |        or|   0|  0|   2|           1|           1|
    |ret_fu_367_p2             |        or|   0|  0|   6|           6|           3|
    +--------------------------+----------+----+---+----+------------+------------+
    |Total                     |          |   0|  0| 236|          92|          71|
    +--------------------------+----------+----+---+----+------------+------------+

    * Multiplexer: 
    +------------------------------------------------+----+-----------+-----+-----------+
    |                      Name                      | LUT| Input Size| Bits| Total Bits|
    +------------------------------------------------+----+-----------+-----+-----------+
    |ap_NS_fsm                                       |  81|         17|    1|         17|
    |ap_done                                         |   9|          2|    1|          2|
    |c0_V_reg_216                                    |   9|          2|    3|          6|
    |c1_V_reg_227                                    |   9|          2|    3|          6|
    |c4_V_reg_280                                    |   9|          2|    3|          6|
    |c5_V_26_reg_291                                 |   9|          2|    5|         10|
    |c5_V_reg_302                                    |   9|          2|    5|         10|
    |c6_V_90_reg_313                                 |   9|          2|    2|          4|
    |c6_V_reg_324                                    |   9|          2|    2|          4|
    |c7_V_reg_238                                    |   9|          2|    4|          8|
    |c8_V_reg_249                                    |   9|          2|    5|         10|
    |data_split_V_address0                           |  26|          5|    2|         10|
    |data_split_V_address1                           |  14|          3|    2|          6|
    |data_split_V_d0                                 |  14|          3|   32|         96|
    |fifo_D_drain_D_drain_IO_L1_out_6_0_x0197_blk_n  |   9|          2|    1|          2|
    |fifo_D_drain_D_drain_IO_L1_out_6_0_x0197_din    |  14|          3|  128|        384|
    |fifo_D_drain_D_drain_IO_L1_out_6_1_x0198_blk_n  |   9|          2|    1|          2|
    |fifo_D_drain_PE_0_6_x0165_blk_n                 |   9|          2|    1|          2|
    |local_D_V_address0                              |  20|          4|    5|         20|
    |n_V_reg_260                                     |   9|          2|    3|          6|
    |p_Val2_s_reg_271                                |   9|          2|  128|        256|
    +------------------------------------------------+----+-----------+-----+-----------+
    |Total                                           | 304|         65|  337|        867|
    +------------------------------------------------+----+-----------+-----+-----------+

    * Register: 
    +------------------------------+-----+----+-----+-----------+
    |             Name             |  FF | LUT| Bits| Const Bits|
    +------------------------------+-----+----+-----+-----------+
    |add_ln691_584_reg_605         |    4|   0|    4|          0|
    |add_ln691_585_reg_593         |    3|   0|    3|          0|
    |add_ln691_586_reg_623         |    5|   0|    5|          0|
    |add_ln691_588_reg_669         |    3|   0|    3|          0|
    |add_ln691_589_reg_689         |    5|   0|    5|          0|
    |add_ln691_590_reg_710         |    2|   0|    2|          0|
    |add_ln691_591_reg_681         |    5|   0|    5|          0|
    |add_ln691_592_reg_702         |    2|   0|    2|          0|
    |add_ln691_reg_585             |    3|   0|    3|          0|
    |ap_CS_fsm                     |   16|   0|   16|          0|
    |ap_done_reg                   |    1|   0|    1|          0|
    |c0_V_reg_216                  |    3|   0|    3|          0|
    |c1_V_reg_227                  |    3|   0|    3|          0|
    |c4_V_reg_280                  |    3|   0|    3|          0|
    |c5_V_26_reg_291               |    5|   0|    5|          0|
    |c5_V_reg_302                  |    5|   0|    5|          0|
    |c6_V_90_reg_313               |    2|   0|    2|          0|
    |c6_V_reg_324                  |    2|   0|    2|          0|
    |c7_V_reg_238                  |    4|   0|    4|          0|
    |c8_V_reg_249                  |    5|   0|    5|          0|
    |data_split_V_addr_59_reg_618  |    2|   0|    2|          0|
    |icmp_ln870_reg_677            |    1|   0|    1|          0|
    |icmp_ln890_650_reg_601        |    1|   0|    1|          0|
    |local_D_V_addr_reg_628        |    5|   0|    5|          0|
    |n_V_reg_260                   |    3|   0|    3|          0|
    |p_Val2_s_reg_271              |  128|   0|  128|          0|
    |shl_ln890_reg_694             |    4|   0|    5|          1|
    |tmp_201_reg_636               |   32|   0|   32|          0|
    |tmp_reg_613                   |    1|   0|    1|          0|
    |v2_V_962_reg_664              |   32|   0|   32|          0|
    |v2_V_reg_659                  |   32|   0|   32|          0|
    +------------------------------+-----+----+-----+-----------+
    |Total                         |  322|   0|  323|          1|
    +------------------------------+-----+----+-----+-----------+



================================================================
== Interface
================================================================
* Summary: 
+--------------------------------------------------+-----+-----+------------+------------------------------------------+--------------+
|                     RTL Ports                    | Dir | Bits|  Protocol  |               Source Object              |    C Type    |
+--------------------------------------------------+-----+-----+------------+------------------------------------------+--------------+
|ap_clk                                            |   in|    1|  ap_ctrl_hs|          D_drain_IO_L1_out_wrapper_6_0_x0|  return value|
|ap_rst                                            |   in|    1|  ap_ctrl_hs|          D_drain_IO_L1_out_wrapper_6_0_x0|  return value|
|ap_start                                          |   in|    1|  ap_ctrl_hs|          D_drain_IO_L1_out_wrapper_6_0_x0|  return value|
|ap_done                                           |  out|    1|  ap_ctrl_hs|          D_drain_IO_L1_out_wrapper_6_0_x0|  return value|
|ap_continue                                       |   in|    1|  ap_ctrl_hs|          D_drain_IO_L1_out_wrapper_6_0_x0|  return value|
|ap_idle                                           |  out|    1|  ap_ctrl_hs|          D_drain_IO_L1_out_wrapper_6_0_x0|  return value|
|ap_ready                                          |  out|    1|  ap_ctrl_hs|          D_drain_IO_L1_out_wrapper_6_0_x0|  return value|
|fifo_D_drain_D_drain_IO_L1_out_6_1_x0198_dout     |   in|  128|     ap_fifo|  fifo_D_drain_D_drain_IO_L1_out_6_1_x0198|       pointer|
|fifo_D_drain_D_drain_IO_L1_out_6_1_x0198_empty_n  |   in|    1|     ap_fifo|  fifo_D_drain_D_drain_IO_L1_out_6_1_x0198|       pointer|
|fifo_D_drain_D_drain_IO_L1_out_6_1_x0198_read     |  out|    1|     ap_fifo|  fifo_D_drain_D_drain_IO_L1_out_6_1_x0198|       pointer|
|fifo_D_drain_D_drain_IO_L1_out_6_0_x0197_din      |  out|  128|     ap_fifo|  fifo_D_drain_D_drain_IO_L1_out_6_0_x0197|       pointer|
|fifo_D_drain_D_drain_IO_L1_out_6_0_x0197_full_n   |   in|    1|     ap_fifo|  fifo_D_drain_D_drain_IO_L1_out_6_0_x0197|       pointer|
|fifo_D_drain_D_drain_IO_L1_out_6_0_x0197_write    |  out|    1|     ap_fifo|  fifo_D_drain_D_drain_IO_L1_out_6_0_x0197|       pointer|
|fifo_D_drain_PE_0_6_x0165_dout                    |   in|   32|     ap_fifo|                 fifo_D_drain_PE_0_6_x0165|       pointer|
|fifo_D_drain_PE_0_6_x0165_empty_n                 |   in|    1|     ap_fifo|                 fifo_D_drain_PE_0_6_x0165|       pointer|
|fifo_D_drain_PE_0_6_x0165_read                    |  out|    1|     ap_fifo|                 fifo_D_drain_PE_0_6_x0165|       pointer|
+--------------------------------------------------+-----+-----+------------+------------------------------------------+--------------+

