

================================================================
== Vitis HLS Report for 'D_drain_IO_L3_out_x0'
================================================================
* Date:           Thu Sep 15 03:13:04 2022

* Version:        2020.2 (Build 3064766 on Wed Nov 18 09:12:47 MST 2020)
* Project:        top
* Solution:       solution (Vitis Kernel Flow Target)
* Product family: virtexuplus
* Target device:  xcu250-figd2104-2L-e


================================================================
== Performance Estimates
================================================================
+ Timing: 
    * Summary: 
    +--------+---------+----------+------------+
    |  Clock |  Target | Estimated| Uncertainty|
    +--------+---------+----------+------------+
    |ap_clk  |  3.33 ns|  2.433 ns|     0.90 ns|
    +--------+---------+----------+------------+

+ Latency: 
    * Summary: 
    +---------+---------+-----------+----------+------+-------+---------+
    |  Latency (cycles) |  Latency (absolute)  |   Interval   | Pipeline|
    |   min   |   max   |    min    |    max   |  min |  max  |   Type  |
    +---------+---------+-----------+----------+------+-------+---------+
    |     9513|    75705|  31.707 us|  0.252 ms|  9513|  75705|     none|
    +---------+---------+-----------+----------+------+-------+---------+

    + Detail: 
        * Instance: 
        N/A

        * Loop: 
        +----------------------------------------+---------+---------+--------------+-----------+-----------+-------+----------+
        |                                        |  Latency (cycles) |   Iteration  |  Initiation Interval  |  Trip |          |
        |                Loop Name               |   min   |   max   |    Latency   |  achieved |   target  | Count | Pipelined|
        +----------------------------------------+---------+---------+--------------+-----------+-----------+-------+----------+
        |- D_drain_IO_L3_out_x0_loop_1           |     9512|    75704|  2378 ~ 18926|          -|          -|      4|        no|
        | + D_drain_IO_L3_out_x0_loop_2          |     2376|    18924|    396 ~ 3154|          -|          -|      6|        no|
        |  ++ D_drain_IO_L3_out_x0_loop_3        |      394|     3152|           394|          -|          -|  1 ~ 8|        no|
        |   +++ D_drain_IO_L3_out_x0_loop_4      |      392|      392|            98|          -|          -|      4|        no|
        |    ++++ D_drain_IO_L3_out_x0_loop_5    |       96|       96|             6|          -|          -|     16|        no|
        |     +++++ D_drain_IO_L3_out_x0_loop_6  |        4|        4|             2|          -|          -|      2|        no|
        +----------------------------------------+---------+---------+--------------+-----------+-----------+-------+----------+



================================================================
== Utilization Estimates
================================================================
* Summary: 
+---------------------+---------+-------+---------+---------+------+
|         Name        | BRAM_18K|  DSP  |    FF   |   LUT   | URAM |
+---------------------+---------+-------+---------+---------+------+
|DSP                  |        -|      -|        -|        -|     -|
|Expression           |        -|      -|        0|      143|     -|
|FIFO                 |        -|      -|        -|        -|     -|
|Instance             |        -|      -|        -|        -|     -|
|Memory               |        -|      -|        -|        -|     -|
|Multiplexer          |        -|      -|        -|      130|     -|
|Register             |        -|      -|       52|        -|     -|
+---------------------+---------+-------+---------+---------+------+
|Total                |        0|      0|       52|      273|     0|
+---------------------+---------+-------+---------+---------+------+
|Available SLR        |     1344|   3072|   864000|   432000|   320|
+---------------------+---------+-------+---------+---------+------+
|Utilization SLR (%)  |        0|      0|       ~0|       ~0|     0|
+---------------------+---------+-------+---------+---------+------+
|Available            |     5376|  12288|  3456000|  1728000|  1280|
+---------------------+---------+-------+---------+---------+------+
|Utilization (%)      |        0|      0|       ~0|       ~0|     0|
+---------------------+---------+-------+---------+---------+------+

+ Detail: 
    * Instance: 
    N/A

    * DSP: 
    N/A

    * Memory: 
    N/A

    * FIFO: 
    N/A

    * Expression: 
    +--------------------------+----------+----+---+----+------------+------------+
    |       Variable Name      | Operation| DSP| FF| LUT| Bitwidth P0| Bitwidth P1|
    +--------------------------+----------+----+---+----+------------+------------+
    |add_ln691_711_fu_174_p2   |         +|   0|  0|  10|           3|           1|
    |add_ln691_712_fu_221_p2   |         +|   0|  0|  10|           3|           1|
    |add_ln691_713_fu_233_p2   |         +|   0|  0|  12|           5|           1|
    |add_ln691_714_fu_245_p2   |         +|   0|  0|   9|           2|           1|
    |add_ln691_fu_162_p2       |         +|   0|  0|  10|           3|           1|
    |c3_2_fu_206_p2            |         +|   0|  0|  12|           4|           1|
    |add_i_i56_cast_fu_194_p2  |         -|   0|  0|  13|           6|           6|
    |icmp_ln12211_fu_200_p2    |      icmp|   0|  0|   9|           4|           5|
    |icmp_ln886_fu_216_p2      |      icmp|   0|  0|  10|           6|           6|
    |icmp_ln890_565_fu_180_p2  |      icmp|   0|  0|   8|           3|           3|
    |icmp_ln890_566_fu_227_p2  |      icmp|   0|  0|   9|           3|           4|
    |icmp_ln890_567_fu_239_p2  |      icmp|   0|  0|  10|           5|           6|
    |icmp_ln890_568_fu_251_p2  |      icmp|   0|  0|   8|           2|           3|
    |icmp_ln890_fu_168_p2      |      icmp|   0|  0|   9|           3|           4|
    |ap_block_state1           |        or|   0|  0|   2|           1|           1|
    |ap_block_state8           |        or|   0|  0|   2|           1|           1|
    +--------------------------+----------+----+---+----+------------+------------+
    |Total                     |          |   0|  0| 143|          54|          45|
    +--------------------------+----------+----+---+----+------------+------------+

    * Multiplexer: 
    +-----------------------------+----+-----------+-----+-----------+
    |             Name            | LUT| Input Size| Bits| Total Bits|
    +-----------------------------+----+-----------+-----+-----------+
    |ap_NS_fsm                    |  49|          9|    1|          9|
    |ap_done                      |   9|          2|    1|          2|
    |c0_V_reg_96                  |   9|          2|    3|          6|
    |c1_V_reg_107                 |   9|          2|    3|          6|
    |c3_reg_118                   |   9|          2|    4|          8|
    |c4_V_reg_129                 |   9|          2|    3|          6|
    |c5_V_reg_140                 |   9|          2|    5|         10|
    |c6_V_reg_151                 |   9|          2|    2|          4|
    |fifo_D_drain_local_in_blk_n  |   9|          2|    1|          2|
    |fifo_D_drain_out_blk_n       |   9|          2|    1|          2|
    +-----------------------------+----+-----------+-----+-----------+
    |Total                        | 130|         27|   24|         55|
    +-----------------------------+----+-----------+-----+-----------+

    * Register: 
    +------------------------+---+----+-----+-----------+
    |          Name          | FF| LUT| Bits| Const Bits|
    +------------------------+---+----+-----+-----------+
    |add_i_i56_cast_reg_273  |  3|   0|    6|          3|
    |add_ln691_711_reg_265   |  3|   0|    3|          0|
    |add_ln691_712_reg_289   |  3|   0|    3|          0|
    |add_ln691_713_reg_297   |  5|   0|    5|          0|
    |add_ln691_714_reg_305   |  2|   0|    2|          0|
    |add_ln691_reg_257       |  3|   0|    3|          0|
    |ap_CS_fsm               |  8|   0|    8|          0|
    |ap_done_reg             |  1|   0|    1|          0|
    |c0_V_reg_96             |  3|   0|    3|          0|
    |c1_V_reg_107            |  3|   0|    3|          0|
    |c3_2_reg_281            |  4|   0|    4|          0|
    |c3_reg_118              |  4|   0|    4|          0|
    |c4_V_reg_129            |  3|   0|    3|          0|
    |c5_V_reg_140            |  5|   0|    5|          0|
    |c6_V_reg_151            |  2|   0|    2|          0|
    +------------------------+---+----+-----+-----------+
    |Total                   | 52|   0|   55|          3|
    +------------------------+---+----+-----+-----------+



================================================================
== Interface
================================================================
* Summary: 
+-------------------------------+-----+-----+------------+-----------------------+--------------+
|           RTL Ports           | Dir | Bits|  Protocol  |     Source Object     |    C Type    |
+-------------------------------+-----+-----+------------+-----------------------+--------------+
|ap_clk                         |   in|    1|  ap_ctrl_hs|   D_drain_IO_L3_out_x0|  return value|
|ap_rst                         |   in|    1|  ap_ctrl_hs|   D_drain_IO_L3_out_x0|  return value|
|ap_start                       |   in|    1|  ap_ctrl_hs|   D_drain_IO_L3_out_x0|  return value|
|ap_done                        |  out|    1|  ap_ctrl_hs|   D_drain_IO_L3_out_x0|  return value|
|ap_continue                    |   in|    1|  ap_ctrl_hs|   D_drain_IO_L3_out_x0|  return value|
|ap_idle                        |  out|    1|  ap_ctrl_hs|   D_drain_IO_L3_out_x0|  return value|
|ap_ready                       |  out|    1|  ap_ctrl_hs|   D_drain_IO_L3_out_x0|  return value|
|fifo_D_drain_out_din           |  out|  128|     ap_fifo|       fifo_D_drain_out|       pointer|
|fifo_D_drain_out_full_n        |   in|    1|     ap_fifo|       fifo_D_drain_out|       pointer|
|fifo_D_drain_out_write         |  out|    1|     ap_fifo|       fifo_D_drain_out|       pointer|
|fifo_D_drain_local_in_dout     |   in|  128|     ap_fifo|  fifo_D_drain_local_in|       pointer|
|fifo_D_drain_local_in_empty_n  |   in|    1|     ap_fifo|  fifo_D_drain_local_in|       pointer|
|fifo_D_drain_local_in_read     |  out|    1|     ap_fifo|  fifo_D_drain_local_in|       pointer|
+-------------------------------+-----+-----+------------+-----------------------+--------------+

