

================================================================
== Vitis HLS Report for 'B_IO_L2_in_2_x1'
================================================================
* Date:           Fri Jul 15 00:29:42 2022

* Version:        2020.2 (Build 3064766 on Wed Nov 18 09:12:47 MST 2020)
* Project:        top
* Solution:       solution (Vitis Kernel Flow Target)
* Product family: virtexuplus
* Target device:  xcu250-figd2104-2L-e


================================================================
== Performance Estimates
================================================================
+ Timing: 
    * Summary: 
    +--------+---------+----------+------------+
    |  Clock |  Target | Estimated| Uncertainty|
    +--------+---------+----------+------------+
    |ap_clk  |  3.33 ns|  2.433 ns|     0.90 ns|
    +--------+---------+----------+------------+

+ Latency: 
    * Summary: 
    +---------+-----------+----------+-----------+--------+-----------+---------+
    |   Latency (cycles)  |  Latency (absolute)  |      Interval      | Pipeline|
    |   min   |    max    |    min   |    max    |   min  |    max    |   Type  |
    +---------+-----------+----------+-----------+--------+-----------+---------+
    |   125120|  280629440|  0.417 ms|  0.935 sec|  125120|  280629440|     none|
    +---------+-----------+----------+-----------+--------+-----------+---------+

    + Detail: 
        * Instance: 
        N/A

        * Loop: 
        +----------------------------------------+---------+-----------+-----------------+-----------+-----------+-------+----------+
        |                                        |   Latency (cycles)  |    Iteration    |  Initiation Interval  |  Trip |          |
        |                Loop Name               |   min   |    max    |     Latency     |  achieved |   target  | Count | Pipelined|
        +----------------------------------------+---------+-----------+-----------------+-----------+-----------+-------+----------+
        |- B_IO_L2_in_2_x1_loop_1                |    33848|  280538168|  8462 ~ 70134542|          -|          -|      4|        no|
        | + B_IO_L2_in_2_x1_loop_2               |     8460|   70134540|  1410 ~ 11689090|          -|          -|      6|        no|
        |  ++ B_IO_L2_in_2_x1_loop_3             |     1408|   11689088|       11 ~ 91321|          -|          -|    128|        no|
        |   +++ B_IO_L2_in_2_x1_loop_4           |        8|         48|            4 ~ 6|          -|          -|  2 ~ 8|        no|
        |    ++++ B_IO_L2_in_2_x1_loop_5         |        2|          2|                1|          -|          -|      2|        no|
        |    ++++ B_IO_L2_in_2_x1_loop_6         |        4|          4|                2|          -|          -|      2|        no|
        |   +++ B_IO_L2_in_2_x1_loop_7           |    91270|      91270|            45635|          -|          -|      2|        no|
        |    ++++ B_IO_L2_in_2_x1_loop_8         |    45632|      45632|             1426|          -|          -|     32|        no|
        |     +++++ B_IO_L2_in_2_x1_loop_9       |     1424|       1424|              178|          -|          -|      8|        no|
        |      ++++++ B_IO_L2_in_2_x1_loop_10    |      176|        176|               11|          -|          -|     16|        no|
        |       +++++++ B_IO_L2_in_2_x1_loop_11  |        8|          8|                1|          -|          -|      8|        no|
        |   +++ B_IO_L2_in_2_x1_loop_12          |        8|         48|            4 ~ 6|          -|          -|  2 ~ 8|        no|
        |    ++++ B_IO_L2_in_2_x1_loop_13        |        2|          2|                1|          -|          -|      2|        no|
        |    ++++ B_IO_L2_in_2_x1_loop_14        |        4|          4|                2|          -|          -|      2|        no|
        |   +++ B_IO_L2_in_2_x1_loop_15          |    91270|      91270|            45635|          -|          -|      2|        no|
        |    ++++ B_IO_L2_in_2_x1_loop_16        |    45632|      45632|             1426|          -|          -|     32|        no|
        |     +++++ B_IO_L2_in_2_x1_loop_17      |     1424|       1424|              178|          -|          -|      8|        no|
        |      ++++++ B_IO_L2_in_2_x1_loop_18    |      176|        176|               11|          -|          -|     16|        no|
        |       +++++++ B_IO_L2_in_2_x1_loop_19  |        8|          8|                1|          -|          -|      8|        no|
        |- B_IO_L2_in_2_x1_loop_20               |    91270|      91270|            45635|          -|          -|      2|        no|
        | + B_IO_L2_in_2_x1_loop_21              |    45632|      45632|             1426|          -|          -|     32|        no|
        |  ++ B_IO_L2_in_2_x1_loop_22            |     1424|       1424|              178|          -|          -|      8|        no|
        |   +++ B_IO_L2_in_2_x1_loop_23          |      176|        176|               11|          -|          -|     16|        no|
        |    ++++ B_IO_L2_in_2_x1_loop_24        |        8|          8|                1|          -|          -|      8|        no|
        +----------------------------------------+---------+-----------+-----------------+-----------+-----------+-------+----------+

============================================================
+ Verbose Summary: Synthesis Manager
============================================================
InlineROM: 1
ExposeGlobal: 0
============================================================
+ Verbose Summary: CDFG Model
============================================================
IsTopModel: 0
ResetActiveHigh: 1
IsCombinational: 2
IsDatapathOnly: 0
HasWiredReturn: 1
HasMFsm: 0
HasVarLatency: 1
IsPipeline: 0
IsRtlPipelined: 0
IsInstanceOverlapped: 0
IsDontTouch: 0
HasImplIP: 0
IsGatedGlobalClock: 0


============================================================
+ Verbose Summary: Schedule
============================================================
* Number of FSM states : 30
* Pipeline : 0
* Dataflow Pipeline: 0

* FSM state transitions: 
1 --> 2 
2 --> 3 24 
3 --> 4 2 
4 --> 5 15 3 
5 --> 6 8 
6 --> 7 6 5 
7 --> 6 
8 --> 9 18 4 
9 --> 10 
10 --> 11 8 
11 --> 12 10 
12 --> 13 11 
13 --> 14 13 
14 --> 12 
15 --> 16 8 
16 --> 17 16 15 
17 --> 16 
18 --> 19 
19 --> 20 8 
20 --> 21 19 
21 --> 22 20 
22 --> 23 22 
23 --> 21 
24 --> 25 
25 --> 26 
26 --> 27 24 
27 --> 28 26 
28 --> 29 27 
29 --> 30 29 
30 --> 28 

* FSM state operations: 

State 1 <SV = 0> <Delay = 0.38>
ST_1 : Operation 31 [1/1] (0.00ns)   --->   "%specmemcore_ln0 = specmemcore void @_ssdm_op_SpecMemCore, i32 %fifo_B_PE_0_2_x171, i64 666, i64 10, i64 18446744073709551615"   --->   Operation 31 'specmemcore' 'specmemcore_ln0' <Predicate = true> <Delay = 0.00>
ST_1 : Operation 32 [1/1] (0.00ns)   --->   "%specmemcore_ln0 = specmemcore void @_ssdm_op_SpecMemCore, i256 %fifo_B_B_IO_L2_in_3_x112, i64 666, i64 10, i64 18446744073709551615"   --->   Operation 32 'specmemcore' 'specmemcore_ln0' <Predicate = true> <Delay = 0.00>
ST_1 : Operation 33 [1/1] (0.00ns)   --->   "%specmemcore_ln0 = specmemcore void @_ssdm_op_SpecMemCore, i256 %fifo_B_B_IO_L2_in_2_x111, i64 666, i64 10, i64 18446744073709551615"   --->   Operation 33 'specmemcore' 'specmemcore_ln0' <Predicate = true> <Delay = 0.00>
ST_1 : Operation 34 [1/1] (0.00ns)   --->   "%specinterface_ln0 = specinterface void @_ssdm_op_SpecInterface, i32 %fifo_B_PE_0_2_x171, void @empty_808, i32 0, i32 0, void @empty_728, i32 0, i32 0, void @empty_728, void @empty_728, void @empty_728, i32 0, i32 0, i32 0, i32 0, void @empty_728, void @empty_728"   --->   Operation 34 'specinterface' 'specinterface_ln0' <Predicate = true> <Delay = 0.00>
ST_1 : Operation 35 [1/1] (0.00ns)   --->   "%specinterface_ln0 = specinterface void @_ssdm_op_SpecInterface, i256 %fifo_B_B_IO_L2_in_3_x112, void @empty_808, i32 0, i32 0, void @empty_728, i32 0, i32 0, void @empty_728, void @empty_728, void @empty_728, i32 0, i32 0, i32 0, i32 0, void @empty_728, void @empty_728"   --->   Operation 35 'specinterface' 'specinterface_ln0' <Predicate = true> <Delay = 0.00>
ST_1 : Operation 36 [1/1] (0.00ns)   --->   "%specinterface_ln0 = specinterface void @_ssdm_op_SpecInterface, i256 %fifo_B_B_IO_L2_in_2_x111, void @empty_808, i32 0, i32 0, void @empty_728, i32 0, i32 0, void @empty_728, void @empty_728, void @empty_728, i32 0, i32 0, i32 0, i32 0, void @empty_728, void @empty_728"   --->   Operation 36 'specinterface' 'specinterface_ln0' <Predicate = true> <Delay = 0.00>
ST_1 : Operation 37 [1/1] (0.00ns)   --->   "%local_B_ping_V_0 = alloca i64 1" [./dut.cpp:15386]   --->   Operation 37 'alloca' 'local_B_ping_V_0' <Predicate = true> <Delay = 0.00> <CoreInst = "RAM">   --->   Core 83 'RAM' <Latency = 1> <II = 1> <Delay = 0.74> <Storage> <Opcode : 'load' 'store'> <Ports = 2> <Width = 256> <Depth = 2> <RAM>
ST_1 : Operation 38 [1/1] (0.00ns)   --->   "%local_B_pong_V_0 = alloca i64 1" [./dut.cpp:15387]   --->   Operation 38 'alloca' 'local_B_pong_V_0' <Predicate = true> <Delay = 0.00> <CoreInst = "RAM">   --->   Core 83 'RAM' <Latency = 1> <II = 1> <Delay = 0.74> <Storage> <Opcode : 'load' 'store'> <Ports = 2> <Width = 256> <Depth = 2> <RAM>
ST_1 : Operation 39 [1/1] (0.00ns)   --->   "%data_split_V_54 = alloca i64 1" [./dut.cpp:15437]   --->   Operation 39 'alloca' 'data_split_V_54' <Predicate = true> <Delay = 0.00> <CoreInst = "RAM">   --->   Core 83 'RAM' <Latency = 1> <II = 1> <Delay = 0.69> <Storage> <Opcode : 'load' 'store'> <Ports = 2> <Width = 32> <Depth = 8> <RAM>
ST_1 : Operation 40 [1/1] (0.00ns)   --->   "%data_split_V_53 = alloca i64 1" [./dut.cpp:15504]   --->   Operation 40 'alloca' 'data_split_V_53' <Predicate = true> <Delay = 0.00> <CoreInst = "RAM">   --->   Core 83 'RAM' <Latency = 1> <II = 1> <Delay = 0.69> <Storage> <Opcode : 'load' 'store'> <Ports = 2> <Width = 32> <Depth = 8> <RAM>
ST_1 : Operation 41 [1/1] (0.00ns)   --->   "%data_split_V = alloca i64 1" [./dut.cpp:15546]   --->   Operation 41 'alloca' 'data_split_V' <Predicate = true> <Delay = 0.00> <CoreInst = "RAM">   --->   Core 83 'RAM' <Latency = 1> <II = 1> <Delay = 0.69> <Storage> <Opcode : 'load' 'store'> <Ports = 2> <Width = 32> <Depth = 8> <RAM>
ST_1 : Operation 42 [1/1] (0.38ns)   --->   "%br_ln15397 = br void" [./dut.cpp:15397]   --->   Operation 42 'br' 'br_ln15397' <Predicate = true> <Delay = 0.38>

State 2 <SV = 1> <Delay = 0.57>
ST_2 : Operation 43 [1/1] (0.00ns)   --->   "%c0_V = phi i3 %add_ln691, void, i3 0, void"   --->   Operation 43 'phi' 'c0_V' <Predicate = true> <Delay = 0.00>
ST_2 : Operation 44 [1/1] (0.00ns)   --->   "%intra_trans_en = phi i1 1, void, i1 0, void"   --->   Operation 44 'phi' 'intra_trans_en' <Predicate = true> <Delay = 0.00>
ST_2 : Operation 45 [1/1] (0.57ns)   --->   "%add_ln691 = add i3 %c0_V, i3 1"   --->   Operation 45 'add' 'add_ln691' <Predicate = true> <Delay = 0.57> <CoreInst = "Adder">   --->   Core 1 'Adder' <Latency = 0> <II = 1> <Delay = 0.70> <FuncUnit> <Opcode : 'add' 'sub'> <InPorts = 2> <OutPorts = 1>
ST_2 : Operation 46 [1/1] (0.49ns)   --->   "%icmp_ln890 = icmp_eq  i3 %c0_V, i3 4"   --->   Operation 46 'icmp' 'icmp_ln890' <Predicate = true> <Delay = 0.49> <CoreInst = "Cmp">   --->   Core 9 'Cmp' <Latency = 0> <II = 1> <Delay = 0.65> <FuncUnit> <Opcode : 'icmp'> <InPorts = 2> <OutPorts = 1>
ST_2 : Operation 47 [1/1] (0.00ns)   --->   "%speclooptripcount_ln0 = speclooptripcount void @_ssdm_op_SpecLoopTripCount, i64 4, i64 4, i64 4"   --->   Operation 47 'speclooptripcount' 'speclooptripcount_ln0' <Predicate = true> <Delay = 0.00>
ST_2 : Operation 48 [1/1] (0.00ns)   --->   "%br_ln15397 = br i1 %icmp_ln890, void %.split64, void %.preheader.preheader" [./dut.cpp:15397]   --->   Operation 48 'br' 'br_ln15397' <Predicate = true> <Delay = 0.00>
ST_2 : Operation 49 [1/1] (0.00ns)   --->   "%specloopname_ln15397 = specloopname void @_ssdm_op_SpecLoopName, void @empty_1855" [./dut.cpp:15397]   --->   Operation 49 'specloopname' 'specloopname_ln15397' <Predicate = (!icmp_ln890)> <Delay = 0.00>
ST_2 : Operation 50 [1/1] (0.38ns)   --->   "%br_ln15398 = br void" [./dut.cpp:15398]   --->   Operation 50 'br' 'br_ln15398' <Predicate = (!icmp_ln890)> <Delay = 0.38>
ST_2 : Operation 51 [1/1] (0.38ns)   --->   "%br_ln890 = br void %.preheader"   --->   Operation 51 'br' 'br_ln890' <Predicate = (icmp_ln890)> <Delay = 0.38>

State 3 <SV = 2> <Delay = 0.70>
ST_3 : Operation 52 [1/1] (0.00ns)   --->   "%c1_V = phi i3 %add_ln691_2182, void, i3 0, void %.split64"   --->   Operation 52 'phi' 'c1_V' <Predicate = true> <Delay = 0.00>
ST_3 : Operation 53 [1/1] (0.00ns)   --->   "%intra_trans_en_37 = phi i1 1, void, i1 %intra_trans_en, void %.split64"   --->   Operation 53 'phi' 'intra_trans_en_37' <Predicate = true> <Delay = 0.00>
ST_3 : Operation 54 [1/1] (0.57ns)   --->   "%add_ln691_2182 = add i3 %c1_V, i3 1"   --->   Operation 54 'add' 'add_ln691_2182' <Predicate = true> <Delay = 0.57> <CoreInst = "Adder">   --->   Core 1 'Adder' <Latency = 0> <II = 1> <Delay = 0.70> <FuncUnit> <Opcode : 'add' 'sub'> <InPorts = 2> <OutPorts = 1>
ST_3 : Operation 55 [1/1] (0.49ns)   --->   "%icmp_ln890_1876 = icmp_eq  i3 %c1_V, i3 6"   --->   Operation 55 'icmp' 'icmp_ln890_1876' <Predicate = true> <Delay = 0.49> <CoreInst = "Cmp">   --->   Core 9 'Cmp' <Latency = 0> <II = 1> <Delay = 0.65> <FuncUnit> <Opcode : 'icmp'> <InPorts = 2> <OutPorts = 1>
ST_3 : Operation 56 [1/1] (0.00ns)   --->   "%speclooptripcount_ln0 = speclooptripcount void @_ssdm_op_SpecLoopTripCount, i64 6, i64 6, i64 6"   --->   Operation 56 'speclooptripcount' 'speclooptripcount_ln0' <Predicate = true> <Delay = 0.00>
ST_3 : Operation 57 [1/1] (0.00ns)   --->   "%br_ln15398 = br i1 %icmp_ln890_1876, void %.split62, void" [./dut.cpp:15398]   --->   Operation 57 'br' 'br_ln15398' <Predicate = true> <Delay = 0.00>
ST_3 : Operation 58 [1/1] (0.00ns)   --->   "%specloopname_ln15398 = specloopname void @_ssdm_op_SpecLoopName, void @empty_1854" [./dut.cpp:15398]   --->   Operation 58 'specloopname' 'specloopname_ln15398' <Predicate = (!icmp_ln890_1876)> <Delay = 0.00>
ST_3 : Operation 59 [1/1] (0.00ns)   --->   "%p_shl = bitconcatenate i6 @_ssdm_op_BitConcatenate.i6.i3.i3, i3 %c1_V, i3 0"   --->   Operation 59 'bitconcatenate' 'p_shl' <Predicate = (!icmp_ln890_1876)> <Delay = 0.00>
ST_3 : Operation 60 [1/1] (0.70ns)   --->   "%add_i_i611_cast = sub i6 41, i6 %p_shl"   --->   Operation 60 'sub' 'add_i_i611_cast' <Predicate = (!icmp_ln890_1876)> <Delay = 0.70> <CoreInst = "Adder">   --->   Core 1 'Adder' <Latency = 0> <II = 1> <Delay = 0.70> <FuncUnit> <Opcode : 'add' 'sub'> <InPorts = 2> <OutPorts = 1>
ST_3 : Operation 61 [1/1] (0.38ns)   --->   "%br_ln15399 = br void" [./dut.cpp:15399]   --->   Operation 61 'br' 'br_ln15399' <Predicate = (!icmp_ln890_1876)> <Delay = 0.38>
ST_3 : Operation 62 [1/1] (0.00ns)   --->   "%br_ln0 = br void"   --->   Operation 62 'br' 'br_ln0' <Predicate = (icmp_ln890_1876)> <Delay = 0.00>

State 4 <SV = 3> <Delay = 0.70>
ST_4 : Operation 63 [1/1] (0.00ns)   --->   "%intra_trans_en_38 = phi i1 %intra_trans_en_37, void %.split62, i1 1, void %.loopexit997"   --->   Operation 63 'phi' 'intra_trans_en_38' <Predicate = true> <Delay = 0.00>
ST_4 : Operation 64 [1/1] (0.00ns)   --->   "%arb_27 = phi i1 0, void %.split62, i1 %arb, void %.loopexit997"   --->   Operation 64 'phi' 'arb_27' <Predicate = true> <Delay = 0.00>
ST_4 : Operation 65 [1/1] (0.00ns)   --->   "%c2_V = phi i8 0, void %.split62, i8 %c2_V_189, void %.loopexit997"   --->   Operation 65 'phi' 'c2_V' <Predicate = true> <Delay = 0.00>
ST_4 : Operation 66 [1/1] (0.70ns)   --->   "%c2_V_189 = add i8 %c2_V, i8 1"   --->   Operation 66 'add' 'c2_V_189' <Predicate = true> <Delay = 0.70> <CoreInst = "Adder">   --->   Core 1 'Adder' <Latency = 0> <II = 1> <Delay = 0.70> <FuncUnit> <Opcode : 'add' 'sub'> <InPorts = 2> <OutPorts = 1>
ST_4 : Operation 67 [1/1] (0.58ns)   --->   "%icmp_ln15399 = icmp_eq  i8 %c2_V, i8 128" [./dut.cpp:15399]   --->   Operation 67 'icmp' 'icmp_ln15399' <Predicate = true> <Delay = 0.58> <CoreInst = "Cmp">   --->   Core 9 'Cmp' <Latency = 0> <II = 1> <Delay = 0.65> <FuncUnit> <Opcode : 'icmp'> <InPorts = 2> <OutPorts = 1>
ST_4 : Operation 68 [1/1] (0.00ns)   --->   "%speclooptripcount_ln0 = speclooptripcount void @_ssdm_op_SpecLoopTripCount, i64 128, i64 128, i64 128"   --->   Operation 68 'speclooptripcount' 'speclooptripcount_ln0' <Predicate = true> <Delay = 0.00>
ST_4 : Operation 69 [1/1] (0.00ns)   --->   "%br_ln15399 = br i1 %icmp_ln15399, void %.split59, void" [./dut.cpp:15399]   --->   Operation 69 'br' 'br_ln15399' <Predicate = true> <Delay = 0.00>
ST_4 : Operation 70 [1/1] (0.00ns)   --->   "%specloopname_ln15399 = specloopname void @_ssdm_op_SpecLoopName, void @empty_1853" [./dut.cpp:15399]   --->   Operation 70 'specloopname' 'specloopname_ln15399' <Predicate = (!icmp_ln15399)> <Delay = 0.00>
ST_4 : Operation 71 [1/1] (0.00ns)   --->   "%br_ln15403 = br i1 %arb_27, void %.preheader11.preheader, void %.preheader5.preheader" [./dut.cpp:15403]   --->   Operation 71 'br' 'br_ln15403' <Predicate = (!icmp_ln15399)> <Delay = 0.00>
ST_4 : Operation 72 [1/1] (0.38ns)   --->   "%br_ln15405 = br void %.preheader11" [./dut.cpp:15405]   --->   Operation 72 'br' 'br_ln15405' <Predicate = (!icmp_ln15399 & !arb_27)> <Delay = 0.38>
ST_4 : Operation 73 [1/1] (0.38ns)   --->   "%br_ln15472 = br void %.preheader5" [./dut.cpp:15472]   --->   Operation 73 'br' 'br_ln15472' <Predicate = (!icmp_ln15399 & arb_27)> <Delay = 0.38>
ST_4 : Operation 74 [1/1] (0.00ns)   --->   "%br_ln0 = br void"   --->   Operation 74 'br' 'br_ln0' <Predicate = (icmp_ln15399)> <Delay = 0.00>

State 5 <SV = 4> <Delay = 0.74>
ST_5 : Operation 75 [1/1] (0.00ns)   --->   "%c3_87 = phi i4 %c3_89, void %.loopexit993, i4 2, void %.preheader11.preheader"   --->   Operation 75 'phi' 'c3_87' <Predicate = true> <Delay = 0.00>
ST_5 : Operation 76 [1/1] (0.00ns)   --->   "%tmp_661 = bitselect i1 @_ssdm_op_BitSelect.i1.i4.i32, i4 %c3_87, i32 3" [./dut.cpp:15405]   --->   Operation 76 'bitselect' 'tmp_661' <Predicate = true> <Delay = 0.00>
ST_5 : Operation 77 [1/1] (0.00ns)   --->   "%br_ln15405 = br i1 %tmp_661, void %.split47, void %.loopexit" [./dut.cpp:15405]   --->   Operation 77 'br' 'br_ln15405' <Predicate = true> <Delay = 0.00>
ST_5 : Operation 78 [1/1] (0.00ns)   --->   "%speclooptripcount_ln1616 = speclooptripcount void @_ssdm_op_SpecLoopTripCount, i64 2, i64 8, i64 5"   --->   Operation 78 'speclooptripcount' 'speclooptripcount_ln1616' <Predicate = (!tmp_661)> <Delay = 0.00>
ST_5 : Operation 79 [1/1] (0.00ns)   --->   "%specloopname_ln1616 = specloopname void @_ssdm_op_SpecLoopName, void @empty_1919"   --->   Operation 79 'specloopname' 'specloopname_ln1616' <Predicate = (!tmp_661)> <Delay = 0.00>
ST_5 : Operation 80 [1/1] (0.00ns)   --->   "%zext_ln886_23 = zext i4 %c3_87"   --->   Operation 80 'zext' 'zext_ln886_23' <Predicate = (!tmp_661)> <Delay = 0.00>
ST_5 : Operation 81 [1/1] (0.61ns)   --->   "%icmp_ln886_23 = icmp_ugt  i6 %zext_ln886_23, i6 %add_i_i611_cast"   --->   Operation 81 'icmp' 'icmp_ln886_23' <Predicate = (!tmp_661)> <Delay = 0.61> <CoreInst = "Cmp">   --->   Core 9 'Cmp' <Latency = 0> <II = 1> <Delay = 0.65> <FuncUnit> <Opcode : 'icmp'> <InPorts = 2> <OutPorts = 1>
ST_5 : Operation 82 [1/1] (0.00ns)   --->   "%br_ln15407 = br i1 %icmp_ln886_23, void, void %.loopexit" [./dut.cpp:15407]   --->   Operation 82 'br' 'br_ln15407' <Predicate = (!tmp_661)> <Delay = 0.00>
ST_5 : Operation 83 [1/1] (0.65ns)   --->   "%icmp_ln15410 = icmp_eq  i4 %c3_87, i4 2" [./dut.cpp:15410]   --->   Operation 83 'icmp' 'icmp_ln15410' <Predicate = (!tmp_661 & !icmp_ln886_23)> <Delay = 0.65> <CoreInst = "Cmp">   --->   Core 9 'Cmp' <Latency = 0> <II = 1> <Delay = 0.65> <FuncUnit> <Opcode : 'icmp'> <InPorts = 2> <OutPorts = 1>
ST_5 : Operation 84 [1/1] (0.00ns)   --->   "%br_ln15410 = br i1 %icmp_ln15410, void %.preheader8.preheader, void %.preheader9.preheader" [./dut.cpp:15410]   --->   Operation 84 'br' 'br_ln15410' <Predicate = (!tmp_661 & !icmp_ln886_23)> <Delay = 0.00>
ST_5 : Operation 85 [1/1] (0.38ns)   --->   "%br_ln890 = br void %.preheader8"   --->   Operation 85 'br' 'br_ln890' <Predicate = (!tmp_661 & !icmp_ln886_23 & !icmp_ln15410)> <Delay = 0.38>
ST_5 : Operation 86 [1/1] (0.38ns)   --->   "%br_ln890 = br void %.preheader9"   --->   Operation 86 'br' 'br_ln890' <Predicate = (!tmp_661 & !icmp_ln886_23 & icmp_ln15410)> <Delay = 0.38>
ST_5 : Operation 87 [1/1] (0.00ns)   --->   "%br_ln15440 = br i1 %intra_trans_en_38, void %.loopexit997, void %.preheader6.preheader" [./dut.cpp:15440]   --->   Operation 87 'br' 'br_ln15440' <Predicate = (icmp_ln886_23) | (tmp_661)> <Delay = 0.00>
ST_5 : Operation 88 [1/1] (0.38ns)   --->   "%br_ln890 = br void %.preheader6"   --->   Operation 88 'br' 'br_ln890' <Predicate = (icmp_ln886_23 & intra_trans_en_38) | (tmp_661 & intra_trans_en_38)> <Delay = 0.38>

State 6 <SV = 5> <Delay = 1.96>
ST_6 : Operation 89 [1/1] (0.00ns)   --->   "%c4_V_87 = phi i2 %add_ln691_2191, void %.split43, i2 0, void %.preheader8.preheader"   --->   Operation 89 'phi' 'c4_V_87' <Predicate = (!icmp_ln15410)> <Delay = 0.00>
ST_6 : Operation 90 [1/1] (0.43ns)   --->   "%add_ln691_2191 = add i2 %c4_V_87, i2 1"   --->   Operation 90 'add' 'add_ln691_2191' <Predicate = (!icmp_ln15410)> <Delay = 0.43> <CoreInst = "Adder">   --->   Core 1 'Adder' <Latency = 0> <II = 1> <Delay = 0.70> <FuncUnit> <Opcode : 'add' 'sub'> <InPorts = 2> <OutPorts = 1>
ST_6 : Operation 91 [1/1] (0.34ns)   --->   "%icmp_ln890_1885 = icmp_eq  i2 %c4_V_87, i2 2"   --->   Operation 91 'icmp' 'icmp_ln890_1885' <Predicate = (!icmp_ln15410)> <Delay = 0.34> <CoreInst = "Cmp">   --->   Core 9 'Cmp' <Latency = 0> <II = 1> <Delay = 0.65> <FuncUnit> <Opcode : 'icmp'> <InPorts = 2> <OutPorts = 1>
ST_6 : Operation 92 [1/1] (0.00ns)   --->   "%speclooptripcount_ln0 = speclooptripcount void @_ssdm_op_SpecLoopTripCount, i64 2, i64 2, i64 2"   --->   Operation 92 'speclooptripcount' 'speclooptripcount_ln0' <Predicate = (!icmp_ln15410)> <Delay = 0.00>
ST_6 : Operation 93 [1/1] (0.00ns)   --->   "%br_ln15423 = br i1 %icmp_ln890_1885, void %.split43, void %.loopexit993.loopexit" [./dut.cpp:15423]   --->   Operation 93 'br' 'br_ln15423' <Predicate = (!icmp_ln15410)> <Delay = 0.00>
ST_6 : Operation 94 [1/1] (0.00ns)   --->   "%br_ln0 = br void %.loopexit993"   --->   Operation 94 'br' 'br_ln0' <Predicate = (!icmp_ln15410 & icmp_ln890_1885)> <Delay = 0.00>
ST_6 : Operation 95 [1/1] (0.00ns)   --->   "%c4_V_86 = phi i2 %add_ln691_2190, void %.split45, i2 0, void %.preheader9.preheader"   --->   Operation 95 'phi' 'c4_V_86' <Predicate = (icmp_ln15410)> <Delay = 0.00>
ST_6 : Operation 96 [1/1] (0.43ns)   --->   "%add_ln691_2190 = add i2 %c4_V_86, i2 1"   --->   Operation 96 'add' 'add_ln691_2190' <Predicate = (icmp_ln15410)> <Delay = 0.43> <CoreInst = "Adder">   --->   Core 1 'Adder' <Latency = 0> <II = 1> <Delay = 0.70> <FuncUnit> <Opcode : 'add' 'sub'> <InPorts = 2> <OutPorts = 1>
ST_6 : Operation 97 [1/1] (0.00ns)   --->   "%zext_ln890_172 = zext i2 %c4_V_86"   --->   Operation 97 'zext' 'zext_ln890_172' <Predicate = (icmp_ln15410)> <Delay = 0.00>
ST_6 : Operation 98 [1/1] (0.34ns)   --->   "%icmp_ln890_1884 = icmp_eq  i2 %c4_V_86, i2 2"   --->   Operation 98 'icmp' 'icmp_ln890_1884' <Predicate = (icmp_ln15410)> <Delay = 0.34> <CoreInst = "Cmp">   --->   Core 9 'Cmp' <Latency = 0> <II = 1> <Delay = 0.65> <FuncUnit> <Opcode : 'icmp'> <InPorts = 2> <OutPorts = 1>
ST_6 : Operation 99 [1/1] (0.00ns)   --->   "%speclooptripcount_ln0 = speclooptripcount void @_ssdm_op_SpecLoopTripCount, i64 2, i64 2, i64 2"   --->   Operation 99 'speclooptripcount' 'speclooptripcount_ln0' <Predicate = (icmp_ln15410)> <Delay = 0.00>
ST_6 : Operation 100 [1/1] (0.00ns)   --->   "%br_ln15411 = br i1 %icmp_ln890_1884, void %.split45, void %.loopexit993.loopexit85" [./dut.cpp:15411]   --->   Operation 100 'br' 'br_ln15411' <Predicate = (icmp_ln15410)> <Delay = 0.00>
ST_6 : Operation 101 [1/1] (0.00ns)   --->   "%specloopname_ln15411 = specloopname void @_ssdm_op_SpecLoopName, void @empty_2108" [./dut.cpp:15411]   --->   Operation 101 'specloopname' 'specloopname_ln15411' <Predicate = (icmp_ln15410 & !icmp_ln890_1884)> <Delay = 0.00>
ST_6 : Operation 102 [1/1] (1.21ns)   --->   "%tmp_666 = read i256 @_ssdm_op_Read.ap_fifo.volatile.i256P0A, i256 %fifo_B_B_IO_L2_in_2_x111" [/home/rcslfpgaserver/Softwares/Xilinx/Vitis_HLS/2020.2/common/technology/autopilot/hls_stream_39.h:145]   --->   Operation 102 'read' 'tmp_666' <Predicate = (icmp_ln15410 & !icmp_ln890_1884)> <Delay = 1.21> <CoreInst = "FIFO_SRL">   --->   Core 81 'FIFO_SRL' <Latency = 0> <II = 1> <Delay = 1.42> <Storage> <Opcode : 'read' 'write' 'nbread' 'nbwrite'> <Ports = 0> <Width = 256> <Depth = 2> <FIFO>
ST_6 : Operation 103 [1/1] (0.00ns)   --->   "%local_B_pong_V_0_addr_11 = getelementptr i256 %local_B_pong_V_0, i64 0, i64 %zext_ln890_172" [./dut.cpp:15419]   --->   Operation 103 'getelementptr' 'local_B_pong_V_0_addr_11' <Predicate = (icmp_ln15410 & !icmp_ln890_1884)> <Delay = 0.00>
ST_6 : Operation 104 [1/1] (0.74ns)   --->   "%store_ln15419 = store i256 %tmp_666, i1 %local_B_pong_V_0_addr_11" [./dut.cpp:15419]   --->   Operation 104 'store' 'store_ln15419' <Predicate = (icmp_ln15410 & !icmp_ln890_1884)> <Delay = 0.74> <CoreInst = "RAM">   --->   Core 83 'RAM' <Latency = 1> <II = 1> <Delay = 0.74> <Storage> <Opcode : 'load' 'store'> <Ports = 2> <Width = 256> <Depth = 2> <RAM>
ST_6 : Operation 105 [1/1] (0.00ns)   --->   "%br_ln0 = br void %.preheader9"   --->   Operation 105 'br' 'br_ln0' <Predicate = (icmp_ln15410 & !icmp_ln890_1884)> <Delay = 0.00>
ST_6 : Operation 106 [1/1] (0.00ns)   --->   "%br_ln0 = br void %.loopexit993"   --->   Operation 106 'br' 'br_ln0' <Predicate = (icmp_ln15410 & icmp_ln890_1884)> <Delay = 0.00>
ST_6 : Operation 107 [1/1] (0.70ns)   --->   "%c3_89 = add i4 %c3_87, i4 1" [./dut.cpp:15405]   --->   Operation 107 'add' 'c3_89' <Predicate = (icmp_ln15410 & icmp_ln890_1884) | (!icmp_ln15410 & icmp_ln890_1885)> <Delay = 0.70> <CoreInst = "Adder">   --->   Core 1 'Adder' <Latency = 0> <II = 1> <Delay = 0.70> <FuncUnit> <Opcode : 'add' 'sub'> <InPorts = 2> <OutPorts = 1>
ST_6 : Operation 108 [1/1] (0.00ns)   --->   "%br_ln0 = br void %.preheader11"   --->   Operation 108 'br' 'br_ln0' <Predicate = (icmp_ln15410 & icmp_ln890_1884) | (!icmp_ln15410 & icmp_ln890_1885)> <Delay = 0.00>

State 7 <SV = 6> <Delay = 2.43>
ST_7 : Operation 109 [1/1] (0.00ns)   --->   "%specloopname_ln15423 = specloopname void @_ssdm_op_SpecLoopName, void @empty_1870" [./dut.cpp:15423]   --->   Operation 109 'specloopname' 'specloopname_ln15423' <Predicate = true> <Delay = 0.00>
ST_7 : Operation 110 [1/1] (1.21ns)   --->   "%tmp_667 = read i256 @_ssdm_op_Read.ap_fifo.volatile.i256P0A, i256 %fifo_B_B_IO_L2_in_2_x111" [/home/rcslfpgaserver/Softwares/Xilinx/Vitis_HLS/2020.2/common/technology/autopilot/hls_stream_39.h:145]   --->   Operation 110 'read' 'tmp_667' <Predicate = true> <Delay = 1.21> <CoreInst = "FIFO_SRL">   --->   Core 81 'FIFO_SRL' <Latency = 0> <II = 1> <Delay = 1.42> <Storage> <Opcode : 'read' 'write' 'nbread' 'nbwrite'> <Ports = 0> <Width = 256> <Depth = 2> <FIFO>
ST_7 : Operation 111 [1/1] (1.21ns)   --->   "%write_ln174 = write void @_ssdm_op_Write.ap_fifo.volatile.i256P0A, i256 %fifo_B_B_IO_L2_in_3_x112, i256 %tmp_667" [/home/rcslfpgaserver/Softwares/Xilinx/Vitis_HLS/2020.2/common/technology/autopilot/hls_stream_39.h:174]   --->   Operation 111 'write' 'write_ln174' <Predicate = true> <Delay = 1.21> <CoreInst = "FIFO_SRL">   --->   Core 81 'FIFO_SRL' <Latency = 0> <II = 1> <Delay = 1.42> <Storage> <Opcode : 'read' 'write' 'nbread' 'nbwrite'> <Ports = 0> <Width = 256> <Depth = 2> <FIFO>
ST_7 : Operation 112 [1/1] (0.00ns)   --->   "%br_ln0 = br void %.preheader8"   --->   Operation 112 'br' 'br_ln0' <Predicate = true> <Delay = 0.00>

State 8 <SV = 5> <Delay = 0.74>
ST_8 : Operation 113 [1/1] (0.00ns)   --->   "%c5_V_176 = phi i2 %add_ln691_2193, void, i2 0, void %.preheader6.preheader"   --->   Operation 113 'phi' 'c5_V_176' <Predicate = (!arb_27 & intra_trans_en_38)> <Delay = 0.00>
ST_8 : Operation 114 [1/1] (0.43ns)   --->   "%add_ln691_2193 = add i2 %c5_V_176, i2 1"   --->   Operation 114 'add' 'add_ln691_2193' <Predicate = (!arb_27 & intra_trans_en_38)> <Delay = 0.43> <CoreInst = "Adder">   --->   Core 1 'Adder' <Latency = 0> <II = 1> <Delay = 0.70> <FuncUnit> <Opcode : 'add' 'sub'> <InPorts = 2> <OutPorts = 1>
ST_8 : Operation 115 [1/1] (0.00ns)   --->   "%zext_ln890_171 = zext i2 %c5_V_176"   --->   Operation 115 'zext' 'zext_ln890_171' <Predicate = (!arb_27 & intra_trans_en_38)> <Delay = 0.00>
ST_8 : Operation 116 [1/1] (0.34ns)   --->   "%icmp_ln890_1881 = icmp_eq  i2 %c5_V_176, i2 2"   --->   Operation 116 'icmp' 'icmp_ln890_1881' <Predicate = (!arb_27 & intra_trans_en_38)> <Delay = 0.34> <CoreInst = "Cmp">   --->   Core 9 'Cmp' <Latency = 0> <II = 1> <Delay = 0.65> <FuncUnit> <Opcode : 'icmp'> <InPorts = 2> <OutPorts = 1>
ST_8 : Operation 117 [1/1] (0.00ns)   --->   "%speclooptripcount_ln0 = speclooptripcount void @_ssdm_op_SpecLoopTripCount, i64 2, i64 2, i64 2"   --->   Operation 117 'speclooptripcount' 'speclooptripcount_ln0' <Predicate = (!arb_27 & intra_trans_en_38)> <Delay = 0.00>
ST_8 : Operation 118 [1/1] (0.00ns)   --->   "%br_ln15441 = br i1 %icmp_ln890_1881, void %.split57, void %.loopexit997.loopexit84" [./dut.cpp:15441]   --->   Operation 118 'br' 'br_ln15441' <Predicate = (!arb_27 & intra_trans_en_38)> <Delay = 0.00>
ST_8 : Operation 119 [1/1] (0.00ns)   --->   "%local_B_ping_V_0_addr_21 = getelementptr i256 %local_B_ping_V_0, i64 0, i64 %zext_ln890_171"   --->   Operation 119 'getelementptr' 'local_B_ping_V_0_addr_21' <Predicate = (!arb_27 & intra_trans_en_38 & !icmp_ln890_1881)> <Delay = 0.00>
ST_8 : Operation 120 [2/2] (0.74ns)   --->   "%in_data_V_212 = load i1 %local_B_ping_V_0_addr_21"   --->   Operation 120 'load' 'in_data_V_212' <Predicate = (!arb_27 & intra_trans_en_38 & !icmp_ln890_1881)> <Delay = 0.74> <CoreInst = "RAM">   --->   Core 83 'RAM' <Latency = 1> <II = 1> <Delay = 0.74> <Storage> <Opcode : 'load' 'store'> <Ports = 2> <Width = 256> <Depth = 2> <RAM>
ST_8 : Operation 121 [1/1] (0.00ns)   --->   "%br_ln0 = br void %.loopexit997"   --->   Operation 121 'br' 'br_ln0' <Predicate = (!arb_27 & intra_trans_en_38 & icmp_ln890_1881)> <Delay = 0.00>
ST_8 : Operation 122 [1/1] (0.00ns)   --->   "%c5_V_175 = phi i2 %add_ln691_2192, void, i2 0, void %.preheader1.preheader"   --->   Operation 122 'phi' 'c5_V_175' <Predicate = (arb_27 & intra_trans_en_38)> <Delay = 0.00>
ST_8 : Operation 123 [1/1] (0.43ns)   --->   "%add_ln691_2192 = add i2 %c5_V_175, i2 1"   --->   Operation 123 'add' 'add_ln691_2192' <Predicate = (arb_27 & intra_trans_en_38)> <Delay = 0.43> <CoreInst = "Adder">   --->   Core 1 'Adder' <Latency = 0> <II = 1> <Delay = 0.70> <FuncUnit> <Opcode : 'add' 'sub'> <InPorts = 2> <OutPorts = 1>
ST_8 : Operation 124 [1/1] (0.00ns)   --->   "%zext_ln890_169 = zext i2 %c5_V_175"   --->   Operation 124 'zext' 'zext_ln890_169' <Predicate = (arb_27 & intra_trans_en_38)> <Delay = 0.00>
ST_8 : Operation 125 [1/1] (0.34ns)   --->   "%icmp_ln890_1880 = icmp_eq  i2 %c5_V_175, i2 2"   --->   Operation 125 'icmp' 'icmp_ln890_1880' <Predicate = (arb_27 & intra_trans_en_38)> <Delay = 0.34> <CoreInst = "Cmp">   --->   Core 9 'Cmp' <Latency = 0> <II = 1> <Delay = 0.65> <FuncUnit> <Opcode : 'icmp'> <InPorts = 2> <OutPorts = 1>
ST_8 : Operation 126 [1/1] (0.00ns)   --->   "%speclooptripcount_ln0 = speclooptripcount void @_ssdm_op_SpecLoopTripCount, i64 2, i64 2, i64 2"   --->   Operation 126 'speclooptripcount' 'speclooptripcount_ln0' <Predicate = (arb_27 & intra_trans_en_38)> <Delay = 0.00>
ST_8 : Operation 127 [1/1] (0.00ns)   --->   "%br_ln15508 = br i1 %icmp_ln890_1880, void %.split41, void %.loopexit997.loopexit" [./dut.cpp:15508]   --->   Operation 127 'br' 'br_ln15508' <Predicate = (arb_27 & intra_trans_en_38)> <Delay = 0.00>
ST_8 : Operation 128 [1/1] (0.00ns)   --->   "%local_B_pong_V_0_addr = getelementptr i256 %local_B_pong_V_0, i64 0, i64 %zext_ln890_169"   --->   Operation 128 'getelementptr' 'local_B_pong_V_0_addr' <Predicate = (arb_27 & intra_trans_en_38 & !icmp_ln890_1880)> <Delay = 0.00>
ST_8 : Operation 129 [2/2] (0.74ns)   --->   "%in_data_V_211 = load i1 %local_B_pong_V_0_addr"   --->   Operation 129 'load' 'in_data_V_211' <Predicate = (arb_27 & intra_trans_en_38 & !icmp_ln890_1880)> <Delay = 0.74> <CoreInst = "RAM">   --->   Core 83 'RAM' <Latency = 1> <II = 1> <Delay = 0.74> <Storage> <Opcode : 'load' 'store'> <Ports = 2> <Width = 256> <Depth = 2> <RAM>
ST_8 : Operation 130 [1/1] (0.00ns)   --->   "%br_ln0 = br void %.loopexit997"   --->   Operation 130 'br' 'br_ln0' <Predicate = (arb_27 & intra_trans_en_38 & icmp_ln890_1880)> <Delay = 0.00>
ST_8 : Operation 131 [1/1] (0.12ns)   --->   "%arb = xor i1 %arb_27, i1 1" [./dut.cpp:15539]   --->   Operation 131 'xor' 'arb' <Predicate = (!intra_trans_en_38) | (arb_27 & icmp_ln890_1880) | (!arb_27 & icmp_ln890_1881)> <Delay = 0.12> <CoreInst = "LogicGate">   --->   Core 74 'LogicGate' <Latency = 0> <II = 1> <Delay = 0.12> <FuncUnit> <Opcode : 'and' 'or' 'xor'> <InPorts = 2> <OutPorts = 1>
ST_8 : Operation 132 [1/1] (0.00ns)   --->   "%br_ln0 = br void"   --->   Operation 132 'br' 'br_ln0' <Predicate = (!intra_trans_en_38) | (arb_27 & icmp_ln890_1880) | (!arb_27 & icmp_ln890_1881)> <Delay = 0.00>

State 9 <SV = 6> <Delay = 0.74>
ST_9 : Operation 133 [1/1] (0.00ns)   --->   "%specloopname_ln15441 = specloopname void @_ssdm_op_SpecLoopName, void @empty_1852" [./dut.cpp:15441]   --->   Operation 133 'specloopname' 'specloopname_ln15441' <Predicate = true> <Delay = 0.00>
ST_9 : Operation 134 [1/2] (0.74ns)   --->   "%in_data_V_212 = load i1 %local_B_ping_V_0_addr_21"   --->   Operation 134 'load' 'in_data_V_212' <Predicate = true> <Delay = 0.74> <CoreInst = "RAM">   --->   Core 83 'RAM' <Latency = 1> <II = 1> <Delay = 0.74> <Storage> <Opcode : 'load' 'store'> <Ports = 2> <Width = 256> <Depth = 2> <RAM>
ST_9 : Operation 135 [1/1] (0.38ns)   --->   "%br_ln15442 = br void" [./dut.cpp:15442]   --->   Operation 135 'br' 'br_ln15442' <Predicate = true> <Delay = 0.38>

State 10 <SV = 7> <Delay = 0.70>
ST_10 : Operation 136 [1/1] (0.00ns)   --->   "%c6_V_180 = phi i6 %add_ln691_2195, void, i6 0, void %.split57"   --->   Operation 136 'phi' 'c6_V_180' <Predicate = true> <Delay = 0.00>
ST_10 : Operation 137 [1/1] (0.70ns)   --->   "%add_ln691_2195 = add i6 %c6_V_180, i6 1"   --->   Operation 137 'add' 'add_ln691_2195' <Predicate = true> <Delay = 0.70> <CoreInst = "Adder">   --->   Core 1 'Adder' <Latency = 0> <II = 1> <Delay = 0.70> <FuncUnit> <Opcode : 'add' 'sub'> <InPorts = 2> <OutPorts = 1>
ST_10 : Operation 138 [1/1] (0.61ns)   --->   "%icmp_ln890_1887 = icmp_eq  i6 %c6_V_180, i6 32"   --->   Operation 138 'icmp' 'icmp_ln890_1887' <Predicate = true> <Delay = 0.61> <CoreInst = "Cmp">   --->   Core 9 'Cmp' <Latency = 0> <II = 1> <Delay = 0.65> <FuncUnit> <Opcode : 'icmp'> <InPorts = 2> <OutPorts = 1>
ST_10 : Operation 139 [1/1] (0.00ns)   --->   "%speclooptripcount_ln0 = speclooptripcount void @_ssdm_op_SpecLoopTripCount, i64 32, i64 32, i64 32"   --->   Operation 139 'speclooptripcount' 'speclooptripcount_ln0' <Predicate = true> <Delay = 0.00>
ST_10 : Operation 140 [1/1] (0.00ns)   --->   "%br_ln15442 = br i1 %icmp_ln890_1887, void %.split55, void" [./dut.cpp:15442]   --->   Operation 140 'br' 'br_ln15442' <Predicate = true> <Delay = 0.00>
ST_10 : Operation 141 [1/1] (0.00ns)   --->   "%specloopname_ln15442 = specloopname void @_ssdm_op_SpecLoopName, void @empty_2057" [./dut.cpp:15442]   --->   Operation 141 'specloopname' 'specloopname_ln15442' <Predicate = (!icmp_ln890_1887)> <Delay = 0.00>
ST_10 : Operation 142 [1/1] (0.38ns)   --->   "%br_ln15444 = br void" [./dut.cpp:15444]   --->   Operation 142 'br' 'br_ln15444' <Predicate = (!icmp_ln890_1887)> <Delay = 0.38>
ST_10 : Operation 143 [1/1] (0.00ns)   --->   "%br_ln0 = br void %.preheader6"   --->   Operation 143 'br' 'br_ln0' <Predicate = (icmp_ln890_1887)> <Delay = 0.00>

State 11 <SV = 8> <Delay = 0.70>
ST_11 : Operation 144 [1/1] (0.00ns)   --->   "%c7_V_118 = phi i4 %add_ln691_2197, void, i4 0, void %.split55"   --->   Operation 144 'phi' 'c7_V_118' <Predicate = true> <Delay = 0.00>
ST_11 : Operation 145 [1/1] (0.70ns)   --->   "%add_ln691_2197 = add i4 %c7_V_118, i4 1"   --->   Operation 145 'add' 'add_ln691_2197' <Predicate = true> <Delay = 0.70> <CoreInst = "Adder">   --->   Core 1 'Adder' <Latency = 0> <II = 1> <Delay = 0.70> <FuncUnit> <Opcode : 'add' 'sub'> <InPorts = 2> <OutPorts = 1>
ST_11 : Operation 146 [1/1] (0.65ns)   --->   "%icmp_ln890_1889 = icmp_eq  i4 %c7_V_118, i4 8"   --->   Operation 146 'icmp' 'icmp_ln890_1889' <Predicate = true> <Delay = 0.65> <CoreInst = "Cmp">   --->   Core 9 'Cmp' <Latency = 0> <II = 1> <Delay = 0.65> <FuncUnit> <Opcode : 'icmp'> <InPorts = 2> <OutPorts = 1>
ST_11 : Operation 147 [1/1] (0.00ns)   --->   "%speclooptripcount_ln0 = speclooptripcount void @_ssdm_op_SpecLoopTripCount, i64 8, i64 8, i64 8"   --->   Operation 147 'speclooptripcount' 'speclooptripcount_ln0' <Predicate = true> <Delay = 0.00>
ST_11 : Operation 148 [1/1] (0.00ns)   --->   "%br_ln15444 = br i1 %icmp_ln890_1889, void %.split53, void" [./dut.cpp:15444]   --->   Operation 148 'br' 'br_ln15444' <Predicate = true> <Delay = 0.00>
ST_11 : Operation 149 [1/1] (0.00ns)   --->   "%specloopname_ln15444 = specloopname void @_ssdm_op_SpecLoopName, void @empty_1711" [./dut.cpp:15444]   --->   Operation 149 'specloopname' 'specloopname_ln15444' <Predicate = (!icmp_ln890_1889)> <Delay = 0.00>
ST_11 : Operation 150 [1/1] (0.00ns)   --->   "%empty = trunc i4 %c7_V_118"   --->   Operation 150 'trunc' 'empty' <Predicate = (!icmp_ln890_1889)> <Delay = 0.00>
ST_11 : Operation 151 [1/1] (0.00ns)   --->   "%idxprom = zext i3 %empty"   --->   Operation 151 'zext' 'idxprom' <Predicate = (!icmp_ln890_1889)> <Delay = 0.00>
ST_11 : Operation 152 [1/1] (0.00ns)   --->   "%data_split_V_54_addr = getelementptr i32 %data_split_V_54, i64 0, i64 %idxprom"   --->   Operation 152 'getelementptr' 'data_split_V_54_addr' <Predicate = (!icmp_ln890_1889)> <Delay = 0.00>
ST_11 : Operation 153 [1/1] (0.38ns)   --->   "%br_ln15446 = br void" [./dut.cpp:15446]   --->   Operation 153 'br' 'br_ln15446' <Predicate = (!icmp_ln890_1889)> <Delay = 0.38>
ST_11 : Operation 154 [1/1] (0.00ns)   --->   "%br_ln0 = br void"   --->   Operation 154 'br' 'br_ln0' <Predicate = (icmp_ln890_1889)> <Delay = 0.00>

State 12 <SV = 9> <Delay = 0.70>
ST_12 : Operation 155 [1/1] (0.00ns)   --->   "%c8_V_54 = phi i5 %add_ln691_2200, void, i5 0, void %.split53"   --->   Operation 155 'phi' 'c8_V_54' <Predicate = true> <Delay = 0.00>
ST_12 : Operation 156 [1/1] (0.70ns)   --->   "%add_ln691_2200 = add i5 %c8_V_54, i5 1"   --->   Operation 156 'add' 'add_ln691_2200' <Predicate = true> <Delay = 0.70> <CoreInst = "Adder">   --->   Core 1 'Adder' <Latency = 0> <II = 1> <Delay = 0.70> <FuncUnit> <Opcode : 'add' 'sub'> <InPorts = 2> <OutPorts = 1>
ST_12 : Operation 157 [1/1] (0.63ns)   --->   "%icmp_ln890_1891 = icmp_eq  i5 %c8_V_54, i5 16"   --->   Operation 157 'icmp' 'icmp_ln890_1891' <Predicate = true> <Delay = 0.63> <CoreInst = "Cmp">   --->   Core 9 'Cmp' <Latency = 0> <II = 1> <Delay = 0.65> <FuncUnit> <Opcode : 'icmp'> <InPorts = 2> <OutPorts = 1>
ST_12 : Operation 158 [1/1] (0.00ns)   --->   "%speclooptripcount_ln0 = speclooptripcount void @_ssdm_op_SpecLoopTripCount, i64 16, i64 16, i64 16"   --->   Operation 158 'speclooptripcount' 'speclooptripcount_ln0' <Predicate = true> <Delay = 0.00>
ST_12 : Operation 159 [1/1] (0.00ns)   --->   "%br_ln15446 = br i1 %icmp_ln890_1891, void %.split51, void" [./dut.cpp:15446]   --->   Operation 159 'br' 'br_ln15446' <Predicate = true> <Delay = 0.00>
ST_12 : Operation 160 [1/1] (0.00ns)   --->   "%specloopname_ln15446 = specloopname void @_ssdm_op_SpecLoopName, void @empty_1929" [./dut.cpp:15446]   --->   Operation 160 'specloopname' 'specloopname_ln15446' <Predicate = (!icmp_ln890_1891)> <Delay = 0.00>
ST_12 : Operation 161 [1/1] (0.38ns)   --->   "%br_ln15453 = br void" [./dut.cpp:15453]   --->   Operation 161 'br' 'br_ln15453' <Predicate = (!icmp_ln890_1891)> <Delay = 0.38>
ST_12 : Operation 162 [1/1] (0.00ns)   --->   "%br_ln0 = br void"   --->   Operation 162 'br' 'br_ln0' <Predicate = (icmp_ln890_1891)> <Delay = 0.00>

State 13 <SV = 10> <Delay = 1.35>
ST_13 : Operation 163 [1/1] (0.00ns)   --->   "%n_V_118 = phi i4 %add_ln691_2201, void %.split49, i4 0, void %.split51"   --->   Operation 163 'phi' 'n_V_118' <Predicate = true> <Delay = 0.00>
ST_13 : Operation 164 [1/1] (0.00ns)   --->   "%p_Val2_s = phi i256 %zext_ln1497_118, void %.split49, i256 %in_data_V_212, void %.split51"   --->   Operation 164 'phi' 'p_Val2_s' <Predicate = true> <Delay = 0.00>
ST_13 : Operation 165 [1/1] (0.70ns)   --->   "%add_ln691_2201 = add i4 %n_V_118, i4 1"   --->   Operation 165 'add' 'add_ln691_2201' <Predicate = true> <Delay = 0.70> <CoreInst = "Adder">   --->   Core 1 'Adder' <Latency = 0> <II = 1> <Delay = 0.70> <FuncUnit> <Opcode : 'add' 'sub'> <InPorts = 2> <OutPorts = 1>
ST_13 : Operation 166 [1/1] (0.00ns)   --->   "%zext_ln878_118 = zext i4 %n_V_118"   --->   Operation 166 'zext' 'zext_ln878_118' <Predicate = true> <Delay = 0.00>
ST_13 : Operation 167 [1/1] (0.65ns)   --->   "%icmp_ln878_122 = icmp_eq  i4 %n_V_118, i4 8"   --->   Operation 167 'icmp' 'icmp_ln878_122' <Predicate = true> <Delay = 0.65> <CoreInst = "Cmp">   --->   Core 9 'Cmp' <Latency = 0> <II = 1> <Delay = 0.65> <FuncUnit> <Opcode : 'icmp'> <InPorts = 2> <OutPorts = 1>
ST_13 : Operation 168 [1/1] (0.00ns)   --->   "%speclooptripcount_ln0 = speclooptripcount void @_ssdm_op_SpecLoopTripCount, i64 8, i64 8, i64 8"   --->   Operation 168 'speclooptripcount' 'speclooptripcount_ln0' <Predicate = true> <Delay = 0.00>
ST_13 : Operation 169 [1/1] (0.00ns)   --->   "%br_ln15453 = br i1 %icmp_ln878_122, void %.split49, void" [./dut.cpp:15453]   --->   Operation 169 'br' 'br_ln15453' <Predicate = true> <Delay = 0.00>
ST_13 : Operation 170 [1/1] (0.00ns)   --->   "%specloopname_ln674 = specloopname void @_ssdm_op_SpecLoopName, void @empty_1930"   --->   Operation 170 'specloopname' 'specloopname_ln674' <Predicate = (!icmp_ln878_122)> <Delay = 0.00>
ST_13 : Operation 171 [1/1] (0.00ns)   --->   "%trunc_ln674_54 = trunc i256 %p_Val2_s"   --->   Operation 171 'trunc' 'trunc_ln674_54' <Predicate = (!icmp_ln878_122)> <Delay = 0.00>
ST_13 : Operation 172 [1/1] (0.00ns)   --->   "%data_split_V_54_addr_1 = getelementptr i32 %data_split_V_54, i64 0, i64 %zext_ln878_118" [./dut.cpp:15454]   --->   Operation 172 'getelementptr' 'data_split_V_54_addr_1' <Predicate = (!icmp_ln878_122)> <Delay = 0.00>
ST_13 : Operation 173 [1/1] (0.69ns)   --->   "%store_ln15454 = store i32 %trunc_ln674_54, i3 %data_split_V_54_addr_1" [./dut.cpp:15454]   --->   Operation 173 'store' 'store_ln15454' <Predicate = (!icmp_ln878_122)> <Delay = 0.69> <CoreInst = "RAM">   --->   Core 83 'RAM' <Latency = 1> <II = 1> <Delay = 0.69> <Storage> <Opcode : 'load' 'store'> <Ports = 2> <Width = 32> <Depth = 8> <RAM>
ST_13 : Operation 174 [1/1] (0.00ns)   --->   "%r = partselect i224 @_ssdm_op_PartSelect.i224.i256.i32.i32, i256 %p_Val2_s, i32 32, i32 255"   --->   Operation 174 'partselect' 'r' <Predicate = (!icmp_ln878_122)> <Delay = 0.00>
ST_13 : Operation 175 [1/1] (0.00ns)   --->   "%zext_ln1497_118 = zext i224 %r"   --->   Operation 175 'zext' 'zext_ln1497_118' <Predicate = (!icmp_ln878_122)> <Delay = 0.00>
ST_13 : Operation 176 [1/1] (0.00ns)   --->   "%br_ln0 = br void"   --->   Operation 176 'br' 'br_ln0' <Predicate = (!icmp_ln878_122)> <Delay = 0.00>
ST_13 : Operation 177 [2/2] (0.69ns)   --->   "%u = load i3 %data_split_V_54_addr"   --->   Operation 177 'load' 'u' <Predicate = (icmp_ln878_122)> <Delay = 0.69> <CoreInst = "RAM">   --->   Core 83 'RAM' <Latency = 1> <II = 1> <Delay = 0.69> <Storage> <Opcode : 'load' 'store'> <Ports = 2> <Width = 32> <Depth = 8> <RAM>

State 14 <SV = 11> <Delay = 1.91>
ST_14 : Operation 178 [1/2] (0.69ns)   --->   "%u = load i3 %data_split_V_54_addr"   --->   Operation 178 'load' 'u' <Predicate = true> <Delay = 0.69> <CoreInst = "RAM">   --->   Core 83 'RAM' <Latency = 1> <II = 1> <Delay = 0.69> <Storage> <Opcode : 'load' 'store'> <Ports = 2> <Width = 32> <Depth = 8> <RAM>
ST_14 : Operation 179 [1/1] (1.21ns)   --->   "%write_ln174 = write void @_ssdm_op_Write.ap_fifo.volatile.i32P0A, i32 %fifo_B_PE_0_2_x171, i32 %u" [/home/rcslfpgaserver/Softwares/Xilinx/Vitis_HLS/2020.2/common/technology/autopilot/hls_stream_39.h:174]   --->   Operation 179 'write' 'write_ln174' <Predicate = true> <Delay = 1.21> <CoreInst = "FIFO_SRL">   --->   Core 81 'FIFO_SRL' <Latency = 0> <II = 1> <Delay = 1.39> <Storage> <Opcode : 'read' 'write' 'nbread' 'nbwrite'> <Ports = 0> <Width = 32> <Depth = 2> <FIFO>
ST_14 : Operation 180 [1/1] (0.00ns)   --->   "%br_ln0 = br void"   --->   Operation 180 'br' 'br_ln0' <Predicate = true> <Delay = 0.00>

State 15 <SV = 4> <Delay = 0.74>
ST_15 : Operation 181 [1/1] (0.00ns)   --->   "%c3 = phi i4 %c3_88, void %.loopexit995, i4 2, void %.preheader5.preheader"   --->   Operation 181 'phi' 'c3' <Predicate = true> <Delay = 0.00>
ST_15 : Operation 182 [1/1] (0.00ns)   --->   "%tmp = bitselect i1 @_ssdm_op_BitSelect.i1.i4.i32, i4 %c3, i32 3" [./dut.cpp:15472]   --->   Operation 182 'bitselect' 'tmp' <Predicate = true> <Delay = 0.00>
ST_15 : Operation 183 [1/1] (0.00ns)   --->   "%br_ln15472 = br i1 %tmp, void %.split31, void %.loopexit924" [./dut.cpp:15472]   --->   Operation 183 'br' 'br_ln15472' <Predicate = true> <Delay = 0.00>
ST_15 : Operation 184 [1/1] (0.00ns)   --->   "%speclooptripcount_ln1616 = speclooptripcount void @_ssdm_op_SpecLoopTripCount, i64 2, i64 8, i64 5"   --->   Operation 184 'speclooptripcount' 'speclooptripcount_ln1616' <Predicate = (!tmp)> <Delay = 0.00>
ST_15 : Operation 185 [1/1] (0.00ns)   --->   "%specloopname_ln1616 = specloopname void @_ssdm_op_SpecLoopName, void @empty_2079"   --->   Operation 185 'specloopname' 'specloopname_ln1616' <Predicate = (!tmp)> <Delay = 0.00>
ST_15 : Operation 186 [1/1] (0.00ns)   --->   "%zext_ln886 = zext i4 %c3"   --->   Operation 186 'zext' 'zext_ln886' <Predicate = (!tmp)> <Delay = 0.00>
ST_15 : Operation 187 [1/1] (0.61ns)   --->   "%icmp_ln886 = icmp_ugt  i6 %zext_ln886, i6 %add_i_i611_cast"   --->   Operation 187 'icmp' 'icmp_ln886' <Predicate = (!tmp)> <Delay = 0.61> <CoreInst = "Cmp">   --->   Core 9 'Cmp' <Latency = 0> <II = 1> <Delay = 0.65> <FuncUnit> <Opcode : 'icmp'> <InPorts = 2> <OutPorts = 1>
ST_15 : Operation 188 [1/1] (0.00ns)   --->   "%br_ln15474 = br i1 %icmp_ln886, void, void %.loopexit924" [./dut.cpp:15474]   --->   Operation 188 'br' 'br_ln15474' <Predicate = (!tmp)> <Delay = 0.00>
ST_15 : Operation 189 [1/1] (0.65ns)   --->   "%icmp_ln15477 = icmp_eq  i4 %c3, i4 2" [./dut.cpp:15477]   --->   Operation 189 'icmp' 'icmp_ln15477' <Predicate = (!tmp & !icmp_ln886)> <Delay = 0.65> <CoreInst = "Cmp">   --->   Core 9 'Cmp' <Latency = 0> <II = 1> <Delay = 0.65> <FuncUnit> <Opcode : 'icmp'> <InPorts = 2> <OutPorts = 1>
ST_15 : Operation 190 [1/1] (0.00ns)   --->   "%br_ln15477 = br i1 %icmp_ln15477, void %.preheader2.preheader, void %.preheader3.preheader" [./dut.cpp:15477]   --->   Operation 190 'br' 'br_ln15477' <Predicate = (!tmp & !icmp_ln886)> <Delay = 0.00>
ST_15 : Operation 191 [1/1] (0.38ns)   --->   "%br_ln890 = br void %.preheader2"   --->   Operation 191 'br' 'br_ln890' <Predicate = (!tmp & !icmp_ln886 & !icmp_ln15477)> <Delay = 0.38>
ST_15 : Operation 192 [1/1] (0.38ns)   --->   "%br_ln890 = br void %.preheader3"   --->   Operation 192 'br' 'br_ln890' <Predicate = (!tmp & !icmp_ln886 & icmp_ln15477)> <Delay = 0.38>
ST_15 : Operation 193 [1/1] (0.00ns)   --->   "%br_ln15507 = br i1 %intra_trans_en_38, void %.loopexit997, void %.preheader1.preheader" [./dut.cpp:15507]   --->   Operation 193 'br' 'br_ln15507' <Predicate = (icmp_ln886) | (tmp)> <Delay = 0.00>
ST_15 : Operation 194 [1/1] (0.38ns)   --->   "%br_ln890 = br void %.preheader1"   --->   Operation 194 'br' 'br_ln890' <Predicate = (intra_trans_en_38 & icmp_ln886) | (intra_trans_en_38 & tmp)> <Delay = 0.38>

State 16 <SV = 5> <Delay = 1.96>
ST_16 : Operation 195 [1/1] (0.00ns)   --->   "%c4_V_85 = phi i2 %add_ln691_2188, void %.split27, i2 0, void %.preheader2.preheader"   --->   Operation 195 'phi' 'c4_V_85' <Predicate = (!icmp_ln15477)> <Delay = 0.00>
ST_16 : Operation 196 [1/1] (0.43ns)   --->   "%add_ln691_2188 = add i2 %c4_V_85, i2 1"   --->   Operation 196 'add' 'add_ln691_2188' <Predicate = (!icmp_ln15477)> <Delay = 0.43> <CoreInst = "Adder">   --->   Core 1 'Adder' <Latency = 0> <II = 1> <Delay = 0.70> <FuncUnit> <Opcode : 'add' 'sub'> <InPorts = 2> <OutPorts = 1>
ST_16 : Operation 197 [1/1] (0.34ns)   --->   "%icmp_ln890_1883 = icmp_eq  i2 %c4_V_85, i2 2"   --->   Operation 197 'icmp' 'icmp_ln890_1883' <Predicate = (!icmp_ln15477)> <Delay = 0.34> <CoreInst = "Cmp">   --->   Core 9 'Cmp' <Latency = 0> <II = 1> <Delay = 0.65> <FuncUnit> <Opcode : 'icmp'> <InPorts = 2> <OutPorts = 1>
ST_16 : Operation 198 [1/1] (0.00ns)   --->   "%speclooptripcount_ln0 = speclooptripcount void @_ssdm_op_SpecLoopTripCount, i64 2, i64 2, i64 2"   --->   Operation 198 'speclooptripcount' 'speclooptripcount_ln0' <Predicate = (!icmp_ln15477)> <Delay = 0.00>
ST_16 : Operation 199 [1/1] (0.00ns)   --->   "%br_ln15490 = br i1 %icmp_ln890_1883, void %.split27, void %.loopexit995.loopexit" [./dut.cpp:15490]   --->   Operation 199 'br' 'br_ln15490' <Predicate = (!icmp_ln15477)> <Delay = 0.00>
ST_16 : Operation 200 [1/1] (0.00ns)   --->   "%br_ln0 = br void %.loopexit995"   --->   Operation 200 'br' 'br_ln0' <Predicate = (!icmp_ln15477 & icmp_ln890_1883)> <Delay = 0.00>
ST_16 : Operation 201 [1/1] (0.00ns)   --->   "%c4_V = phi i2 %add_ln691_2187, void %.split29, i2 0, void %.preheader3.preheader"   --->   Operation 201 'phi' 'c4_V' <Predicate = (icmp_ln15477)> <Delay = 0.00>
ST_16 : Operation 202 [1/1] (0.43ns)   --->   "%add_ln691_2187 = add i2 %c4_V, i2 1"   --->   Operation 202 'add' 'add_ln691_2187' <Predicate = (icmp_ln15477)> <Delay = 0.43> <CoreInst = "Adder">   --->   Core 1 'Adder' <Latency = 0> <II = 1> <Delay = 0.70> <FuncUnit> <Opcode : 'add' 'sub'> <InPorts = 2> <OutPorts = 1>
ST_16 : Operation 203 [1/1] (0.00ns)   --->   "%zext_ln890_170 = zext i2 %c4_V"   --->   Operation 203 'zext' 'zext_ln890_170' <Predicate = (icmp_ln15477)> <Delay = 0.00>
ST_16 : Operation 204 [1/1] (0.34ns)   --->   "%icmp_ln890_1882 = icmp_eq  i2 %c4_V, i2 2"   --->   Operation 204 'icmp' 'icmp_ln890_1882' <Predicate = (icmp_ln15477)> <Delay = 0.34> <CoreInst = "Cmp">   --->   Core 9 'Cmp' <Latency = 0> <II = 1> <Delay = 0.65> <FuncUnit> <Opcode : 'icmp'> <InPorts = 2> <OutPorts = 1>
ST_16 : Operation 205 [1/1] (0.00ns)   --->   "%speclooptripcount_ln0 = speclooptripcount void @_ssdm_op_SpecLoopTripCount, i64 2, i64 2, i64 2"   --->   Operation 205 'speclooptripcount' 'speclooptripcount_ln0' <Predicate = (icmp_ln15477)> <Delay = 0.00>
ST_16 : Operation 206 [1/1] (0.00ns)   --->   "%br_ln15478 = br i1 %icmp_ln890_1882, void %.split29, void %.loopexit995.loopexit83" [./dut.cpp:15478]   --->   Operation 206 'br' 'br_ln15478' <Predicate = (icmp_ln15477)> <Delay = 0.00>
ST_16 : Operation 207 [1/1] (0.00ns)   --->   "%specloopname_ln15478 = specloopname void @_ssdm_op_SpecLoopName, void @empty_1884" [./dut.cpp:15478]   --->   Operation 207 'specloopname' 'specloopname_ln15478' <Predicate = (icmp_ln15477 & !icmp_ln890_1882)> <Delay = 0.00>
ST_16 : Operation 208 [1/1] (1.21ns)   --->   "%tmp_668 = read i256 @_ssdm_op_Read.ap_fifo.volatile.i256P0A, i256 %fifo_B_B_IO_L2_in_2_x111" [/home/rcslfpgaserver/Softwares/Xilinx/Vitis_HLS/2020.2/common/technology/autopilot/hls_stream_39.h:145]   --->   Operation 208 'read' 'tmp_668' <Predicate = (icmp_ln15477 & !icmp_ln890_1882)> <Delay = 1.21> <CoreInst = "FIFO_SRL">   --->   Core 81 'FIFO_SRL' <Latency = 0> <II = 1> <Delay = 1.42> <Storage> <Opcode : 'read' 'write' 'nbread' 'nbwrite'> <Ports = 0> <Width = 256> <Depth = 2> <FIFO>
ST_16 : Operation 209 [1/1] (0.00ns)   --->   "%local_B_ping_V_0_addr_22 = getelementptr i256 %local_B_ping_V_0, i64 0, i64 %zext_ln890_170" [./dut.cpp:15486]   --->   Operation 209 'getelementptr' 'local_B_ping_V_0_addr_22' <Predicate = (icmp_ln15477 & !icmp_ln890_1882)> <Delay = 0.00>
ST_16 : Operation 210 [1/1] (0.74ns)   --->   "%store_ln15486 = store i256 %tmp_668, i1 %local_B_ping_V_0_addr_22" [./dut.cpp:15486]   --->   Operation 210 'store' 'store_ln15486' <Predicate = (icmp_ln15477 & !icmp_ln890_1882)> <Delay = 0.74> <CoreInst = "RAM">   --->   Core 83 'RAM' <Latency = 1> <II = 1> <Delay = 0.74> <Storage> <Opcode : 'load' 'store'> <Ports = 2> <Width = 256> <Depth = 2> <RAM>
ST_16 : Operation 211 [1/1] (0.00ns)   --->   "%br_ln0 = br void %.preheader3"   --->   Operation 211 'br' 'br_ln0' <Predicate = (icmp_ln15477 & !icmp_ln890_1882)> <Delay = 0.00>
ST_16 : Operation 212 [1/1] (0.00ns)   --->   "%br_ln0 = br void %.loopexit995"   --->   Operation 212 'br' 'br_ln0' <Predicate = (icmp_ln15477 & icmp_ln890_1882)> <Delay = 0.00>
ST_16 : Operation 213 [1/1] (0.70ns)   --->   "%c3_88 = add i4 %c3, i4 1" [./dut.cpp:15472]   --->   Operation 213 'add' 'c3_88' <Predicate = (icmp_ln15477 & icmp_ln890_1882) | (!icmp_ln15477 & icmp_ln890_1883)> <Delay = 0.70> <CoreInst = "Adder">   --->   Core 1 'Adder' <Latency = 0> <II = 1> <Delay = 0.70> <FuncUnit> <Opcode : 'add' 'sub'> <InPorts = 2> <OutPorts = 1>
ST_16 : Operation 214 [1/1] (0.00ns)   --->   "%br_ln0 = br void %.preheader5"   --->   Operation 214 'br' 'br_ln0' <Predicate = (icmp_ln15477 & icmp_ln890_1882) | (!icmp_ln15477 & icmp_ln890_1883)> <Delay = 0.00>

State 17 <SV = 6> <Delay = 2.43>
ST_17 : Operation 215 [1/1] (0.00ns)   --->   "%specloopname_ln15490 = specloopname void @_ssdm_op_SpecLoopName, void @empty_1784" [./dut.cpp:15490]   --->   Operation 215 'specloopname' 'specloopname_ln15490' <Predicate = true> <Delay = 0.00>
ST_17 : Operation 216 [1/1] (1.21ns)   --->   "%tmp_669 = read i256 @_ssdm_op_Read.ap_fifo.volatile.i256P0A, i256 %fifo_B_B_IO_L2_in_2_x111" [/home/rcslfpgaserver/Softwares/Xilinx/Vitis_HLS/2020.2/common/technology/autopilot/hls_stream_39.h:145]   --->   Operation 216 'read' 'tmp_669' <Predicate = true> <Delay = 1.21> <CoreInst = "FIFO_SRL">   --->   Core 81 'FIFO_SRL' <Latency = 0> <II = 1> <Delay = 1.42> <Storage> <Opcode : 'read' 'write' 'nbread' 'nbwrite'> <Ports = 0> <Width = 256> <Depth = 2> <FIFO>
ST_17 : Operation 217 [1/1] (1.21ns)   --->   "%write_ln174 = write void @_ssdm_op_Write.ap_fifo.volatile.i256P0A, i256 %fifo_B_B_IO_L2_in_3_x112, i256 %tmp_669" [/home/rcslfpgaserver/Softwares/Xilinx/Vitis_HLS/2020.2/common/technology/autopilot/hls_stream_39.h:174]   --->   Operation 217 'write' 'write_ln174' <Predicate = true> <Delay = 1.21> <CoreInst = "FIFO_SRL">   --->   Core 81 'FIFO_SRL' <Latency = 0> <II = 1> <Delay = 1.42> <Storage> <Opcode : 'read' 'write' 'nbread' 'nbwrite'> <Ports = 0> <Width = 256> <Depth = 2> <FIFO>
ST_17 : Operation 218 [1/1] (0.00ns)   --->   "%br_ln0 = br void %.preheader2"   --->   Operation 218 'br' 'br_ln0' <Predicate = true> <Delay = 0.00>

State 18 <SV = 6> <Delay = 0.74>
ST_18 : Operation 219 [1/1] (0.00ns)   --->   "%specloopname_ln15508 = specloopname void @_ssdm_op_SpecLoopName, void @empty_1924" [./dut.cpp:15508]   --->   Operation 219 'specloopname' 'specloopname_ln15508' <Predicate = true> <Delay = 0.00>
ST_18 : Operation 220 [1/2] (0.74ns)   --->   "%in_data_V_211 = load i1 %local_B_pong_V_0_addr"   --->   Operation 220 'load' 'in_data_V_211' <Predicate = true> <Delay = 0.74> <CoreInst = "RAM">   --->   Core 83 'RAM' <Latency = 1> <II = 1> <Delay = 0.74> <Storage> <Opcode : 'load' 'store'> <Ports = 2> <Width = 256> <Depth = 2> <RAM>
ST_18 : Operation 221 [1/1] (0.38ns)   --->   "%br_ln15509 = br void" [./dut.cpp:15509]   --->   Operation 221 'br' 'br_ln15509' <Predicate = true> <Delay = 0.38>

State 19 <SV = 7> <Delay = 0.70>
ST_19 : Operation 222 [1/1] (0.00ns)   --->   "%c6_V_179 = phi i6 %add_ln691_2194, void, i6 0, void %.split41"   --->   Operation 222 'phi' 'c6_V_179' <Predicate = true> <Delay = 0.00>
ST_19 : Operation 223 [1/1] (0.70ns)   --->   "%add_ln691_2194 = add i6 %c6_V_179, i6 1"   --->   Operation 223 'add' 'add_ln691_2194' <Predicate = true> <Delay = 0.70> <CoreInst = "Adder">   --->   Core 1 'Adder' <Latency = 0> <II = 1> <Delay = 0.70> <FuncUnit> <Opcode : 'add' 'sub'> <InPorts = 2> <OutPorts = 1>
ST_19 : Operation 224 [1/1] (0.61ns)   --->   "%icmp_ln890_1886 = icmp_eq  i6 %c6_V_179, i6 32"   --->   Operation 224 'icmp' 'icmp_ln890_1886' <Predicate = true> <Delay = 0.61> <CoreInst = "Cmp">   --->   Core 9 'Cmp' <Latency = 0> <II = 1> <Delay = 0.65> <FuncUnit> <Opcode : 'icmp'> <InPorts = 2> <OutPorts = 1>
ST_19 : Operation 225 [1/1] (0.00ns)   --->   "%speclooptripcount_ln0 = speclooptripcount void @_ssdm_op_SpecLoopTripCount, i64 32, i64 32, i64 32"   --->   Operation 225 'speclooptripcount' 'speclooptripcount_ln0' <Predicate = true> <Delay = 0.00>
ST_19 : Operation 226 [1/1] (0.00ns)   --->   "%br_ln15509 = br i1 %icmp_ln890_1886, void %.split39, void" [./dut.cpp:15509]   --->   Operation 226 'br' 'br_ln15509' <Predicate = true> <Delay = 0.00>
ST_19 : Operation 227 [1/1] (0.00ns)   --->   "%specloopname_ln15509 = specloopname void @_ssdm_op_SpecLoopName, void @empty_2016" [./dut.cpp:15509]   --->   Operation 227 'specloopname' 'specloopname_ln15509' <Predicate = (!icmp_ln890_1886)> <Delay = 0.00>
ST_19 : Operation 228 [1/1] (0.38ns)   --->   "%br_ln15511 = br void" [./dut.cpp:15511]   --->   Operation 228 'br' 'br_ln15511' <Predicate = (!icmp_ln890_1886)> <Delay = 0.38>
ST_19 : Operation 229 [1/1] (0.00ns)   --->   "%br_ln0 = br void %.preheader1"   --->   Operation 229 'br' 'br_ln0' <Predicate = (icmp_ln890_1886)> <Delay = 0.00>

State 20 <SV = 8> <Delay = 0.70>
ST_20 : Operation 230 [1/1] (0.00ns)   --->   "%c7_V_117 = phi i4 %add_ln691_2196, void, i4 0, void %.split39"   --->   Operation 230 'phi' 'c7_V_117' <Predicate = true> <Delay = 0.00>
ST_20 : Operation 231 [1/1] (0.70ns)   --->   "%add_ln691_2196 = add i4 %c7_V_117, i4 1"   --->   Operation 231 'add' 'add_ln691_2196' <Predicate = true> <Delay = 0.70> <CoreInst = "Adder">   --->   Core 1 'Adder' <Latency = 0> <II = 1> <Delay = 0.70> <FuncUnit> <Opcode : 'add' 'sub'> <InPorts = 2> <OutPorts = 1>
ST_20 : Operation 232 [1/1] (0.65ns)   --->   "%icmp_ln890_1888 = icmp_eq  i4 %c7_V_117, i4 8"   --->   Operation 232 'icmp' 'icmp_ln890_1888' <Predicate = true> <Delay = 0.65> <CoreInst = "Cmp">   --->   Core 9 'Cmp' <Latency = 0> <II = 1> <Delay = 0.65> <FuncUnit> <Opcode : 'icmp'> <InPorts = 2> <OutPorts = 1>
ST_20 : Operation 233 [1/1] (0.00ns)   --->   "%speclooptripcount_ln0 = speclooptripcount void @_ssdm_op_SpecLoopTripCount, i64 8, i64 8, i64 8"   --->   Operation 233 'speclooptripcount' 'speclooptripcount_ln0' <Predicate = true> <Delay = 0.00>
ST_20 : Operation 234 [1/1] (0.00ns)   --->   "%br_ln15511 = br i1 %icmp_ln890_1888, void %.split37, void" [./dut.cpp:15511]   --->   Operation 234 'br' 'br_ln15511' <Predicate = true> <Delay = 0.00>
ST_20 : Operation 235 [1/1] (0.00ns)   --->   "%specloopname_ln15511 = specloopname void @_ssdm_op_SpecLoopName, void @empty_2082" [./dut.cpp:15511]   --->   Operation 235 'specloopname' 'specloopname_ln15511' <Predicate = (!icmp_ln890_1888)> <Delay = 0.00>
ST_20 : Operation 236 [1/1] (0.00ns)   --->   "%empty_3707 = trunc i4 %c7_V_117"   --->   Operation 236 'trunc' 'empty_3707' <Predicate = (!icmp_ln890_1888)> <Delay = 0.00>
ST_20 : Operation 237 [1/1] (0.00ns)   --->   "%idxprom126 = zext i3 %empty_3707"   --->   Operation 237 'zext' 'idxprom126' <Predicate = (!icmp_ln890_1888)> <Delay = 0.00>
ST_20 : Operation 238 [1/1] (0.00ns)   --->   "%data_split_V_53_addr = getelementptr i32 %data_split_V_53, i64 0, i64 %idxprom126"   --->   Operation 238 'getelementptr' 'data_split_V_53_addr' <Predicate = (!icmp_ln890_1888)> <Delay = 0.00>
ST_20 : Operation 239 [1/1] (0.38ns)   --->   "%br_ln15513 = br void" [./dut.cpp:15513]   --->   Operation 239 'br' 'br_ln15513' <Predicate = (!icmp_ln890_1888)> <Delay = 0.38>
ST_20 : Operation 240 [1/1] (0.00ns)   --->   "%br_ln0 = br void"   --->   Operation 240 'br' 'br_ln0' <Predicate = (icmp_ln890_1888)> <Delay = 0.00>

State 21 <SV = 9> <Delay = 0.70>
ST_21 : Operation 241 [1/1] (0.00ns)   --->   "%c8_V_53 = phi i5 %add_ln691_2198, void, i5 0, void %.split37"   --->   Operation 241 'phi' 'c8_V_53' <Predicate = true> <Delay = 0.00>
ST_21 : Operation 242 [1/1] (0.70ns)   --->   "%add_ln691_2198 = add i5 %c8_V_53, i5 1"   --->   Operation 242 'add' 'add_ln691_2198' <Predicate = true> <Delay = 0.70> <CoreInst = "Adder">   --->   Core 1 'Adder' <Latency = 0> <II = 1> <Delay = 0.70> <FuncUnit> <Opcode : 'add' 'sub'> <InPorts = 2> <OutPorts = 1>
ST_21 : Operation 243 [1/1] (0.63ns)   --->   "%icmp_ln890_1890 = icmp_eq  i5 %c8_V_53, i5 16"   --->   Operation 243 'icmp' 'icmp_ln890_1890' <Predicate = true> <Delay = 0.63> <CoreInst = "Cmp">   --->   Core 9 'Cmp' <Latency = 0> <II = 1> <Delay = 0.65> <FuncUnit> <Opcode : 'icmp'> <InPorts = 2> <OutPorts = 1>
ST_21 : Operation 244 [1/1] (0.00ns)   --->   "%speclooptripcount_ln0 = speclooptripcount void @_ssdm_op_SpecLoopTripCount, i64 16, i64 16, i64 16"   --->   Operation 244 'speclooptripcount' 'speclooptripcount_ln0' <Predicate = true> <Delay = 0.00>
ST_21 : Operation 245 [1/1] (0.00ns)   --->   "%br_ln15513 = br i1 %icmp_ln890_1890, void %.split35, void" [./dut.cpp:15513]   --->   Operation 245 'br' 'br_ln15513' <Predicate = true> <Delay = 0.00>
ST_21 : Operation 246 [1/1] (0.00ns)   --->   "%specloopname_ln15513 = specloopname void @_ssdm_op_SpecLoopName, void @empty_2081" [./dut.cpp:15513]   --->   Operation 246 'specloopname' 'specloopname_ln15513' <Predicate = (!icmp_ln890_1890)> <Delay = 0.00>
ST_21 : Operation 247 [1/1] (0.38ns)   --->   "%br_ln15520 = br void" [./dut.cpp:15520]   --->   Operation 247 'br' 'br_ln15520' <Predicate = (!icmp_ln890_1890)> <Delay = 0.38>
ST_21 : Operation 248 [1/1] (0.00ns)   --->   "%br_ln0 = br void"   --->   Operation 248 'br' 'br_ln0' <Predicate = (icmp_ln890_1890)> <Delay = 0.00>

State 22 <SV = 10> <Delay = 1.35>
ST_22 : Operation 249 [1/1] (0.00ns)   --->   "%n_V_117 = phi i4 %add_ln691_2199, void %.split33, i4 0, void %.split35"   --->   Operation 249 'phi' 'n_V_117' <Predicate = true> <Delay = 0.00>
ST_22 : Operation 250 [1/1] (0.00ns)   --->   "%p_Val2_173 = phi i256 %zext_ln1497_117, void %.split33, i256 %in_data_V_211, void %.split35"   --->   Operation 250 'phi' 'p_Val2_173' <Predicate = true> <Delay = 0.00>
ST_22 : Operation 251 [1/1] (0.70ns)   --->   "%add_ln691_2199 = add i4 %n_V_117, i4 1"   --->   Operation 251 'add' 'add_ln691_2199' <Predicate = true> <Delay = 0.70> <CoreInst = "Adder">   --->   Core 1 'Adder' <Latency = 0> <II = 1> <Delay = 0.70> <FuncUnit> <Opcode : 'add' 'sub'> <InPorts = 2> <OutPorts = 1>
ST_22 : Operation 252 [1/1] (0.00ns)   --->   "%zext_ln878_117 = zext i4 %n_V_117"   --->   Operation 252 'zext' 'zext_ln878_117' <Predicate = true> <Delay = 0.00>
ST_22 : Operation 253 [1/1] (0.65ns)   --->   "%icmp_ln878_121 = icmp_eq  i4 %n_V_117, i4 8"   --->   Operation 253 'icmp' 'icmp_ln878_121' <Predicate = true> <Delay = 0.65> <CoreInst = "Cmp">   --->   Core 9 'Cmp' <Latency = 0> <II = 1> <Delay = 0.65> <FuncUnit> <Opcode : 'icmp'> <InPorts = 2> <OutPorts = 1>
ST_22 : Operation 254 [1/1] (0.00ns)   --->   "%speclooptripcount_ln0 = speclooptripcount void @_ssdm_op_SpecLoopTripCount, i64 8, i64 8, i64 8"   --->   Operation 254 'speclooptripcount' 'speclooptripcount_ln0' <Predicate = true> <Delay = 0.00>
ST_22 : Operation 255 [1/1] (0.00ns)   --->   "%br_ln15520 = br i1 %icmp_ln878_121, void %.split33, void" [./dut.cpp:15520]   --->   Operation 255 'br' 'br_ln15520' <Predicate = true> <Delay = 0.00>
ST_22 : Operation 256 [1/1] (0.00ns)   --->   "%specloopname_ln674 = specloopname void @_ssdm_op_SpecLoopName, void @empty_2068"   --->   Operation 256 'specloopname' 'specloopname_ln674' <Predicate = (!icmp_ln878_121)> <Delay = 0.00>
ST_22 : Operation 257 [1/1] (0.00ns)   --->   "%trunc_ln674_53 = trunc i256 %p_Val2_173"   --->   Operation 257 'trunc' 'trunc_ln674_53' <Predicate = (!icmp_ln878_121)> <Delay = 0.00>
ST_22 : Operation 258 [1/1] (0.00ns)   --->   "%data_split_V_53_addr_1 = getelementptr i32 %data_split_V_53, i64 0, i64 %zext_ln878_117" [./dut.cpp:15521]   --->   Operation 258 'getelementptr' 'data_split_V_53_addr_1' <Predicate = (!icmp_ln878_121)> <Delay = 0.00>
ST_22 : Operation 259 [1/1] (0.69ns)   --->   "%store_ln15521 = store i32 %trunc_ln674_53, i3 %data_split_V_53_addr_1" [./dut.cpp:15521]   --->   Operation 259 'store' 'store_ln15521' <Predicate = (!icmp_ln878_121)> <Delay = 0.69> <CoreInst = "RAM">   --->   Core 83 'RAM' <Latency = 1> <II = 1> <Delay = 0.69> <Storage> <Opcode : 'load' 'store'> <Ports = 2> <Width = 32> <Depth = 8> <RAM>
ST_22 : Operation 260 [1/1] (0.00ns)   --->   "%r_162 = partselect i224 @_ssdm_op_PartSelect.i224.i256.i32.i32, i256 %p_Val2_173, i32 32, i32 255"   --->   Operation 260 'partselect' 'r_162' <Predicate = (!icmp_ln878_121)> <Delay = 0.00>
ST_22 : Operation 261 [1/1] (0.00ns)   --->   "%zext_ln1497_117 = zext i224 %r_162"   --->   Operation 261 'zext' 'zext_ln1497_117' <Predicate = (!icmp_ln878_121)> <Delay = 0.00>
ST_22 : Operation 262 [1/1] (0.00ns)   --->   "%br_ln0 = br void"   --->   Operation 262 'br' 'br_ln0' <Predicate = (!icmp_ln878_121)> <Delay = 0.00>
ST_22 : Operation 263 [2/2] (0.69ns)   --->   "%u_107 = load i3 %data_split_V_53_addr"   --->   Operation 263 'load' 'u_107' <Predicate = (icmp_ln878_121)> <Delay = 0.69> <CoreInst = "RAM">   --->   Core 83 'RAM' <Latency = 1> <II = 1> <Delay = 0.69> <Storage> <Opcode : 'load' 'store'> <Ports = 2> <Width = 32> <Depth = 8> <RAM>

State 23 <SV = 11> <Delay = 1.91>
ST_23 : Operation 264 [1/2] (0.69ns)   --->   "%u_107 = load i3 %data_split_V_53_addr"   --->   Operation 264 'load' 'u_107' <Predicate = true> <Delay = 0.69> <CoreInst = "RAM">   --->   Core 83 'RAM' <Latency = 1> <II = 1> <Delay = 0.69> <Storage> <Opcode : 'load' 'store'> <Ports = 2> <Width = 32> <Depth = 8> <RAM>
ST_23 : Operation 265 [1/1] (1.21ns)   --->   "%write_ln174 = write void @_ssdm_op_Write.ap_fifo.volatile.i32P0A, i32 %fifo_B_PE_0_2_x171, i32 %u_107" [/home/rcslfpgaserver/Softwares/Xilinx/Vitis_HLS/2020.2/common/technology/autopilot/hls_stream_39.h:174]   --->   Operation 265 'write' 'write_ln174' <Predicate = true> <Delay = 1.21> <CoreInst = "FIFO_SRL">   --->   Core 81 'FIFO_SRL' <Latency = 0> <II = 1> <Delay = 1.39> <Storage> <Opcode : 'read' 'write' 'nbread' 'nbwrite'> <Ports = 0> <Width = 32> <Depth = 2> <FIFO>
ST_23 : Operation 266 [1/1] (0.00ns)   --->   "%br_ln0 = br void"   --->   Operation 266 'br' 'br_ln0' <Predicate = true> <Delay = 0.00>

State 24 <SV = 2> <Delay = 0.74>
ST_24 : Operation 267 [1/1] (0.00ns)   --->   "%c5_V = phi i2 %add_ln691_2181, void, i2 0, void %.preheader.preheader"   --->   Operation 267 'phi' 'c5_V' <Predicate = true> <Delay = 0.00>
ST_24 : Operation 268 [1/1] (0.43ns)   --->   "%add_ln691_2181 = add i2 %c5_V, i2 1"   --->   Operation 268 'add' 'add_ln691_2181' <Predicate = true> <Delay = 0.43> <CoreInst = "Adder">   --->   Core 1 'Adder' <Latency = 0> <II = 1> <Delay = 0.70> <FuncUnit> <Opcode : 'add' 'sub'> <InPorts = 2> <OutPorts = 1>
ST_24 : Operation 269 [1/1] (0.00ns)   --->   "%zext_ln890 = zext i2 %c5_V"   --->   Operation 269 'zext' 'zext_ln890' <Predicate = true> <Delay = 0.00>
ST_24 : Operation 270 [1/1] (0.34ns)   --->   "%icmp_ln890_1875 = icmp_eq  i2 %c5_V, i2 2"   --->   Operation 270 'icmp' 'icmp_ln890_1875' <Predicate = true> <Delay = 0.34> <CoreInst = "Cmp">   --->   Core 9 'Cmp' <Latency = 0> <II = 1> <Delay = 0.65> <FuncUnit> <Opcode : 'icmp'> <InPorts = 2> <OutPorts = 1>
ST_24 : Operation 271 [1/1] (0.00ns)   --->   "%speclooptripcount_ln0 = speclooptripcount void @_ssdm_op_SpecLoopTripCount, i64 2, i64 2, i64 2"   --->   Operation 271 'speclooptripcount' 'speclooptripcount_ln0' <Predicate = true> <Delay = 0.00>
ST_24 : Operation 272 [1/1] (0.00ns)   --->   "%br_ln15550 = br i1 %icmp_ln890_1875, void %.split15, void %.loopexit991" [./dut.cpp:15550]   --->   Operation 272 'br' 'br_ln15550' <Predicate = true> <Delay = 0.00>
ST_24 : Operation 273 [1/1] (0.00ns)   --->   "%local_B_ping_V_0_addr = getelementptr i256 %local_B_ping_V_0, i64 0, i64 %zext_ln890"   --->   Operation 273 'getelementptr' 'local_B_ping_V_0_addr' <Predicate = (!icmp_ln890_1875)> <Delay = 0.00>
ST_24 : Operation 274 [2/2] (0.74ns)   --->   "%in_data_V = load i1 %local_B_ping_V_0_addr"   --->   Operation 274 'load' 'in_data_V' <Predicate = (!icmp_ln890_1875)> <Delay = 0.74> <CoreInst = "RAM">   --->   Core 83 'RAM' <Latency = 1> <II = 1> <Delay = 0.74> <Storage> <Opcode : 'load' 'store'> <Ports = 2> <Width = 256> <Depth = 2> <RAM>
ST_24 : Operation 275 [1/1] (0.00ns)   --->   "%ret_ln15615 = ret" [./dut.cpp:15615]   --->   Operation 275 'ret' 'ret_ln15615' <Predicate = (icmp_ln890_1875)> <Delay = 0.00>

State 25 <SV = 3> <Delay = 0.74>
ST_25 : Operation 276 [1/1] (0.00ns)   --->   "%specloopname_ln15550 = specloopname void @_ssdm_op_SpecLoopName, void @empty_1928" [./dut.cpp:15550]   --->   Operation 276 'specloopname' 'specloopname_ln15550' <Predicate = true> <Delay = 0.00>
ST_25 : Operation 277 [1/2] (0.74ns)   --->   "%in_data_V = load i1 %local_B_ping_V_0_addr"   --->   Operation 277 'load' 'in_data_V' <Predicate = true> <Delay = 0.74> <CoreInst = "RAM">   --->   Core 83 'RAM' <Latency = 1> <II = 1> <Delay = 0.74> <Storage> <Opcode : 'load' 'store'> <Ports = 2> <Width = 256> <Depth = 2> <RAM>
ST_25 : Operation 278 [1/1] (0.38ns)   --->   "%br_ln15551 = br void" [./dut.cpp:15551]   --->   Operation 278 'br' 'br_ln15551' <Predicate = true> <Delay = 0.38>

State 26 <SV = 4> <Delay = 0.70>
ST_26 : Operation 279 [1/1] (0.00ns)   --->   "%c6_V = phi i6 %add_ln691_2183, void, i6 0, void %.split15"   --->   Operation 279 'phi' 'c6_V' <Predicate = true> <Delay = 0.00>
ST_26 : Operation 280 [1/1] (0.70ns)   --->   "%add_ln691_2183 = add i6 %c6_V, i6 1"   --->   Operation 280 'add' 'add_ln691_2183' <Predicate = true> <Delay = 0.70> <CoreInst = "Adder">   --->   Core 1 'Adder' <Latency = 0> <II = 1> <Delay = 0.70> <FuncUnit> <Opcode : 'add' 'sub'> <InPorts = 2> <OutPorts = 1>
ST_26 : Operation 281 [1/1] (0.61ns)   --->   "%icmp_ln890_1877 = icmp_eq  i6 %c6_V, i6 32"   --->   Operation 281 'icmp' 'icmp_ln890_1877' <Predicate = true> <Delay = 0.61> <CoreInst = "Cmp">   --->   Core 9 'Cmp' <Latency = 0> <II = 1> <Delay = 0.65> <FuncUnit> <Opcode : 'icmp'> <InPorts = 2> <OutPorts = 1>
ST_26 : Operation 282 [1/1] (0.00ns)   --->   "%speclooptripcount_ln0 = speclooptripcount void @_ssdm_op_SpecLoopTripCount, i64 32, i64 32, i64 32"   --->   Operation 282 'speclooptripcount' 'speclooptripcount_ln0' <Predicate = true> <Delay = 0.00>
ST_26 : Operation 283 [1/1] (0.00ns)   --->   "%br_ln15551 = br i1 %icmp_ln890_1877, void %.split13, void" [./dut.cpp:15551]   --->   Operation 283 'br' 'br_ln15551' <Predicate = true> <Delay = 0.00>
ST_26 : Operation 284 [1/1] (0.00ns)   --->   "%specloopname_ln15551 = specloopname void @_ssdm_op_SpecLoopName, void @empty_2075" [./dut.cpp:15551]   --->   Operation 284 'specloopname' 'specloopname_ln15551' <Predicate = (!icmp_ln890_1877)> <Delay = 0.00>
ST_26 : Operation 285 [1/1] (0.38ns)   --->   "%br_ln15553 = br void" [./dut.cpp:15553]   --->   Operation 285 'br' 'br_ln15553' <Predicate = (!icmp_ln890_1877)> <Delay = 0.38>
ST_26 : Operation 286 [1/1] (0.00ns)   --->   "%br_ln0 = br void %.preheader"   --->   Operation 286 'br' 'br_ln0' <Predicate = (icmp_ln890_1877)> <Delay = 0.00>

State 27 <SV = 5> <Delay = 0.70>
ST_27 : Operation 287 [1/1] (0.00ns)   --->   "%c7_V = phi i4 %add_ln691_2184, void, i4 0, void %.split13"   --->   Operation 287 'phi' 'c7_V' <Predicate = true> <Delay = 0.00>
ST_27 : Operation 288 [1/1] (0.70ns)   --->   "%add_ln691_2184 = add i4 %c7_V, i4 1"   --->   Operation 288 'add' 'add_ln691_2184' <Predicate = true> <Delay = 0.70> <CoreInst = "Adder">   --->   Core 1 'Adder' <Latency = 0> <II = 1> <Delay = 0.70> <FuncUnit> <Opcode : 'add' 'sub'> <InPorts = 2> <OutPorts = 1>
ST_27 : Operation 289 [1/1] (0.65ns)   --->   "%icmp_ln890_1878 = icmp_eq  i4 %c7_V, i4 8"   --->   Operation 289 'icmp' 'icmp_ln890_1878' <Predicate = true> <Delay = 0.65> <CoreInst = "Cmp">   --->   Core 9 'Cmp' <Latency = 0> <II = 1> <Delay = 0.65> <FuncUnit> <Opcode : 'icmp'> <InPorts = 2> <OutPorts = 1>
ST_27 : Operation 290 [1/1] (0.00ns)   --->   "%speclooptripcount_ln0 = speclooptripcount void @_ssdm_op_SpecLoopTripCount, i64 8, i64 8, i64 8"   --->   Operation 290 'speclooptripcount' 'speclooptripcount_ln0' <Predicate = true> <Delay = 0.00>
ST_27 : Operation 291 [1/1] (0.00ns)   --->   "%br_ln15553 = br i1 %icmp_ln890_1878, void %.split11, void" [./dut.cpp:15553]   --->   Operation 291 'br' 'br_ln15553' <Predicate = true> <Delay = 0.00>
ST_27 : Operation 292 [1/1] (0.00ns)   --->   "%specloopname_ln15553 = specloopname void @_ssdm_op_SpecLoopName, void @empty_1918" [./dut.cpp:15553]   --->   Operation 292 'specloopname' 'specloopname_ln15553' <Predicate = (!icmp_ln890_1878)> <Delay = 0.00>
ST_27 : Operation 293 [1/1] (0.00ns)   --->   "%empty_3708 = trunc i4 %c7_V"   --->   Operation 293 'trunc' 'empty_3708' <Predicate = (!icmp_ln890_1878)> <Delay = 0.00>
ST_27 : Operation 294 [1/1] (0.00ns)   --->   "%idxprom181 = zext i3 %empty_3708"   --->   Operation 294 'zext' 'idxprom181' <Predicate = (!icmp_ln890_1878)> <Delay = 0.00>
ST_27 : Operation 295 [1/1] (0.00ns)   --->   "%data_split_V_addr = getelementptr i32 %data_split_V, i64 0, i64 %idxprom181"   --->   Operation 295 'getelementptr' 'data_split_V_addr' <Predicate = (!icmp_ln890_1878)> <Delay = 0.00>
ST_27 : Operation 296 [1/1] (0.38ns)   --->   "%br_ln15555 = br void" [./dut.cpp:15555]   --->   Operation 296 'br' 'br_ln15555' <Predicate = (!icmp_ln890_1878)> <Delay = 0.38>
ST_27 : Operation 297 [1/1] (0.00ns)   --->   "%br_ln0 = br void"   --->   Operation 297 'br' 'br_ln0' <Predicate = (icmp_ln890_1878)> <Delay = 0.00>

State 28 <SV = 6> <Delay = 0.70>
ST_28 : Operation 298 [1/1] (0.00ns)   --->   "%c8_V = phi i5 %add_ln691_2185, void, i5 0, void %.split11"   --->   Operation 298 'phi' 'c8_V' <Predicate = true> <Delay = 0.00>
ST_28 : Operation 299 [1/1] (0.70ns)   --->   "%add_ln691_2185 = add i5 %c8_V, i5 1"   --->   Operation 299 'add' 'add_ln691_2185' <Predicate = true> <Delay = 0.70> <CoreInst = "Adder">   --->   Core 1 'Adder' <Latency = 0> <II = 1> <Delay = 0.70> <FuncUnit> <Opcode : 'add' 'sub'> <InPorts = 2> <OutPorts = 1>
ST_28 : Operation 300 [1/1] (0.63ns)   --->   "%icmp_ln890_1879 = icmp_eq  i5 %c8_V, i5 16"   --->   Operation 300 'icmp' 'icmp_ln890_1879' <Predicate = true> <Delay = 0.63> <CoreInst = "Cmp">   --->   Core 9 'Cmp' <Latency = 0> <II = 1> <Delay = 0.65> <FuncUnit> <Opcode : 'icmp'> <InPorts = 2> <OutPorts = 1>
ST_28 : Operation 301 [1/1] (0.00ns)   --->   "%speclooptripcount_ln0 = speclooptripcount void @_ssdm_op_SpecLoopTripCount, i64 16, i64 16, i64 16"   --->   Operation 301 'speclooptripcount' 'speclooptripcount_ln0' <Predicate = true> <Delay = 0.00>
ST_28 : Operation 302 [1/1] (0.00ns)   --->   "%br_ln15555 = br i1 %icmp_ln890_1879, void %.split9, void" [./dut.cpp:15555]   --->   Operation 302 'br' 'br_ln15555' <Predicate = true> <Delay = 0.00>
ST_28 : Operation 303 [1/1] (0.00ns)   --->   "%specloopname_ln15555 = specloopname void @_ssdm_op_SpecLoopName, void @empty_2065" [./dut.cpp:15555]   --->   Operation 303 'specloopname' 'specloopname_ln15555' <Predicate = (!icmp_ln890_1879)> <Delay = 0.00>
ST_28 : Operation 304 [1/1] (0.38ns)   --->   "%br_ln15562 = br void" [./dut.cpp:15562]   --->   Operation 304 'br' 'br_ln15562' <Predicate = (!icmp_ln890_1879)> <Delay = 0.38>
ST_28 : Operation 305 [1/1] (0.00ns)   --->   "%br_ln0 = br void"   --->   Operation 305 'br' 'br_ln0' <Predicate = (icmp_ln890_1879)> <Delay = 0.00>

State 29 <SV = 7> <Delay = 1.35>
ST_29 : Operation 306 [1/1] (0.00ns)   --->   "%n_V = phi i4 %add_ln691_2186, void %.split, i4 0, void %.split9"   --->   Operation 306 'phi' 'n_V' <Predicate = true> <Delay = 0.00>
ST_29 : Operation 307 [1/1] (0.00ns)   --->   "%p_Val2_174 = phi i256 %zext_ln1497, void %.split, i256 %in_data_V, void %.split9"   --->   Operation 307 'phi' 'p_Val2_174' <Predicate = true> <Delay = 0.00>
ST_29 : Operation 308 [1/1] (0.70ns)   --->   "%add_ln691_2186 = add i4 %n_V, i4 1"   --->   Operation 308 'add' 'add_ln691_2186' <Predicate = true> <Delay = 0.70> <CoreInst = "Adder">   --->   Core 1 'Adder' <Latency = 0> <II = 1> <Delay = 0.70> <FuncUnit> <Opcode : 'add' 'sub'> <InPorts = 2> <OutPorts = 1>
ST_29 : Operation 309 [1/1] (0.00ns)   --->   "%zext_ln878 = zext i4 %n_V"   --->   Operation 309 'zext' 'zext_ln878' <Predicate = true> <Delay = 0.00>
ST_29 : Operation 310 [1/1] (0.65ns)   --->   "%icmp_ln878 = icmp_eq  i4 %n_V, i4 8"   --->   Operation 310 'icmp' 'icmp_ln878' <Predicate = true> <Delay = 0.65> <CoreInst = "Cmp">   --->   Core 9 'Cmp' <Latency = 0> <II = 1> <Delay = 0.65> <FuncUnit> <Opcode : 'icmp'> <InPorts = 2> <OutPorts = 1>
ST_29 : Operation 311 [1/1] (0.00ns)   --->   "%speclooptripcount_ln0 = speclooptripcount void @_ssdm_op_SpecLoopTripCount, i64 8, i64 8, i64 8"   --->   Operation 311 'speclooptripcount' 'speclooptripcount_ln0' <Predicate = true> <Delay = 0.00>
ST_29 : Operation 312 [1/1] (0.00ns)   --->   "%br_ln15562 = br i1 %icmp_ln878, void %.split, void" [./dut.cpp:15562]   --->   Operation 312 'br' 'br_ln15562' <Predicate = true> <Delay = 0.00>
ST_29 : Operation 313 [1/1] (0.00ns)   --->   "%specloopname_ln674 = specloopname void @_ssdm_op_SpecLoopName, void @empty_1904"   --->   Operation 313 'specloopname' 'specloopname_ln674' <Predicate = (!icmp_ln878)> <Delay = 0.00>
ST_29 : Operation 314 [1/1] (0.00ns)   --->   "%trunc_ln674 = trunc i256 %p_Val2_174"   --->   Operation 314 'trunc' 'trunc_ln674' <Predicate = (!icmp_ln878)> <Delay = 0.00>
ST_29 : Operation 315 [1/1] (0.00ns)   --->   "%data_split_V_addr_347 = getelementptr i32 %data_split_V, i64 0, i64 %zext_ln878" [./dut.cpp:15563]   --->   Operation 315 'getelementptr' 'data_split_V_addr_347' <Predicate = (!icmp_ln878)> <Delay = 0.00>
ST_29 : Operation 316 [1/1] (0.69ns)   --->   "%store_ln15563 = store i32 %trunc_ln674, i3 %data_split_V_addr_347" [./dut.cpp:15563]   --->   Operation 316 'store' 'store_ln15563' <Predicate = (!icmp_ln878)> <Delay = 0.69> <CoreInst = "RAM">   --->   Core 83 'RAM' <Latency = 1> <II = 1> <Delay = 0.69> <Storage> <Opcode : 'load' 'store'> <Ports = 2> <Width = 32> <Depth = 8> <RAM>
ST_29 : Operation 317 [1/1] (0.00ns)   --->   "%r_163 = partselect i224 @_ssdm_op_PartSelect.i224.i256.i32.i32, i256 %p_Val2_174, i32 32, i32 255"   --->   Operation 317 'partselect' 'r_163' <Predicate = (!icmp_ln878)> <Delay = 0.00>
ST_29 : Operation 318 [1/1] (0.00ns)   --->   "%zext_ln1497 = zext i224 %r_163"   --->   Operation 318 'zext' 'zext_ln1497' <Predicate = (!icmp_ln878)> <Delay = 0.00>
ST_29 : Operation 319 [1/1] (0.00ns)   --->   "%br_ln0 = br void"   --->   Operation 319 'br' 'br_ln0' <Predicate = (!icmp_ln878)> <Delay = 0.00>
ST_29 : Operation 320 [2/2] (0.69ns)   --->   "%u_108 = load i3 %data_split_V_addr"   --->   Operation 320 'load' 'u_108' <Predicate = (icmp_ln878)> <Delay = 0.69> <CoreInst = "RAM">   --->   Core 83 'RAM' <Latency = 1> <II = 1> <Delay = 0.69> <Storage> <Opcode : 'load' 'store'> <Ports = 2> <Width = 32> <Depth = 8> <RAM>

State 30 <SV = 8> <Delay = 1.91>
ST_30 : Operation 321 [1/2] (0.69ns)   --->   "%u_108 = load i3 %data_split_V_addr"   --->   Operation 321 'load' 'u_108' <Predicate = true> <Delay = 0.69> <CoreInst = "RAM">   --->   Core 83 'RAM' <Latency = 1> <II = 1> <Delay = 0.69> <Storage> <Opcode : 'load' 'store'> <Ports = 2> <Width = 32> <Depth = 8> <RAM>
ST_30 : Operation 322 [1/1] (1.21ns)   --->   "%write_ln174 = write void @_ssdm_op_Write.ap_fifo.volatile.i32P0A, i32 %fifo_B_PE_0_2_x171, i32 %u_108" [/home/rcslfpgaserver/Softwares/Xilinx/Vitis_HLS/2020.2/common/technology/autopilot/hls_stream_39.h:174]   --->   Operation 322 'write' 'write_ln174' <Predicate = true> <Delay = 1.21> <CoreInst = "FIFO_SRL">   --->   Core 81 'FIFO_SRL' <Latency = 0> <II = 1> <Delay = 1.39> <Storage> <Opcode : 'read' 'write' 'nbread' 'nbwrite'> <Ports = 0> <Width = 32> <Depth = 2> <FIFO>
ST_30 : Operation 323 [1/1] (0.00ns)   --->   "%br_ln0 = br void"   --->   Operation 323 'br' 'br_ln0' <Predicate = true> <Delay = 0.00>


============================================================
+ Verbose Summary: Timing violations
============================================================
Target clock period: 3.33ns, clock uncertainty: 0.9ns.

 <State 1>: 0.387ns
The critical path consists of the following:
	multiplexor before 'phi' operation ('c0.V') with incoming values : ('add_ln691') [17]  (0.387 ns)

 <State 2>: 0.572ns
The critical path consists of the following:
	'phi' operation ('c0.V') with incoming values : ('add_ln691') [17]  (0 ns)
	'add' operation ('add_ln691') [19]  (0.572 ns)

 <State 3>: 0.706ns
The critical path consists of the following:
	'phi' operation ('c1.V') with incoming values : ('add_ln691_2182') [27]  (0 ns)
	'sub' operation ('add_i_i611_cast') [36]  (0.706 ns)

 <State 4>: 0.705ns
The critical path consists of the following:
	'phi' operation ('c2.V') with incoming values : ('c2.V') [41]  (0 ns)
	'add' operation ('c2.V') [42]  (0.705 ns)

 <State 5>: 0.741ns
The critical path consists of the following:
	'phi' operation ('c3') with incoming values : ('c3', ./dut.cpp:15405) [52]  (0 ns)
	'icmp' operation ('icmp_ln15410', ./dut.cpp:15410) [62]  (0.656 ns)
	blocking operation 0.0845 ns on control path)

 <State 6>: 1.96ns
The critical path consists of the following:
	fifo read on port 'fifo_B_B_IO_L2_in_2_x111' (/home/rcslfpgaserver/Softwares/Xilinx/Vitis_HLS/2020.2/common/technology/autopilot/hls_stream_39.h:145) [90]  (1.22 ns)
	'store' operation ('store_ln15419', ./dut.cpp:15419) of variable 'tmp', /home/rcslfpgaserver/Softwares/Xilinx/Vitis_HLS/2020.2/common/technology/autopilot/hls_stream_39.h:145 on array 'local_B_pong.V[0]', ./dut.cpp:15387 [92]  (0.746 ns)

 <State 7>: 2.43ns
The critical path consists of the following:
	fifo read on port 'fifo_B_B_IO_L2_in_2_x111' (/home/rcslfpgaserver/Softwares/Xilinx/Vitis_HLS/2020.2/common/technology/autopilot/hls_stream_39.h:145) [74]  (1.22 ns)
	fifo write on port 'fifo_B_B_IO_L2_in_3_x112' (/home/rcslfpgaserver/Softwares/Xilinx/Vitis_HLS/2020.2/common/technology/autopilot/hls_stream_39.h:174) [75]  (1.22 ns)

 <State 8>: 0.746ns
The critical path consists of the following:
	'phi' operation ('c5.V') with incoming values : ('add_ln691_2193') [104]  (0 ns)
	'getelementptr' operation ('local_B_ping_V_0_addr_21') [112]  (0 ns)
	'load' operation ('in_data.V') on array 'local_B_ping.V[0]', ./dut.cpp:15386 [113]  (0.746 ns)

 <State 9>: 0.746ns
The critical path consists of the following:
	'load' operation ('in_data.V') on array 'local_B_ping.V[0]', ./dut.cpp:15386 [113]  (0.746 ns)

 <State 10>: 0.706ns
The critical path consists of the following:
	'phi' operation ('c6.V') with incoming values : ('add_ln691_2195') [116]  (0 ns)
	'add' operation ('add_ln691_2195') [117]  (0.706 ns)

 <State 11>: 0.708ns
The critical path consists of the following:
	'phi' operation ('c7.V') with incoming values : ('add_ln691_2197') [125]  (0 ns)
	'add' operation ('add_ln691_2197') [126]  (0.708 ns)

 <State 12>: 0.707ns
The critical path consists of the following:
	'phi' operation ('c8.V') with incoming values : ('add_ln691_2200') [137]  (0 ns)
	'add' operation ('add_ln691_2200') [138]  (0.707 ns)

 <State 13>: 1.35ns
The critical path consists of the following:
	'phi' operation ('n.V') with incoming values : ('add_ln691_2201') [146]  (0 ns)
	'add' operation ('add_ln691_2201') [148]  (0.708 ns)
	blocking operation 0.647 ns on control path)

 <State 14>: 1.92ns
The critical path consists of the following:
	'load' operation ('u') on array 'data_split.V', ./dut.cpp:15437 [162]  (0.699 ns)
	fifo write on port 'fifo_B_PE_0_2_x171' (/home/rcslfpgaserver/Softwares/Xilinx/Vitis_HLS/2020.2/common/technology/autopilot/hls_stream_39.h:174) [163]  (1.22 ns)

 <State 15>: 0.741ns
The critical path consists of the following:
	'phi' operation ('c3') with incoming values : ('c3', ./dut.cpp:15472) [176]  (0 ns)
	'icmp' operation ('icmp_ln15477', ./dut.cpp:15477) [186]  (0.656 ns)
	blocking operation 0.0845 ns on control path)

 <State 16>: 1.96ns
The critical path consists of the following:
	fifo read on port 'fifo_B_B_IO_L2_in_2_x111' (/home/rcslfpgaserver/Softwares/Xilinx/Vitis_HLS/2020.2/common/technology/autopilot/hls_stream_39.h:145) [214]  (1.22 ns)
	'store' operation ('store_ln15486', ./dut.cpp:15486) of variable 'tmp', /home/rcslfpgaserver/Softwares/Xilinx/Vitis_HLS/2020.2/common/technology/autopilot/hls_stream_39.h:145 on array 'local_B_ping.V[0]', ./dut.cpp:15386 [216]  (0.746 ns)

 <State 17>: 2.43ns
The critical path consists of the following:
	fifo read on port 'fifo_B_B_IO_L2_in_2_x111' (/home/rcslfpgaserver/Softwares/Xilinx/Vitis_HLS/2020.2/common/technology/autopilot/hls_stream_39.h:145) [198]  (1.22 ns)
	fifo write on port 'fifo_B_B_IO_L2_in_3_x112' (/home/rcslfpgaserver/Softwares/Xilinx/Vitis_HLS/2020.2/common/technology/autopilot/hls_stream_39.h:174) [199]  (1.22 ns)

 <State 18>: 0.746ns
The critical path consists of the following:
	'load' operation ('in_data.V') on array 'local_B_pong.V[0]', ./dut.cpp:15387 [237]  (0.746 ns)

 <State 19>: 0.706ns
The critical path consists of the following:
	'phi' operation ('c6.V') with incoming values : ('add_ln691_2194') [240]  (0 ns)
	'add' operation ('add_ln691_2194') [241]  (0.706 ns)

 <State 20>: 0.708ns
The critical path consists of the following:
	'phi' operation ('c7.V') with incoming values : ('add_ln691_2196') [249]  (0 ns)
	'add' operation ('add_ln691_2196') [250]  (0.708 ns)

 <State 21>: 0.707ns
The critical path consists of the following:
	'phi' operation ('c8.V') with incoming values : ('add_ln691_2198') [261]  (0 ns)
	'add' operation ('add_ln691_2198') [262]  (0.707 ns)

 <State 22>: 1.35ns
The critical path consists of the following:
	'phi' operation ('n.V') with incoming values : ('add_ln691_2199') [270]  (0 ns)
	'add' operation ('add_ln691_2199') [272]  (0.708 ns)
	blocking operation 0.647 ns on control path)

 <State 23>: 1.92ns
The critical path consists of the following:
	'load' operation ('u') on array 'data_split.V', ./dut.cpp:15504 [286]  (0.699 ns)
	fifo write on port 'fifo_B_PE_0_2_x171' (/home/rcslfpgaserver/Softwares/Xilinx/Vitis_HLS/2020.2/common/technology/autopilot/hls_stream_39.h:174) [287]  (1.22 ns)

 <State 24>: 0.746ns
The critical path consists of the following:
	'phi' operation ('c5.V') with incoming values : ('add_ln691_2181') [307]  (0 ns)
	'getelementptr' operation ('local_B_ping_V_0_addr') [315]  (0 ns)
	'load' operation ('in_data.V') on array 'local_B_ping.V[0]', ./dut.cpp:15386 [316]  (0.746 ns)

 <State 25>: 0.746ns
The critical path consists of the following:
	'load' operation ('in_data.V') on array 'local_B_ping.V[0]', ./dut.cpp:15386 [316]  (0.746 ns)

 <State 26>: 0.706ns
The critical path consists of the following:
	'phi' operation ('c6.V') with incoming values : ('add_ln691_2183') [319]  (0 ns)
	'add' operation ('add_ln691_2183') [320]  (0.706 ns)

 <State 27>: 0.708ns
The critical path consists of the following:
	'phi' operation ('c7.V') with incoming values : ('add_ln691_2184') [328]  (0 ns)
	'add' operation ('add_ln691_2184') [329]  (0.708 ns)

 <State 28>: 0.707ns
The critical path consists of the following:
	'phi' operation ('c8.V') with incoming values : ('add_ln691_2185') [340]  (0 ns)
	'add' operation ('add_ln691_2185') [341]  (0.707 ns)

 <State 29>: 1.35ns
The critical path consists of the following:
	'phi' operation ('n.V') with incoming values : ('add_ln691_2186') [349]  (0 ns)
	'add' operation ('add_ln691_2186') [351]  (0.708 ns)
	blocking operation 0.647 ns on control path)

 <State 30>: 1.92ns
The critical path consists of the following:
	'load' operation ('u') on array 'data_split.V', ./dut.cpp:15546 [365]  (0.699 ns)
	fifo write on port 'fifo_B_PE_0_2_x171' (/home/rcslfpgaserver/Softwares/Xilinx/Vitis_HLS/2020.2/common/technology/autopilot/hls_stream_39.h:174) [366]  (1.22 ns)


============================================================
+ Verbose Summary: Binding
============================================================
N/A
* FSMD analyzer results:
  - Output states:
 - Input state : 
  - Chain level:
	State 1
	State 2
	State 3
	State 4
	State 5
	State 6
	State 7
	State 8
	State 9
	State 10
	State 11
	State 12
	State 13
	State 14
	State 15
	State 16
	State 17
	State 18
	State 19
	State 20
	State 21
	State 22
	State 23
	State 24
	State 25
	State 26
	State 27
	State 28
	State 29
	State 30


============================================================
+ Verbose Summary: Datapath Resource usage 
============================================================
N/A
