

================================================================
== Vitis HLS Report for 'D_drain_IO_L1_out_wrapper_7_1_x1'
================================================================
* Date:           Fri Jul 15 00:33:59 2022

* Version:        2020.2 (Build 3064766 on Wed Nov 18 09:12:47 MST 2020)
* Project:        top
* Solution:       solution (Vitis Kernel Flow Target)
* Product family: virtexuplus
* Target device:  xcu250-figd2104-2L-e


================================================================
== Performance Estimates
================================================================
+ Timing: 
    * Summary: 
    +--------+---------+----------+------------+
    |  Clock |  Target | Estimated| Uncertainty|
    +--------+---------+----------+------------+
    |ap_clk  |  3.33 ns|  2.433 ns|     0.90 ns|
    +--------+---------+----------+------------+

+ Latency: 
    * Summary: 
    +---------+---------+----------+----------+-----+-------+---------+
    |  Latency (cycles) |  Latency (absolute) |   Interval  | Pipeline|
    |   min   |   max   |    min   |    max   | min |  max  |   Type  |
    +---------+---------+----------+----------+-----+-------+---------+
    |       57|    38241|  0.190 us|  0.127 ms|   57|  38241|     none|
    +---------+---------+----------+----------+-----+-------+---------+

    + Detail: 
        * Instance: 
        N/A

        * Loop: 
        +---------------------------------------------------+---------+---------+-----------+-----------+-----------+------+----------+
        |                                                   |  Latency (cycles) | Iteration |  Initiation Interval  | Trip |          |
        |                     Loop Name                     |   min   |   max   |  Latency  |  achieved |   target  | Count| Pipelined|
        +---------------------------------------------------+---------+---------+-----------+-----------+-----------+------+----------+
        |- D_drain_IO_L1_out_wrapper_7_1_x1_loop_1          |       56|    38240|  14 ~ 9560|          -|          -|     4|        no|
        | + D_drain_IO_L1_out_wrapper_7_1_x1_loop_2         |       12|     9558|   2 ~ 1593|          -|          -|     6|        no|
        |  ++ D_drain_IO_L1_out_wrapper_7_1_x1_loop_3       |     1296|     1296|        162|          -|          -|     8|        no|
        |   +++ D_drain_IO_L1_out_wrapper_7_1_x1_loop_4     |      160|      160|         10|          -|          -|    16|        no|
        |    ++++ D_drain_IO_L1_out_wrapper_7_1_x1_loop_5   |        4|        4|          1|          -|          -|     4|        no|
        |  ++ D_drain_IO_L1_out_wrapper_7_1_x1_loop_6       |      294|      294|         98|          -|          -|     3|        no|
        |   +++ D_drain_IO_L1_out_wrapper_7_1_x1_loop_7     |       96|       96|          6|          -|          -|    16|        no|
        |    ++++ D_drain_IO_L1_out_wrapper_7_1_x1_loop_8   |        4|        4|          2|          -|          -|     2|        no|
        |   +++ D_drain_IO_L1_out_wrapper_7_1_x1_loop_9     |       96|       96|          6|          -|          -|    16|        no|
        |    ++++ D_drain_IO_L1_out_wrapper_7_1_x1_loop_10  |        4|        4|          2|          -|          -|     2|        no|
        +---------------------------------------------------+---------+---------+-----------+-----------+-----------+------+----------+



================================================================
== Utilization Estimates
================================================================
* Summary: 
+---------------------+---------+-------+---------+---------+------+
|         Name        | BRAM_18K|  DSP  |    FF   |   LUT   | URAM |
+---------------------+---------+-------+---------+---------+------+
|DSP                  |        -|      -|        -|        -|     -|
|Expression           |        -|      -|        0|      236|     -|
|FIFO                 |        -|      -|        -|        -|     -|
|Instance             |        -|      -|        -|        -|     -|
|Memory               |        0|      -|      160|      162|     -|
|Multiplexer          |        -|      -|        -|      304|     -|
|Register             |        -|      -|      319|        -|     -|
+---------------------+---------+-------+---------+---------+------+
|Total                |        0|      0|      479|      702|     0|
+---------------------+---------+-------+---------+---------+------+
|Available SLR        |     1344|   3072|   864000|   432000|   320|
+---------------------+---------+-------+---------+---------+------+
|Utilization SLR (%)  |        0|      0|       ~0|       ~0|     0|
+---------------------+---------+-------+---------+---------+------+
|Available            |     5376|  12288|  3456000|  1728000|  1280|
+---------------------+---------+-------+---------+---------+------+
|Utilization (%)      |        0|      0|       ~0|       ~0|     0|
+---------------------+---------+-------+---------+---------+------+

+ Detail: 
    * Instance: 
    N/A

    * DSP: 
    N/A

    * Memory: 
    +----------------+------------------------------------------------------+---------+-----+-----+-----+------+-----+------+-------------+
    |     Memory     |                        Module                        | BRAM_18K|  FF | LUT | URAM| Words| Bits| Banks| W*Bits*Banks|
    +----------------+------------------------------------------------------+---------+-----+-----+-----+------+-----+------+-------------+
    |data_split_V_U  |D_drain_IO_L1_out_boundary_wrapper_0_x0_data_split_V  |        0|   32|   33|    0|     4|   32|     1|          128|
    |local_D_V_U     |D_drain_IO_L1_out_boundary_wrapper_0_x0_local_D_V     |        0|  128|  129|    0|    32|  128|     1|         4096|
    +----------------+------------------------------------------------------+---------+-----+-----+-----+------+-----+------+-------------+
    |Total           |                                                      |        0|  160|  162|    0|    36|  160|     2|         4224|
    +----------------+------------------------------------------------------+---------+-----+-----+-----+------+-----+------+-------------+

    * FIFO: 
    N/A

    * Expression: 
    +--------------------------+----------+----+---+----+------------+------------+
    |       Variable Name      | Operation| DSP| FF| LUT| Bitwidth P0| Bitwidth P1|
    +--------------------------+----------+----+---+----+------------+------------+
    |add_ln24791_fu_550_p2     |         +|   0|  0|  12|           5|           5|
    |add_ln691_837_fu_380_p2   |         +|   0|  0|  12|           4|           1|
    |add_ln691_838_fu_348_p2   |         +|   0|  0|  10|           3|           1|
    |add_ln691_839_fu_409_p2   |         +|   0|  0|  12|           5|           1|
    |add_ln691_840_fu_433_p2   |         +|   0|  0|  10|           3|           1|
    |add_ln691_841_fu_522_p2   |         +|   0|  0|  10|           3|           1|
    |add_ln691_842_fu_504_p2   |         +|   0|  0|  12|           5|           1|
    |add_ln691_843_fu_540_p2   |         +|   0|  0|   9|           2|           1|
    |add_ln691_844_fu_492_p2   |         +|   0|  0|  12|           5|           1|
    |add_ln691_845_fu_528_p2   |         +|   0|  0|   9|           2|           1|
    |add_ln691_fu_336_p2       |         +|   0|  0|  10|           3|           1|
    |icmp_ln870_fu_486_p2      |      icmp|   0|  0|   8|           3|           1|
    |icmp_ln878_fu_444_p2      |      icmp|   0|  0|   9|           3|           4|
    |icmp_ln890_693_fu_354_p2  |      icmp|   0|  0|   8|           3|           3|
    |icmp_ln890_694_fu_374_p2  |      icmp|   0|  0|  10|           6|           6|
    |icmp_ln890_695_fu_386_p2  |      icmp|   0|  0|   9|           4|           5|
    |icmp_ln890_696_fu_480_p2  |      icmp|   0|  0|   9|           3|           4|
    |icmp_ln890_697_fu_427_p2  |      icmp|   0|  0|  10|           5|           6|
    |icmp_ln890_698_fu_516_p2  |      icmp|   0|  0|  10|           5|           6|
    |icmp_ln890_699_fu_498_p2  |      icmp|   0|  0|  10|           5|           6|
    |icmp_ln890_700_fu_560_p2  |      icmp|   0|  0|   8|           2|           3|
    |icmp_ln890_701_fu_534_p2  |      icmp|   0|  0|   8|           2|           3|
    |icmp_ln890_fu_342_p2      |      icmp|   0|  0|   9|           3|           4|
    |ap_block_state1           |        or|   0|  0|   2|           1|           1|
    |ap_block_state14          |        or|   0|  0|   2|           1|           1|
    |ret_fu_368_p2             |        or|   0|  0|   6|           6|           3|
    +--------------------------+----------+----+---+----+------------+------------+
    |Total                     |          |   0|  0| 236|          92|          71|
    +--------------------------+----------+----+---+----+------------+------------+

    * Multiplexer: 
    +------------------------------------------------+----+-----------+-----+-----------+
    |                      Name                      | LUT| Input Size| Bits| Total Bits|
    +------------------------------------------------+----+-----------+-----+-----------+
    |ap_NS_fsm                                       |  81|         17|    1|         17|
    |ap_done                                         |   9|          2|    1|          2|
    |c0_V_reg_216                                    |   9|          2|    3|          6|
    |c1_V_reg_227                                    |   9|          2|    3|          6|
    |c4_V_reg_280                                    |   9|          2|    3|          6|
    |c5_V_17_reg_292                                 |   9|          2|    5|         10|
    |c5_V_reg_303                                    |   9|          2|    5|         10|
    |c6_V_81_reg_314                                 |   9|          2|    2|          4|
    |c6_V_reg_325                                    |   9|          2|    2|          4|
    |c7_V_reg_238                                    |   9|          2|    4|          8|
    |c8_V_reg_249                                    |   9|          2|    5|         10|
    |data_split_V_address0                           |  26|          5|    2|         10|
    |data_split_V_address1                           |  14|          3|    2|          6|
    |data_split_V_d0                                 |  14|          3|   32|         96|
    |fifo_D_drain_D_drain_IO_L1_out_7_1_x1202_blk_n  |   9|          2|    1|          2|
    |fifo_D_drain_D_drain_IO_L1_out_7_1_x1202_din    |  14|          3|  128|        384|
    |fifo_D_drain_D_drain_IO_L1_out_7_2_x1203_blk_n  |   9|          2|    1|          2|
    |fifo_D_drain_PE_1_7_x1170_blk_n                 |   9|          2|    1|          2|
    |local_D_V_address0                              |  20|          4|    5|         20|
    |n_V_reg_260                                     |   9|          2|    3|          6|
    |p_Val2_s_reg_271                                |   9|          2|  128|        256|
    +------------------------------------------------+----+-----------+-----+-----------+
    |Total                                           | 304|         65|  337|        867|
    +------------------------------------------------+----+-----------+-----+-----------+

    * Register: 
    +------------------------------+-----+----+-----+-----------+
    |             Name             |  FF | LUT| Bits| Const Bits|
    +------------------------------+-----+----+-----+-----------+
    |add_ln691_837_reg_606         |    4|   0|    4|          0|
    |add_ln691_838_reg_594         |    3|   0|    3|          0|
    |add_ln691_839_reg_624         |    5|   0|    5|          0|
    |add_ln691_842_reg_685         |    5|   0|    5|          0|
    |add_ln691_843_reg_711         |    2|   0|    2|          0|
    |add_ln691_844_reg_677         |    5|   0|    5|          0|
    |add_ln691_845_reg_703         |    2|   0|    2|          0|
    |add_ln691_reg_586             |    3|   0|    3|          0|
    |ap_CS_fsm                     |   16|   0|   16|          0|
    |ap_done_reg                   |    1|   0|    1|          0|
    |c0_V_reg_216                  |    3|   0|    3|          0|
    |c1_V_reg_227                  |    3|   0|    3|          0|
    |c4_V_reg_280                  |    3|   0|    3|          0|
    |c5_V_17_reg_292               |    5|   0|    5|          0|
    |c5_V_reg_303                  |    5|   0|    5|          0|
    |c6_V_81_reg_314               |    2|   0|    2|          0|
    |c6_V_reg_325                  |    2|   0|    2|          0|
    |c7_V_reg_238                  |    4|   0|    4|          0|
    |c8_V_reg_249                  |    5|   0|    5|          0|
    |data_split_V_addr_14_reg_619  |    2|   0|    2|          0|
    |icmp_ln870_reg_673            |    1|   0|    1|          0|
    |icmp_ln890_694_reg_602        |    1|   0|    1|          0|
    |local_D_V_addr_reg_629        |    5|   0|    5|          0|
    |n_V_reg_260                   |    3|   0|    3|          0|
    |p_Val2_s_reg_271              |  128|   0|  128|          0|
    |shl_ln890_reg_690             |    4|   0|    5|          1|
    |tmp_229_reg_637               |   32|   0|   32|          0|
    |tmp_reg_614                   |    1|   0|    1|          0|
    |v2_V_1619_reg_665             |   32|   0|   32|          0|
    |v2_V_reg_660                  |   32|   0|   32|          0|
    +------------------------------+-----+----+-----+-----------+
    |Total                         |  319|   0|  320|          1|
    +------------------------------+-----+----+-----+-----------+



================================================================
== Interface
================================================================
* Summary: 
+--------------------------------------------------+-----+-----+------------+------------------------------------------+--------------+
|                     RTL Ports                    | Dir | Bits|  Protocol  |               Source Object              |    C Type    |
+--------------------------------------------------+-----+-----+------------+------------------------------------------+--------------+
|ap_clk                                            |   in|    1|  ap_ctrl_hs|          D_drain_IO_L1_out_wrapper_7_1_x1|  return value|
|ap_rst                                            |   in|    1|  ap_ctrl_hs|          D_drain_IO_L1_out_wrapper_7_1_x1|  return value|
|ap_start                                          |   in|    1|  ap_ctrl_hs|          D_drain_IO_L1_out_wrapper_7_1_x1|  return value|
|ap_done                                           |  out|    1|  ap_ctrl_hs|          D_drain_IO_L1_out_wrapper_7_1_x1|  return value|
|ap_continue                                       |   in|    1|  ap_ctrl_hs|          D_drain_IO_L1_out_wrapper_7_1_x1|  return value|
|ap_idle                                           |  out|    1|  ap_ctrl_hs|          D_drain_IO_L1_out_wrapper_7_1_x1|  return value|
|ap_ready                                          |  out|    1|  ap_ctrl_hs|          D_drain_IO_L1_out_wrapper_7_1_x1|  return value|
|fifo_D_drain_D_drain_IO_L1_out_7_2_x1203_dout     |   in|  128|     ap_fifo|  fifo_D_drain_D_drain_IO_L1_out_7_2_x1203|       pointer|
|fifo_D_drain_D_drain_IO_L1_out_7_2_x1203_empty_n  |   in|    1|     ap_fifo|  fifo_D_drain_D_drain_IO_L1_out_7_2_x1203|       pointer|
|fifo_D_drain_D_drain_IO_L1_out_7_2_x1203_read     |  out|    1|     ap_fifo|  fifo_D_drain_D_drain_IO_L1_out_7_2_x1203|       pointer|
|fifo_D_drain_D_drain_IO_L1_out_7_1_x1202_din      |  out|  128|     ap_fifo|  fifo_D_drain_D_drain_IO_L1_out_7_1_x1202|       pointer|
|fifo_D_drain_D_drain_IO_L1_out_7_1_x1202_full_n   |   in|    1|     ap_fifo|  fifo_D_drain_D_drain_IO_L1_out_7_1_x1202|       pointer|
|fifo_D_drain_D_drain_IO_L1_out_7_1_x1202_write    |  out|    1|     ap_fifo|  fifo_D_drain_D_drain_IO_L1_out_7_1_x1202|       pointer|
|fifo_D_drain_PE_1_7_x1170_dout                    |   in|   32|     ap_fifo|                 fifo_D_drain_PE_1_7_x1170|       pointer|
|fifo_D_drain_PE_1_7_x1170_empty_n                 |   in|    1|     ap_fifo|                 fifo_D_drain_PE_1_7_x1170|       pointer|
|fifo_D_drain_PE_1_7_x1170_read                    |  out|    1|     ap_fifo|                 fifo_D_drain_PE_1_7_x1170|       pointer|
+--------------------------------------------------+-----+-----+------------+------------------------------------------+--------------+

