

================================================================
== Vitis HLS Report for 'A_IO_L2_in_8_x0'
================================================================
* Date:           Sat Sep 17 09:32:36 2022

* Version:        2020.2 (Build 3064766 on Wed Nov 18 09:12:47 MST 2020)
* Project:        top
* Solution:       solution (Vitis Kernel Flow Target)
* Product family: virtexuplus
* Target device:  xcu250-figd2104-2L-e


================================================================
== Performance Estimates
================================================================
+ Timing: 
    * Summary: 
    +--------+---------+----------+------------+
    |  Clock |  Target | Estimated| Uncertainty|
    +--------+---------+----------+------------+
    |ap_clk  |  3.33 ns|  2.433 ns|     0.90 ns|
    +--------+---------+----------+------------+

+ Latency: 
    * Summary: 
    +---------+---------+----------+----------+-------+-------+---------+
    |  Latency (cycles) |  Latency (absolute) |    Interval   | Pipeline|
    |   min   |   max   |    min   |    max   |  min  |  max  |   Type  |
    +---------+---------+----------+----------+-------+-------+---------+
    |    35332|    35332|  0.118 ms|  0.118 ms|  35332|  35332|     none|
    +---------+---------+----------+----------+-------+-------+---------+

    + Detail: 
        * Instance: 
        N/A

        * Loop: 
        +------------------------------------------------------------------------+---------+---------+----------+-----------+-----------+------+----------+
        |                                                                        |  Latency (cycles) | Iteration|  Initiation Interval  | Trip |          |
        |                                Loop Name                               |   min   |   max   |  Latency |  achieved |   target  | Count| Pipelined|
        +------------------------------------------------------------------------+---------+---------+----------+-----------+-----------+------+----------+
        |- A_IO_L2_in_8_x0_loop_1_A_IO_L2_in_8_x0_loop_2_A_IO_L2_in_8_x0_loop_3  |     2560|     2560|         2|          1|          1|  2560|       yes|
        |- A_IO_L2_in_8_x0_loop_4_A_IO_L2_in_8_x0_loop_5                         |    32768|    32768|        17|         16|         16|  2048|       yes|
        +------------------------------------------------------------------------+---------+---------+----------+-----------+-----------+------+----------+



================================================================
== Utilization Estimates
================================================================
* Summary: 
+---------------------+---------+-------+---------+---------+------+
|         Name        | BRAM_18K|  DSP  |    FF   |   LUT   | URAM |
+---------------------+---------+-------+---------+---------+------+
|DSP                  |        -|      -|        -|        -|     -|
|Expression           |        -|      -|        0|      387|     -|
|FIFO                 |        -|      -|        -|        -|     -|
|Instance             |        -|      -|        -|        -|     -|
|Memory               |        8|      -|        0|        0|     -|
|Multiplexer          |        -|      -|        -|      453|     -|
|Register             |        -|      -|     2193|        -|     -|
+---------------------+---------+-------+---------+---------+------+
|Total                |        8|      0|     2193|      840|     0|
+---------------------+---------+-------+---------+---------+------+
|Available SLR        |     1344|   3072|   864000|   432000|   320|
+---------------------+---------+-------+---------+---------+------+
|Utilization SLR (%)  |       ~0|      0|       ~0|       ~0|     0|
+---------------------+---------+-------+---------+---------+------+
|Available            |     5376|  12288|  3456000|  1728000|  1280|
+---------------------+---------+-------+---------+---------+------+
|Utilization (%)      |       ~0|      0|       ~0|       ~0|     0|
+---------------------+---------+-------+---------+---------+------+

+ Detail: 
    * Instance: 
    N/A

    * DSP: 
    N/A

    * Memory: 
    +------------------+--------------------------------+---------+---+----+-----+------+-----+------+-------------+
    |      Memory      |             Module             | BRAM_18K| FF| LUT| URAM| Words| Bits| Banks| W*Bits*Banks|
    +------------------+--------------------------------+---------+---+----+-----+------+-----+------+-------------+
    |local_A_pong_V_U  |A_IO_L2_in_0_x0_local_A_pong_V  |        8|  0|   0|    0|   512|  256|     1|       131072|
    +------------------+--------------------------------+---------+---+----+-----+------+-----+------+-------------+
    |Total             |                                |        8|  0|   0|    0|   512|  256|     1|       131072|
    +------------------+--------------------------------+---------+---+----+-----+------+-----+------+-------------+

    * FIFO: 
    N/A

    * Expression: 
    +-----------------------------------+----------+----+---+----+------------+------------+
    |           Variable Name           | Operation| DSP| FF| LUT| Bitwidth P0| Bitwidth P1|
    +-----------------------------------+----------+----+---+----+------------+------------+
    |add_ln528_fu_531_p2                |         +|   0|  0|  16|           9|           9|
    |add_ln545_1_fu_638_p2              |         +|   0|  0|  15|           8|           7|
    |add_ln545_2_fu_657_p2              |         +|   0|  0|  15|           8|           8|
    |add_ln545_3_fu_678_p2              |         +|   0|  0|  16|           9|           8|
    |add_ln545_4_fu_697_p2              |         +|   0|  0|  16|           9|           9|
    |add_ln545_5_fu_715_p2              |         +|   0|  0|  16|           9|           9|
    |add_ln545_fu_627_p2                |         +|   0|  0|  14|           7|           6|
    |add_ln691_691_fu_467_p2            |         +|   0|  0|  12|           5|           1|
    |add_ln691_692_fu_573_p2            |         +|   0|  0|  13|           6|           1|
    |add_ln691_693_fu_607_p2            |         +|   0|  0|  14|           7|           1|
    |add_ln691_694_fu_537_p2            |         +|   0|  0|  13|           6|           1|
    |add_ln691_fu_401_p2                |         +|   0|  0|  12|           4|           1|
    |add_ln890_199_fu_543_p2            |         +|   0|  0|  18|          11|           1|
    |add_ln890_200_fu_389_p2            |         +|   0|  0|  19|          12|           1|
    |add_ln890_fu_561_p2                |         +|   0|  0|  19|          12|           1|
    |and_ln519_fu_453_p2                |       and|   0|  0|   2|           1|           1|
    |ap_block_pp0_stage0_01001          |       and|   0|  0|   2|           1|           1|
    |ap_block_pp1_stage0_01001          |       and|   0|  0|   2|           1|           1|
    |ap_block_pp1_stage10_01001         |       and|   0|  0|   2|           1|           1|
    |ap_block_state10_pp1_stage5_iter0  |       and|   0|  0|   2|           1|           1|
    |cmp_i_i72138_fu_427_p2             |      icmp|   0|  0|   9|           4|           5|
    |cmp_i_i72_mid1_fu_421_p2           |      icmp|   0|  0|   9|           4|           5|
    |icmp_ln890146_fu_447_p2            |      icmp|   0|  0|  10|           6|           7|
    |icmp_ln890_550_fu_407_p2           |      icmp|   0|  0|  11|          11|          10|
    |icmp_ln890_551_fu_567_p2           |      icmp|   0|  0|  12|          12|          13|
    |icmp_ln890_552_fu_579_p2           |      icmp|   0|  0|  11|           7|           8|
    |icmp_ln890_fu_395_p2               |      icmp|   0|  0|  12|          12|          12|
    |ap_block_state1                    |        or|   0|  0|   2|           1|           1|
    |ap_block_state3_pp0_stage0_iter1   |        or|   0|  0|   2|           1|           1|
    |or_ln890_fu_473_p2                 |        or|   0|  0|   2|           1|           1|
    |select_ln519_1_fu_433_p3           |    select|   0|  0|   2|           1|           1|
    |select_ln519_2_fu_495_p3           |    select|   0|  0|   4|           1|           1|
    |select_ln519_fu_413_p3             |    select|   0|  0|   5|           1|           1|
    |select_ln691_fu_613_p3             |    select|   0|  0|   7|           1|           1|
    |select_ln890_494_fu_479_p3         |    select|   0|  0|   6|           1|           1|
    |select_ln890_495_fu_503_p3         |    select|   0|  0|   4|           1|           4|
    |select_ln890_496_fu_519_p3         |    select|   0|  0|   5|           1|           5|
    |select_ln890_497_fu_585_p3         |    select|   0|  0|   6|           1|           6|
    |select_ln890_498_fu_549_p3         |    select|   0|  0|  11|           1|           1|
    |select_ln890_fu_459_p3             |    select|   0|  0|   4|           1|           4|
    |ap_enable_pp0                      |       xor|   0|  0|   2|           1|           2|
    |ap_enable_pp1                      |       xor|   0|  0|   2|           1|           2|
    |ap_enable_reg_pp0_iter1            |       xor|   0|  0|   2|           2|           1|
    |xor_ln519_fu_441_p2                |       xor|   0|  0|   2|           1|           2|
    |xor_ln545_fu_749_p2                |       xor|   0|  0|   7|           6|           7|
    +-----------------------------------+----------+----+---+----+------------+------------+
    |Total                              |          |   0|  0| 387|         207|         171|
    +-----------------------------------+----------+----+---+----+------------+------------+

    * Multiplexer: 
    +-------------------------------------------+-----+-----------+-----+-----------+
    |                    Name                   | LUT | Input Size| Bits| Total Bits|
    +-------------------------------------------+-----+-----------+-----+-----------+
    |ap_NS_fsm                                  |  102|         21|    1|         21|
    |ap_done                                    |    9|          2|    1|          2|
    |ap_enable_reg_pp0_iter1                    |   14|          3|    1|          3|
    |ap_enable_reg_pp1_iter1                    |    9|          2|    1|          2|
    |ap_phi_mux_c5_V_phi_fu_347_p4              |    9|          2|    6|         12|
    |ap_phi_mux_c6_V_phi_fu_358_p4              |    9|          2|    7|         14|
    |ap_phi_mux_indvar_flatten37_phi_fu_336_p4  |    9|          2|   12|         24|
    |c3_V_reg_288                               |    9|          2|    4|          8|
    |c4_V_reg_310                               |    9|          2|    5|         10|
    |c5_V_15_reg_321                            |    9|          2|    6|         12|
    |c5_V_reg_343                               |    9|          2|    6|         12|
    |c6_V_reg_354                               |    9|          2|    7|         14|
    |fifo_A_A_IO_L2_in_8_x09_blk_n              |    9|          2|    1|          2|
    |fifo_A_A_IO_L2_in_9_x010_blk_n             |    9|          2|    1|          2|
    |fifo_A_PE_8_0_x040_blk_n                   |    9|          2|    1|          2|
    |fifo_A_PE_8_0_x040_din                     |   54|         10|  256|       2560|
    |indvar_flatten13_reg_277                   |    9|          2|   12|         24|
    |indvar_flatten37_reg_332                   |    9|          2|   12|         24|
    |indvar_flatten_reg_299                     |    9|          2|   11|         22|
    |local_A_pong_V_address0                    |   49|          9|    9|         81|
    |local_A_pong_V_address1                    |   54|         10|    9|         90|
    |reg_365                                    |    9|          2|  256|        512|
    |reg_371                                    |    9|          2|  256|        512|
    |reg_377                                    |    9|          2|  256|        512|
    |reg_383                                    |    9|          2|  256|        512|
    +-------------------------------------------+-----+-----------+-----+-----------+
    |Total                                      |  453|         93| 1393|       4989|
    +-------------------------------------------+-----+-----------+-----+-----------+

    * Register: 
    +--------------------------------+-----+----+-----+-----------+
    |              Name              |  FF | LUT| Bits| Const Bits|
    +--------------------------------+-----+----+-----+-----------+
    |add_ln528_reg_786               |    9|   0|    9|          0|
    |add_ln545_2_reg_860             |    8|   0|    8|          0|
    |add_ln890_reg_801               |   12|   0|   12|          0|
    |ap_CS_fsm                       |   20|   0|   20|          0|
    |ap_done_reg                     |    1|   0|    1|          0|
    |ap_enable_reg_pp0_iter0         |    1|   0|    1|          0|
    |ap_enable_reg_pp0_iter1         |    1|   0|    1|          0|
    |ap_enable_reg_pp1_iter0         |    1|   0|    1|          0|
    |ap_enable_reg_pp1_iter1         |    1|   0|    1|          0|
    |c3_V_reg_288                    |    4|   0|    4|          0|
    |c4_V_reg_310                    |    5|   0|    5|          0|
    |c5_V_15_reg_321                 |    6|   0|    6|          0|
    |c5_V_reg_343                    |    6|   0|    6|          0|
    |c6_V_reg_354                    |    7|   0|    7|          0|
    |icmp_ln890_551_reg_806          |    1|   0|    1|          0|
    |icmp_ln890_reg_768              |    1|   0|    1|          0|
    |indvar_flatten13_reg_277        |   12|   0|   12|          0|
    |indvar_flatten37_reg_332        |   12|   0|   12|          0|
    |indvar_flatten_reg_299          |   11|   0|   11|          0|
    |local_A_pong_V_load_11_reg_921  |  256|   0|  256|          0|
    |local_A_pong_V_load_13_reg_936  |  256|   0|  256|          0|
    |local_A_pong_V_load_15_reg_941  |  256|   0|  256|          0|
    |local_A_pong_V_load_9_reg_906   |  256|   0|  256|          0|
    |reg_365                         |  256|   0|  256|          0|
    |reg_371                         |  256|   0|  256|          0|
    |reg_377                         |  256|   0|  256|          0|
    |reg_383                         |  256|   0|  256|          0|
    |select_ln519_1_reg_772          |    1|   0|    1|          0|
    |select_ln691_reg_835            |    7|   0|    7|          0|
    |select_ln890_497_reg_810        |    6|   0|    6|          0|
    |zext_ln545_1_reg_840            |    6|   0|    8|          2|
    |zext_ln545_reg_870              |    6|   0|    9|          3|
    +--------------------------------+-----+----+-----+-----------+
    |Total                           | 2193|   0| 2198|          5|
    +--------------------------------+-----+----+-----+-----------+



================================================================
== Interface
================================================================
* Summary: 
+---------------------------------+-----+-----+------------+--------------------------+--------------+
|            RTL Ports            | Dir | Bits|  Protocol  |       Source Object      |    C Type    |
+---------------------------------+-----+-----+------------+--------------------------+--------------+
|ap_clk                           |   in|    1|  ap_ctrl_hs|           A_IO_L2_in_8_x0|  return value|
|ap_rst                           |   in|    1|  ap_ctrl_hs|           A_IO_L2_in_8_x0|  return value|
|ap_start                         |   in|    1|  ap_ctrl_hs|           A_IO_L2_in_8_x0|  return value|
|ap_done                          |  out|    1|  ap_ctrl_hs|           A_IO_L2_in_8_x0|  return value|
|ap_continue                      |   in|    1|  ap_ctrl_hs|           A_IO_L2_in_8_x0|  return value|
|ap_idle                          |  out|    1|  ap_ctrl_hs|           A_IO_L2_in_8_x0|  return value|
|ap_ready                         |  out|    1|  ap_ctrl_hs|           A_IO_L2_in_8_x0|  return value|
|fifo_A_A_IO_L2_in_8_x09_dout     |   in|  256|     ap_fifo|   fifo_A_A_IO_L2_in_8_x09|       pointer|
|fifo_A_A_IO_L2_in_8_x09_empty_n  |   in|    1|     ap_fifo|   fifo_A_A_IO_L2_in_8_x09|       pointer|
|fifo_A_A_IO_L2_in_8_x09_read     |  out|    1|     ap_fifo|   fifo_A_A_IO_L2_in_8_x09|       pointer|
|fifo_A_A_IO_L2_in_9_x010_din     |  out|  256|     ap_fifo|  fifo_A_A_IO_L2_in_9_x010|       pointer|
|fifo_A_A_IO_L2_in_9_x010_full_n  |   in|    1|     ap_fifo|  fifo_A_A_IO_L2_in_9_x010|       pointer|
|fifo_A_A_IO_L2_in_9_x010_write   |  out|    1|     ap_fifo|  fifo_A_A_IO_L2_in_9_x010|       pointer|
|fifo_A_PE_8_0_x040_din           |  out|  256|     ap_fifo|        fifo_A_PE_8_0_x040|       pointer|
|fifo_A_PE_8_0_x040_full_n        |   in|    1|     ap_fifo|        fifo_A_PE_8_0_x040|       pointer|
|fifo_A_PE_8_0_x040_write         |  out|    1|     ap_fifo|        fifo_A_PE_8_0_x040|       pointer|
+---------------------------------+-----+-----+------------+--------------------------+--------------+

