

================================================================
== Vitis HLS Report for 'B_IO_L3_in_serialize_x1'
================================================================
* Date:           Sun Sep 18 13:59:06 2022

* Version:        2020.2 (Build 3064766 on Wed Nov 18 09:12:47 MST 2020)
* Project:        top
* Solution:       solution (Vitis Kernel Flow Target)
* Product family: virtexuplus
* Target device:  xcu250-figd2104-2L-e


================================================================
== Performance Estimates
================================================================
+ Timing: 
    * Summary: 
    +--------+---------+----------+------------+
    |  Clock |  Target | Estimated| Uncertainty|
    +--------+---------+----------+------------+
    |ap_clk  |  3.33 ns|  1.645 ns|     0.90 ns|
    +--------+---------+----------+------------+

+ Latency: 
    * Summary: 
    +---------+---------+-----------+-----------+------+------+---------+
    |  Latency (cycles) |   Latency (absolute)  |   Interval  | Pipeline|
    |   min   |   max   |    min    |    max    |  min |  max |   Type  |
    +---------+---------+-----------+-----------+------+------+---------+
    |     6145|     6145|  20.481 us|  20.481 us|  6145|  6145|     none|
    +---------+---------+-----------+-----------+------+------+---------+

    + Detail: 
        * Instance: 
        N/A

        * Loop: 
        +-----------------------------------+---------+---------+----------+-----------+-----------+------+----------+
        |                                   |  Latency (cycles) | Iteration|  Initiation Interval  | Trip |          |
        |             Loop Name             |   min   |   max   |  Latency |  achieved |   target  | Count| Pipelined|
        +-----------------------------------+---------+---------+----------+-----------+-----------+------+----------+
        |- B_IO_L3_in_serialize_x1_loop_1   |     6144|     6144|         6|          -|          -|  1024|        no|
        | + B_IO_L3_in_serialize_x1_loop_2  |        2|        2|         2|          1|          1|     2|       yes|
        +-----------------------------------+---------+---------+----------+-----------+-----------+------+----------+



================================================================
== Utilization Estimates
================================================================
* Summary: 
+---------------------+---------+-------+---------+---------+------+
|         Name        | BRAM_18K|  DSP  |    FF   |   LUT   | URAM |
+---------------------+---------+-------+---------+---------+------+
|DSP                  |        -|      -|        -|        -|     -|
|Expression           |        -|      -|        0|       57|     -|
|FIFO                 |        -|      -|        -|        -|     -|
|Instance             |        -|      -|        -|        -|     -|
|Memory               |        -|      -|        -|        -|     -|
|Multiplexer          |        -|      -|        -|       90|     -|
|Register             |        -|      -|      152|        -|     -|
+---------------------+---------+-------+---------+---------+------+
|Total                |        0|      0|      152|      147|     0|
+---------------------+---------+-------+---------+---------+------+
|Available SLR        |     1344|   3072|   864000|   432000|   320|
+---------------------+---------+-------+---------+---------+------+
|Utilization SLR (%)  |        0|      0|       ~0|       ~0|     0|
+---------------------+---------+-------+---------+---------+------+
|Available            |     5376|  12288|  3456000|  1728000|  1280|
+---------------------+---------+-------+---------+---------+------+
|Utilization (%)      |        0|      0|       ~0|       ~0|     0|
+---------------------+---------+-------+---------+---------+------+

+ Detail: 
    * Instance: 
    N/A

    * DSP: 
    N/A

    * Memory: 
    N/A

    * FIFO: 
    N/A

    * Expression: 
    +----------------------------------+----------+----+---+----+------------+------------+
    |           Variable Name          | Operation| DSP| FF| LUT| Bitwidth P0| Bitwidth P1|
    +----------------------------------+----------+----+---+----+------------+------------+
    |add_ln691_fu_117_p2               |         +|   0|  0|   9|           2|           1|
    |i_V_4_fu_100_p2                   |         +|   0|  0|  18|          11|           1|
    |ap_block_pp0_stage0_01001         |       and|   0|  0|   2|           1|           1|
    |ap_block_state5_pp0_stage0_iter1  |       and|   0|  0|   2|           1|           1|
    |icmp_ln878_65_fu_123_p2           |      icmp|   0|  0|   8|           2|           3|
    |icmp_ln878_fu_106_p2              |      icmp|   0|  0|  12|          11|          12|
    |ap_block_state1                   |        or|   0|  0|   2|           1|           1|
    |ap_enable_pp0                     |       xor|   0|  0|   2|           1|           2|
    |ap_enable_reg_pp0_iter1           |       xor|   0|  0|   2|           2|           1|
    +----------------------------------+----------+----+---+----+------------+------------+
    |Total                             |          |   0|  0|  57|          32|          23|
    +----------------------------------+----------+----+---+----+------------+------------+

    * Multiplexer: 
    +---------------------------------------+----+-----------+-----+-----------+
    |                  Name                 | LUT| Input Size| Bits| Total Bits|
    +---------------------------------------+----+-----------+-----+-----------+
    |ap_NS_fsm                              |  31|          6|    1|          6|
    |ap_done                                |   9|          2|    1|          2|
    |ap_enable_reg_pp0_iter1                |  14|          3|    1|          3|
    |fifo_B_B_IO_L3_in_serialize_x12_blk_n  |   9|          2|    1|          2|
    |i_V_reg_66                             |   9|          2|   11|         22|
    |p_V_reg_77                             |   9|          2|    2|          4|
    |p_Val2_s_reg_88                        |   9|          2|  119|        238|
    +---------------------------------------+----+-----------+-----+-----------+
    |Total                                  |  90|         19|  136|        277|
    +---------------------------------------+----+-----------+-----+-----------+

    * Register: 
    +-------------------------+-----+----+-----+-----------+
    |           Name          |  FF | LUT| Bits| Const Bits|
    +-------------------------+-----+----+-----+-----------+
    |ap_CS_fsm                |    5|   0|    5|          0|
    |ap_done_reg              |    1|   0|    1|          0|
    |ap_enable_reg_pp0_iter0  |    1|   0|    1|          0|
    |ap_enable_reg_pp0_iter1  |    1|   0|    1|          0|
    |i_V_4_reg_134            |   11|   0|   11|          0|
    |i_V_reg_66               |   11|   0|   11|          0|
    |icmp_ln878_65_reg_157    |    1|   0|    1|          0|
    |p_V_reg_77               |    2|   0|    2|          0|
    |p_Val2_s_reg_88          |  119|   0|  119|          0|
    +-------------------------+-----+----+-----+-----------+
    |Total                    |  152|   0|  152|          0|
    +-------------------------+-----+----+-----+-----------+



================================================================
== Interface
================================================================
* Summary: 
+----------------------------------------+-----+-----+------------+---------------------------------+--------------+
|                RTL Ports               | Dir | Bits|  Protocol  |          Source Object          |    C Type    |
+----------------------------------------+-----+-----+------------+---------------------------------+--------------+
|ap_clk                                  |   in|    1|  ap_ctrl_hs|          B_IO_L3_in_serialize_x1|  return value|
|ap_rst                                  |   in|    1|  ap_ctrl_hs|          B_IO_L3_in_serialize_x1|  return value|
|ap_start                                |   in|    1|  ap_ctrl_hs|          B_IO_L3_in_serialize_x1|  return value|
|ap_done                                 |  out|    1|  ap_ctrl_hs|          B_IO_L3_in_serialize_x1|  return value|
|ap_continue                             |   in|    1|  ap_ctrl_hs|          B_IO_L3_in_serialize_x1|  return value|
|ap_idle                                 |  out|    1|  ap_ctrl_hs|          B_IO_L3_in_serialize_x1|  return value|
|ap_ready                                |  out|    1|  ap_ctrl_hs|          B_IO_L3_in_serialize_x1|  return value|
|fifo_B_B_IO_L3_in_serialize_x12_din     |  out|  256|     ap_fifo|  fifo_B_B_IO_L3_in_serialize_x12|       pointer|
|fifo_B_B_IO_L3_in_serialize_x12_full_n  |   in|    1|     ap_fifo|  fifo_B_B_IO_L3_in_serialize_x12|       pointer|
|fifo_B_B_IO_L3_in_serialize_x12_write   |  out|    1|     ap_fifo|  fifo_B_B_IO_L3_in_serialize_x12|       pointer|
|B_address0                              |  out|   12|   ap_memory|                                B|         array|
|B_ce0                                   |  out|    1|   ap_memory|                                B|         array|
|B_q0                                    |   in|  119|   ap_memory|                                B|         array|
+----------------------------------------+-----+-----+------------+---------------------------------+--------------+

