

================================================================
== Vitis HLS Report for 'A_IO_L2_in_boundary_x0'
================================================================
* Date:           Thu Sep 15 17:06:20 2022

* Version:        2020.2 (Build 3064766 on Wed Nov 18 09:12:47 MST 2020)
* Project:        top
* Solution:       solution (Vitis Kernel Flow Target)
* Product family: virtexuplus
* Target device:  xcu250-figd2104-2L-e


================================================================
== Performance Estimates
================================================================
+ Timing: 
    * Summary: 
    +--------+---------+----------+------------+
    |  Clock |  Target | Estimated| Uncertainty|
    +--------+---------+----------+------------+
    |ap_clk  |  3.33 ns|  1.963 ns|     0.90 ns|
    +--------+---------+----------+------------+

+ Latency: 
    * Summary: 
    +---------+---------+----------+----------+--------+---------+---------+
    |  Latency (cycles) |  Latency (absolute) |     Interval     | Pipeline|
    |   min   |   max   |    min   |    max   |   min  |   max   |   Type  |
    +---------+---------+----------+----------+--------+---------+---------+
    |   156338|  1335986|  0.521 ms|  4.453 ms|  156338|  1335986|     none|
    +---------+---------+----------+----------+--------+---------+---------+

    + Detail: 
        * Instance: 
        N/A

        * Loop: 
        +-----------------------------------------+---------+---------+--------------+-----------+-----------+------+----------+
        |                                         |  Latency (cycles) |   Iteration  |  Initiation Interval  | Trip |          |
        |                Loop Name                |   min   |   max   |    Latency   |  achieved |   target  | Count| Pipelined|
        +-----------------------------------------+---------+---------+--------------+-----------+-----------+------+----------+
        |- A_IO_L2_in_boundary_x0_loop_1          |   156192|  1335840|  9762 ~ 83490|          -|          -|    16|        no|
        | + A_IO_L2_in_boundary_x0_loop_2         |     9760|    83488|    610 ~ 5218|          -|          -|    16|        no|
        |  ++ A_IO_L2_in_boundary_x0_loop_3       |      608|     5216|      19 ~ 163|          -|          -|    32|        no|
        |   +++ A_IO_L2_in_boundary_x0_loop_5     |       16|       16|             2|          -|          -|     8|        no|
        |   +++ A_IO_L2_in_boundary_x0_loop_6     |      144|      144|            18|          -|          -|     8|        no|
        |    ++++ A_IO_L2_in_boundary_x0_loop_7   |       16|       16|             2|          -|          -|     8|        no|
        |   +++ A_IO_L2_in_boundary_x0_loop_9     |       16|       16|             2|          -|          -|     8|        no|
        |   +++ A_IO_L2_in_boundary_x0_loop_10    |      144|      144|            18|          -|          -|     8|        no|
        |    ++++ A_IO_L2_in_boundary_x0_loop_11  |       16|       16|             2|          -|          -|     8|        no|
        |- A_IO_L2_in_boundary_x0_loop_12         |      144|      144|            18|          -|          -|     8|        no|
        | + A_IO_L2_in_boundary_x0_loop_13        |       16|       16|             2|          -|          -|     8|        no|
        +-----------------------------------------+---------+---------+--------------+-----------+-----------+------+----------+



================================================================
== Utilization Estimates
================================================================
* Summary: 
+---------------------+---------+-------+---------+---------+------+
|         Name        | BRAM_18K|  DSP  |    FF   |   LUT   | URAM |
+---------------------+---------+-------+---------+---------+------+
|DSP                  |        -|      -|        -|        -|     -|
|Expression           |        -|      -|        0|      239|     -|
|FIFO                 |        -|      -|        -|        -|     -|
|Instance             |        -|      -|        -|        -|     -|
|Memory               |        0|      -|      512|      514|     -|
|Multiplexer          |        -|      -|        -|      282|     -|
|Register             |        -|      -|      125|        -|     -|
+---------------------+---------+-------+---------+---------+------+
|Total                |        0|      0|      637|     1035|     0|
+---------------------+---------+-------+---------+---------+------+
|Available SLR        |     1344|   3072|   864000|   432000|   320|
+---------------------+---------+-------+---------+---------+------+
|Utilization SLR (%)  |        0|      0|       ~0|       ~0|     0|
+---------------------+---------+-------+---------+---------+------+
|Available            |     5376|  12288|  3456000|  1728000|  1280|
+---------------------+---------+-------+---------+---------+------+
|Utilization (%)      |        0|      0|       ~0|       ~0|     0|
+---------------------+---------+-------+---------+---------+------+

+ Detail: 
    * Instance: 
    N/A

    * DSP: 
    N/A

    * Memory: 
    +--------------------+-----------------------------------------+---------+-----+-----+-----+------+-----+------+-------------+
    |       Memory       |                  Module                 | BRAM_18K|  FF | LUT | URAM| Words| Bits| Banks| W*Bits*Banks|
    +--------------------+-----------------------------------------+---------+-----+-----+-----+------+-----+------+-------------+
    |local_A_ping_V_0_U  |A_IO_L2_in_boundary_x0_local_A_ping_V_0  |        0|  256|  257|    0|     8|  512|     1|         4096|
    |local_A_pong_V_0_U  |A_IO_L2_in_boundary_x0_local_A_ping_V_0  |        0|  256|  257|    0|     8|  512|     1|         4096|
    +--------------------+-----------------------------------------+---------+-----+-----+-----+------+-----+------+-------------+
    |Total               |                                         |        0|  512|  514|    0|    16| 1024|     2|         8192|
    +--------------------+-----------------------------------------+---------+-----+-----+-----+------+-----+------+-------------+

    * FIFO: 
    N/A

    * Expression: 
    +--------------------------+----------+----+---+----+------------+------------+
    |       Variable Name      | Operation| DSP| FF| LUT| Bitwidth P0| Bitwidth P1|
    +--------------------------+----------+----+---+----+------------+------------+
    |add_ln691_794_fu_457_p2   |         +|   0|  0|  12|           4|           1|
    |add_ln691_795_fu_469_p2   |         +|   0|  0|  12|           4|           1|
    |add_ln691_796_fu_337_p2   |         +|   0|  0|  12|           5|           1|
    |add_ln691_797_fu_424_p2   |         +|   0|  0|  12|           4|           1|
    |add_ln691_798_fu_361_p2   |         +|   0|  0|  12|           4|           1|
    |add_ln691_799_fu_349_p2   |         +|   0|  0|  13|           6|           1|
    |add_ln691_800_fu_389_p2   |         +|   0|  0|  12|           4|           1|
    |add_ln691_801_fu_440_p2   |         +|   0|  0|  12|           4|           1|
    |add_ln691_802_fu_377_p2   |         +|   0|  0|  12|           4|           1|
    |add_ln691_803_fu_407_p2   |         +|   0|  0|  12|           4|           1|
    |add_ln691_fu_325_p2       |         +|   0|  0|  12|           5|           1|
    |icmp_ln890_790_fu_463_p2  |      icmp|   0|  0|   9|           4|           5|
    |icmp_ln890_791_fu_343_p2  |      icmp|   0|  0|  10|           5|           6|
    |icmp_ln890_792_fu_480_p2  |      icmp|   0|  0|   9|           4|           5|
    |icmp_ln890_793_fu_355_p2  |      icmp|   0|  0|  10|           6|           7|
    |icmp_ln890_794_fu_434_p2  |      icmp|   0|  0|   9|           4|           5|
    |icmp_ln890_795_fu_371_p2  |      icmp|   0|  0|   9|           4|           5|
    |icmp_ln890_796_fu_395_p2  |      icmp|   0|  0|   9|           4|           5|
    |icmp_ln890_797_fu_383_p2  |      icmp|   0|  0|   9|           4|           5|
    |icmp_ln890_798_fu_451_p2  |      icmp|   0|  0|   9|           4|           5|
    |icmp_ln890_799_fu_418_p2  |      icmp|   0|  0|   9|           4|           5|
    |icmp_ln890_fu_331_p2      |      icmp|   0|  0|  10|           5|           6|
    |ap_block_state1           |        or|   0|  0|   2|           1|           1|
    |arb_fu_401_p2             |       xor|   0|  0|   2|           1|           2|
    +--------------------------+----------+----+---+----+------------+------------+
    |Total                     |          |   0|  0| 239|          98|          73|
    +--------------------------+----------+----+---+----+------------+------------+

    * Multiplexer: 
    +--------------------------------+----+-----------+-----+-----------+
    |              Name              | LUT| Input Size| Bits| Total Bits|
    +--------------------------------+----+-----------+-----+-----------+
    |ap_NS_fsm                       |  81|         17|    1|         17|
    |ap_done                         |   9|          2|    1|          2|
    |arb_9_reg_225                   |   9|          2|    1|          2|
    |c0_V_reg_152                    |   9|          2|    5|         10|
    |c1_V_reg_177                    |   9|          2|    5|         10|
    |c2_V_reg_201                    |   9|          2|    6|         12|
    |c4_V_30_reg_237                 |   9|          2|    4|          8|
    |c4_V_reg_281                    |   9|          2|    4|          8|
    |c6_V_17_reg_259                 |   9|          2|    4|          8|
    |c6_V_18_reg_248                 |   9|          2|    4|          8|
    |c6_V_reg_303                    |   9|          2|    4|          8|
    |c7_V_17_reg_292                 |   9|          2|    4|          8|
    |c7_V_18_reg_270                 |   9|          2|    4|          8|
    |c7_V_reg_314                    |   9|          2|    4|          8|
    |fifo_A_A_IO_L2_in_7_x011_blk_n  |   9|          2|    1|          2|
    |fifo_A_PE_7_0_x083_blk_n        |   9|          2|    1|          2|
    |fifo_A_PE_7_0_x083_din          |  14|          3|  512|       1536|
    |intra_trans_en_17_reg_188       |   9|          2|    1|          2|
    |intra_trans_en_18_reg_212       |   9|          2|    1|          2|
    |local_A_ping_V_0_address0       |  20|          4|    3|         12|
    |local_A_pong_V_0_address0       |  14|          3|    3|          9|
    +--------------------------------+----+-----------+-----+-----------+
    |Total                           | 282|         61|  573|       1682|
    +--------------------------------+----+-----------+-----+-----------+

    * Register: 
    +---------------------------+----+----+-----+-----------+
    |            Name           | FF | LUT| Bits| Const Bits|
    +---------------------------+----+----+-----+-----------+
    |add_ln691_794_reg_583      |   4|   0|    4|          0|
    |add_ln691_795_reg_591      |   4|   0|    4|          0|
    |add_ln691_796_reg_494      |   5|   0|    5|          0|
    |add_ln691_797_reg_557      |   4|   0|    4|          0|
    |add_ln691_798_reg_510      |   4|   0|    4|          0|
    |add_ln691_799_reg_502      |   6|   0|    6|          0|
    |add_ln691_800_reg_531      |   4|   0|    4|          0|
    |add_ln691_801_reg_570      |   4|   0|    4|          0|
    |add_ln691_802_reg_523      |   4|   0|    4|          0|
    |add_ln691_803_reg_544      |   4|   0|    4|          0|
    |add_ln691_reg_486          |   5|   0|    5|          0|
    |ap_CS_fsm                  |  16|   0|   16|          0|
    |ap_done_reg                |   1|   0|    1|          0|
    |arb_9_reg_225              |   1|   0|    1|          0|
    |c0_V_reg_152               |   5|   0|    5|          0|
    |c1_V_reg_177               |   5|   0|    5|          0|
    |c2_V_reg_201               |   6|   0|    6|          0|
    |c4_V_30_reg_237            |   4|   0|    4|          0|
    |c4_V_reg_281               |   4|   0|    4|          0|
    |c6_V_17_reg_259            |   4|   0|    4|          0|
    |c6_V_18_reg_248            |   4|   0|    4|          0|
    |c6_V_reg_303               |   4|   0|    4|          0|
    |c7_V_17_reg_292            |   4|   0|    4|          0|
    |c7_V_18_reg_270            |   4|   0|    4|          0|
    |c7_V_reg_314               |   4|   0|    4|          0|
    |intra_trans_en_17_reg_188  |   1|   0|    1|          0|
    |intra_trans_en_18_reg_212  |   1|   0|    1|          0|
    |intra_trans_en_reg_163     |   1|   0|    1|          0|
    |zext_ln890_97_reg_562      |   4|   0|   64|         60|
    |zext_ln890_98_reg_515      |   4|   0|   64|         60|
    +---------------------------+----+----+-----+-----------+
    |Total                      | 125|   0|  245|        120|
    +---------------------------+----+----+-----+-----------+



================================================================
== Interface
================================================================
* Summary: 
+----------------------------------+-----+-----+------------+--------------------------+--------------+
|             RTL Ports            | Dir | Bits|  Protocol  |       Source Object      |    C Type    |
+----------------------------------+-----+-----+------------+--------------------------+--------------+
|ap_clk                            |   in|    1|  ap_ctrl_hs|    A_IO_L2_in_boundary_x0|  return value|
|ap_rst                            |   in|    1|  ap_ctrl_hs|    A_IO_L2_in_boundary_x0|  return value|
|ap_start                          |   in|    1|  ap_ctrl_hs|    A_IO_L2_in_boundary_x0|  return value|
|ap_done                           |  out|    1|  ap_ctrl_hs|    A_IO_L2_in_boundary_x0|  return value|
|ap_continue                       |   in|    1|  ap_ctrl_hs|    A_IO_L2_in_boundary_x0|  return value|
|ap_idle                           |  out|    1|  ap_ctrl_hs|    A_IO_L2_in_boundary_x0|  return value|
|ap_ready                          |  out|    1|  ap_ctrl_hs|    A_IO_L2_in_boundary_x0|  return value|
|fifo_A_A_IO_L2_in_7_x011_dout     |   in|  512|     ap_fifo|  fifo_A_A_IO_L2_in_7_x011|       pointer|
|fifo_A_A_IO_L2_in_7_x011_empty_n  |   in|    1|     ap_fifo|  fifo_A_A_IO_L2_in_7_x011|       pointer|
|fifo_A_A_IO_L2_in_7_x011_read     |  out|    1|     ap_fifo|  fifo_A_A_IO_L2_in_7_x011|       pointer|
|fifo_A_PE_7_0_x083_din            |  out|  512|     ap_fifo|        fifo_A_PE_7_0_x083|       pointer|
|fifo_A_PE_7_0_x083_full_n         |   in|    1|     ap_fifo|        fifo_A_PE_7_0_x083|       pointer|
|fifo_A_PE_7_0_x083_write          |  out|    1|     ap_fifo|        fifo_A_PE_7_0_x083|       pointer|
+----------------------------------+-----+-----+------------+--------------------------+--------------+

