

================================================================
== Vitis HLS Report for 'A_IO_L2_in_4_x0'
================================================================
* Date:           Sun Sep 18 12:34:23 2022

* Version:        2020.2 (Build 3064766 on Wed Nov 18 09:12:47 MST 2020)
* Project:        top
* Solution:       solution (Vitis Kernel Flow Target)
* Product family: virtexuplus
* Target device:  xcu250-figd2104-2L-e


================================================================
== Performance Estimates
================================================================
+ Timing: 
    * Summary: 
    +--------+---------+----------+------------+
    |  Clock |  Target | Estimated| Uncertainty|
    +--------+---------+----------+------------+
    |ap_clk  |  3.33 ns|  2.433 ns|     0.90 ns|
    +--------+---------+----------+------------+

+ Latency: 
    * Summary: 
    +---------+---------+----------+----------+-------+-------+---------+
    |  Latency (cycles) |  Latency (absolute) |    Interval   | Pipeline|
    |   min   |   max   |    min   |    max   |  min  |  max  |   Type  |
    +---------+---------+----------+----------+-------+-------+---------+
    |    37380|    37380|  0.125 ms|  0.125 ms|  37380|  37380|     none|
    +---------+---------+----------+----------+-------+-------+---------+

    + Detail: 
        * Instance: 
        N/A

        * Loop: 
        +------------------------------------------------------------------------+---------+---------+----------+-----------+-----------+------+----------+
        |                                                                        |  Latency (cycles) | Iteration|  Initiation Interval  | Trip |          |
        |                                Loop Name                               |   min   |   max   |  Latency |  achieved |   target  | Count| Pipelined|
        +------------------------------------------------------------------------+---------+---------+----------+-----------+-----------+------+----------+
        |- A_IO_L2_in_4_x0_loop_1_A_IO_L2_in_4_x0_loop_2_A_IO_L2_in_4_x0_loop_3  |     4608|     4608|         2|          1|          1|  4608|       yes|
        |- A_IO_L2_in_4_x0_loop_4_A_IO_L2_in_4_x0_loop_5                         |    32768|    32768|        17|         16|         16|  2048|       yes|
        +------------------------------------------------------------------------+---------+---------+----------+-----------+-----------+------+----------+

============================================================
+ Verbose Summary: Synthesis Manager
============================================================
InlineROM: 1
ExposeGlobal: 0
============================================================
+ Verbose Summary: CDFG Model
============================================================
IsTopModel: 0
ResetActiveHigh: 1
IsCombinational: 2
IsDatapathOnly: 0
HasWiredReturn: 1
HasMFsm: 0
HasVarLatency: 1
IsPipeline: 0
IsRtlPipelined: 0
IsInstanceOverlapped: 0
IsDontTouch: 0
HasImplIP: 0
IsGatedGlobalClock: 0

+ Individual pipeline summary: 
  * Pipeline-0: initiation interval (II) = 1, depth = 2
  * Pipeline-1: initiation interval (II) = 16, depth = 17


============================================================
+ Verbose Summary: Schedule
============================================================
* Number of FSM states : 22
* Pipeline : 2
  Pipeline-0 : II = 1, D = 2, States = { 2 3 }
  Pipeline-1 : II = 16, D = 17, States = { 5 6 7 8 9 10 11 12 13 14 15 16 17 18 19 20 21 }
* Dataflow Pipeline: 0

* FSM state transitions: 
1 --> 2 
2 --> 4 3 
3 --> 2 
4 --> 5 
5 --> 22 6 
6 --> 7 
7 --> 8 
8 --> 9 
9 --> 10 
10 --> 11 
11 --> 12 
12 --> 13 
13 --> 14 
14 --> 15 
15 --> 16 
16 --> 17 
17 --> 18 
18 --> 19 
19 --> 20 
20 --> 21 
21 --> 5 
22 --> 

* FSM state operations: 

State 1 <SV = 0> <Delay = 0.38>
ST_1 : Operation 23 [1/1] (0.00ns)   --->   "%specinterface_ln0 = specinterface void @_ssdm_op_SpecInterface, i256 %fifo_A_PE_4_0_x028, void @empty_272, i32 0, i32 0, void @empty_822, i32 0, i32 0, void @empty_822, void @empty_822, void @empty_822, i32 0, i32 0, i32 0, i32 0, void @empty_822, void @empty_822"   --->   Operation 23 'specinterface' 'specinterface_ln0' <Predicate = true> <Delay = 0.00>
ST_1 : Operation 24 [1/1] (0.00ns)   --->   "%specinterface_ln0 = specinterface void @_ssdm_op_SpecInterface, i256 %fifo_A_A_IO_L2_in_5_x06, void @empty_272, i32 0, i32 0, void @empty_822, i32 0, i32 0, void @empty_822, void @empty_822, void @empty_822, i32 0, i32 0, i32 0, i32 0, void @empty_822, void @empty_822"   --->   Operation 24 'specinterface' 'specinterface_ln0' <Predicate = true> <Delay = 0.00>
ST_1 : Operation 25 [1/1] (0.00ns)   --->   "%specinterface_ln0 = specinterface void @_ssdm_op_SpecInterface, i256 %fifo_A_A_IO_L2_in_4_x05, void @empty_272, i32 0, i32 0, void @empty_822, i32 0, i32 0, void @empty_822, void @empty_822, void @empty_822, i32 0, i32 0, i32 0, i32 0, void @empty_822, void @empty_822"   --->   Operation 25 'specinterface' 'specinterface_ln0' <Predicate = true> <Delay = 0.00>
ST_1 : Operation 26 [1/1] (0.00ns)   --->   "%local_A_pong_V = alloca i64 1" [./dut.cpp:320]   --->   Operation 26 'alloca' 'local_A_pong_V' <Predicate = true> <Delay = 0.00> <CoreInst = "RAM_2P_BRAM">   --->   Core 94 'RAM_2P_BRAM' <Latency = 1> <II = 1> <Delay = 1.20> <Storage> <Opcode : 'load' 'store'> <Ports = 2> <Width = 256> <Depth = 512> <RAM>
ST_1 : Operation 27 [1/1] (0.00ns)   --->   "%specmemcore_ln320 = specmemcore void @_ssdm_op_SpecMemCore, i256 %local_A_pong_V, i64 666, i64 22, i64 18446744073709551615" [./dut.cpp:320]   --->   Operation 27 'specmemcore' 'specmemcore_ln320' <Predicate = true> <Delay = 0.00>
ST_1 : Operation 28 [1/1] (0.00ns)   --->   "%specmemcore_ln321 = specmemcore void @_ssdm_op_SpecMemCore, i256 %local_A_pong_V, i64 666, i64 22, i64 18446744073709551615" [./dut.cpp:321]   --->   Operation 28 'specmemcore' 'specmemcore_ln321' <Predicate = true> <Delay = 0.00>
ST_1 : Operation 29 [1/1] (0.38ns)   --->   "%br_ln327 = br void" [./dut.cpp:327]   --->   Operation 29 'br' 'br_ln327' <Predicate = true> <Delay = 0.38>

State 2 <SV = 1> <Delay = 2.31>
ST_2 : Operation 30 [1/1] (0.00ns)   --->   "%indvar_flatten13 = phi i13 0, void, i13 %add_ln890_205, void"   --->   Operation 30 'phi' 'indvar_flatten13' <Predicate = true> <Delay = 0.00>
ST_2 : Operation 31 [1/1] (0.00ns)   --->   "%c3_V = phi i4 4, void, i4 %select_ln890, void"   --->   Operation 31 'phi' 'c3_V' <Predicate = true> <Delay = 0.00>
ST_2 : Operation 32 [1/1] (0.00ns)   --->   "%indvar_flatten = phi i11 0, void, i11 %select_ln890_518, void"   --->   Operation 32 'phi' 'indvar_flatten' <Predicate = true> <Delay = 0.00>
ST_2 : Operation 33 [1/1] (0.00ns)   --->   "%c4_V = phi i5 0, void, i5 %select_ln890_516, void"   --->   Operation 33 'phi' 'c4_V' <Predicate = true> <Delay = 0.00>
ST_2 : Operation 34 [1/1] (0.00ns)   --->   "%c5_V_27 = phi i6 0, void, i6 %add_ln691_836, void"   --->   Operation 34 'phi' 'c5_V_27' <Predicate = true> <Delay = 0.00>
ST_2 : Operation 35 [1/1] (0.75ns)   --->   "%add_ln890_205 = add i13 %indvar_flatten13, i13 1"   --->   Operation 35 'add' 'add_ln890_205' <Predicate = true> <Delay = 0.75> <CoreInst = "Adder">   --->   Core 1 'Adder' <Latency = 0> <II = 1> <Delay = 0.70> <FuncUnit> <Opcode : 'add' 'sub'> <InPorts = 2> <OutPorts = 1>
ST_2 : Operation 36 [1/1] (0.64ns)   --->   "%icmp_ln890 = icmp_eq  i13 %indvar_flatten13, i13 4608"   --->   Operation 36 'icmp' 'icmp_ln890' <Predicate = true> <Delay = 0.64> <CoreInst = "Cmp">   --->   Core 9 'Cmp' <Latency = 0> <II = 1> <Delay = 0.59> <FuncUnit> <Opcode : 'icmp'> <InPorts = 2> <OutPorts = 1>
ST_2 : Operation 37 [1/1] (0.00ns)   --->   "%br_ln890 = br i1 %icmp_ln890, void %.split10, void %.preheader.preheader.preheader"   --->   Operation 37 'br' 'br_ln890' <Predicate = true> <Delay = 0.00>
ST_2 : Operation 38 [1/1] (0.70ns)   --->   "%add_ln691 = add i4 %c3_V, i4 1"   --->   Operation 38 'add' 'add_ln691' <Predicate = (!icmp_ln890)> <Delay = 0.70> <CoreInst = "Adder">   --->   Core 1 'Adder' <Latency = 0> <II = 1> <Delay = 0.70> <FuncUnit> <Opcode : 'add' 'sub'> <InPorts = 2> <OutPorts = 1>
ST_2 : Operation 39 [1/1] (0.61ns)   --->   "%icmp_ln890_644 = icmp_eq  i11 %indvar_flatten, i11 512"   --->   Operation 39 'icmp' 'icmp_ln890_644' <Predicate = (!icmp_ln890)> <Delay = 0.61> <CoreInst = "Cmp">   --->   Core 9 'Cmp' <Latency = 0> <II = 1> <Delay = 0.59> <FuncUnit> <Opcode : 'icmp'> <InPorts = 2> <OutPorts = 1>
ST_2 : Operation 40 [1/1] (0.27ns)   --->   "%select_ln327 = select i1 %icmp_ln890_644, i5 0, i5 %c4_V" [./dut.cpp:327]   --->   Operation 40 'select' 'select_ln327' <Predicate = (!icmp_ln890)> <Delay = 0.27> <CoreInst = "Sel">   --->   Core 73 'Sel' <Latency = 0> <II = 1> <Delay = 0.30> <FuncUnit> <Opcode : 'select'> <InPorts = 3> <OutPorts = 1>
ST_2 : Operation 41 [1/1] (0.65ns)   --->   "%cmp_i_i72_mid1 = icmp_eq  i4 %add_ln691, i4 4"   --->   Operation 41 'icmp' 'cmp_i_i72_mid1' <Predicate = (!icmp_ln890)> <Delay = 0.65> <CoreInst = "Cmp">   --->   Core 9 'Cmp' <Latency = 0> <II = 1> <Delay = 0.59> <FuncUnit> <Opcode : 'icmp'> <InPorts = 2> <OutPorts = 1>
ST_2 : Operation 42 [1/1] (0.65ns)   --->   "%cmp_i_i72138 = icmp_eq  i4 %c3_V, i4 4"   --->   Operation 42 'icmp' 'cmp_i_i72138' <Predicate = (!icmp_ln890)> <Delay = 0.65> <CoreInst = "Cmp">   --->   Core 9 'Cmp' <Latency = 0> <II = 1> <Delay = 0.59> <FuncUnit> <Opcode : 'icmp'> <InPorts = 2> <OutPorts = 1>
ST_2 : Operation 43 [1/1] (0.27ns)   --->   "%select_ln327_1 = select i1 %icmp_ln890_644, i1 %cmp_i_i72_mid1, i1 %cmp_i_i72138" [./dut.cpp:327]   --->   Operation 43 'select' 'select_ln327_1' <Predicate = (!icmp_ln890)> <Delay = 0.27> <CoreInst = "Sel">   --->   Core 73 'Sel' <Latency = 0> <II = 1> <Delay = 0.30> <FuncUnit> <Opcode : 'select'> <InPorts = 3> <OutPorts = 1>
ST_2 : Operation 44 [1/1] (0.00ns) (grouped into LUT with out node and_ln327)   --->   "%xor_ln327 = xor i1 %icmp_ln890_644, i1 1" [./dut.cpp:327]   --->   Operation 44 'xor' 'xor_ln327' <Predicate = (!icmp_ln890)> <Delay = 0.00> <CoreInst = "LogicGate">   --->   Core 74 'LogicGate' <Latency = 0> <II = 1> <Delay = 0.12> <FuncUnit> <Opcode : 'and' 'or' 'xor'> <InPorts = 2> <OutPorts = 1>
ST_2 : Operation 45 [1/1] (0.61ns)   --->   "%icmp_ln890146 = icmp_eq  i6 %c5_V_27, i6 32"   --->   Operation 45 'icmp' 'icmp_ln890146' <Predicate = (!icmp_ln890)> <Delay = 0.61> <CoreInst = "Cmp">   --->   Core 9 'Cmp' <Latency = 0> <II = 1> <Delay = 0.59> <FuncUnit> <Opcode : 'icmp'> <InPorts = 2> <OutPorts = 1>
ST_2 : Operation 46 [1/1] (0.12ns) (out node of the LUT)   --->   "%and_ln327 = and i1 %icmp_ln890146, i1 %xor_ln327" [./dut.cpp:327]   --->   Operation 46 'and' 'and_ln327' <Predicate = (!icmp_ln890)> <Delay = 0.12> <CoreInst = "LogicGate">   --->   Core 74 'LogicGate' <Latency = 0> <II = 1> <Delay = 0.12> <FuncUnit> <Opcode : 'and' 'or' 'xor'> <InPorts = 2> <OutPorts = 1>
ST_2 : Operation 47 [1/1] (0.35ns)   --->   "%select_ln890 = select i1 %icmp_ln890_644, i4 %add_ln691, i4 %c3_V"   --->   Operation 47 'select' 'select_ln890' <Predicate = (!icmp_ln890)> <Delay = 0.35> <CoreInst = "Sel">   --->   Core 73 'Sel' <Latency = 0> <II = 1> <Delay = 0.30> <FuncUnit> <Opcode : 'select'> <InPorts = 3> <OutPorts = 1>
ST_2 : Operation 48 [1/1] (0.70ns)   --->   "%add_ln691_833 = add i5 %select_ln327, i5 1"   --->   Operation 48 'add' 'add_ln691_833' <Predicate = (!icmp_ln890)> <Delay = 0.70> <CoreInst = "Adder">   --->   Core 1 'Adder' <Latency = 0> <II = 1> <Delay = 0.70> <FuncUnit> <Opcode : 'add' 'sub'> <InPorts = 2> <OutPorts = 1>
ST_2 : Operation 49 [1/1] (0.00ns) (grouped into LUT with out node select_ln890_514)   --->   "%or_ln890 = or i1 %and_ln327, i1 %icmp_ln890_644"   --->   Operation 49 'or' 'or_ln890' <Predicate = (!icmp_ln890)> <Delay = 0.00> <CoreInst = "LogicGate">   --->   Core 74 'LogicGate' <Latency = 0> <II = 1> <Delay = 0.12> <FuncUnit> <Opcode : 'and' 'or' 'xor'> <InPorts = 2> <OutPorts = 1>
ST_2 : Operation 50 [1/1] (0.29ns) (out node of the LUT)   --->   "%select_ln890_514 = select i1 %or_ln890, i6 0, i6 %c5_V_27"   --->   Operation 50 'select' 'select_ln890_514' <Predicate = (!icmp_ln890)> <Delay = 0.29> <CoreInst = "Sel">   --->   Core 73 'Sel' <Latency = 0> <II = 1> <Delay = 0.30> <FuncUnit> <Opcode : 'select'> <InPorts = 3> <OutPorts = 1>
ST_2 : Operation 51 [1/1] (0.00ns) (grouped into LUT with out node add_ln336)   --->   "%trunc_ln336 = trunc i5 %add_ln691_833" [./dut.cpp:336]   --->   Operation 51 'trunc' 'trunc_ln336' <Predicate = (!icmp_ln890)> <Delay = 0.00>
ST_2 : Operation 52 [1/1] (0.00ns) (grouped into LUT with out node add_ln336)   --->   "%trunc_ln336_1 = trunc i5 %c4_V" [./dut.cpp:336]   --->   Operation 52 'trunc' 'trunc_ln336_1' <Predicate = (!icmp_ln890)> <Delay = 0.00>
ST_2 : Operation 53 [1/1] (0.00ns) (grouped into LUT with out node add_ln336)   --->   "%select_ln327_2 = select i1 %icmp_ln890_644, i4 0, i4 %trunc_ln336_1" [./dut.cpp:327]   --->   Operation 53 'select' 'select_ln327_2' <Predicate = (!icmp_ln890)> <Delay = 0.00> <CoreInst = "Sel">   --->   Core 73 'Sel' <Latency = 0> <II = 1> <Delay = 0.30> <FuncUnit> <Opcode : 'select'> <InPorts = 3> <OutPorts = 1>
ST_2 : Operation 54 [1/1] (0.00ns) (grouped into LUT with out node add_ln336)   --->   "%select_ln890_515 = select i1 %and_ln327, i4 %trunc_ln336, i4 %select_ln327_2"   --->   Operation 54 'select' 'select_ln890_515' <Predicate = (!icmp_ln890)> <Delay = 0.00> <CoreInst = "Sel">   --->   Core 73 'Sel' <Latency = 0> <II = 1> <Delay = 0.30> <FuncUnit> <Opcode : 'select'> <InPorts = 3> <OutPorts = 1>
ST_2 : Operation 55 [1/1] (0.00ns) (grouped into LUT with out node add_ln336)   --->   "%tmp_1262_cast = bitconcatenate i9 @_ssdm_op_BitConcatenate.i9.i4.i5, i4 %select_ln890_515, i5 0"   --->   Operation 55 'bitconcatenate' 'tmp_1262_cast' <Predicate = (!icmp_ln890)> <Delay = 0.00>
ST_2 : Operation 56 [1/1] (0.27ns)   --->   "%select_ln890_516 = select i1 %and_ln327, i5 %add_ln691_833, i5 %select_ln327"   --->   Operation 56 'select' 'select_ln890_516' <Predicate = (!icmp_ln890)> <Delay = 0.27> <CoreInst = "Sel">   --->   Core 73 'Sel' <Latency = 0> <II = 1> <Delay = 0.30> <FuncUnit> <Opcode : 'select'> <InPorts = 3> <OutPorts = 1>
ST_2 : Operation 57 [1/1] (0.00ns) (grouped into LUT with out node add_ln336)   --->   "%zext_ln336 = zext i6 %select_ln890_514" [./dut.cpp:336]   --->   Operation 57 'zext' 'zext_ln336' <Predicate = (!icmp_ln890)> <Delay = 0.00>
ST_2 : Operation 58 [1/1] (0.71ns) (out node of the LUT)   --->   "%add_ln336 = add i9 %tmp_1262_cast, i9 %zext_ln336" [./dut.cpp:336]   --->   Operation 58 'add' 'add_ln336' <Predicate = (!icmp_ln890)> <Delay = 0.71> <CoreInst = "Adder">   --->   Core 1 'Adder' <Latency = 0> <II = 1> <Delay = 0.70> <FuncUnit> <Opcode : 'add' 'sub'> <InPorts = 2> <OutPorts = 1>
ST_2 : Operation 59 [1/1] (0.00ns)   --->   "%br_ln335 = br i1 %select_ln327_1, void, void" [./dut.cpp:335]   --->   Operation 59 'br' 'br_ln335' <Predicate = (!icmp_ln890)> <Delay = 0.00>
ST_2 : Operation 60 [1/1] (0.70ns)   --->   "%add_ln691_836 = add i6 %select_ln890_514, i6 1"   --->   Operation 60 'add' 'add_ln691_836' <Predicate = (!icmp_ln890)> <Delay = 0.70> <CoreInst = "Adder">   --->   Core 1 'Adder' <Latency = 0> <II = 1> <Delay = 0.70> <FuncUnit> <Opcode : 'add' 'sub'> <InPorts = 2> <OutPorts = 1>
ST_2 : Operation 61 [1/1] (0.73ns)   --->   "%add_ln890_204 = add i11 %indvar_flatten, i11 1"   --->   Operation 61 'add' 'add_ln890_204' <Predicate = (!icmp_ln890)> <Delay = 0.73> <CoreInst = "Adder">   --->   Core 1 'Adder' <Latency = 0> <II = 1> <Delay = 0.70> <FuncUnit> <Opcode : 'add' 'sub'> <InPorts = 2> <OutPorts = 1>
ST_2 : Operation 62 [1/1] (0.30ns)   --->   "%select_ln890_518 = select i1 %icmp_ln890_644, i11 1, i11 %add_ln890_204"   --->   Operation 62 'select' 'select_ln890_518' <Predicate = (!icmp_ln890)> <Delay = 0.30> <CoreInst = "Sel">   --->   Core 73 'Sel' <Latency = 0> <II = 1> <Delay = 0.30> <FuncUnit> <Opcode : 'select'> <InPorts = 3> <OutPorts = 1>
ST_2 : Operation 63 [1/1] (0.00ns)   --->   "%br_ln0 = br void"   --->   Operation 63 'br' 'br_ln0' <Predicate = (!icmp_ln890)> <Delay = 0.00>

State 3 <SV = 2> <Delay = 2.43>
ST_3 : Operation 64 [1/1] (0.00ns)   --->   "%specloopname_ln0 = specloopname void @_ssdm_op_SpecLoopName, void @A_IO_L2_in_4_x0_loop_1_A_IO_L2_in_4_x0_loop_2_A_IO_L2_in_4_x0_loop_3_str"   --->   Operation 64 'specloopname' 'specloopname_ln0' <Predicate = (!icmp_ln890)> <Delay = 0.00>
ST_3 : Operation 65 [1/1] (0.00ns)   --->   "%speclooptripcount_ln0 = speclooptripcount void @_ssdm_op_SpecLoopTripCount, i64 4608, i64 4608, i64 4608"   --->   Operation 65 'speclooptripcount' 'speclooptripcount_ln0' <Predicate = (!icmp_ln890)> <Delay = 0.00>
ST_3 : Operation 66 [1/1] (0.00ns)   --->   "%specloopname_ln0 = specloopname void @_ssdm_op_SpecLoopName, void @A_IO_L2_in_4_x0_loop_2_A_IO_L2_in_4_x0_loop_3_str"   --->   Operation 66 'specloopname' 'specloopname_ln0' <Predicate = (!icmp_ln890)> <Delay = 0.00>
ST_3 : Operation 67 [1/1] (0.00ns)   --->   "%zext_ln336_1 = zext i9 %add_ln336" [./dut.cpp:336]   --->   Operation 67 'zext' 'zext_ln336_1' <Predicate = (!icmp_ln890)> <Delay = 0.00>
ST_3 : Operation 68 [1/1] (0.00ns)   --->   "%local_A_pong_V_addr = getelementptr i256 %local_A_pong_V, i64 0, i64 %zext_ln336_1" [./dut.cpp:336]   --->   Operation 68 'getelementptr' 'local_A_pong_V_addr' <Predicate = (!icmp_ln890)> <Delay = 0.00>
ST_3 : Operation 69 [1/1] (0.00ns)   --->   "%specpipeline_ln332 = specpipeline void @_ssdm_op_SpecPipeline, i32 1, i32 0, i32 0, i32 0, void @empty_822" [./dut.cpp:332]   --->   Operation 69 'specpipeline' 'specpipeline_ln332' <Predicate = (!icmp_ln890)> <Delay = 0.00>
ST_3 : Operation 70 [1/1] (0.00ns)   --->   "%specloopname_ln332 = specloopname void @_ssdm_op_SpecLoopName, void @empty_640" [./dut.cpp:332]   --->   Operation 70 'specloopname' 'specloopname_ln332' <Predicate = (!icmp_ln890)> <Delay = 0.00>
ST_3 : Operation 71 [1/1] (1.21ns)   --->   "%tmp_790 = read i256 @_ssdm_op_Read.ap_fifo.volatile.i256P0A, i256 %fifo_A_A_IO_L2_in_4_x05" [/home/rcslfpgaserver/Softwares/Xilinx/Vitis_HLS/2020.2/common/technology/autopilot/hls_stream_39.h:145]   --->   Operation 71 'read' 'tmp_790' <Predicate = (!icmp_ln890)> <Delay = 1.21> <CoreInst = "FIFO_SRL">   --->   Core 81 'FIFO_SRL' <Latency = 0> <II = 1> <Delay = 1.42> <Storage> <Opcode : 'read' 'write' 'nbread' 'nbwrite'> <Ports = 0> <Width = 256> <Depth = 2> <FIFO>
ST_3 : Operation 72 [1/1] (1.21ns)   --->   "%write_ln174 = write void @_ssdm_op_Write.ap_fifo.volatile.i256P0A, i256 %fifo_A_A_IO_L2_in_5_x06, i256 %tmp_790" [/home/rcslfpgaserver/Softwares/Xilinx/Vitis_HLS/2020.2/common/technology/autopilot/hls_stream_39.h:174]   --->   Operation 72 'write' 'write_ln174' <Predicate = (!select_ln327_1)> <Delay = 1.21> <CoreInst = "FIFO_SRL">   --->   Core 81 'FIFO_SRL' <Latency = 0> <II = 1> <Delay = 1.42> <Storage> <Opcode : 'read' 'write' 'nbread' 'nbwrite'> <Ports = 0> <Width = 256> <Depth = 2> <FIFO>
ST_3 : Operation 73 [1/1] (0.00ns)   --->   "%br_ln0 = br void"   --->   Operation 73 'br' 'br_ln0' <Predicate = (!select_ln327_1)> <Delay = 0.00>
ST_3 : Operation 74 [1/1] (1.20ns)   --->   "%store_ln336 = store i256 %tmp_790, i9 %local_A_pong_V_addr" [./dut.cpp:336]   --->   Operation 74 'store' 'store_ln336' <Predicate = (select_ln327_1)> <Delay = 1.20> <CoreInst = "RAM_2P_BRAM">   --->   Core 94 'RAM_2P_BRAM' <Latency = 1> <II = 1> <Delay = 1.20> <Storage> <Opcode : 'load' 'store'> <Ports = 2> <Width = 256> <Depth = 512> <RAM>
ST_3 : Operation 75 [1/1] (0.00ns)   --->   "%br_ln337 = br void" [./dut.cpp:337]   --->   Operation 75 'br' 'br_ln337' <Predicate = (select_ln327_1)> <Delay = 0.00>

State 4 <SV = 2> <Delay = 0.38>
ST_4 : Operation 76 [1/1] (0.38ns)   --->   "%br_ln346 = br void %.preheader.preheader" [./dut.cpp:346]   --->   Operation 76 'br' 'br_ln346' <Predicate = true> <Delay = 0.38>

State 5 <SV = 3> <Delay = 2.19>
ST_5 : Operation 77 [1/1] (0.00ns)   --->   "%indvar_flatten37 = phi i12 %add_ln890, void %.preheader, i12 0, void %.preheader.preheader.preheader"   --->   Operation 77 'phi' 'indvar_flatten37' <Predicate = true> <Delay = 0.00>
ST_5 : Operation 78 [1/1] (0.00ns)   --->   "%c5_V = phi i6 %select_ln890_517, void %.preheader, i6 0, void %.preheader.preheader.preheader"   --->   Operation 78 'phi' 'c5_V' <Predicate = true> <Delay = 0.00>
ST_5 : Operation 79 [1/1] (0.00ns)   --->   "%c6_V = phi i7 %select_ln691, void %.preheader, i7 0, void %.preheader.preheader.preheader"   --->   Operation 79 'phi' 'c6_V' <Predicate = true> <Delay = 0.00>
ST_5 : Operation 80 [1/1] (0.74ns)   --->   "%add_ln890 = add i12 %indvar_flatten37, i12 1"   --->   Operation 80 'add' 'add_ln890' <Predicate = true> <Delay = 0.74> <CoreInst = "Adder">   --->   Core 1 'Adder' <Latency = 0> <II = 1> <Delay = 0.70> <FuncUnit> <Opcode : 'add' 'sub'> <InPorts = 2> <OutPorts = 1>
ST_5 : Operation 81 [1/1] (0.62ns)   --->   "%icmp_ln890_645 = icmp_eq  i12 %indvar_flatten37, i12 2048"   --->   Operation 81 'icmp' 'icmp_ln890_645' <Predicate = true> <Delay = 0.62> <CoreInst = "Cmp">   --->   Core 9 'Cmp' <Latency = 0> <II = 1> <Delay = 0.59> <FuncUnit> <Opcode : 'icmp'> <InPorts = 2> <OutPorts = 1>
ST_5 : Operation 82 [1/1] (0.00ns)   --->   "%br_ln890 = br i1 %icmp_ln890_645, void %.preheader, void"   --->   Operation 82 'br' 'br_ln890' <Predicate = true> <Delay = 0.00>
ST_5 : Operation 83 [1/1] (0.70ns)   --->   "%add_ln691_834 = add i6 %c5_V, i6 1"   --->   Operation 83 'add' 'add_ln691_834' <Predicate = (!icmp_ln890_645)> <Delay = 0.70> <CoreInst = "Adder">   --->   Core 1 'Adder' <Latency = 0> <II = 1> <Delay = 0.70> <FuncUnit> <Opcode : 'add' 'sub'> <InPorts = 2> <OutPorts = 1>
ST_5 : Operation 84 [1/1] (0.59ns)   --->   "%icmp_ln890_646 = icmp_eq  i7 %c6_V, i7 64"   --->   Operation 84 'icmp' 'icmp_ln890_646' <Predicate = (!icmp_ln890_645)> <Delay = 0.59> <CoreInst = "Cmp">   --->   Core 9 'Cmp' <Latency = 0> <II = 1> <Delay = 0.59> <FuncUnit> <Opcode : 'icmp'> <InPorts = 2> <OutPorts = 1>
ST_5 : Operation 85 [1/1] (0.29ns)   --->   "%select_ln890_517 = select i1 %icmp_ln890_646, i6 %add_ln691_834, i6 %c5_V"   --->   Operation 85 'select' 'select_ln890_517' <Predicate = (!icmp_ln890_645)> <Delay = 0.29> <CoreInst = "Sel">   --->   Core 73 'Sel' <Latency = 0> <II = 1> <Delay = 0.30> <FuncUnit> <Opcode : 'select'> <InPorts = 3> <OutPorts = 1>
ST_5 : Operation 86 [1/1] (0.00ns)   --->   "%zext_ln890 = zext i6 %select_ln890_517"   --->   Operation 86 'zext' 'zext_ln890' <Predicate = (!icmp_ln890_645)> <Delay = 0.00>
ST_5 : Operation 87 [1/1] (0.00ns)   --->   "%local_A_pong_V_addr_129 = getelementptr i256 %local_A_pong_V, i64 0, i64 %zext_ln890" [./dut.cpp:353]   --->   Operation 87 'getelementptr' 'local_A_pong_V_addr_129' <Predicate = (!icmp_ln890_645)> <Delay = 0.00>
ST_5 : Operation 88 [1/1] (0.00ns)   --->   "%tmp = bitconcatenate i64 @_ssdm_op_BitConcatenate.i64.i58.i6, i58 1, i6 %select_ln890_517" [./dut.cpp:353]   --->   Operation 88 'bitconcatenate' 'tmp' <Predicate = (!icmp_ln890_645)> <Delay = 0.00>
ST_5 : Operation 89 [1/1] (0.00ns)   --->   "%local_A_pong_V_addr_131 = getelementptr i256 %local_A_pong_V, i64 0, i64 %tmp" [./dut.cpp:353]   --->   Operation 89 'getelementptr' 'local_A_pong_V_addr_131' <Predicate = (!icmp_ln890_645)> <Delay = 0.00>
ST_5 : Operation 90 [2/2] (1.20ns)   --->   "%local_A_pong_V_load = load i9 %local_A_pong_V_addr_129" [./dut.cpp:353]   --->   Operation 90 'load' 'local_A_pong_V_load' <Predicate = (!icmp_ln890_645)> <Delay = 1.20> <CoreInst = "RAM_2P_BRAM">   --->   Core 94 'RAM_2P_BRAM' <Latency = 1> <II = 1> <Delay = 1.20> <Storage> <Opcode : 'load' 'store'> <Ports = 2> <Width = 256> <Depth = 512> <RAM>
ST_5 : Operation 91 [2/2] (1.20ns)   --->   "%local_A_pong_V_load_2 = load i9 %local_A_pong_V_addr_131" [./dut.cpp:353]   --->   Operation 91 'load' 'local_A_pong_V_load_2' <Predicate = (!icmp_ln890_645)> <Delay = 1.20> <CoreInst = "RAM_2P_BRAM">   --->   Core 94 'RAM_2P_BRAM' <Latency = 1> <II = 1> <Delay = 1.20> <Storage> <Opcode : 'load' 'store'> <Ports = 2> <Width = 256> <Depth = 512> <RAM>
ST_5 : Operation 92 [1/1] (0.70ns)   --->   "%add_ln691_835 = add i7 %c6_V, i7 1"   --->   Operation 92 'add' 'add_ln691_835' <Predicate = (!icmp_ln890_645)> <Delay = 0.70> <CoreInst = "Adder">   --->   Core 1 'Adder' <Latency = 0> <II = 1> <Delay = 0.70> <FuncUnit> <Opcode : 'add' 'sub'> <InPorts = 2> <OutPorts = 1>
ST_5 : Operation 93 [1/1] (0.30ns)   --->   "%select_ln691 = select i1 %icmp_ln890_646, i7 1, i7 %add_ln691_835"   --->   Operation 93 'select' 'select_ln691' <Predicate = (!icmp_ln890_645)> <Delay = 0.30> <CoreInst = "Sel">   --->   Core 73 'Sel' <Latency = 0> <II = 1> <Delay = 0.30> <FuncUnit> <Opcode : 'select'> <InPorts = 3> <OutPorts = 1>

State 6 <SV = 4> <Delay = 2.41>
ST_6 : Operation 94 [1/1] (0.00ns)   --->   "%zext_ln353_1 = zext i6 %select_ln890_517" [./dut.cpp:353]   --->   Operation 94 'zext' 'zext_ln353_1' <Predicate = (!icmp_ln890_645)> <Delay = 0.00>
ST_6 : Operation 95 [1/1] (0.00ns)   --->   "%zext_ln353_2 = zext i6 %select_ln890_517" [./dut.cpp:353]   --->   Operation 95 'zext' 'zext_ln353_2' <Predicate = (!icmp_ln890_645)> <Delay = 0.00>
ST_6 : Operation 96 [1/1] (0.70ns)   --->   "%add_ln353 = add i7 %zext_ln353_2, i7 32" [./dut.cpp:353]   --->   Operation 96 'add' 'add_ln353' <Predicate = (!icmp_ln890_645)> <Delay = 0.70> <CoreInst = "Adder">   --->   Core 1 'Adder' <Latency = 0> <II = 1> <Delay = 0.70> <FuncUnit> <Opcode : 'add' 'sub'> <InPorts = 2> <OutPorts = 1>
ST_6 : Operation 97 [1/1] (0.00ns)   --->   "%zext_ln353_3 = zext i7 %add_ln353" [./dut.cpp:353]   --->   Operation 97 'zext' 'zext_ln353_3' <Predicate = (!icmp_ln890_645)> <Delay = 0.00>
ST_6 : Operation 98 [1/1] (0.00ns)   --->   "%local_A_pong_V_addr_130 = getelementptr i256 %local_A_pong_V, i64 0, i64 %zext_ln353_3" [./dut.cpp:353]   --->   Operation 98 'getelementptr' 'local_A_pong_V_addr_130' <Predicate = (!icmp_ln890_645)> <Delay = 0.00>
ST_6 : Operation 99 [1/1] (0.70ns)   --->   "%add_ln353_1 = add i8 %zext_ln353_1, i8 96" [./dut.cpp:353]   --->   Operation 99 'add' 'add_ln353_1' <Predicate = (!icmp_ln890_645)> <Delay = 0.70> <CoreInst = "Adder">   --->   Core 1 'Adder' <Latency = 0> <II = 1> <Delay = 0.70> <FuncUnit> <Opcode : 'add' 'sub'> <InPorts = 2> <OutPorts = 1>
ST_6 : Operation 100 [1/1] (0.00ns)   --->   "%zext_ln353_4 = zext i8 %add_ln353_1" [./dut.cpp:353]   --->   Operation 100 'zext' 'zext_ln353_4' <Predicate = (!icmp_ln890_645)> <Delay = 0.00>
ST_6 : Operation 101 [1/1] (0.00ns)   --->   "%local_A_pong_V_addr_132 = getelementptr i256 %local_A_pong_V, i64 0, i64 %zext_ln353_4" [./dut.cpp:353]   --->   Operation 101 'getelementptr' 'local_A_pong_V_addr_132' <Predicate = (!icmp_ln890_645)> <Delay = 0.00>
ST_6 : Operation 102 [1/2] (1.20ns)   --->   "%local_A_pong_V_load = load i9 %local_A_pong_V_addr_129" [./dut.cpp:353]   --->   Operation 102 'load' 'local_A_pong_V_load' <Predicate = (!icmp_ln890_645)> <Delay = 1.20> <CoreInst = "RAM_2P_BRAM">   --->   Core 94 'RAM_2P_BRAM' <Latency = 1> <II = 1> <Delay = 1.20> <Storage> <Opcode : 'load' 'store'> <Ports = 2> <Width = 256> <Depth = 512> <RAM>
ST_6 : Operation 103 [1/1] (1.21ns)   --->   "%write_ln174 = write void @_ssdm_op_Write.ap_fifo.volatile.i256P0A, i256 %fifo_A_PE_4_0_x028, i256 %local_A_pong_V_load" [/home/rcslfpgaserver/Softwares/Xilinx/Vitis_HLS/2020.2/common/technology/autopilot/hls_stream_39.h:174]   --->   Operation 103 'write' 'write_ln174' <Predicate = (!icmp_ln890_645)> <Delay = 1.21> <CoreInst = "FIFO_SRL">   --->   Core 81 'FIFO_SRL' <Latency = 0> <II = 1> <Delay = 1.42> <Storage> <Opcode : 'read' 'write' 'nbread' 'nbwrite'> <Ports = 0> <Width = 256> <Depth = 2> <FIFO>
ST_6 : Operation 104 [2/2] (1.20ns)   --->   "%local_A_pong_V_load_1 = load i9 %local_A_pong_V_addr_130" [./dut.cpp:353]   --->   Operation 104 'load' 'local_A_pong_V_load_1' <Predicate = (!icmp_ln890_645)> <Delay = 1.20> <CoreInst = "RAM_2P_BRAM">   --->   Core 94 'RAM_2P_BRAM' <Latency = 1> <II = 1> <Delay = 1.20> <Storage> <Opcode : 'load' 'store'> <Ports = 2> <Width = 256> <Depth = 512> <RAM>
ST_6 : Operation 105 [1/2] (1.20ns)   --->   "%local_A_pong_V_load_2 = load i9 %local_A_pong_V_addr_131" [./dut.cpp:353]   --->   Operation 105 'load' 'local_A_pong_V_load_2' <Predicate = (!icmp_ln890_645)> <Delay = 1.20> <CoreInst = "RAM_2P_BRAM">   --->   Core 94 'RAM_2P_BRAM' <Latency = 1> <II = 1> <Delay = 1.20> <Storage> <Opcode : 'load' 'store'> <Ports = 2> <Width = 256> <Depth = 512> <RAM>
ST_6 : Operation 106 [2/2] (1.20ns)   --->   "%local_A_pong_V_load_3 = load i9 %local_A_pong_V_addr_132" [./dut.cpp:353]   --->   Operation 106 'load' 'local_A_pong_V_load_3' <Predicate = (!icmp_ln890_645)> <Delay = 1.20> <CoreInst = "RAM_2P_BRAM">   --->   Core 94 'RAM_2P_BRAM' <Latency = 1> <II = 1> <Delay = 1.20> <Storage> <Opcode : 'load' 'store'> <Ports = 2> <Width = 256> <Depth = 512> <RAM>

State 7 <SV = 5> <Delay = 2.41>
ST_7 : Operation 107 [1/1] (0.00ns)   --->   "%tmp_s = bitconcatenate i64 @_ssdm_op_BitConcatenate.i64.i58.i6, i58 2, i6 %select_ln890_517" [./dut.cpp:353]   --->   Operation 107 'bitconcatenate' 'tmp_s' <Predicate = (!icmp_ln890_645)> <Delay = 0.00>
ST_7 : Operation 108 [1/1] (0.00ns)   --->   "%local_A_pong_V_addr_133 = getelementptr i256 %local_A_pong_V, i64 0, i64 %tmp_s" [./dut.cpp:353]   --->   Operation 108 'getelementptr' 'local_A_pong_V_addr_133' <Predicate = (!icmp_ln890_645)> <Delay = 0.00>
ST_7 : Operation 109 [1/1] (0.70ns)   --->   "%add_ln353_2 = add i8 %zext_ln353_1, i8 160" [./dut.cpp:353]   --->   Operation 109 'add' 'add_ln353_2' <Predicate = (!icmp_ln890_645)> <Delay = 0.70> <CoreInst = "Adder">   --->   Core 1 'Adder' <Latency = 0> <II = 1> <Delay = 0.70> <FuncUnit> <Opcode : 'add' 'sub'> <InPorts = 2> <OutPorts = 1>
ST_7 : Operation 110 [1/1] (0.00ns)   --->   "%zext_ln353_5 = zext i8 %add_ln353_2" [./dut.cpp:353]   --->   Operation 110 'zext' 'zext_ln353_5' <Predicate = (!icmp_ln890_645)> <Delay = 0.00>
ST_7 : Operation 111 [1/1] (0.00ns)   --->   "%local_A_pong_V_addr_134 = getelementptr i256 %local_A_pong_V, i64 0, i64 %zext_ln353_5" [./dut.cpp:353]   --->   Operation 111 'getelementptr' 'local_A_pong_V_addr_134' <Predicate = (!icmp_ln890_645)> <Delay = 0.00>
ST_7 : Operation 112 [1/2] (1.20ns)   --->   "%local_A_pong_V_load_1 = load i9 %local_A_pong_V_addr_130" [./dut.cpp:353]   --->   Operation 112 'load' 'local_A_pong_V_load_1' <Predicate = (!icmp_ln890_645)> <Delay = 1.20> <CoreInst = "RAM_2P_BRAM">   --->   Core 94 'RAM_2P_BRAM' <Latency = 1> <II = 1> <Delay = 1.20> <Storage> <Opcode : 'load' 'store'> <Ports = 2> <Width = 256> <Depth = 512> <RAM>
ST_7 : Operation 113 [1/1] (1.21ns)   --->   "%write_ln174 = write void @_ssdm_op_Write.ap_fifo.volatile.i256P0A, i256 %fifo_A_PE_4_0_x028, i256 %local_A_pong_V_load_1" [/home/rcslfpgaserver/Softwares/Xilinx/Vitis_HLS/2020.2/common/technology/autopilot/hls_stream_39.h:174]   --->   Operation 113 'write' 'write_ln174' <Predicate = (!icmp_ln890_645)> <Delay = 1.21> <CoreInst = "FIFO_SRL">   --->   Core 81 'FIFO_SRL' <Latency = 0> <II = 1> <Delay = 1.42> <Storage> <Opcode : 'read' 'write' 'nbread' 'nbwrite'> <Ports = 0> <Width = 256> <Depth = 2> <FIFO>
ST_7 : Operation 114 [1/2] (1.20ns)   --->   "%local_A_pong_V_load_3 = load i9 %local_A_pong_V_addr_132" [./dut.cpp:353]   --->   Operation 114 'load' 'local_A_pong_V_load_3' <Predicate = (!icmp_ln890_645)> <Delay = 1.20> <CoreInst = "RAM_2P_BRAM">   --->   Core 94 'RAM_2P_BRAM' <Latency = 1> <II = 1> <Delay = 1.20> <Storage> <Opcode : 'load' 'store'> <Ports = 2> <Width = 256> <Depth = 512> <RAM>
ST_7 : Operation 115 [2/2] (1.20ns)   --->   "%local_A_pong_V_load_4 = load i9 %local_A_pong_V_addr_133" [./dut.cpp:353]   --->   Operation 115 'load' 'local_A_pong_V_load_4' <Predicate = (!icmp_ln890_645)> <Delay = 1.20> <CoreInst = "RAM_2P_BRAM">   --->   Core 94 'RAM_2P_BRAM' <Latency = 1> <II = 1> <Delay = 1.20> <Storage> <Opcode : 'load' 'store'> <Ports = 2> <Width = 256> <Depth = 512> <RAM>
ST_7 : Operation 116 [2/2] (1.20ns)   --->   "%local_A_pong_V_load_5 = load i9 %local_A_pong_V_addr_134" [./dut.cpp:353]   --->   Operation 116 'load' 'local_A_pong_V_load_5' <Predicate = (!icmp_ln890_645)> <Delay = 1.20> <CoreInst = "RAM_2P_BRAM">   --->   Core 94 'RAM_2P_BRAM' <Latency = 1> <II = 1> <Delay = 1.20> <Storage> <Opcode : 'load' 'store'> <Ports = 2> <Width = 256> <Depth = 512> <RAM>

State 8 <SV = 6> <Delay = 1.91>
ST_8 : Operation 117 [1/1] (0.00ns)   --->   "%zext_ln353 = zext i6 %select_ln890_517" [./dut.cpp:353]   --->   Operation 117 'zext' 'zext_ln353' <Predicate = (!icmp_ln890_645)> <Delay = 0.00>
ST_8 : Operation 118 [1/1] (0.00ns)   --->   "%tmp_785 = bitconcatenate i64 @_ssdm_op_BitConcatenate.i64.i58.i6, i58 3, i6 %select_ln890_517" [./dut.cpp:353]   --->   Operation 118 'bitconcatenate' 'tmp_785' <Predicate = (!icmp_ln890_645)> <Delay = 0.00>
ST_8 : Operation 119 [1/1] (0.00ns)   --->   "%local_A_pong_V_addr_135 = getelementptr i256 %local_A_pong_V, i64 0, i64 %tmp_785" [./dut.cpp:353]   --->   Operation 119 'getelementptr' 'local_A_pong_V_addr_135' <Predicate = (!icmp_ln890_645)> <Delay = 0.00>
ST_8 : Operation 120 [1/1] (0.71ns)   --->   "%add_ln353_3 = add i9 %zext_ln353, i9 224" [./dut.cpp:353]   --->   Operation 120 'add' 'add_ln353_3' <Predicate = (!icmp_ln890_645)> <Delay = 0.71> <CoreInst = "Adder">   --->   Core 1 'Adder' <Latency = 0> <II = 1> <Delay = 0.70> <FuncUnit> <Opcode : 'add' 'sub'> <InPorts = 2> <OutPorts = 1>
ST_8 : Operation 121 [1/1] (0.00ns)   --->   "%zext_ln353_6 = zext i9 %add_ln353_3" [./dut.cpp:353]   --->   Operation 121 'zext' 'zext_ln353_6' <Predicate = (!icmp_ln890_645)> <Delay = 0.00>
ST_8 : Operation 122 [1/1] (0.00ns)   --->   "%local_A_pong_V_addr_136 = getelementptr i256 %local_A_pong_V, i64 0, i64 %zext_ln353_6" [./dut.cpp:353]   --->   Operation 122 'getelementptr' 'local_A_pong_V_addr_136' <Predicate = (!icmp_ln890_645)> <Delay = 0.00>
ST_8 : Operation 123 [1/1] (1.21ns)   --->   "%write_ln174 = write void @_ssdm_op_Write.ap_fifo.volatile.i256P0A, i256 %fifo_A_PE_4_0_x028, i256 %local_A_pong_V_load_2" [/home/rcslfpgaserver/Softwares/Xilinx/Vitis_HLS/2020.2/common/technology/autopilot/hls_stream_39.h:174]   --->   Operation 123 'write' 'write_ln174' <Predicate = (!icmp_ln890_645)> <Delay = 1.21> <CoreInst = "FIFO_SRL">   --->   Core 81 'FIFO_SRL' <Latency = 0> <II = 1> <Delay = 1.42> <Storage> <Opcode : 'read' 'write' 'nbread' 'nbwrite'> <Ports = 0> <Width = 256> <Depth = 2> <FIFO>
ST_8 : Operation 124 [1/2] (1.20ns)   --->   "%local_A_pong_V_load_4 = load i9 %local_A_pong_V_addr_133" [./dut.cpp:353]   --->   Operation 124 'load' 'local_A_pong_V_load_4' <Predicate = (!icmp_ln890_645)> <Delay = 1.20> <CoreInst = "RAM_2P_BRAM">   --->   Core 94 'RAM_2P_BRAM' <Latency = 1> <II = 1> <Delay = 1.20> <Storage> <Opcode : 'load' 'store'> <Ports = 2> <Width = 256> <Depth = 512> <RAM>
ST_8 : Operation 125 [1/2] (1.20ns)   --->   "%local_A_pong_V_load_5 = load i9 %local_A_pong_V_addr_134" [./dut.cpp:353]   --->   Operation 125 'load' 'local_A_pong_V_load_5' <Predicate = (!icmp_ln890_645)> <Delay = 1.20> <CoreInst = "RAM_2P_BRAM">   --->   Core 94 'RAM_2P_BRAM' <Latency = 1> <II = 1> <Delay = 1.20> <Storage> <Opcode : 'load' 'store'> <Ports = 2> <Width = 256> <Depth = 512> <RAM>
ST_8 : Operation 126 [2/2] (1.20ns)   --->   "%local_A_pong_V_load_6 = load i9 %local_A_pong_V_addr_135" [./dut.cpp:353]   --->   Operation 126 'load' 'local_A_pong_V_load_6' <Predicate = (!icmp_ln890_645)> <Delay = 1.20> <CoreInst = "RAM_2P_BRAM">   --->   Core 94 'RAM_2P_BRAM' <Latency = 1> <II = 1> <Delay = 1.20> <Storage> <Opcode : 'load' 'store'> <Ports = 2> <Width = 256> <Depth = 512> <RAM>
ST_8 : Operation 127 [2/2] (1.20ns)   --->   "%local_A_pong_V_load_7 = load i9 %local_A_pong_V_addr_136" [./dut.cpp:353]   --->   Operation 127 'load' 'local_A_pong_V_load_7' <Predicate = (!icmp_ln890_645)> <Delay = 1.20> <CoreInst = "RAM_2P_BRAM">   --->   Core 94 'RAM_2P_BRAM' <Latency = 1> <II = 1> <Delay = 1.20> <Storage> <Opcode : 'load' 'store'> <Ports = 2> <Width = 256> <Depth = 512> <RAM>

State 9 <SV = 7> <Delay = 1.91>
ST_9 : Operation 128 [1/1] (0.00ns)   --->   "%tmp_786 = bitconcatenate i64 @_ssdm_op_BitConcatenate.i64.i58.i6, i58 4, i6 %select_ln890_517" [./dut.cpp:353]   --->   Operation 128 'bitconcatenate' 'tmp_786' <Predicate = (!icmp_ln890_645)> <Delay = 0.00>
ST_9 : Operation 129 [1/1] (0.00ns)   --->   "%local_A_pong_V_addr_137 = getelementptr i256 %local_A_pong_V, i64 0, i64 %tmp_786" [./dut.cpp:353]   --->   Operation 129 'getelementptr' 'local_A_pong_V_addr_137' <Predicate = (!icmp_ln890_645)> <Delay = 0.00>
ST_9 : Operation 130 [1/1] (0.71ns)   --->   "%add_ln353_4 = add i9 %zext_ln353, i9 288" [./dut.cpp:353]   --->   Operation 130 'add' 'add_ln353_4' <Predicate = (!icmp_ln890_645)> <Delay = 0.71> <CoreInst = "Adder">   --->   Core 1 'Adder' <Latency = 0> <II = 1> <Delay = 0.70> <FuncUnit> <Opcode : 'add' 'sub'> <InPorts = 2> <OutPorts = 1>
ST_9 : Operation 131 [1/1] (0.00ns)   --->   "%zext_ln353_7 = zext i9 %add_ln353_4" [./dut.cpp:353]   --->   Operation 131 'zext' 'zext_ln353_7' <Predicate = (!icmp_ln890_645)> <Delay = 0.00>
ST_9 : Operation 132 [1/1] (0.00ns)   --->   "%local_A_pong_V_addr_138 = getelementptr i256 %local_A_pong_V, i64 0, i64 %zext_ln353_7" [./dut.cpp:353]   --->   Operation 132 'getelementptr' 'local_A_pong_V_addr_138' <Predicate = (!icmp_ln890_645)> <Delay = 0.00>
ST_9 : Operation 133 [1/1] (1.21ns)   --->   "%write_ln174 = write void @_ssdm_op_Write.ap_fifo.volatile.i256P0A, i256 %fifo_A_PE_4_0_x028, i256 %local_A_pong_V_load_3" [/home/rcslfpgaserver/Softwares/Xilinx/Vitis_HLS/2020.2/common/technology/autopilot/hls_stream_39.h:174]   --->   Operation 133 'write' 'write_ln174' <Predicate = (!icmp_ln890_645)> <Delay = 1.21> <CoreInst = "FIFO_SRL">   --->   Core 81 'FIFO_SRL' <Latency = 0> <II = 1> <Delay = 1.42> <Storage> <Opcode : 'read' 'write' 'nbread' 'nbwrite'> <Ports = 0> <Width = 256> <Depth = 2> <FIFO>
ST_9 : Operation 134 [1/2] (1.20ns)   --->   "%local_A_pong_V_load_6 = load i9 %local_A_pong_V_addr_135" [./dut.cpp:353]   --->   Operation 134 'load' 'local_A_pong_V_load_6' <Predicate = (!icmp_ln890_645)> <Delay = 1.20> <CoreInst = "RAM_2P_BRAM">   --->   Core 94 'RAM_2P_BRAM' <Latency = 1> <II = 1> <Delay = 1.20> <Storage> <Opcode : 'load' 'store'> <Ports = 2> <Width = 256> <Depth = 512> <RAM>
ST_9 : Operation 135 [1/2] (1.20ns)   --->   "%local_A_pong_V_load_7 = load i9 %local_A_pong_V_addr_136" [./dut.cpp:353]   --->   Operation 135 'load' 'local_A_pong_V_load_7' <Predicate = (!icmp_ln890_645)> <Delay = 1.20> <CoreInst = "RAM_2P_BRAM">   --->   Core 94 'RAM_2P_BRAM' <Latency = 1> <II = 1> <Delay = 1.20> <Storage> <Opcode : 'load' 'store'> <Ports = 2> <Width = 256> <Depth = 512> <RAM>
ST_9 : Operation 136 [2/2] (1.20ns)   --->   "%local_A_pong_V_load_8 = load i9 %local_A_pong_V_addr_137" [./dut.cpp:353]   --->   Operation 136 'load' 'local_A_pong_V_load_8' <Predicate = (!icmp_ln890_645)> <Delay = 1.20> <CoreInst = "RAM_2P_BRAM">   --->   Core 94 'RAM_2P_BRAM' <Latency = 1> <II = 1> <Delay = 1.20> <Storage> <Opcode : 'load' 'store'> <Ports = 2> <Width = 256> <Depth = 512> <RAM>
ST_9 : Operation 137 [2/2] (1.20ns)   --->   "%local_A_pong_V_load_9 = load i9 %local_A_pong_V_addr_138" [./dut.cpp:353]   --->   Operation 137 'load' 'local_A_pong_V_load_9' <Predicate = (!icmp_ln890_645)> <Delay = 1.20> <CoreInst = "RAM_2P_BRAM">   --->   Core 94 'RAM_2P_BRAM' <Latency = 1> <II = 1> <Delay = 1.20> <Storage> <Opcode : 'load' 'store'> <Ports = 2> <Width = 256> <Depth = 512> <RAM>

State 10 <SV = 8> <Delay = 1.91>
ST_10 : Operation 138 [1/1] (0.00ns)   --->   "%tmp_787 = bitconcatenate i64 @_ssdm_op_BitConcatenate.i64.i58.i6, i58 5, i6 %select_ln890_517" [./dut.cpp:353]   --->   Operation 138 'bitconcatenate' 'tmp_787' <Predicate = (!icmp_ln890_645)> <Delay = 0.00>
ST_10 : Operation 139 [1/1] (0.00ns)   --->   "%local_A_pong_V_addr_139 = getelementptr i256 %local_A_pong_V, i64 0, i64 %tmp_787" [./dut.cpp:353]   --->   Operation 139 'getelementptr' 'local_A_pong_V_addr_139' <Predicate = (!icmp_ln890_645)> <Delay = 0.00>
ST_10 : Operation 140 [1/1] (0.71ns)   --->   "%add_ln353_5 = add i9 %zext_ln353, i9 352" [./dut.cpp:353]   --->   Operation 140 'add' 'add_ln353_5' <Predicate = (!icmp_ln890_645)> <Delay = 0.71> <CoreInst = "Adder">   --->   Core 1 'Adder' <Latency = 0> <II = 1> <Delay = 0.70> <FuncUnit> <Opcode : 'add' 'sub'> <InPorts = 2> <OutPorts = 1>
ST_10 : Operation 141 [1/1] (0.00ns)   --->   "%zext_ln353_8 = zext i9 %add_ln353_5" [./dut.cpp:353]   --->   Operation 141 'zext' 'zext_ln353_8' <Predicate = (!icmp_ln890_645)> <Delay = 0.00>
ST_10 : Operation 142 [1/1] (0.00ns)   --->   "%local_A_pong_V_addr_140 = getelementptr i256 %local_A_pong_V, i64 0, i64 %zext_ln353_8" [./dut.cpp:353]   --->   Operation 142 'getelementptr' 'local_A_pong_V_addr_140' <Predicate = (!icmp_ln890_645)> <Delay = 0.00>
ST_10 : Operation 143 [1/1] (1.21ns)   --->   "%write_ln174 = write void @_ssdm_op_Write.ap_fifo.volatile.i256P0A, i256 %fifo_A_PE_4_0_x028, i256 %local_A_pong_V_load_4" [/home/rcslfpgaserver/Softwares/Xilinx/Vitis_HLS/2020.2/common/technology/autopilot/hls_stream_39.h:174]   --->   Operation 143 'write' 'write_ln174' <Predicate = (!icmp_ln890_645)> <Delay = 1.21> <CoreInst = "FIFO_SRL">   --->   Core 81 'FIFO_SRL' <Latency = 0> <II = 1> <Delay = 1.42> <Storage> <Opcode : 'read' 'write' 'nbread' 'nbwrite'> <Ports = 0> <Width = 256> <Depth = 2> <FIFO>
ST_10 : Operation 144 [1/2] (1.20ns)   --->   "%local_A_pong_V_load_8 = load i9 %local_A_pong_V_addr_137" [./dut.cpp:353]   --->   Operation 144 'load' 'local_A_pong_V_load_8' <Predicate = (!icmp_ln890_645)> <Delay = 1.20> <CoreInst = "RAM_2P_BRAM">   --->   Core 94 'RAM_2P_BRAM' <Latency = 1> <II = 1> <Delay = 1.20> <Storage> <Opcode : 'load' 'store'> <Ports = 2> <Width = 256> <Depth = 512> <RAM>
ST_10 : Operation 145 [1/2] (1.20ns)   --->   "%local_A_pong_V_load_9 = load i9 %local_A_pong_V_addr_138" [./dut.cpp:353]   --->   Operation 145 'load' 'local_A_pong_V_load_9' <Predicate = (!icmp_ln890_645)> <Delay = 1.20> <CoreInst = "RAM_2P_BRAM">   --->   Core 94 'RAM_2P_BRAM' <Latency = 1> <II = 1> <Delay = 1.20> <Storage> <Opcode : 'load' 'store'> <Ports = 2> <Width = 256> <Depth = 512> <RAM>
ST_10 : Operation 146 [2/2] (1.20ns)   --->   "%local_A_pong_V_load_10 = load i9 %local_A_pong_V_addr_139" [./dut.cpp:353]   --->   Operation 146 'load' 'local_A_pong_V_load_10' <Predicate = (!icmp_ln890_645)> <Delay = 1.20> <CoreInst = "RAM_2P_BRAM">   --->   Core 94 'RAM_2P_BRAM' <Latency = 1> <II = 1> <Delay = 1.20> <Storage> <Opcode : 'load' 'store'> <Ports = 2> <Width = 256> <Depth = 512> <RAM>
ST_10 : Operation 147 [2/2] (1.20ns)   --->   "%local_A_pong_V_load_11 = load i9 %local_A_pong_V_addr_140" [./dut.cpp:353]   --->   Operation 147 'load' 'local_A_pong_V_load_11' <Predicate = (!icmp_ln890_645)> <Delay = 1.20> <CoreInst = "RAM_2P_BRAM">   --->   Core 94 'RAM_2P_BRAM' <Latency = 1> <II = 1> <Delay = 1.20> <Storage> <Opcode : 'load' 'store'> <Ports = 2> <Width = 256> <Depth = 512> <RAM>

State 11 <SV = 9> <Delay = 1.21>
ST_11 : Operation 148 [1/1] (0.00ns)   --->   "%tmp_788 = bitconcatenate i64 @_ssdm_op_BitConcatenate.i64.i58.i6, i58 6, i6 %select_ln890_517" [./dut.cpp:353]   --->   Operation 148 'bitconcatenate' 'tmp_788' <Predicate = (!icmp_ln890_645)> <Delay = 0.00>
ST_11 : Operation 149 [1/1] (0.00ns)   --->   "%local_A_pong_V_addr_141 = getelementptr i256 %local_A_pong_V, i64 0, i64 %tmp_788" [./dut.cpp:353]   --->   Operation 149 'getelementptr' 'local_A_pong_V_addr_141' <Predicate = (!icmp_ln890_645)> <Delay = 0.00>
ST_11 : Operation 150 [1/1] (0.00ns)   --->   "%sext_ln353 = sext i8 %add_ln353_2" [./dut.cpp:353]   --->   Operation 150 'sext' 'sext_ln353' <Predicate = (!icmp_ln890_645)> <Delay = 0.00>
ST_11 : Operation 151 [1/1] (0.00ns)   --->   "%zext_ln353_9 = zext i9 %sext_ln353" [./dut.cpp:353]   --->   Operation 151 'zext' 'zext_ln353_9' <Predicate = (!icmp_ln890_645)> <Delay = 0.00>
ST_11 : Operation 152 [1/1] (0.00ns)   --->   "%local_A_pong_V_addr_142 = getelementptr i256 %local_A_pong_V, i64 0, i64 %zext_ln353_9" [./dut.cpp:353]   --->   Operation 152 'getelementptr' 'local_A_pong_V_addr_142' <Predicate = (!icmp_ln890_645)> <Delay = 0.00>
ST_11 : Operation 153 [1/1] (1.21ns)   --->   "%write_ln174 = write void @_ssdm_op_Write.ap_fifo.volatile.i256P0A, i256 %fifo_A_PE_4_0_x028, i256 %local_A_pong_V_load_5" [/home/rcslfpgaserver/Softwares/Xilinx/Vitis_HLS/2020.2/common/technology/autopilot/hls_stream_39.h:174]   --->   Operation 153 'write' 'write_ln174' <Predicate = (!icmp_ln890_645)> <Delay = 1.21> <CoreInst = "FIFO_SRL">   --->   Core 81 'FIFO_SRL' <Latency = 0> <II = 1> <Delay = 1.42> <Storage> <Opcode : 'read' 'write' 'nbread' 'nbwrite'> <Ports = 0> <Width = 256> <Depth = 2> <FIFO>
ST_11 : Operation 154 [1/2] (1.20ns)   --->   "%local_A_pong_V_load_10 = load i9 %local_A_pong_V_addr_139" [./dut.cpp:353]   --->   Operation 154 'load' 'local_A_pong_V_load_10' <Predicate = (!icmp_ln890_645)> <Delay = 1.20> <CoreInst = "RAM_2P_BRAM">   --->   Core 94 'RAM_2P_BRAM' <Latency = 1> <II = 1> <Delay = 1.20> <Storage> <Opcode : 'load' 'store'> <Ports = 2> <Width = 256> <Depth = 512> <RAM>
ST_11 : Operation 155 [1/2] (1.20ns)   --->   "%local_A_pong_V_load_11 = load i9 %local_A_pong_V_addr_140" [./dut.cpp:353]   --->   Operation 155 'load' 'local_A_pong_V_load_11' <Predicate = (!icmp_ln890_645)> <Delay = 1.20> <CoreInst = "RAM_2P_BRAM">   --->   Core 94 'RAM_2P_BRAM' <Latency = 1> <II = 1> <Delay = 1.20> <Storage> <Opcode : 'load' 'store'> <Ports = 2> <Width = 256> <Depth = 512> <RAM>
ST_11 : Operation 156 [2/2] (1.20ns)   --->   "%local_A_pong_V_load_12 = load i9 %local_A_pong_V_addr_141" [./dut.cpp:353]   --->   Operation 156 'load' 'local_A_pong_V_load_12' <Predicate = (!icmp_ln890_645)> <Delay = 1.20> <CoreInst = "RAM_2P_BRAM">   --->   Core 94 'RAM_2P_BRAM' <Latency = 1> <II = 1> <Delay = 1.20> <Storage> <Opcode : 'load' 'store'> <Ports = 2> <Width = 256> <Depth = 512> <RAM>
ST_11 : Operation 157 [2/2] (1.20ns)   --->   "%local_A_pong_V_load_13 = load i9 %local_A_pong_V_addr_142" [./dut.cpp:353]   --->   Operation 157 'load' 'local_A_pong_V_load_13' <Predicate = (!icmp_ln890_645)> <Delay = 1.20> <CoreInst = "RAM_2P_BRAM">   --->   Core 94 'RAM_2P_BRAM' <Latency = 1> <II = 1> <Delay = 1.20> <Storage> <Opcode : 'load' 'store'> <Ports = 2> <Width = 256> <Depth = 512> <RAM>

State 12 <SV = 10> <Delay = 1.32>
ST_12 : Operation 158 [1/1] (0.00ns)   --->   "%tmp_789 = bitconcatenate i64 @_ssdm_op_BitConcatenate.i64.i58.i6, i58 7, i6 %select_ln890_517" [./dut.cpp:353]   --->   Operation 158 'bitconcatenate' 'tmp_789' <Predicate = (!icmp_ln890_645)> <Delay = 0.00>
ST_12 : Operation 159 [1/1] (0.00ns)   --->   "%local_A_pong_V_addr_143 = getelementptr i256 %local_A_pong_V, i64 0, i64 %tmp_789" [./dut.cpp:353]   --->   Operation 159 'getelementptr' 'local_A_pong_V_addr_143' <Predicate = (!icmp_ln890_645)> <Delay = 0.00>
ST_12 : Operation 160 [1/1] (0.12ns)   --->   "%xor_ln353 = xor i6 %select_ln890_517, i6 32" [./dut.cpp:353]   --->   Operation 160 'xor' 'xor_ln353' <Predicate = (!icmp_ln890_645)> <Delay = 0.12> <CoreInst = "LogicGate">   --->   Core 74 'LogicGate' <Latency = 0> <II = 1> <Delay = 0.12> <FuncUnit> <Opcode : 'and' 'or' 'xor'> <InPorts = 2> <OutPorts = 1>
ST_12 : Operation 161 [1/1] (0.00ns)   --->   "%sext_ln353_1 = sext i6 %xor_ln353" [./dut.cpp:353]   --->   Operation 161 'sext' 'sext_ln353_1' <Predicate = (!icmp_ln890_645)> <Delay = 0.00>
ST_12 : Operation 162 [1/1] (0.00ns)   --->   "%zext_ln353_10 = zext i9 %sext_ln353_1" [./dut.cpp:353]   --->   Operation 162 'zext' 'zext_ln353_10' <Predicate = (!icmp_ln890_645)> <Delay = 0.00>
ST_12 : Operation 163 [1/1] (0.00ns)   --->   "%local_A_pong_V_addr_144 = getelementptr i256 %local_A_pong_V, i64 0, i64 %zext_ln353_10" [./dut.cpp:353]   --->   Operation 163 'getelementptr' 'local_A_pong_V_addr_144' <Predicate = (!icmp_ln890_645)> <Delay = 0.00>
ST_12 : Operation 164 [1/1] (1.21ns)   --->   "%write_ln174 = write void @_ssdm_op_Write.ap_fifo.volatile.i256P0A, i256 %fifo_A_PE_4_0_x028, i256 %local_A_pong_V_load_6" [/home/rcslfpgaserver/Softwares/Xilinx/Vitis_HLS/2020.2/common/technology/autopilot/hls_stream_39.h:174]   --->   Operation 164 'write' 'write_ln174' <Predicate = (!icmp_ln890_645)> <Delay = 1.21> <CoreInst = "FIFO_SRL">   --->   Core 81 'FIFO_SRL' <Latency = 0> <II = 1> <Delay = 1.42> <Storage> <Opcode : 'read' 'write' 'nbread' 'nbwrite'> <Ports = 0> <Width = 256> <Depth = 2> <FIFO>
ST_12 : Operation 165 [1/2] (1.20ns)   --->   "%local_A_pong_V_load_12 = load i9 %local_A_pong_V_addr_141" [./dut.cpp:353]   --->   Operation 165 'load' 'local_A_pong_V_load_12' <Predicate = (!icmp_ln890_645)> <Delay = 1.20> <CoreInst = "RAM_2P_BRAM">   --->   Core 94 'RAM_2P_BRAM' <Latency = 1> <II = 1> <Delay = 1.20> <Storage> <Opcode : 'load' 'store'> <Ports = 2> <Width = 256> <Depth = 512> <RAM>
ST_12 : Operation 166 [1/2] (1.20ns)   --->   "%local_A_pong_V_load_13 = load i9 %local_A_pong_V_addr_142" [./dut.cpp:353]   --->   Operation 166 'load' 'local_A_pong_V_load_13' <Predicate = (!icmp_ln890_645)> <Delay = 1.20> <CoreInst = "RAM_2P_BRAM">   --->   Core 94 'RAM_2P_BRAM' <Latency = 1> <II = 1> <Delay = 1.20> <Storage> <Opcode : 'load' 'store'> <Ports = 2> <Width = 256> <Depth = 512> <RAM>
ST_12 : Operation 167 [2/2] (1.20ns)   --->   "%local_A_pong_V_load_14 = load i9 %local_A_pong_V_addr_143" [./dut.cpp:353]   --->   Operation 167 'load' 'local_A_pong_V_load_14' <Predicate = (!icmp_ln890_645)> <Delay = 1.20> <CoreInst = "RAM_2P_BRAM">   --->   Core 94 'RAM_2P_BRAM' <Latency = 1> <II = 1> <Delay = 1.20> <Storage> <Opcode : 'load' 'store'> <Ports = 2> <Width = 256> <Depth = 512> <RAM>
ST_12 : Operation 168 [2/2] (1.20ns)   --->   "%local_A_pong_V_load_15 = load i9 %local_A_pong_V_addr_144" [./dut.cpp:353]   --->   Operation 168 'load' 'local_A_pong_V_load_15' <Predicate = (!icmp_ln890_645)> <Delay = 1.20> <CoreInst = "RAM_2P_BRAM">   --->   Core 94 'RAM_2P_BRAM' <Latency = 1> <II = 1> <Delay = 1.20> <Storage> <Opcode : 'load' 'store'> <Ports = 2> <Width = 256> <Depth = 512> <RAM>

State 13 <SV = 11> <Delay = 1.21>
ST_13 : Operation 169 [1/1] (1.21ns)   --->   "%write_ln174 = write void @_ssdm_op_Write.ap_fifo.volatile.i256P0A, i256 %fifo_A_PE_4_0_x028, i256 %local_A_pong_V_load_7" [/home/rcslfpgaserver/Softwares/Xilinx/Vitis_HLS/2020.2/common/technology/autopilot/hls_stream_39.h:174]   --->   Operation 169 'write' 'write_ln174' <Predicate = (!icmp_ln890_645)> <Delay = 1.21> <CoreInst = "FIFO_SRL">   --->   Core 81 'FIFO_SRL' <Latency = 0> <II = 1> <Delay = 1.42> <Storage> <Opcode : 'read' 'write' 'nbread' 'nbwrite'> <Ports = 0> <Width = 256> <Depth = 2> <FIFO>
ST_13 : Operation 170 [1/2] (1.20ns)   --->   "%local_A_pong_V_load_14 = load i9 %local_A_pong_V_addr_143" [./dut.cpp:353]   --->   Operation 170 'load' 'local_A_pong_V_load_14' <Predicate = (!icmp_ln890_645)> <Delay = 1.20> <CoreInst = "RAM_2P_BRAM">   --->   Core 94 'RAM_2P_BRAM' <Latency = 1> <II = 1> <Delay = 1.20> <Storage> <Opcode : 'load' 'store'> <Ports = 2> <Width = 256> <Depth = 512> <RAM>
ST_13 : Operation 171 [1/2] (1.20ns)   --->   "%local_A_pong_V_load_15 = load i9 %local_A_pong_V_addr_144" [./dut.cpp:353]   --->   Operation 171 'load' 'local_A_pong_V_load_15' <Predicate = (!icmp_ln890_645)> <Delay = 1.20> <CoreInst = "RAM_2P_BRAM">   --->   Core 94 'RAM_2P_BRAM' <Latency = 1> <II = 1> <Delay = 1.20> <Storage> <Opcode : 'load' 'store'> <Ports = 2> <Width = 256> <Depth = 512> <RAM>

State 14 <SV = 12> <Delay = 1.21>
ST_14 : Operation 172 [1/1] (1.21ns)   --->   "%write_ln174 = write void @_ssdm_op_Write.ap_fifo.volatile.i256P0A, i256 %fifo_A_PE_4_0_x028, i256 %local_A_pong_V_load_8" [/home/rcslfpgaserver/Softwares/Xilinx/Vitis_HLS/2020.2/common/technology/autopilot/hls_stream_39.h:174]   --->   Operation 172 'write' 'write_ln174' <Predicate = (!icmp_ln890_645)> <Delay = 1.21> <CoreInst = "FIFO_SRL">   --->   Core 81 'FIFO_SRL' <Latency = 0> <II = 1> <Delay = 1.42> <Storage> <Opcode : 'read' 'write' 'nbread' 'nbwrite'> <Ports = 0> <Width = 256> <Depth = 2> <FIFO>

State 15 <SV = 13> <Delay = 1.21>
ST_15 : Operation 173 [1/1] (1.21ns)   --->   "%write_ln174 = write void @_ssdm_op_Write.ap_fifo.volatile.i256P0A, i256 %fifo_A_PE_4_0_x028, i256 %local_A_pong_V_load_9" [/home/rcslfpgaserver/Softwares/Xilinx/Vitis_HLS/2020.2/common/technology/autopilot/hls_stream_39.h:174]   --->   Operation 173 'write' 'write_ln174' <Predicate = (!icmp_ln890_645)> <Delay = 1.21> <CoreInst = "FIFO_SRL">   --->   Core 81 'FIFO_SRL' <Latency = 0> <II = 1> <Delay = 1.42> <Storage> <Opcode : 'read' 'write' 'nbread' 'nbwrite'> <Ports = 0> <Width = 256> <Depth = 2> <FIFO>

State 16 <SV = 14> <Delay = 1.21>
ST_16 : Operation 174 [1/1] (1.21ns)   --->   "%write_ln174 = write void @_ssdm_op_Write.ap_fifo.volatile.i256P0A, i256 %fifo_A_PE_4_0_x028, i256 %local_A_pong_V_load_10" [/home/rcslfpgaserver/Softwares/Xilinx/Vitis_HLS/2020.2/common/technology/autopilot/hls_stream_39.h:174]   --->   Operation 174 'write' 'write_ln174' <Predicate = (!icmp_ln890_645)> <Delay = 1.21> <CoreInst = "FIFO_SRL">   --->   Core 81 'FIFO_SRL' <Latency = 0> <II = 1> <Delay = 1.42> <Storage> <Opcode : 'read' 'write' 'nbread' 'nbwrite'> <Ports = 0> <Width = 256> <Depth = 2> <FIFO>

State 17 <SV = 15> <Delay = 1.21>
ST_17 : Operation 175 [1/1] (1.21ns)   --->   "%write_ln174 = write void @_ssdm_op_Write.ap_fifo.volatile.i256P0A, i256 %fifo_A_PE_4_0_x028, i256 %local_A_pong_V_load_11" [/home/rcslfpgaserver/Softwares/Xilinx/Vitis_HLS/2020.2/common/technology/autopilot/hls_stream_39.h:174]   --->   Operation 175 'write' 'write_ln174' <Predicate = (!icmp_ln890_645)> <Delay = 1.21> <CoreInst = "FIFO_SRL">   --->   Core 81 'FIFO_SRL' <Latency = 0> <II = 1> <Delay = 1.42> <Storage> <Opcode : 'read' 'write' 'nbread' 'nbwrite'> <Ports = 0> <Width = 256> <Depth = 2> <FIFO>

State 18 <SV = 16> <Delay = 1.21>
ST_18 : Operation 176 [1/1] (1.21ns)   --->   "%write_ln174 = write void @_ssdm_op_Write.ap_fifo.volatile.i256P0A, i256 %fifo_A_PE_4_0_x028, i256 %local_A_pong_V_load_12" [/home/rcslfpgaserver/Softwares/Xilinx/Vitis_HLS/2020.2/common/technology/autopilot/hls_stream_39.h:174]   --->   Operation 176 'write' 'write_ln174' <Predicate = (!icmp_ln890_645)> <Delay = 1.21> <CoreInst = "FIFO_SRL">   --->   Core 81 'FIFO_SRL' <Latency = 0> <II = 1> <Delay = 1.42> <Storage> <Opcode : 'read' 'write' 'nbread' 'nbwrite'> <Ports = 0> <Width = 256> <Depth = 2> <FIFO>

State 19 <SV = 17> <Delay = 1.21>
ST_19 : Operation 177 [1/1] (1.21ns)   --->   "%write_ln174 = write void @_ssdm_op_Write.ap_fifo.volatile.i256P0A, i256 %fifo_A_PE_4_0_x028, i256 %local_A_pong_V_load_13" [/home/rcslfpgaserver/Softwares/Xilinx/Vitis_HLS/2020.2/common/technology/autopilot/hls_stream_39.h:174]   --->   Operation 177 'write' 'write_ln174' <Predicate = (!icmp_ln890_645)> <Delay = 1.21> <CoreInst = "FIFO_SRL">   --->   Core 81 'FIFO_SRL' <Latency = 0> <II = 1> <Delay = 1.42> <Storage> <Opcode : 'read' 'write' 'nbread' 'nbwrite'> <Ports = 0> <Width = 256> <Depth = 2> <FIFO>

State 20 <SV = 18> <Delay = 1.21>
ST_20 : Operation 178 [1/1] (1.21ns)   --->   "%write_ln174 = write void @_ssdm_op_Write.ap_fifo.volatile.i256P0A, i256 %fifo_A_PE_4_0_x028, i256 %local_A_pong_V_load_14" [/home/rcslfpgaserver/Softwares/Xilinx/Vitis_HLS/2020.2/common/technology/autopilot/hls_stream_39.h:174]   --->   Operation 178 'write' 'write_ln174' <Predicate = (!icmp_ln890_645)> <Delay = 1.21> <CoreInst = "FIFO_SRL">   --->   Core 81 'FIFO_SRL' <Latency = 0> <II = 1> <Delay = 1.42> <Storage> <Opcode : 'read' 'write' 'nbread' 'nbwrite'> <Ports = 0> <Width = 256> <Depth = 2> <FIFO>

State 21 <SV = 19> <Delay = 1.21>
ST_21 : Operation 179 [1/1] (0.00ns)   --->   "%specloopname_ln0 = specloopname void @_ssdm_op_SpecLoopName, void @A_IO_L2_in_4_x0_loop_4_A_IO_L2_in_4_x0_loop_5_str"   --->   Operation 179 'specloopname' 'specloopname_ln0' <Predicate = (!icmp_ln890_645)> <Delay = 0.00>
ST_21 : Operation 180 [1/1] (0.00ns)   --->   "%speclooptripcount_ln0 = speclooptripcount void @_ssdm_op_SpecLoopTripCount, i64 2048, i64 2048, i64 2048"   --->   Operation 180 'speclooptripcount' 'speclooptripcount_ln0' <Predicate = (!icmp_ln890_645)> <Delay = 0.00>
ST_21 : Operation 181 [1/1] (0.00ns)   --->   "%specpipeline_ln348 = specpipeline void @_ssdm_op_SpecPipeline, i32 16, i32 0, i32 0, i32 0, void @empty_822" [./dut.cpp:348]   --->   Operation 181 'specpipeline' 'specpipeline_ln348' <Predicate = (!icmp_ln890_645)> <Delay = 0.00>
ST_21 : Operation 182 [1/1] (0.00ns)   --->   "%specloopname_ln348 = specloopname void @_ssdm_op_SpecLoopName, void @empty_639" [./dut.cpp:348]   --->   Operation 182 'specloopname' 'specloopname_ln348' <Predicate = (!icmp_ln890_645)> <Delay = 0.00>
ST_21 : Operation 183 [1/1] (1.21ns)   --->   "%write_ln174 = write void @_ssdm_op_Write.ap_fifo.volatile.i256P0A, i256 %fifo_A_PE_4_0_x028, i256 %local_A_pong_V_load_15" [/home/rcslfpgaserver/Softwares/Xilinx/Vitis_HLS/2020.2/common/technology/autopilot/hls_stream_39.h:174]   --->   Operation 183 'write' 'write_ln174' <Predicate = (!icmp_ln890_645)> <Delay = 1.21> <CoreInst = "FIFO_SRL">   --->   Core 81 'FIFO_SRL' <Latency = 0> <II = 1> <Delay = 1.42> <Storage> <Opcode : 'read' 'write' 'nbread' 'nbwrite'> <Ports = 0> <Width = 256> <Depth = 2> <FIFO>
ST_21 : Operation 184 [1/1] (0.00ns)   --->   "%br_ln0 = br void %.preheader.preheader"   --->   Operation 184 'br' 'br_ln0' <Predicate = (!icmp_ln890_645)> <Delay = 0.00>

State 22 <SV = 4> <Delay = 0.00>
ST_22 : Operation 185 [1/1] (0.00ns)   --->   "%ret_ln358 = ret" [./dut.cpp:358]   --->   Operation 185 'ret' 'ret_ln358' <Predicate = true> <Delay = 0.00>


============================================================
+ Verbose Summary: Timing violations
============================================================
Target clock period: 3.33ns, clock uncertainty: 0.9ns.

 <State 1>: 0.387ns
The critical path consists of the following:
	multiplexor before 'phi' operation ('indvar_flatten13') with incoming values : ('add_ln890_205') [12]  (0.387 ns)

 <State 2>: 2.32ns
The critical path consists of the following:
	'phi' operation ('indvar_flatten') with incoming values : ('select_ln890_518') [14]  (0 ns)
	'icmp' operation ('icmp_ln890_644') [24]  (0.617 ns)
	'select' operation ('select_ln327', ./dut.cpp:327) [25]  (0.278 ns)
	'add' operation ('add_ln691_833') [33]  (0.707 ns)
	'select' operation ('select_ln890_515') [40]  (0 ns)
	'add' operation ('add_ln336', ./dut.cpp:336) [44]  (0.715 ns)

 <State 3>: 2.43ns
The critical path consists of the following:
	fifo read on port 'fifo_A_A_IO_L2_in_4_x05' (/home/rcslfpgaserver/Softwares/Xilinx/Vitis_HLS/2020.2/common/technology/autopilot/hls_stream_39.h:145) [49]  (1.22 ns)
	fifo write on port 'fifo_A_A_IO_L2_in_5_x06' (/home/rcslfpgaserver/Softwares/Xilinx/Vitis_HLS/2020.2/common/technology/autopilot/hls_stream_39.h:174) [52]  (1.22 ns)

 <State 4>: 0.387ns
The critical path consists of the following:
	multiplexor before 'phi' operation ('indvar_flatten37') with incoming values : ('add_ln890') [65]  (0.387 ns)

 <State 5>: 2.2ns
The critical path consists of the following:
	'phi' operation ('c5.V') with incoming values : ('select_ln890_517') [66]  (0 ns)
	'add' operation ('add_ln691_834') [72]  (0.706 ns)
	'select' operation ('select_ln890_517') [76]  (0.293 ns)
	'getelementptr' operation ('local_A_pong_V_addr_129', ./dut.cpp:353) [81]  (0 ns)
	'load' operation ('local_A_pong_V_load', ./dut.cpp:353) on array 'local_A_pong.V', ./dut.cpp:320 [123]  (1.2 ns)

 <State 6>: 2.42ns
The critical path consists of the following:
	'load' operation ('local_A_pong_V_load', ./dut.cpp:353) on array 'local_A_pong.V', ./dut.cpp:320 [123]  (1.2 ns)
	fifo write on port 'fifo_A_PE_4_0_x028' (/home/rcslfpgaserver/Softwares/Xilinx/Vitis_HLS/2020.2/common/technology/autopilot/hls_stream_39.h:174) [124]  (1.22 ns)

 <State 7>: 2.42ns
The critical path consists of the following:
	'load' operation ('local_A_pong_V_load_1', ./dut.cpp:353) on array 'local_A_pong.V', ./dut.cpp:320 [125]  (1.2 ns)
	fifo write on port 'fifo_A_PE_4_0_x028' (/home/rcslfpgaserver/Softwares/Xilinx/Vitis_HLS/2020.2/common/technology/autopilot/hls_stream_39.h:174) [126]  (1.22 ns)

 <State 8>: 1.92ns
The critical path consists of the following:
	'add' operation ('add_ln353_3', ./dut.cpp:353) [97]  (0.715 ns)
	'getelementptr' operation ('local_A_pong_V_addr_136', ./dut.cpp:353) [99]  (0 ns)
	'load' operation ('local_A_pong_V_load_7', ./dut.cpp:353) on array 'local_A_pong.V', ./dut.cpp:320 [137]  (1.2 ns)

 <State 9>: 1.92ns
The critical path consists of the following:
	'add' operation ('add_ln353_4', ./dut.cpp:353) [102]  (0.715 ns)
	'getelementptr' operation ('local_A_pong_V_addr_138', ./dut.cpp:353) [104]  (0 ns)
	'load' operation ('local_A_pong_V_load_9', ./dut.cpp:353) on array 'local_A_pong.V', ./dut.cpp:320 [141]  (1.2 ns)

 <State 10>: 1.92ns
The critical path consists of the following:
	'add' operation ('add_ln353_5', ./dut.cpp:353) [107]  (0.715 ns)
	'getelementptr' operation ('local_A_pong_V_addr_140', ./dut.cpp:353) [109]  (0 ns)
	'load' operation ('local_A_pong_V_load_11', ./dut.cpp:353) on array 'local_A_pong.V', ./dut.cpp:320 [145]  (1.2 ns)

 <State 11>: 1.22ns
The critical path consists of the following:
	fifo write on port 'fifo_A_PE_4_0_x028' (/home/rcslfpgaserver/Softwares/Xilinx/Vitis_HLS/2020.2/common/technology/autopilot/hls_stream_39.h:174) [134]  (1.22 ns)

 <State 12>: 1.32ns
The critical path consists of the following:
	'xor' operation ('xor_ln353', ./dut.cpp:353) [117]  (0.12 ns)
	'getelementptr' operation ('local_A_pong_V_addr_144', ./dut.cpp:353) [120]  (0 ns)
	'load' operation ('local_A_pong_V_load_15', ./dut.cpp:353) on array 'local_A_pong.V', ./dut.cpp:320 [153]  (1.2 ns)

 <State 13>: 1.22ns
The critical path consists of the following:
	fifo write on port 'fifo_A_PE_4_0_x028' (/home/rcslfpgaserver/Softwares/Xilinx/Vitis_HLS/2020.2/common/technology/autopilot/hls_stream_39.h:174) [138]  (1.22 ns)

 <State 14>: 1.22ns
The critical path consists of the following:
	fifo write on port 'fifo_A_PE_4_0_x028' (/home/rcslfpgaserver/Softwares/Xilinx/Vitis_HLS/2020.2/common/technology/autopilot/hls_stream_39.h:174) [140]  (1.22 ns)

 <State 15>: 1.22ns
The critical path consists of the following:
	fifo write on port 'fifo_A_PE_4_0_x028' (/home/rcslfpgaserver/Softwares/Xilinx/Vitis_HLS/2020.2/common/technology/autopilot/hls_stream_39.h:174) [142]  (1.22 ns)

 <State 16>: 1.22ns
The critical path consists of the following:
	fifo write on port 'fifo_A_PE_4_0_x028' (/home/rcslfpgaserver/Softwares/Xilinx/Vitis_HLS/2020.2/common/technology/autopilot/hls_stream_39.h:174) [144]  (1.22 ns)

 <State 17>: 1.22ns
The critical path consists of the following:
	fifo write on port 'fifo_A_PE_4_0_x028' (/home/rcslfpgaserver/Softwares/Xilinx/Vitis_HLS/2020.2/common/technology/autopilot/hls_stream_39.h:174) [146]  (1.22 ns)

 <State 18>: 1.22ns
The critical path consists of the following:
	fifo write on port 'fifo_A_PE_4_0_x028' (/home/rcslfpgaserver/Softwares/Xilinx/Vitis_HLS/2020.2/common/technology/autopilot/hls_stream_39.h:174) [148]  (1.22 ns)

 <State 19>: 1.22ns
The critical path consists of the following:
	fifo write on port 'fifo_A_PE_4_0_x028' (/home/rcslfpgaserver/Softwares/Xilinx/Vitis_HLS/2020.2/common/technology/autopilot/hls_stream_39.h:174) [150]  (1.22 ns)

 <State 20>: 1.22ns
The critical path consists of the following:
	fifo write on port 'fifo_A_PE_4_0_x028' (/home/rcslfpgaserver/Softwares/Xilinx/Vitis_HLS/2020.2/common/technology/autopilot/hls_stream_39.h:174) [152]  (1.22 ns)

 <State 21>: 1.22ns
The critical path consists of the following:
	fifo write on port 'fifo_A_PE_4_0_x028' (/home/rcslfpgaserver/Softwares/Xilinx/Vitis_HLS/2020.2/common/technology/autopilot/hls_stream_39.h:174) [154]  (1.22 ns)

 <State 22>: 0ns
The critical path consists of the following:


============================================================
+ Verbose Summary: Binding
============================================================
N/A
* FSMD analyzer results:
  - Output states:
 - Input state : 
  - Chain level:
	State 1
	State 2
	State 3
	State 4
	State 5
	State 6
	State 7
	State 8
	State 9
	State 10
	State 11
	State 12
	State 13
	State 14
	State 15
	State 16
	State 17
	State 18
	State 19
	State 20
	State 21
	State 22


============================================================
+ Verbose Summary: Datapath Resource usage 
============================================================
N/A
