

================================================================
== Vitis HLS Report for 'PE_wrapper_5_0_x2'
================================================================
* Date:           Sun Sep 18 12:38:09 2022

* Version:        2020.2 (Build 3064766 on Wed Nov 18 09:12:47 MST 2020)
* Project:        top
* Solution:       solution (Vitis Kernel Flow Target)
* Product family: virtexuplus
* Target device:  xcu250-figd2104-2L-e


================================================================
== Performance Estimates
================================================================
+ Timing: 
    * Summary: 
    +--------+---------+----------+------------+
    |  Clock |  Target | Estimated| Uncertainty|
    +--------+---------+----------+------------+
    |ap_clk  |  3.33 ns|  4.166 ns|     0.90 ns|
    +--------+---------+----------+------------+

+ Latency: 
    * Summary: 
    +---------+---------+----------+----------+---------+---------+---------+
    |  Latency (cycles) |  Latency (absolute) |      Interval     | Pipeline|
    |   min   |   max   |    min   |    max   |   min   |   max   |   Type  |
    +---------+---------+----------+----------+---------+---------+---------+
    |  2196610|  2196610|  9.151 ms|  9.151 ms|  2196610|  2196610|     none|
    +---------+---------+----------+----------+---------+---------+---------+

    + Detail: 
        * Instance: 
        N/A

        * Loop: 
        +------------------------------------------------------------------------------+---------+---------+----------+-----------+-----------+-------+----------+
        |                                                                              |  Latency (cycles) | Iteration|  Initiation Interval  |  Trip |          |
        |                                   Loop Name                                  |   min   |   max   |  Latency |  achieved |   target  | Count | Pipelined|
        +------------------------------------------------------------------------------+---------+---------+----------+-----------+-----------+-------+----------+
        |- PE_wrapper_5_0_x2_loop_1                                                    |     1152|     1152|        18|          -|          -|     64|        no|
        | + PE_wrapper_5_0_x2_loop_2                                                   |       16|       16|         1|          -|          -|     16|        no|
        |- PE_wrapper_5_0_x2_loop_3_PE_wrapper_5_0_x2_loop_4_PE_wrapper_5_0_x2_loop_5  |  2195456|  2195456|        67|          -|          -|  32768|        no|
        | + PE_wrapper_5_0_x2_loop_6                                                   |        8|        8|         1|          1|          1|      8|       yes|
        | + PE_wrapper_5_0_x2_loop_7                                                   |        8|        8|         1|          1|          1|      8|       yes|
        | + PE_wrapper_5_0_x2_loop_8                                                   |       38|       38|        11|          4|          4|      8|       yes|
        +------------------------------------------------------------------------------+---------+---------+----------+-----------+-----------+-------+----------+

============================================================
+ Verbose Summary: Synthesis Manager
============================================================
InlineROM: 1
ExposeGlobal: 0
============================================================
+ Verbose Summary: CDFG Model
============================================================
IsTopModel: 0
ResetActiveHigh: 1
IsCombinational: 2
IsDatapathOnly: 0
HasWiredReturn: 1
HasMFsm: 0
HasVarLatency: 1
IsPipeline: 0
IsRtlPipelined: 0
IsInstanceOverlapped: 0
IsDontTouch: 0
HasImplIP: 0
IsGatedGlobalClock: 0

+ Individual pipeline summary: 
  * Pipeline-0: initiation interval (II) = 1, depth = 1
  * Pipeline-1: initiation interval (II) = 1, depth = 1
  * Pipeline-2: initiation interval (II) = 4, depth = 11


============================================================
+ Verbose Summary: Schedule
============================================================
* Number of FSM states : 26
* Pipeline : 3
  Pipeline-0 : II = 1, D = 1, States = { 6 }
  Pipeline-1 : II = 1, D = 1, States = { 8 }
  Pipeline-2 : II = 4, D = 11, States = { 11 12 13 14 15 16 17 18 19 20 21 }
* Dataflow Pipeline: 0

* FSM state transitions: 
1 --> 2 
2 --> 3 4 
3 --> 3 2 
4 --> 5 
5 --> 6 
6 --> 7 6 
7 --> 8 
8 --> 9 8 
9 --> 10 
10 --> 11 
11 --> 12 
12 --> 13 
13 --> 14 
14 --> 15 
15 --> 16 
16 --> 22 17 
17 --> 18 
18 --> 19 
19 --> 20 
20 --> 21 
21 --> 11 
22 --> 23 
23 --> 24 
24 --> 25 
25 --> 26 
26 --> 4 

* FSM state operations: 

State 1 <SV = 0> <Delay = 0.38>
ST_1 : Operation 27 [1/1] (0.00ns)   --->   "%specinterface_ln0 = specinterface void @_ssdm_op_SpecInterface, i32 %fifo_C_drain_PE_5_0_x288, void @empty_272, i32 0, i32 0, void @empty_822, i32 0, i32 0, void @empty_822, void @empty_822, void @empty_822, i32 0, i32 0, i32 0, i32 0, void @empty_822, void @empty_822"   --->   Operation 27 'specinterface' 'specinterface_ln0' <Predicate = true> <Delay = 0.00>
ST_1 : Operation 28 [1/1] (0.00ns)   --->   "%specinterface_ln0 = specinterface void @_ssdm_op_SpecInterface, i256 %fifo_B_PE_6_0_x261, void @empty_272, i32 0, i32 0, void @empty_822, i32 0, i32 0, void @empty_822, void @empty_822, void @empty_822, i32 0, i32 0, i32 0, i32 0, void @empty_822, void @empty_822"   --->   Operation 28 'specinterface' 'specinterface_ln0' <Predicate = true> <Delay = 0.00>
ST_1 : Operation 29 [1/1] (0.00ns)   --->   "%specinterface_ln0 = specinterface void @_ssdm_op_SpecInterface, i256 %fifo_B_PE_5_0_x260, void @empty_272, i32 0, i32 0, void @empty_822, i32 0, i32 0, void @empty_822, void @empty_822, void @empty_822, i32 0, i32 0, i32 0, i32 0, void @empty_822, void @empty_822"   --->   Operation 29 'specinterface' 'specinterface_ln0' <Predicate = true> <Delay = 0.00>
ST_1 : Operation 30 [1/1] (0.00ns)   --->   "%specinterface_ln0 = specinterface void @_ssdm_op_SpecInterface, i256 %fifo_A_PE_5_1_x232, void @empty_272, i32 0, i32 0, void @empty_822, i32 0, i32 0, void @empty_822, void @empty_822, void @empty_822, i32 0, i32 0, i32 0, i32 0, void @empty_822, void @empty_822"   --->   Operation 30 'specinterface' 'specinterface_ln0' <Predicate = true> <Delay = 0.00>
ST_1 : Operation 31 [1/1] (0.00ns)   --->   "%specinterface_ln0 = specinterface void @_ssdm_op_SpecInterface, i256 %fifo_A_PE_5_0_x231, void @empty_272, i32 0, i32 0, void @empty_822, i32 0, i32 0, void @empty_822, void @empty_822, void @empty_822, i32 0, i32 0, i32 0, i32 0, void @empty_822, void @empty_822"   --->   Operation 31 'specinterface' 'specinterface_ln0' <Predicate = true> <Delay = 0.00>
ST_1 : Operation 32 [1/1] (0.00ns)   --->   "%local_A_0 = alloca i64 1" [./dut.cpp:15214]   --->   Operation 32 'alloca' 'local_A_0' <Predicate = true> <Delay = 0.00> <CoreInst = "RAM">   --->   Core 83 'RAM' <Latency = 1> <II = 1> <Delay = 0.69> <Storage> <Opcode : 'load' 'store'> <Ports = 2> <Width = 32> <Depth = 8> <RAM>
ST_1 : Operation 33 [1/1] (0.00ns)   --->   "%local_B_0 = alloca i64 1" [./dut.cpp:15215]   --->   Operation 33 'alloca' 'local_B_0' <Predicate = true> <Delay = 0.00> <CoreInst = "RAM">   --->   Core 83 'RAM' <Latency = 1> <II = 1> <Delay = 0.69> <Storage> <Opcode : 'load' 'store'> <Ports = 2> <Width = 32> <Depth = 8> <RAM>
ST_1 : Operation 34 [1/1] (0.00ns)   --->   "%local_C = alloca i64 1" [./dut.cpp:15216]   --->   Operation 34 'alloca' 'local_C' <Predicate = true> <Delay = 0.00> <CoreInst = "RAM_2P_BRAM">   --->   Core 94 'RAM_2P_BRAM' <Latency = 1> <II = 1> <Delay = 1.20> <Storage> <Opcode : 'load' 'store'> <Ports = 2> <Width = 32> <Depth = 1024> <RAM>
ST_1 : Operation 35 [1/1] (0.00ns)   --->   "%specmemcore_ln15216 = specmemcore void @_ssdm_op_SpecMemCore, i32 %local_C, i64 666, i64 22, i64 18446744073709551615" [./dut.cpp:15216]   --->   Operation 35 'specmemcore' 'specmemcore_ln15216' <Predicate = true> <Delay = 0.00>
ST_1 : Operation 36 [1/1] (0.00ns)   --->   "%specmemcore_ln15217 = specmemcore void @_ssdm_op_SpecMemCore, i32 %local_C, i64 666, i64 22, i64 18446744073709551615" [./dut.cpp:15217]   --->   Operation 36 'specmemcore' 'specmemcore_ln15217' <Predicate = true> <Delay = 0.00>
ST_1 : Operation 37 [1/1] (0.38ns)   --->   "%br_ln15224 = br void" [./dut.cpp:15224]   --->   Operation 37 'br' 'br_ln15224' <Predicate = true> <Delay = 0.38>

State 2 <SV = 1> <Delay = 0.70>
ST_2 : Operation 38 [1/1] (0.00ns)   --->   "%c6_V = phi i7 %add_ln691, void, i7 0, void"   --->   Operation 38 'phi' 'c6_V' <Predicate = true> <Delay = 0.00>
ST_2 : Operation 39 [1/1] (0.70ns)   --->   "%add_ln691 = add i7 %c6_V, i7 1"   --->   Operation 39 'add' 'add_ln691' <Predicate = true> <Delay = 0.70> <CoreInst = "Adder">   --->   Core 1 'Adder' <Latency = 0> <II = 1> <Delay = 0.74> <FuncUnit> <Opcode : 'add' 'sub'> <InPorts = 2> <OutPorts = 1>
ST_2 : Operation 40 [1/1] (0.00ns)   --->   "%zext_ln890 = zext i7 %c6_V"   --->   Operation 40 'zext' 'zext_ln890' <Predicate = true> <Delay = 0.00>
ST_2 : Operation 41 [1/1] (0.59ns)   --->   "%icmp_ln890 = icmp_eq  i7 %c6_V, i7 64"   --->   Operation 41 'icmp' 'icmp_ln890' <Predicate = true> <Delay = 0.59> <CoreInst = "Cmp">   --->   Core 9 'Cmp' <Latency = 0> <II = 1> <Delay = 0.63> <FuncUnit> <Opcode : 'icmp'> <InPorts = 2> <OutPorts = 1>
ST_2 : Operation 42 [1/1] (0.00ns)   --->   "%speclooptripcount_ln0 = speclooptripcount void @_ssdm_op_SpecLoopTripCount, i64 64, i64 64, i64 64"   --->   Operation 42 'speclooptripcount' 'speclooptripcount_ln0' <Predicate = true> <Delay = 0.00>
ST_2 : Operation 43 [1/1] (0.00ns)   --->   "%br_ln15224 = br i1 %icmp_ln890, void %.split42, void" [./dut.cpp:15224]   --->   Operation 43 'br' 'br_ln15224' <Predicate = true> <Delay = 0.00>
ST_2 : Operation 44 [1/1] (0.00ns)   --->   "%specloopname_ln15224 = specloopname void @_ssdm_op_SpecLoopName, void @empty_32" [./dut.cpp:15224]   --->   Operation 44 'specloopname' 'specloopname_ln15224' <Predicate = (!icmp_ln890)> <Delay = 0.00>
ST_2 : Operation 45 [1/1] (0.38ns)   --->   "%br_ln15226 = br void" [./dut.cpp:15226]   --->   Operation 45 'br' 'br_ln15226' <Predicate = (!icmp_ln890)> <Delay = 0.38>
ST_2 : Operation 46 [1/1] (0.00ns)   --->   "%local_B_0_addr = getelementptr i32 %local_B_0, i64 0, i64 7"   --->   Operation 46 'getelementptr' 'local_B_0_addr' <Predicate = (icmp_ln890)> <Delay = 0.00>
ST_2 : Operation 47 [1/1] (0.00ns)   --->   "%local_B_0_addr_82 = getelementptr i32 %local_B_0, i64 0, i64 6"   --->   Operation 47 'getelementptr' 'local_B_0_addr_82' <Predicate = (icmp_ln890)> <Delay = 0.00>
ST_2 : Operation 48 [1/1] (0.00ns)   --->   "%local_B_0_addr_83 = getelementptr i32 %local_B_0, i64 0, i64 5"   --->   Operation 48 'getelementptr' 'local_B_0_addr_83' <Predicate = (icmp_ln890)> <Delay = 0.00>
ST_2 : Operation 49 [1/1] (0.00ns)   --->   "%local_B_0_addr_84 = getelementptr i32 %local_B_0, i64 0, i64 4"   --->   Operation 49 'getelementptr' 'local_B_0_addr_84' <Predicate = (icmp_ln890)> <Delay = 0.00>
ST_2 : Operation 50 [1/1] (0.00ns)   --->   "%local_B_0_addr_85 = getelementptr i32 %local_B_0, i64 0, i64 3"   --->   Operation 50 'getelementptr' 'local_B_0_addr_85' <Predicate = (icmp_ln890)> <Delay = 0.00>
ST_2 : Operation 51 [1/1] (0.00ns)   --->   "%local_B_0_addr_86 = getelementptr i32 %local_B_0, i64 0, i64 2"   --->   Operation 51 'getelementptr' 'local_B_0_addr_86' <Predicate = (icmp_ln890)> <Delay = 0.00>
ST_2 : Operation 52 [1/1] (0.00ns)   --->   "%local_B_0_addr_87 = getelementptr i32 %local_B_0, i64 0, i64 1"   --->   Operation 52 'getelementptr' 'local_B_0_addr_87' <Predicate = (icmp_ln890)> <Delay = 0.00>
ST_2 : Operation 53 [1/1] (0.00ns)   --->   "%local_B_0_addr_88 = getelementptr i32 %local_B_0, i64 0, i64 0"   --->   Operation 53 'getelementptr' 'local_B_0_addr_88' <Predicate = (icmp_ln890)> <Delay = 0.00>
ST_2 : Operation 54 [1/1] (0.00ns)   --->   "%local_A_0_addr = getelementptr i32 %local_A_0, i64 0, i64 7"   --->   Operation 54 'getelementptr' 'local_A_0_addr' <Predicate = (icmp_ln890)> <Delay = 0.00>
ST_2 : Operation 55 [1/1] (0.00ns)   --->   "%local_A_0_addr_82 = getelementptr i32 %local_A_0, i64 0, i64 6"   --->   Operation 55 'getelementptr' 'local_A_0_addr_82' <Predicate = (icmp_ln890)> <Delay = 0.00>
ST_2 : Operation 56 [1/1] (0.00ns)   --->   "%local_A_0_addr_83 = getelementptr i32 %local_A_0, i64 0, i64 5"   --->   Operation 56 'getelementptr' 'local_A_0_addr_83' <Predicate = (icmp_ln890)> <Delay = 0.00>
ST_2 : Operation 57 [1/1] (0.00ns)   --->   "%local_A_0_addr_84 = getelementptr i32 %local_A_0, i64 0, i64 4"   --->   Operation 57 'getelementptr' 'local_A_0_addr_84' <Predicate = (icmp_ln890)> <Delay = 0.00>
ST_2 : Operation 58 [1/1] (0.00ns)   --->   "%local_A_0_addr_85 = getelementptr i32 %local_A_0, i64 0, i64 3"   --->   Operation 58 'getelementptr' 'local_A_0_addr_85' <Predicate = (icmp_ln890)> <Delay = 0.00>
ST_2 : Operation 59 [1/1] (0.00ns)   --->   "%local_A_0_addr_86 = getelementptr i32 %local_A_0, i64 0, i64 2"   --->   Operation 59 'getelementptr' 'local_A_0_addr_86' <Predicate = (icmp_ln890)> <Delay = 0.00>
ST_2 : Operation 60 [1/1] (0.00ns)   --->   "%local_A_0_addr_87 = getelementptr i32 %local_A_0, i64 0, i64 1"   --->   Operation 60 'getelementptr' 'local_A_0_addr_87' <Predicate = (icmp_ln890)> <Delay = 0.00>
ST_2 : Operation 61 [1/1] (0.00ns)   --->   "%local_A_0_addr_88 = getelementptr i32 %local_A_0, i64 0, i64 0"   --->   Operation 61 'getelementptr' 'local_A_0_addr_88' <Predicate = (icmp_ln890)> <Delay = 0.00>
ST_2 : Operation 62 [1/1] (0.38ns)   --->   "%br_ln15234 = br void" [./dut.cpp:15234]   --->   Operation 62 'br' 'br_ln15234' <Predicate = (icmp_ln890)> <Delay = 0.38>

State 3 <SV = 2> <Delay = 1.92>
ST_3 : Operation 63 [1/1] (0.00ns)   --->   "%c7_V = phi i5 %add_ln691_138, void %.split40, i5 0, void %.split42"   --->   Operation 63 'phi' 'c7_V' <Predicate = true> <Delay = 0.00>
ST_3 : Operation 64 [1/1] (0.70ns)   --->   "%add_ln691_138 = add i5 %c7_V, i5 1"   --->   Operation 64 'add' 'add_ln691_138' <Predicate = true> <Delay = 0.70> <CoreInst = "Adder">   --->   Core 1 'Adder' <Latency = 0> <II = 1> <Delay = 0.74> <FuncUnit> <Opcode : 'add' 'sub'> <InPorts = 2> <OutPorts = 1>
ST_3 : Operation 65 [1/1] (0.00ns)   --->   "%trunc_ln15229 = trunc i5 %c7_V" [./dut.cpp:15229]   --->   Operation 65 'trunc' 'trunc_ln15229' <Predicate = true> <Delay = 0.00>
ST_3 : Operation 66 [1/1] (0.00ns)   --->   "%tmp_86_cast = bitconcatenate i10 @_ssdm_op_BitConcatenate.i10.i4.i6, i4 %trunc_ln15229, i6 0" [./dut.cpp:15229]   --->   Operation 66 'bitconcatenate' 'tmp_86_cast' <Predicate = true> <Delay = 0.00>
ST_3 : Operation 67 [1/1] (0.72ns)   --->   "%add_ln15229 = add i10 %tmp_86_cast, i10 %zext_ln890" [./dut.cpp:15229]   --->   Operation 67 'add' 'add_ln15229' <Predicate = true> <Delay = 0.72> <CoreInst = "Adder">   --->   Core 1 'Adder' <Latency = 0> <II = 1> <Delay = 0.74> <FuncUnit> <Opcode : 'add' 'sub'> <InPorts = 2> <OutPorts = 1>
ST_3 : Operation 68 [1/1] (0.00ns)   --->   "%zext_ln15229 = zext i10 %add_ln15229" [./dut.cpp:15229]   --->   Operation 68 'zext' 'zext_ln15229' <Predicate = true> <Delay = 0.00>
ST_3 : Operation 69 [1/1] (0.00ns)   --->   "%local_C_addr = getelementptr i32 %local_C, i64 0, i64 %zext_ln15229" [./dut.cpp:15229]   --->   Operation 69 'getelementptr' 'local_C_addr' <Predicate = true> <Delay = 0.00>
ST_3 : Operation 70 [1/1] (0.63ns)   --->   "%icmp_ln890_101 = icmp_eq  i5 %c7_V, i5 16"   --->   Operation 70 'icmp' 'icmp_ln890_101' <Predicate = true> <Delay = 0.63> <CoreInst = "Cmp">   --->   Core 9 'Cmp' <Latency = 0> <II = 1> <Delay = 0.63> <FuncUnit> <Opcode : 'icmp'> <InPorts = 2> <OutPorts = 1>
ST_3 : Operation 71 [1/1] (0.00ns)   --->   "%speclooptripcount_ln0 = speclooptripcount void @_ssdm_op_SpecLoopTripCount, i64 16, i64 16, i64 16"   --->   Operation 71 'speclooptripcount' 'speclooptripcount_ln0' <Predicate = true> <Delay = 0.00>
ST_3 : Operation 72 [1/1] (0.00ns)   --->   "%br_ln15226 = br i1 %icmp_ln890_101, void %.split40, void" [./dut.cpp:15226]   --->   Operation 72 'br' 'br_ln15226' <Predicate = true> <Delay = 0.00>
ST_3 : Operation 73 [1/1] (0.00ns)   --->   "%specloopname_ln15226 = specloopname void @_ssdm_op_SpecLoopName, void @empty_126" [./dut.cpp:15226]   --->   Operation 73 'specloopname' 'specloopname_ln15226' <Predicate = (!icmp_ln890_101)> <Delay = 0.00>
ST_3 : Operation 74 [1/1] (1.20ns)   --->   "%store_ln15229 = store i32 0, i10 %local_C_addr" [./dut.cpp:15229]   --->   Operation 74 'store' 'store_ln15229' <Predicate = (!icmp_ln890_101)> <Delay = 1.20> <CoreInst = "RAM_2P_BRAM">   --->   Core 94 'RAM_2P_BRAM' <Latency = 1> <II = 1> <Delay = 1.20> <Storage> <Opcode : 'load' 'store'> <Ports = 2> <Width = 32> <Depth = 1024> <RAM>
ST_3 : Operation 75 [1/1] (0.00ns)   --->   "%br_ln0 = br void"   --->   Operation 75 'br' 'br_ln0' <Predicate = (!icmp_ln890_101)> <Delay = 0.00>
ST_3 : Operation 76 [1/1] (0.00ns)   --->   "%br_ln0 = br void"   --->   Operation 76 'br' 'br_ln0' <Predicate = (icmp_ln890_101)> <Delay = 0.00>

State 4 <SV = 2> <Delay = 1.60>
ST_4 : Operation 77 [1/1] (0.00ns)   --->   "%indvar_flatten13 = phi i16 0, void, i16 %add_ln890_46, void %._crit_edge"   --->   Operation 77 'phi' 'indvar_flatten13' <Predicate = true> <Delay = 0.00>
ST_4 : Operation 78 [1/1] (0.00ns)   --->   "%c5_V = phi i6 0, void, i6 %select_ln890, void %._crit_edge"   --->   Operation 78 'phi' 'c5_V' <Predicate = true> <Delay = 0.00>
ST_4 : Operation 79 [1/1] (0.00ns)   --->   "%indvar_flatten = phi i12 0, void, i12 %select_ln890_120, void %._crit_edge"   --->   Operation 79 'phi' 'indvar_flatten' <Predicate = true> <Delay = 0.00>
ST_4 : Operation 80 [1/1] (0.00ns)   --->   "%c6_V_28 = phi i7 0, void, i7 %select_ln890_119, void %._crit_edge"   --->   Operation 80 'phi' 'c6_V_28' <Predicate = true> <Delay = 0.00>
ST_4 : Operation 81 [1/1] (0.00ns)   --->   "%c7_V_28 = phi i5 0, void, i5 %add_ln691_144, void %._crit_edge"   --->   Operation 81 'phi' 'c7_V_28' <Predicate = true> <Delay = 0.00>
ST_4 : Operation 82 [1/1] (0.78ns)   --->   "%add_ln890_46 = add i16 %indvar_flatten13, i16 1"   --->   Operation 82 'add' 'add_ln890_46' <Predicate = true> <Delay = 0.78> <CoreInst = "Adder">   --->   Core 1 'Adder' <Latency = 0> <II = 1> <Delay = 0.74> <FuncUnit> <Opcode : 'add' 'sub'> <InPorts = 2> <OutPorts = 1>
ST_4 : Operation 83 [1/1] (0.67ns)   --->   "%icmp_ln890_100 = icmp_eq  i16 %indvar_flatten13, i16 32768"   --->   Operation 83 'icmp' 'icmp_ln890_100' <Predicate = true> <Delay = 0.67> <CoreInst = "Cmp">   --->   Core 9 'Cmp' <Latency = 0> <II = 1> <Delay = 0.63> <FuncUnit> <Opcode : 'icmp'> <InPorts = 2> <OutPorts = 1>
ST_4 : Operation 84 [1/1] (0.00ns)   --->   "%br_ln890 = br i1 %icmp_ln890_100, void %.split38, void"   --->   Operation 84 'br' 'br_ln890' <Predicate = true> <Delay = 0.00>
ST_4 : Operation 85 [1/1] (0.70ns)   --->   "%add_ln691_139 = add i6 %c5_V, i6 1"   --->   Operation 85 'add' 'add_ln691_139' <Predicate = (!icmp_ln890_100)> <Delay = 0.70> <CoreInst = "Adder">   --->   Core 1 'Adder' <Latency = 0> <II = 1> <Delay = 0.74> <FuncUnit> <Opcode : 'add' 'sub'> <InPorts = 2> <OutPorts = 1>
ST_4 : Operation 86 [1/1] (0.62ns)   --->   "%icmp_ln890_102 = icmp_eq  i12 %indvar_flatten, i12 1024"   --->   Operation 86 'icmp' 'icmp_ln890_102' <Predicate = (!icmp_ln890_100)> <Delay = 0.62> <CoreInst = "Cmp">   --->   Core 9 'Cmp' <Latency = 0> <II = 1> <Delay = 0.63> <FuncUnit> <Opcode : 'icmp'> <InPorts = 2> <OutPorts = 1>
ST_4 : Operation 87 [1/1] (0.61ns)   --->   "%cmp_i_i_mid1 = icmp_eq  i6 %add_ln691_139, i6 31"   --->   Operation 87 'icmp' 'cmp_i_i_mid1' <Predicate = (!icmp_ln890_100)> <Delay = 0.61> <CoreInst = "Cmp">   --->   Core 9 'Cmp' <Latency = 0> <II = 1> <Delay = 0.63> <FuncUnit> <Opcode : 'icmp'> <InPorts = 2> <OutPorts = 1>
ST_4 : Operation 88 [1/1] (0.61ns)   --->   "%cmp_i_i144 = icmp_eq  i6 %c5_V, i6 31"   --->   Operation 88 'icmp' 'cmp_i_i144' <Predicate = (!icmp_ln890_100)> <Delay = 0.61> <CoreInst = "Cmp">   --->   Core 9 'Cmp' <Latency = 0> <II = 1> <Delay = 0.63> <FuncUnit> <Opcode : 'icmp'> <InPorts = 2> <OutPorts = 1>
ST_4 : Operation 89 [1/1] (0.27ns)   --->   "%select_ln15234_1 = select i1 %icmp_ln890_102, i1 %cmp_i_i_mid1, i1 %cmp_i_i144" [./dut.cpp:15234]   --->   Operation 89 'select' 'select_ln15234_1' <Predicate = (!icmp_ln890_100)> <Delay = 0.27> <CoreInst = "Sel">   --->   Core 73 'Sel' <Latency = 0> <II = 1> <Delay = 0.29> <FuncUnit> <Opcode : 'select'> <InPorts = 3> <OutPorts = 1>
ST_4 : Operation 90 [1/1] (0.29ns)   --->   "%select_ln890 = select i1 %icmp_ln890_102, i6 %add_ln691_139, i6 %c5_V"   --->   Operation 90 'select' 'select_ln890' <Predicate = (!icmp_ln890_100)> <Delay = 0.29> <CoreInst = "Sel">   --->   Core 73 'Sel' <Latency = 0> <II = 1> <Delay = 0.29> <FuncUnit> <Opcode : 'select'> <InPorts = 3> <OutPorts = 1>
ST_4 : Operation 91 [1/1] (0.00ns)   --->   "%ret_ln15311 = ret" [./dut.cpp:15311]   --->   Operation 91 'ret' 'ret_ln15311' <Predicate = (icmp_ln890_100)> <Delay = 0.00>

State 5 <SV = 3> <Delay = 2.04>
ST_5 : Operation 92 [1/1] (0.00ns)   --->   "%specloopname_ln0 = specloopname void @_ssdm_op_SpecLoopName, void @PE_wrapper_5_0_x2_loop_3_PE_wrapper_5_0_x2_loop_4_PE_wrapper_5_0_x2_loop_5_str"   --->   Operation 92 'specloopname' 'specloopname_ln0' <Predicate = true> <Delay = 0.00>
ST_5 : Operation 93 [1/1] (0.00ns)   --->   "%speclooptripcount_ln0 = speclooptripcount void @_ssdm_op_SpecLoopTripCount, i64 32768, i64 32768, i64 32768"   --->   Operation 93 'speclooptripcount' 'speclooptripcount_ln0' <Predicate = true> <Delay = 0.00>
ST_5 : Operation 94 [1/1] (0.30ns)   --->   "%select_ln15234 = select i1 %icmp_ln890_102, i7 0, i7 %c6_V_28" [./dut.cpp:15234]   --->   Operation 94 'select' 'select_ln15234' <Predicate = true> <Delay = 0.30> <CoreInst = "Sel">   --->   Core 73 'Sel' <Latency = 0> <II = 1> <Delay = 0.29> <FuncUnit> <Opcode : 'select'> <InPorts = 3> <OutPorts = 1>
ST_5 : Operation 95 [1/1] (0.00ns) (grouped into LUT with out node and_ln15234)   --->   "%xor_ln15234 = xor i1 %icmp_ln890_102, i1 1" [./dut.cpp:15234]   --->   Operation 95 'xor' 'xor_ln15234' <Predicate = true> <Delay = 0.00> <CoreInst = "LogicGate">   --->   Core 74 'LogicGate' <Latency = 0> <II = 1> <Delay = 0.12> <FuncUnit> <Opcode : 'and' 'or' 'xor'> <InPorts = 2> <OutPorts = 1>
ST_5 : Operation 96 [1/1] (0.63ns)   --->   "%icmp_ln890_103 = icmp_eq  i5 %c7_V_28, i5 16"   --->   Operation 96 'icmp' 'icmp_ln890_103' <Predicate = true> <Delay = 0.63> <CoreInst = "Cmp">   --->   Core 9 'Cmp' <Latency = 0> <II = 1> <Delay = 0.63> <FuncUnit> <Opcode : 'icmp'> <InPorts = 2> <OutPorts = 1>
ST_5 : Operation 97 [1/1] (0.12ns) (out node of the LUT)   --->   "%and_ln15234 = and i1 %icmp_ln890_103, i1 %xor_ln15234" [./dut.cpp:15234]   --->   Operation 97 'and' 'and_ln15234' <Predicate = true> <Delay = 0.12> <CoreInst = "LogicGate">   --->   Core 74 'LogicGate' <Latency = 0> <II = 1> <Delay = 0.12> <FuncUnit> <Opcode : 'and' 'or' 'xor'> <InPorts = 2> <OutPorts = 1>
ST_5 : Operation 98 [1/1] (0.70ns)   --->   "%add_ln691_140 = add i7 %select_ln15234, i7 1"   --->   Operation 98 'add' 'add_ln691_140' <Predicate = true> <Delay = 0.70> <CoreInst = "Adder">   --->   Core 1 'Adder' <Latency = 0> <II = 1> <Delay = 0.74> <FuncUnit> <Opcode : 'add' 'sub'> <InPorts = 2> <OutPorts = 1>
ST_5 : Operation 99 [1/1] (0.00ns)   --->   "%specloopname_ln0 = specloopname void @_ssdm_op_SpecLoopName, void @PE_wrapper_5_0_x2_loop_4_PE_wrapper_5_0_x2_loop_5_str"   --->   Operation 99 'specloopname' 'specloopname_ln0' <Predicate = true> <Delay = 0.00>
ST_5 : Operation 100 [1/1] (0.00ns) (grouped into LUT with out node select_ln890_118)   --->   "%or_ln890 = or i1 %and_ln15234, i1 %icmp_ln890_102"   --->   Operation 100 'or' 'or_ln890' <Predicate = true> <Delay = 0.00> <CoreInst = "LogicGate">   --->   Core 74 'LogicGate' <Latency = 0> <II = 1> <Delay = 0.12> <FuncUnit> <Opcode : 'and' 'or' 'xor'> <InPorts = 2> <OutPorts = 1>
ST_5 : Operation 101 [1/1] (0.27ns) (out node of the LUT)   --->   "%select_ln890_118 = select i1 %or_ln890, i5 0, i5 %c7_V_28"   --->   Operation 101 'select' 'select_ln890_118' <Predicate = true> <Delay = 0.27> <CoreInst = "Sel">   --->   Core 73 'Sel' <Latency = 0> <II = 1> <Delay = 0.29> <FuncUnit> <Opcode : 'select'> <InPorts = 3> <OutPorts = 1>
ST_5 : Operation 102 [1/1] (0.30ns)   --->   "%select_ln890_119 = select i1 %and_ln15234, i7 %add_ln691_140, i7 %select_ln15234"   --->   Operation 102 'select' 'select_ln890_119' <Predicate = true> <Delay = 0.30> <CoreInst = "Sel">   --->   Core 73 'Sel' <Latency = 0> <II = 1> <Delay = 0.29> <FuncUnit> <Opcode : 'select'> <InPorts = 3> <OutPorts = 1>
ST_5 : Operation 103 [1/1] (0.00ns)   --->   "%zext_ln890_19 = zext i7 %select_ln890_119"   --->   Operation 103 'zext' 'zext_ln890_19' <Predicate = true> <Delay = 0.00>
ST_5 : Operation 104 [1/1] (0.00ns)   --->   "%empty_1395 = trunc i5 %select_ln890_118"   --->   Operation 104 'trunc' 'empty_1395' <Predicate = true> <Delay = 0.00>
ST_5 : Operation 105 [1/1] (0.00ns)   --->   "%tmp_87_cast = bitconcatenate i10 @_ssdm_op_BitConcatenate.i10.i4.i6, i4 %empty_1395, i6 0"   --->   Operation 105 'bitconcatenate' 'tmp_87_cast' <Predicate = true> <Delay = 0.00>
ST_5 : Operation 106 [1/1] (0.72ns)   --->   "%empty_1396 = add i10 %tmp_87_cast, i10 %zext_ln890_19"   --->   Operation 106 'add' 'empty_1396' <Predicate = true> <Delay = 0.72> <CoreInst = "Adder">   --->   Core 1 'Adder' <Latency = 0> <II = 1> <Delay = 0.74> <FuncUnit> <Opcode : 'add' 'sub'> <InPorts = 2> <OutPorts = 1>
ST_5 : Operation 107 [1/1] (0.00ns)   --->   "%p_cast = zext i10 %empty_1396"   --->   Operation 107 'zext' 'p_cast' <Predicate = true> <Delay = 0.00>
ST_5 : Operation 108 [1/1] (0.00ns)   --->   "%local_C_addr_28 = getelementptr i32 %local_C, i64 0, i64 %p_cast"   --->   Operation 108 'getelementptr' 'local_C_addr_28' <Predicate = true> <Delay = 0.00>
ST_5 : Operation 109 [1/1] (0.00ns)   --->   "%specloopname_ln0 = specloopname void @_ssdm_op_SpecLoopName, void @empty_577" [/home/rcslfpgaserver/Softwares/Xilinx/Vitis_HLS/2020.2/common/technology/autopilot/hls_stream_39.h:0]   --->   Operation 109 'specloopname' 'specloopname_ln0' <Predicate = true> <Delay = 0.00>
ST_5 : Operation 110 [1/1] (1.21ns)   --->   "%tmp_10 = read i256 @_ssdm_op_Read.ap_fifo.volatile.i256P0A, i256 %fifo_A_PE_5_0_x231" [/home/rcslfpgaserver/Softwares/Xilinx/Vitis_HLS/2020.2/common/technology/autopilot/hls_stream_39.h:145]   --->   Operation 110 'read' 'tmp_10' <Predicate = true> <Delay = 1.21> <CoreInst = "FIFO_SRL">   --->   Core 81 'FIFO_SRL' <Latency = 0> <II = 1> <Delay = 1.42> <Storage> <Opcode : 'read' 'write' 'nbread' 'nbwrite'> <Ports = 0> <Width = 256> <Depth = 2> <FIFO>
ST_5 : Operation 111 [1/1] (0.38ns)   --->   "%br_ln15243 = br void" [./dut.cpp:15243]   --->   Operation 111 'br' 'br_ln15243' <Predicate = true> <Delay = 0.38>

State 6 <SV = 4> <Delay = 1.35>
ST_6 : Operation 112 [1/1] (0.00ns)   --->   "%n_V = phi i4 %add_ln691_141, void %.split, i4 0, void %.split38"   --->   Operation 112 'phi' 'n_V' <Predicate = true> <Delay = 0.00>
ST_6 : Operation 113 [1/1] (0.00ns)   --->   "%p_Val2_s = phi i256 %zext_ln1497, void %.split, i256 %tmp_10, void %.split38"   --->   Operation 113 'phi' 'p_Val2_s' <Predicate = true> <Delay = 0.00>
ST_6 : Operation 114 [1/1] (0.70ns)   --->   "%add_ln691_141 = add i4 %n_V, i4 1"   --->   Operation 114 'add' 'add_ln691_141' <Predicate = true> <Delay = 0.70> <CoreInst = "Adder">   --->   Core 1 'Adder' <Latency = 0> <II = 1> <Delay = 0.74> <FuncUnit> <Opcode : 'add' 'sub'> <InPorts = 2> <OutPorts = 1>
ST_6 : Operation 115 [1/1] (0.65ns)   --->   "%icmp_ln878 = icmp_eq  i4 %n_V, i4 8"   --->   Operation 115 'icmp' 'icmp_ln878' <Predicate = true> <Delay = 0.65> <CoreInst = "Cmp">   --->   Core 9 'Cmp' <Latency = 0> <II = 1> <Delay = 0.63> <FuncUnit> <Opcode : 'icmp'> <InPorts = 2> <OutPorts = 1>
ST_6 : Operation 116 [1/1] (0.00ns)   --->   "%speclooptripcount_ln0 = speclooptripcount void @_ssdm_op_SpecLoopTripCount, i64 8, i64 8, i64 8"   --->   Operation 116 'speclooptripcount' 'speclooptripcount_ln0' <Predicate = true> <Delay = 0.00>
ST_6 : Operation 117 [1/1] (0.00ns)   --->   "%br_ln15243 = br i1 %icmp_ln878, void %.split, void" [./dut.cpp:15243]   --->   Operation 117 'br' 'br_ln15243' <Predicate = true> <Delay = 0.00>
ST_6 : Operation 118 [1/1] (0.00ns)   --->   "%zext_ln878 = zext i4 %n_V"   --->   Operation 118 'zext' 'zext_ln878' <Predicate = (!icmp_ln878)> <Delay = 0.00>
ST_6 : Operation 119 [1/1] (0.00ns)   --->   "%specpipeline_ln708 = specpipeline void @_ssdm_op_SpecPipeline, i32 1, i32 0, i32 0, i32 0, void @empty_822"   --->   Operation 119 'specpipeline' 'specpipeline_ln708' <Predicate = (!icmp_ln878)> <Delay = 0.00>
ST_6 : Operation 120 [1/1] (0.00ns)   --->   "%specloopname_ln708 = specloopname void @_ssdm_op_SpecLoopName, void @empty_422"   --->   Operation 120 'specloopname' 'specloopname_ln708' <Predicate = (!icmp_ln878)> <Delay = 0.00>
ST_6 : Operation 121 [1/1] (0.00ns)   --->   "%u = trunc i256 %p_Val2_s"   --->   Operation 121 'trunc' 'u' <Predicate = (!icmp_ln878)> <Delay = 0.00>
ST_6 : Operation 122 [1/1] (0.00ns)   --->   "%bitcast_ln15249 = bitcast i32 %u" [./dut.cpp:15249]   --->   Operation 122 'bitcast' 'bitcast_ln15249' <Predicate = (!icmp_ln878)> <Delay = 0.00>
ST_6 : Operation 123 [1/1] (0.00ns)   --->   "%local_A_0_addr_89 = getelementptr i32 %local_A_0, i64 0, i64 %zext_ln878" [./dut.cpp:15249]   --->   Operation 123 'getelementptr' 'local_A_0_addr_89' <Predicate = (!icmp_ln878)> <Delay = 0.00>
ST_6 : Operation 124 [1/1] (0.69ns)   --->   "%store_ln15249 = store i32 %bitcast_ln15249, i3 %local_A_0_addr_89" [./dut.cpp:15249]   --->   Operation 124 'store' 'store_ln15249' <Predicate = (!icmp_ln878)> <Delay = 0.69> <CoreInst = "RAM">   --->   Core 83 'RAM' <Latency = 1> <II = 1> <Delay = 0.69> <Storage> <Opcode : 'load' 'store'> <Ports = 2> <Width = 32> <Depth = 8> <RAM>
ST_6 : Operation 125 [1/1] (0.00ns)   --->   "%r = partselect i224 @_ssdm_op_PartSelect.i224.i256.i32.i32, i256 %p_Val2_s, i32 32, i32 255"   --->   Operation 125 'partselect' 'r' <Predicate = (!icmp_ln878)> <Delay = 0.00>
ST_6 : Operation 126 [1/1] (0.00ns)   --->   "%zext_ln1497 = zext i224 %r"   --->   Operation 126 'zext' 'zext_ln1497' <Predicate = (!icmp_ln878)> <Delay = 0.00>
ST_6 : Operation 127 [1/1] (0.00ns)   --->   "%br_ln0 = br void"   --->   Operation 127 'br' 'br_ln0' <Predicate = (!icmp_ln878)> <Delay = 0.00>

State 7 <SV = 5> <Delay = 1.21>
ST_7 : Operation 128 [1/1] (1.21ns)   --->   "%tmp = read i256 @_ssdm_op_Read.ap_fifo.volatile.i256P0A, i256 %fifo_B_PE_5_0_x260" [/home/rcslfpgaserver/Softwares/Xilinx/Vitis_HLS/2020.2/common/technology/autopilot/hls_stream_39.h:145]   --->   Operation 128 'read' 'tmp' <Predicate = true> <Delay = 1.21> <CoreInst = "FIFO_SRL">   --->   Core 81 'FIFO_SRL' <Latency = 0> <II = 1> <Delay = 1.42> <Storage> <Opcode : 'read' 'write' 'nbread' 'nbwrite'> <Ports = 0> <Width = 256> <Depth = 2> <FIFO>
ST_7 : Operation 129 [1/1] (0.38ns)   --->   "%br_ln15256 = br void" [./dut.cpp:15256]   --->   Operation 129 'br' 'br_ln15256' <Predicate = true> <Delay = 0.38>

State 8 <SV = 6> <Delay = 1.35>
ST_8 : Operation 130 [1/1] (0.00ns)   --->   "%n_V_10 = phi i4 %add_ln691_142, void %.split30, i4 0, void"   --->   Operation 130 'phi' 'n_V_10' <Predicate = true> <Delay = 0.00>
ST_8 : Operation 131 [1/1] (0.00ns)   --->   "%p_Val2_10 = phi i256 %zext_ln1497_10, void %.split30, i256 %tmp, void"   --->   Operation 131 'phi' 'p_Val2_10' <Predicate = true> <Delay = 0.00>
ST_8 : Operation 132 [1/1] (0.70ns)   --->   "%add_ln691_142 = add i4 %n_V_10, i4 1"   --->   Operation 132 'add' 'add_ln691_142' <Predicate = true> <Delay = 0.70> <CoreInst = "Adder">   --->   Core 1 'Adder' <Latency = 0> <II = 1> <Delay = 0.74> <FuncUnit> <Opcode : 'add' 'sub'> <InPorts = 2> <OutPorts = 1>
ST_8 : Operation 133 [1/1] (0.65ns)   --->   "%icmp_ln878_10 = icmp_eq  i4 %n_V_10, i4 8"   --->   Operation 133 'icmp' 'icmp_ln878_10' <Predicate = true> <Delay = 0.65> <CoreInst = "Cmp">   --->   Core 9 'Cmp' <Latency = 0> <II = 1> <Delay = 0.63> <FuncUnit> <Opcode : 'icmp'> <InPorts = 2> <OutPorts = 1>
ST_8 : Operation 134 [1/1] (0.00ns)   --->   "%speclooptripcount_ln0 = speclooptripcount void @_ssdm_op_SpecLoopTripCount, i64 8, i64 8, i64 8"   --->   Operation 134 'speclooptripcount' 'speclooptripcount_ln0' <Predicate = true> <Delay = 0.00>
ST_8 : Operation 135 [1/1] (0.00ns)   --->   "%br_ln15256 = br i1 %icmp_ln878_10, void %.split30, void" [./dut.cpp:15256]   --->   Operation 135 'br' 'br_ln15256' <Predicate = true> <Delay = 0.00>
ST_8 : Operation 136 [1/1] (0.00ns)   --->   "%zext_ln878_10 = zext i4 %n_V_10"   --->   Operation 136 'zext' 'zext_ln878_10' <Predicate = (!icmp_ln878_10)> <Delay = 0.00>
ST_8 : Operation 137 [1/1] (0.00ns)   --->   "%specpipeline_ln708 = specpipeline void @_ssdm_op_SpecPipeline, i32 1, i32 0, i32 0, i32 0, void @empty_822"   --->   Operation 137 'specpipeline' 'specpipeline_ln708' <Predicate = (!icmp_ln878_10)> <Delay = 0.00>
ST_8 : Operation 138 [1/1] (0.00ns)   --->   "%specloopname_ln708 = specloopname void @_ssdm_op_SpecLoopName, void @empty_423"   --->   Operation 138 'specloopname' 'specloopname_ln708' <Predicate = (!icmp_ln878_10)> <Delay = 0.00>
ST_8 : Operation 139 [1/1] (0.00ns)   --->   "%u_10 = trunc i256 %p_Val2_10"   --->   Operation 139 'trunc' 'u_10' <Predicate = (!icmp_ln878_10)> <Delay = 0.00>
ST_8 : Operation 140 [1/1] (0.00ns)   --->   "%bitcast_ln15262 = bitcast i32 %u_10" [./dut.cpp:15262]   --->   Operation 140 'bitcast' 'bitcast_ln15262' <Predicate = (!icmp_ln878_10)> <Delay = 0.00>
ST_8 : Operation 141 [1/1] (0.00ns)   --->   "%local_B_0_addr_89 = getelementptr i32 %local_B_0, i64 0, i64 %zext_ln878_10" [./dut.cpp:15262]   --->   Operation 141 'getelementptr' 'local_B_0_addr_89' <Predicate = (!icmp_ln878_10)> <Delay = 0.00>
ST_8 : Operation 142 [1/1] (0.69ns)   --->   "%store_ln15262 = store i32 %bitcast_ln15262, i3 %local_B_0_addr_89" [./dut.cpp:15262]   --->   Operation 142 'store' 'store_ln15262' <Predicate = (!icmp_ln878_10)> <Delay = 0.69> <CoreInst = "RAM">   --->   Core 83 'RAM' <Latency = 1> <II = 1> <Delay = 0.69> <Storage> <Opcode : 'load' 'store'> <Ports = 2> <Width = 32> <Depth = 8> <RAM>
ST_8 : Operation 143 [1/1] (0.00ns)   --->   "%r_10 = partselect i224 @_ssdm_op_PartSelect.i224.i256.i32.i32, i256 %p_Val2_10, i32 32, i32 255"   --->   Operation 143 'partselect' 'r_10' <Predicate = (!icmp_ln878_10)> <Delay = 0.00>
ST_8 : Operation 144 [1/1] (0.00ns)   --->   "%zext_ln1497_10 = zext i224 %r_10"   --->   Operation 144 'zext' 'zext_ln1497_10' <Predicate = (!icmp_ln878_10)> <Delay = 0.00>
ST_8 : Operation 145 [1/1] (0.00ns)   --->   "%br_ln0 = br void"   --->   Operation 145 'br' 'br_ln0' <Predicate = (!icmp_ln878_10)> <Delay = 0.00>

State 9 <SV = 7> <Delay = 1.20>
ST_9 : Operation 146 [2/2] (1.20ns)   --->   "%local_C_load = load i10 %local_C_addr_28" [./dut.cpp:15268]   --->   Operation 146 'load' 'local_C_load' <Predicate = true> <Delay = 1.20> <CoreInst = "RAM_2P_BRAM">   --->   Core 94 'RAM_2P_BRAM' <Latency = 1> <II = 1> <Delay = 1.20> <Storage> <Opcode : 'load' 'store'> <Ports = 2> <Width = 32> <Depth = 1024> <RAM>

State 10 <SV = 8> <Delay = 1.20>
ST_10 : Operation 147 [1/2] (1.20ns)   --->   "%local_C_load = load i10 %local_C_addr_28" [./dut.cpp:15268]   --->   Operation 147 'load' 'local_C_load' <Predicate = true> <Delay = 1.20> <CoreInst = "RAM_2P_BRAM">   --->   Core 94 'RAM_2P_BRAM' <Latency = 1> <II = 1> <Delay = 1.20> <Storage> <Opcode : 'load' 'store'> <Ports = 2> <Width = 32> <Depth = 1024> <RAM>
ST_10 : Operation 148 [1/1] (0.38ns)   --->   "%br_ln15267 = br void" [./dut.cpp:15267]   --->   Operation 148 'br' 'br_ln15267' <Predicate = true> <Delay = 0.38>

State 11 <SV = 9> <Delay = 0.69>
ST_11 : Operation 149 [1/1] (0.00ns)   --->   "%c8_V = phi i4 %add_ln691_143, void %.split32, i4 0, void"   --->   Operation 149 'phi' 'c8_V' <Predicate = true> <Delay = 0.00>
ST_11 : Operation 150 [1/1] (0.65ns)   --->   "%icmp_ln890_104 = icmp_eq  i4 %c8_V, i4 8"   --->   Operation 150 'icmp' 'icmp_ln890_104' <Predicate = true> <Delay = 0.65> <CoreInst = "Cmp">   --->   Core 9 'Cmp' <Latency = 0> <II = 1> <Delay = 0.63> <FuncUnit> <Opcode : 'icmp'> <InPorts = 2> <OutPorts = 1>
ST_11 : Operation 151 [1/1] (0.00ns)   --->   "%br_ln15267 = br i1 %icmp_ln890_104, void %.split32, void" [./dut.cpp:15267]   --->   Operation 151 'br' 'br_ln15267' <Predicate = true> <Delay = 0.00>
ST_11 : Operation 152 [1/1] (0.00ns)   --->   "%zext_ln890_20 = zext i4 %c8_V"   --->   Operation 152 'zext' 'zext_ln890_20' <Predicate = (!icmp_ln890_104)> <Delay = 0.00>
ST_11 : Operation 153 [1/1] (0.00ns)   --->   "%local_A_0_addr_90 = getelementptr i32 %local_A_0, i64 0, i64 %zext_ln890_20" [./dut.cpp:15268]   --->   Operation 153 'getelementptr' 'local_A_0_addr_90' <Predicate = (!icmp_ln890_104)> <Delay = 0.00>
ST_11 : Operation 154 [2/2] (0.69ns)   --->   "%local_A_0_load = load i3 %local_A_0_addr_90" [./dut.cpp:15268]   --->   Operation 154 'load' 'local_A_0_load' <Predicate = (!icmp_ln890_104)> <Delay = 0.69> <CoreInst = "RAM">   --->   Core 83 'RAM' <Latency = 1> <II = 1> <Delay = 0.69> <Storage> <Opcode : 'load' 'store'> <Ports = 2> <Width = 32> <Depth = 8> <RAM>
ST_11 : Operation 155 [1/1] (0.00ns)   --->   "%local_B_0_addr_90 = getelementptr i32 %local_B_0, i64 0, i64 %zext_ln890_20" [./dut.cpp:15268]   --->   Operation 155 'getelementptr' 'local_B_0_addr_90' <Predicate = (!icmp_ln890_104)> <Delay = 0.00>
ST_11 : Operation 156 [2/2] (0.69ns)   --->   "%local_B_0_load = load i3 %local_B_0_addr_90" [./dut.cpp:15268]   --->   Operation 156 'load' 'local_B_0_load' <Predicate = (!icmp_ln890_104)> <Delay = 0.69> <CoreInst = "RAM">   --->   Core 83 'RAM' <Latency = 1> <II = 1> <Delay = 0.69> <Storage> <Opcode : 'load' 'store'> <Ports = 2> <Width = 32> <Depth = 8> <RAM>

State 12 <SV = 10> <Delay = 0.69>
ST_12 : Operation 157 [1/2] (0.69ns)   --->   "%local_A_0_load = load i3 %local_A_0_addr_90" [./dut.cpp:15268]   --->   Operation 157 'load' 'local_A_0_load' <Predicate = (!icmp_ln890_104)> <Delay = 0.69> <CoreInst = "RAM">   --->   Core 83 'RAM' <Latency = 1> <II = 1> <Delay = 0.69> <Storage> <Opcode : 'load' 'store'> <Ports = 2> <Width = 32> <Depth = 8> <RAM>
ST_12 : Operation 158 [1/2] (0.69ns)   --->   "%local_B_0_load = load i3 %local_B_0_addr_90" [./dut.cpp:15268]   --->   Operation 158 'load' 'local_B_0_load' <Predicate = (!icmp_ln890_104)> <Delay = 0.69> <CoreInst = "RAM">   --->   Core 83 'RAM' <Latency = 1> <II = 1> <Delay = 0.69> <Storage> <Opcode : 'load' 'store'> <Ports = 2> <Width = 32> <Depth = 8> <RAM>

State 13 <SV = 11> <Delay = 2.32>
ST_13 : Operation 159 [4/4] (2.32ns)   --->   "%mul = fmul i32 %local_A_0_load, i32 %local_B_0_load" [./dut.cpp:15268]   --->   Operation 159 'fmul' 'mul' <Predicate = (!icmp_ln890_104)> <Delay = 2.32> <CoreInst = "FMul_maxdsp">   --->   Core 30 'FMul_maxdsp' <Latency = 3> <II = 1> <Delay = 2.32> <FuncUnit> <Opcode : 'fmul'> <InPorts = 2> <OutPorts = 1>

State 14 <SV = 12> <Delay = 2.32>
ST_14 : Operation 160 [1/1] (0.70ns)   --->   "%add_ln691_143 = add i4 %c8_V, i4 1"   --->   Operation 160 'add' 'add_ln691_143' <Predicate = true> <Delay = 0.70> <CoreInst = "Adder">   --->   Core 1 'Adder' <Latency = 0> <II = 1> <Delay = 0.74> <FuncUnit> <Opcode : 'add' 'sub'> <InPorts = 2> <OutPorts = 1>
ST_14 : Operation 161 [3/4] (2.32ns)   --->   "%mul = fmul i32 %local_A_0_load, i32 %local_B_0_load" [./dut.cpp:15268]   --->   Operation 161 'fmul' 'mul' <Predicate = (!icmp_ln890_104)> <Delay = 2.32> <CoreInst = "FMul_maxdsp">   --->   Core 30 'FMul_maxdsp' <Latency = 3> <II = 1> <Delay = 2.32> <FuncUnit> <Opcode : 'fmul'> <InPorts = 2> <OutPorts = 1>

State 15 <SV = 13> <Delay = 2.32>
ST_15 : Operation 162 [2/4] (2.32ns)   --->   "%mul = fmul i32 %local_A_0_load, i32 %local_B_0_load" [./dut.cpp:15268]   --->   Operation 162 'fmul' 'mul' <Predicate = (!icmp_ln890_104)> <Delay = 2.32> <CoreInst = "FMul_maxdsp">   --->   Core 30 'FMul_maxdsp' <Latency = 3> <II = 1> <Delay = 2.32> <FuncUnit> <Opcode : 'fmul'> <InPorts = 2> <OutPorts = 1>

State 16 <SV = 14> <Delay = 2.32>
ST_16 : Operation 163 [1/1] (0.00ns)   --->   "%empty = phi i32 %add, void %.split32, i32 %local_C_load, void" [./dut.cpp:15268]   --->   Operation 163 'phi' 'empty' <Predicate = true> <Delay = 0.00>
ST_16 : Operation 164 [1/1] (0.00ns)   --->   "%speclooptripcount_ln0 = speclooptripcount void @_ssdm_op_SpecLoopTripCount, i64 8, i64 8, i64 8"   --->   Operation 164 'speclooptripcount' 'speclooptripcount_ln0' <Predicate = true> <Delay = 0.00>
ST_16 : Operation 165 [1/4] (2.32ns)   --->   "%mul = fmul i32 %local_A_0_load, i32 %local_B_0_load" [./dut.cpp:15268]   --->   Operation 165 'fmul' 'mul' <Predicate = (!icmp_ln890_104)> <Delay = 2.32> <CoreInst = "FMul_maxdsp">   --->   Core 30 'FMul_maxdsp' <Latency = 3> <II = 1> <Delay = 2.32> <FuncUnit> <Opcode : 'fmul'> <InPorts = 2> <OutPorts = 1>

State 17 <SV = 15> <Delay = 2.08>
ST_17 : Operation 166 [5/5] (2.08ns)   --->   "%add = fadd i32 %empty, i32 %mul" [./dut.cpp:15268]   --->   Operation 166 'fadd' 'add' <Predicate = (!icmp_ln890_104)> <Delay = 2.08> <CoreInst = "FAddSub_nodsp">   --->   Core 17 'FAddSub_nodsp' <Latency = 4> <II = 1> <Delay = 2.08> <FuncUnit> <Opcode : 'fadd' 'fsub'> <InPorts = 2> <OutPorts = 1>

State 18 <SV = 16> <Delay = 4.16>
ST_18 : Operation 167 [4/5] (2.08ns)   --->   "%add = fadd i32 %empty, i32 %mul" [./dut.cpp:15268]   --->   Operation 167 'fadd' 'add' <Predicate = (!icmp_ln890_104)> <Delay = 2.08> <CoreInst = "FAddSub_nodsp">   --->   Core 17 'FAddSub_nodsp' <Latency = 4> <II = 1> <Delay = 2.08> <FuncUnit> <Opcode : 'fadd' 'fsub'> <InPorts = 2> <OutPorts = 1>

State 19 <SV = 17> <Delay = 4.16>
ST_19 : Operation 168 [3/5] (2.08ns)   --->   "%add = fadd i32 %empty, i32 %mul" [./dut.cpp:15268]   --->   Operation 168 'fadd' 'add' <Predicate = (!icmp_ln890_104)> <Delay = 2.08> <CoreInst = "FAddSub_nodsp">   --->   Core 17 'FAddSub_nodsp' <Latency = 4> <II = 1> <Delay = 2.08> <FuncUnit> <Opcode : 'fadd' 'fsub'> <InPorts = 2> <OutPorts = 1>

State 20 <SV = 18> <Delay = 4.16>
ST_20 : Operation 169 [2/5] (2.08ns)   --->   "%add = fadd i32 %empty, i32 %mul" [./dut.cpp:15268]   --->   Operation 169 'fadd' 'add' <Predicate = (!icmp_ln890_104)> <Delay = 2.08> <CoreInst = "FAddSub_nodsp">   --->   Core 17 'FAddSub_nodsp' <Latency = 4> <II = 1> <Delay = 2.08> <FuncUnit> <Opcode : 'fadd' 'fsub'> <InPorts = 2> <OutPorts = 1>

State 21 <SV = 19> <Delay = 4.16>
ST_21 : Operation 170 [1/1] (0.00ns)   --->   "%specpipeline_ln15267 = specpipeline void @_ssdm_op_SpecPipeline, i32 4, i32 0, i32 0, i32 0, void @empty_822" [./dut.cpp:15267]   --->   Operation 170 'specpipeline' 'specpipeline_ln15267' <Predicate = (!icmp_ln890_104)> <Delay = 0.00>
ST_21 : Operation 171 [1/1] (0.00ns)   --->   "%specloopname_ln15267 = specloopname void @_ssdm_op_SpecLoopName, void @empty_424" [./dut.cpp:15267]   --->   Operation 171 'specloopname' 'specloopname_ln15267' <Predicate = (!icmp_ln890_104)> <Delay = 0.00>
ST_21 : Operation 172 [1/5] (2.08ns)   --->   "%add = fadd i32 %empty, i32 %mul" [./dut.cpp:15268]   --->   Operation 172 'fadd' 'add' <Predicate = (!icmp_ln890_104)> <Delay = 2.08> <CoreInst = "FAddSub_nodsp">   --->   Core 17 'FAddSub_nodsp' <Latency = 4> <II = 1> <Delay = 2.08> <FuncUnit> <Opcode : 'fadd' 'fsub'> <InPorts = 2> <OutPorts = 1>
ST_21 : Operation 173 [1/1] (0.00ns)   --->   "%br_ln0 = br void"   --->   Operation 173 'br' 'br_ln0' <Predicate = (!icmp_ln890_104)> <Delay = 0.00>

State 22 <SV = 15> <Delay = 1.21>
ST_22 : Operation 174 [1/1] (1.20ns)   --->   "%store_ln15268 = store i32 %empty, i10 %local_C_addr_28" [./dut.cpp:15268]   --->   Operation 174 'store' 'store_ln15268' <Predicate = true> <Delay = 1.20> <CoreInst = "RAM_2P_BRAM">   --->   Core 94 'RAM_2P_BRAM' <Latency = 1> <II = 1> <Delay = 1.20> <Storage> <Opcode : 'load' 'store'> <Ports = 2> <Width = 32> <Depth = 1024> <RAM>
ST_22 : Operation 175 [1/1] (0.00ns)   --->   "%br_ln15270 = br i1 %select_ln15234_1, void %._crit_edge, void" [./dut.cpp:15270]   --->   Operation 175 'br' 'br_ln15270' <Predicate = true> <Delay = 0.00>
ST_22 : Operation 176 [1/1] (0.00ns)   --->   "%bitcast_ln174 = bitcast i32 %empty" [/home/rcslfpgaserver/Softwares/Xilinx/Vitis_HLS/2020.2/common/technology/autopilot/hls_stream_39.h:174]   --->   Operation 176 'bitcast' 'bitcast_ln174' <Predicate = (select_ln15234_1)> <Delay = 0.00>
ST_22 : Operation 177 [1/1] (1.21ns)   --->   "%write_ln174 = write void @_ssdm_op_Write.ap_fifo.volatile.i32P0A, i32 %fifo_C_drain_PE_5_0_x288, i32 %bitcast_ln174" [/home/rcslfpgaserver/Softwares/Xilinx/Vitis_HLS/2020.2/common/technology/autopilot/hls_stream_39.h:174]   --->   Operation 177 'write' 'write_ln174' <Predicate = (select_ln15234_1)> <Delay = 1.21> <CoreInst = "FIFO_SRL">   --->   Core 81 'FIFO_SRL' <Latency = 0> <II = 1> <Delay = 1.39> <Storage> <Opcode : 'read' 'write' 'nbread' 'nbwrite'> <Ports = 0> <Width = 32> <Depth = 2> <FIFO>
ST_22 : Operation 178 [1/1] (0.00ns)   --->   "%br_ln15271 = br void %._crit_edge" [./dut.cpp:15271]   --->   Operation 178 'br' 'br_ln15271' <Predicate = (select_ln15234_1)> <Delay = 0.00>
ST_22 : Operation 179 [2/2] (0.69ns)   --->   "%u7 = load i3 %local_B_0_addr" [./dut.cpp:15278]   --->   Operation 179 'load' 'u7' <Predicate = true> <Delay = 0.69> <CoreInst = "RAM">   --->   Core 83 'RAM' <Latency = 1> <II = 1> <Delay = 0.69> <Storage> <Opcode : 'load' 'store'> <Ports = 2> <Width = 32> <Depth = 8> <RAM>
ST_22 : Operation 180 [2/2] (0.69ns)   --->   "%u6 = load i3 %local_B_0_addr_82" [./dut.cpp:15279]   --->   Operation 180 'load' 'u6' <Predicate = true> <Delay = 0.69> <CoreInst = "RAM">   --->   Core 83 'RAM' <Latency = 1> <II = 1> <Delay = 0.69> <Storage> <Opcode : 'load' 'store'> <Ports = 2> <Width = 32> <Depth = 8> <RAM>
ST_22 : Operation 181 [2/2] (0.69ns)   --->   "%u7_28 = load i3 %local_A_0_addr" [./dut.cpp:15295]   --->   Operation 181 'load' 'u7_28' <Predicate = true> <Delay = 0.69> <CoreInst = "RAM">   --->   Core 83 'RAM' <Latency = 1> <II = 1> <Delay = 0.69> <Storage> <Opcode : 'load' 'store'> <Ports = 2> <Width = 32> <Depth = 8> <RAM>
ST_22 : Operation 182 [2/2] (0.69ns)   --->   "%u6_28 = load i3 %local_A_0_addr_82" [./dut.cpp:15296]   --->   Operation 182 'load' 'u6_28' <Predicate = true> <Delay = 0.69> <CoreInst = "RAM">   --->   Core 83 'RAM' <Latency = 1> <II = 1> <Delay = 0.69> <Storage> <Opcode : 'load' 'store'> <Ports = 2> <Width = 32> <Depth = 8> <RAM>
ST_22 : Operation 183 [1/1] (0.70ns)   --->   "%add_ln691_144 = add i5 %select_ln890_118, i5 1"   --->   Operation 183 'add' 'add_ln691_144' <Predicate = true> <Delay = 0.70> <CoreInst = "Adder">   --->   Core 1 'Adder' <Latency = 0> <II = 1> <Delay = 0.74> <FuncUnit> <Opcode : 'add' 'sub'> <InPorts = 2> <OutPorts = 1>
ST_22 : Operation 184 [1/1] (0.74ns)   --->   "%add_ln890 = add i12 %indvar_flatten, i12 1"   --->   Operation 184 'add' 'add_ln890' <Predicate = (!icmp_ln890_102)> <Delay = 0.74> <CoreInst = "Adder">   --->   Core 1 'Adder' <Latency = 0> <II = 1> <Delay = 0.74> <FuncUnit> <Opcode : 'add' 'sub'> <InPorts = 2> <OutPorts = 1>
ST_22 : Operation 185 [1/1] (0.29ns)   --->   "%select_ln890_120 = select i1 %icmp_ln890_102, i12 1, i12 %add_ln890"   --->   Operation 185 'select' 'select_ln890_120' <Predicate = true> <Delay = 0.29> <CoreInst = "Sel">   --->   Core 73 'Sel' <Latency = 0> <II = 1> <Delay = 0.29> <FuncUnit> <Opcode : 'select'> <InPorts = 3> <OutPorts = 1>

State 23 <SV = 16> <Delay = 0.69>
ST_23 : Operation 186 [1/2] (0.69ns)   --->   "%u7 = load i3 %local_B_0_addr" [./dut.cpp:15278]   --->   Operation 186 'load' 'u7' <Predicate = true> <Delay = 0.69> <CoreInst = "RAM">   --->   Core 83 'RAM' <Latency = 1> <II = 1> <Delay = 0.69> <Storage> <Opcode : 'load' 'store'> <Ports = 2> <Width = 32> <Depth = 8> <RAM>
ST_23 : Operation 187 [1/2] (0.69ns)   --->   "%u6 = load i3 %local_B_0_addr_82" [./dut.cpp:15279]   --->   Operation 187 'load' 'u6' <Predicate = true> <Delay = 0.69> <CoreInst = "RAM">   --->   Core 83 'RAM' <Latency = 1> <II = 1> <Delay = 0.69> <Storage> <Opcode : 'load' 'store'> <Ports = 2> <Width = 32> <Depth = 8> <RAM>
ST_23 : Operation 188 [2/2] (0.69ns)   --->   "%u5 = load i3 %local_B_0_addr_83" [./dut.cpp:15280]   --->   Operation 188 'load' 'u5' <Predicate = true> <Delay = 0.69> <CoreInst = "RAM">   --->   Core 83 'RAM' <Latency = 1> <II = 1> <Delay = 0.69> <Storage> <Opcode : 'load' 'store'> <Ports = 2> <Width = 32> <Depth = 8> <RAM>
ST_23 : Operation 189 [2/2] (0.69ns)   --->   "%u4 = load i3 %local_B_0_addr_84" [./dut.cpp:15281]   --->   Operation 189 'load' 'u4' <Predicate = true> <Delay = 0.69> <CoreInst = "RAM">   --->   Core 83 'RAM' <Latency = 1> <II = 1> <Delay = 0.69> <Storage> <Opcode : 'load' 'store'> <Ports = 2> <Width = 32> <Depth = 8> <RAM>
ST_23 : Operation 190 [1/2] (0.69ns)   --->   "%u7_28 = load i3 %local_A_0_addr" [./dut.cpp:15295]   --->   Operation 190 'load' 'u7_28' <Predicate = true> <Delay = 0.69> <CoreInst = "RAM">   --->   Core 83 'RAM' <Latency = 1> <II = 1> <Delay = 0.69> <Storage> <Opcode : 'load' 'store'> <Ports = 2> <Width = 32> <Depth = 8> <RAM>
ST_23 : Operation 191 [1/2] (0.69ns)   --->   "%u6_28 = load i3 %local_A_0_addr_82" [./dut.cpp:15296]   --->   Operation 191 'load' 'u6_28' <Predicate = true> <Delay = 0.69> <CoreInst = "RAM">   --->   Core 83 'RAM' <Latency = 1> <II = 1> <Delay = 0.69> <Storage> <Opcode : 'load' 'store'> <Ports = 2> <Width = 32> <Depth = 8> <RAM>
ST_23 : Operation 192 [2/2] (0.69ns)   --->   "%u5_28 = load i3 %local_A_0_addr_83" [./dut.cpp:15297]   --->   Operation 192 'load' 'u5_28' <Predicate = true> <Delay = 0.69> <CoreInst = "RAM">   --->   Core 83 'RAM' <Latency = 1> <II = 1> <Delay = 0.69> <Storage> <Opcode : 'load' 'store'> <Ports = 2> <Width = 32> <Depth = 8> <RAM>
ST_23 : Operation 193 [2/2] (0.69ns)   --->   "%u4_28 = load i3 %local_A_0_addr_84" [./dut.cpp:15298]   --->   Operation 193 'load' 'u4_28' <Predicate = true> <Delay = 0.69> <CoreInst = "RAM">   --->   Core 83 'RAM' <Latency = 1> <II = 1> <Delay = 0.69> <Storage> <Opcode : 'load' 'store'> <Ports = 2> <Width = 32> <Depth = 8> <RAM>

State 24 <SV = 17> <Delay = 0.69>
ST_24 : Operation 194 [1/2] (0.69ns)   --->   "%u5 = load i3 %local_B_0_addr_83" [./dut.cpp:15280]   --->   Operation 194 'load' 'u5' <Predicate = true> <Delay = 0.69> <CoreInst = "RAM">   --->   Core 83 'RAM' <Latency = 1> <II = 1> <Delay = 0.69> <Storage> <Opcode : 'load' 'store'> <Ports = 2> <Width = 32> <Depth = 8> <RAM>
ST_24 : Operation 195 [1/2] (0.69ns)   --->   "%u4 = load i3 %local_B_0_addr_84" [./dut.cpp:15281]   --->   Operation 195 'load' 'u4' <Predicate = true> <Delay = 0.69> <CoreInst = "RAM">   --->   Core 83 'RAM' <Latency = 1> <II = 1> <Delay = 0.69> <Storage> <Opcode : 'load' 'store'> <Ports = 2> <Width = 32> <Depth = 8> <RAM>
ST_24 : Operation 196 [2/2] (0.69ns)   --->   "%u3 = load i3 %local_B_0_addr_85" [./dut.cpp:15282]   --->   Operation 196 'load' 'u3' <Predicate = true> <Delay = 0.69> <CoreInst = "RAM">   --->   Core 83 'RAM' <Latency = 1> <II = 1> <Delay = 0.69> <Storage> <Opcode : 'load' 'store'> <Ports = 2> <Width = 32> <Depth = 8> <RAM>
ST_24 : Operation 197 [2/2] (0.69ns)   --->   "%u2 = load i3 %local_B_0_addr_86" [./dut.cpp:15283]   --->   Operation 197 'load' 'u2' <Predicate = true> <Delay = 0.69> <CoreInst = "RAM">   --->   Core 83 'RAM' <Latency = 1> <II = 1> <Delay = 0.69> <Storage> <Opcode : 'load' 'store'> <Ports = 2> <Width = 32> <Depth = 8> <RAM>
ST_24 : Operation 198 [1/2] (0.69ns)   --->   "%u5_28 = load i3 %local_A_0_addr_83" [./dut.cpp:15297]   --->   Operation 198 'load' 'u5_28' <Predicate = true> <Delay = 0.69> <CoreInst = "RAM">   --->   Core 83 'RAM' <Latency = 1> <II = 1> <Delay = 0.69> <Storage> <Opcode : 'load' 'store'> <Ports = 2> <Width = 32> <Depth = 8> <RAM>
ST_24 : Operation 199 [1/2] (0.69ns)   --->   "%u4_28 = load i3 %local_A_0_addr_84" [./dut.cpp:15298]   --->   Operation 199 'load' 'u4_28' <Predicate = true> <Delay = 0.69> <CoreInst = "RAM">   --->   Core 83 'RAM' <Latency = 1> <II = 1> <Delay = 0.69> <Storage> <Opcode : 'load' 'store'> <Ports = 2> <Width = 32> <Depth = 8> <RAM>
ST_24 : Operation 200 [2/2] (0.69ns)   --->   "%u3_28 = load i3 %local_A_0_addr_85" [./dut.cpp:15299]   --->   Operation 200 'load' 'u3_28' <Predicate = true> <Delay = 0.69> <CoreInst = "RAM">   --->   Core 83 'RAM' <Latency = 1> <II = 1> <Delay = 0.69> <Storage> <Opcode : 'load' 'store'> <Ports = 2> <Width = 32> <Depth = 8> <RAM>
ST_24 : Operation 201 [2/2] (0.69ns)   --->   "%u2_28 = load i3 %local_A_0_addr_86" [./dut.cpp:15300]   --->   Operation 201 'load' 'u2_28' <Predicate = true> <Delay = 0.69> <CoreInst = "RAM">   --->   Core 83 'RAM' <Latency = 1> <II = 1> <Delay = 0.69> <Storage> <Opcode : 'load' 'store'> <Ports = 2> <Width = 32> <Depth = 8> <RAM>

State 25 <SV = 18> <Delay = 0.69>
ST_25 : Operation 202 [1/2] (0.69ns)   --->   "%u3 = load i3 %local_B_0_addr_85" [./dut.cpp:15282]   --->   Operation 202 'load' 'u3' <Predicate = true> <Delay = 0.69> <CoreInst = "RAM">   --->   Core 83 'RAM' <Latency = 1> <II = 1> <Delay = 0.69> <Storage> <Opcode : 'load' 'store'> <Ports = 2> <Width = 32> <Depth = 8> <RAM>
ST_25 : Operation 203 [1/2] (0.69ns)   --->   "%u2 = load i3 %local_B_0_addr_86" [./dut.cpp:15283]   --->   Operation 203 'load' 'u2' <Predicate = true> <Delay = 0.69> <CoreInst = "RAM">   --->   Core 83 'RAM' <Latency = 1> <II = 1> <Delay = 0.69> <Storage> <Opcode : 'load' 'store'> <Ports = 2> <Width = 32> <Depth = 8> <RAM>
ST_25 : Operation 204 [2/2] (0.69ns)   --->   "%u1 = load i3 %local_B_0_addr_87" [./dut.cpp:15284]   --->   Operation 204 'load' 'u1' <Predicate = true> <Delay = 0.69> <CoreInst = "RAM">   --->   Core 83 'RAM' <Latency = 1> <II = 1> <Delay = 0.69> <Storage> <Opcode : 'load' 'store'> <Ports = 2> <Width = 32> <Depth = 8> <RAM>
ST_25 : Operation 205 [2/2] (0.69ns)   --->   "%u0 = load i3 %local_B_0_addr_88" [./dut.cpp:15285]   --->   Operation 205 'load' 'u0' <Predicate = true> <Delay = 0.69> <CoreInst = "RAM">   --->   Core 83 'RAM' <Latency = 1> <II = 1> <Delay = 0.69> <Storage> <Opcode : 'load' 'store'> <Ports = 2> <Width = 32> <Depth = 8> <RAM>
ST_25 : Operation 206 [1/2] (0.69ns)   --->   "%u3_28 = load i3 %local_A_0_addr_85" [./dut.cpp:15299]   --->   Operation 206 'load' 'u3_28' <Predicate = true> <Delay = 0.69> <CoreInst = "RAM">   --->   Core 83 'RAM' <Latency = 1> <II = 1> <Delay = 0.69> <Storage> <Opcode : 'load' 'store'> <Ports = 2> <Width = 32> <Depth = 8> <RAM>
ST_25 : Operation 207 [1/2] (0.69ns)   --->   "%u2_28 = load i3 %local_A_0_addr_86" [./dut.cpp:15300]   --->   Operation 207 'load' 'u2_28' <Predicate = true> <Delay = 0.69> <CoreInst = "RAM">   --->   Core 83 'RAM' <Latency = 1> <II = 1> <Delay = 0.69> <Storage> <Opcode : 'load' 'store'> <Ports = 2> <Width = 32> <Depth = 8> <RAM>
ST_25 : Operation 208 [2/2] (0.69ns)   --->   "%u1_28 = load i3 %local_A_0_addr_87" [./dut.cpp:15301]   --->   Operation 208 'load' 'u1_28' <Predicate = true> <Delay = 0.69> <CoreInst = "RAM">   --->   Core 83 'RAM' <Latency = 1> <II = 1> <Delay = 0.69> <Storage> <Opcode : 'load' 'store'> <Ports = 2> <Width = 32> <Depth = 8> <RAM>
ST_25 : Operation 209 [2/2] (0.69ns)   --->   "%u0_28 = load i3 %local_A_0_addr_88" [./dut.cpp:15302]   --->   Operation 209 'load' 'u0_28' <Predicate = true> <Delay = 0.69> <CoreInst = "RAM">   --->   Core 83 'RAM' <Latency = 1> <II = 1> <Delay = 0.69> <Storage> <Opcode : 'load' 'store'> <Ports = 2> <Width = 32> <Depth = 8> <RAM>

State 26 <SV = 19> <Delay = 1.91>
ST_26 : Operation 210 [1/2] (0.69ns)   --->   "%u1 = load i3 %local_B_0_addr_87" [./dut.cpp:15284]   --->   Operation 210 'load' 'u1' <Predicate = true> <Delay = 0.69> <CoreInst = "RAM">   --->   Core 83 'RAM' <Latency = 1> <II = 1> <Delay = 0.69> <Storage> <Opcode : 'load' 'store'> <Ports = 2> <Width = 32> <Depth = 8> <RAM>
ST_26 : Operation 211 [1/2] (0.69ns)   --->   "%u0 = load i3 %local_B_0_addr_88" [./dut.cpp:15285]   --->   Operation 211 'load' 'u0' <Predicate = true> <Delay = 0.69> <CoreInst = "RAM">   --->   Core 83 'RAM' <Latency = 1> <II = 1> <Delay = 0.69> <Storage> <Opcode : 'load' 'store'> <Ports = 2> <Width = 32> <Depth = 8> <RAM>
ST_26 : Operation 212 [1/1] (0.00ns)   --->   "%v1_V = bitcast i32 %u7" [./dut.cpp:15286]   --->   Operation 212 'bitcast' 'v1_V' <Predicate = true> <Delay = 0.00>
ST_26 : Operation 213 [1/1] (0.00ns)   --->   "%v2_V_504 = bitcast i32 %u6" [./dut.cpp:15286]   --->   Operation 213 'bitcast' 'v2_V_504' <Predicate = true> <Delay = 0.00>
ST_26 : Operation 214 [1/1] (0.00ns)   --->   "%v2_V_503 = bitcast i32 %u5" [./dut.cpp:15286]   --->   Operation 214 'bitcast' 'v2_V_503' <Predicate = true> <Delay = 0.00>
ST_26 : Operation 215 [1/1] (0.00ns)   --->   "%v2_V_502 = bitcast i32 %u4" [./dut.cpp:15286]   --->   Operation 215 'bitcast' 'v2_V_502' <Predicate = true> <Delay = 0.00>
ST_26 : Operation 216 [1/1] (0.00ns)   --->   "%v2_V_501 = bitcast i32 %u3" [./dut.cpp:15286]   --->   Operation 216 'bitcast' 'v2_V_501' <Predicate = true> <Delay = 0.00>
ST_26 : Operation 217 [1/1] (0.00ns)   --->   "%v2_V_500 = bitcast i32 %u2" [./dut.cpp:15286]   --->   Operation 217 'bitcast' 'v2_V_500' <Predicate = true> <Delay = 0.00>
ST_26 : Operation 218 [1/1] (0.00ns)   --->   "%v2_V_499 = bitcast i32 %u1" [./dut.cpp:15286]   --->   Operation 218 'bitcast' 'v2_V_499' <Predicate = true> <Delay = 0.00>
ST_26 : Operation 219 [1/1] (0.00ns)   --->   "%v2_V = bitcast i32 %u0" [./dut.cpp:15286]   --->   Operation 219 'bitcast' 'v2_V' <Predicate = true> <Delay = 0.00>
ST_26 : Operation 220 [1/1] (0.00ns)   --->   "%p_Result_s = bitconcatenate i256 @_ssdm_op_BitConcatenate.i256.i32.i32.i32.i32.i32.i32.i32.i32, i32 %v1_V, i32 %v2_V_504, i32 %v2_V_503, i32 %v2_V_502, i32 %v2_V_501, i32 %v2_V_500, i32 %v2_V_499, i32 %v2_V"   --->   Operation 220 'bitconcatenate' 'p_Result_s' <Predicate = true> <Delay = 0.00>
ST_26 : Operation 221 [1/1] (1.21ns)   --->   "%write_ln174 = write void @_ssdm_op_Write.ap_fifo.volatile.i256P0A, i256 %fifo_B_PE_6_0_x261, i256 %p_Result_s" [/home/rcslfpgaserver/Softwares/Xilinx/Vitis_HLS/2020.2/common/technology/autopilot/hls_stream_39.h:174]   --->   Operation 221 'write' 'write_ln174' <Predicate = true> <Delay = 1.21> <CoreInst = "FIFO_SRL">   --->   Core 81 'FIFO_SRL' <Latency = 0> <II = 1> <Delay = 1.42> <Storage> <Opcode : 'read' 'write' 'nbread' 'nbwrite'> <Ports = 0> <Width = 256> <Depth = 2> <FIFO>
ST_26 : Operation 222 [1/2] (0.69ns)   --->   "%u1_28 = load i3 %local_A_0_addr_87" [./dut.cpp:15301]   --->   Operation 222 'load' 'u1_28' <Predicate = true> <Delay = 0.69> <CoreInst = "RAM">   --->   Core 83 'RAM' <Latency = 1> <II = 1> <Delay = 0.69> <Storage> <Opcode : 'load' 'store'> <Ports = 2> <Width = 32> <Depth = 8> <RAM>
ST_26 : Operation 223 [1/2] (0.69ns)   --->   "%u0_28 = load i3 %local_A_0_addr_88" [./dut.cpp:15302]   --->   Operation 223 'load' 'u0_28' <Predicate = true> <Delay = 0.69> <CoreInst = "RAM">   --->   Core 83 'RAM' <Latency = 1> <II = 1> <Delay = 0.69> <Storage> <Opcode : 'load' 'store'> <Ports = 2> <Width = 32> <Depth = 8> <RAM>
ST_26 : Operation 224 [1/1] (0.00ns)   --->   "%v1_V_28 = bitcast i32 %u7_28" [./dut.cpp:15303]   --->   Operation 224 'bitcast' 'v1_V_28' <Predicate = true> <Delay = 0.00>
ST_26 : Operation 225 [1/1] (0.00ns)   --->   "%v2_V_511 = bitcast i32 %u6_28" [./dut.cpp:15303]   --->   Operation 225 'bitcast' 'v2_V_511' <Predicate = true> <Delay = 0.00>
ST_26 : Operation 226 [1/1] (0.00ns)   --->   "%v2_V_510 = bitcast i32 %u5_28" [./dut.cpp:15303]   --->   Operation 226 'bitcast' 'v2_V_510' <Predicate = true> <Delay = 0.00>
ST_26 : Operation 227 [1/1] (0.00ns)   --->   "%v2_V_509 = bitcast i32 %u4_28" [./dut.cpp:15303]   --->   Operation 227 'bitcast' 'v2_V_509' <Predicate = true> <Delay = 0.00>
ST_26 : Operation 228 [1/1] (0.00ns)   --->   "%v2_V_508 = bitcast i32 %u3_28" [./dut.cpp:15303]   --->   Operation 228 'bitcast' 'v2_V_508' <Predicate = true> <Delay = 0.00>
ST_26 : Operation 229 [1/1] (0.00ns)   --->   "%v2_V_507 = bitcast i32 %u2_28" [./dut.cpp:15303]   --->   Operation 229 'bitcast' 'v2_V_507' <Predicate = true> <Delay = 0.00>
ST_26 : Operation 230 [1/1] (0.00ns)   --->   "%v2_V_506 = bitcast i32 %u1_28" [./dut.cpp:15303]   --->   Operation 230 'bitcast' 'v2_V_506' <Predicate = true> <Delay = 0.00>
ST_26 : Operation 231 [1/1] (0.00ns)   --->   "%v2_V_505 = bitcast i32 %u0_28" [./dut.cpp:15303]   --->   Operation 231 'bitcast' 'v2_V_505' <Predicate = true> <Delay = 0.00>
ST_26 : Operation 232 [1/1] (0.00ns)   --->   "%p_Result_28 = bitconcatenate i256 @_ssdm_op_BitConcatenate.i256.i32.i32.i32.i32.i32.i32.i32.i32, i32 %v1_V_28, i32 %v2_V_511, i32 %v2_V_510, i32 %v2_V_509, i32 %v2_V_508, i32 %v2_V_507, i32 %v2_V_506, i32 %v2_V_505"   --->   Operation 232 'bitconcatenate' 'p_Result_28' <Predicate = true> <Delay = 0.00>
ST_26 : Operation 233 [1/1] (1.21ns)   --->   "%write_ln174 = write void @_ssdm_op_Write.ap_fifo.volatile.i256P0A, i256 %fifo_A_PE_5_1_x232, i256 %p_Result_28" [/home/rcslfpgaserver/Softwares/Xilinx/Vitis_HLS/2020.2/common/technology/autopilot/hls_stream_39.h:174]   --->   Operation 233 'write' 'write_ln174' <Predicate = true> <Delay = 1.21> <CoreInst = "FIFO_SRL">   --->   Core 81 'FIFO_SRL' <Latency = 0> <II = 1> <Delay = 1.42> <Storage> <Opcode : 'read' 'write' 'nbread' 'nbwrite'> <Ports = 0> <Width = 256> <Depth = 2> <FIFO>
ST_26 : Operation 234 [1/1] (0.00ns)   --->   "%br_ln0 = br void"   --->   Operation 234 'br' 'br_ln0' <Predicate = true> <Delay = 0.00>


============================================================
+ Verbose Summary: Timing violations
============================================================
Target clock period: 3.33ns, clock uncertainty: 0.9ns.

 <State 1>: 0.387ns
The critical path consists of the following:
	multiplexor before 'phi' operation ('c6.V') with incoming values : ('add_ln691') [18]  (0.387 ns)

 <State 2>: 0.706ns
The critical path consists of the following:
	'phi' operation ('c6.V') with incoming values : ('add_ln691') [18]  (0 ns)
	'add' operation ('add_ln691') [19]  (0.706 ns)

 <State 3>: 1.92ns
The critical path consists of the following:
	'phi' operation ('c7.V') with incoming values : ('add_ln691_138') [28]  (0 ns)
	'add' operation ('add_ln15229', ./dut.cpp:15229) [32]  (0.725 ns)
	'getelementptr' operation ('local_C_addr', ./dut.cpp:15229) [34]  (0 ns)
	'store' operation ('store_ln15229', ./dut.cpp:15229) of constant 0 on array 'local_C', ./dut.cpp:15216 [40]  (1.2 ns)

 <State 4>: 1.6ns
The critical path consists of the following:
	'phi' operation ('c5.V') with incoming values : ('select_ln890') [64]  (0 ns)
	'add' operation ('add_ln691_139') [72]  (0.706 ns)
	'icmp' operation ('cmp_i_i_mid1') [77]  (0.619 ns)
	'select' operation ('select_ln15234_1', ./dut.cpp:15234) [79]  (0.278 ns)

 <State 5>: 2.05ns
The critical path consists of the following:
	'select' operation ('select_ln15234', ./dut.cpp:15234) [76]  (0.308 ns)
	'add' operation ('add_ln691_140') [84]  (0.706 ns)
	'select' operation ('select_ln890_119') [88]  (0.308 ns)
	'add' operation ('empty_1396') [92]  (0.725 ns)

 <State 6>: 1.35ns
The critical path consists of the following:
	'phi' operation ('n.V') with incoming values : ('add_ln691_141') [99]  (0 ns)
	'add' operation ('add_ln691_141') [101]  (0.708 ns)
	blocking operation 0.647 ns on control path)

 <State 7>: 1.22ns
The critical path consists of the following:
	fifo read on port 'fifo_B_PE_5_0_x260' (/home/rcslfpgaserver/Softwares/Xilinx/Vitis_HLS/2020.2/common/technology/autopilot/hls_stream_39.h:145) [117]  (1.22 ns)

 <State 8>: 1.35ns
The critical path consists of the following:
	'phi' operation ('n.V') with incoming values : ('add_ln691_142') [120]  (0 ns)
	'add' operation ('add_ln691_142') [122]  (0.708 ns)
	blocking operation 0.647 ns on control path)

 <State 9>: 1.2ns
The critical path consists of the following:
	'load' operation ('local_C_load', ./dut.cpp:15268) on array 'local_C', ./dut.cpp:15216 [138]  (1.2 ns)

 <State 10>: 1.2ns
The critical path consists of the following:
	'load' operation ('local_C_load', ./dut.cpp:15268) on array 'local_C', ./dut.cpp:15216 [138]  (1.2 ns)

 <State 11>: 0.699ns
The critical path consists of the following:
	'phi' operation ('c8.V') with incoming values : ('add_ln691_143') [141]  (0 ns)
	'getelementptr' operation ('local_A_0_addr_90', ./dut.cpp:15268) [151]  (0 ns)
	'load' operation ('local_A_0_load', ./dut.cpp:15268) on array 'local_A[0]', ./dut.cpp:15214 [152]  (0.699 ns)

 <State 12>: 0.699ns
The critical path consists of the following:
	'load' operation ('local_A_0_load', ./dut.cpp:15268) on array 'local_A[0]', ./dut.cpp:15214 [152]  (0.699 ns)

 <State 13>: 2.32ns
The critical path consists of the following:
	'fmul' operation ('mul', ./dut.cpp:15268) [155]  (2.32 ns)

 <State 14>: 2.32ns
The critical path consists of the following:
	'fmul' operation ('mul', ./dut.cpp:15268) [155]  (2.32 ns)

 <State 15>: 2.32ns
The critical path consists of the following:
	'fmul' operation ('mul', ./dut.cpp:15268) [155]  (2.32 ns)

 <State 16>: 2.32ns
The critical path consists of the following:
	'fmul' operation ('mul', ./dut.cpp:15268) [155]  (2.32 ns)

 <State 17>: 2.08ns
The critical path consists of the following:
	'fadd' operation ('add', ./dut.cpp:15268) [156]  (2.08 ns)

 <State 18>: 4.17ns
The critical path consists of the following:
	'fadd' operation ('add', ./dut.cpp:15268) [156]  (2.08 ns)
	'phi' operation ('empty', ./dut.cpp:15268) with incoming values : ('local_C_load', ./dut.cpp:15268) ('add', ./dut.cpp:15268) [142]  (0 ns)
	'fadd' operation ('add', ./dut.cpp:15268) [156]  (2.08 ns)

 <State 19>: 4.17ns
The critical path consists of the following:
	'fadd' operation ('add', ./dut.cpp:15268) [156]  (2.08 ns)
	'phi' operation ('empty', ./dut.cpp:15268) with incoming values : ('local_C_load', ./dut.cpp:15268) ('add', ./dut.cpp:15268) [142]  (0 ns)
	'fadd' operation ('add', ./dut.cpp:15268) [156]  (2.08 ns)

 <State 20>: 4.17ns
The critical path consists of the following:
	'fadd' operation ('add', ./dut.cpp:15268) [156]  (2.08 ns)
	'phi' operation ('empty', ./dut.cpp:15268) with incoming values : ('local_C_load', ./dut.cpp:15268) ('add', ./dut.cpp:15268) [142]  (0 ns)
	'fadd' operation ('add', ./dut.cpp:15268) [156]  (2.08 ns)

 <State 21>: 4.17ns
The critical path consists of the following:
	'fadd' operation ('add', ./dut.cpp:15268) [156]  (2.08 ns)
	'phi' operation ('empty', ./dut.cpp:15268) with incoming values : ('local_C_load', ./dut.cpp:15268) ('add', ./dut.cpp:15268) [142]  (0 ns)
	'fadd' operation ('add', ./dut.cpp:15268) [156]  (2.08 ns)

 <State 22>: 1.22ns
The critical path consists of the following:
	fifo write on port 'fifo_C_drain_PE_5_0_x288' (/home/rcslfpgaserver/Softwares/Xilinx/Vitis_HLS/2020.2/common/technology/autopilot/hls_stream_39.h:174) [163]  (1.22 ns)

 <State 23>: 0.699ns
The critical path consists of the following:
	'load' operation ('u7', ./dut.cpp:15278) on array 'local_B[0]', ./dut.cpp:15215 [166]  (0.699 ns)

 <State 24>: 0.699ns
The critical path consists of the following:
	'load' operation ('u5', ./dut.cpp:15280) on array 'local_B[0]', ./dut.cpp:15215 [168]  (0.699 ns)

 <State 25>: 0.699ns
The critical path consists of the following:
	'load' operation ('u3', ./dut.cpp:15282) on array 'local_B[0]', ./dut.cpp:15215 [170]  (0.699 ns)

 <State 26>: 1.92ns
The critical path consists of the following:
	'load' operation ('u1', ./dut.cpp:15284) on array 'local_B[0]', ./dut.cpp:15215 [172]  (0.699 ns)
	fifo write on port 'fifo_B_PE_6_0_x261' (/home/rcslfpgaserver/Softwares/Xilinx/Vitis_HLS/2020.2/common/technology/autopilot/hls_stream_39.h:174) [183]  (1.22 ns)


============================================================
+ Verbose Summary: Binding
============================================================
N/A
* FSMD analyzer results:
  - Output states:
 - Input state : 
  - Chain level:
	State 1
	State 2
	State 3
	State 4
	State 5
	State 6
	State 7
	State 8
	State 9
	State 10
	State 11
	State 12
	State 13
	State 14
	State 15
	State 16
	State 17
	State 18
	State 19
	State 20
	State 21
	State 22
	State 23
	State 24
	State 25
	State 26


============================================================
+ Verbose Summary: Datapath Resource usage 
============================================================
N/A
