

================================================================
== Vitis HLS Report for 'nondf_kernel_cov_x0'
================================================================
* Date:           Sat Sep 17 09:33:35 2022

* Version:        2020.2 (Build 3064766 on Wed Nov 18 09:12:47 MST 2020)
* Project:        top
* Solution:       solution (Vitis Kernel Flow Target)
* Product family: virtexuplus
* Target device:  xcu250-figd2104-2L-e


================================================================
== Performance Estimates
================================================================
+ Timing: 
    * Summary: 
    +--------+---------+----------+------------+
    |  Clock |  Target | Estimated| Uncertainty|
    +--------+---------+----------+------------+
    |ap_clk  |  3.33 ns|  2.908 ns|     0.90 ns|
    +--------+---------+----------+------------+

+ Latency: 
    * Summary: 
    +---------+---------+----------+----------+--------+--------+---------+
    |  Latency (cycles) |  Latency (absolute) |     Interval    | Pipeline|
    |   min   |   max   |    min   |    max   |   min  |   max  |   Type  |
    +---------+---------+----------+----------+--------+--------+---------+
    |   557342|   557342|  1.858 ms|  1.858 ms|  557342|  557342|     none|
    +---------+---------+----------+----------+--------+--------+---------+

    + Detail: 
        * Instance: 
        N/A

        * Loop: 
        +------------------------------------------------------------------------------------+---------+---------+----------+-----------+-----------+--------+----------+
        |                                                                                    |  Latency (cycles) | Iteration|  Initiation Interval  |  Trip  |          |
        |                                      Loop Name                                     |   min   |   max   |  Latency |  achieved |   target  |  Count | Pipelined|
        +------------------------------------------------------------------------------------+---------+---------+----------+-----------+-----------+--------+----------+
        |- nondf_kernel_cov_x0_loop_1                                                        |    12416|    12416|       194|          -|          -|      64|        no|
        | + nondf_kernel_cov_x0_loop_2                                                       |      192|      192|         3|          -|          -|      64|        no|
        |- nondf_kernel_cov_x0_loop_3_nondf_kernel_cov_x0_loop_4                             |     4099|     4099|         5|          1|          1|    4096|       yes|
        |- nondf_kernel_cov_x0_loop_5_nondf_kernel_cov_x0_loop_6                             |     4100|     4100|         6|          1|          1|    4096|       yes|
        |- nondf_kernel_cov_x0_loop_7_nondf_kernel_cov_x0_loop_8_nondf_kernel_cov_x0_loop_9  |   524303|   524303|        18|          2|          2|  262144|       yes|
        |- nondf_kernel_cov_x0_loop_10                                                       |    12416|    12416|       194|          -|          -|      64|        no|
        | + nondf_kernel_cov_x0_loop_11                                                      |      192|      192|         3|          -|          -|      64|        no|
        +------------------------------------------------------------------------------------+---------+---------+----------+-----------+-----------+--------+----------+



================================================================
== Utilization Estimates
================================================================
* Summary: 
+---------------------+---------+-------+---------+---------+------+
|         Name        | BRAM_18K|  DSP  |    FF   |   LUT   | URAM |
+---------------------+---------+-------+---------+---------+------+
|DSP                  |        -|      -|        -|        -|     -|
|Expression           |        -|      -|        0|     1484|     -|
|FIFO                 |        -|      -|        -|        -|     -|
|Instance             |        -|      -|     1740|      390|     -|
|Memory               |        8|      -|        0|        0|     -|
|Multiplexer          |        -|      -|        -|      466|     -|
|Register             |        -|      -|     6371|      416|     -|
+---------------------+---------+-------+---------+---------+------+
|Total                |        8|      0|     8111|     2756|     0|
+---------------------+---------+-------+---------+---------+------+
|Available SLR        |     1344|   3072|   864000|   432000|   320|
+---------------------+---------+-------+---------+---------+------+
|Utilization SLR (%)  |       ~0|      0|       ~0|       ~0|     0|
+---------------------+---------+-------+---------+---------+------+
|Available            |     5376|  12288|  3456000|  1728000|  1280|
+---------------------+---------+-------+---------+---------+------+
|Utilization (%)      |       ~0|      0|       ~0|       ~0|     0|
+---------------------+---------+-------+---------+---------+------+

+ Detail: 
    * Instance: 
    +------------------------------+-------------------------+---------+----+-----+-----+-----+
    |           Instance           |          Module         | BRAM_18K| DSP|  FF | LUT | URAM|
    +------------------------------+-------------------------+---------+----+-----+-----+-----+
    |add_512ns_512ns_512_2_1_U848  |add_512ns_512ns_512_2_1  |        0|   0|  580|  130|    0|
    |add_512ns_512ns_512_2_1_U851  |add_512ns_512ns_512_2_1  |        0|   0|  580|  130|    0|
    |sub_512ns_512ns_512_2_1_U849  |sub_512ns_512ns_512_2_1  |        0|   0|  580|  130|    0|
    +------------------------------+-------------------------+---------+----+-----+-----+-----+
    |Total                         |                         |        0|   0| 1740|  390|    0|
    +------------------------------+-------------------------+---------+----+-----+-----+-----+

    * DSP: 
    N/A

    * Memory: 
    +----------+----------------------------+---------+---+----+-----+------+-----+------+-------------+
    |  Memory  |           Module           | BRAM_18K| FF| LUT| URAM| Words| Bits| Banks| W*Bits*Banks|
    +----------+----------------------------+---------+---+----+-----+------+-----+------+-------------+
    |cov_V_U   |nondf_kernel_cov_x0_cov_V   |        0|  0|   0|    0|  4096|  503|     1|      2060288|
    |data_V_U  |nondf_kernel_cov_x0_data_V  |        0|  0|   0|    0|  4096|  512|     1|      2097152|
    |mean_V_U  |nondf_kernel_cov_x0_mean_V  |        8|  0|   0|    0|    64|  502|     1|        32128|
    +----------+----------------------------+---------+---+----+-----+------+-----+------+-------------+
    |Total     |                            |        8|  0|   0|    0|  8256| 1517|     3|      4189568|
    +----------+----------------------------+---------+---+----+-----+------+-----+------+-------------+

    * FIFO: 
    N/A

    * Expression: 
    +-------------------------+----------+----+---+-----+------------+------------+
    |      Variable Name      | Operation| DSP| FF| LUT | Bitwidth P0| Bitwidth P1|
    +-------------------------+----------+----+---+-----+------------+------------+
    |add_ln215_2_fu_826_p2    |         +|   0|  0|   19|          12|          12|
    |add_ln215_fu_788_p2      |         +|   0|  0|   19|          12|          12|
    |add_ln23_fu_414_p2       |         +|   0|  0|   14|           7|           1|
    |add_ln24_fu_438_p2       |         +|   0|  0|   14|           7|           1|
    |add_ln25_fu_448_p2       |         +|   0|  0|   19|          12|          12|
    |add_ln29_1_fu_465_p2     |         +|   0|  0|   20|          13|           1|
    |add_ln29_fu_477_p2       |         +|   0|  0|   14|           7|           1|
    |add_ln32_fu_509_p2       |         +|   0|  0|   14|           7|           1|
    |add_ln37_1_fu_570_p2     |         +|   0|  0|   20|          13|           1|
    |add_ln37_fu_582_p2       |         +|   0|  0|   14|           7|           1|
    |add_ln38_fu_614_p2       |         +|   0|  0|   14|           7|           1|
    |add_ln41_1_fu_743_p2     |         +|   0|  0|   26|          19|           1|
    |add_ln41_fu_661_p2       |         +|   0|  0|   14|           7|           1|
    |add_ln42_1_fu_729_p2     |         +|   0|  0|   21|          14|           1|
    |add_ln42_fu_752_p2       |         +|   0|  0|   14|           7|           1|
    |add_ln44_fu_820_p2       |         +|   0|  0|   19|          12|          12|
    |add_ln45_fu_799_p2       |         +|   0|  0|   14|           7|           1|
    |add_ln48_fu_775_p2       |         +|   0|  0|   19|          12|          12|
    |add_ln51_fu_880_p2       |         +|   0|  0|   14|           7|           1|
    |add_ln52_fu_904_p2       |         +|   0|  0|   14|           7|           1|
    |add_ln53_fu_914_p2       |         +|   0|  0|   19|          12|          12|
    |add_ln691_3_fu_531_p2    |         +|   0|  0|   19|          12|          12|
    |add_ln692_fu_630_p2      |         +|   0|  0|   19|          12|          12|
    |and_ln41_fu_705_p2       |       and|   0|  0|    2|           1|           1|
    |icmp_ln23_fu_432_p2      |      icmp|   0|  0|   11|           7|           8|
    |icmp_ln24_fu_459_p2      |      icmp|   0|  0|   11|           7|           8|
    |icmp_ln29_fu_471_p2      |      icmp|   0|  0|   12|          13|          14|
    |icmp_ln32_1_fu_515_p2    |      icmp|   0|  0|   11|           7|           8|
    |icmp_ln32_fu_483_p2      |      icmp|   0|  0|   11|           7|           8|
    |icmp_ln37_fu_576_p2      |      icmp|   0|  0|   12|          13|          14|
    |icmp_ln38_fu_588_p2      |      icmp|   0|  0|   11|           7|           8|
    |icmp_ln41_fu_655_p2      |      icmp|   0|  0|   14|          19|          20|
    |icmp_ln42_fu_667_p2      |      icmp|   0|  0|   12|          14|          13|
    |icmp_ln45_1_fu_804_p2    |      icmp|   0|  0|   11|           7|           8|
    |icmp_ln45_fu_699_p2      |      icmp|   0|  0|   11|           7|           8|
    |icmp_ln51_fu_898_p2      |      icmp|   0|  0|   11|           7|           8|
    |icmp_ln52_fu_924_p2      |      icmp|   0|  0|   11|           7|           8|
    |or_ln42_fu_711_p2        |        or|   0|  0|    2|           1|           1|
    |grp_fu_549_p1            |    select|   0|  0|  428|           1|           1|
    |grp_fu_848_p1            |    select|   0|  0|  428|           1|           1|
    |select_ln29_2_fu_497_p3  |    select|   0|  0|    7|           1|           7|
    |select_ln29_fu_489_p3    |    select|   0|  0|    7|           1|           1|
    |select_ln37_1_fu_602_p3  |    select|   0|  0|    7|           1|           7|
    |select_ln37_fu_594_p3    |    select|   0|  0|    7|           1|           1|
    |select_ln41_1_fu_681_p3  |    select|   0|  0|    7|           1|           7|
    |select_ln41_fu_673_p3    |    select|   0|  0|    7|           1|           1|
    |select_ln42_2_fu_757_p3  |    select|   0|  0|    7|           1|           7|
    |select_ln42_3_fu_735_p3  |    select|   0|  0|   14|           1|           1|
    |select_ln42_fu_717_p3    |    select|   0|  0|    7|           1|           1|
    |ap_enable_pp0            |       xor|   0|  0|    2|           1|           2|
    |ap_enable_pp1            |       xor|   0|  0|    2|           1|           2|
    |ap_enable_pp2            |       xor|   0|  0|    2|           1|           2|
    |ap_enable_reg_pp0_iter1  |       xor|   0|  0|    2|           2|           1|
    |ap_enable_reg_pp1_iter1  |       xor|   0|  0|    2|           2|           1|
    |xor_ln41_fu_693_p2       |       xor|   0|  0|    2|           1|           2|
    +-------------------------+----------+----+---+-----+------------+------------+
    |Total                    |          |   0|  0| 1484|         375|         291|
    +-------------------------+----------+----+---+-----+------------+------------+

    * Multiplexer: 
    +-------------------------------------------+----+-----------+-----+-----------+
    |                    Name                   | LUT| Input Size| Bits| Total Bits|
    +-------------------------------------------+----+-----------+-----+-----------+
    |add_i2614_reg_275                          |   9|          2|  512|       1024|
    |ap_NS_fsm                                  |  81|         17|    1|         17|
    |ap_enable_reg_pp0_iter1                    |   9|          2|    1|          2|
    |ap_enable_reg_pp0_iter4                    |   9|          2|    1|          2|
    |ap_enable_reg_pp1_iter1                    |   9|          2|    1|          2|
    |ap_enable_reg_pp1_iter5                    |   9|          2|    1|          2|
    |ap_enable_reg_pp2_iter5                    |   9|          2|    1|          2|
    |ap_enable_reg_pp2_iter8                    |   9|          2|    1|          2|
    |ap_phi_mux_add_i2614_phi_fu_279_p4         |   9|          2|  512|       1024|
    |ap_phi_mux_conv3_i1613_phi_fu_380_p4       |   9|          2|  512|       1024|
    |ap_phi_mux_i_5_phi_fu_302_p4               |   9|          2|    7|         14|
    |ap_phi_mux_i_6_phi_fu_268_p4               |   9|          2|    7|         14|
    |ap_phi_mux_i_7_phi_fu_336_p4               |   9|          2|    7|         14|
    |ap_phi_mux_indvar_flatten21_phi_fu_347_p4  |   9|          2|   14|         28|
    |ap_phi_mux_indvar_flatten36_phi_fu_324_p4  |   9|          2|   19|         38|
    |ap_phi_mux_j_7_phi_fu_358_p4               |   9|          2|    7|         14|
    |ap_phi_mux_j_phi_fu_257_p4                 |   9|          2|    7|         14|
    |ap_phi_mux_k_phi_fu_369_p4                 |   9|          2|    7|         14|
    |conv3_i1613_reg_376                        |   9|          2|  512|       1024|
    |cov_V_address0                             |  20|          4|   12|         48|
    |data_V_address0                            |  31|          6|   12|         72|
    |data_V_d0                                  |  14|          3|  512|       1536|
    |i_5_reg_298                                |   9|          2|    7|         14|
    |i_6_reg_264                                |   9|          2|    7|         14|
    |i_7_reg_332                                |   9|          2|    7|         14|
    |i_8_reg_387                                |   9|          2|    7|         14|
    |i_reg_220                                  |   9|          2|    7|         14|
    |indvar_flatten21_reg_343                   |   9|          2|   14|         28|
    |indvar_flatten36_reg_320                   |   9|          2|   19|         38|
    |indvar_flatten8_reg_287                    |   9|          2|   13|         26|
    |indvar_flatten_reg_242                     |   9|          2|   13|         26|
    |j_5_reg_231                                |   9|          2|    7|         14|
    |j_6_reg_309                                |   9|          2|    7|         14|
    |j_7_reg_354                                |   9|          2|    7|         14|
    |j_8_reg_398                                |   9|          2|    7|         14|
    |j_reg_253                                  |   9|          2|    7|         14|
    |k_reg_365                                  |   9|          2|    7|         14|
    |mean_V_address0                            |  14|          3|    6|         18|
    |reg_409                                    |   9|          2|  512|       1024|
    +-------------------------------------------+----+-----------+-----+-----------+
    |Total                                      | 466|        101| 3320|       7245|
    +-------------------------------------------+----+-----------+-----+-----------+

    * Register: 
    +------------------------------------+-----+----+-----+-----------+
    |                Name                |  FF | LUT| Bits| Const Bits|
    +------------------------------------+-----+----+-----+-----------+
    |add_i2614_reg_275                   |  512|   0|  512|          0|
    |add_ln23_reg_930                    |    7|   0|    7|          0|
    |add_ln24_reg_944                    |    7|   0|    7|          0|
    |add_ln32_reg_993                    |    7|   0|    7|          0|
    |add_ln41_1_reg_1114                 |   19|   0|   19|          0|
    |add_ln44_reg_1149                   |   12|   0|   12|          0|
    |add_ln45_reg_1140                   |    7|   0|    7|          0|
    |add_ln48_reg_1125                   |   12|   0|   12|          0|
    |add_ln51_reg_1200                   |    7|   0|    7|          0|
    |add_ln52_reg_1213                   |    7|   0|    7|          0|
    |add_ln691_2_reg_1184                |  512|   0|  512|          0|
    |and_ln41_reg_1089                   |    1|   0|    1|          0|
    |ap_CS_fsm                           |   16|   0|   16|          0|
    |ap_enable_reg_pp0_iter0             |    1|   0|    1|          0|
    |ap_enable_reg_pp0_iter1             |    1|   0|    1|          0|
    |ap_enable_reg_pp0_iter2             |    1|   0|    1|          0|
    |ap_enable_reg_pp0_iter3             |    1|   0|    1|          0|
    |ap_enable_reg_pp0_iter4             |    1|   0|    1|          0|
    |ap_enable_reg_pp1_iter0             |    1|   0|    1|          0|
    |ap_enable_reg_pp1_iter1             |    1|   0|    1|          0|
    |ap_enable_reg_pp1_iter2             |    1|   0|    1|          0|
    |ap_enable_reg_pp1_iter3             |    1|   0|    1|          0|
    |ap_enable_reg_pp1_iter4             |    1|   0|    1|          0|
    |ap_enable_reg_pp1_iter5             |    1|   0|    1|          0|
    |ap_enable_reg_pp2_iter0             |    1|   0|    1|          0|
    |ap_enable_reg_pp2_iter1             |    1|   0|    1|          0|
    |ap_enable_reg_pp2_iter2             |    1|   0|    1|          0|
    |ap_enable_reg_pp2_iter3             |    1|   0|    1|          0|
    |ap_enable_reg_pp2_iter4             |    1|   0|    1|          0|
    |ap_enable_reg_pp2_iter5             |    1|   0|    1|          0|
    |ap_enable_reg_pp2_iter6             |    1|   0|    1|          0|
    |ap_enable_reg_pp2_iter7             |    1|   0|    1|          0|
    |ap_enable_reg_pp2_iter8             |    1|   0|    1|          0|
    |conv3_i1613_reg_376                 |  512|   0|  512|          0|
    |cov_V_addr_4_reg_1179               |   12|   0|   12|          0|
    |cov_V_addr_reg_1174                 |   12|   0|   12|          0|
    |cov_V_load_reg_1231                 |  503|   0|  503|          0|
    |data_V_addr_6_reg_1047              |   12|   0|   12|          0|
    |data_V_addr_reg_949                 |   12|   0|   12|          0|
    |data_V_load_6_reg_1159              |  512|   0|  512|          0|
    |i_5_reg_298                         |    7|   0|    7|          0|
    |i_6_reg_264                         |    7|   0|    7|          0|
    |i_7_reg_332                         |    7|   0|    7|          0|
    |i_8_reg_387                         |    7|   0|    7|          0|
    |i_reg_220                           |    7|   0|    7|          0|
    |icmp_ln29_reg_972                   |    1|   0|    1|          0|
    |icmp_ln32_1_reg_998                 |    1|   0|    1|          0|
    |icmp_ln32_reg_976                   |    1|   0|    1|          0|
    |icmp_ln37_reg_1022                  |    1|   0|    1|          0|
    |icmp_ln41_reg_1068                  |    1|   0|    1|          0|
    |icmp_ln45_1_reg_1145                |    1|   0|    1|          0|
    |indvar_flatten21_reg_343            |   14|   0|   14|          0|
    |indvar_flatten36_reg_320            |   19|   0|   19|          0|
    |indvar_flatten8_reg_287             |   13|   0|   13|          0|
    |indvar_flatten_reg_242              |   13|   0|   13|          0|
    |j_5_reg_231                         |    7|   0|    7|          0|
    |j_6_reg_309                         |    7|   0|    7|          0|
    |j_7_reg_354                         |    7|   0|    7|          0|
    |j_8_reg_398                         |    7|   0|    7|          0|
    |j_reg_253                           |    7|   0|    7|          0|
    |k_reg_365                           |    7|   0|    7|          0|
    |mul_ln691_reg_1164                  |  512|   0|  512|          0|
    |or_ln42_reg_1094                    |    1|   0|    1|          0|
    |reg_409                             |  512|   0|  512|          0|
    |select_ln29_2_reg_981               |    7|   0|    7|          0|
    |select_ln37_1_reg_1032              |    7|   0|    7|          0|
    |select_ln37_reg_1026                |    7|   0|    7|          0|
    |select_ln37_reg_1026_pp1_iter1_reg  |    7|   0|    7|          0|
    |select_ln41_1_reg_1078              |    7|   0|    7|          0|
    |select_ln41_reg_1072                |    7|   0|    7|          0|
    |select_ln42_2_reg_1119              |    7|   0|    7|          0|
    |select_ln42_3_reg_1109              |   14|   0|   14|          0|
    |select_ln42_reg_1099                |    7|   0|    7|          0|
    |sub_ln692_reg_1063                  |  512|   0|  512|          0|
    |tmp_19_cast_reg_1130                |    6|   0|   12|          6|
    |tmp_20_cast_reg_1205                |    6|   0|   12|          6|
    |tmp_cast_reg_935                    |    6|   0|   12|          6|
    |trunc_ln215_reg_1104                |    6|   0|    6|          0|
    |trunc_ln44_reg_1084                 |    6|   0|    6|          0|
    |trunc_ln691_reg_988                 |    6|   0|    6|          0|
    |trunc_ln692_reg_1037                |    6|   0|    6|          0|
    |trunc_ln693_2_reg_1195              |  503|   0|  503|          0|
    |xout_load_reg_962                   |  512|   0|  512|          0|
    |zext_ln53_1_reg_1218                |   12|   0|   64|         52|
    |add_ln44_reg_1149                   |   64|  32|   12|          0|
    |add_ln48_reg_1125                   |   64|  32|   12|          0|
    |cov_V_addr_4_reg_1179               |   64|  32|   12|          0|
    |cov_V_addr_reg_1174                 |   64|  32|   12|          0|
    |data_V_addr_6_reg_1047              |   64|  32|   12|          0|
    |icmp_ln29_reg_972                   |   64|  32|    1|          0|
    |icmp_ln32_1_reg_998                 |   64|  32|    1|          0|
    |icmp_ln32_reg_976                   |   64|  32|    1|          0|
    |icmp_ln37_reg_1022                  |   64|  32|    1|          0|
    |icmp_ln41_reg_1068                  |   64|  32|    1|          0|
    |icmp_ln45_1_reg_1145                |   64|  32|    1|          0|
    |or_ln42_reg_1094                    |   64|  32|    1|          0|
    |select_ln29_2_reg_981               |   64|  32|    7|          0|
    +------------------------------------+-----+----+-----+-----------+
    |Total                               | 6371| 416| 5683|         70|
    +------------------------------------+-----+----+-----+-----------+



================================================================
== Interface
================================================================
* Summary: 
+--------------------+-----+------+------------+---------------------+--------------+
|      RTL Ports     | Dir | Bits |  Protocol  |    Source Object    |    C Type    |
+--------------------+-----+------+------------+---------------------+--------------+
|ap_clk              |   in|     1|  ap_ctrl_hs|  nondf_kernel_cov_x0|  return value|
|ap_rst              |   in|     1|  ap_ctrl_hs|  nondf_kernel_cov_x0|  return value|
|ap_start            |   in|     1|  ap_ctrl_hs|  nondf_kernel_cov_x0|  return value|
|ap_done             |  out|     1|  ap_ctrl_hs|  nondf_kernel_cov_x0|  return value|
|ap_idle             |  out|     1|  ap_ctrl_hs|  nondf_kernel_cov_x0|  return value|
|ap_ready            |  out|     1|  ap_ctrl_hs|  nondf_kernel_cov_x0|  return value|
|grp_fu_159_p_din0   |  out|   512|  ap_ctrl_hs|  nondf_kernel_cov_x0|  return value|
|grp_fu_159_p_din1   |  out|   512|  ap_ctrl_hs|  nondf_kernel_cov_x0|  return value|
|grp_fu_159_p_dout0  |   in|   512|  ap_ctrl_hs|  nondf_kernel_cov_x0|  return value|
|grp_fu_159_p_ce     |  out|     1|  ap_ctrl_hs|  nondf_kernel_cov_x0|  return value|
|grp_fu_163_p_din0   |  out|   512|  ap_ctrl_hs|  nondf_kernel_cov_x0|  return value|
|grp_fu_163_p_din1   |  out|   514|  ap_ctrl_hs|  nondf_kernel_cov_x0|  return value|
|grp_fu_163_p_dout0  |   in|  1025|  ap_ctrl_hs|  nondf_kernel_cov_x0|  return value|
|grp_fu_163_p_ce     |  out|     1|  ap_ctrl_hs|  nondf_kernel_cov_x0|  return value|
|xout_address0       |  out|    12|   ap_memory|                 xout|         array|
|xout_ce0            |  out|     1|   ap_memory|                 xout|         array|
|xout_q0             |   in|   512|   ap_memory|                 xout|         array|
|xin_address0        |  out|    12|   ap_memory|                  xin|         array|
|xin_ce0             |  out|     1|   ap_memory|                  xin|         array|
|xin_we0             |  out|     1|   ap_memory|                  xin|         array|
|xin_d0              |  out|   503|   ap_memory|                  xin|         array|
+--------------------+-----+------+------------+---------------------+--------------+

