

================================================================
== Vitis HLS Report for 'nondf_kernel_cov_x1'
================================================================
* Date:           Sun Sep 18 03:44:40 2022

* Version:        2020.2 (Build 3064766 on Wed Nov 18 09:12:47 MST 2020)
* Project:        top
* Solution:       solution (Vitis Kernel Flow Target)
* Product family: virtexuplus
* Target device:  xcu250-figd2104-2L-e


================================================================
== Performance Estimates
================================================================
+ Timing: 
    * Summary: 
    +--------+---------+----------+------------+
    |  Clock |  Target | Estimated| Uncertainty|
    +--------+---------+----------+------------+
    |ap_clk  |  3.33 ns|  2.390 ns|     0.90 ns|
    +--------+---------+----------+------------+

+ Latency: 
    * Summary: 
    +---------+---------+----------+----------+---------+---------+---------+
    |  Latency (cycles) |  Latency (absolute) |      Interval     | Pipeline|
    |   min   |   max   |    min   |    max   |   min   |   max   |   Type  |
    +---------+---------+----------+----------+---------+---------+---------+
    |  2163085|  2163085|  7.210 ms|  7.210 ms|  2163085|  2163085|     none|
    +---------+---------+----------+----------+---------+---------+---------+

    + Detail: 
        * Instance: 
        N/A

        * Loop: 
        +---------------------------------------------------------+---------+---------+----------+-----------+-----------+------+----------+
        |                                                         |  Latency (cycles) | Iteration|  Initiation Interval  | Trip |          |
        |                        Loop Name                        |   min   |   max   |  Latency |  achieved |   target  | Count| Pipelined|
        +---------------------------------------------------------+---------+---------+----------+-----------+-----------+------+----------+
        |- nondf_kernel_cov_x1_loop_1                             |    12416|    12416|       194|          -|          -|    64|        no|
        | + nondf_kernel_cov_x1_loop_2                            |      192|      192|         3|          -|          -|    64|        no|
        |- nondf_kernel_cov_x1_loop_3_nondf_kernel_cov_x1_loop_4  |     4099|     4099|         5|          1|          1|  4096|       yes|
        |- nondf_kernel_cov_x1_loop_5_nondf_kernel_cov_x1_loop_6  |     4099|     4099|         5|          1|          1|  4096|       yes|
        |- nondf_kernel_cov_x1_loop_7                             |  2130048|  2130048|     33282|          -|          -|    64|        no|
        | + nondf_kernel_cov_x1_loop_8                            |    33280|    33280|       520|          -|          -|    64|        no|
        |  ++ nondf_kernel_cov_x1_loop_9                          |      512|      512|         8|          -|          -|    64|        no|
        |- nondf_kernel_cov_x1_loop_10                            |    12416|    12416|       194|          -|          -|    64|        no|
        | + nondf_kernel_cov_x1_loop_11                           |      192|      192|         3|          -|          -|    64|        no|
        +---------------------------------------------------------+---------+---------+----------+-----------+-----------+------+----------+



================================================================
== Utilization Estimates
================================================================
* Summary: 
+---------------------+---------+-------+---------+---------+------+
|         Name        | BRAM_18K|  DSP  |    FF   |   LUT   | URAM |
+---------------------+---------+-------+---------+---------+------+
|DSP                  |        -|      -|        -|        -|     -|
|Expression           |        -|      -|        0|     1044|     -|
|FIFO                 |        -|      -|        -|        -|     -|
|Instance             |        -|     72|      882|      498|     -|
|Memory               |       62|      -|        0|        0|     -|
|Multiplexer          |        -|      -|        -|      429|     -|
|Register             |        -|      -|     2091|      192|     -|
+---------------------+---------+-------+---------+---------+------+
|Total                |       62|     72|     2973|     2163|     0|
+---------------------+---------+-------+---------+---------+------+
|Available SLR        |     1344|   3072|   864000|   432000|   320|
+---------------------+---------+-------+---------+---------+------+
|Utilization SLR (%)  |        4|      2|       ~0|       ~0|     0|
+---------------------+---------+-------+---------+---------+------+
|Available            |     5376|  12288|  3456000|  1728000|  1280|
+---------------------+---------+-------+---------+---------+------+
|Utilization (%)      |        1|     ~0|       ~0|       ~0|     0|
+---------------------+---------+-------+---------+---------+------+

+ Detail: 
    * Instance: 
    +-------------------------------+-------------------------+---------+----+-----+-----+-----+
    |            Instance           |          Module         | BRAM_18K| DSP|  FF | LUT | URAM|
    +-------------------------------+-------------------------+---------+----+-----+-----+-----+
    |mul_128ns_130ns_257_5_1_U1104  |mul_128ns_130ns_257_5_1  |        0|  42|  441|  249|    0|
    |mul_128s_128s_128_5_1_U1105    |mul_128s_128s_128_5_1    |        0|  30|  441|  249|    0|
    +-------------------------------+-------------------------+---------+----+-----+-----+-----+
    |Total                          |                         |        0|  72|  882|  498|    0|
    +-------------------------------+-------------------------+---------+----+-----+-----+-----+

    * DSP: 
    N/A

    * Memory: 
    +----------+----------------------------+---------+---+----+-----+------+-----+------+-------------+
    |  Memory  |           Module           | BRAM_18K| FF| LUT| URAM| Words| Bits| Banks| W*Bits*Banks|
    +----------+----------------------------+---------+---+----+-----+------+-----+------+-------------+
    |cov_V_U   |nondf_kernel_cov_x1_cov_V   |       29|  0|   0|    0|  4096|  119|     1|       487424|
    |data_V_U  |nondf_kernel_cov_x1_data_V  |       29|  0|   0|    0|  4096|  128|     1|       524288|
    |mean_V_U  |nondf_kernel_cov_x1_mean_V  |        4|  0|   0|    0|    64|  118|     1|         7552|
    +----------+----------------------------+---------+---+----+-----+------+-----+------+-------------+
    |Total     |                            |       62|  0|   0|    0|  8256|  365|     3|      1019264|
    +----------+----------------------------+---------+---+----+-----+------+-----+------+-------------+

    * FIFO: 
    N/A

    * Expression: 
    +-------------------------+----------+----+---+-----+------------+------------+
    |      Variable Name      | Operation| DSP| FF| LUT | Bitwidth P0| Bitwidth P1|
    +-------------------------+----------+----+---+-----+------------+------------+
    |add_ln101_fu_779_p2      |         +|   0|  0|   14|           7|           1|
    |add_ln102_fu_803_p2      |         +|   0|  0|   14|           7|           1|
    |add_ln208_fu_813_p2      |         +|   0|  0|   19|          12|          12|
    |add_ln215_1_fu_733_p2    |         +|   0|  0|   19|          12|          12|
    |add_ln215_fu_723_p2      |         +|   0|  0|   19|          12|          12|
    |add_ln691_1_fu_764_p2    |         +|   0|  0|  135|         128|         128|
    |add_ln691_2_fu_507_p2    |         +|   0|  0|   19|          12|          12|
    |add_ln691_fu_525_p2      |         +|   0|  0|  135|         128|         128|
    |add_ln692_fu_609_p2      |         +|   0|  0|   19|          12|          12|
    |add_ln73_fu_390_p2       |         +|   0|  0|   14|           7|           1|
    |add_ln74_fu_414_p2       |         +|   0|  0|   14|           7|           1|
    |add_ln75_fu_424_p2       |         +|   0|  0|   19|          12|          12|
    |add_ln79_1_fu_441_p2     |         +|   0|  0|   20|          13|           1|
    |add_ln79_fu_453_p2       |         +|   0|  0|   14|           7|           1|
    |add_ln82_fu_485_p2       |         +|   0|  0|   14|           7|           1|
    |add_ln87_1_fu_545_p2     |         +|   0|  0|   20|          13|           1|
    |add_ln87_fu_557_p2       |         +|   0|  0|   14|           7|           1|
    |add_ln88_fu_589_p2       |         +|   0|  0|   14|           7|           1|
    |add_ln91_fu_629_p2       |         +|   0|  0|   14|           7|           1|
    |add_ln92_fu_657_p2       |         +|   0|  0|   14|           7|           1|
    |add_ln94_fu_667_p2       |         +|   0|  0|   19|          12|          12|
    |add_ln95_fu_705_p2       |         +|   0|  0|   14|           7|           1|
    |add_ln98_fu_689_p2       |         +|   0|  0|   19|          12|          12|
    |sub_ln692_fu_623_p2      |         -|   0|  0|  135|         128|         128|
    |icmp_ln101_fu_797_p2     |      icmp|   0|  0|   11|           7|           8|
    |icmp_ln102_fu_823_p2     |      icmp|   0|  0|   11|           7|           8|
    |icmp_ln73_fu_408_p2      |      icmp|   0|  0|   11|           7|           8|
    |icmp_ln74_fu_435_p2      |      icmp|   0|  0|   11|           7|           8|
    |icmp_ln79_fu_447_p2      |      icmp|   0|  0|   12|          13|          14|
    |icmp_ln82_1_fu_491_p2    |      icmp|   0|  0|   11|           7|           8|
    |icmp_ln82_fu_459_p2      |      icmp|   0|  0|   11|           7|           8|
    |icmp_ln87_fu_551_p2      |      icmp|   0|  0|   12|          13|          14|
    |icmp_ln88_fu_563_p2      |      icmp|   0|  0|   11|           7|           8|
    |icmp_ln91_fu_651_p2      |      icmp|   0|  0|   11|           7|           8|
    |icmp_ln92_fu_699_p2      |      icmp|   0|  0|   11|           7|           8|
    |icmp_ln95_fu_743_p2      |      icmp|   0|  0|   11|           7|           8|
    |select_ln79_1_fu_518_p3  |    select|   0|  0|  123|           1|           1|
    |select_ln79_2_fu_473_p3  |    select|   0|  0|    7|           1|           7|
    |select_ln79_fu_465_p3    |    select|   0|  0|    7|           1|           1|
    |select_ln87_1_fu_577_p3  |    select|   0|  0|    7|           1|           7|
    |select_ln87_fu_569_p3    |    select|   0|  0|    7|           1|           1|
    |ap_enable_pp0            |       xor|   0|  0|    2|           1|           2|
    |ap_enable_pp1            |       xor|   0|  0|    2|           1|           2|
    |ap_enable_reg_pp0_iter1  |       xor|   0|  0|    2|           2|           1|
    |ap_enable_reg_pp1_iter1  |       xor|   0|  0|    2|           2|           1|
    +-------------------------+----------+----+---+-----+------------+------------+
    |Total                    |          |   0|  0| 1044|         690|         624|
    +-------------------------+----------+----+---+-----+------------+------------+

    * Multiplexer: 
    +------------------------------------+-----+-----------+-----+-----------+
    |                Name                | LUT | Input Size| Bits| Total Bits|
    +------------------------------------+-----+-----------+-----+-----------+
    |add_i3113_reg_273                   |    9|          2|  128|        256|
    |ap_NS_fsm                           |  145|         30|    1|         30|
    |ap_enable_reg_pp0_iter1             |    9|          2|    1|          2|
    |ap_enable_reg_pp0_iter4             |    9|          2|    1|          2|
    |ap_enable_reg_pp1_iter1             |    9|          2|    1|          2|
    |ap_enable_reg_pp1_iter4             |    9|          2|    1|          2|
    |ap_phi_mux_add_i3113_phi_fu_277_p4  |    9|          2|  128|        256|
    |ap_phi_mux_i_1_phi_fu_300_p4        |    9|          2|    7|         14|
    |ap_phi_mux_i_2_phi_fu_266_p4        |    9|          2|    7|         14|
    |ap_phi_mux_j_phi_fu_255_p4          |    9|          2|    7|         14|
    |conv3_i2112_reg_351                 |    9|          2|  128|        256|
    |cov_V_address1                      |   14|          3|   12|         36|
    |data_V_address0                     |   20|          4|   12|         48|
    |data_V_address1                     |   20|          4|   12|         48|
    |data_V_d1                           |   14|          3|  128|        384|
    |i_1_reg_296                         |    9|          2|    7|         14|
    |i_2_reg_262                         |    9|          2|    7|         14|
    |i_3_reg_318                         |    9|          2|    7|         14|
    |i_4_reg_363                         |    9|          2|    7|         14|
    |i_reg_218                           |    9|          2|    7|         14|
    |indvar_flatten8_reg_285             |    9|          2|   13|         26|
    |indvar_flatten_reg_240              |    9|          2|   13|         26|
    |j_1_reg_229                         |    9|          2|    7|         14|
    |j_2_reg_307                         |    9|          2|    7|         14|
    |j_3_reg_329                         |    9|          2|    7|         14|
    |j_4_reg_374                         |    9|          2|    7|         14|
    |j_reg_251                           |    9|          2|    7|         14|
    |k_reg_340                           |    9|          2|    7|         14|
    |reg_385                             |    9|          2|  128|        256|
    +------------------------------------+-----+-----------+-----+-----------+
    |Total                               |  429|         92|  805|       1826|
    +------------------------------------+-----+-----------+-----+-----------+

    * Register: 
    +-------------------------+-----+----+-----+-----------+
    |           Name          |  FF | LUT| Bits| Const Bits|
    +-------------------------+-----+----+-----+-----------+
    |add_i3113_reg_273        |  128|   0|  128|          0|
    |add_ln101_reg_1048       |    7|   0|    7|          0|
    |add_ln102_reg_1061       |    7|   0|    7|          0|
    |add_ln691_reg_906        |  128|   0|  128|          0|
    |add_ln73_reg_829         |    7|   0|    7|          0|
    |add_ln74_reg_843         |    7|   0|    7|          0|
    |add_ln82_reg_892         |    7|   0|    7|          0|
    |add_ln91_reg_963         |    7|   0|    7|          0|
    |add_ln92_reg_982         |    7|   0|    7|          0|
    |add_ln95_reg_1005        |    7|   0|    7|          0|
    |ap_CS_fsm                |   29|   0|   29|          0|
    |ap_enable_reg_pp0_iter0  |    1|   0|    1|          0|
    |ap_enable_reg_pp0_iter1  |    1|   0|    1|          0|
    |ap_enable_reg_pp0_iter2  |    1|   0|    1|          0|
    |ap_enable_reg_pp0_iter3  |    1|   0|    1|          0|
    |ap_enable_reg_pp0_iter4  |    1|   0|    1|          0|
    |ap_enable_reg_pp1_iter0  |    1|   0|    1|          0|
    |ap_enable_reg_pp1_iter1  |    1|   0|    1|          0|
    |ap_enable_reg_pp1_iter2  |    1|   0|    1|          0|
    |ap_enable_reg_pp1_iter3  |    1|   0|    1|          0|
    |ap_enable_reg_pp1_iter4  |    1|   0|    1|          0|
    |conv3_i2112_reg_351      |  128|   0|  128|          0|
    |cov_V_addr_2_reg_997     |   12|   0|   12|          0|
    |cov_V_addr_reg_992       |   12|   0|   12|          0|
    |cov_V_load_reg_1079      |  119|   0|  119|          0|
    |data_V_addr_2_reg_942    |   12|   0|   12|          0|
    |data_V_addr_reg_848      |   12|   0|   12|          0|
    |data_V_load_3_reg_1028   |  128|   0|  128|          0|
    |i_1_reg_296              |    7|   0|    7|          0|
    |i_2_reg_262              |    7|   0|    7|          0|
    |i_3_reg_318              |    7|   0|    7|          0|
    |i_4_reg_363              |    7|   0|    7|          0|
    |i_reg_218                |    7|   0|    7|          0|
    |icmp_ln79_reg_871        |    1|   0|    1|          0|
    |icmp_ln82_1_reg_897      |    1|   0|    1|          0|
    |icmp_ln82_reg_875        |    1|   0|    1|          0|
    |icmp_ln87_reg_917        |    1|   0|    1|          0|
    |indvar_flatten8_reg_285  |   13|   0|   13|          0|
    |indvar_flatten_reg_240   |   13|   0|   13|          0|
    |j_1_reg_229              |    7|   0|    7|          0|
    |j_2_reg_307              |    7|   0|    7|          0|
    |j_3_reg_329              |    7|   0|    7|          0|
    |j_4_reg_374              |    7|   0|    7|          0|
    |j_reg_251                |    7|   0|    7|          0|
    |k_reg_340                |    7|   0|    7|          0|
    |mean_V_load_reg_953      |  118|   0|  118|          0|
    |mul_ln691_reg_1033       |  128|   0|  128|          0|
    |reg_385                  |  128|   0|  128|          0|
    |select_ln79_2_reg_880    |    7|   0|    7|          0|
    |select_ln87_1_reg_927    |    7|   0|    7|          0|
    |select_ln87_reg_921      |    7|   0|    7|          0|
    |sub_ln692_reg_958        |  128|   0|  128|          0|
    |tmp_5_cast_reg_974       |    6|   0|   12|          6|
    |tmp_6_cast_reg_1053      |    6|   0|   12|          6|
    |tmp_cast_reg_834         |    6|   0|   12|          6|
    |trunc_ln691_reg_887      |    6|   0|    6|          0|
    |trunc_ln692_reg_932      |    6|   0|    6|          0|
    |trunc_ln693_1_reg_1043   |  119|   0|  119|          0|
    |xout_load_reg_861        |  128|   0|  128|          0|
    |zext_ln208_1_reg_1066    |   12|   0|   64|         52|
    |zext_ln94_1_reg_987      |    7|   0|   12|          5|
    |zext_ln94_reg_968        |    7|   0|   12|          5|
    |data_V_addr_2_reg_942    |   64|  32|   12|          0|
    |icmp_ln79_reg_871        |   64|  32|    1|          0|
    |icmp_ln82_1_reg_897      |   64|  32|    1|          0|
    |icmp_ln82_reg_875        |   64|  32|    1|          0|
    |icmp_ln87_reg_917        |   64|  32|    1|          0|
    |select_ln79_2_reg_880    |   64|  32|    7|          0|
    +-------------------------+-----+----+-----+-----------+
    |Total                    | 2091| 192| 1810|         80|
    +-------------------------+-----+----+-----+-----------+



================================================================
== Interface
================================================================
* Summary: 
+---------------+-----+-----+------------+---------------------+--------------+
|   RTL Ports   | Dir | Bits|  Protocol  |    Source Object    |    C Type    |
+---------------+-----+-----+------------+---------------------+--------------+
|ap_clk         |   in|    1|  ap_ctrl_hs|  nondf_kernel_cov_x1|  return value|
|ap_rst         |   in|    1|  ap_ctrl_hs|  nondf_kernel_cov_x1|  return value|
|ap_start       |   in|    1|  ap_ctrl_hs|  nondf_kernel_cov_x1|  return value|
|ap_done        |  out|    1|  ap_ctrl_hs|  nondf_kernel_cov_x1|  return value|
|ap_idle        |  out|    1|  ap_ctrl_hs|  nondf_kernel_cov_x1|  return value|
|ap_ready       |  out|    1|  ap_ctrl_hs|  nondf_kernel_cov_x1|  return value|
|xout_address0  |  out|   12|   ap_memory|                 xout|         array|
|xout_ce0       |  out|    1|   ap_memory|                 xout|         array|
|xout_q0        |   in|  128|   ap_memory|                 xout|         array|
|xin_address0   |  out|   12|   ap_memory|                  xin|         array|
|xin_ce0        |  out|    1|   ap_memory|                  xin|         array|
|xin_we0        |  out|    1|   ap_memory|                  xin|         array|
|xin_d0         |  out|  119|   ap_memory|                  xin|         array|
+---------------+-----+-----+------------+---------------------+--------------+

