

================================================================
== Vitis HLS Report for 'A_IO_L2_in_boundary_x1'
================================================================
* Date:           Sun Sep 18 14:04:08 2022

* Version:        2020.2 (Build 3064766 on Wed Nov 18 09:12:47 MST 2020)
* Project:        top
* Solution:       solution (Vitis Kernel Flow Target)
* Product family: virtexuplus
* Target device:  xcu250-figd2104-2L-e


================================================================
== Performance Estimates
================================================================
+ Timing: 
    * Summary: 
    +--------+---------+----------+------------+
    |  Clock |  Target | Estimated| Uncertainty|
    +--------+---------+----------+------------+
    |ap_clk  |  3.33 ns|  2.417 ns|     0.90 ns|
    +--------+---------+----------+------------+

+ Latency: 
    * Summary: 
    +---------+----------+-----------+-----------+---------+----------+---------+
    |  Latency (cycles)  |   Latency (absolute)  |      Interval      | Pipeline|
    |   min   |    max   |    min    |    max    |   min   |    max   |   Type  |
    +---------+----------+-----------+-----------+---------+----------+---------+
    |  3231746|  53572610|  10.771 ms|  0.179 sec|  3231746|  53572610|     none|
    +---------+----------+-----------+-----------+---------+----------+---------+

    + Detail: 
        * Instance: 
        N/A

        * Loop: 
        +-------------------------------------------------------------------------------------------------+---------+----------+--------------+-----------+-----------+------+----------+
        |                                                                                                 |  Latency (cycles)  |   Iteration  |  Initiation Interval  | Trip |          |
        |                                            Loop Name                                            |   min   |    max   |    Latency   |  achieved |   target  | Count| Pipelined|
        +-------------------------------------------------------------------------------------------------+---------+----------+--------------+-----------+-----------+------+----------+
        |- A_IO_L2_in_boundary_x1_loop_1_A_IO_L2_in_boundary_x1_loop_2_A_IO_L2_in_boundary_x1_loop_3      |  3158016|  53498880|  1028 ~ 17415|          -|          -|  3072|        no|
        | + A_IO_L2_in_boundary_x1_loop_5_A_IO_L2_in_boundary_x1_loop_6_A_IO_L2_in_boundary_x1_loop_7     |     1024|      1024|             2|          2|          2|   512|       yes|
        | + A_IO_L2_in_boundary_x1_loop_8_A_IO_L2_in_boundary_x1_loop_10_A_IO_L2_in_boundary_x1_loop_11   |    16386|     16386|             5|          2|          2|  8192|       yes|
        | + A_IO_L2_in_boundary_x1_loop_14_A_IO_L2_in_boundary_x1_loop_15_A_IO_L2_in_boundary_x1_loop_16  |     1024|      1024|             2|          2|          2|   512|       yes|
        | + A_IO_L2_in_boundary_x1_loop_17_A_IO_L2_in_boundary_x1_loop_19_A_IO_L2_in_boundary_x1_loop_20  |    16386|     16386|             5|          2|          2|  8192|       yes|
        |- A_IO_L2_in_boundary_x1_loop_22_A_IO_L2_in_boundary_x1_loop_24_A_IO_L2_in_boundary_x1_loop_25   |    73728|     73728|             9|          -|          -|  8192|        no|
        | + A_IO_L2_in_boundary_x1_loop_26                                                                |        4|         4|             3|          2|          2|     2|       yes|
        +-------------------------------------------------------------------------------------------------+---------+----------+--------------+-----------+-----------+------+----------+



================================================================
== Utilization Estimates
================================================================
* Summary: 
+---------------------+---------+-------+---------+---------+------+
|         Name        | BRAM_18K|  DSP  |    FF   |   LUT   | URAM |
+---------------------+---------+-------+---------+---------+------+
|DSP                  |        -|      -|        -|        -|     -|
|Expression           |        -|      -|        0|     1139|     -|
|FIFO                 |        -|      -|        -|        -|     -|
|Instance             |        -|      -|        -|        -|     -|
|Memory               |       16|      -|      768|      771|     -|
|Multiplexer          |        -|      -|        -|      659|     -|
|Register             |        -|      -|     1544|        -|     -|
+---------------------+---------+-------+---------+---------+------+
|Total                |       16|      0|     2312|     2569|     0|
+---------------------+---------+-------+---------+---------+------+
|Available SLR        |     1344|   3072|   864000|   432000|   320|
+---------------------+---------+-------+---------+---------+------+
|Utilization SLR (%)  |        1|      0|       ~0|       ~0|     0|
+---------------------+---------+-------+---------+---------+------+
|Available            |     5376|  12288|  3456000|  1728000|  1280|
+---------------------+---------+-------+---------+---------+------+
|Utilization (%)      |       ~0|      0|       ~0|       ~0|     0|
+---------------------+---------+-------+---------+---------+------+

+ Detail: 
    * Instance: 
    N/A

    * DSP: 
    N/A

    * Memory: 
    +-------------------+---------------------------------+---------+-----+-----+-----+------+-----+------+-------------+
    |       Memory      |              Module             | BRAM_18K|  FF | LUT | URAM| Words| Bits| Banks| W*Bits*Banks|
    +-------------------+---------------------------------+---------+-----+-----+-----+------+-----+------+-------------+
    |data_split_V_U     |A_IO_L2_in_0_x0_data_split_V     |        0|  256|  257|    0|     2|  256|     1|          512|
    |data_split_V_36_U  |A_IO_L2_in_0_x0_data_split_V_50  |        0|  256|  257|    0|     2|  256|     1|          512|
    |data_split_V_35_U  |A_IO_L2_in_0_x0_data_split_V_50  |        0|  256|  257|    0|     2|  256|     1|          512|
    |local_A_ping_V_U   |A_IO_L2_in_0_x0_local_A_ping_V   |        8|    0|    0|    0|   512|  512|     1|       262144|
    |local_A_pong_V_U   |A_IO_L2_in_0_x0_local_A_ping_V   |        8|    0|    0|    0|   512|  512|     1|       262144|
    +-------------------+---------------------------------+---------+-----+-----+-----+------+-----+------+-------------+
    |Total              |                                 |       16|  768|  771|    0|  1030| 1792|     5|       525824|
    +-------------------+---------------------------------+---------+-----+-----+-----+------+-----+------+-------------+

    * FIFO: 
    N/A

    * Expression: 
    +-----------------------------------+----------+----+---+----+------------+------------+
    |           Variable Name           | Operation| DSP| FF| LUT| Bitwidth P0| Bitwidth P1|
    +-----------------------------------+----------+----+---+----+------------+------------+
    |add_ln14700_1_fu_930_p2            |         +|   0|  0|  16|           9|           9|
    |add_ln14700_fu_900_p2              |         +|   0|  0|  12|           5|           5|
    |add_ln14721_fu_1174_p2             |         +|   0|  0|  12|           5|           5|
    |add_ln14750_1_fu_1379_p2           |         +|   0|  0|  16|           9|           9|
    |add_ln14750_fu_1349_p2             |         +|   0|  0|  12|           5|           5|
    |add_ln14771_fu_1623_p2             |         +|   0|  0|  12|           5|           5|
    |add_ln14808_fu_1860_p2             |         +|   0|  0|  12|           5|           5|
    |add_ln691_1499_fu_1770_p2          |         +|   0|  0|  13|           6|           1|
    |add_ln691_1500_fu_1265_p2          |         +|   0|  0|  12|           5|           1|
    |add_ln691_1501_fu_1317_p2          |         +|   0|  0|   9|           2|           1|
    |add_ln691_1502_fu_1390_p2          |         +|   0|  0|  12|           5|           1|
    |add_ln691_1503_fu_816_p2           |         +|   0|  0|  12|           5|           1|
    |add_ln691_1504_fu_868_p2           |         +|   0|  0|   9|           2|           1|
    |add_ln691_1505_fu_941_p2           |         +|   0|  0|  12|           5|           1|
    |add_ln691_1506_fu_1923_p2          |         +|   0|  0|  12|           5|           1|
    |add_ln691_1507_fu_1882_p2          |         +|   0|  0|   9|           2|           1|
    |add_ln691_1508_fu_1421_p2          |         +|   0|  0|   9|           2|           1|
    |add_ln691_1509_fu_1499_p2          |         +|   0|  0|  13|           6|           1|
    |add_ln691_1510_fu_1641_p2          |         +|   0|  0|  12|           5|           1|
    |add_ln691_1511_fu_972_p2           |         +|   0|  0|   9|           2|           1|
    |add_ln691_1512_fu_1050_p2          |         +|   0|  0|  13|           6|           1|
    |add_ln691_1513_fu_1192_p2          |         +|   0|  0|  12|           5|           1|
    |add_ln691_1514_fu_1222_p2          |         +|   0|  0|  15|           8|           1|
    |add_ln691_fu_1692_p2               |         +|   0|  0|   9|           2|           1|
    |add_ln890_268_fu_1253_p2           |         +|   0|  0|  17|          10|           1|
    |add_ln890_269_fu_906_p2            |         +|   0|  0|  14|           7|           1|
    |add_ln890_270_fu_804_p2            |         +|   0|  0|  17|          10|           1|
    |add_ln890_271_fu_1928_p2           |         +|   0|  0|  16|           9|           1|
    |add_ln890_272_fu_1946_p2           |         +|   0|  0|  21|          14|           1|
    |add_ln890_273_fu_1666_p2           |         +|   0|  0|  21|          14|           1|
    |add_ln890_274_fu_1581_p2           |         +|   0|  0|  16|           9|           1|
    |add_ln890_275_fu_1601_p2           |         +|   0|  0|  21|          14|           1|
    |add_ln890_276_fu_1395_p2           |         +|   0|  0|  21|          14|           1|
    |add_ln890_277_fu_1132_p2           |         +|   0|  0|  16|           9|           1|
    |add_ln890_278_fu_1152_p2           |         +|   0|  0|  21|          14|           1|
    |add_ln890_279_fu_946_p2            |         +|   0|  0|  21|          14|           1|
    |add_ln890_280_fu_1240_p2           |         +|   0|  0|  18|          11|           1|
    |add_ln890_281_fu_732_p2            |         +|   0|  0|  19|          12|           1|
    |add_ln890_fu_1355_p2               |         +|   0|  0|  14|           7|           1|
    |and_ln14678_1_fu_774_p2            |       and|   0|  0|   2|           1|           1|
    |and_ln14678_fu_762_p2              |       and|   0|  0|   2|           1|           1|
    |and_ln14679_fu_798_p2              |       and|   0|  0|   2|           1|           1|
    |and_ln14711_fu_1098_p2             |       and|   0|  0|   2|           1|           1|
    |and_ln14761_fu_1547_p2             |       and|   0|  0|   2|           1|           1|
    |and_ln14798_fu_1818_p2             |       and|   0|  0|   2|           1|           1|
    |and_ln890_10_fu_1014_p2            |       and|   0|  0|   2|           1|           1|
    |and_ln890_1_fu_1764_p2             |       and|   0|  0|   2|           1|           1|
    |and_ln890_2_fu_1311_p2             |       and|   0|  0|   2|           1|           1|
    |and_ln890_3_fu_862_p2              |       and|   0|  0|   2|           1|           1|
    |and_ln890_4_fu_1481_p2             |       and|   0|  0|   2|           1|           1|
    |and_ln890_5_fu_1493_p2             |       and|   0|  0|   2|           1|           1|
    |and_ln890_6_fu_1032_p2             |       and|   0|  0|   2|           1|           1|
    |and_ln890_7_fu_1044_p2             |       and|   0|  0|   2|           1|           1|
    |and_ln890_8_fu_1734_p2             |       and|   0|  0|   2|           1|           1|
    |and_ln890_9_fu_1463_p2             |       and|   0|  0|   2|           1|           1|
    |and_ln890_fu_1752_p2               |       and|   0|  0|   2|           1|           1|
    |ap_block_pp1_stage0_01001          |       and|   0|  0|   2|           1|           1|
    |ap_block_pp3_stage0_01001          |       and|   0|  0|   2|           1|           1|
    |ap_block_pp4_stage0_01001          |       and|   0|  0|   2|           1|           1|
    |ap_block_state10_pp1_stage0_iter2  |       and|   0|  0|   2|           1|           1|
    |ap_block_state19_pp3_stage0_iter2  |       and|   0|  0|   2|           1|           1|
    |ap_block_state25_pp4_stage0_iter1  |       and|   0|  0|   2|           1|           1|
    |icmp_ln14680_fu_768_p2             |      icmp|   0|  0|  11|           8|           9|
    |icmp_ln878_69_fu_1914_p2           |      icmp|   0|  0|   8|           2|           3|
    |icmp_ln878_fu_1888_p2              |      icmp|   0|  0|   8|           2|           3|
    |icmp_ln890336_fu_744_p2            |      icmp|   0|  0|  11|          11|          10|
    |icmp_ln890_1497_fu_1686_p2         |      icmp|   0|  0|  12|          14|          15|
    |icmp_ln890_1498_fu_1698_p2         |      icmp|   0|  0|  12|          14|          13|
    |icmp_ln890_1499_fu_1746_p2         |      icmp|   0|  0|  10|           5|           6|
    |icmp_ln890_1500_fu_1758_p2         |      icmp|   0|  0|  11|           9|           8|
    |icmp_ln890_1501_fu_1259_p2         |      icmp|   0|  0|  11|          10|          11|
    |icmp_ln890_1502_fu_810_p2          |      icmp|   0|  0|  11|          10|          11|
    |icmp_ln890_1503_fu_1271_p2         |      icmp|   0|  0|  10|           7|           6|
    |icmp_ln890_1504_fu_1305_p2         |      icmp|   0|  0|  10|           5|           6|
    |icmp_ln890_1505_fu_822_p2          |      icmp|   0|  0|  10|           7|           6|
    |icmp_ln890_1506_fu_856_p2          |      icmp|   0|  0|  10|           5|           6|
    |icmp_ln890_1507_fu_1415_p2         |      icmp|   0|  0|  12|          14|          15|
    |icmp_ln890_1508_fu_966_p2          |      icmp|   0|  0|  12|          14|          15|
    |icmp_ln890_1509_fu_1427_p2         |      icmp|   0|  0|  12|          14|          13|
    |icmp_ln890_1510_fu_1475_p2         |      icmp|   0|  0|  10|           5|           6|
    |icmp_ln890_1511_fu_1487_p2         |      icmp|   0|  0|  11|           9|           8|
    |icmp_ln890_1512_fu_978_p2          |      icmp|   0|  0|  12|          14|          13|
    |icmp_ln890_1513_fu_1026_p2         |      icmp|   0|  0|  10|           5|           6|
    |icmp_ln890_1514_fu_1038_p2         |      icmp|   0|  0|  11|           9|           8|
    |icmp_ln890_fu_738_p2               |      icmp|   0|  0|  12|          12|          12|
    |ap_block_state1                    |        or|   0|  0|   2|           1|           1|
    |or_ln14678_fu_750_p2               |        or|   0|  0|   2|           1|           1|
    |or_ln14679_1_fu_792_p2             |        or|   0|  0|   2|           1|           1|
    |or_ln14679_fu_780_p2               |        or|   0|  0|   2|           1|           1|
    |or_ln14711_fu_1092_p2              |        or|   0|  0|   2|           1|           1|
    |or_ln14713_1_fu_1118_p2            |        or|   0|  0|   2|           1|           1|
    |or_ln14713_fu_1112_p2              |        or|   0|  0|   2|           1|           1|
    |or_ln14761_fu_1541_p2              |        or|   0|  0|   2|           1|           1|
    |or_ln14763_1_fu_1567_p2            |        or|   0|  0|   2|           1|           1|
    |or_ln14763_fu_1561_p2              |        or|   0|  0|   2|           1|           1|
    |or_ln14798_fu_1812_p2              |        or|   0|  0|   2|           1|           1|
    |or_ln14800_1_fu_1838_p2            |        or|   0|  0|   2|           1|           1|
    |or_ln14800_fu_1832_p2              |        or|   0|  0|   2|           1|           1|
    |or_ln691_fu_1228_p2                |        or|   0|  0|   2|           1|           1|
    |or_ln890_1_fu_874_p2               |        or|   0|  0|   2|           1|           1|
    |or_ln890_2_fu_1934_p2              |        or|   0|  0|   2|           1|           1|
    |or_ln890_3_fu_1587_p2              |        or|   0|  0|   2|           1|           1|
    |or_ln890_4_fu_1138_p2              |        or|   0|  0|   2|           1|           1|
    |or_ln890_fu_1323_p2                |        or|   0|  0|   2|           1|           1|
    |c2_V_83_fu_1232_p3                 |    select|   0|  0|   8|           1|           1|
    |select_ln14711_1_fu_1078_p3        |    select|   0|  0|   2|           1|           1|
    |select_ln14711_fu_1066_p3          |    select|   0|  0|   4|           1|           4|
    |select_ln14713_fu_1124_p3          |    select|   0|  0|   5|           1|           1|
    |select_ln14761_1_fu_1527_p3        |    select|   0|  0|   2|           1|           1|
    |select_ln14761_fu_1515_p3          |    select|   0|  0|   4|           1|           4|
    |select_ln14763_fu_1573_p3          |    select|   0|  0|   5|           1|           1|
    |select_ln14798_1_fu_1798_p3        |    select|   0|  0|   2|           1|           1|
    |select_ln14798_fu_1786_p3          |    select|   0|  0|   4|           1|           4|
    |select_ln14800_fu_1844_p3          |    select|   0|  0|   5|           1|           1|
    |select_ln890_307_fu_1712_p3        |    select|   0|  0|   2|           1|           2|
    |select_ln890_308_fu_1720_p3        |    select|   0|  0|   4|           1|           1|
    |select_ln890_309_fu_1824_p3        |    select|   0|  0|   6|           1|           6|
    |select_ln890_310_fu_1277_p3        |    select|   0|  0|   2|           1|           1|
    |select_ln890_311_fu_1285_p3        |    select|   0|  0|   5|           1|           5|
    |select_ln890_312_fu_1329_p3        |    select|   0|  0|   5|           1|           1|
    |select_ln890_313_fu_1337_p3        |    select|   0|  0|   2|           1|           2|
    |select_ln890_314_fu_1361_p3        |    select|   0|  0|   7|           1|           1|
    |select_ln890_315_fu_828_p3         |    select|   0|  0|   2|           1|           1|
    |select_ln890_316_fu_836_p3         |    select|   0|  0|   5|           1|           5|
    |select_ln890_317_fu_880_p3         |    select|   0|  0|   5|           1|           1|
    |select_ln890_318_fu_888_p3         |    select|   0|  0|   2|           1|           2|
    |select_ln890_319_fu_912_p3         |    select|   0|  0|   7|           1|           1|
    |select_ln890_320_fu_1938_p3        |    select|   0|  0|   9|           1|           1|
    |select_ln890_321_fu_1952_p3        |    select|   0|  0|  14|           1|           1|
    |select_ln890_322_fu_1433_p3        |    select|   0|  0|   6|           1|           1|
    |select_ln890_323_fu_1441_p3        |    select|   0|  0|   2|           1|           2|
    |select_ln890_324_fu_1449_p3        |    select|   0|  0|   4|           1|           1|
    |select_ln890_325_fu_1553_p3        |    select|   0|  0|   6|           1|           6|
    |select_ln890_326_fu_1593_p3        |    select|   0|  0|   9|           1|           1|
    |select_ln890_327_fu_1607_p3        |    select|   0|  0|  14|           1|           1|
    |select_ln890_328_fu_984_p3         |    select|   0|  0|   6|           1|           1|
    |select_ln890_329_fu_992_p3         |    select|   0|  0|   2|           1|           2|
    |select_ln890_330_fu_1000_p3        |    select|   0|  0|   4|           1|           1|
    |select_ln890_331_fu_1104_p3        |    select|   0|  0|   6|           1|           6|
    |select_ln890_332_fu_1144_p3        |    select|   0|  0|   9|           1|           1|
    |select_ln890_333_fu_1158_p3        |    select|   0|  0|  14|           1|           1|
    |select_ln890_334_fu_1246_p3        |    select|   0|  0|  11|           1|           1|
    |select_ln890_fu_1704_p3            |    select|   0|  0|   6|           1|           1|
    |ap_enable_pp1                      |       xor|   0|  0|   2|           1|           2|
    |ap_enable_pp3                      |       xor|   0|  0|   2|           1|           2|
    |ap_enable_pp4                      |       xor|   0|  0|   2|           1|           2|
    |arb_fu_1217_p2                     |       xor|   0|  0|   2|           2|           1|
    |xor_ln14678_fu_756_p2              |       xor|   0|  0|   2|           1|           2|
    |xor_ln14679_fu_786_p2              |       xor|   0|  0|   2|           1|           2|
    |xor_ln14711_fu_1086_p2             |       xor|   0|  0|   2|           1|           2|
    |xor_ln14761_fu_1535_p2             |       xor|   0|  0|   2|           1|           2|
    |xor_ln14798_fu_1806_p2             |       xor|   0|  0|   2|           1|           2|
    |xor_ln890_1_fu_1299_p2             |       xor|   0|  0|   2|           1|           2|
    |xor_ln890_2_fu_850_p2              |       xor|   0|  0|   2|           1|           2|
    |xor_ln890_3_fu_1469_p2             |       xor|   0|  0|   2|           1|           2|
    |xor_ln890_4_fu_1020_p2             |       xor|   0|  0|   2|           1|           2|
    |xor_ln890_5_fu_1728_p2             |       xor|   0|  0|   2|           1|           2|
    |xor_ln890_6_fu_1457_p2             |       xor|   0|  0|   2|           1|           2|
    |xor_ln890_7_fu_1008_p2             |       xor|   0|  0|   2|           1|           2|
    |xor_ln890_fu_1740_p2               |       xor|   0|  0|   2|           1|           2|
    +-----------------------------------+----------+----+---+----+------------+------------+
    |Total                              |          |   0|  0|1139|         588|         435|
    +-----------------------------------+----------+----+---+----+------------+------------+

    * Multiplexer: 
    +--------------------------------------------+----+-----------+-----+-----------+
    |                    Name                    | LUT| Input Size| Bits| Total Bits|
    +--------------------------------------------+----+-----------+-----+-----------+
    |ap_NS_fsm                                   |  97|         20|    1|         20|
    |ap_done                                     |   9|          2|    1|          2|
    |ap_enable_reg_pp1_iter2                     |   9|          2|    1|          2|
    |ap_enable_reg_pp3_iter2                     |   9|          2|    1|          2|
    |ap_enable_reg_pp4_iter1                     |   9|          2|    1|          2|
    |ap_phi_mux_c5_V_127_phi_fu_593_p4           |   9|          2|    2|          4|
    |ap_phi_mux_c5_V_128_phi_fu_472_p4           |   9|          2|    2|          4|
    |ap_phi_mux_c6_V_140_phi_fu_615_p4           |   9|          2|    6|         12|
    |ap_phi_mux_c6_V_141_phi_fu_494_p4           |   9|          2|    6|         12|
    |ap_phi_mux_c8_V_17_phi_fu_637_p4            |   9|          2|    5|         10|
    |ap_phi_mux_c8_V_18_phi_fu_516_p4            |   9|          2|    5|         10|
    |ap_phi_mux_indvar_flatten107_phi_fu_604_p4  |   9|          2|   14|         28|
    |ap_phi_mux_indvar_flatten137_phi_fu_582_p4  |   9|          2|   14|         28|
    |ap_phi_mux_indvar_flatten21_phi_fu_505_p4   |   9|          2|    9|         18|
    |ap_phi_mux_indvar_flatten34_phi_fu_483_p4   |   9|          2|   14|         28|
    |ap_phi_mux_indvar_flatten64_phi_fu_461_p4   |   9|          2|   14|         28|
    |ap_phi_mux_indvar_flatten94_phi_fu_626_p4   |   9|          2|    9|         18|
    |ap_phi_mux_n_V_phi_fu_716_p4                |   9|          2|    2|          4|
    |ap_phi_mux_p_Val2_s_phi_fu_726_p4           |   9|          2|  512|       1024|
    |arb_33_reg_379                              |   9|          2|    1|          2|
    |c2_V_reg_390                                |   9|          2|    8|         16|
    |c4_V_89_reg_413                             |   9|          2|    5|         10|
    |c4_V_reg_534                                |   9|          2|    5|         10|
    |c5_V_125_reg_556                            |   9|          2|    2|          4|
    |c5_V_126_reg_435                            |   9|          2|    2|          4|
    |c5_V_127_reg_589                            |   9|          2|    2|          4|
    |c5_V_128_reg_468                            |   9|          2|    2|          4|
    |c5_V_reg_655                                |   9|          2|    2|          4|
    |c6_V_138_reg_567                            |   9|          2|    5|         10|
    |c6_V_139_reg_446                            |   9|          2|    5|         10|
    |c6_V_140_reg_611                            |   9|          2|    6|         12|
    |c6_V_141_reg_490                            |   9|          2|    6|         12|
    |c6_V_reg_678                                |   9|          2|    6|         12|
    |c8_V_17_reg_633                             |   9|          2|    5|         10|
    |c8_V_18_reg_512                             |   9|          2|    5|         10|
    |c8_V_reg_701                                |   9|          2|    5|         10|
    |data_split_V_35_address0                    |  14|          3|    1|          3|
    |data_split_V_36_address0                    |  14|          3|    1|          3|
    |data_split_V_address0                       |  14|          3|    1|          3|
    |fifo_A_A_IO_L2_in_3_x18_blk_n               |   9|          2|    1|          2|
    |fifo_A_PE_3_0_x152_blk_n                    |   9|          2|    1|          2|
    |fifo_A_PE_3_0_x152_din                      |  20|          4|  256|       1024|
    |indvar_flatten107_reg_600                   |   9|          2|   14|         28|
    |indvar_flatten137_reg_578                   |   9|          2|   14|         28|
    |indvar_flatten13_reg_402                    |   9|          2|   10|         20|
    |indvar_flatten145_reg_354                   |   9|          2|   11|         22|
    |indvar_flatten159_reg_343                   |   9|          2|   12|         24|
    |indvar_flatten167_reg_689                   |   9|          2|    9|         18|
    |indvar_flatten180_reg_666                   |   9|          2|   14|         28|
    |indvar_flatten210_reg_644                   |   9|          2|   14|         28|
    |indvar_flatten21_reg_501                    |   9|          2|    9|         18|
    |indvar_flatten34_reg_479                    |   9|          2|   14|         28|
    |indvar_flatten64_reg_457                    |   9|          2|   14|         28|
    |indvar_flatten72_reg_545                    |   9|          2|    7|         14|
    |indvar_flatten86_reg_523                    |   9|          2|   10|         20|
    |indvar_flatten94_reg_622                    |   9|          2|    9|         18|
    |indvar_flatten_reg_424                      |   9|          2|    7|         14|
    |local_A_ping_V_address0                     |  14|          3|    9|         27|
    |n_V_reg_712                                 |   9|          2|    2|          4|
    |p_Val2_s_reg_723                            |   9|          2|  512|       1024|
    +--------------------------------------------+----+-----------+-----+-----------+
    |Total                                       | 659|        144| 1643|       3828|
    +--------------------------------------------+----+-----------+-----+-----------+

    * Register: 
    +-----------------------------------------+-----+----+-----+-----------+
    |                   Name                  |  FF | LUT| Bits| Const Bits|
    +-----------------------------------------+-----+----+-----+-----------+
    |add_ln14700_reg_2032                     |    5|   0|    5|          0|
    |add_ln14750_reg_2147                     |    5|   0|    5|          0|
    |add_ln691_1507_reg_2284                  |    2|   0|    2|          0|
    |add_ln691_1510_reg_2213                  |    5|   0|    5|          0|
    |add_ln691_1513_reg_2098                  |    5|   0|    5|          0|
    |add_ln890_268_reg_2123                   |   10|   0|   10|          0|
    |add_ln890_270_reg_2008                   |   10|   0|   10|          0|
    |add_ln890_273_reg_2223                   |   14|   0|   14|          0|
    |add_ln890_276_reg_2162                   |   14|   0|   14|          0|
    |add_ln890_279_reg_2047                   |   14|   0|   14|          0|
    |add_ln890_281_reg_1979                   |   12|   0|   12|          0|
    |and_ln14678_1_reg_1994                   |    1|   0|    1|          0|
    |and_ln14679_reg_2003                     |    1|   0|    1|          0|
    |and_ln890_1_reg_2243                     |    1|   0|    1|          0|
    |ap_CS_fsm                                |   19|   0|   19|          0|
    |ap_done_reg                              |    1|   0|    1|          0|
    |ap_enable_reg_pp1_iter0                  |    1|   0|    1|          0|
    |ap_enable_reg_pp1_iter1                  |    1|   0|    1|          0|
    |ap_enable_reg_pp1_iter2                  |    1|   0|    1|          0|
    |ap_enable_reg_pp3_iter0                  |    1|   0|    1|          0|
    |ap_enable_reg_pp3_iter1                  |    1|   0|    1|          0|
    |ap_enable_reg_pp3_iter2                  |    1|   0|    1|          0|
    |ap_enable_reg_pp4_iter0                  |    1|   0|    1|          0|
    |ap_enable_reg_pp4_iter1                  |    1|   0|    1|          0|
    |arb_33_reg_379                           |    1|   0|    1|          0|
    |c2_V_reg_390                             |    8|   0|    8|          0|
    |c4_V_89_reg_413                          |    5|   0|    5|          0|
    |c4_V_reg_534                             |    5|   0|    5|          0|
    |c5_V_125_reg_556                         |    2|   0|    2|          0|
    |c5_V_126_reg_435                         |    2|   0|    2|          0|
    |c5_V_127_reg_589                         |    2|   0|    2|          0|
    |c5_V_128_reg_468                         |    2|   0|    2|          0|
    |c5_V_reg_655                             |    2|   0|    2|          0|
    |c6_V_138_reg_567                         |    5|   0|    5|          0|
    |c6_V_139_reg_446                         |    5|   0|    5|          0|
    |c6_V_140_reg_611                         |    6|   0|    6|          0|
    |c6_V_141_reg_490                         |    6|   0|    6|          0|
    |c6_V_reg_678                             |    6|   0|    6|          0|
    |c8_V_17_reg_633                          |    5|   0|    5|          0|
    |c8_V_18_reg_512                          |    5|   0|    5|          0|
    |c8_V_reg_701                             |    5|   0|    5|          0|
    |data_split_V_addr170_reg_2279            |    1|   0|    1|          0|
    |icmp_ln878_69_reg_2298                   |    1|   0|    1|          0|
    |icmp_ln878_reg_2289                      |    1|   0|    1|          0|
    |icmp_ln890336_reg_1988                   |    1|   0|    1|          0|
    |icmp_ln890_1498_reg_2231                 |    1|   0|    1|          0|
    |icmp_ln890_1507_reg_2167                 |    1|   0|    1|          0|
    |icmp_ln890_1507_reg_2167_pp3_iter1_reg   |    1|   0|    1|          0|
    |icmp_ln890_1508_reg_2052                 |    1|   0|    1|          0|
    |icmp_ln890_1508_reg_2052_pp1_iter1_reg   |    1|   0|    1|          0|
    |indvar_flatten107_reg_600                |   14|   0|   14|          0|
    |indvar_flatten137_reg_578                |   14|   0|   14|          0|
    |indvar_flatten13_reg_402                 |   10|   0|   10|          0|
    |indvar_flatten145_reg_354                |   11|   0|   11|          0|
    |indvar_flatten159_reg_343                |   12|   0|   12|          0|
    |indvar_flatten167_reg_689                |    9|   0|    9|          0|
    |indvar_flatten180_reg_666                |   14|   0|   14|          0|
    |indvar_flatten210_reg_644                |   14|   0|   14|          0|
    |indvar_flatten21_reg_501                 |    9|   0|    9|          0|
    |indvar_flatten34_reg_479                 |   14|   0|   14|          0|
    |indvar_flatten64_reg_457                 |   14|   0|   14|          0|
    |indvar_flatten72_reg_545                 |    7|   0|    7|          0|
    |indvar_flatten86_reg_523                 |   10|   0|   10|          0|
    |indvar_flatten94_reg_622                 |    9|   0|    9|          0|
    |indvar_flatten_reg_424                   |    7|   0|    7|          0|
    |intra_trans_en_reg_366                   |    1|   0|    1|          0|
    |n_V_reg_712                              |    2|   0|    2|          0|
    |or_ln14679_reg_1999                      |    1|   0|    1|          0|
    |p_Val2_s_reg_723                         |  512|   0|  512|          0|
    |r_reg_2293                               |  256|   0|  256|          0|
    |select_ln14711_1_reg_2067                |    1|   0|    1|          0|
    |select_ln14711_1_reg_2067_pp1_iter1_reg  |    1|   0|    1|          0|
    |select_ln14711_reg_2062                  |    4|   0|    4|          0|
    |select_ln14713_reg_2077                  |    5|   0|    5|          0|
    |select_ln14761_1_reg_2182                |    1|   0|    1|          0|
    |select_ln14761_1_reg_2182_pp3_iter1_reg  |    1|   0|    1|          0|
    |select_ln14761_reg_2177                  |    4|   0|    4|          0|
    |select_ln14763_reg_2192                  |    5|   0|    5|          0|
    |select_ln14798_1_reg_2253                |    1|   0|    1|          0|
    |select_ln14798_reg_2248                  |    4|   0|    4|          0|
    |select_ln14800_reg_2263                  |    5|   0|    5|          0|
    |select_ln890_307_reg_2237                |    2|   0|    2|          0|
    |select_ln890_309_reg_2258                |    6|   0|    6|          0|
    |select_ln890_311_reg_2131                |    5|   0|    5|          0|
    |select_ln890_312_reg_2136                |    5|   0|    5|          0|
    |select_ln890_313_reg_2142                |    2|   0|    2|          0|
    |select_ln890_314_reg_2152                |    7|   0|    7|          0|
    |select_ln890_316_reg_2016                |    5|   0|    5|          0|
    |select_ln890_317_reg_2021                |    5|   0|    5|          0|
    |select_ln890_318_reg_2027                |    2|   0|    2|          0|
    |select_ln890_319_reg_2037                |    7|   0|    7|          0|
    |select_ln890_323_reg_2171                |    2|   0|    2|          0|
    |select_ln890_325_reg_2187                |    6|   0|    6|          0|
    |select_ln890_326_reg_2198                |    9|   0|    9|          0|
    |select_ln890_327_reg_2203                |   14|   0|   14|          0|
    |select_ln890_329_reg_2056                |    2|   0|    2|          0|
    |select_ln890_331_reg_2072                |    6|   0|    6|          0|
    |select_ln890_332_reg_2083                |    9|   0|    9|          0|
    |select_ln890_333_reg_2088                |   14|   0|   14|          0|
    |zext_ln1497_reg_2302                     |  256|   0|  512|        256|
    +-----------------------------------------+-----+----+-----+-----------+
    |Total                                    | 1544|   0| 1800|        256|
    +-----------------------------------------+-----+----+-----+-----------+



================================================================
== Interface
================================================================
* Summary: 
+---------------------------------+-----+-----+------------+-------------------------+--------------+
|            RTL Ports            | Dir | Bits|  Protocol  |      Source Object      |    C Type    |
+---------------------------------+-----+-----+------------+-------------------------+--------------+
|ap_clk                           |   in|    1|  ap_ctrl_hs|   A_IO_L2_in_boundary_x1|  return value|
|ap_rst                           |   in|    1|  ap_ctrl_hs|   A_IO_L2_in_boundary_x1|  return value|
|ap_start                         |   in|    1|  ap_ctrl_hs|   A_IO_L2_in_boundary_x1|  return value|
|ap_done                          |  out|    1|  ap_ctrl_hs|   A_IO_L2_in_boundary_x1|  return value|
|ap_continue                      |   in|    1|  ap_ctrl_hs|   A_IO_L2_in_boundary_x1|  return value|
|ap_idle                          |  out|    1|  ap_ctrl_hs|   A_IO_L2_in_boundary_x1|  return value|
|ap_ready                         |  out|    1|  ap_ctrl_hs|   A_IO_L2_in_boundary_x1|  return value|
|fifo_A_A_IO_L2_in_3_x18_dout     |   in|  512|     ap_fifo|  fifo_A_A_IO_L2_in_3_x18|       pointer|
|fifo_A_A_IO_L2_in_3_x18_empty_n  |   in|    1|     ap_fifo|  fifo_A_A_IO_L2_in_3_x18|       pointer|
|fifo_A_A_IO_L2_in_3_x18_read     |  out|    1|     ap_fifo|  fifo_A_A_IO_L2_in_3_x18|       pointer|
|fifo_A_PE_3_0_x152_din           |  out|  256|     ap_fifo|       fifo_A_PE_3_0_x152|       pointer|
|fifo_A_PE_3_0_x152_full_n        |   in|    1|     ap_fifo|       fifo_A_PE_3_0_x152|       pointer|
|fifo_A_PE_3_0_x152_write         |  out|    1|     ap_fifo|       fifo_A_PE_3_0_x152|       pointer|
+---------------------------------+-----+-----+------------+-------------------------+--------------+

