

================================================================
== Vitis HLS Report for 'A_IO_L2_in_3_x1'
================================================================
* Date:           Mon Sep 19 23:24:06 2022

* Version:        2020.2 (Build 3064766 on Wed Nov 18 09:12:47 MST 2020)
* Project:        top
* Solution:       solution (Vitis Kernel Flow Target)
* Product family: virtexuplus
* Target device:  xcu250-figd2104-2L-e


================================================================
== Performance Estimates
================================================================
+ Timing: 
    * Summary: 
    +--------+---------+----------+------------+
    |  Clock |  Target | Estimated| Uncertainty|
    +--------+---------+----------+------------+
    |ap_clk  |  3.33 ns|  2.433 ns|     0.90 ns|
    +--------+---------+----------+------------+

+ Latency: 
    * Summary: 
    +---------+---------+----------+----------+--------+---------+---------+
    |  Latency (cycles) |  Latency (absolute) |     Interval     | Pipeline|
    |   min   |   max   |    min   |    max   |   min  |   max   |   Type  |
    +---------+---------+----------+----------+--------+---------+---------+
    |   803506|  1983154|  2.678 ms|  6.610 ms|  803506|  1983154|     none|
    +---------+---------+----------+----------+--------+---------+---------+

    + Detail: 
        * Instance: 
        N/A

        * Loop: 
        +----------------------------------+---------+---------+----------------+-----------+-----------+------+----------+
        |                                  |  Latency (cycles) |    Iteration   |  Initiation Interval  | Trip |          |
        |             Loop Name            |   min   |   max   |     Latency    |  achieved |   target  | Count| Pipelined|
        +----------------------------------+---------+---------+----------------+-----------+-----------+------+----------+
        |- A_IO_L2_in_3_x1_loop_1          |   803360|  1983008|  50210 ~ 123938|          -|          -|    16|        no|
        | + A_IO_L2_in_3_x1_loop_2         |    50208|   123936|     3138 ~ 7746|          -|          -|    16|        no|
        |  ++ A_IO_L2_in_3_x1_loop_3       |     3136|     7744|        98 ~ 242|          -|          -|    32|        no|
        |   +++ A_IO_L2_in_3_x1_loop_4     |       95|       95|              19|          -|          -|     5|        no|
        |    ++++ A_IO_L2_in_3_x1_loop_5   |       17|       17|               2|          -|          -|     8|        no|
        |    ++++ A_IO_L2_in_3_x1_loop_6   |       16|       16|               2|          -|          -|     8|        no|
        |   +++ A_IO_L2_in_3_x1_loop_7     |      144|      144|              18|          -|          -|     8|        no|
        |    ++++ A_IO_L2_in_3_x1_loop_8   |       16|       16|               2|          -|          -|     8|        no|
        |   +++ A_IO_L2_in_3_x1_loop_9     |       95|       95|              19|          -|          -|     5|        no|
        |    ++++ A_IO_L2_in_3_x1_loop_10  |       17|       17|               2|          -|          -|     8|        no|
        |    ++++ A_IO_L2_in_3_x1_loop_11  |       16|       16|               2|          -|          -|     8|        no|
        |   +++ A_IO_L2_in_3_x1_loop_12    |      144|      144|              18|          -|          -|     8|        no|
        |    ++++ A_IO_L2_in_3_x1_loop_13  |       16|       16|               2|          -|          -|     8|        no|
        |- A_IO_L2_in_3_x1_loop_14         |      144|      144|              18|          -|          -|     8|        no|
        | + A_IO_L2_in_3_x1_loop_15        |       16|       16|               2|          -|          -|     8|        no|
        +----------------------------------+---------+---------+----------------+-----------+-----------+------+----------+



================================================================
== Utilization Estimates
================================================================
* Summary: 
+---------------------+---------+-------+---------+---------+------+
|         Name        | BRAM_18K|  DSP  |    FF   |   LUT   | URAM |
+---------------------+---------+-------+---------+---------+------+
|DSP                  |        -|      -|        -|        -|     -|
|Expression           |        -|      -|        0|      351|     -|
|FIFO                 |        -|      -|        -|        -|     -|
|Instance             |        -|      -|        -|        -|     -|
|Memory               |        0|      -|      512|      514|     -|
|Multiplexer          |        -|      -|        -|      359|     -|
|Register             |        -|      -|      151|        -|     -|
+---------------------+---------+-------+---------+---------+------+
|Total                |        0|      0|      663|     1224|     0|
+---------------------+---------+-------+---------+---------+------+
|Available SLR        |     1344|   3072|   864000|   432000|   320|
+---------------------+---------+-------+---------+---------+------+
|Utilization SLR (%)  |        0|      0|       ~0|       ~0|     0|
+---------------------+---------+-------+---------+---------+------+
|Available            |     5376|  12288|  3456000|  1728000|  1280|
+---------------------+---------+-------+---------+---------+------+
|Utilization (%)      |        0|      0|       ~0|       ~0|     0|
+---------------------+---------+-------+---------+---------+------+

+ Detail: 
    * Instance: 
    N/A

    * DSP: 
    N/A

    * Memory: 
    +--------------------+-----------------------------------------+---------+-----+-----+-----+------+-----+------+-------------+
    |       Memory       |                  Module                 | BRAM_18K|  FF | LUT | URAM| Words| Bits| Banks| W*Bits*Banks|
    +--------------------+-----------------------------------------+---------+-----+-----+-----+------+-----+------+-------------+
    |local_A_ping_V_0_U  |A_IO_L2_in_boundary_x0_local_A_ping_V_0  |        0|  256|  257|    0|     8|  512|     1|         4096|
    |local_A_pong_V_0_U  |A_IO_L2_in_boundary_x0_local_A_ping_V_0  |        0|  256|  257|    0|     8|  512|     1|         4096|
    +--------------------+-----------------------------------------+---------+-----+-----+-----+------+-----+------+-------------+
    |Total               |                                         |        0|  512|  514|    0|    16| 1024|     2|         8192|
    +--------------------+-----------------------------------------+---------+-----+-----+-----+------+-----+------+-------------+

    * FIFO: 
    N/A

    * Expression: 
    +---------------------------------+----------+----+---+----+------------+------------+
    |          Variable Name          | Operation| DSP| FF| LUT| Bitwidth P0| Bitwidth P1|
    +---------------------------------+----------+----+---+----+------------+------------+
    |add_ln691_1881_fu_589_p2         |         +|   0|  0|  12|           4|           1|
    |add_ln691_1882_fu_601_p2         |         +|   0|  0|  12|           4|           1|
    |add_ln691_1883_fu_407_p2         |         +|   0|  0|  12|           5|           1|
    |add_ln691_1884_fu_549_p2         |         +|   0|  0|  12|           4|           1|
    |add_ln691_1885_fu_537_p2         |         +|   0|  0|  12|           4|           1|
    |add_ln691_1886_fu_455_p2         |         +|   0|  0|  12|           4|           1|
    |add_ln691_1887_fu_443_p2         |         +|   0|  0|  12|           4|           1|
    |add_ln691_1888_fu_419_p2         |         +|   0|  0|  13|           6|           1|
    |add_ln691_1889_fu_566_p2         |         +|   0|  0|  12|           4|           1|
    |add_ln691_1890_fu_472_p2         |         +|   0|  0|  12|           4|           1|
    |add_ln691_1891_fu_490_p2         |         +|   0|  0|  12|           4|           1|
    |add_ln691_1892_fu_572_p2         |         +|   0|  0|  12|           4|           1|
    |add_ln691_1893_fu_478_p2         |         +|   0|  0|  12|           4|           1|
    |add_ln691_1894_fu_508_p2         |         +|   0|  0|  12|           4|           1|
    |add_ln691_fu_395_p2              |         +|   0|  0|  12|           5|           1|
    |ap_block_state17                 |       and|   0|  0|   2|           1|           1|
    |ap_block_state9                  |       and|   0|  0|   2|           1|           1|
    |ap_predicate_op156_read_state17  |       and|   0|  0|   2|           1|           1|
    |ap_predicate_op90_read_state9    |       and|   0|  0|   2|           1|           1|
    |icmp_ln870_21_fu_437_p2          |      icmp|   0|  0|   9|           4|           2|
    |icmp_ln870_fu_531_p2             |      icmp|   0|  0|   9|           4|           2|
    |icmp_ln890_1727_fu_595_p2        |      icmp|   0|  0|   9|           4|           5|
    |icmp_ln890_1728_fu_413_p2        |      icmp|   0|  0|  10|           5|           6|
    |icmp_ln890_1729_fu_612_p2        |      icmp|   0|  0|   9|           4|           5|
    |icmp_ln890_1730_fu_425_p2        |      icmp|   0|  0|  10|           6|           7|
    |icmp_ln890_1731_fu_525_p2        |      icmp|   0|  0|   9|           4|           5|
    |icmp_ln890_1732_fu_431_p2        |      icmp|   0|  0|   9|           4|           5|
    |icmp_ln890_1733_fu_496_p2        |      icmp|   0|  0|   9|           4|           5|
    |icmp_ln890_1734_fu_555_p2        |      icmp|   0|  0|   9|           4|           5|
    |icmp_ln890_1735_fu_543_p2        |      icmp|   0|  0|   9|           4|           5|
    |icmp_ln890_1736_fu_484_p2        |      icmp|   0|  0|   9|           4|           5|
    |icmp_ln890_1737_fu_461_p2        |      icmp|   0|  0|   9|           4|           5|
    |icmp_ln890_1738_fu_449_p2        |      icmp|   0|  0|   9|           4|           5|
    |icmp_ln890_1739_fu_583_p2        |      icmp|   0|  0|   9|           4|           5|
    |icmp_ln890_1740_fu_519_p2        |      icmp|   0|  0|   9|           4|           5|
    |icmp_ln890_fu_401_p2             |      icmp|   0|  0|  10|           5|           6|
    |ap_block_state1                  |        or|   0|  0|   2|           1|           1|
    |ap_block_state15                 |        or|   0|  0|   2|           1|           1|
    |arb_fu_502_p2                    |       xor|   0|  0|   2|           1|           2|
    +---------------------------------+----------+----+---+----+------------+------------+
    |Total                            |          |   0|  0| 351|         143|         106|
    +---------------------------------+----------+----+---+----+------------+------------+

    * Multiplexer: 
    +-------------------------------+-----+-----------+-----+-----------+
    |              Name             | LUT | Input Size| Bits| Total Bits|
    +-------------------------------+-----+-----------+-----+-----------+
    |ap_NS_fsm                      |  113|         23|    1|         23|
    |ap_done                        |    9|          2|    1|          2|
    |arb_25_reg_247                 |    9|          2|    1|          2|
    |c0_V_reg_174                   |    9|          2|    5|         10|
    |c1_V_reg_199                   |    9|          2|    5|         10|
    |c2_V_reg_223                   |    9|          2|    6|         12|
    |c3_V_21_reg_259                |    9|          2|    4|          8|
    |c3_V_reg_327                   |    9|          2|    4|          8|
    |c4_V_70_reg_339                |    9|          2|    4|          8|
    |c4_V_71_reg_282                |    9|          2|    4|          8|
    |c4_V_72_reg_271                |    9|          2|    4|          8|
    |c4_V_reg_350                   |    9|          2|    4|          8|
    |c6_V_46_reg_305                |    9|          2|    4|          8|
    |c6_V_47_reg_294                |    9|          2|    4|          8|
    |c6_V_reg_373                   |    9|          2|    4|          8|
    |c7_V_43_reg_362                |    9|          2|    4|          8|
    |c7_V_44_reg_316                |    9|          2|    4|          8|
    |c7_V_reg_384                   |    9|          2|    4|          8|
    |fifo_A_A_IO_L2_in_3_x17_blk_n  |    9|          2|    1|          2|
    |fifo_A_A_IO_L2_in_4_x18_blk_n  |    9|          2|    1|          2|
    |fifo_A_PE_3_0_x147_blk_n       |    9|          2|    1|          2|
    |fifo_A_PE_3_0_x147_din         |   14|          3|  512|       1536|
    |intra_trans_en_43_reg_210      |    9|          2|    1|          2|
    |intra_trans_en_44_reg_234      |    9|          2|    1|          2|
    |local_A_ping_V_0_address0      |   20|          4|    3|         12|
    |local_A_pong_V_0_address0      |   14|          3|    3|          9|
    +-------------------------------+-----+-----------+-----+-----------+
    |Total                          |  359|         77|  590|       1722|
    +-------------------------------+-----+-----------+-----+-----------+

    * Register: 
    +---------------------------+----+----+-----+-----------+
    |            Name           | FF | LUT| Bits| Const Bits|
    +---------------------------+----+----+-----+-----------+
    |add_ln691_1881_reg_747     |   4|   0|    4|          0|
    |add_ln691_1882_reg_755     |   4|   0|    4|          0|
    |add_ln691_1883_reg_626     |   5|   0|    5|          0|
    |add_ln691_1884_reg_720     |   4|   0|    4|          0|
    |add_ln691_1885_reg_712     |   4|   0|    4|          0|
    |add_ln691_1886_reg_657     |   4|   0|    4|          0|
    |add_ln691_1887_reg_649     |   4|   0|    4|          0|
    |add_ln691_1888_reg_634     |   6|   0|    6|          0|
    |add_ln691_1891_reg_679     |   4|   0|    4|          0|
    |add_ln691_1892_reg_734     |   4|   0|    4|          0|
    |add_ln691_1893_reg_671     |   4|   0|    4|          0|
    |add_ln691_1894_reg_692     |   4|   0|    4|          0|
    |add_ln691_reg_618          |   5|   0|    5|          0|
    |ap_CS_fsm                  |  22|   0|   22|          0|
    |ap_done_reg                |   1|   0|    1|          0|
    |arb_25_reg_247             |   1|   0|    1|          0|
    |c0_V_reg_174               |   5|   0|    5|          0|
    |c1_V_reg_199               |   5|   0|    5|          0|
    |c2_V_reg_223               |   6|   0|    6|          0|
    |c3_V_21_reg_259            |   4|   0|    4|          0|
    |c3_V_reg_327               |   4|   0|    4|          0|
    |c4_V_70_reg_339            |   4|   0|    4|          0|
    |c4_V_71_reg_282            |   4|   0|    4|          0|
    |c4_V_72_reg_271            |   4|   0|    4|          0|
    |c4_V_reg_350               |   4|   0|    4|          0|
    |c6_V_46_reg_305            |   4|   0|    4|          0|
    |c6_V_47_reg_294            |   4|   0|    4|          0|
    |c6_V_reg_373               |   4|   0|    4|          0|
    |c7_V_43_reg_362            |   4|   0|    4|          0|
    |c7_V_44_reg_316            |   4|   0|    4|          0|
    |c7_V_reg_384               |   4|   0|    4|          0|
    |icmp_ln870_21_reg_645      |   1|   0|    1|          0|
    |icmp_ln870_reg_708         |   1|   0|    1|          0|
    |icmp_ln890_1734_reg_725    |   1|   0|    1|          0|
    |icmp_ln890_1737_reg_662    |   1|   0|    1|          0|
    |intra_trans_en_43_reg_210  |   1|   0|    1|          0|
    |intra_trans_en_44_reg_234  |   1|   0|    1|          0|
    |intra_trans_en_reg_185     |   1|   0|    1|          0|
    +---------------------------+----+----+-----+-----------+
    |Total                      | 151|   0|  151|          0|
    +---------------------------+----+----+-----+-----------+



================================================================
== Interface
================================================================
* Summary: 
+---------------------------------+-----+-----+------------+-------------------------+--------------+
|            RTL Ports            | Dir | Bits|  Protocol  |      Source Object      |    C Type    |
+---------------------------------+-----+-----+------------+-------------------------+--------------+
|ap_clk                           |   in|    1|  ap_ctrl_hs|          A_IO_L2_in_3_x1|  return value|
|ap_rst                           |   in|    1|  ap_ctrl_hs|          A_IO_L2_in_3_x1|  return value|
|ap_start                         |   in|    1|  ap_ctrl_hs|          A_IO_L2_in_3_x1|  return value|
|ap_done                          |  out|    1|  ap_ctrl_hs|          A_IO_L2_in_3_x1|  return value|
|ap_continue                      |   in|    1|  ap_ctrl_hs|          A_IO_L2_in_3_x1|  return value|
|ap_idle                          |  out|    1|  ap_ctrl_hs|          A_IO_L2_in_3_x1|  return value|
|ap_ready                         |  out|    1|  ap_ctrl_hs|          A_IO_L2_in_3_x1|  return value|
|fifo_A_A_IO_L2_in_3_x17_dout     |   in|  512|     ap_fifo|  fifo_A_A_IO_L2_in_3_x17|       pointer|
|fifo_A_A_IO_L2_in_3_x17_empty_n  |   in|    1|     ap_fifo|  fifo_A_A_IO_L2_in_3_x17|       pointer|
|fifo_A_A_IO_L2_in_3_x17_read     |  out|    1|     ap_fifo|  fifo_A_A_IO_L2_in_3_x17|       pointer|
|fifo_A_A_IO_L2_in_4_x18_din      |  out|  512|     ap_fifo|  fifo_A_A_IO_L2_in_4_x18|       pointer|
|fifo_A_A_IO_L2_in_4_x18_full_n   |   in|    1|     ap_fifo|  fifo_A_A_IO_L2_in_4_x18|       pointer|
|fifo_A_A_IO_L2_in_4_x18_write    |  out|    1|     ap_fifo|  fifo_A_A_IO_L2_in_4_x18|       pointer|
|fifo_A_PE_3_0_x147_din           |  out|  512|     ap_fifo|       fifo_A_PE_3_0_x147|       pointer|
|fifo_A_PE_3_0_x147_full_n        |   in|    1|     ap_fifo|       fifo_A_PE_3_0_x147|       pointer|
|fifo_A_PE_3_0_x147_write         |  out|    1|     ap_fifo|       fifo_A_PE_3_0_x147|       pointer|
+---------------------------------+-----+-----+------------+-------------------------+--------------+

