

================================================================
== Vitis HLS Report for 'B_IO_L2_in_4_x1'
================================================================
* Date:           Mon Sep 19 23:24:12 2022

* Version:        2020.2 (Build 3064766 on Wed Nov 18 09:12:47 MST 2020)
* Project:        top
* Solution:       solution (Vitis Kernel Flow Target)
* Product family: virtexuplus
* Target device:  xcu250-figd2104-2L-e


================================================================
== Performance Estimates
================================================================
+ Timing: 
    * Summary: 
    +--------+---------+----------+------------+
    |  Clock |  Target | Estimated| Uncertainty|
    +--------+---------+----------+------------+
    |ap_clk  |  3.33 ns|  2.433 ns|     0.90 ns|
    +--------+---------+----------+------------+

+ Latency: 
    * Summary: 
    +---------+---------+----------+----------+--------+---------+---------+
    |  Latency (cycles) |  Latency (absolute) |     Interval     | Pipeline|
    |   min   |   max   |    min   |    max   |   min  |   max   |   Type  |
    +---------+---------+----------+----------+--------+---------+---------+
    |   647802|  1368698|  2.159 ms|  4.562 ms|  647802|  1368698|     none|
    +---------+---------+----------+----------+--------+---------+---------+

    + Detail: 
        * Instance: 
        N/A

        * Loop: 
        +----------------------------------+---------+---------+---------------+-----------+-----------+------+----------+
        |                                  |  Latency (cycles) |   Iteration   |  Initiation Interval  | Trip |          |
        |             Loop Name            |   min   |   max   |    Latency    |  achieved |   target  | Count| Pipelined|
        +----------------------------------+---------+---------+---------------+-----------+-----------+------+----------+
        |- B_IO_L2_in_4_x1_loop_1          |   647712|  1368608|  40482 ~ 85538|          -|          -|    16|        no|
        | + B_IO_L2_in_4_x1_loop_2         |    40480|    85536|    2530 ~ 5346|          -|          -|    16|        no|
        |  ++ B_IO_L2_in_4_x1_loop_3       |     2528|     5344|       79 ~ 167|          -|          -|    32|        no|
        |   +++ B_IO_L2_in_4_x1_loop_4     |       76|       76|             19|          -|          -|     4|        no|
        |    ++++ B_IO_L2_in_4_x1_loop_5   |       17|       17|              2|          -|          -|     8|        no|
        |    ++++ B_IO_L2_in_4_x1_loop_6   |       16|       16|              2|          -|          -|     8|        no|
        |   +++ B_IO_L2_in_4_x1_loop_7     |       88|       88|             11|          -|          -|     8|        no|
        |    ++++ B_IO_L2_in_4_x1_loop_8   |        8|        8|              1|          -|          -|     8|        no|
        |   +++ B_IO_L2_in_4_x1_loop_9     |       76|       76|             19|          -|          -|     4|        no|
        |    ++++ B_IO_L2_in_4_x1_loop_10  |       17|       17|              2|          -|          -|     8|        no|
        |    ++++ B_IO_L2_in_4_x1_loop_11  |       16|       16|              2|          -|          -|     8|        no|
        |   +++ B_IO_L2_in_4_x1_loop_12    |       88|       88|             11|          -|          -|     8|        no|
        |    ++++ B_IO_L2_in_4_x1_loop_13  |        8|        8|              1|          -|          -|     8|        no|
        |- B_IO_L2_in_4_x1_loop_14         |       88|       88|             11|          -|          -|     8|        no|
        | + B_IO_L2_in_4_x1_loop_15        |        8|        8|              1|          -|          -|     8|        no|
        +----------------------------------+---------+---------+---------------+-----------+-----------+------+----------+



================================================================
== Utilization Estimates
================================================================
* Summary: 
+---------------------+---------+-------+---------+---------+------+
|         Name        | BRAM_18K|  DSP  |    FF   |   LUT   | URAM |
+---------------------+---------+-------+---------+---------+------+
|DSP                  |        -|      -|        -|        -|     -|
|Expression           |        -|      -|        0|      357|     -|
|FIFO                 |        -|      -|        -|        -|     -|
|Instance             |        -|      -|        -|        -|     -|
|Memory               |        0|      -|      512|      514|     -|
|Multiplexer          |        -|      -|        -|      359|     -|
|Register             |        -|      -|     1163|        -|     -|
+---------------------+---------+-------+---------+---------+------+
|Total                |        0|      0|     1675|     1230|     0|
+---------------------+---------+-------+---------+---------+------+
|Available SLR        |     1344|   3072|   864000|   432000|   320|
+---------------------+---------+-------+---------+---------+------+
|Utilization SLR (%)  |        0|      0|       ~0|       ~0|     0|
+---------------------+---------+-------+---------+---------+------+
|Available            |     5376|  12288|  3456000|  1728000|  1280|
+---------------------+---------+-------+---------+---------+------+
|Utilization (%)      |        0|      0|       ~0|       ~0|     0|
+---------------------+---------+-------+---------+---------+------+

+ Detail: 
    * Instance: 
    N/A

    * DSP: 
    N/A

    * Memory: 
    +--------------------+-----------------------------------------+---------+-----+-----+-----+------+-----+------+-------------+
    |       Memory       |                  Module                 | BRAM_18K|  FF | LUT | URAM| Words| Bits| Banks| W*Bits*Banks|
    +--------------------+-----------------------------------------+---------+-----+-----+-----+------+-----+------+-------------+
    |local_B_ping_V_0_U  |A_IO_L2_in_boundary_x0_local_A_ping_V_0  |        0|  256|  257|    0|     8|  512|     1|         4096|
    |local_B_pong_V_0_U  |A_IO_L2_in_boundary_x0_local_A_ping_V_0  |        0|  256|  257|    0|     8|  512|     1|         4096|
    +--------------------+-----------------------------------------+---------+-----+-----+-----+------+-----+------+-------------+
    |Total               |                                         |        0|  512|  514|    0|    16| 1024|     2|         8192|
    +--------------------+-----------------------------------------+---------+-----+-----+-----+------+-----+------+-------------+

    * FIFO: 
    N/A

    * Expression: 
    +---------------------------------+----------+----+---+----+------------+------------+
    |          Variable Name          | Operation| DSP| FF| LUT| Bitwidth P0| Bitwidth P1|
    +---------------------------------+----------+----+---+----+------------+------------+
    |add_ln691_1592_fu_592_p2         |         +|   0|  0|  12|           4|           1|
    |add_ln691_1593_fu_609_p2         |         +|   0|  0|  12|           4|           1|
    |add_ln691_1594_fu_410_p2         |         +|   0|  0|  12|           5|           1|
    |add_ln691_1595_fu_557_p2         |         +|   0|  0|  12|           4|           1|
    |add_ln691_1596_fu_545_p2         |         +|   0|  0|  12|           4|           1|
    |add_ln691_1597_fu_458_p2         |         +|   0|  0|  12|           4|           1|
    |add_ln691_1598_fu_446_p2         |         +|   0|  0|  12|           4|           1|
    |add_ln691_1599_fu_422_p2         |         +|   0|  0|  13|           6|           1|
    |add_ln691_1600_fu_574_p2         |         +|   0|  0|  12|           4|           1|
    |add_ln691_1601_fu_475_p2         |         +|   0|  0|  12|           4|           1|
    |add_ln691_1602_fu_498_p2         |         +|   0|  0|  12|           4|           1|
    |add_ln691_1603_fu_580_p2         |         +|   0|  0|  12|           4|           1|
    |add_ln691_1604_fu_481_p2         |         +|   0|  0|  12|           4|           1|
    |add_ln691_1605_fu_521_p2         |         +|   0|  0|  12|           4|           1|
    |add_ln691_fu_398_p2              |         +|   0|  0|  12|           5|           1|
    |ap_block_state12                 |       and|   0|  0|   2|           1|           1|
    |ap_block_state17                 |       and|   0|  0|   2|           1|           1|
    |ap_block_state19                 |       and|   0|  0|   2|           1|           1|
    |ap_block_state22                 |       and|   0|  0|   2|           1|           1|
    |ap_block_state9                  |       and|   0|  0|   2|           1|           1|
    |ap_predicate_op157_read_state17  |       and|   0|  0|   2|           1|           1|
    |ap_predicate_op90_read_state9    |       and|   0|  0|   2|           1|           1|
    |icmp_ln870_5_fu_440_p2           |      icmp|   0|  0|   9|           4|           3|
    |icmp_ln870_fu_539_p2             |      icmp|   0|  0|   9|           4|           3|
    |icmp_ln890_1432_fu_603_p2        |      icmp|   0|  0|   9|           4|           5|
    |icmp_ln890_1433_fu_416_p2        |      icmp|   0|  0|  10|           5|           6|
    |icmp_ln890_1434_fu_615_p2        |      icmp|   0|  0|   9|           4|           5|
    |icmp_ln890_1435_fu_428_p2        |      icmp|   0|  0|  10|           6|           7|
    |icmp_ln890_1436_fu_533_p2        |      icmp|   0|  0|   9|           4|           5|
    |icmp_ln890_1437_fu_434_p2        |      icmp|   0|  0|   9|           4|           5|
    |icmp_ln890_1438_fu_509_p2        |      icmp|   0|  0|   9|           4|           5|
    |icmp_ln890_1439_fu_563_p2        |      icmp|   0|  0|   9|           4|           5|
    |icmp_ln890_1440_fu_551_p2        |      icmp|   0|  0|   9|           4|           5|
    |icmp_ln890_1441_fu_492_p2        |      icmp|   0|  0|   9|           4|           5|
    |icmp_ln890_1442_fu_464_p2        |      icmp|   0|  0|   9|           4|           5|
    |icmp_ln890_1443_fu_452_p2        |      icmp|   0|  0|   9|           4|           5|
    |icmp_ln890_1444_fu_586_p2        |      icmp|   0|  0|   9|           4|           5|
    |icmp_ln890_1445_fu_527_p2        |      icmp|   0|  0|   9|           4|           5|
    |icmp_ln890_fu_404_p2             |      icmp|   0|  0|  10|           5|           6|
    |ap_block_state1                  |        or|   0|  0|   2|           1|           1|
    |ap_block_state15                 |        or|   0|  0|   2|           1|           1|
    |arb_fu_515_p2                    |       xor|   0|  0|   2|           1|           2|
    +---------------------------------+----------+----+---+----+------------+------------+
    |Total                            |          |   0|  0| 357|         146|         111|
    +---------------------------------+----------+----+---+----+------------+------------+

    * Multiplexer: 
    +--------------------------------+-----+-----------+-----+-----------+
    |              Name              | LUT | Input Size| Bits| Total Bits|
    +--------------------------------+-----+-----------+-----+-----------+
    |ap_NS_fsm                       |  113|         23|    1|         23|
    |ap_done                         |    9|          2|    1|          2|
    |arb_7_reg_245                   |    9|          2|    1|          2|
    |c0_V_reg_172                    |    9|          2|    5|         10|
    |c1_V_reg_197                    |    9|          2|    5|         10|
    |c2_V_reg_221                    |    9|          2|    6|         12|
    |c3_V_5_reg_257                  |    9|          2|    4|          8|
    |c3_V_reg_325                    |    9|          2|    4|          8|
    |c4_V_29_reg_337                 |    9|          2|    4|          8|
    |c4_V_30_reg_280                 |    9|          2|    4|          8|
    |c4_V_31_reg_269                 |    9|          2|    4|          8|
    |c4_V_reg_348                    |    9|          2|    4|          8|
    |c6_V_13_reg_303                 |    9|          2|    4|          8|
    |c6_V_14_reg_292                 |    9|          2|    4|          8|
    |c6_V_reg_371                    |    9|          2|    4|          8|
    |c7_V_13_reg_360                 |    9|          2|    4|          8|
    |c7_V_14_reg_314                 |    9|          2|    4|          8|
    |c7_V_reg_382                    |    9|          2|    4|          8|
    |fifo_B_B_IO_L2_in_4_x116_blk_n  |    9|          2|    1|          2|
    |fifo_B_B_IO_L2_in_5_x117_blk_n  |    9|          2|    1|          2|
    |fifo_B_PE_0_4_x1128_blk_n       |    9|          2|    1|          2|
    |fifo_B_PE_0_4_x1128_din         |   14|          3|  512|       1536|
    |intra_trans_en_13_reg_208       |    9|          2|    1|          2|
    |intra_trans_en_14_reg_232       |    9|          2|    1|          2|
    |local_B_ping_V_0_address0       |   20|          4|    3|         12|
    |local_B_pong_V_0_address0       |   14|          3|    3|          9|
    +--------------------------------+-----+-----------+-----+-----------+
    |Total                           |  359|         77|  590|       1722|
    +--------------------------------+-----+-----------+-----+-----------+

    * Register: 
    +-------------------------------+-----+----+-----+-----------+
    |              Name             |  FF | LUT| Bits| Const Bits|
    +-------------------------------+-----+----+-----+-----------+
    |add_ln691_1592_reg_755         |    4|   0|    4|          0|
    |add_ln691_1594_reg_629         |    5|   0|    5|          0|
    |add_ln691_1595_reg_728         |    4|   0|    4|          0|
    |add_ln691_1596_reg_720         |    4|   0|    4|          0|
    |add_ln691_1597_reg_660         |    4|   0|    4|          0|
    |add_ln691_1598_reg_652         |    4|   0|    4|          0|
    |add_ln691_1599_reg_637         |    6|   0|    6|          0|
    |add_ln691_1602_reg_687         |    4|   0|    4|          0|
    |add_ln691_1604_reg_674         |    4|   0|    4|          0|
    |add_ln691_reg_621              |    5|   0|    5|          0|
    |ap_CS_fsm                      |   22|   0|   22|          0|
    |ap_done_reg                    |    1|   0|    1|          0|
    |arb_7_reg_245                  |    1|   0|    1|          0|
    |c0_V_reg_172                   |    5|   0|    5|          0|
    |c1_V_reg_197                   |    5|   0|    5|          0|
    |c2_V_reg_221                   |    6|   0|    6|          0|
    |c3_V_5_reg_257                 |    4|   0|    4|          0|
    |c3_V_reg_325                   |    4|   0|    4|          0|
    |c4_V_29_reg_337                |    4|   0|    4|          0|
    |c4_V_30_reg_280                |    4|   0|    4|          0|
    |c4_V_31_reg_269                |    4|   0|    4|          0|
    |c4_V_reg_348                   |    4|   0|    4|          0|
    |c6_V_13_reg_303                |    4|   0|    4|          0|
    |c6_V_14_reg_292                |    4|   0|    4|          0|
    |c6_V_reg_371                   |    4|   0|    4|          0|
    |c7_V_13_reg_360                |    4|   0|    4|          0|
    |c7_V_14_reg_314                |    4|   0|    4|          0|
    |c7_V_reg_382                   |    4|   0|    4|          0|
    |icmp_ln870_5_reg_648           |    1|   0|    1|          0|
    |icmp_ln870_reg_716             |    1|   0|    1|          0|
    |icmp_ln890_1439_reg_733        |    1|   0|    1|          0|
    |icmp_ln890_1442_reg_665        |    1|   0|    1|          0|
    |intra_trans_en_13_reg_208      |    1|   0|    1|          0|
    |intra_trans_en_14_reg_232      |    1|   0|    1|          0|
    |intra_trans_en_reg_183         |    1|   0|    1|          0|
    |local_B_pong_V_0_load_reg_742  |  512|   0|  512|          0|
    |reg_393                        |  512|   0|  512|          0|
    +-------------------------------+-----+----+-----+-----------+
    |Total                          | 1163|   0| 1163|          0|
    +-------------------------------+-----+----+-----+-----------+



================================================================
== Interface
================================================================
* Summary: 
+----------------------------------+-----+-----+------------+--------------------------+--------------+
|             RTL Ports            | Dir | Bits|  Protocol  |       Source Object      |    C Type    |
+----------------------------------+-----+-----+------------+--------------------------+--------------+
|ap_clk                            |   in|    1|  ap_ctrl_hs|           B_IO_L2_in_4_x1|  return value|
|ap_rst                            |   in|    1|  ap_ctrl_hs|           B_IO_L2_in_4_x1|  return value|
|ap_start                          |   in|    1|  ap_ctrl_hs|           B_IO_L2_in_4_x1|  return value|
|ap_done                           |  out|    1|  ap_ctrl_hs|           B_IO_L2_in_4_x1|  return value|
|ap_continue                       |   in|    1|  ap_ctrl_hs|           B_IO_L2_in_4_x1|  return value|
|ap_idle                           |  out|    1|  ap_ctrl_hs|           B_IO_L2_in_4_x1|  return value|
|ap_ready                          |  out|    1|  ap_ctrl_hs|           B_IO_L2_in_4_x1|  return value|
|fifo_B_B_IO_L2_in_4_x116_dout     |   in|  512|     ap_fifo|  fifo_B_B_IO_L2_in_4_x116|       pointer|
|fifo_B_B_IO_L2_in_4_x116_empty_n  |   in|    1|     ap_fifo|  fifo_B_B_IO_L2_in_4_x116|       pointer|
|fifo_B_B_IO_L2_in_4_x116_read     |  out|    1|     ap_fifo|  fifo_B_B_IO_L2_in_4_x116|       pointer|
|fifo_B_B_IO_L2_in_5_x117_din      |  out|  512|     ap_fifo|  fifo_B_B_IO_L2_in_5_x117|       pointer|
|fifo_B_B_IO_L2_in_5_x117_full_n   |   in|    1|     ap_fifo|  fifo_B_B_IO_L2_in_5_x117|       pointer|
|fifo_B_B_IO_L2_in_5_x117_write    |  out|    1|     ap_fifo|  fifo_B_B_IO_L2_in_5_x117|       pointer|
|fifo_B_PE_0_4_x1128_din           |  out|  512|     ap_fifo|       fifo_B_PE_0_4_x1128|       pointer|
|fifo_B_PE_0_4_x1128_full_n        |   in|    1|     ap_fifo|       fifo_B_PE_0_4_x1128|       pointer|
|fifo_B_PE_0_4_x1128_write         |  out|    1|     ap_fifo|       fifo_B_PE_0_4_x1128|       pointer|
+----------------------------------+-----+-----+------------+--------------------------+--------------+

