

================================================================
== Vitis HLS Report for 'nondf_kernel_cov_x1'
================================================================
* Date:           Sat Sep  3 20:05:58 2022

* Version:        2020.2 (Build 3064766 on Wed Nov 18 09:12:47 MST 2020)
* Project:        top
* Solution:       solution (Vitis Kernel Flow Target)
* Product family: virtexuplus
* Target device:  xcu250-figd2104-2L-e


================================================================
== Performance Estimates
================================================================
+ Timing: 
    * Summary: 
    +--------+---------+----------+------------+
    |  Clock |  Target | Estimated| Uncertainty|
    +--------+---------+----------+------------+
    |ap_clk  |  3.33 ns|  2.390 ns|     0.90 ns|
    +--------+---------+----------+------------+

+ Latency: 
    * Summary: 
    +---------+---------+----------+----------+---------+---------+---------+
    |  Latency (cycles) |  Latency (absolute) |      Interval     | Pipeline|
    |   min   |   max   |    min   |    max   |   min   |   max   |   Type  |
    +---------+---------+----------+----------+---------+---------+---------+
    |  2454149|  2454149|  8.180 ms|  8.180 ms|  2454149|  2454149|     none|
    +---------+---------+----------+----------+---------+---------+---------+

    + Detail: 
        * Instance: 
        N/A

        * Loop: 
        +---------------------------------+---------+---------+----------+-----------+-----------+------+----------+
        |                                 |  Latency (cycles) | Iteration|  Initiation Interval  | Trip |          |
        |            Loop Name            |   min   |   max   |  Latency |  achieved |   target  | Count| Pipelined|
        +---------------------------------+---------+---------+----------+-----------+-----------+------+----------+
        |- nondf_kernel_cov_x1_loop_1     |    12416|    12416|       194|          -|          -|    64|        no|
        | + nondf_kernel_cov_x1_loop_2    |      192|      192|         3|          -|          -|    64|        no|
        |- nondf_kernel_cov_x1_loop_3     |    16512|    16512|       258|          -|          -|    64|        no|
        | + nondf_kernel_cov_x1_loop_4    |      256|      256|         4|          -|          -|    64|        no|
        |- nondf_kernel_cov_x1_loop_5     |    20608|    20608|       322|          -|          -|    64|        no|
        | + nondf_kernel_cov_x1_loop_6    |      320|      320|         5|          -|          -|    64|        no|
        |- nondf_kernel_cov_x1_loop_7     |  2392192|  2392192|     37378|          -|          -|    64|        no|
        | + nondf_kernel_cov_x1_loop_8    |    37376|    37376|       584|          -|          -|    64|        no|
        |  ++ nondf_kernel_cov_x1_loop_9  |      576|      576|         9|          -|          -|    64|        no|
        |- nondf_kernel_cov_x1_loop_10    |    12416|    12416|       194|          -|          -|    64|        no|
        | + nondf_kernel_cov_x1_loop_11   |      192|      192|         3|          -|          -|    64|        no|
        +---------------------------------+---------+---------+----------+-----------+-----------+------+----------+



================================================================
== Utilization Estimates
================================================================
* Summary: 
+---------------------+---------+-------+---------+---------+------+
|         Name        | BRAM_18K|  DSP  |    FF   |   LUT   | URAM |
+---------------------+---------+-------+---------+---------+------+
|DSP                  |        -|      -|        -|        -|     -|
|Expression           |        -|      -|        0|      427|     -|
|FIFO                 |        -|      -|        -|        -|     -|
|Instance             |        -|      -|     1740|      390|     -|
|Memory               |        8|      -|        0|        0|     -|
|Multiplexer          |        -|      -|        -|      374|     -|
|Register             |        -|      -|     4899|        -|     -|
+---------------------+---------+-------+---------+---------+------+
|Total                |        8|      0|     6639|     1191|     0|
+---------------------+---------+-------+---------+---------+------+
|Available SLR        |     1344|   3072|   864000|   432000|   320|
+---------------------+---------+-------+---------+---------+------+
|Utilization SLR (%)  |       ~0|      0|       ~0|       ~0|     0|
+---------------------+---------+-------+---------+---------+------+
|Available            |     5376|  12288|  3456000|  1728000|  1280|
+---------------------+---------+-------+---------+---------+------+
|Utilization (%)      |       ~0|      0|       ~0|       ~0|     0|
+---------------------+---------+-------+---------+---------+------+

+ Detail: 
    * Instance: 
    +------------------------------+-------------------------+---------+----+-----+-----+-----+
    |           Instance           |          Module         | BRAM_18K| DSP|  FF | LUT | URAM|
    +------------------------------+-------------------------+---------+----+-----+-----+-----+
    |add_512ns_512ns_512_2_1_U969  |add_512ns_512ns_512_2_1  |        0|   0|  580|  130|    0|
    |add_512ns_512ns_512_2_1_U973  |add_512ns_512ns_512_2_1  |        0|   0|  580|  130|    0|
    |sub_512ns_512ns_512_2_1_U970  |sub_512ns_512ns_512_2_1  |        0|   0|  580|  130|    0|
    +------------------------------+-------------------------+---------+----+-----+-----+-----+
    |Total                         |                         |        0|   0| 1740|  390|    0|
    +------------------------------+-------------------------+---------+----+-----+-----+-----+

    * DSP: 
    N/A

    * Memory: 
    +----------+----------------------------+---------+---+----+-----+------+-----+------+-------------+
    |  Memory  |           Module           | BRAM_18K| FF| LUT| URAM| Words| Bits| Banks| W*Bits*Banks|
    +----------+----------------------------+---------+---+----+-----+------+-----+------+-------------+
    |cov_V_U   |nondf_kernel_cov_x0_cov_V   |        0|  0|   0|    0|  4096|  503|     1|      2060288|
    |data_V_U  |nondf_kernel_cov_x0_data_V  |        0|  0|   0|    0|  4096|  512|     1|      2097152|
    |mean_V_U  |nondf_kernel_cov_x0_mean_V  |        8|  0|   0|    0|    64|  502|     1|        32128|
    +----------+----------------------------+---------+---+----+-----+------+-----+------+-------------+
    |Total     |                            |        8|  0|   0|    0|  8256| 1517|     3|      4189568|
    +----------+----------------------------+---------+---+----+-----+------+-----+------+-------------+

    * FIFO: 
    N/A

    * Expression: 
    +-----------------------+----------+----+---+----+------------+------------+
    |     Variable Name     | Operation| DSP| FF| LUT| Bitwidth P0| Bitwidth P1|
    +-----------------------+----------+----+---+----+------------+------------+
    |add_ln215_1_fu_626_p2  |         +|   0|  0|  19|          12|          12|
    |add_ln215_fu_616_p2    |         +|   0|  0|  19|          12|          12|
    |add_ln67_fu_335_p2     |         +|   0|  0|  14|           7|           1|
    |add_ln68_fu_359_p2     |         +|   0|  0|  14|           7|           1|
    |add_ln691_2_fu_425_p2  |         +|   0|  0|  19|          12|          12|
    |add_ln692_fu_496_p2    |         +|   0|  0|  19|          12|          12|
    |add_ln69_fu_369_p2     |         +|   0|  0|  19|          12|          12|
    |add_ln73_fu_386_p2     |         +|   0|  0|  14|           7|           1|
    |add_ln76_fu_407_p2     |         +|   0|  0|  14|           7|           1|
    |add_ln81_fu_458_p2     |         +|   0|  0|  14|           7|           1|
    |add_ln82_fu_482_p2     |         +|   0|  0|  14|           7|           1|
    |add_ln85_fu_522_p2     |         +|   0|  0|  14|           7|           1|
    |add_ln86_fu_550_p2     |         +|   0|  0|  14|           7|           1|
    |add_ln88_fu_560_p2     |         +|   0|  0|  19|          12|          12|
    |add_ln89_fu_598_p2     |         +|   0|  0|  14|           7|           1|
    |add_ln92_fu_582_p2     |         +|   0|  0|  19|          12|          12|
    |add_ln95_fu_672_p2     |         +|   0|  0|  14|           7|           1|
    |add_ln96_fu_696_p2     |         +|   0|  0|  14|           7|           1|
    |add_ln97_fu_706_p2     |         +|   0|  0|  19|          12|          12|
    |icmp_ln67_fu_353_p2    |      icmp|   0|  0|  11|           7|           8|
    |icmp_ln68_fu_380_p2    |      icmp|   0|  0|  11|           7|           8|
    |icmp_ln73_fu_401_p2    |      icmp|   0|  0|  11|           7|           8|
    |icmp_ln76_fu_435_p2    |      icmp|   0|  0|  11|           7|           8|
    |icmp_ln81_fu_476_p2    |      icmp|   0|  0|  11|           7|           8|
    |icmp_ln82_fu_506_p2    |      icmp|   0|  0|  11|           7|           8|
    |icmp_ln85_fu_544_p2    |      icmp|   0|  0|  11|           7|           8|
    |icmp_ln86_fu_592_p2    |      icmp|   0|  0|  11|           7|           8|
    |icmp_ln89_fu_636_p2    |      icmp|   0|  0|  11|           7|           8|
    |icmp_ln95_fu_690_p2    |      icmp|   0|  0|  11|           7|           8|
    |icmp_ln96_fu_716_p2    |      icmp|   0|  0|  11|           7|           8|
    +-----------------------+----------+----+---+----+------------+------------+
    |Total                  |          |   0|  0| 427|         250|         195|
    +-----------------------+----------+----+---+----+------------+------------+

    * Multiplexer: 
    +---------------------+-----+-----------+-----+-----------+
    |         Name        | LUT | Input Size| Bits| Total Bits|
    +---------------------+-----+-----------+-----+-----------+
    |add_i2614_reg_229    |    9|          2|  512|       1024|
    |ap_NS_fsm            |  169|         38|    1|         38|
    |conv3_i1613_reg_296  |    9|          2|  512|       1024|
    |cov_V_address0       |   20|          4|   12|         48|
    |data_V_address0      |   31|          6|   12|         72|
    |data_V_d0            |   14|          3|  512|       1536|
    |i_1_reg_241          |    9|          2|    7|         14|
    |i_2_reg_218          |    9|          2|    7|         14|
    |i_3_reg_263          |    9|          2|    7|         14|
    |i_4_reg_308          |    9|          2|    7|         14|
    |i_reg_185            |    9|          2|    7|         14|
    |j_1_reg_196          |    9|          2|    7|         14|
    |j_2_reg_252          |    9|          2|    7|         14|
    |j_3_reg_274          |    9|          2|    7|         14|
    |j_4_reg_319          |    9|          2|    7|         14|
    |j_reg_207            |    9|          2|    7|         14|
    |k_reg_285            |    9|          2|    7|         14|
    |mean_V_address0      |   14|          3|    6|         18|
    |reg_330              |    9|          2|  512|       1024|
    +---------------------+-----+-----------+-----+-----------+
    |Total                |  374|         82| 2156|       4938|
    +---------------------+-----+-----------+-----+-----------+

    * Register: 
    +-----------------------+-----+----+-----+-----------+
    |          Name         |  FF | LUT| Bits| Const Bits|
    +-----------------------+-----+----+-----+-----------+
    |add_i2614_reg_229      |  512|   0|  512|          0|
    |add_ln67_reg_722       |    7|   0|    7|          0|
    |add_ln68_reg_735       |    7|   0|    7|          0|
    |add_ln73_reg_758       |    7|   0|    7|          0|
    |add_ln76_reg_776       |    7|   0|    7|          0|
    |add_ln81_reg_794       |    7|   0|    7|          0|
    |add_ln82_reg_807       |    7|   0|    7|          0|
    |add_ln85_reg_840       |    7|   0|    7|          0|
    |add_ln86_reg_859       |    7|   0|    7|          0|
    |add_ln89_reg_882       |    7|   0|    7|          0|
    |add_ln95_reg_925       |    7|   0|    7|          0|
    |add_ln96_reg_938       |    7|   0|    7|          0|
    |ap_CS_fsm              |   37|   0|   37|          0|
    |conv3_i1613_reg_296    |  512|   0|  512|          0|
    |cov_V_addr_2_reg_874   |   12|   0|   12|          0|
    |cov_V_addr_reg_869     |   12|   0|   12|          0|
    |cov_V_load_reg_956     |  503|   0|  503|          0|
    |data_V_addr_2_reg_817  |   12|   0|   12|          0|
    |data_V_addr_reg_740    |   12|   0|   12|          0|
    |data_V_load_3_reg_905  |  512|   0|  512|          0|
    |i_1_reg_241            |    7|   0|    7|          0|
    |i_2_reg_218            |    7|   0|    7|          0|
    |i_3_reg_263            |    7|   0|    7|          0|
    |i_4_reg_308            |    7|   0|    7|          0|
    |i_reg_185              |    7|   0|    7|          0|
    |j_1_reg_196            |    7|   0|    7|          0|
    |j_2_reg_252            |    7|   0|    7|          0|
    |j_3_reg_274            |    7|   0|    7|          0|
    |j_4_reg_319            |    7|   0|    7|          0|
    |j_reg_207              |    7|   0|    7|          0|
    |k_reg_285              |    7|   0|    7|          0|
    |mean_V_addr_reg_771    |    6|   0|    6|          0|
    |mul_ln691_reg_910      |  512|   0|  512|          0|
    |reg_330                |  512|   0|  512|          0|
    |sub_ln692_reg_835      |  512|   0|  512|          0|
    |tmp_3_cast_reg_799     |    6|   0|   12|          6|
    |tmp_5_cast_reg_851     |    6|   0|   12|          6|
    |tmp_6_cast_reg_930     |    6|   0|   12|          6|
    |tmp_cast_reg_727       |    6|   0|   12|          6|
    |trunc_ln693_1_reg_920  |  503|   0|  503|          0|
    |xout_load_reg_753      |  512|   0|  512|          0|
    |zext_ln73_1_reg_763    |    7|   0|   12|          5|
    |zext_ln82_reg_812      |    7|   0|   64|         57|
    |zext_ln88_1_reg_864    |    7|   0|   12|          5|
    |zext_ln88_reg_845      |    7|   0|   12|          5|
    |zext_ln97_1_reg_943    |   12|   0|   64|         52|
    +-----------------------+-----+----+-----+-----------+
    |Total                  | 4899|   0| 5047|        148|
    +-----------------------+-----+----+-----+-----------+



================================================================
== Interface
================================================================
* Summary: 
+--------------------+-----+------+------------+---------------------+--------------+
|      RTL Ports     | Dir | Bits |  Protocol  |    Source Object    |    C Type    |
+--------------------+-----+------+------------+---------------------+--------------+
|ap_clk              |   in|     1|  ap_ctrl_hs|  nondf_kernel_cov_x1|  return value|
|ap_rst              |   in|     1|  ap_ctrl_hs|  nondf_kernel_cov_x1|  return value|
|ap_start            |   in|     1|  ap_ctrl_hs|  nondf_kernel_cov_x1|  return value|
|ap_done             |  out|     1|  ap_ctrl_hs|  nondf_kernel_cov_x1|  return value|
|ap_idle             |  out|     1|  ap_ctrl_hs|  nondf_kernel_cov_x1|  return value|
|ap_ready            |  out|     1|  ap_ctrl_hs|  nondf_kernel_cov_x1|  return value|
|grp_fu_159_p_din0   |  out|   512|  ap_ctrl_hs|  nondf_kernel_cov_x1|  return value|
|grp_fu_159_p_din1   |  out|   514|  ap_ctrl_hs|  nondf_kernel_cov_x1|  return value|
|grp_fu_159_p_dout0  |   in|  1025|  ap_ctrl_hs|  nondf_kernel_cov_x1|  return value|
|grp_fu_159_p_ce     |  out|     1|  ap_ctrl_hs|  nondf_kernel_cov_x1|  return value|
|grp_fu_163_p_din0   |  out|   512|  ap_ctrl_hs|  nondf_kernel_cov_x1|  return value|
|grp_fu_163_p_din1   |  out|   512|  ap_ctrl_hs|  nondf_kernel_cov_x1|  return value|
|grp_fu_163_p_dout0  |   in|   512|  ap_ctrl_hs|  nondf_kernel_cov_x1|  return value|
|grp_fu_163_p_ce     |  out|     1|  ap_ctrl_hs|  nondf_kernel_cov_x1|  return value|
|xout_address0       |  out|    12|   ap_memory|                 xout|         array|
|xout_ce0            |  out|     1|   ap_memory|                 xout|         array|
|xout_q0             |   in|   512|   ap_memory|                 xout|         array|
|xin_address0        |  out|    12|   ap_memory|                  xin|         array|
|xin_ce0             |  out|     1|   ap_memory|                  xin|         array|
|xin_we0             |  out|     1|   ap_memory|                  xin|         array|
|xin_d0              |  out|   503|   ap_memory|                  xin|         array|
+--------------------+-----+------+------------+---------------------+--------------+

