

================================================================
== Vitis HLS Report for 'A_IO_L2_in_0_x0'
================================================================
* Date:           Fri Sep 16 02:30:15 2022

* Version:        2020.2 (Build 3064766 on Wed Nov 18 09:12:47 MST 2020)
* Project:        top
* Solution:       solution (Vitis Kernel Flow Target)
* Product family: virtexuplus
* Target device:  xcu250-figd2104-2L-e


================================================================
== Performance Estimates
================================================================
+ Timing: 
    * Summary: 
    +--------+---------+----------+------------+
    |  Clock |  Target | Estimated| Uncertainty|
    +--------+---------+----------+------------+
    |ap_clk  |  3.33 ns|  2.433 ns|     0.90 ns|
    +--------+---------+----------+------------+

+ Latency: 
    * Summary: 
    +---------+---------+----------+----------+---------+---------+---------+
    |  Latency (cycles) |  Latency (absolute) |      Interval     | Pipeline|
    |   min   |   max   |    min   |    max   |   min   |   max   |   Type  |
    +---------+---------+----------+----------+---------+---------+---------+
    |  1270450|  2450098|  4.234 ms|  8.166 ms|  1270450|  2450098|     none|
    +---------+---------+----------+----------+---------+---------+---------+

    + Detail: 
        * Instance: 
        N/A

        * Loop: 
        +----------------------------------+---------+---------+----------------+-----------+-----------+------+----------+
        |                                  |  Latency (cycles) |    Iteration   |  Initiation Interval  | Trip |          |
        |             Loop Name            |   min   |   max   |     Latency    |  achieved |   target  | Count| Pipelined|
        +----------------------------------+---------+---------+----------------+-----------+-----------+------+----------+
        |- A_IO_L2_in_0_x0_loop_1          |  1270304|  2449952|  79394 ~ 153122|          -|          -|    16|        no|
        | + A_IO_L2_in_0_x0_loop_2         |    79392|   153120|     4962 ~ 9570|          -|          -|    16|        no|
        |  ++ A_IO_L2_in_0_x0_loop_3       |     4960|     9568|       155 ~ 299|          -|          -|    32|        no|
        |   +++ A_IO_L2_in_0_x0_loop_4     |      152|      152|              19|          -|          -|     8|        no|
        |    ++++ A_IO_L2_in_0_x0_loop_5   |       17|       17|               2|          -|          -|     8|        no|
        |    ++++ A_IO_L2_in_0_x0_loop_6   |       16|       16|               2|          -|          -|     8|        no|
        |   +++ A_IO_L2_in_0_x0_loop_7     |      144|      144|              18|          -|          -|     8|        no|
        |    ++++ A_IO_L2_in_0_x0_loop_8   |       16|       16|               2|          -|          -|     8|        no|
        |   +++ A_IO_L2_in_0_x0_loop_9     |      152|      152|              19|          -|          -|     8|        no|
        |    ++++ A_IO_L2_in_0_x0_loop_10  |       17|       17|               2|          -|          -|     8|        no|
        |    ++++ A_IO_L2_in_0_x0_loop_11  |       16|       16|               2|          -|          -|     8|        no|
        |   +++ A_IO_L2_in_0_x0_loop_12    |      144|      144|              18|          -|          -|     8|        no|
        |    ++++ A_IO_L2_in_0_x0_loop_13  |       16|       16|               2|          -|          -|     8|        no|
        |- A_IO_L2_in_0_x0_loop_14         |      144|      144|              18|          -|          -|     8|        no|
        | + A_IO_L2_in_0_x0_loop_15        |       16|       16|               2|          -|          -|     8|        no|
        +----------------------------------+---------+---------+----------------+-----------+-----------+------+----------+

============================================================
+ Verbose Summary: Synthesis Manager
============================================================
InlineROM: 1
ExposeGlobal: 0
============================================================
+ Verbose Summary: CDFG Model
============================================================
IsTopModel: 0
ResetActiveHigh: 1
IsCombinational: 2
IsDatapathOnly: 0
HasWiredReturn: 1
HasMFsm: 0
HasVarLatency: 1
IsPipeline: 0
IsRtlPipelined: 0
IsInstanceOverlapped: 0
IsDontTouch: 0
HasImplIP: 0
IsGatedGlobalClock: 0


============================================================
+ Verbose Summary: Schedule
============================================================
* Number of FSM states : 22
* Pipeline : 0
* Dataflow Pipeline: 0

* FSM state transitions: 
1 --> 2 
2 --> 3 20 
3 --> 4 2 
4 --> 5 13 3 
5 --> 6 8 10 
6 --> 7 9 
7 --> 6 
8 --> 9 
9 --> 8 5 
10 --> 11 18 4 
11 --> 12 10 
12 --> 11 
13 --> 14 16 10 
14 --> 15 17 
15 --> 14 
16 --> 17 
17 --> 16 13 
18 --> 19 10 
19 --> 18 
20 --> 21 
21 --> 22 20 
22 --> 21 

* FSM state operations: 

State 1 <SV = 0> <Delay = 0.38>
ST_1 : Operation 23 [1/1] (0.00ns)   --->   "%specmemcore_ln0 = specmemcore void @_ssdm_op_SpecMemCore, i512 %fifo_A_PE_0_0_x020, i64 666, i64 10, i64 18446744073709551615"   --->   Operation 23 'specmemcore' 'specmemcore_ln0' <Predicate = true> <Delay = 0.00>
ST_1 : Operation 24 [1/1] (0.00ns)   --->   "%specmemcore_ln0 = specmemcore void @_ssdm_op_SpecMemCore, i512 %fifo_A_A_IO_L2_in_1_x05, i64 666, i64 10, i64 18446744073709551615"   --->   Operation 24 'specmemcore' 'specmemcore_ln0' <Predicate = true> <Delay = 0.00>
ST_1 : Operation 25 [1/1] (0.00ns)   --->   "%specmemcore_ln0 = specmemcore void @_ssdm_op_SpecMemCore, i512 %fifo_A_A_IO_L2_in_0_x04, i64 666, i64 10, i64 18446744073709551615"   --->   Operation 25 'specmemcore' 'specmemcore_ln0' <Predicate = true> <Delay = 0.00>
ST_1 : Operation 26 [1/1] (0.00ns)   --->   "%specinterface_ln0 = specinterface void @_ssdm_op_SpecInterface, i512 %fifo_A_PE_0_0_x020, void @empty_161, i32 0, i32 0, void @empty_2404, i32 0, i32 0, void @empty_2404, void @empty_2404, void @empty_2404, i32 0, i32 0, i32 0, i32 0, void @empty_2404, void @empty_2404"   --->   Operation 26 'specinterface' 'specinterface_ln0' <Predicate = true> <Delay = 0.00>
ST_1 : Operation 27 [1/1] (0.00ns)   --->   "%specinterface_ln0 = specinterface void @_ssdm_op_SpecInterface, i512 %fifo_A_A_IO_L2_in_1_x05, void @empty_161, i32 0, i32 0, void @empty_2404, i32 0, i32 0, void @empty_2404, void @empty_2404, void @empty_2404, i32 0, i32 0, i32 0, i32 0, void @empty_2404, void @empty_2404"   --->   Operation 27 'specinterface' 'specinterface_ln0' <Predicate = true> <Delay = 0.00>
ST_1 : Operation 28 [1/1] (0.00ns)   --->   "%specinterface_ln0 = specinterface void @_ssdm_op_SpecInterface, i512 %fifo_A_A_IO_L2_in_0_x04, void @empty_161, i32 0, i32 0, void @empty_2404, i32 0, i32 0, void @empty_2404, void @empty_2404, void @empty_2404, i32 0, i32 0, i32 0, i32 0, void @empty_2404, void @empty_2404"   --->   Operation 28 'specinterface' 'specinterface_ln0' <Predicate = true> <Delay = 0.00>
ST_1 : Operation 29 [1/1] (0.00ns)   --->   "%local_A_ping_V_0 = alloca i64 1" [./dut.cpp:159]   --->   Operation 29 'alloca' 'local_A_ping_V_0' <Predicate = true> <Delay = 0.00> <CoreInst = "RAM">   --->   Core 83 'RAM' <Latency = 1> <II = 1> <Delay = 0.74> <Storage> <Opcode : 'load' 'store'> <Ports = 2> <Width = 512> <Depth = 8> <RAM>
ST_1 : Operation 30 [1/1] (0.00ns)   --->   "%local_A_pong_V_0 = alloca i64 1" [./dut.cpp:161]   --->   Operation 30 'alloca' 'local_A_pong_V_0' <Predicate = true> <Delay = 0.00> <CoreInst = "RAM">   --->   Core 83 'RAM' <Latency = 1> <II = 1> <Delay = 0.74> <Storage> <Opcode : 'load' 'store'> <Ports = 2> <Width = 512> <Depth = 8> <RAM>
ST_1 : Operation 31 [1/1] (0.38ns)   --->   "%br_ln172 = br void" [./dut.cpp:172]   --->   Operation 31 'br' 'br_ln172' <Predicate = true> <Delay = 0.38>

State 2 <SV = 1> <Delay = 0.70>
ST_2 : Operation 32 [1/1] (0.00ns)   --->   "%c0_V = phi i5 %add_ln691, void, i5 0, void"   --->   Operation 32 'phi' 'c0_V' <Predicate = true> <Delay = 0.00>
ST_2 : Operation 33 [1/1] (0.00ns)   --->   "%intra_trans_en = phi i1 1, void, i1 0, void"   --->   Operation 33 'phi' 'intra_trans_en' <Predicate = true> <Delay = 0.00>
ST_2 : Operation 34 [1/1] (0.70ns)   --->   "%add_ln691 = add i5 %c0_V, i5 1"   --->   Operation 34 'add' 'add_ln691' <Predicate = true> <Delay = 0.70> <CoreInst = "Adder">   --->   Core 1 'Adder' <Latency = 0> <II = 1> <Delay = 0.70> <FuncUnit> <Opcode : 'add' 'sub'> <InPorts = 2> <OutPorts = 1>
ST_2 : Operation 35 [1/1] (0.63ns)   --->   "%icmp_ln890 = icmp_eq  i5 %c0_V, i5 16"   --->   Operation 35 'icmp' 'icmp_ln890' <Predicate = true> <Delay = 0.63> <CoreInst = "Cmp">   --->   Core 9 'Cmp' <Latency = 0> <II = 1> <Delay = 0.65> <FuncUnit> <Opcode : 'icmp'> <InPorts = 2> <OutPorts = 1>
ST_2 : Operation 36 [1/1] (0.00ns)   --->   "%speclooptripcount_ln0 = speclooptripcount void @_ssdm_op_SpecLoopTripCount, i64 16, i64 16, i64 16"   --->   Operation 36 'speclooptripcount' 'speclooptripcount_ln0' <Predicate = true> <Delay = 0.00>
ST_2 : Operation 37 [1/1] (0.00ns)   --->   "%br_ln172 = br i1 %icmp_ln890, void %.split36, void %.preheader.preheader" [./dut.cpp:172]   --->   Operation 37 'br' 'br_ln172' <Predicate = true> <Delay = 0.00>
ST_2 : Operation 38 [1/1] (0.00ns)   --->   "%specloopname_ln172 = specloopname void @_ssdm_op_SpecLoopName, void @empty_598" [./dut.cpp:172]   --->   Operation 38 'specloopname' 'specloopname_ln172' <Predicate = (!icmp_ln890)> <Delay = 0.00>
ST_2 : Operation 39 [1/1] (0.38ns)   --->   "%br_ln173 = br void" [./dut.cpp:173]   --->   Operation 39 'br' 'br_ln173' <Predicate = (!icmp_ln890)> <Delay = 0.38>
ST_2 : Operation 40 [1/1] (0.38ns)   --->   "%br_ln890 = br void %.preheader"   --->   Operation 40 'br' 'br_ln890' <Predicate = (icmp_ln890)> <Delay = 0.38>

State 3 <SV = 2> <Delay = 0.70>
ST_3 : Operation 41 [1/1] (0.00ns)   --->   "%c1_V = phi i5 %add_ln691_2423, void, i5 0, void %.split36"   --->   Operation 41 'phi' 'c1_V' <Predicate = true> <Delay = 0.00>
ST_3 : Operation 42 [1/1] (0.00ns)   --->   "%intra_trans_en_63 = phi i1 1, void, i1 %intra_trans_en, void %.split36"   --->   Operation 42 'phi' 'intra_trans_en_63' <Predicate = true> <Delay = 0.00>
ST_3 : Operation 43 [1/1] (0.70ns)   --->   "%add_ln691_2423 = add i5 %c1_V, i5 1"   --->   Operation 43 'add' 'add_ln691_2423' <Predicate = true> <Delay = 0.70> <CoreInst = "Adder">   --->   Core 1 'Adder' <Latency = 0> <II = 1> <Delay = 0.70> <FuncUnit> <Opcode : 'add' 'sub'> <InPorts = 2> <OutPorts = 1>
ST_3 : Operation 44 [1/1] (0.63ns)   --->   "%icmp_ln890_2038 = icmp_eq  i5 %c1_V, i5 16"   --->   Operation 44 'icmp' 'icmp_ln890_2038' <Predicate = true> <Delay = 0.63> <CoreInst = "Cmp">   --->   Core 9 'Cmp' <Latency = 0> <II = 1> <Delay = 0.65> <FuncUnit> <Opcode : 'icmp'> <InPorts = 2> <OutPorts = 1>
ST_3 : Operation 45 [1/1] (0.00ns)   --->   "%speclooptripcount_ln0 = speclooptripcount void @_ssdm_op_SpecLoopTripCount, i64 16, i64 16, i64 16"   --->   Operation 45 'speclooptripcount' 'speclooptripcount_ln0' <Predicate = true> <Delay = 0.00>
ST_3 : Operation 46 [1/1] (0.00ns)   --->   "%br_ln173 = br i1 %icmp_ln890_2038, void %.split34, void" [./dut.cpp:173]   --->   Operation 46 'br' 'br_ln173' <Predicate = true> <Delay = 0.00>
ST_3 : Operation 47 [1/1] (0.00ns)   --->   "%specloopname_ln173 = specloopname void @_ssdm_op_SpecLoopName, void @empty_361" [./dut.cpp:173]   --->   Operation 47 'specloopname' 'specloopname_ln173' <Predicate = (!icmp_ln890_2038)> <Delay = 0.00>
ST_3 : Operation 48 [1/1] (0.38ns)   --->   "%br_ln174 = br void" [./dut.cpp:174]   --->   Operation 48 'br' 'br_ln174' <Predicate = (!icmp_ln890_2038)> <Delay = 0.38>
ST_3 : Operation 49 [1/1] (0.00ns)   --->   "%br_ln0 = br void"   --->   Operation 49 'br' 'br_ln0' <Predicate = (icmp_ln890_2038)> <Delay = 0.00>

State 4 <SV = 3> <Delay = 0.70>
ST_4 : Operation 50 [1/1] (0.00ns)   --->   "%c2_V = phi i6 0, void %.split34, i6 %add_ln691_2428, void %.loopexit436"   --->   Operation 50 'phi' 'c2_V' <Predicate = true> <Delay = 0.00>
ST_4 : Operation 51 [1/1] (0.00ns)   --->   "%intra_trans_en_64 = phi i1 %intra_trans_en_63, void %.split34, i1 1, void %.loopexit436"   --->   Operation 51 'phi' 'intra_trans_en_64' <Predicate = true> <Delay = 0.00>
ST_4 : Operation 52 [1/1] (0.00ns)   --->   "%arb_32 = phi i1 0, void %.split34, i1 %arb, void %.loopexit436"   --->   Operation 52 'phi' 'arb_32' <Predicate = true> <Delay = 0.00>
ST_4 : Operation 53 [1/1] (0.70ns)   --->   "%add_ln691_2428 = add i6 %c2_V, i6 1"   --->   Operation 53 'add' 'add_ln691_2428' <Predicate = true> <Delay = 0.70> <CoreInst = "Adder">   --->   Core 1 'Adder' <Latency = 0> <II = 1> <Delay = 0.70> <FuncUnit> <Opcode : 'add' 'sub'> <InPorts = 2> <OutPorts = 1>
ST_4 : Operation 54 [1/1] (0.61ns)   --->   "%icmp_ln890_2040 = icmp_eq  i6 %c2_V, i6 32"   --->   Operation 54 'icmp' 'icmp_ln890_2040' <Predicate = true> <Delay = 0.61> <CoreInst = "Cmp">   --->   Core 9 'Cmp' <Latency = 0> <II = 1> <Delay = 0.65> <FuncUnit> <Opcode : 'icmp'> <InPorts = 2> <OutPorts = 1>
ST_4 : Operation 55 [1/1] (0.00ns)   --->   "%speclooptripcount_ln0 = speclooptripcount void @_ssdm_op_SpecLoopTripCount, i64 32, i64 32, i64 32"   --->   Operation 55 'speclooptripcount' 'speclooptripcount_ln0' <Predicate = true> <Delay = 0.00>
ST_4 : Operation 56 [1/1] (0.00ns)   --->   "%br_ln174 = br i1 %icmp_ln890_2040, void %.split32, void" [./dut.cpp:174]   --->   Operation 56 'br' 'br_ln174' <Predicate = true> <Delay = 0.00>
ST_4 : Operation 57 [1/1] (0.00ns)   --->   "%specloopname_ln174 = specloopname void @_ssdm_op_SpecLoopName, void @empty_826" [./dut.cpp:174]   --->   Operation 57 'specloopname' 'specloopname_ln174' <Predicate = (!icmp_ln890_2040)> <Delay = 0.00>
ST_4 : Operation 58 [1/1] (0.00ns)   --->   "%br_ln178 = br i1 %arb_32, void %.preheader11.preheader, void %.preheader5.preheader" [./dut.cpp:178]   --->   Operation 58 'br' 'br_ln178' <Predicate = (!icmp_ln890_2040)> <Delay = 0.00>
ST_4 : Operation 59 [1/1] (0.38ns)   --->   "%br_ln890 = br void %.preheader11"   --->   Operation 59 'br' 'br_ln890' <Predicate = (!icmp_ln890_2040 & !arb_32)> <Delay = 0.38>
ST_4 : Operation 60 [1/1] (0.38ns)   --->   "%br_ln890 = br void %.preheader5"   --->   Operation 60 'br' 'br_ln890' <Predicate = (!icmp_ln890_2040 & arb_32)> <Delay = 0.38>
ST_4 : Operation 61 [1/1] (0.00ns)   --->   "%br_ln0 = br void"   --->   Operation 61 'br' 'br_ln0' <Predicate = (icmp_ln890_2040)> <Delay = 0.00>

State 5 <SV = 4> <Delay = 0.77>
ST_5 : Operation 62 [1/1] (0.00ns)   --->   "%c3_V_28 = phi i4 %add_ln691_2430, void %.loopexit432, i4 0, void %.preheader11.preheader"   --->   Operation 62 'phi' 'c3_V_28' <Predicate = true> <Delay = 0.00>
ST_5 : Operation 63 [1/1] (0.70ns)   --->   "%add_ln691_2430 = add i4 %c3_V_28, i4 1"   --->   Operation 63 'add' 'add_ln691_2430' <Predicate = true> <Delay = 0.70> <CoreInst = "Adder">   --->   Core 1 'Adder' <Latency = 0> <II = 1> <Delay = 0.70> <FuncUnit> <Opcode : 'add' 'sub'> <InPorts = 2> <OutPorts = 1>
ST_5 : Operation 64 [1/1] (0.65ns)   --->   "%icmp_ln890_2042 = icmp_eq  i4 %c3_V_28, i4 8"   --->   Operation 64 'icmp' 'icmp_ln890_2042' <Predicate = true> <Delay = 0.65> <CoreInst = "Cmp">   --->   Core 9 'Cmp' <Latency = 0> <II = 1> <Delay = 0.65> <FuncUnit> <Opcode : 'icmp'> <InPorts = 2> <OutPorts = 1>
ST_5 : Operation 65 [1/1] (0.00ns)   --->   "%speclooptripcount_ln0 = speclooptripcount void @_ssdm_op_SpecLoopTripCount, i64 8, i64 8, i64 8"   --->   Operation 65 'speclooptripcount' 'speclooptripcount_ln0' <Predicate = true> <Delay = 0.00>
ST_5 : Operation 66 [1/1] (0.00ns)   --->   "%br_ln179 = br i1 %icmp_ln890_2042, void %.split26, void" [./dut.cpp:179]   --->   Operation 66 'br' 'br_ln179' <Predicate = true> <Delay = 0.00>
ST_5 : Operation 67 [1/1] (0.00ns)   --->   "%specloopname_ln1616 = specloopname void @_ssdm_op_SpecLoopName, void @empty_172"   --->   Operation 67 'specloopname' 'specloopname_ln1616' <Predicate = (!icmp_ln890_2042)> <Delay = 0.00>
ST_5 : Operation 68 [1/1] (0.65ns)   --->   "%icmp_ln870_28 = icmp_eq  i4 %c3_V_28, i4 0"   --->   Operation 68 'icmp' 'icmp_ln870_28' <Predicate = (!icmp_ln890_2042)> <Delay = 0.65> <CoreInst = "Cmp">   --->   Core 9 'Cmp' <Latency = 0> <II = 1> <Delay = 0.65> <FuncUnit> <Opcode : 'icmp'> <InPorts = 2> <OutPorts = 1>
ST_5 : Operation 69 [1/1] (0.00ns)   --->   "%br_ln182 = br i1 %icmp_ln870_28, void %.preheader8.preheader, void %.preheader9.preheader" [./dut.cpp:182]   --->   Operation 69 'br' 'br_ln182' <Predicate = (!icmp_ln890_2042)> <Delay = 0.00>
ST_5 : Operation 70 [1/1] (0.38ns)   --->   "%br_ln890 = br void %.preheader8"   --->   Operation 70 'br' 'br_ln890' <Predicate = (!icmp_ln890_2042 & !icmp_ln870_28)> <Delay = 0.38>
ST_5 : Operation 71 [1/1] (0.38ns)   --->   "%br_ln890 = br void %.preheader9"   --->   Operation 71 'br' 'br_ln890' <Predicate = (!icmp_ln890_2042 & icmp_ln870_28)> <Delay = 0.38>
ST_5 : Operation 72 [1/1] (0.00ns)   --->   "%br_ln206 = br i1 %intra_trans_en_64, void %.loopexit436, void %.preheader6.preheader" [./dut.cpp:206]   --->   Operation 72 'br' 'br_ln206' <Predicate = (icmp_ln890_2042)> <Delay = 0.00>
ST_5 : Operation 73 [1/1] (0.38ns)   --->   "%br_ln890 = br void %.preheader6"   --->   Operation 73 'br' 'br_ln890' <Predicate = (icmp_ln890_2042 & intra_trans_en_64)> <Delay = 0.38>

State 6 <SV = 5> <Delay = 0.70>
ST_6 : Operation 74 [1/1] (0.00ns)   --->   "%c4_V_102 = phi i4 %add_ln691_2427, void %.split22, i4 0, void %.preheader8.preheader"   --->   Operation 74 'phi' 'c4_V_102' <Predicate = true> <Delay = 0.00>
ST_6 : Operation 75 [1/1] (0.70ns)   --->   "%add_ln691_2427 = add i4 %c4_V_102, i4 1"   --->   Operation 75 'add' 'add_ln691_2427' <Predicate = true> <Delay = 0.70> <CoreInst = "Adder">   --->   Core 1 'Adder' <Latency = 0> <II = 1> <Delay = 0.70> <FuncUnit> <Opcode : 'add' 'sub'> <InPorts = 2> <OutPorts = 1>
ST_6 : Operation 76 [1/1] (0.65ns)   --->   "%icmp_ln890_2048 = icmp_eq  i4 %c4_V_102, i4 8"   --->   Operation 76 'icmp' 'icmp_ln890_2048' <Predicate = true> <Delay = 0.65> <CoreInst = "Cmp">   --->   Core 9 'Cmp' <Latency = 0> <II = 1> <Delay = 0.65> <FuncUnit> <Opcode : 'icmp'> <InPorts = 2> <OutPorts = 1>
ST_6 : Operation 77 [1/1] (0.00ns)   --->   "%speclooptripcount_ln0 = speclooptripcount void @_ssdm_op_SpecLoopTripCount, i64 8, i64 8, i64 8"   --->   Operation 77 'speclooptripcount' 'speclooptripcount_ln0' <Predicate = true> <Delay = 0.00>
ST_6 : Operation 78 [1/1] (0.00ns)   --->   "%br_ln194 = br i1 %icmp_ln890_2048, void %.split22, void %.loopexit432.loopexit" [./dut.cpp:194]   --->   Operation 78 'br' 'br_ln194' <Predicate = true> <Delay = 0.00>
ST_6 : Operation 79 [1/1] (0.00ns)   --->   "%br_ln0 = br void %.loopexit432"   --->   Operation 79 'br' 'br_ln0' <Predicate = (icmp_ln890_2048)> <Delay = 0.00>

State 7 <SV = 6> <Delay = 2.43>
ST_7 : Operation 80 [1/1] (0.00ns)   --->   "%specloopname_ln194 = specloopname void @_ssdm_op_SpecLoopName, void @empty_147" [./dut.cpp:194]   --->   Operation 80 'specloopname' 'specloopname_ln194' <Predicate = true> <Delay = 0.00>
ST_7 : Operation 81 [1/1] (1.21ns)   --->   "%tmp_344 = read i512 @_ssdm_op_Read.ap_fifo.volatile.i512P0A, i512 %fifo_A_A_IO_L2_in_0_x04" [/home/rcslfpgaserver/Softwares/Xilinx/Vitis_HLS/2020.2/common/technology/autopilot/hls_stream_39.h:145]   --->   Operation 81 'read' 'tmp_344' <Predicate = true> <Delay = 1.21> <CoreInst = "FIFO_SRL">   --->   Core 81 'FIFO_SRL' <Latency = 0> <II = 1> <Delay = 1.41> <Storage> <Opcode : 'read' 'write' 'nbread' 'nbwrite'> <Ports = 0> <Width = 512> <Depth = 2> <FIFO>
ST_7 : Operation 82 [1/1] (1.21ns)   --->   "%write_ln174 = write void @_ssdm_op_Write.ap_fifo.volatile.i512P0A, i512 %fifo_A_A_IO_L2_in_1_x05, i512 %tmp_344" [/home/rcslfpgaserver/Softwares/Xilinx/Vitis_HLS/2020.2/common/technology/autopilot/hls_stream_39.h:174]   --->   Operation 82 'write' 'write_ln174' <Predicate = true> <Delay = 1.21> <CoreInst = "FIFO_SRL">   --->   Core 81 'FIFO_SRL' <Latency = 0> <II = 1> <Delay = 1.41> <Storage> <Opcode : 'read' 'write' 'nbread' 'nbwrite'> <Ports = 0> <Width = 512> <Depth = 2> <FIFO>
ST_7 : Operation 83 [1/1] (0.00ns)   --->   "%br_ln0 = br void %.preheader8"   --->   Operation 83 'br' 'br_ln0' <Predicate = true> <Delay = 0.00>

State 8 <SV = 5> <Delay = 0.70>
ST_8 : Operation 84 [1/1] (0.00ns)   --->   "%c4_V_101 = phi i4 %add_ln691_2426, void %.split24, i4 0, void %.preheader9.preheader"   --->   Operation 84 'phi' 'c4_V_101' <Predicate = true> <Delay = 0.00>
ST_8 : Operation 85 [1/1] (0.70ns)   --->   "%add_ln691_2426 = add i4 %c4_V_101, i4 1"   --->   Operation 85 'add' 'add_ln691_2426' <Predicate = true> <Delay = 0.70> <CoreInst = "Adder">   --->   Core 1 'Adder' <Latency = 0> <II = 1> <Delay = 0.70> <FuncUnit> <Opcode : 'add' 'sub'> <InPorts = 2> <OutPorts = 1>
ST_8 : Operation 86 [1/1] (0.65ns)   --->   "%icmp_ln890_2047 = icmp_eq  i4 %c4_V_101, i4 8"   --->   Operation 86 'icmp' 'icmp_ln890_2047' <Predicate = true> <Delay = 0.65> <CoreInst = "Cmp">   --->   Core 9 'Cmp' <Latency = 0> <II = 1> <Delay = 0.65> <FuncUnit> <Opcode : 'icmp'> <InPorts = 2> <OutPorts = 1>

State 9 <SV = 6> <Delay = 1.96>
ST_9 : Operation 87 [1/1] (0.00ns)   --->   "%zext_ln890_382 = zext i4 %c4_V_101"   --->   Operation 87 'zext' 'zext_ln890_382' <Predicate = (icmp_ln870_28)> <Delay = 0.00>
ST_9 : Operation 88 [1/1] (0.00ns)   --->   "%speclooptripcount_ln0 = speclooptripcount void @_ssdm_op_SpecLoopTripCount, i64 8, i64 8, i64 8"   --->   Operation 88 'speclooptripcount' 'speclooptripcount_ln0' <Predicate = (icmp_ln870_28)> <Delay = 0.00>
ST_9 : Operation 89 [1/1] (0.00ns)   --->   "%br_ln183 = br i1 %icmp_ln890_2047, void %.split24, void %.loopexit432.loopexit45" [./dut.cpp:183]   --->   Operation 89 'br' 'br_ln183' <Predicate = (icmp_ln870_28)> <Delay = 0.00>
ST_9 : Operation 90 [1/1] (0.00ns)   --->   "%specloopname_ln183 = specloopname void @_ssdm_op_SpecLoopName, void @empty_191" [./dut.cpp:183]   --->   Operation 90 'specloopname' 'specloopname_ln183' <Predicate = (icmp_ln870_28 & !icmp_ln890_2047)> <Delay = 0.00>
ST_9 : Operation 91 [1/1] (1.21ns)   --->   "%tmp = read i512 @_ssdm_op_Read.ap_fifo.volatile.i512P0A, i512 %fifo_A_A_IO_L2_in_0_x04" [/home/rcslfpgaserver/Softwares/Xilinx/Vitis_HLS/2020.2/common/technology/autopilot/hls_stream_39.h:145]   --->   Operation 91 'read' 'tmp' <Predicate = (icmp_ln870_28 & !icmp_ln890_2047)> <Delay = 1.21> <CoreInst = "FIFO_SRL">   --->   Core 81 'FIFO_SRL' <Latency = 0> <II = 1> <Delay = 1.41> <Storage> <Opcode : 'read' 'write' 'nbread' 'nbwrite'> <Ports = 0> <Width = 512> <Depth = 2> <FIFO>
ST_9 : Operation 92 [1/1] (0.00ns)   --->   "%local_A_pong_V_0_addr = getelementptr i512 %local_A_pong_V_0, i64 0, i64 %zext_ln890_382" [./dut.cpp:190]   --->   Operation 92 'getelementptr' 'local_A_pong_V_0_addr' <Predicate = (icmp_ln870_28 & !icmp_ln890_2047)> <Delay = 0.00>
ST_9 : Operation 93 [1/1] (0.74ns)   --->   "%store_ln190 = store i512 %tmp, i3 %local_A_pong_V_0_addr" [./dut.cpp:190]   --->   Operation 93 'store' 'store_ln190' <Predicate = (icmp_ln870_28 & !icmp_ln890_2047)> <Delay = 0.74> <CoreInst = "RAM">   --->   Core 83 'RAM' <Latency = 1> <II = 1> <Delay = 0.74> <Storage> <Opcode : 'load' 'store'> <Ports = 2> <Width = 512> <Depth = 8> <RAM>
ST_9 : Operation 94 [1/1] (0.00ns)   --->   "%br_ln0 = br void %.preheader9"   --->   Operation 94 'br' 'br_ln0' <Predicate = (icmp_ln870_28 & !icmp_ln890_2047)> <Delay = 0.00>
ST_9 : Operation 95 [1/1] (0.00ns)   --->   "%br_ln0 = br void %.loopexit432"   --->   Operation 95 'br' 'br_ln0' <Predicate = (icmp_ln870_28 & icmp_ln890_2047)> <Delay = 0.00>
ST_9 : Operation 96 [1/1] (0.00ns)   --->   "%br_ln0 = br void %.preheader11"   --->   Operation 96 'br' 'br_ln0' <Predicate = (icmp_ln890_2047) | (!icmp_ln870_28)> <Delay = 0.00>

State 10 <SV = 5> <Delay = 0.70>
ST_10 : Operation 97 [1/1] (0.00ns)   --->   "%c6_V_64 = phi i4 %add_ln691_2433, void, i4 0, void %.preheader6.preheader"   --->   Operation 97 'phi' 'c6_V_64' <Predicate = (!arb_32 & intra_trans_en_64)> <Delay = 0.00>
ST_10 : Operation 98 [1/1] (0.70ns)   --->   "%add_ln691_2433 = add i4 %c6_V_64, i4 1"   --->   Operation 98 'add' 'add_ln691_2433' <Predicate = (!arb_32 & intra_trans_en_64)> <Delay = 0.70> <CoreInst = "Adder">   --->   Core 1 'Adder' <Latency = 0> <II = 1> <Delay = 0.70> <FuncUnit> <Opcode : 'add' 'sub'> <InPorts = 2> <OutPorts = 1>
ST_10 : Operation 99 [1/1] (0.65ns)   --->   "%icmp_ln890_2046 = icmp_eq  i4 %c6_V_64, i4 8"   --->   Operation 99 'icmp' 'icmp_ln890_2046' <Predicate = (!arb_32 & intra_trans_en_64)> <Delay = 0.65> <CoreInst = "Cmp">   --->   Core 9 'Cmp' <Latency = 0> <II = 1> <Delay = 0.65> <FuncUnit> <Opcode : 'icmp'> <InPorts = 2> <OutPorts = 1>
ST_10 : Operation 100 [1/1] (0.00ns)   --->   "%speclooptripcount_ln0 = speclooptripcount void @_ssdm_op_SpecLoopTripCount, i64 8, i64 8, i64 8"   --->   Operation 100 'speclooptripcount' 'speclooptripcount_ln0' <Predicate = (!arb_32 & intra_trans_en_64)> <Delay = 0.00>
ST_10 : Operation 101 [1/1] (0.00ns)   --->   "%br_ln207 = br i1 %icmp_ln890_2046, void %.split30, void %.loopexit436.loopexit44" [./dut.cpp:207]   --->   Operation 101 'br' 'br_ln207' <Predicate = (!arb_32 & intra_trans_en_64)> <Delay = 0.00>
ST_10 : Operation 102 [1/1] (0.00ns)   --->   "%specloopname_ln207 = specloopname void @_ssdm_op_SpecLoopName, void @empty_825" [./dut.cpp:207]   --->   Operation 102 'specloopname' 'specloopname_ln207' <Predicate = (!arb_32 & intra_trans_en_64 & !icmp_ln890_2046)> <Delay = 0.00>
ST_10 : Operation 103 [1/1] (0.38ns)   --->   "%br_ln209 = br void" [./dut.cpp:209]   --->   Operation 103 'br' 'br_ln209' <Predicate = (!arb_32 & intra_trans_en_64 & !icmp_ln890_2046)> <Delay = 0.38>
ST_10 : Operation 104 [1/1] (0.00ns)   --->   "%br_ln0 = br void %.loopexit436"   --->   Operation 104 'br' 'br_ln0' <Predicate = (!arb_32 & intra_trans_en_64 & icmp_ln890_2046)> <Delay = 0.00>
ST_10 : Operation 105 [1/1] (0.00ns)   --->   "%c6_V_63 = phi i4 %add_ln691_2431, void, i4 0, void %.preheader1.preheader"   --->   Operation 105 'phi' 'c6_V_63' <Predicate = (arb_32 & intra_trans_en_64)> <Delay = 0.00>
ST_10 : Operation 106 [1/1] (0.70ns)   --->   "%add_ln691_2431 = add i4 %c6_V_63, i4 1"   --->   Operation 106 'add' 'add_ln691_2431' <Predicate = (arb_32 & intra_trans_en_64)> <Delay = 0.70> <CoreInst = "Adder">   --->   Core 1 'Adder' <Latency = 0> <II = 1> <Delay = 0.70> <FuncUnit> <Opcode : 'add' 'sub'> <InPorts = 2> <OutPorts = 1>
ST_10 : Operation 107 [1/1] (0.65ns)   --->   "%icmp_ln890_2043 = icmp_eq  i4 %c6_V_63, i4 8"   --->   Operation 107 'icmp' 'icmp_ln890_2043' <Predicate = (arb_32 & intra_trans_en_64)> <Delay = 0.65> <CoreInst = "Cmp">   --->   Core 9 'Cmp' <Latency = 0> <II = 1> <Delay = 0.65> <FuncUnit> <Opcode : 'icmp'> <InPorts = 2> <OutPorts = 1>
ST_10 : Operation 108 [1/1] (0.00ns)   --->   "%speclooptripcount_ln0 = speclooptripcount void @_ssdm_op_SpecLoopTripCount, i64 8, i64 8, i64 8"   --->   Operation 108 'speclooptripcount' 'speclooptripcount_ln0' <Predicate = (arb_32 & intra_trans_en_64)> <Delay = 0.00>
ST_10 : Operation 109 [1/1] (0.00ns)   --->   "%br_ln250 = br i1 %icmp_ln890_2043, void %.split20, void %.loopexit436.loopexit" [./dut.cpp:250]   --->   Operation 109 'br' 'br_ln250' <Predicate = (arb_32 & intra_trans_en_64)> <Delay = 0.00>
ST_10 : Operation 110 [1/1] (0.00ns)   --->   "%specloopname_ln250 = specloopname void @_ssdm_op_SpecLoopName, void @empty_180" [./dut.cpp:250]   --->   Operation 110 'specloopname' 'specloopname_ln250' <Predicate = (arb_32 & intra_trans_en_64 & !icmp_ln890_2043)> <Delay = 0.00>
ST_10 : Operation 111 [1/1] (0.38ns)   --->   "%br_ln252 = br void" [./dut.cpp:252]   --->   Operation 111 'br' 'br_ln252' <Predicate = (arb_32 & intra_trans_en_64 & !icmp_ln890_2043)> <Delay = 0.38>
ST_10 : Operation 112 [1/1] (0.00ns)   --->   "%br_ln0 = br void %.loopexit436"   --->   Operation 112 'br' 'br_ln0' <Predicate = (arb_32 & intra_trans_en_64 & icmp_ln890_2043)> <Delay = 0.00>
ST_10 : Operation 113 [1/1] (0.12ns)   --->   "%arb = xor i1 %arb_32, i1 1" [./dut.cpp:266]   --->   Operation 113 'xor' 'arb' <Predicate = (!intra_trans_en_64) | (arb_32 & icmp_ln890_2043) | (!arb_32 & icmp_ln890_2046)> <Delay = 0.12> <CoreInst = "LogicGate">   --->   Core 74 'LogicGate' <Latency = 0> <II = 1> <Delay = 0.12> <FuncUnit> <Opcode : 'and' 'or' 'xor'> <InPorts = 2> <OutPorts = 1>
ST_10 : Operation 114 [1/1] (0.00ns)   --->   "%br_ln0 = br void"   --->   Operation 114 'br' 'br_ln0' <Predicate = (!intra_trans_en_64) | (arb_32 & icmp_ln890_2043) | (!arb_32 & icmp_ln890_2046)> <Delay = 0.00>

State 11 <SV = 6> <Delay = 0.74>
ST_11 : Operation 115 [1/1] (0.00ns)   --->   "%c7_V_64 = phi i4 %add_ln691_2434, void %.split28, i4 0, void %.split30"   --->   Operation 115 'phi' 'c7_V_64' <Predicate = true> <Delay = 0.00>
ST_11 : Operation 116 [1/1] (0.70ns)   --->   "%add_ln691_2434 = add i4 %c7_V_64, i4 1"   --->   Operation 116 'add' 'add_ln691_2434' <Predicate = true> <Delay = 0.70> <CoreInst = "Adder">   --->   Core 1 'Adder' <Latency = 0> <II = 1> <Delay = 0.70> <FuncUnit> <Opcode : 'add' 'sub'> <InPorts = 2> <OutPorts = 1>
ST_11 : Operation 117 [1/1] (0.00ns)   --->   "%zext_ln890_384 = zext i4 %c7_V_64"   --->   Operation 117 'zext' 'zext_ln890_384' <Predicate = true> <Delay = 0.00>
ST_11 : Operation 118 [1/1] (0.65ns)   --->   "%icmp_ln890_2050 = icmp_eq  i4 %c7_V_64, i4 8"   --->   Operation 118 'icmp' 'icmp_ln890_2050' <Predicate = true> <Delay = 0.65> <CoreInst = "Cmp">   --->   Core 9 'Cmp' <Latency = 0> <II = 1> <Delay = 0.65> <FuncUnit> <Opcode : 'icmp'> <InPorts = 2> <OutPorts = 1>
ST_11 : Operation 119 [1/1] (0.00ns)   --->   "%speclooptripcount_ln0 = speclooptripcount void @_ssdm_op_SpecLoopTripCount, i64 8, i64 8, i64 8"   --->   Operation 119 'speclooptripcount' 'speclooptripcount_ln0' <Predicate = true> <Delay = 0.00>
ST_11 : Operation 120 [1/1] (0.00ns)   --->   "%br_ln209 = br i1 %icmp_ln890_2050, void %.split28, void" [./dut.cpp:209]   --->   Operation 120 'br' 'br_ln209' <Predicate = true> <Delay = 0.00>
ST_11 : Operation 121 [1/1] (0.00ns)   --->   "%local_A_ping_V_0_addr_32 = getelementptr i512 %local_A_ping_V_0, i64 0, i64 %zext_ln890_384" [./dut.cpp:214]   --->   Operation 121 'getelementptr' 'local_A_ping_V_0_addr_32' <Predicate = (!icmp_ln890_2050)> <Delay = 0.00>
ST_11 : Operation 122 [2/2] (0.74ns)   --->   "%local_A_ping_V_0_load_16 = load i3 %local_A_ping_V_0_addr_32" [./dut.cpp:214]   --->   Operation 122 'load' 'local_A_ping_V_0_load_16' <Predicate = (!icmp_ln890_2050)> <Delay = 0.74> <CoreInst = "RAM">   --->   Core 83 'RAM' <Latency = 1> <II = 1> <Delay = 0.74> <Storage> <Opcode : 'load' 'store'> <Ports = 2> <Width = 512> <Depth = 8> <RAM>
ST_11 : Operation 123 [1/1] (0.00ns)   --->   "%br_ln0 = br void %.preheader6"   --->   Operation 123 'br' 'br_ln0' <Predicate = (icmp_ln890_2050)> <Delay = 0.00>

State 12 <SV = 7> <Delay = 1.96>
ST_12 : Operation 124 [1/1] (0.00ns)   --->   "%specloopname_ln209 = specloopname void @_ssdm_op_SpecLoopName, void @empty_141" [./dut.cpp:209]   --->   Operation 124 'specloopname' 'specloopname_ln209' <Predicate = true> <Delay = 0.00>
ST_12 : Operation 125 [1/2] (0.74ns)   --->   "%local_A_ping_V_0_load_16 = load i3 %local_A_ping_V_0_addr_32" [./dut.cpp:214]   --->   Operation 125 'load' 'local_A_ping_V_0_load_16' <Predicate = true> <Delay = 0.74> <CoreInst = "RAM">   --->   Core 83 'RAM' <Latency = 1> <II = 1> <Delay = 0.74> <Storage> <Opcode : 'load' 'store'> <Ports = 2> <Width = 512> <Depth = 8> <RAM>
ST_12 : Operation 126 [1/1] (1.21ns)   --->   "%write_ln174 = write void @_ssdm_op_Write.ap_fifo.volatile.i512P0A, i512 %fifo_A_PE_0_0_x020, i512 %local_A_ping_V_0_load_16" [/home/rcslfpgaserver/Softwares/Xilinx/Vitis_HLS/2020.2/common/technology/autopilot/hls_stream_39.h:174]   --->   Operation 126 'write' 'write_ln174' <Predicate = true> <Delay = 1.21> <CoreInst = "FIFO_SRL">   --->   Core 81 'FIFO_SRL' <Latency = 0> <II = 1> <Delay = 1.41> <Storage> <Opcode : 'read' 'write' 'nbread' 'nbwrite'> <Ports = 0> <Width = 512> <Depth = 2> <FIFO>
ST_12 : Operation 127 [1/1] (0.00ns)   --->   "%br_ln0 = br void"   --->   Operation 127 'br' 'br_ln0' <Predicate = true> <Delay = 0.00>

State 13 <SV = 4> <Delay = 0.77>
ST_13 : Operation 128 [1/1] (0.00ns)   --->   "%c3_V = phi i4 %add_ln691_2429, void %.loopexit434, i4 0, void %.preheader5.preheader"   --->   Operation 128 'phi' 'c3_V' <Predicate = true> <Delay = 0.00>
ST_13 : Operation 129 [1/1] (0.70ns)   --->   "%add_ln691_2429 = add i4 %c3_V, i4 1"   --->   Operation 129 'add' 'add_ln691_2429' <Predicate = true> <Delay = 0.70> <CoreInst = "Adder">   --->   Core 1 'Adder' <Latency = 0> <II = 1> <Delay = 0.70> <FuncUnit> <Opcode : 'add' 'sub'> <InPorts = 2> <OutPorts = 1>
ST_13 : Operation 130 [1/1] (0.65ns)   --->   "%icmp_ln890_2041 = icmp_eq  i4 %c3_V, i4 8"   --->   Operation 130 'icmp' 'icmp_ln890_2041' <Predicate = true> <Delay = 0.65> <CoreInst = "Cmp">   --->   Core 9 'Cmp' <Latency = 0> <II = 1> <Delay = 0.65> <FuncUnit> <Opcode : 'icmp'> <InPorts = 2> <OutPorts = 1>
ST_13 : Operation 131 [1/1] (0.00ns)   --->   "%speclooptripcount_ln0 = speclooptripcount void @_ssdm_op_SpecLoopTripCount, i64 8, i64 8, i64 8"   --->   Operation 131 'speclooptripcount' 'speclooptripcount_ln0' <Predicate = true> <Delay = 0.00>
ST_13 : Operation 132 [1/1] (0.00ns)   --->   "%br_ln222 = br i1 %icmp_ln890_2041, void %.split16, void" [./dut.cpp:222]   --->   Operation 132 'br' 'br_ln222' <Predicate = true> <Delay = 0.00>
ST_13 : Operation 133 [1/1] (0.00ns)   --->   "%specloopname_ln1616 = specloopname void @_ssdm_op_SpecLoopName, void @empty_169"   --->   Operation 133 'specloopname' 'specloopname_ln1616' <Predicate = (!icmp_ln890_2041)> <Delay = 0.00>
ST_13 : Operation 134 [1/1] (0.65ns)   --->   "%icmp_ln870 = icmp_eq  i4 %c3_V, i4 0"   --->   Operation 134 'icmp' 'icmp_ln870' <Predicate = (!icmp_ln890_2041)> <Delay = 0.65> <CoreInst = "Cmp">   --->   Core 9 'Cmp' <Latency = 0> <II = 1> <Delay = 0.65> <FuncUnit> <Opcode : 'icmp'> <InPorts = 2> <OutPorts = 1>
ST_13 : Operation 135 [1/1] (0.00ns)   --->   "%br_ln225 = br i1 %icmp_ln870, void %.preheader2.preheader, void %.preheader3.preheader" [./dut.cpp:225]   --->   Operation 135 'br' 'br_ln225' <Predicate = (!icmp_ln890_2041)> <Delay = 0.00>
ST_13 : Operation 136 [1/1] (0.38ns)   --->   "%br_ln890 = br void %.preheader2"   --->   Operation 136 'br' 'br_ln890' <Predicate = (!icmp_ln890_2041 & !icmp_ln870)> <Delay = 0.38>
ST_13 : Operation 137 [1/1] (0.38ns)   --->   "%br_ln890 = br void %.preheader3"   --->   Operation 137 'br' 'br_ln890' <Predicate = (!icmp_ln890_2041 & icmp_ln870)> <Delay = 0.38>
ST_13 : Operation 138 [1/1] (0.00ns)   --->   "%br_ln249 = br i1 %intra_trans_en_64, void %.loopexit436, void %.preheader1.preheader" [./dut.cpp:249]   --->   Operation 138 'br' 'br_ln249' <Predicate = (icmp_ln890_2041)> <Delay = 0.00>
ST_13 : Operation 139 [1/1] (0.38ns)   --->   "%br_ln890 = br void %.preheader1"   --->   Operation 139 'br' 'br_ln890' <Predicate = (intra_trans_en_64 & icmp_ln890_2041)> <Delay = 0.38>

State 14 <SV = 5> <Delay = 0.70>
ST_14 : Operation 140 [1/1] (0.00ns)   --->   "%c4_V_100 = phi i4 %add_ln691_2425, void %.split12, i4 0, void %.preheader2.preheader"   --->   Operation 140 'phi' 'c4_V_100' <Predicate = true> <Delay = 0.00>
ST_14 : Operation 141 [1/1] (0.70ns)   --->   "%add_ln691_2425 = add i4 %c4_V_100, i4 1"   --->   Operation 141 'add' 'add_ln691_2425' <Predicate = true> <Delay = 0.70> <CoreInst = "Adder">   --->   Core 1 'Adder' <Latency = 0> <II = 1> <Delay = 0.70> <FuncUnit> <Opcode : 'add' 'sub'> <InPorts = 2> <OutPorts = 1>
ST_14 : Operation 142 [1/1] (0.65ns)   --->   "%icmp_ln890_2045 = icmp_eq  i4 %c4_V_100, i4 8"   --->   Operation 142 'icmp' 'icmp_ln890_2045' <Predicate = true> <Delay = 0.65> <CoreInst = "Cmp">   --->   Core 9 'Cmp' <Latency = 0> <II = 1> <Delay = 0.65> <FuncUnit> <Opcode : 'icmp'> <InPorts = 2> <OutPorts = 1>
ST_14 : Operation 143 [1/1] (0.00ns)   --->   "%speclooptripcount_ln0 = speclooptripcount void @_ssdm_op_SpecLoopTripCount, i64 8, i64 8, i64 8"   --->   Operation 143 'speclooptripcount' 'speclooptripcount_ln0' <Predicate = true> <Delay = 0.00>
ST_14 : Operation 144 [1/1] (0.00ns)   --->   "%br_ln237 = br i1 %icmp_ln890_2045, void %.split12, void %.loopexit434.loopexit" [./dut.cpp:237]   --->   Operation 144 'br' 'br_ln237' <Predicate = true> <Delay = 0.00>
ST_14 : Operation 145 [1/1] (0.00ns)   --->   "%br_ln0 = br void %.loopexit434"   --->   Operation 145 'br' 'br_ln0' <Predicate = (icmp_ln890_2045)> <Delay = 0.00>

State 15 <SV = 6> <Delay = 2.43>
ST_15 : Operation 146 [1/1] (0.00ns)   --->   "%specloopname_ln237 = specloopname void @_ssdm_op_SpecLoopName, void @empty_208" [./dut.cpp:237]   --->   Operation 146 'specloopname' 'specloopname_ln237' <Predicate = true> <Delay = 0.00>
ST_15 : Operation 147 [1/1] (1.21ns)   --->   "%tmp_346 = read i512 @_ssdm_op_Read.ap_fifo.volatile.i512P0A, i512 %fifo_A_A_IO_L2_in_0_x04" [/home/rcslfpgaserver/Softwares/Xilinx/Vitis_HLS/2020.2/common/technology/autopilot/hls_stream_39.h:145]   --->   Operation 147 'read' 'tmp_346' <Predicate = true> <Delay = 1.21> <CoreInst = "FIFO_SRL">   --->   Core 81 'FIFO_SRL' <Latency = 0> <II = 1> <Delay = 1.41> <Storage> <Opcode : 'read' 'write' 'nbread' 'nbwrite'> <Ports = 0> <Width = 512> <Depth = 2> <FIFO>
ST_15 : Operation 148 [1/1] (1.21ns)   --->   "%write_ln174 = write void @_ssdm_op_Write.ap_fifo.volatile.i512P0A, i512 %fifo_A_A_IO_L2_in_1_x05, i512 %tmp_346" [/home/rcslfpgaserver/Softwares/Xilinx/Vitis_HLS/2020.2/common/technology/autopilot/hls_stream_39.h:174]   --->   Operation 148 'write' 'write_ln174' <Predicate = true> <Delay = 1.21> <CoreInst = "FIFO_SRL">   --->   Core 81 'FIFO_SRL' <Latency = 0> <II = 1> <Delay = 1.41> <Storage> <Opcode : 'read' 'write' 'nbread' 'nbwrite'> <Ports = 0> <Width = 512> <Depth = 2> <FIFO>
ST_15 : Operation 149 [1/1] (0.00ns)   --->   "%br_ln0 = br void %.preheader2"   --->   Operation 149 'br' 'br_ln0' <Predicate = true> <Delay = 0.00>

State 16 <SV = 5> <Delay = 0.70>
ST_16 : Operation 150 [1/1] (0.00ns)   --->   "%c4_V = phi i4 %add_ln691_2424, void %.split14, i4 0, void %.preheader3.preheader"   --->   Operation 150 'phi' 'c4_V' <Predicate = true> <Delay = 0.00>
ST_16 : Operation 151 [1/1] (0.70ns)   --->   "%add_ln691_2424 = add i4 %c4_V, i4 1"   --->   Operation 151 'add' 'add_ln691_2424' <Predicate = true> <Delay = 0.70> <CoreInst = "Adder">   --->   Core 1 'Adder' <Latency = 0> <II = 1> <Delay = 0.70> <FuncUnit> <Opcode : 'add' 'sub'> <InPorts = 2> <OutPorts = 1>
ST_16 : Operation 152 [1/1] (0.65ns)   --->   "%icmp_ln890_2044 = icmp_eq  i4 %c4_V, i4 8"   --->   Operation 152 'icmp' 'icmp_ln890_2044' <Predicate = true> <Delay = 0.65> <CoreInst = "Cmp">   --->   Core 9 'Cmp' <Latency = 0> <II = 1> <Delay = 0.65> <FuncUnit> <Opcode : 'icmp'> <InPorts = 2> <OutPorts = 1>

State 17 <SV = 6> <Delay = 1.96>
ST_17 : Operation 153 [1/1] (0.00ns)   --->   "%zext_ln890_381 = zext i4 %c4_V"   --->   Operation 153 'zext' 'zext_ln890_381' <Predicate = (icmp_ln870)> <Delay = 0.00>
ST_17 : Operation 154 [1/1] (0.00ns)   --->   "%speclooptripcount_ln0 = speclooptripcount void @_ssdm_op_SpecLoopTripCount, i64 8, i64 8, i64 8"   --->   Operation 154 'speclooptripcount' 'speclooptripcount_ln0' <Predicate = (icmp_ln870)> <Delay = 0.00>
ST_17 : Operation 155 [1/1] (0.00ns)   --->   "%br_ln226 = br i1 %icmp_ln890_2044, void %.split14, void %.loopexit434.loopexit43" [./dut.cpp:226]   --->   Operation 155 'br' 'br_ln226' <Predicate = (icmp_ln870)> <Delay = 0.00>
ST_17 : Operation 156 [1/1] (0.00ns)   --->   "%specloopname_ln226 = specloopname void @_ssdm_op_SpecLoopName, void @empty_927" [./dut.cpp:226]   --->   Operation 156 'specloopname' 'specloopname_ln226' <Predicate = (icmp_ln870 & !icmp_ln890_2044)> <Delay = 0.00>
ST_17 : Operation 157 [1/1] (1.21ns)   --->   "%tmp_345 = read i512 @_ssdm_op_Read.ap_fifo.volatile.i512P0A, i512 %fifo_A_A_IO_L2_in_0_x04" [/home/rcslfpgaserver/Softwares/Xilinx/Vitis_HLS/2020.2/common/technology/autopilot/hls_stream_39.h:145]   --->   Operation 157 'read' 'tmp_345' <Predicate = (icmp_ln870 & !icmp_ln890_2044)> <Delay = 1.21> <CoreInst = "FIFO_SRL">   --->   Core 81 'FIFO_SRL' <Latency = 0> <II = 1> <Delay = 1.41> <Storage> <Opcode : 'read' 'write' 'nbread' 'nbwrite'> <Ports = 0> <Width = 512> <Depth = 2> <FIFO>
ST_17 : Operation 158 [1/1] (0.00ns)   --->   "%local_A_ping_V_0_addr_31 = getelementptr i512 %local_A_ping_V_0, i64 0, i64 %zext_ln890_381" [./dut.cpp:233]   --->   Operation 158 'getelementptr' 'local_A_ping_V_0_addr_31' <Predicate = (icmp_ln870 & !icmp_ln890_2044)> <Delay = 0.00>
ST_17 : Operation 159 [1/1] (0.74ns)   --->   "%store_ln233 = store i512 %tmp_345, i3 %local_A_ping_V_0_addr_31" [./dut.cpp:233]   --->   Operation 159 'store' 'store_ln233' <Predicate = (icmp_ln870 & !icmp_ln890_2044)> <Delay = 0.74> <CoreInst = "RAM">   --->   Core 83 'RAM' <Latency = 1> <II = 1> <Delay = 0.74> <Storage> <Opcode : 'load' 'store'> <Ports = 2> <Width = 512> <Depth = 8> <RAM>
ST_17 : Operation 160 [1/1] (0.00ns)   --->   "%br_ln0 = br void %.preheader3"   --->   Operation 160 'br' 'br_ln0' <Predicate = (icmp_ln870 & !icmp_ln890_2044)> <Delay = 0.00>
ST_17 : Operation 161 [1/1] (0.00ns)   --->   "%br_ln0 = br void %.loopexit434"   --->   Operation 161 'br' 'br_ln0' <Predicate = (icmp_ln870 & icmp_ln890_2044)> <Delay = 0.00>
ST_17 : Operation 162 [1/1] (0.00ns)   --->   "%br_ln0 = br void %.preheader5"   --->   Operation 162 'br' 'br_ln0' <Predicate = (icmp_ln890_2044) | (!icmp_ln870)> <Delay = 0.00>

State 18 <SV = 6> <Delay = 0.74>
ST_18 : Operation 163 [1/1] (0.00ns)   --->   "%c7_V_63 = phi i4 %add_ln691_2432, void %.split18, i4 0, void %.split20"   --->   Operation 163 'phi' 'c7_V_63' <Predicate = true> <Delay = 0.00>
ST_18 : Operation 164 [1/1] (0.70ns)   --->   "%add_ln691_2432 = add i4 %c7_V_63, i4 1"   --->   Operation 164 'add' 'add_ln691_2432' <Predicate = true> <Delay = 0.70> <CoreInst = "Adder">   --->   Core 1 'Adder' <Latency = 0> <II = 1> <Delay = 0.70> <FuncUnit> <Opcode : 'add' 'sub'> <InPorts = 2> <OutPorts = 1>
ST_18 : Operation 165 [1/1] (0.00ns)   --->   "%zext_ln890_383 = zext i4 %c7_V_63"   --->   Operation 165 'zext' 'zext_ln890_383' <Predicate = true> <Delay = 0.00>
ST_18 : Operation 166 [1/1] (0.65ns)   --->   "%icmp_ln890_2049 = icmp_eq  i4 %c7_V_63, i4 8"   --->   Operation 166 'icmp' 'icmp_ln890_2049' <Predicate = true> <Delay = 0.65> <CoreInst = "Cmp">   --->   Core 9 'Cmp' <Latency = 0> <II = 1> <Delay = 0.65> <FuncUnit> <Opcode : 'icmp'> <InPorts = 2> <OutPorts = 1>
ST_18 : Operation 167 [1/1] (0.00ns)   --->   "%speclooptripcount_ln0 = speclooptripcount void @_ssdm_op_SpecLoopTripCount, i64 8, i64 8, i64 8"   --->   Operation 167 'speclooptripcount' 'speclooptripcount_ln0' <Predicate = true> <Delay = 0.00>
ST_18 : Operation 168 [1/1] (0.00ns)   --->   "%br_ln252 = br i1 %icmp_ln890_2049, void %.split18, void" [./dut.cpp:252]   --->   Operation 168 'br' 'br_ln252' <Predicate = true> <Delay = 0.00>
ST_18 : Operation 169 [1/1] (0.00ns)   --->   "%local_A_pong_V_0_addr_16 = getelementptr i512 %local_A_pong_V_0, i64 0, i64 %zext_ln890_383" [./dut.cpp:257]   --->   Operation 169 'getelementptr' 'local_A_pong_V_0_addr_16' <Predicate = (!icmp_ln890_2049)> <Delay = 0.00>
ST_18 : Operation 170 [2/2] (0.74ns)   --->   "%local_A_pong_V_0_load = load i3 %local_A_pong_V_0_addr_16" [./dut.cpp:257]   --->   Operation 170 'load' 'local_A_pong_V_0_load' <Predicate = (!icmp_ln890_2049)> <Delay = 0.74> <CoreInst = "RAM">   --->   Core 83 'RAM' <Latency = 1> <II = 1> <Delay = 0.74> <Storage> <Opcode : 'load' 'store'> <Ports = 2> <Width = 512> <Depth = 8> <RAM>
ST_18 : Operation 171 [1/1] (0.00ns)   --->   "%br_ln0 = br void %.preheader1"   --->   Operation 171 'br' 'br_ln0' <Predicate = (icmp_ln890_2049)> <Delay = 0.00>

State 19 <SV = 7> <Delay = 1.96>
ST_19 : Operation 172 [1/1] (0.00ns)   --->   "%specloopname_ln252 = specloopname void @_ssdm_op_SpecLoopName, void @empty_179" [./dut.cpp:252]   --->   Operation 172 'specloopname' 'specloopname_ln252' <Predicate = true> <Delay = 0.00>
ST_19 : Operation 173 [1/2] (0.74ns)   --->   "%local_A_pong_V_0_load = load i3 %local_A_pong_V_0_addr_16" [./dut.cpp:257]   --->   Operation 173 'load' 'local_A_pong_V_0_load' <Predicate = true> <Delay = 0.74> <CoreInst = "RAM">   --->   Core 83 'RAM' <Latency = 1> <II = 1> <Delay = 0.74> <Storage> <Opcode : 'load' 'store'> <Ports = 2> <Width = 512> <Depth = 8> <RAM>
ST_19 : Operation 174 [1/1] (1.21ns)   --->   "%write_ln174 = write void @_ssdm_op_Write.ap_fifo.volatile.i512P0A, i512 %fifo_A_PE_0_0_x020, i512 %local_A_pong_V_0_load" [/home/rcslfpgaserver/Softwares/Xilinx/Vitis_HLS/2020.2/common/technology/autopilot/hls_stream_39.h:174]   --->   Operation 174 'write' 'write_ln174' <Predicate = true> <Delay = 1.21> <CoreInst = "FIFO_SRL">   --->   Core 81 'FIFO_SRL' <Latency = 0> <II = 1> <Delay = 1.41> <Storage> <Opcode : 'read' 'write' 'nbread' 'nbwrite'> <Ports = 0> <Width = 512> <Depth = 2> <FIFO>
ST_19 : Operation 175 [1/1] (0.00ns)   --->   "%br_ln0 = br void"   --->   Operation 175 'br' 'br_ln0' <Predicate = true> <Delay = 0.00>

State 20 <SV = 2> <Delay = 0.70>
ST_20 : Operation 176 [1/1] (0.00ns)   --->   "%c6_V = phi i4 %add_ln691_2421, void, i4 0, void %.preheader.preheader"   --->   Operation 176 'phi' 'c6_V' <Predicate = true> <Delay = 0.00>
ST_20 : Operation 177 [1/1] (0.70ns)   --->   "%add_ln691_2421 = add i4 %c6_V, i4 1"   --->   Operation 177 'add' 'add_ln691_2421' <Predicate = true> <Delay = 0.70> <CoreInst = "Adder">   --->   Core 1 'Adder' <Latency = 0> <II = 1> <Delay = 0.70> <FuncUnit> <Opcode : 'add' 'sub'> <InPorts = 2> <OutPorts = 1>
ST_20 : Operation 178 [1/1] (0.65ns)   --->   "%icmp_ln890_2037 = icmp_eq  i4 %c6_V, i4 8"   --->   Operation 178 'icmp' 'icmp_ln890_2037' <Predicate = true> <Delay = 0.65> <CoreInst = "Cmp">   --->   Core 9 'Cmp' <Latency = 0> <II = 1> <Delay = 0.65> <FuncUnit> <Opcode : 'icmp'> <InPorts = 2> <OutPorts = 1>
ST_20 : Operation 179 [1/1] (0.00ns)   --->   "%speclooptripcount_ln0 = speclooptripcount void @_ssdm_op_SpecLoopTripCount, i64 8, i64 8, i64 8"   --->   Operation 179 'speclooptripcount' 'speclooptripcount_ln0' <Predicate = true> <Delay = 0.00>
ST_20 : Operation 180 [1/1] (0.00ns)   --->   "%br_ln274 = br i1 %icmp_ln890_2037, void %.split6, void %.loopexit" [./dut.cpp:274]   --->   Operation 180 'br' 'br_ln274' <Predicate = true> <Delay = 0.00>
ST_20 : Operation 181 [1/1] (0.00ns)   --->   "%specloopname_ln274 = specloopname void @_ssdm_op_SpecLoopName, void @empty_900" [./dut.cpp:274]   --->   Operation 181 'specloopname' 'specloopname_ln274' <Predicate = (!icmp_ln890_2037)> <Delay = 0.00>
ST_20 : Operation 182 [1/1] (0.38ns)   --->   "%br_ln276 = br void" [./dut.cpp:276]   --->   Operation 182 'br' 'br_ln276' <Predicate = (!icmp_ln890_2037)> <Delay = 0.38>
ST_20 : Operation 183 [1/1] (0.00ns)   --->   "%ret_ln306 = ret" [./dut.cpp:306]   --->   Operation 183 'ret' 'ret_ln306' <Predicate = (icmp_ln890_2037)> <Delay = 0.00>

State 21 <SV = 3> <Delay = 0.74>
ST_21 : Operation 184 [1/1] (0.00ns)   --->   "%c7_V = phi i4 %add_ln691_2422, void %.split, i4 0, void %.split6"   --->   Operation 184 'phi' 'c7_V' <Predicate = true> <Delay = 0.00>
ST_21 : Operation 185 [1/1] (0.70ns)   --->   "%add_ln691_2422 = add i4 %c7_V, i4 1"   --->   Operation 185 'add' 'add_ln691_2422' <Predicate = true> <Delay = 0.70> <CoreInst = "Adder">   --->   Core 1 'Adder' <Latency = 0> <II = 1> <Delay = 0.70> <FuncUnit> <Opcode : 'add' 'sub'> <InPorts = 2> <OutPorts = 1>
ST_21 : Operation 186 [1/1] (0.00ns)   --->   "%zext_ln890 = zext i4 %c7_V"   --->   Operation 186 'zext' 'zext_ln890' <Predicate = true> <Delay = 0.00>
ST_21 : Operation 187 [1/1] (0.65ns)   --->   "%icmp_ln890_2039 = icmp_eq  i4 %c7_V, i4 8"   --->   Operation 187 'icmp' 'icmp_ln890_2039' <Predicate = true> <Delay = 0.65> <CoreInst = "Cmp">   --->   Core 9 'Cmp' <Latency = 0> <II = 1> <Delay = 0.65> <FuncUnit> <Opcode : 'icmp'> <InPorts = 2> <OutPorts = 1>
ST_21 : Operation 188 [1/1] (0.00ns)   --->   "%speclooptripcount_ln0 = speclooptripcount void @_ssdm_op_SpecLoopTripCount, i64 8, i64 8, i64 8"   --->   Operation 188 'speclooptripcount' 'speclooptripcount_ln0' <Predicate = true> <Delay = 0.00>
ST_21 : Operation 189 [1/1] (0.00ns)   --->   "%br_ln276 = br i1 %icmp_ln890_2039, void %.split, void" [./dut.cpp:276]   --->   Operation 189 'br' 'br_ln276' <Predicate = true> <Delay = 0.00>
ST_21 : Operation 190 [1/1] (0.00ns)   --->   "%local_A_ping_V_0_addr = getelementptr i512 %local_A_ping_V_0, i64 0, i64 %zext_ln890" [./dut.cpp:281]   --->   Operation 190 'getelementptr' 'local_A_ping_V_0_addr' <Predicate = (!icmp_ln890_2039)> <Delay = 0.00>
ST_21 : Operation 191 [2/2] (0.74ns)   --->   "%local_A_ping_V_0_load = load i3 %local_A_ping_V_0_addr" [./dut.cpp:281]   --->   Operation 191 'load' 'local_A_ping_V_0_load' <Predicate = (!icmp_ln890_2039)> <Delay = 0.74> <CoreInst = "RAM">   --->   Core 83 'RAM' <Latency = 1> <II = 1> <Delay = 0.74> <Storage> <Opcode : 'load' 'store'> <Ports = 2> <Width = 512> <Depth = 8> <RAM>
ST_21 : Operation 192 [1/1] (0.00ns)   --->   "%br_ln0 = br void %.preheader"   --->   Operation 192 'br' 'br_ln0' <Predicate = (icmp_ln890_2039)> <Delay = 0.00>

State 22 <SV = 4> <Delay = 1.96>
ST_22 : Operation 193 [1/1] (0.00ns)   --->   "%specloopname_ln276 = specloopname void @_ssdm_op_SpecLoopName, void @empty_899" [./dut.cpp:276]   --->   Operation 193 'specloopname' 'specloopname_ln276' <Predicate = true> <Delay = 0.00>
ST_22 : Operation 194 [1/2] (0.74ns)   --->   "%local_A_ping_V_0_load = load i3 %local_A_ping_V_0_addr" [./dut.cpp:281]   --->   Operation 194 'load' 'local_A_ping_V_0_load' <Predicate = true> <Delay = 0.74> <CoreInst = "RAM">   --->   Core 83 'RAM' <Latency = 1> <II = 1> <Delay = 0.74> <Storage> <Opcode : 'load' 'store'> <Ports = 2> <Width = 512> <Depth = 8> <RAM>
ST_22 : Operation 195 [1/1] (1.21ns)   --->   "%write_ln174 = write void @_ssdm_op_Write.ap_fifo.volatile.i512P0A, i512 %fifo_A_PE_0_0_x020, i512 %local_A_ping_V_0_load" [/home/rcslfpgaserver/Softwares/Xilinx/Vitis_HLS/2020.2/common/technology/autopilot/hls_stream_39.h:174]   --->   Operation 195 'write' 'write_ln174' <Predicate = true> <Delay = 1.21> <CoreInst = "FIFO_SRL">   --->   Core 81 'FIFO_SRL' <Latency = 0> <II = 1> <Delay = 1.41> <Storage> <Opcode : 'read' 'write' 'nbread' 'nbwrite'> <Ports = 0> <Width = 512> <Depth = 2> <FIFO>
ST_22 : Operation 196 [1/1] (0.00ns)   --->   "%br_ln0 = br void"   --->   Operation 196 'br' 'br_ln0' <Predicate = true> <Delay = 0.00>


============================================================
+ Verbose Summary: Timing violations
============================================================
Target clock period: 3.33ns, clock uncertainty: 0.9ns.

 <State 1>: 0.387ns
The critical path consists of the following:
	multiplexor before 'phi' operation ('c0.V') with incoming values : ('add_ln691') [14]  (0.387 ns)

 <State 2>: 0.707ns
The critical path consists of the following:
	'phi' operation ('c0.V') with incoming values : ('add_ln691') [14]  (0 ns)
	'add' operation ('add_ln691') [16]  (0.707 ns)

 <State 3>: 0.707ns
The critical path consists of the following:
	'phi' operation ('c1.V') with incoming values : ('add_ln691_2423') [24]  (0 ns)
	'add' operation ('add_ln691_2423') [26]  (0.707 ns)

 <State 4>: 0.706ns
The critical path consists of the following:
	'phi' operation ('c2.V') with incoming values : ('add_ln691_2428') [34]  (0 ns)
	'add' operation ('add_ln691_2428') [37]  (0.706 ns)

 <State 5>: 0.778ns
The critical path consists of the following:
	'phi' operation ('c3.V') with incoming values : ('add_ln691_2430') [47]  (0 ns)
	'add' operation ('add_ln691_2430') [48]  (0.708 ns)
	blocking operation 0.07 ns on control path)

 <State 6>: 0.708ns
The critical path consists of the following:
	'phi' operation ('c4.V') with incoming values : ('add_ln691_2427') [59]  (0 ns)
	'add' operation ('add_ln691_2427') [60]  (0.708 ns)

 <State 7>: 2.43ns
The critical path consists of the following:
	fifo read on port 'fifo_A_A_IO_L2_in_0_x04' (/home/rcslfpgaserver/Softwares/Xilinx/Vitis_HLS/2020.2/common/technology/autopilot/hls_stream_39.h:145) [66]  (1.22 ns)
	fifo write on port 'fifo_A_A_IO_L2_in_1_x05' (/home/rcslfpgaserver/Softwares/Xilinx/Vitis_HLS/2020.2/common/technology/autopilot/hls_stream_39.h:174) [67]  (1.22 ns)

 <State 8>: 0.708ns
The critical path consists of the following:
	'phi' operation ('c4.V') with incoming values : ('add_ln691_2426') [74]  (0 ns)
	'add' operation ('add_ln691_2426') [75]  (0.708 ns)

 <State 9>: 1.96ns
The critical path consists of the following:
	fifo read on port 'fifo_A_A_IO_L2_in_0_x04' (/home/rcslfpgaserver/Softwares/Xilinx/Vitis_HLS/2020.2/common/technology/autopilot/hls_stream_39.h:145) [82]  (1.22 ns)
	'store' operation ('store_ln190', ./dut.cpp:190) of variable 'tmp', /home/rcslfpgaserver/Softwares/Xilinx/Vitis_HLS/2020.2/common/technology/autopilot/hls_stream_39.h:145 on array 'local_A_pong.V[0]', ./dut.cpp:161 [84]  (0.746 ns)

 <State 10>: 0.708ns
The critical path consists of the following:
	'phi' operation ('c6.V') with incoming values : ('add_ln691_2431') [171]  (0 ns)
	'add' operation ('add_ln691_2431') [172]  (0.708 ns)

 <State 11>: 0.746ns
The critical path consists of the following:
	'phi' operation ('c7.V') with incoming values : ('add_ln691_2434') [104]  (0 ns)
	'getelementptr' operation ('local_A_ping_V_0_addr_32', ./dut.cpp:214) [112]  (0 ns)
	'load' operation ('local_A_ping_V_0_load_16', ./dut.cpp:214) on array 'local_A_ping.V[0]', ./dut.cpp:159 [113]  (0.746 ns)

 <State 12>: 1.96ns
The critical path consists of the following:
	'load' operation ('local_A_ping_V_0_load_16', ./dut.cpp:214) on array 'local_A_ping.V[0]', ./dut.cpp:159 [113]  (0.746 ns)
	fifo write on port 'fifo_A_PE_0_0_x020' (/home/rcslfpgaserver/Softwares/Xilinx/Vitis_HLS/2020.2/common/technology/autopilot/hls_stream_39.h:174) [114]  (1.22 ns)

 <State 13>: 0.778ns
The critical path consists of the following:
	'phi' operation ('c3.V') with incoming values : ('add_ln691_2429') [123]  (0 ns)
	'add' operation ('add_ln691_2429') [124]  (0.708 ns)
	blocking operation 0.07 ns on control path)

 <State 14>: 0.708ns
The critical path consists of the following:
	'phi' operation ('c4.V') with incoming values : ('add_ln691_2425') [135]  (0 ns)
	'add' operation ('add_ln691_2425') [136]  (0.708 ns)

 <State 15>: 2.43ns
The critical path consists of the following:
	fifo read on port 'fifo_A_A_IO_L2_in_0_x04' (/home/rcslfpgaserver/Softwares/Xilinx/Vitis_HLS/2020.2/common/technology/autopilot/hls_stream_39.h:145) [142]  (1.22 ns)
	fifo write on port 'fifo_A_A_IO_L2_in_1_x05' (/home/rcslfpgaserver/Softwares/Xilinx/Vitis_HLS/2020.2/common/technology/autopilot/hls_stream_39.h:174) [143]  (1.22 ns)

 <State 16>: 0.708ns
The critical path consists of the following:
	'phi' operation ('c4.V') with incoming values : ('add_ln691_2424') [150]  (0 ns)
	'add' operation ('add_ln691_2424') [151]  (0.708 ns)

 <State 17>: 1.96ns
The critical path consists of the following:
	fifo read on port 'fifo_A_A_IO_L2_in_0_x04' (/home/rcslfpgaserver/Softwares/Xilinx/Vitis_HLS/2020.2/common/technology/autopilot/hls_stream_39.h:145) [158]  (1.22 ns)
	'store' operation ('store_ln233', ./dut.cpp:233) of variable 'tmp', /home/rcslfpgaserver/Softwares/Xilinx/Vitis_HLS/2020.2/common/technology/autopilot/hls_stream_39.h:145 on array 'local_A_ping.V[0]', ./dut.cpp:159 [160]  (0.746 ns)

 <State 18>: 0.746ns
The critical path consists of the following:
	'phi' operation ('c7.V') with incoming values : ('add_ln691_2432') [180]  (0 ns)
	'getelementptr' operation ('local_A_pong_V_0_addr_16', ./dut.cpp:257) [188]  (0 ns)
	'load' operation ('local_A_pong_V_0_load', ./dut.cpp:257) on array 'local_A_pong.V[0]', ./dut.cpp:161 [189]  (0.746 ns)

 <State 19>: 1.96ns
The critical path consists of the following:
	'load' operation ('local_A_pong_V_0_load', ./dut.cpp:257) on array 'local_A_pong.V[0]', ./dut.cpp:161 [189]  (0.746 ns)
	fifo write on port 'fifo_A_PE_0_0_x020' (/home/rcslfpgaserver/Softwares/Xilinx/Vitis_HLS/2020.2/common/technology/autopilot/hls_stream_39.h:174) [190]  (1.22 ns)

 <State 20>: 0.708ns
The critical path consists of the following:
	'phi' operation ('c6.V') with incoming values : ('add_ln691_2421') [206]  (0 ns)
	'add' operation ('add_ln691_2421') [207]  (0.708 ns)

 <State 21>: 0.746ns
The critical path consists of the following:
	'phi' operation ('c7.V') with incoming values : ('add_ln691_2422') [215]  (0 ns)
	'getelementptr' operation ('local_A_ping_V_0_addr', ./dut.cpp:281) [223]  (0 ns)
	'load' operation ('local_A_ping_V_0_load', ./dut.cpp:281) on array 'local_A_ping.V[0]', ./dut.cpp:159 [224]  (0.746 ns)

 <State 22>: 1.96ns
The critical path consists of the following:
	'load' operation ('local_A_ping_V_0_load', ./dut.cpp:281) on array 'local_A_ping.V[0]', ./dut.cpp:159 [224]  (0.746 ns)
	fifo write on port 'fifo_A_PE_0_0_x020' (/home/rcslfpgaserver/Softwares/Xilinx/Vitis_HLS/2020.2/common/technology/autopilot/hls_stream_39.h:174) [225]  (1.22 ns)


============================================================
+ Verbose Summary: Binding
============================================================
N/A
* FSMD analyzer results:
  - Output states:
 - Input state : 
  - Chain level:
	State 1
	State 2
	State 3
	State 4
	State 5
	State 6
	State 7
	State 8
	State 9
	State 10
	State 11
	State 12
	State 13
	State 14
	State 15
	State 16
	State 17
	State 18
	State 19
	State 20
	State 21
	State 22


============================================================
+ Verbose Summary: Datapath Resource usage 
============================================================
N/A
