

================================================================
== Vitis HLS Report for 'B_IO_L2_in_boundary_x1'
================================================================
* Date:           Thu Sep 15 03:13:23 2022

* Version:        2020.2 (Build 3064766 on Wed Nov 18 09:12:47 MST 2020)
* Project:        top
* Solution:       solution (Vitis Kernel Flow Target)
* Product family: virtexuplus
* Target device:  xcu250-figd2104-2L-e


================================================================
== Performance Estimates
================================================================
+ Timing: 
    * Summary: 
    +--------+---------+----------+------------+
    |  Clock |  Target | Estimated| Uncertainty|
    +--------+---------+----------+------------+
    |ap_clk  |  3.33 ns|  1.963 ns|     0.90 ns|
    +--------+---------+----------+------------+

+ Latency: 
    * Summary: 
    +---------+-----------+----------+-----------+--------+-----------+---------+
    |   Latency (cycles)  |  Latency (absolute)  |      Interval      | Pipeline|
    |   min   |    max    |    min   |    max    |   min  |    max    |   Type  |
    +---------+-----------+----------+-----------+--------+-----------+---------+
    |   157888|  255379648|  0.526 ms|  0.851 sec|  157888|  255379648|     none|
    +---------+-----------+----------+-----------+--------+-----------+---------+

    + Detail: 
        * Instance: 
        N/A

        * Loop: 
        +-----------------------------------------------+---------+-----------+-----------------+-----------+-----------+------+----------+
        |                                               |   Latency (cycles)  |    Iteration    |  Initiation Interval  | Trip |          |
        |                   Loop Name                   |   min   |    max    |     Latency     |  achieved |   target  | Count| Pipelined|
        +-----------------------------------------------+---------+-----------+-----------------+-----------+-----------+------+----------+
        |- B_IO_L2_in_boundary_x1_loop_1                |     9272|  255231032|  2318 ~ 63807758|          -|          -|     4|        no|
        | + B_IO_L2_in_boundary_x1_loop_2               |     2316|   63807756|   386 ~ 10634626|          -|          -|     6|        no|
        |  ++ B_IO_L2_in_boundary_x1_loop_3             |      384|   10634624|        3 ~ 83083|          -|          -|   128|        no|
        |   +++ B_IO_L2_in_boundary_x1_loop_5           |        2|          2|                1|          -|          -|     2|        no|
        |   +++ B_IO_L2_in_boundary_x1_loop_6           |    83078|      83078|            41539|          -|          -|     2|        no|
        |    ++++ B_IO_L2_in_boundary_x1_loop_7         |    41536|      41536|             1298|          -|          -|    32|        no|
        |     +++++ B_IO_L2_in_boundary_x1_loop_8       |     1296|       1296|              162|          -|          -|     8|        no|
        |      ++++++ B_IO_L2_in_boundary_x1_loop_9     |      160|        160|               10|          -|          -|    16|        no|
        |       +++++++ B_IO_L2_in_boundary_x1_loop_10  |        8|          8|                1|          -|          -|     8|        no|
        |   +++ B_IO_L2_in_boundary_x1_loop_12          |        2|          2|                1|          -|          -|     2|        no|
        |   +++ B_IO_L2_in_boundary_x1_loop_13          |    83078|      83078|            41539|          -|          -|     2|        no|
        |    ++++ B_IO_L2_in_boundary_x1_loop_14        |    41536|      41536|             1298|          -|          -|    32|        no|
        |     +++++ B_IO_L2_in_boundary_x1_loop_15      |     1296|       1296|              162|          -|          -|     8|        no|
        |      ++++++ B_IO_L2_in_boundary_x1_loop_16    |      160|        160|               10|          -|          -|    16|        no|
        |       +++++++ B_IO_L2_in_boundary_x1_loop_17  |        8|          8|                1|          -|          -|     8|        no|
        |- B_IO_L2_in_boundary_x1_loop_18               |   148614|     148614|            74307|          -|          -|     2|        no|
        | + B_IO_L2_in_boundary_x1_loop_19              |    74304|      74304|             2322|          -|          -|    32|        no|
        |  ++ B_IO_L2_in_boundary_x1_loop_20            |     2320|       2320|              290|          -|          -|     8|        no|
        |   +++ B_IO_L2_in_boundary_x1_loop_21          |      288|        288|               18|          -|          -|    16|        no|
        |    ++++ B_IO_L2_in_boundary_x1_loop_22        |       16|         16|                2|          -|          -|     8|        no|
        +-----------------------------------------------+---------+-----------+-----------------+-----------+-----------+------+----------+



================================================================
== Utilization Estimates
================================================================
* Summary: 
+---------------------+---------+-------+---------+---------+------+
|         Name        | BRAM_18K|  DSP  |    FF   |   LUT   | URAM |
+---------------------+---------+-------+---------+---------+------+
|DSP                  |        -|      -|        -|        -|     -|
|Expression           |        -|      -|        0|      458|     -|
|FIFO                 |        -|      -|        -|        -|     -|
|Instance             |        -|      -|        0|      129|     -|
|Memory               |        0|      -|      512|      514|     -|
|Multiplexer          |        -|      -|        -|      438|     -|
|Register             |        -|      -|     2237|        -|     -|
+---------------------+---------+-------+---------+---------+------+
|Total                |        0|      0|     2749|     1539|     0|
+---------------------+---------+-------+---------+---------+------+
|Available SLR        |     1344|   3072|   864000|   432000|   320|
+---------------------+---------+-------+---------+---------+------+
|Utilization SLR (%)  |        0|      0|       ~0|       ~0|     0|
+---------------------+---------+-------+---------+---------+------+
|Available            |     5376|  12288|  3456000|  1728000|  1280|
+---------------------+---------+-------+---------+---------+------+
|Utilization (%)      |        0|      0|       ~0|       ~0|     0|
+---------------------+---------+-------+---------+---------+------+

+ Detail: 
    * Instance: 
    +--------------------+---------------+---------+----+---+----+-----+
    |      Instance      |     Module    | BRAM_18K| DSP| FF| LUT| URAM|
    +--------------------+---------------+---------+----+---+----+-----+
    |mux_83_32_1_1_U903  |mux_83_32_1_1  |        0|   0|  0|  43|    0|
    |mux_83_32_1_1_U904  |mux_83_32_1_1  |        0|   0|  0|  43|    0|
    |mux_83_32_1_1_U905  |mux_83_32_1_1  |        0|   0|  0|  43|    0|
    +--------------------+---------------+---------+----+---+----+-----+
    |Total               |               |        0|   0|  0| 129|    0|
    +--------------------+---------------+---------+----+---+----+-----+

    * DSP: 
    N/A

    * Memory: 
    +--------------------+----------------------------------+---------+-----+-----+-----+------+-----+------+-------------+
    |       Memory       |              Module              | BRAM_18K|  FF | LUT | URAM| Words| Bits| Banks| W*Bits*Banks|
    +--------------------+----------------------------------+---------+-----+-----+-----+------+-----+------+-------------+
    |local_B_ping_V_0_U  |B_IO_L2_in_0_x0_local_B_ping_V_0  |        0|  256|  257|    0|     2|  256|     1|          512|
    |local_B_pong_V_0_U  |B_IO_L2_in_0_x0_local_B_ping_V_0  |        0|  256|  257|    0|     2|  256|     1|          512|
    +--------------------+----------------------------------+---------+-----+-----+-----+------+-----+------+-------------+
    |Total               |                                  |        0|  512|  514|    0|     4|  512|     2|         1024|
    +--------------------+----------------------------------+---------+-----+-----+-----+------+-----+------+-------------+

    * FIFO: 
    N/A

    * Expression: 
    +---------------------------------+----------+----+---+----+------------+------------+
    |          Variable Name          | Operation| DSP| FF| LUT| Bitwidth P0| Bitwidth P1|
    +---------------------------------+----------+----+---+----+------------+------------+
    |add_ln691_1977_fu_1070_p2        |         +|   0|  0|   9|           2|           1|
    |add_ln691_1978_fu_632_p2         |         +|   0|  0|  10|           3|           1|
    |add_ln691_1979_fu_1087_p2        |         +|   0|  0|  13|           6|           1|
    |add_ln691_1980_fu_1099_p2        |         +|   0|  0|  12|           4|           1|
    |add_ln691_1981_fu_893_p2         |         +|   0|  0|   9|           2|           1|
    |add_ln691_1982_fu_676_p2         |         +|   0|  0|   9|           2|           1|
    |add_ln691_1983_fu_1115_p2        |         +|   0|  0|  12|           5|           1|
    |add_ln691_1984_fu_1127_p2        |         +|   0|  0|  12|           4|           1|
    |add_ln691_1986_fu_710_p2         |         +|   0|  0|   9|           2|           1|
    |add_ln691_1987_fu_693_p2         |         +|   0|  0|   9|           2|           1|
    |add_ln691_1988_fu_910_p2         |         +|   0|  0|  13|           6|           1|
    |add_ln691_1989_fu_733_p2         |         +|   0|  0|  13|           6|           1|
    |add_ln691_1990_fu_922_p2         |         +|   0|  0|  12|           4|           1|
    |add_ln691_1991_fu_745_p2         |         +|   0|  0|  12|           4|           1|
    |add_ln691_1992_fu_938_p2         |         +|   0|  0|  12|           5|           1|
    |add_ln691_1993_fu_950_p2         |         +|   0|  0|  12|           4|           1|
    |add_ln691_1994_fu_761_p2         |         +|   0|  0|  12|           5|           1|
    |add_ln691_1995_fu_773_p2         |         +|   0|  0|  12|           4|           1|
    |add_ln691_fu_620_p2              |         +|   0|  0|  10|           3|           1|
    |c2_V_179_fu_664_p2               |         +|   0|  0|  15|           8|           1|
    |add_i_i579_cast_fu_652_p2        |         -|   0|  0|  13|           6|           6|
    |ap_block_state11                 |       and|   0|  0|   2|           1|           1|
    |ap_block_state12                 |       and|   0|  0|   2|           1|           1|
    |ap_block_state17                 |       and|   0|  0|   2|           1|           1|
    |ap_block_state23                 |       and|   0|  0|   2|           1|           1|
    |ap_block_state5                  |       and|   0|  0|   2|           1|           1|
    |ap_condition_920                 |       and|   0|  0|   2|           1|           1|
    |ap_condition_922                 |       and|   0|  0|   2|           1|           1|
    |ap_condition_963                 |       and|   0|  0|   2|           1|           1|
    |ap_condition_969                 |       and|   0|  0|   2|           1|           1|
    |ap_predicate_op200_read_state12  |       and|   0|  0|   2|           1|           1|
    |ap_predicate_op98_read_state5    |       and|   0|  0|   2|           1|           1|
    |cmp_i_i565_fu_658_p2             |      icmp|   0|  0|  10|           6|           3|
    |icmp_ln16841_fu_670_p2           |      icmp|   0|  0|  11|           8|           9|
    |icmp_ln878_100_fu_956_p2         |      icmp|   0|  0|   9|           4|           5|
    |icmp_ln878_101_fu_779_p2         |      icmp|   0|  0|   9|           4|           5|
    |icmp_ln878_fu_1133_p2            |      icmp|   0|  0|   9|           4|           5|
    |icmp_ln890_1709_fu_1081_p2       |      icmp|   0|  0|   8|           2|           3|
    |icmp_ln890_1710_fu_638_p2        |      icmp|   0|  0|   8|           3|           3|
    |icmp_ln890_1711_fu_1093_p2       |      icmp|   0|  0|  10|           6|           7|
    |icmp_ln890_1712_fu_1105_p2       |      icmp|   0|  0|   9|           4|           5|
    |icmp_ln890_1713_fu_1121_p2       |      icmp|   0|  0|  10|           5|           6|
    |icmp_ln890_1714_fu_904_p2        |      icmp|   0|  0|   8|           2|           3|
    |icmp_ln890_1715_fu_687_p2        |      icmp|   0|  0|   8|           2|           3|
    |icmp_ln890_1716_fu_721_p2        |      icmp|   0|  0|   8|           2|           3|
    |icmp_ln890_1717_fu_704_p2        |      icmp|   0|  0|   8|           2|           3|
    |icmp_ln890_1718_fu_916_p2        |      icmp|   0|  0|  10|           6|           7|
    |icmp_ln890_1719_fu_739_p2        |      icmp|   0|  0|  10|           6|           7|
    |icmp_ln890_1720_fu_928_p2        |      icmp|   0|  0|   9|           4|           5|
    |icmp_ln890_1721_fu_751_p2        |      icmp|   0|  0|   9|           4|           5|
    |icmp_ln890_1722_fu_944_p2        |      icmp|   0|  0|  10|           5|           6|
    |icmp_ln890_1723_fu_767_p2        |      icmp|   0|  0|  10|           5|           6|
    |icmp_ln890_fu_626_p2             |      icmp|   0|  0|   9|           3|           4|
    |ap_block_state1                  |        or|   0|  0|   2|           1|           1|
    |arb_fu_727_p2                    |       xor|   0|  0|   2|           1|           2|
    +---------------------------------+----------+----+---+----+------------+------------+
    |Total                            |          |   0|  0| 458|         187|         143|
    +---------------------------------+----------+----+---+----+------------+------------+

    * Multiplexer: 
    +--------------------------------+-----+-----------+-----+-----------+
    |              Name              | LUT | Input Size| Bits| Total Bits|
    +--------------------------------+-----+-----------+-----+-----------+
    |ap_NS_fsm                       |  123|         25|    1|         25|
    |ap_done                         |    9|          2|    1|          2|
    |arb_17_reg_376                  |    9|          2|    1|          2|
    |c0_V_reg_314                    |    9|          2|    3|          6|
    |c1_V_reg_339                    |    9|          2|    3|          6|
    |c2_V_reg_388                    |    9|          2|    8|         16|
    |c4_V_59_reg_399                 |    9|          2|    2|          4|
    |c4_V_reg_485                    |    9|          2|    2|          4|
    |c5_V_155_reg_421                |    9|          2|    2|          4|
    |c5_V_156_reg_410                |    9|          2|    2|          4|
    |c5_V_reg_549                    |    9|          2|    2|          4|
    |c6_V_159_reg_496                |    9|          2|    6|         12|
    |c6_V_160_reg_432                |    9|          2|    6|         12|
    |c6_V_reg_560                    |    9|          2|    6|         12|
    |c7_V_97_reg_507                 |    9|          2|    4|          8|
    |c7_V_98_reg_443                 |    9|          2|    4|          8|
    |c7_V_reg_571                    |    9|          2|    4|          8|
    |c8_V_33_reg_518                 |    9|          2|    5|         10|
    |c8_V_34_reg_454                 |    9|          2|    5|         10|
    |c8_V_reg_582                    |    9|          2|    5|         10|
    |fifo_B_B_IO_L2_in_7_x116_blk_n  |    9|          2|    1|          2|
    |fifo_B_PE_0_7_x196_blk_n        |    9|          2|    1|          2|
    |fifo_B_PE_0_7_x196_din          |   20|          4|   32|        128|
    |intra_trans_en_17_reg_350       |    9|          2|    1|          2|
    |intra_trans_en_18_reg_363       |    9|          2|    1|          2|
    |local_B_ping_V_0_address0       |   20|          4|    1|          4|
    |local_B_pong_V_0_address0       |   14|          3|    1|          3|
    |n_V_97_reg_529                  |    9|          2|    4|          8|
    |n_V_98_reg_465                  |    9|          2|    4|          8|
    |n_V_reg_593                     |    9|          2|    4|          8|
    |p_Val2_131_reg_540              |    9|          2|  256|        512|
    |p_Val2_132_reg_604              |    9|          2|  256|        512|
    |p_Val2_s_reg_476                |    9|          2|  256|        512|
    +--------------------------------+-----+-----------+-----+-----------+
    |Total                           |  438|         94|  890|       1870|
    +--------------------------------+-----+-----------+-----+-----------+

    * Register: 
    +---------------------------+-----+----+-----+-----------+
    |            Name           |  FF | LUT| Bits| Const Bits|
    +---------------------------+-----+----+-----+-----------+
    |add_ln691_1977_reg_1561    |    2|   0|    2|          0|
    |add_ln691_1978_reg_1399    |    3|   0|    3|          0|
    |add_ln691_1979_reg_1574    |    6|   0|    6|          0|
    |add_ln691_1980_reg_1582    |    4|   0|    4|          0|
    |add_ln691_1983_reg_1595    |    5|   0|    5|          0|
    |add_ln691_1984_reg_1603    |    4|   0|    4|          0|
    |add_ln691_1986_reg_1440    |    2|   0|    2|          0|
    |add_ln691_1987_reg_1427    |    2|   0|    2|          0|
    |add_ln691_1988_reg_1516    |    6|   0|    6|          0|
    |add_ln691_1989_reg_1458    |    6|   0|    6|          0|
    |add_ln691_1990_reg_1524    |    4|   0|    4|          0|
    |add_ln691_1991_reg_1466    |    4|   0|    4|          0|
    |add_ln691_1992_reg_1537    |    5|   0|    5|          0|
    |add_ln691_1994_reg_1479    |    5|   0|    5|          0|
    |add_ln691_reg_1343         |    3|   0|    3|          0|
    |ap_CS_fsm                  |   24|   0|   24|          0|
    |ap_done_reg                |    1|   0|    1|          0|
    |arb_17_reg_376             |    1|   0|    1|          0|
    |c0_V_reg_314               |    3|   0|    3|          0|
    |c1_V_reg_339               |    3|   0|    3|          0|
    |c2_V_179_reg_1411          |    8|   0|    8|          0|
    |c2_V_reg_388               |    8|   0|    8|          0|
    |c4_V_59_reg_399            |    2|   0|    2|          0|
    |c4_V_reg_485               |    2|   0|    2|          0|
    |c5_V_155_reg_421           |    2|   0|    2|          0|
    |c5_V_156_reg_410           |    2|   0|    2|          0|
    |c5_V_reg_549               |    2|   0|    2|          0|
    |c6_V_159_reg_496           |    6|   0|    6|          0|
    |c6_V_160_reg_432           |    6|   0|    6|          0|
    |c6_V_reg_560               |    6|   0|    6|          0|
    |c7_V_97_reg_507            |    4|   0|    4|          0|
    |c7_V_98_reg_443            |    4|   0|    4|          0|
    |c7_V_reg_571               |    4|   0|    4|          0|
    |c8_V_33_reg_518            |    5|   0|    5|          0|
    |c8_V_34_reg_454            |    5|   0|    5|          0|
    |c8_V_reg_582               |    5|   0|    5|          0|
    |cmp_i_i565_reg_1407        |    1|   0|    1|          0|
    |data_split_V_7_10_fu_190   |   32|   0|   32|          0|
    |data_split_V_7_11_fu_194   |   32|   0|   32|          0|
    |data_split_V_7_12_fu_198   |   32|   0|   32|          0|
    |data_split_V_7_13_fu_202   |   32|   0|   32|          0|
    |data_split_V_7_14_fu_206   |   32|   0|   32|          0|
    |data_split_V_7_15_fu_210   |   32|   0|   32|          0|
    |data_split_V_7_16_fu_222   |   32|   0|   32|          0|
    |data_split_V_7_17_fu_226   |   32|   0|   32|          0|
    |data_split_V_7_18_fu_230   |   32|   0|   32|          0|
    |data_split_V_7_19_fu_234   |   32|   0|   32|          0|
    |data_split_V_7_1_fu_154    |   32|   0|   32|          0|
    |data_split_V_7_20_fu_238   |   32|   0|   32|          0|
    |data_split_V_7_21_fu_242   |   32|   0|   32|          0|
    |data_split_V_7_22_fu_246   |   32|   0|   32|          0|
    |data_split_V_7_23_fu_250   |   32|   0|   32|          0|
    |data_split_V_7_2_fu_158    |   32|   0|   32|          0|
    |data_split_V_7_3_fu_162    |   32|   0|   32|          0|
    |data_split_V_7_4_fu_166    |   32|   0|   32|          0|
    |data_split_V_7_5_fu_170    |   32|   0|   32|          0|
    |data_split_V_7_6_fu_174    |   32|   0|   32|          0|
    |data_split_V_7_7_fu_178    |   32|   0|   32|          0|
    |data_split_V_7_8_fu_182    |   32|   0|   32|          0|
    |data_split_V_7_9_fu_186    |   32|   0|   32|          0|
    |data_split_V_7_fu_150      |   32|   0|   32|          0|
    |empty_3652_reg_1532        |    3|   0|    3|          0|
    |empty_3653_reg_1590        |    3|   0|    3|          0|
    |empty_reg_1474             |    3|   0|    3|          0|
    |in_data_V_131_reg_1511     |  256|   0|  256|          0|
    |intra_trans_en_17_reg_350  |    1|   0|    1|          0|
    |intra_trans_en_18_reg_363  |    1|   0|    1|          0|
    |intra_trans_en_reg_325     |    1|   0|    1|          0|
    |n_V_97_reg_529             |    4|   0|    4|          0|
    |n_V_98_reg_465             |    4|   0|    4|          0|
    |n_V_reg_593                |    4|   0|    4|          0|
    |p_Val2_131_reg_540         |  256|   0|  256|          0|
    |p_Val2_132_reg_604         |  256|   0|  256|          0|
    |p_Val2_s_reg_476           |  256|   0|  256|          0|
    |reg_614                    |  256|   0|  256|          0|
    +---------------------------+-----+----+-----+-----------+
    |Total                      | 2237|   0| 2237|          0|
    +---------------------------+-----+----+-----+-----------+



================================================================
== Interface
================================================================
* Summary: 
+----------------------------------+-----+-----+------------+--------------------------+--------------+
|             RTL Ports            | Dir | Bits|  Protocol  |       Source Object      |    C Type    |
+----------------------------------+-----+-----+------------+--------------------------+--------------+
|ap_clk                            |   in|    1|  ap_ctrl_hs|    B_IO_L2_in_boundary_x1|  return value|
|ap_rst                            |   in|    1|  ap_ctrl_hs|    B_IO_L2_in_boundary_x1|  return value|
|ap_start                          |   in|    1|  ap_ctrl_hs|    B_IO_L2_in_boundary_x1|  return value|
|ap_done                           |  out|    1|  ap_ctrl_hs|    B_IO_L2_in_boundary_x1|  return value|
|ap_continue                       |   in|    1|  ap_ctrl_hs|    B_IO_L2_in_boundary_x1|  return value|
|ap_idle                           |  out|    1|  ap_ctrl_hs|    B_IO_L2_in_boundary_x1|  return value|
|ap_ready                          |  out|    1|  ap_ctrl_hs|    B_IO_L2_in_boundary_x1|  return value|
|fifo_B_B_IO_L2_in_7_x116_dout     |   in|  256|     ap_fifo|  fifo_B_B_IO_L2_in_7_x116|       pointer|
|fifo_B_B_IO_L2_in_7_x116_empty_n  |   in|    1|     ap_fifo|  fifo_B_B_IO_L2_in_7_x116|       pointer|
|fifo_B_B_IO_L2_in_7_x116_read     |  out|    1|     ap_fifo|  fifo_B_B_IO_L2_in_7_x116|       pointer|
|fifo_B_PE_0_7_x196_din            |  out|   32|     ap_fifo|        fifo_B_PE_0_7_x196|       pointer|
|fifo_B_PE_0_7_x196_full_n         |   in|    1|     ap_fifo|        fifo_B_PE_0_7_x196|       pointer|
|fifo_B_PE_0_7_x196_write          |  out|    1|     ap_fifo|        fifo_B_PE_0_7_x196|       pointer|
+----------------------------------+-----+-----+------------+--------------------------+--------------+

