

================================================================
== Vitis HLS Report for 'B_IO_L2_in_3_x1'
================================================================
* Date:           Fri Sep 16 22:19:58 2022

* Version:        2020.2 (Build 3064766 on Wed Nov 18 09:12:47 MST 2020)
* Project:        top
* Solution:       solution (Vitis Kernel Flow Target)
* Product family: virtexuplus
* Target device:  xcu250-figd2104-2L-e


================================================================
== Performance Estimates
================================================================
+ Timing: 
    * Summary: 
    +--------+---------+----------+------------+
    |  Clock |  Target | Estimated| Uncertainty|
    +--------+---------+----------+------------+
    |ap_clk  |  3.33 ns|  2.433 ns|     0.90 ns|
    +--------+---------+----------+------------+

+ Latency: 
    * Summary: 
    +---------+---------+----------+----------+--------+---------+---------+
    |  Latency (cycles) |  Latency (absolute) |     Interval     | Pipeline|
    |   min   |   max   |    min   |    max   |   min  |   max   |   Type  |
    +---------+---------+----------+----------+--------+---------+---------+
    |   803450|  1524346|  2.678 ms|  5.081 ms|  803450|  1524346|     none|
    +---------+---------+----------+----------+--------+---------+---------+

    + Detail: 
        * Instance: 
        N/A

        * Loop: 
        +----------------------------------+---------+---------+---------------+-----------+-----------+------+----------+
        |                                  |  Latency (cycles) |   Iteration   |  Initiation Interval  | Trip |          |
        |             Loop Name            |   min   |   max   |    Latency    |  achieved |   target  | Count| Pipelined|
        +----------------------------------+---------+---------+---------------+-----------+-----------+------+----------+
        |- B_IO_L2_in_3_x1_loop_1          |   803360|  1524256|  50210 ~ 95266|          -|          -|    16|        no|
        | + B_IO_L2_in_3_x1_loop_2         |    50208|    95264|    3138 ~ 5954|          -|          -|    16|        no|
        |  ++ B_IO_L2_in_3_x1_loop_3       |     3136|     5952|       98 ~ 186|          -|          -|    32|        no|
        |   +++ B_IO_L2_in_3_x1_loop_4     |       95|       95|             19|          -|          -|     5|        no|
        |    ++++ B_IO_L2_in_3_x1_loop_5   |       17|       17|              2|          -|          -|     8|        no|
        |    ++++ B_IO_L2_in_3_x1_loop_6   |       16|       16|              2|          -|          -|     8|        no|
        |   +++ B_IO_L2_in_3_x1_loop_7     |       88|       88|             11|          -|          -|     8|        no|
        |    ++++ B_IO_L2_in_3_x1_loop_8   |        8|        8|              1|          -|          -|     8|        no|
        |   +++ B_IO_L2_in_3_x1_loop_9     |       95|       95|             19|          -|          -|     5|        no|
        |    ++++ B_IO_L2_in_3_x1_loop_10  |       17|       17|              2|          -|          -|     8|        no|
        |    ++++ B_IO_L2_in_3_x1_loop_11  |       16|       16|              2|          -|          -|     8|        no|
        |   +++ B_IO_L2_in_3_x1_loop_12    |       88|       88|             11|          -|          -|     8|        no|
        |    ++++ B_IO_L2_in_3_x1_loop_13  |        8|        8|              1|          -|          -|     8|        no|
        |- B_IO_L2_in_3_x1_loop_14         |       88|       88|             11|          -|          -|     8|        no|
        | + B_IO_L2_in_3_x1_loop_15        |        8|        8|              1|          -|          -|     8|        no|
        +----------------------------------+---------+---------+---------------+-----------+-----------+------+----------+

============================================================
+ Verbose Summary: Synthesis Manager
============================================================
InlineROM: 1
ExposeGlobal: 0
============================================================
+ Verbose Summary: CDFG Model
============================================================
IsTopModel: 0
ResetActiveHigh: 1
IsCombinational: 2
IsDatapathOnly: 0
HasWiredReturn: 1
HasMFsm: 0
HasVarLatency: 1
IsPipeline: 0
IsRtlPipelined: 0
IsInstanceOverlapped: 0
IsDontTouch: 0
HasImplIP: 0
IsGatedGlobalClock: 0


============================================================
+ Verbose Summary: Schedule
============================================================
* Number of FSM states : 22
* Pipeline : 0
* Dataflow Pipeline: 0

* FSM state transitions: 
1 --> 2 
2 --> 3 20 
3 --> 4 2 
4 --> 5 13 3 
5 --> 6 8 10 
6 --> 7 9 
7 --> 6 
8 --> 9 
9 --> 8 5 
10 --> 11 18 4 
11 --> 12 
12 --> 12 10 
13 --> 14 16 10 
14 --> 15 17 
15 --> 14 
16 --> 17 
17 --> 16 13 
18 --> 19 
19 --> 19 10 
20 --> 21 
21 --> 22 
22 --> 22 20 

* FSM state operations: 

State 1 <SV = 0> <Delay = 0.38>
ST_1 : Operation 23 [1/1] (0.00ns)   --->   "%specmemcore_ln0 = specmemcore void @_ssdm_op_SpecMemCore, i512 %fifo_B_PE_0_3_x1119, i64 666, i64 10, i64 18446744073709551615"   --->   Operation 23 'specmemcore' 'specmemcore_ln0' <Predicate = true> <Delay = 0.00>
ST_1 : Operation 24 [1/1] (0.00ns)   --->   "%specmemcore_ln0 = specmemcore void @_ssdm_op_SpecMemCore, i512 %fifo_B_B_IO_L2_in_4_x116, i64 666, i64 10, i64 18446744073709551615"   --->   Operation 24 'specmemcore' 'specmemcore_ln0' <Predicate = true> <Delay = 0.00>
ST_1 : Operation 25 [1/1] (0.00ns)   --->   "%specmemcore_ln0 = specmemcore void @_ssdm_op_SpecMemCore, i512 %fifo_B_B_IO_L2_in_3_x115, i64 666, i64 10, i64 18446744073709551615"   --->   Operation 25 'specmemcore' 'specmemcore_ln0' <Predicate = true> <Delay = 0.00>
ST_1 : Operation 26 [1/1] (0.00ns)   --->   "%specinterface_ln0 = specinterface void @_ssdm_op_SpecInterface, i512 %fifo_B_PE_0_3_x1119, void @empty_348, i32 0, i32 0, void @empty_62, i32 0, i32 0, void @empty_62, void @empty_62, void @empty_62, i32 0, i32 0, i32 0, i32 0, void @empty_62, void @empty_62"   --->   Operation 26 'specinterface' 'specinterface_ln0' <Predicate = true> <Delay = 0.00>
ST_1 : Operation 27 [1/1] (0.00ns)   --->   "%specinterface_ln0 = specinterface void @_ssdm_op_SpecInterface, i512 %fifo_B_B_IO_L2_in_4_x116, void @empty_348, i32 0, i32 0, void @empty_62, i32 0, i32 0, void @empty_62, void @empty_62, void @empty_62, i32 0, i32 0, i32 0, i32 0, void @empty_62, void @empty_62"   --->   Operation 27 'specinterface' 'specinterface_ln0' <Predicate = true> <Delay = 0.00>
ST_1 : Operation 28 [1/1] (0.00ns)   --->   "%specinterface_ln0 = specinterface void @_ssdm_op_SpecInterface, i512 %fifo_B_B_IO_L2_in_3_x115, void @empty_348, i32 0, i32 0, void @empty_62, i32 0, i32 0, void @empty_62, void @empty_62, void @empty_62, i32 0, i32 0, i32 0, i32 0, void @empty_62, void @empty_62"   --->   Operation 28 'specinterface' 'specinterface_ln0' <Predicate = true> <Delay = 0.00>
ST_1 : Operation 29 [1/1] (0.00ns)   --->   "%local_B_ping_V_0 = alloca i64 1" [./dut.cpp:22106]   --->   Operation 29 'alloca' 'local_B_ping_V_0' <Predicate = true> <Delay = 0.00> <CoreInst = "RAM">   --->   Core 83 'RAM' <Latency = 1> <II = 1> <Delay = 0.74> <Storage> <Opcode : 'load' 'store'> <Ports = 2> <Width = 512> <Depth = 8> <RAM>
ST_1 : Operation 30 [1/1] (0.00ns)   --->   "%local_B_pong_V_0 = alloca i64 1" [./dut.cpp:22108]   --->   Operation 30 'alloca' 'local_B_pong_V_0' <Predicate = true> <Delay = 0.00> <CoreInst = "RAM">   --->   Core 83 'RAM' <Latency = 1> <II = 1> <Delay = 0.74> <Storage> <Opcode : 'load' 'store'> <Ports = 2> <Width = 512> <Depth = 8> <RAM>
ST_1 : Operation 31 [1/1] (0.38ns)   --->   "%br_ln22119 = br void" [./dut.cpp:22119]   --->   Operation 31 'br' 'br_ln22119' <Predicate = true> <Delay = 0.38>

State 2 <SV = 1> <Delay = 0.70>
ST_2 : Operation 32 [1/1] (0.00ns)   --->   "%c0_V = phi i5 %add_ln691, void, i5 0, void"   --->   Operation 32 'phi' 'c0_V' <Predicate = true> <Delay = 0.00>
ST_2 : Operation 33 [1/1] (0.00ns)   --->   "%intra_trans_en = phi i1 1, void, i1 0, void"   --->   Operation 33 'phi' 'intra_trans_en' <Predicate = true> <Delay = 0.00>
ST_2 : Operation 34 [1/1] (0.70ns)   --->   "%add_ln691 = add i5 %c0_V, i5 1"   --->   Operation 34 'add' 'add_ln691' <Predicate = true> <Delay = 0.70> <CoreInst = "Adder">   --->   Core 1 'Adder' <Latency = 0> <II = 1> <Delay = 0.70> <FuncUnit> <Opcode : 'add' 'sub'> <InPorts = 2> <OutPorts = 1>
ST_2 : Operation 35 [1/1] (0.63ns)   --->   "%icmp_ln890 = icmp_eq  i5 %c0_V, i5 16"   --->   Operation 35 'icmp' 'icmp_ln890' <Predicate = true> <Delay = 0.63> <CoreInst = "Cmp">   --->   Core 9 'Cmp' <Latency = 0> <II = 1> <Delay = 0.65> <FuncUnit> <Opcode : 'icmp'> <InPorts = 2> <OutPorts = 1>
ST_2 : Operation 36 [1/1] (0.00ns)   --->   "%speclooptripcount_ln0 = speclooptripcount void @_ssdm_op_SpecLoopTripCount, i64 16, i64 16, i64 16"   --->   Operation 36 'speclooptripcount' 'speclooptripcount_ln0' <Predicate = true> <Delay = 0.00>
ST_2 : Operation 37 [1/1] (0.00ns)   --->   "%br_ln22119 = br i1 %icmp_ln890, void %.split36, void %.preheader.preheader" [./dut.cpp:22119]   --->   Operation 37 'br' 'br_ln22119' <Predicate = true> <Delay = 0.00>
ST_2 : Operation 38 [1/1] (0.00ns)   --->   "%specloopname_ln22119 = specloopname void @_ssdm_op_SpecLoopName, void @empty_1485" [./dut.cpp:22119]   --->   Operation 38 'specloopname' 'specloopname_ln22119' <Predicate = (!icmp_ln890)> <Delay = 0.00>
ST_2 : Operation 39 [1/1] (0.38ns)   --->   "%br_ln22120 = br void" [./dut.cpp:22120]   --->   Operation 39 'br' 'br_ln22120' <Predicate = (!icmp_ln890)> <Delay = 0.38>
ST_2 : Operation 40 [1/1] (0.38ns)   --->   "%br_ln890 = br void %.preheader"   --->   Operation 40 'br' 'br_ln890' <Predicate = (icmp_ln890)> <Delay = 0.38>

State 3 <SV = 2> <Delay = 0.70>
ST_3 : Operation 41 [1/1] (0.00ns)   --->   "%c1_V = phi i5 %add_ln691_1548, void, i5 0, void %.split36"   --->   Operation 41 'phi' 'c1_V' <Predicate = true> <Delay = 0.00>
ST_3 : Operation 42 [1/1] (0.00ns)   --->   "%intra_trans_en_11 = phi i1 1, void, i1 %intra_trans_en, void %.split36"   --->   Operation 42 'phi' 'intra_trans_en_11' <Predicate = true> <Delay = 0.00>
ST_3 : Operation 43 [1/1] (0.70ns)   --->   "%add_ln691_1548 = add i5 %c1_V, i5 1"   --->   Operation 43 'add' 'add_ln691_1548' <Predicate = true> <Delay = 0.70> <CoreInst = "Adder">   --->   Core 1 'Adder' <Latency = 0> <II = 1> <Delay = 0.70> <FuncUnit> <Opcode : 'add' 'sub'> <InPorts = 2> <OutPorts = 1>
ST_3 : Operation 44 [1/1] (0.63ns)   --->   "%icmp_ln890_1421 = icmp_eq  i5 %c1_V, i5 16"   --->   Operation 44 'icmp' 'icmp_ln890_1421' <Predicate = true> <Delay = 0.63> <CoreInst = "Cmp">   --->   Core 9 'Cmp' <Latency = 0> <II = 1> <Delay = 0.65> <FuncUnit> <Opcode : 'icmp'> <InPorts = 2> <OutPorts = 1>
ST_3 : Operation 45 [1/1] (0.00ns)   --->   "%speclooptripcount_ln0 = speclooptripcount void @_ssdm_op_SpecLoopTripCount, i64 16, i64 16, i64 16"   --->   Operation 45 'speclooptripcount' 'speclooptripcount_ln0' <Predicate = true> <Delay = 0.00>
ST_3 : Operation 46 [1/1] (0.00ns)   --->   "%br_ln22120 = br i1 %icmp_ln890_1421, void %.split34, void" [./dut.cpp:22120]   --->   Operation 46 'br' 'br_ln22120' <Predicate = true> <Delay = 0.00>
ST_3 : Operation 47 [1/1] (0.00ns)   --->   "%specloopname_ln22120 = specloopname void @_ssdm_op_SpecLoopName, void @empty_1486" [./dut.cpp:22120]   --->   Operation 47 'specloopname' 'specloopname_ln22120' <Predicate = (!icmp_ln890_1421)> <Delay = 0.00>
ST_3 : Operation 48 [1/1] (0.38ns)   --->   "%br_ln22121 = br void" [./dut.cpp:22121]   --->   Operation 48 'br' 'br_ln22121' <Predicate = (!icmp_ln890_1421)> <Delay = 0.38>
ST_3 : Operation 49 [1/1] (0.00ns)   --->   "%br_ln0 = br void"   --->   Operation 49 'br' 'br_ln0' <Predicate = (icmp_ln890_1421)> <Delay = 0.00>

State 4 <SV = 3> <Delay = 0.70>
ST_4 : Operation 50 [1/1] (0.00ns)   --->   "%c2_V = phi i6 0, void %.split34, i6 %add_ln691_1553, void %.loopexit436"   --->   Operation 50 'phi' 'c2_V' <Predicate = true> <Delay = 0.00>
ST_4 : Operation 51 [1/1] (0.00ns)   --->   "%intra_trans_en_12 = phi i1 %intra_trans_en_11, void %.split34, i1 1, void %.loopexit436"   --->   Operation 51 'phi' 'intra_trans_en_12' <Predicate = true> <Delay = 0.00>
ST_4 : Operation 52 [1/1] (0.00ns)   --->   "%arb_9 = phi i1 0, void %.split34, i1 %arb, void %.loopexit436"   --->   Operation 52 'phi' 'arb_9' <Predicate = true> <Delay = 0.00>
ST_4 : Operation 53 [1/1] (0.70ns)   --->   "%add_ln691_1553 = add i6 %c2_V, i6 1"   --->   Operation 53 'add' 'add_ln691_1553' <Predicate = true> <Delay = 0.70> <CoreInst = "Adder">   --->   Core 1 'Adder' <Latency = 0> <II = 1> <Delay = 0.70> <FuncUnit> <Opcode : 'add' 'sub'> <InPorts = 2> <OutPorts = 1>
ST_4 : Operation 54 [1/1] (0.61ns)   --->   "%icmp_ln890_1423 = icmp_eq  i6 %c2_V, i6 32"   --->   Operation 54 'icmp' 'icmp_ln890_1423' <Predicate = true> <Delay = 0.61> <CoreInst = "Cmp">   --->   Core 9 'Cmp' <Latency = 0> <II = 1> <Delay = 0.65> <FuncUnit> <Opcode : 'icmp'> <InPorts = 2> <OutPorts = 1>
ST_4 : Operation 55 [1/1] (0.00ns)   --->   "%speclooptripcount_ln0 = speclooptripcount void @_ssdm_op_SpecLoopTripCount, i64 32, i64 32, i64 32"   --->   Operation 55 'speclooptripcount' 'speclooptripcount_ln0' <Predicate = true> <Delay = 0.00>
ST_4 : Operation 56 [1/1] (0.00ns)   --->   "%br_ln22121 = br i1 %icmp_ln890_1423, void %.split32, void" [./dut.cpp:22121]   --->   Operation 56 'br' 'br_ln22121' <Predicate = true> <Delay = 0.00>
ST_4 : Operation 57 [1/1] (0.00ns)   --->   "%specloopname_ln22121 = specloopname void @_ssdm_op_SpecLoopName, void @empty_1487" [./dut.cpp:22121]   --->   Operation 57 'specloopname' 'specloopname_ln22121' <Predicate = (!icmp_ln890_1423)> <Delay = 0.00>
ST_4 : Operation 58 [1/1] (0.00ns)   --->   "%br_ln22125 = br i1 %arb_9, void %.preheader11.preheader, void %.preheader5.preheader" [./dut.cpp:22125]   --->   Operation 58 'br' 'br_ln22125' <Predicate = (!icmp_ln890_1423)> <Delay = 0.00>
ST_4 : Operation 59 [1/1] (0.38ns)   --->   "%br_ln890 = br void %.preheader11"   --->   Operation 59 'br' 'br_ln890' <Predicate = (!icmp_ln890_1423 & !arb_9)> <Delay = 0.38>
ST_4 : Operation 60 [1/1] (0.38ns)   --->   "%br_ln890 = br void %.preheader5"   --->   Operation 60 'br' 'br_ln890' <Predicate = (!icmp_ln890_1423 & arb_9)> <Delay = 0.38>
ST_4 : Operation 61 [1/1] (0.00ns)   --->   "%br_ln0 = br void"   --->   Operation 61 'br' 'br_ln0' <Predicate = (icmp_ln890_1423)> <Delay = 0.00>

State 5 <SV = 4> <Delay = 0.77>
ST_5 : Operation 62 [1/1] (0.00ns)   --->   "%c3_V_4 = phi i4 %add_ln691_1555, void %.loopexit432, i4 3, void %.preheader11.preheader"   --->   Operation 62 'phi' 'c3_V_4' <Predicate = true> <Delay = 0.00>
ST_5 : Operation 63 [1/1] (0.65ns)   --->   "%icmp_ln890_1425 = icmp_eq  i4 %c3_V_4, i4 8"   --->   Operation 63 'icmp' 'icmp_ln890_1425' <Predicate = true> <Delay = 0.65> <CoreInst = "Cmp">   --->   Core 9 'Cmp' <Latency = 0> <II = 1> <Delay = 0.65> <FuncUnit> <Opcode : 'icmp'> <InPorts = 2> <OutPorts = 1>
ST_5 : Operation 64 [1/1] (0.00ns)   --->   "%speclooptripcount_ln0 = speclooptripcount void @_ssdm_op_SpecLoopTripCount, i64 5, i64 5, i64 5"   --->   Operation 64 'speclooptripcount' 'speclooptripcount_ln0' <Predicate = true> <Delay = 0.00>
ST_5 : Operation 65 [1/1] (0.00ns)   --->   "%br_ln22126 = br i1 %icmp_ln890_1425, void %.split26, void" [./dut.cpp:22126]   --->   Operation 65 'br' 'br_ln22126' <Predicate = true> <Delay = 0.00>
ST_5 : Operation 66 [1/1] (0.00ns)   --->   "%specloopname_ln1616 = specloopname void @_ssdm_op_SpecLoopName, void @empty_1939"   --->   Operation 66 'specloopname' 'specloopname_ln1616' <Predicate = (!icmp_ln890_1425)> <Delay = 0.00>
ST_5 : Operation 67 [1/1] (0.65ns)   --->   "%icmp_ln870_4 = icmp_eq  i4 %c3_V_4, i4 3"   --->   Operation 67 'icmp' 'icmp_ln870_4' <Predicate = (!icmp_ln890_1425)> <Delay = 0.65> <CoreInst = "Cmp">   --->   Core 9 'Cmp' <Latency = 0> <II = 1> <Delay = 0.65> <FuncUnit> <Opcode : 'icmp'> <InPorts = 2> <OutPorts = 1>
ST_5 : Operation 68 [1/1] (0.00ns)   --->   "%br_ln22129 = br i1 %icmp_ln870_4, void %.preheader8.preheader, void %.preheader9.preheader" [./dut.cpp:22129]   --->   Operation 68 'br' 'br_ln22129' <Predicate = (!icmp_ln890_1425)> <Delay = 0.00>
ST_5 : Operation 69 [1/1] (0.38ns)   --->   "%br_ln890 = br void %.preheader8"   --->   Operation 69 'br' 'br_ln890' <Predicate = (!icmp_ln890_1425 & !icmp_ln870_4)> <Delay = 0.38>
ST_5 : Operation 70 [1/1] (0.38ns)   --->   "%br_ln890 = br void %.preheader9"   --->   Operation 70 'br' 'br_ln890' <Predicate = (!icmp_ln890_1425 & icmp_ln870_4)> <Delay = 0.38>
ST_5 : Operation 71 [1/1] (0.00ns)   --->   "%br_ln22153 = br i1 %intra_trans_en_12, void %.loopexit436, void %.preheader6.preheader" [./dut.cpp:22153]   --->   Operation 71 'br' 'br_ln22153' <Predicate = (icmp_ln890_1425)> <Delay = 0.00>
ST_5 : Operation 72 [1/1] (0.38ns)   --->   "%br_ln890 = br void %.preheader6"   --->   Operation 72 'br' 'br_ln890' <Predicate = (icmp_ln890_1425 & intra_trans_en_12)> <Delay = 0.38>

State 6 <SV = 5> <Delay = 0.70>
ST_6 : Operation 73 [1/1] (0.00ns)   --->   "%c4_V_28 = phi i4 %add_ln691_1552, void %.split22, i4 0, void %.preheader8.preheader"   --->   Operation 73 'phi' 'c4_V_28' <Predicate = true> <Delay = 0.00>
ST_6 : Operation 74 [1/1] (0.70ns)   --->   "%add_ln691_1552 = add i4 %c4_V_28, i4 1"   --->   Operation 74 'add' 'add_ln691_1552' <Predicate = true> <Delay = 0.70> <CoreInst = "Adder">   --->   Core 1 'Adder' <Latency = 0> <II = 1> <Delay = 0.70> <FuncUnit> <Opcode : 'add' 'sub'> <InPorts = 2> <OutPorts = 1>
ST_6 : Operation 75 [1/1] (0.65ns)   --->   "%icmp_ln890_1431 = icmp_eq  i4 %c4_V_28, i4 8"   --->   Operation 75 'icmp' 'icmp_ln890_1431' <Predicate = true> <Delay = 0.65> <CoreInst = "Cmp">   --->   Core 9 'Cmp' <Latency = 0> <II = 1> <Delay = 0.65> <FuncUnit> <Opcode : 'icmp'> <InPorts = 2> <OutPorts = 1>
ST_6 : Operation 76 [1/1] (0.00ns)   --->   "%speclooptripcount_ln0 = speclooptripcount void @_ssdm_op_SpecLoopTripCount, i64 8, i64 8, i64 8"   --->   Operation 76 'speclooptripcount' 'speclooptripcount_ln0' <Predicate = true> <Delay = 0.00>
ST_6 : Operation 77 [1/1] (0.00ns)   --->   "%br_ln22141 = br i1 %icmp_ln890_1431, void %.split22, void %.loopexit432.loopexit" [./dut.cpp:22141]   --->   Operation 77 'br' 'br_ln22141' <Predicate = true> <Delay = 0.00>
ST_6 : Operation 78 [1/1] (0.00ns)   --->   "%br_ln0 = br void %.loopexit432"   --->   Operation 78 'br' 'br_ln0' <Predicate = (icmp_ln890_1431)> <Delay = 0.00>

State 7 <SV = 6> <Delay = 2.43>
ST_7 : Operation 79 [1/1] (0.00ns)   --->   "%specloopname_ln22141 = specloopname void @_ssdm_op_SpecLoopName, void @empty_1499" [./dut.cpp:22141]   --->   Operation 79 'specloopname' 'specloopname_ln22141' <Predicate = true> <Delay = 0.00>
ST_7 : Operation 80 [1/1] (1.21ns)   --->   "%tmp_210 = read i512 @_ssdm_op_Read.ap_fifo.volatile.i512P0A, i512 %fifo_B_B_IO_L2_in_3_x115" [/home/rcslfpgaserver/Softwares/Xilinx/Vitis_HLS/2020.2/common/technology/autopilot/hls_stream_39.h:145]   --->   Operation 80 'read' 'tmp_210' <Predicate = true> <Delay = 1.21> <CoreInst = "FIFO_SRL">   --->   Core 81 'FIFO_SRL' <Latency = 0> <II = 1> <Delay = 1.41> <Storage> <Opcode : 'read' 'write' 'nbread' 'nbwrite'> <Ports = 0> <Width = 512> <Depth = 2> <FIFO>
ST_7 : Operation 81 [1/1] (1.21ns)   --->   "%write_ln174 = write void @_ssdm_op_Write.ap_fifo.volatile.i512P0A, i512 %fifo_B_B_IO_L2_in_4_x116, i512 %tmp_210" [/home/rcslfpgaserver/Softwares/Xilinx/Vitis_HLS/2020.2/common/technology/autopilot/hls_stream_39.h:174]   --->   Operation 81 'write' 'write_ln174' <Predicate = true> <Delay = 1.21> <CoreInst = "FIFO_SRL">   --->   Core 81 'FIFO_SRL' <Latency = 0> <II = 1> <Delay = 1.41> <Storage> <Opcode : 'read' 'write' 'nbread' 'nbwrite'> <Ports = 0> <Width = 512> <Depth = 2> <FIFO>
ST_7 : Operation 82 [1/1] (0.00ns)   --->   "%br_ln0 = br void %.preheader8"   --->   Operation 82 'br' 'br_ln0' <Predicate = true> <Delay = 0.00>

State 8 <SV = 5> <Delay = 0.70>
ST_8 : Operation 83 [1/1] (0.00ns)   --->   "%c4_V_27 = phi i4 %add_ln691_1551, void %.split24, i4 0, void %.preheader9.preheader"   --->   Operation 83 'phi' 'c4_V_27' <Predicate = true> <Delay = 0.00>
ST_8 : Operation 84 [1/1] (0.70ns)   --->   "%add_ln691_1551 = add i4 %c4_V_27, i4 1"   --->   Operation 84 'add' 'add_ln691_1551' <Predicate = true> <Delay = 0.70> <CoreInst = "Adder">   --->   Core 1 'Adder' <Latency = 0> <II = 1> <Delay = 0.70> <FuncUnit> <Opcode : 'add' 'sub'> <InPorts = 2> <OutPorts = 1>
ST_8 : Operation 85 [1/1] (0.65ns)   --->   "%icmp_ln890_1430 = icmp_eq  i4 %c4_V_27, i4 8"   --->   Operation 85 'icmp' 'icmp_ln890_1430' <Predicate = true> <Delay = 0.65> <CoreInst = "Cmp">   --->   Core 9 'Cmp' <Latency = 0> <II = 1> <Delay = 0.65> <FuncUnit> <Opcode : 'icmp'> <InPorts = 2> <OutPorts = 1>

State 9 <SV = 6> <Delay = 1.96>
ST_9 : Operation 86 [1/1] (0.00ns)   --->   "%zext_ln890_216 = zext i4 %c4_V_27"   --->   Operation 86 'zext' 'zext_ln890_216' <Predicate = (icmp_ln870_4)> <Delay = 0.00>
ST_9 : Operation 87 [1/1] (0.00ns)   --->   "%speclooptripcount_ln0 = speclooptripcount void @_ssdm_op_SpecLoopTripCount, i64 8, i64 8, i64 8"   --->   Operation 87 'speclooptripcount' 'speclooptripcount_ln0' <Predicate = (icmp_ln870_4)> <Delay = 0.00>
ST_9 : Operation 88 [1/1] (0.00ns)   --->   "%br_ln22130 = br i1 %icmp_ln890_1430, void %.split24, void %.loopexit432.loopexit45" [./dut.cpp:22130]   --->   Operation 88 'br' 'br_ln22130' <Predicate = (icmp_ln870_4)> <Delay = 0.00>
ST_9 : Operation 89 [1/1] (0.00ns)   --->   "%specloopname_ln22130 = specloopname void @_ssdm_op_SpecLoopName, void @empty_699" [./dut.cpp:22130]   --->   Operation 89 'specloopname' 'specloopname_ln22130' <Predicate = (icmp_ln870_4 & !icmp_ln890_1430)> <Delay = 0.00>
ST_9 : Operation 90 [1/1] (1.21ns)   --->   "%tmp = read i512 @_ssdm_op_Read.ap_fifo.volatile.i512P0A, i512 %fifo_B_B_IO_L2_in_3_x115" [/home/rcslfpgaserver/Softwares/Xilinx/Vitis_HLS/2020.2/common/technology/autopilot/hls_stream_39.h:145]   --->   Operation 90 'read' 'tmp' <Predicate = (icmp_ln870_4 & !icmp_ln890_1430)> <Delay = 1.21> <CoreInst = "FIFO_SRL">   --->   Core 81 'FIFO_SRL' <Latency = 0> <II = 1> <Delay = 1.41> <Storage> <Opcode : 'read' 'write' 'nbread' 'nbwrite'> <Ports = 0> <Width = 512> <Depth = 2> <FIFO>
ST_9 : Operation 91 [1/1] (0.00ns)   --->   "%local_B_pong_V_0_addr_6 = getelementptr i512 %local_B_pong_V_0, i64 0, i64 %zext_ln890_216" [./dut.cpp:22137]   --->   Operation 91 'getelementptr' 'local_B_pong_V_0_addr_6' <Predicate = (icmp_ln870_4 & !icmp_ln890_1430)> <Delay = 0.00>
ST_9 : Operation 92 [1/1] (0.74ns)   --->   "%store_ln22137 = store i512 %tmp, i3 %local_B_pong_V_0_addr_6" [./dut.cpp:22137]   --->   Operation 92 'store' 'store_ln22137' <Predicate = (icmp_ln870_4 & !icmp_ln890_1430)> <Delay = 0.74> <CoreInst = "RAM">   --->   Core 83 'RAM' <Latency = 1> <II = 1> <Delay = 0.74> <Storage> <Opcode : 'load' 'store'> <Ports = 2> <Width = 512> <Depth = 8> <RAM>
ST_9 : Operation 93 [1/1] (0.00ns)   --->   "%br_ln0 = br void %.preheader9"   --->   Operation 93 'br' 'br_ln0' <Predicate = (icmp_ln870_4 & !icmp_ln890_1430)> <Delay = 0.00>
ST_9 : Operation 94 [1/1] (0.00ns)   --->   "%br_ln0 = br void %.loopexit432"   --->   Operation 94 'br' 'br_ln0' <Predicate = (icmp_ln870_4 & icmp_ln890_1430)> <Delay = 0.00>
ST_9 : Operation 95 [1/1] (0.70ns)   --->   "%add_ln691_1555 = add i4 %c3_V_4, i4 1"   --->   Operation 95 'add' 'add_ln691_1555' <Predicate = (icmp_ln890_1430) | (!icmp_ln870_4)> <Delay = 0.70> <CoreInst = "Adder">   --->   Core 1 'Adder' <Latency = 0> <II = 1> <Delay = 0.70> <FuncUnit> <Opcode : 'add' 'sub'> <InPorts = 2> <OutPorts = 1>
ST_9 : Operation 96 [1/1] (0.00ns)   --->   "%br_ln0 = br void %.preheader11"   --->   Operation 96 'br' 'br_ln0' <Predicate = (icmp_ln890_1430) | (!icmp_ln870_4)> <Delay = 0.00>

State 10 <SV = 5> <Delay = 0.74>
ST_10 : Operation 97 [1/1] (0.00ns)   --->   "%c6_V_12 = phi i4 %add_ln691_1558, void, i4 0, void %.preheader6.preheader"   --->   Operation 97 'phi' 'c6_V_12' <Predicate = (!arb_9 & intra_trans_en_12)> <Delay = 0.00>
ST_10 : Operation 98 [1/1] (0.70ns)   --->   "%add_ln691_1558 = add i4 %c6_V_12, i4 1"   --->   Operation 98 'add' 'add_ln691_1558' <Predicate = (!arb_9 & intra_trans_en_12)> <Delay = 0.70> <CoreInst = "Adder">   --->   Core 1 'Adder' <Latency = 0> <II = 1> <Delay = 0.70> <FuncUnit> <Opcode : 'add' 'sub'> <InPorts = 2> <OutPorts = 1>
ST_10 : Operation 99 [1/1] (0.00ns)   --->   "%zext_ln890_215 = zext i4 %c6_V_12"   --->   Operation 99 'zext' 'zext_ln890_215' <Predicate = (!arb_9 & intra_trans_en_12)> <Delay = 0.00>
ST_10 : Operation 100 [1/1] (0.65ns)   --->   "%icmp_ln890_1429 = icmp_eq  i4 %c6_V_12, i4 8"   --->   Operation 100 'icmp' 'icmp_ln890_1429' <Predicate = (!arb_9 & intra_trans_en_12)> <Delay = 0.65> <CoreInst = "Cmp">   --->   Core 9 'Cmp' <Latency = 0> <II = 1> <Delay = 0.65> <FuncUnit> <Opcode : 'icmp'> <InPorts = 2> <OutPorts = 1>
ST_10 : Operation 101 [1/1] (0.00ns)   --->   "%speclooptripcount_ln0 = speclooptripcount void @_ssdm_op_SpecLoopTripCount, i64 8, i64 8, i64 8"   --->   Operation 101 'speclooptripcount' 'speclooptripcount_ln0' <Predicate = (!arb_9 & intra_trans_en_12)> <Delay = 0.00>
ST_10 : Operation 102 [1/1] (0.00ns)   --->   "%br_ln22154 = br i1 %icmp_ln890_1429, void %.split30, void %.loopexit436.loopexit44" [./dut.cpp:22154]   --->   Operation 102 'br' 'br_ln22154' <Predicate = (!arb_9 & intra_trans_en_12)> <Delay = 0.00>
ST_10 : Operation 103 [1/1] (0.00ns)   --->   "%local_B_ping_V_0_addr_12 = getelementptr i512 %local_B_ping_V_0, i64 0, i64 %zext_ln890_215"   --->   Operation 103 'getelementptr' 'local_B_ping_V_0_addr_12' <Predicate = (!arb_9 & intra_trans_en_12 & !icmp_ln890_1429)> <Delay = 0.00>
ST_10 : Operation 104 [2/2] (0.74ns)   --->   "%local_B_ping_V_0_load_6 = load i3 %local_B_ping_V_0_addr_12"   --->   Operation 104 'load' 'local_B_ping_V_0_load_6' <Predicate = (!arb_9 & intra_trans_en_12 & !icmp_ln890_1429)> <Delay = 0.74> <CoreInst = "RAM">   --->   Core 83 'RAM' <Latency = 1> <II = 1> <Delay = 0.74> <Storage> <Opcode : 'load' 'store'> <Ports = 2> <Width = 512> <Depth = 8> <RAM>
ST_10 : Operation 105 [1/1] (0.00ns)   --->   "%br_ln0 = br void %.loopexit436"   --->   Operation 105 'br' 'br_ln0' <Predicate = (!arb_9 & intra_trans_en_12 & icmp_ln890_1429)> <Delay = 0.00>
ST_10 : Operation 106 [1/1] (0.00ns)   --->   "%c6_V_11 = phi i4 %add_ln691_1556, void, i4 0, void %.preheader1.preheader"   --->   Operation 106 'phi' 'c6_V_11' <Predicate = (arb_9 & intra_trans_en_12)> <Delay = 0.00>
ST_10 : Operation 107 [1/1] (0.70ns)   --->   "%add_ln691_1556 = add i4 %c6_V_11, i4 1"   --->   Operation 107 'add' 'add_ln691_1556' <Predicate = (arb_9 & intra_trans_en_12)> <Delay = 0.70> <CoreInst = "Adder">   --->   Core 1 'Adder' <Latency = 0> <II = 1> <Delay = 0.70> <FuncUnit> <Opcode : 'add' 'sub'> <InPorts = 2> <OutPorts = 1>
ST_10 : Operation 108 [1/1] (0.00ns)   --->   "%zext_ln890_213 = zext i4 %c6_V_11"   --->   Operation 108 'zext' 'zext_ln890_213' <Predicate = (arb_9 & intra_trans_en_12)> <Delay = 0.00>
ST_10 : Operation 109 [1/1] (0.65ns)   --->   "%icmp_ln890_1426 = icmp_eq  i4 %c6_V_11, i4 8"   --->   Operation 109 'icmp' 'icmp_ln890_1426' <Predicate = (arb_9 & intra_trans_en_12)> <Delay = 0.65> <CoreInst = "Cmp">   --->   Core 9 'Cmp' <Latency = 0> <II = 1> <Delay = 0.65> <FuncUnit> <Opcode : 'icmp'> <InPorts = 2> <OutPorts = 1>
ST_10 : Operation 110 [1/1] (0.00ns)   --->   "%speclooptripcount_ln0 = speclooptripcount void @_ssdm_op_SpecLoopTripCount, i64 8, i64 8, i64 8"   --->   Operation 110 'speclooptripcount' 'speclooptripcount_ln0' <Predicate = (arb_9 & intra_trans_en_12)> <Delay = 0.00>
ST_10 : Operation 111 [1/1] (0.00ns)   --->   "%br_ln22197 = br i1 %icmp_ln890_1426, void %.split20, void %.loopexit436.loopexit" [./dut.cpp:22197]   --->   Operation 111 'br' 'br_ln22197' <Predicate = (arb_9 & intra_trans_en_12)> <Delay = 0.00>
ST_10 : Operation 112 [1/1] (0.00ns)   --->   "%local_B_pong_V_0_addr = getelementptr i512 %local_B_pong_V_0, i64 0, i64 %zext_ln890_213"   --->   Operation 112 'getelementptr' 'local_B_pong_V_0_addr' <Predicate = (arb_9 & intra_trans_en_12 & !icmp_ln890_1426)> <Delay = 0.00>
ST_10 : Operation 113 [2/2] (0.74ns)   --->   "%local_B_pong_V_0_load = load i3 %local_B_pong_V_0_addr"   --->   Operation 113 'load' 'local_B_pong_V_0_load' <Predicate = (arb_9 & intra_trans_en_12 & !icmp_ln890_1426)> <Delay = 0.74> <CoreInst = "RAM">   --->   Core 83 'RAM' <Latency = 1> <II = 1> <Delay = 0.74> <Storage> <Opcode : 'load' 'store'> <Ports = 2> <Width = 512> <Depth = 8> <RAM>
ST_10 : Operation 114 [1/1] (0.00ns)   --->   "%br_ln0 = br void %.loopexit436"   --->   Operation 114 'br' 'br_ln0' <Predicate = (arb_9 & intra_trans_en_12 & icmp_ln890_1426)> <Delay = 0.00>
ST_10 : Operation 115 [1/1] (0.12ns)   --->   "%arb = xor i1 %arb_9, i1 1" [./dut.cpp:22213]   --->   Operation 115 'xor' 'arb' <Predicate = (!intra_trans_en_12) | (arb_9 & icmp_ln890_1426) | (!arb_9 & icmp_ln890_1429)> <Delay = 0.12> <CoreInst = "LogicGate">   --->   Core 74 'LogicGate' <Latency = 0> <II = 1> <Delay = 0.12> <FuncUnit> <Opcode : 'and' 'or' 'xor'> <InPorts = 2> <OutPorts = 1>
ST_10 : Operation 116 [1/1] (0.00ns)   --->   "%br_ln0 = br void"   --->   Operation 116 'br' 'br_ln0' <Predicate = (!intra_trans_en_12) | (arb_9 & icmp_ln890_1426) | (!arb_9 & icmp_ln890_1429)> <Delay = 0.00>

State 11 <SV = 6> <Delay = 0.74>
ST_11 : Operation 117 [1/1] (0.00ns)   --->   "%specloopname_ln22154 = specloopname void @_ssdm_op_SpecLoopName, void @empty_1488" [./dut.cpp:22154]   --->   Operation 117 'specloopname' 'specloopname_ln22154' <Predicate = true> <Delay = 0.00>
ST_11 : Operation 118 [1/2] (0.74ns)   --->   "%local_B_ping_V_0_load_6 = load i3 %local_B_ping_V_0_addr_12"   --->   Operation 118 'load' 'local_B_ping_V_0_load_6' <Predicate = true> <Delay = 0.74> <CoreInst = "RAM">   --->   Core 83 'RAM' <Latency = 1> <II = 1> <Delay = 0.74> <Storage> <Opcode : 'load' 'store'> <Ports = 2> <Width = 512> <Depth = 8> <RAM>
ST_11 : Operation 119 [1/1] (0.38ns)   --->   "%br_ln22156 = br void" [./dut.cpp:22156]   --->   Operation 119 'br' 'br_ln22156' <Predicate = true> <Delay = 0.38>

State 12 <SV = 7> <Delay = 1.87>
ST_12 : Operation 120 [1/1] (0.00ns)   --->   "%c7_V_12 = phi i4 %add_ln691_1559, void %.split28, i4 0, void %.split30"   --->   Operation 120 'phi' 'c7_V_12' <Predicate = true> <Delay = 0.00>
ST_12 : Operation 121 [1/1] (0.70ns)   --->   "%add_ln691_1559 = add i4 %c7_V_12, i4 1"   --->   Operation 121 'add' 'add_ln691_1559' <Predicate = true> <Delay = 0.70> <CoreInst = "Adder">   --->   Core 1 'Adder' <Latency = 0> <II = 1> <Delay = 0.70> <FuncUnit> <Opcode : 'add' 'sub'> <InPorts = 2> <OutPorts = 1>
ST_12 : Operation 122 [1/1] (0.65ns)   --->   "%icmp_ln890_1433 = icmp_eq  i4 %c7_V_12, i4 8"   --->   Operation 122 'icmp' 'icmp_ln890_1433' <Predicate = true> <Delay = 0.65> <CoreInst = "Cmp">   --->   Core 9 'Cmp' <Latency = 0> <II = 1> <Delay = 0.65> <FuncUnit> <Opcode : 'icmp'> <InPorts = 2> <OutPorts = 1>
ST_12 : Operation 123 [1/1] (0.00ns)   --->   "%speclooptripcount_ln0 = speclooptripcount void @_ssdm_op_SpecLoopTripCount, i64 8, i64 8, i64 8"   --->   Operation 123 'speclooptripcount' 'speclooptripcount_ln0' <Predicate = true> <Delay = 0.00>
ST_12 : Operation 124 [1/1] (0.00ns)   --->   "%br_ln22156 = br i1 %icmp_ln890_1433, void %.split28, void" [./dut.cpp:22156]   --->   Operation 124 'br' 'br_ln22156' <Predicate = true> <Delay = 0.00>
ST_12 : Operation 125 [1/1] (0.00ns)   --->   "%specloopname_ln22156 = specloopname void @_ssdm_op_SpecLoopName, void @empty_997" [./dut.cpp:22156]   --->   Operation 125 'specloopname' 'specloopname_ln22156' <Predicate = (!icmp_ln890_1433)> <Delay = 0.00>
ST_12 : Operation 126 [1/1] (1.21ns)   --->   "%write_ln174 = write void @_ssdm_op_Write.ap_fifo.volatile.i512P0A, i512 %fifo_B_PE_0_3_x1119, i512 %local_B_ping_V_0_load_6" [/home/rcslfpgaserver/Softwares/Xilinx/Vitis_HLS/2020.2/common/technology/autopilot/hls_stream_39.h:174]   --->   Operation 126 'write' 'write_ln174' <Predicate = (!icmp_ln890_1433)> <Delay = 1.21> <CoreInst = "FIFO_SRL">   --->   Core 81 'FIFO_SRL' <Latency = 0> <II = 1> <Delay = 1.41> <Storage> <Opcode : 'read' 'write' 'nbread' 'nbwrite'> <Ports = 0> <Width = 512> <Depth = 2> <FIFO>
ST_12 : Operation 127 [1/1] (0.00ns)   --->   "%br_ln0 = br void"   --->   Operation 127 'br' 'br_ln0' <Predicate = (!icmp_ln890_1433)> <Delay = 0.00>
ST_12 : Operation 128 [1/1] (0.00ns)   --->   "%br_ln0 = br void %.preheader6"   --->   Operation 128 'br' 'br_ln0' <Predicate = (icmp_ln890_1433)> <Delay = 0.00>

State 13 <SV = 4> <Delay = 0.77>
ST_13 : Operation 129 [1/1] (0.00ns)   --->   "%c3_V = phi i4 %add_ln691_1554, void %.loopexit434, i4 3, void %.preheader5.preheader"   --->   Operation 129 'phi' 'c3_V' <Predicate = true> <Delay = 0.00>
ST_13 : Operation 130 [1/1] (0.65ns)   --->   "%icmp_ln890_1424 = icmp_eq  i4 %c3_V, i4 8"   --->   Operation 130 'icmp' 'icmp_ln890_1424' <Predicate = true> <Delay = 0.65> <CoreInst = "Cmp">   --->   Core 9 'Cmp' <Latency = 0> <II = 1> <Delay = 0.65> <FuncUnit> <Opcode : 'icmp'> <InPorts = 2> <OutPorts = 1>
ST_13 : Operation 131 [1/1] (0.00ns)   --->   "%speclooptripcount_ln0 = speclooptripcount void @_ssdm_op_SpecLoopTripCount, i64 5, i64 5, i64 5"   --->   Operation 131 'speclooptripcount' 'speclooptripcount_ln0' <Predicate = true> <Delay = 0.00>
ST_13 : Operation 132 [1/1] (0.00ns)   --->   "%br_ln22169 = br i1 %icmp_ln890_1424, void %.split16, void" [./dut.cpp:22169]   --->   Operation 132 'br' 'br_ln22169' <Predicate = true> <Delay = 0.00>
ST_13 : Operation 133 [1/1] (0.00ns)   --->   "%specloopname_ln1616 = specloopname void @_ssdm_op_SpecLoopName, void @empty_1757"   --->   Operation 133 'specloopname' 'specloopname_ln1616' <Predicate = (!icmp_ln890_1424)> <Delay = 0.00>
ST_13 : Operation 134 [1/1] (0.65ns)   --->   "%icmp_ln870 = icmp_eq  i4 %c3_V, i4 3"   --->   Operation 134 'icmp' 'icmp_ln870' <Predicate = (!icmp_ln890_1424)> <Delay = 0.65> <CoreInst = "Cmp">   --->   Core 9 'Cmp' <Latency = 0> <II = 1> <Delay = 0.65> <FuncUnit> <Opcode : 'icmp'> <InPorts = 2> <OutPorts = 1>
ST_13 : Operation 135 [1/1] (0.00ns)   --->   "%br_ln22172 = br i1 %icmp_ln870, void %.preheader2.preheader, void %.preheader3.preheader" [./dut.cpp:22172]   --->   Operation 135 'br' 'br_ln22172' <Predicate = (!icmp_ln890_1424)> <Delay = 0.00>
ST_13 : Operation 136 [1/1] (0.38ns)   --->   "%br_ln890 = br void %.preheader2"   --->   Operation 136 'br' 'br_ln890' <Predicate = (!icmp_ln890_1424 & !icmp_ln870)> <Delay = 0.38>
ST_13 : Operation 137 [1/1] (0.38ns)   --->   "%br_ln890 = br void %.preheader3"   --->   Operation 137 'br' 'br_ln890' <Predicate = (!icmp_ln890_1424 & icmp_ln870)> <Delay = 0.38>
ST_13 : Operation 138 [1/1] (0.00ns)   --->   "%br_ln22196 = br i1 %intra_trans_en_12, void %.loopexit436, void %.preheader1.preheader" [./dut.cpp:22196]   --->   Operation 138 'br' 'br_ln22196' <Predicate = (icmp_ln890_1424)> <Delay = 0.00>
ST_13 : Operation 139 [1/1] (0.38ns)   --->   "%br_ln890 = br void %.preheader1"   --->   Operation 139 'br' 'br_ln890' <Predicate = (intra_trans_en_12 & icmp_ln890_1424)> <Delay = 0.38>

State 14 <SV = 5> <Delay = 0.70>
ST_14 : Operation 140 [1/1] (0.00ns)   --->   "%c4_V_26 = phi i4 %add_ln691_1550, void %.split12, i4 0, void %.preheader2.preheader"   --->   Operation 140 'phi' 'c4_V_26' <Predicate = true> <Delay = 0.00>
ST_14 : Operation 141 [1/1] (0.70ns)   --->   "%add_ln691_1550 = add i4 %c4_V_26, i4 1"   --->   Operation 141 'add' 'add_ln691_1550' <Predicate = true> <Delay = 0.70> <CoreInst = "Adder">   --->   Core 1 'Adder' <Latency = 0> <II = 1> <Delay = 0.70> <FuncUnit> <Opcode : 'add' 'sub'> <InPorts = 2> <OutPorts = 1>
ST_14 : Operation 142 [1/1] (0.65ns)   --->   "%icmp_ln890_1428 = icmp_eq  i4 %c4_V_26, i4 8"   --->   Operation 142 'icmp' 'icmp_ln890_1428' <Predicate = true> <Delay = 0.65> <CoreInst = "Cmp">   --->   Core 9 'Cmp' <Latency = 0> <II = 1> <Delay = 0.65> <FuncUnit> <Opcode : 'icmp'> <InPorts = 2> <OutPorts = 1>
ST_14 : Operation 143 [1/1] (0.00ns)   --->   "%speclooptripcount_ln0 = speclooptripcount void @_ssdm_op_SpecLoopTripCount, i64 8, i64 8, i64 8"   --->   Operation 143 'speclooptripcount' 'speclooptripcount_ln0' <Predicate = true> <Delay = 0.00>
ST_14 : Operation 144 [1/1] (0.00ns)   --->   "%br_ln22184 = br i1 %icmp_ln890_1428, void %.split12, void %.loopexit434.loopexit" [./dut.cpp:22184]   --->   Operation 144 'br' 'br_ln22184' <Predicate = true> <Delay = 0.00>
ST_14 : Operation 145 [1/1] (0.00ns)   --->   "%br_ln0 = br void %.loopexit434"   --->   Operation 145 'br' 'br_ln0' <Predicate = (icmp_ln890_1428)> <Delay = 0.00>

State 15 <SV = 6> <Delay = 2.43>
ST_15 : Operation 146 [1/1] (0.00ns)   --->   "%specloopname_ln22184 = specloopname void @_ssdm_op_SpecLoopName, void @empty_1905" [./dut.cpp:22184]   --->   Operation 146 'specloopname' 'specloopname_ln22184' <Predicate = true> <Delay = 0.00>
ST_15 : Operation 147 [1/1] (1.21ns)   --->   "%tmp_212 = read i512 @_ssdm_op_Read.ap_fifo.volatile.i512P0A, i512 %fifo_B_B_IO_L2_in_3_x115" [/home/rcslfpgaserver/Softwares/Xilinx/Vitis_HLS/2020.2/common/technology/autopilot/hls_stream_39.h:145]   --->   Operation 147 'read' 'tmp_212' <Predicate = true> <Delay = 1.21> <CoreInst = "FIFO_SRL">   --->   Core 81 'FIFO_SRL' <Latency = 0> <II = 1> <Delay = 1.41> <Storage> <Opcode : 'read' 'write' 'nbread' 'nbwrite'> <Ports = 0> <Width = 512> <Depth = 2> <FIFO>
ST_15 : Operation 148 [1/1] (1.21ns)   --->   "%write_ln174 = write void @_ssdm_op_Write.ap_fifo.volatile.i512P0A, i512 %fifo_B_B_IO_L2_in_4_x116, i512 %tmp_212" [/home/rcslfpgaserver/Softwares/Xilinx/Vitis_HLS/2020.2/common/technology/autopilot/hls_stream_39.h:174]   --->   Operation 148 'write' 'write_ln174' <Predicate = true> <Delay = 1.21> <CoreInst = "FIFO_SRL">   --->   Core 81 'FIFO_SRL' <Latency = 0> <II = 1> <Delay = 1.41> <Storage> <Opcode : 'read' 'write' 'nbread' 'nbwrite'> <Ports = 0> <Width = 512> <Depth = 2> <FIFO>
ST_15 : Operation 149 [1/1] (0.00ns)   --->   "%br_ln0 = br void %.preheader2"   --->   Operation 149 'br' 'br_ln0' <Predicate = true> <Delay = 0.00>

State 16 <SV = 5> <Delay = 0.70>
ST_16 : Operation 150 [1/1] (0.00ns)   --->   "%c4_V = phi i4 %add_ln691_1549, void %.split14, i4 0, void %.preheader3.preheader"   --->   Operation 150 'phi' 'c4_V' <Predicate = true> <Delay = 0.00>
ST_16 : Operation 151 [1/1] (0.70ns)   --->   "%add_ln691_1549 = add i4 %c4_V, i4 1"   --->   Operation 151 'add' 'add_ln691_1549' <Predicate = true> <Delay = 0.70> <CoreInst = "Adder">   --->   Core 1 'Adder' <Latency = 0> <II = 1> <Delay = 0.70> <FuncUnit> <Opcode : 'add' 'sub'> <InPorts = 2> <OutPorts = 1>
ST_16 : Operation 152 [1/1] (0.65ns)   --->   "%icmp_ln890_1427 = icmp_eq  i4 %c4_V, i4 8"   --->   Operation 152 'icmp' 'icmp_ln890_1427' <Predicate = true> <Delay = 0.65> <CoreInst = "Cmp">   --->   Core 9 'Cmp' <Latency = 0> <II = 1> <Delay = 0.65> <FuncUnit> <Opcode : 'icmp'> <InPorts = 2> <OutPorts = 1>

State 17 <SV = 6> <Delay = 1.96>
ST_17 : Operation 153 [1/1] (0.00ns)   --->   "%zext_ln890_214 = zext i4 %c4_V"   --->   Operation 153 'zext' 'zext_ln890_214' <Predicate = (icmp_ln870)> <Delay = 0.00>
ST_17 : Operation 154 [1/1] (0.00ns)   --->   "%speclooptripcount_ln0 = speclooptripcount void @_ssdm_op_SpecLoopTripCount, i64 8, i64 8, i64 8"   --->   Operation 154 'speclooptripcount' 'speclooptripcount_ln0' <Predicate = (icmp_ln870)> <Delay = 0.00>
ST_17 : Operation 155 [1/1] (0.00ns)   --->   "%br_ln22173 = br i1 %icmp_ln890_1427, void %.split14, void %.loopexit434.loopexit43" [./dut.cpp:22173]   --->   Operation 155 'br' 'br_ln22173' <Predicate = (icmp_ln870)> <Delay = 0.00>
ST_17 : Operation 156 [1/1] (0.00ns)   --->   "%specloopname_ln22173 = specloopname void @_ssdm_op_SpecLoopName, void @empty_1758" [./dut.cpp:22173]   --->   Operation 156 'specloopname' 'specloopname_ln22173' <Predicate = (icmp_ln870 & !icmp_ln890_1427)> <Delay = 0.00>
ST_17 : Operation 157 [1/1] (1.21ns)   --->   "%tmp_211 = read i512 @_ssdm_op_Read.ap_fifo.volatile.i512P0A, i512 %fifo_B_B_IO_L2_in_3_x115" [/home/rcslfpgaserver/Softwares/Xilinx/Vitis_HLS/2020.2/common/technology/autopilot/hls_stream_39.h:145]   --->   Operation 157 'read' 'tmp_211' <Predicate = (icmp_ln870 & !icmp_ln890_1427)> <Delay = 1.21> <CoreInst = "FIFO_SRL">   --->   Core 81 'FIFO_SRL' <Latency = 0> <II = 1> <Delay = 1.41> <Storage> <Opcode : 'read' 'write' 'nbread' 'nbwrite'> <Ports = 0> <Width = 512> <Depth = 2> <FIFO>
ST_17 : Operation 158 [1/1] (0.00ns)   --->   "%local_B_ping_V_0_addr_11 = getelementptr i512 %local_B_ping_V_0, i64 0, i64 %zext_ln890_214" [./dut.cpp:22180]   --->   Operation 158 'getelementptr' 'local_B_ping_V_0_addr_11' <Predicate = (icmp_ln870 & !icmp_ln890_1427)> <Delay = 0.00>
ST_17 : Operation 159 [1/1] (0.74ns)   --->   "%store_ln22180 = store i512 %tmp_211, i3 %local_B_ping_V_0_addr_11" [./dut.cpp:22180]   --->   Operation 159 'store' 'store_ln22180' <Predicate = (icmp_ln870 & !icmp_ln890_1427)> <Delay = 0.74> <CoreInst = "RAM">   --->   Core 83 'RAM' <Latency = 1> <II = 1> <Delay = 0.74> <Storage> <Opcode : 'load' 'store'> <Ports = 2> <Width = 512> <Depth = 8> <RAM>
ST_17 : Operation 160 [1/1] (0.00ns)   --->   "%br_ln0 = br void %.preheader3"   --->   Operation 160 'br' 'br_ln0' <Predicate = (icmp_ln870 & !icmp_ln890_1427)> <Delay = 0.00>
ST_17 : Operation 161 [1/1] (0.00ns)   --->   "%br_ln0 = br void %.loopexit434"   --->   Operation 161 'br' 'br_ln0' <Predicate = (icmp_ln870 & icmp_ln890_1427)> <Delay = 0.00>
ST_17 : Operation 162 [1/1] (0.70ns)   --->   "%add_ln691_1554 = add i4 %c3_V, i4 1"   --->   Operation 162 'add' 'add_ln691_1554' <Predicate = (icmp_ln890_1427) | (!icmp_ln870)> <Delay = 0.70> <CoreInst = "Adder">   --->   Core 1 'Adder' <Latency = 0> <II = 1> <Delay = 0.70> <FuncUnit> <Opcode : 'add' 'sub'> <InPorts = 2> <OutPorts = 1>
ST_17 : Operation 163 [1/1] (0.00ns)   --->   "%br_ln0 = br void %.preheader5"   --->   Operation 163 'br' 'br_ln0' <Predicate = (icmp_ln890_1427) | (!icmp_ln870)> <Delay = 0.00>

State 18 <SV = 6> <Delay = 0.74>
ST_18 : Operation 164 [1/1] (0.00ns)   --->   "%specloopname_ln22197 = specloopname void @_ssdm_op_SpecLoopName, void @empty_1755" [./dut.cpp:22197]   --->   Operation 164 'specloopname' 'specloopname_ln22197' <Predicate = true> <Delay = 0.00>
ST_18 : Operation 165 [1/2] (0.74ns)   --->   "%local_B_pong_V_0_load = load i3 %local_B_pong_V_0_addr"   --->   Operation 165 'load' 'local_B_pong_V_0_load' <Predicate = true> <Delay = 0.74> <CoreInst = "RAM">   --->   Core 83 'RAM' <Latency = 1> <II = 1> <Delay = 0.74> <Storage> <Opcode : 'load' 'store'> <Ports = 2> <Width = 512> <Depth = 8> <RAM>
ST_18 : Operation 166 [1/1] (0.38ns)   --->   "%br_ln22199 = br void" [./dut.cpp:22199]   --->   Operation 166 'br' 'br_ln22199' <Predicate = true> <Delay = 0.38>

State 19 <SV = 7> <Delay = 1.87>
ST_19 : Operation 167 [1/1] (0.00ns)   --->   "%c7_V_11 = phi i4 %add_ln691_1557, void %.split18, i4 0, void %.split20"   --->   Operation 167 'phi' 'c7_V_11' <Predicate = true> <Delay = 0.00>
ST_19 : Operation 168 [1/1] (0.70ns)   --->   "%add_ln691_1557 = add i4 %c7_V_11, i4 1"   --->   Operation 168 'add' 'add_ln691_1557' <Predicate = true> <Delay = 0.70> <CoreInst = "Adder">   --->   Core 1 'Adder' <Latency = 0> <II = 1> <Delay = 0.70> <FuncUnit> <Opcode : 'add' 'sub'> <InPorts = 2> <OutPorts = 1>
ST_19 : Operation 169 [1/1] (0.65ns)   --->   "%icmp_ln890_1432 = icmp_eq  i4 %c7_V_11, i4 8"   --->   Operation 169 'icmp' 'icmp_ln890_1432' <Predicate = true> <Delay = 0.65> <CoreInst = "Cmp">   --->   Core 9 'Cmp' <Latency = 0> <II = 1> <Delay = 0.65> <FuncUnit> <Opcode : 'icmp'> <InPorts = 2> <OutPorts = 1>
ST_19 : Operation 170 [1/1] (0.00ns)   --->   "%speclooptripcount_ln0 = speclooptripcount void @_ssdm_op_SpecLoopTripCount, i64 8, i64 8, i64 8"   --->   Operation 170 'speclooptripcount' 'speclooptripcount_ln0' <Predicate = true> <Delay = 0.00>
ST_19 : Operation 171 [1/1] (0.00ns)   --->   "%br_ln22199 = br i1 %icmp_ln890_1432, void %.split18, void" [./dut.cpp:22199]   --->   Operation 171 'br' 'br_ln22199' <Predicate = true> <Delay = 0.00>
ST_19 : Operation 172 [1/1] (0.00ns)   --->   "%specloopname_ln22199 = specloopname void @_ssdm_op_SpecLoopName, void @empty_1756" [./dut.cpp:22199]   --->   Operation 172 'specloopname' 'specloopname_ln22199' <Predicate = (!icmp_ln890_1432)> <Delay = 0.00>
ST_19 : Operation 173 [1/1] (1.21ns)   --->   "%write_ln174 = write void @_ssdm_op_Write.ap_fifo.volatile.i512P0A, i512 %fifo_B_PE_0_3_x1119, i512 %local_B_pong_V_0_load" [/home/rcslfpgaserver/Softwares/Xilinx/Vitis_HLS/2020.2/common/technology/autopilot/hls_stream_39.h:174]   --->   Operation 173 'write' 'write_ln174' <Predicate = (!icmp_ln890_1432)> <Delay = 1.21> <CoreInst = "FIFO_SRL">   --->   Core 81 'FIFO_SRL' <Latency = 0> <II = 1> <Delay = 1.41> <Storage> <Opcode : 'read' 'write' 'nbread' 'nbwrite'> <Ports = 0> <Width = 512> <Depth = 2> <FIFO>
ST_19 : Operation 174 [1/1] (0.00ns)   --->   "%br_ln0 = br void"   --->   Operation 174 'br' 'br_ln0' <Predicate = (!icmp_ln890_1432)> <Delay = 0.00>
ST_19 : Operation 175 [1/1] (0.00ns)   --->   "%br_ln0 = br void %.preheader1"   --->   Operation 175 'br' 'br_ln0' <Predicate = (icmp_ln890_1432)> <Delay = 0.00>

State 20 <SV = 2> <Delay = 0.74>
ST_20 : Operation 176 [1/1] (0.00ns)   --->   "%c6_V = phi i4 %add_ln691_1546, void, i4 0, void %.preheader.preheader"   --->   Operation 176 'phi' 'c6_V' <Predicate = true> <Delay = 0.00>
ST_20 : Operation 177 [1/1] (0.70ns)   --->   "%add_ln691_1546 = add i4 %c6_V, i4 1"   --->   Operation 177 'add' 'add_ln691_1546' <Predicate = true> <Delay = 0.70> <CoreInst = "Adder">   --->   Core 1 'Adder' <Latency = 0> <II = 1> <Delay = 0.70> <FuncUnit> <Opcode : 'add' 'sub'> <InPorts = 2> <OutPorts = 1>
ST_20 : Operation 178 [1/1] (0.00ns)   --->   "%zext_ln890 = zext i4 %c6_V"   --->   Operation 178 'zext' 'zext_ln890' <Predicate = true> <Delay = 0.00>
ST_20 : Operation 179 [1/1] (0.65ns)   --->   "%icmp_ln890_1420 = icmp_eq  i4 %c6_V, i4 8"   --->   Operation 179 'icmp' 'icmp_ln890_1420' <Predicate = true> <Delay = 0.65> <CoreInst = "Cmp">   --->   Core 9 'Cmp' <Latency = 0> <II = 1> <Delay = 0.65> <FuncUnit> <Opcode : 'icmp'> <InPorts = 2> <OutPorts = 1>
ST_20 : Operation 180 [1/1] (0.00ns)   --->   "%speclooptripcount_ln0 = speclooptripcount void @_ssdm_op_SpecLoopTripCount, i64 8, i64 8, i64 8"   --->   Operation 180 'speclooptripcount' 'speclooptripcount_ln0' <Predicate = true> <Delay = 0.00>
ST_20 : Operation 181 [1/1] (0.00ns)   --->   "%br_ln22221 = br i1 %icmp_ln890_1420, void %.split6, void %.loopexit" [./dut.cpp:22221]   --->   Operation 181 'br' 'br_ln22221' <Predicate = true> <Delay = 0.00>
ST_20 : Operation 182 [1/1] (0.00ns)   --->   "%local_B_ping_V_0_addr = getelementptr i512 %local_B_ping_V_0, i64 0, i64 %zext_ln890"   --->   Operation 182 'getelementptr' 'local_B_ping_V_0_addr' <Predicate = (!icmp_ln890_1420)> <Delay = 0.00>
ST_20 : Operation 183 [2/2] (0.74ns)   --->   "%local_B_ping_V_0_load = load i3 %local_B_ping_V_0_addr"   --->   Operation 183 'load' 'local_B_ping_V_0_load' <Predicate = (!icmp_ln890_1420)> <Delay = 0.74> <CoreInst = "RAM">   --->   Core 83 'RAM' <Latency = 1> <II = 1> <Delay = 0.74> <Storage> <Opcode : 'load' 'store'> <Ports = 2> <Width = 512> <Depth = 8> <RAM>
ST_20 : Operation 184 [1/1] (0.00ns)   --->   "%ret_ln22253 = ret" [./dut.cpp:22253]   --->   Operation 184 'ret' 'ret_ln22253' <Predicate = (icmp_ln890_1420)> <Delay = 0.00>

State 21 <SV = 3> <Delay = 0.74>
ST_21 : Operation 185 [1/1] (0.00ns)   --->   "%specloopname_ln22221 = specloopname void @_ssdm_op_SpecLoopName, void @empty_1465" [./dut.cpp:22221]   --->   Operation 185 'specloopname' 'specloopname_ln22221' <Predicate = true> <Delay = 0.00>
ST_21 : Operation 186 [1/2] (0.74ns)   --->   "%local_B_ping_V_0_load = load i3 %local_B_ping_V_0_addr"   --->   Operation 186 'load' 'local_B_ping_V_0_load' <Predicate = true> <Delay = 0.74> <CoreInst = "RAM">   --->   Core 83 'RAM' <Latency = 1> <II = 1> <Delay = 0.74> <Storage> <Opcode : 'load' 'store'> <Ports = 2> <Width = 512> <Depth = 8> <RAM>
ST_21 : Operation 187 [1/1] (0.38ns)   --->   "%br_ln22223 = br void" [./dut.cpp:22223]   --->   Operation 187 'br' 'br_ln22223' <Predicate = true> <Delay = 0.38>

State 22 <SV = 4> <Delay = 1.87>
ST_22 : Operation 188 [1/1] (0.00ns)   --->   "%c7_V = phi i4 %add_ln691_1547, void %.split, i4 0, void %.split6"   --->   Operation 188 'phi' 'c7_V' <Predicate = true> <Delay = 0.00>
ST_22 : Operation 189 [1/1] (0.70ns)   --->   "%add_ln691_1547 = add i4 %c7_V, i4 1"   --->   Operation 189 'add' 'add_ln691_1547' <Predicate = true> <Delay = 0.70> <CoreInst = "Adder">   --->   Core 1 'Adder' <Latency = 0> <II = 1> <Delay = 0.70> <FuncUnit> <Opcode : 'add' 'sub'> <InPorts = 2> <OutPorts = 1>
ST_22 : Operation 190 [1/1] (0.65ns)   --->   "%icmp_ln890_1422 = icmp_eq  i4 %c7_V, i4 8"   --->   Operation 190 'icmp' 'icmp_ln890_1422' <Predicate = true> <Delay = 0.65> <CoreInst = "Cmp">   --->   Core 9 'Cmp' <Latency = 0> <II = 1> <Delay = 0.65> <FuncUnit> <Opcode : 'icmp'> <InPorts = 2> <OutPorts = 1>
ST_22 : Operation 191 [1/1] (0.00ns)   --->   "%speclooptripcount_ln0 = speclooptripcount void @_ssdm_op_SpecLoopTripCount, i64 8, i64 8, i64 8"   --->   Operation 191 'speclooptripcount' 'speclooptripcount_ln0' <Predicate = true> <Delay = 0.00>
ST_22 : Operation 192 [1/1] (0.00ns)   --->   "%br_ln22223 = br i1 %icmp_ln890_1422, void %.split, void" [./dut.cpp:22223]   --->   Operation 192 'br' 'br_ln22223' <Predicate = true> <Delay = 0.00>
ST_22 : Operation 193 [1/1] (0.00ns)   --->   "%specloopname_ln22223 = specloopname void @_ssdm_op_SpecLoopName, void @empty_1900" [./dut.cpp:22223]   --->   Operation 193 'specloopname' 'specloopname_ln22223' <Predicate = (!icmp_ln890_1422)> <Delay = 0.00>
ST_22 : Operation 194 [1/1] (1.21ns)   --->   "%write_ln174 = write void @_ssdm_op_Write.ap_fifo.volatile.i512P0A, i512 %fifo_B_PE_0_3_x1119, i512 %local_B_ping_V_0_load" [/home/rcslfpgaserver/Softwares/Xilinx/Vitis_HLS/2020.2/common/technology/autopilot/hls_stream_39.h:174]   --->   Operation 194 'write' 'write_ln174' <Predicate = (!icmp_ln890_1422)> <Delay = 1.21> <CoreInst = "FIFO_SRL">   --->   Core 81 'FIFO_SRL' <Latency = 0> <II = 1> <Delay = 1.41> <Storage> <Opcode : 'read' 'write' 'nbread' 'nbwrite'> <Ports = 0> <Width = 512> <Depth = 2> <FIFO>
ST_22 : Operation 195 [1/1] (0.00ns)   --->   "%br_ln0 = br void"   --->   Operation 195 'br' 'br_ln0' <Predicate = (!icmp_ln890_1422)> <Delay = 0.00>
ST_22 : Operation 196 [1/1] (0.00ns)   --->   "%br_ln0 = br void %.preheader"   --->   Operation 196 'br' 'br_ln0' <Predicate = (icmp_ln890_1422)> <Delay = 0.00>


============================================================
+ Verbose Summary: Timing violations
============================================================
Target clock period: 3.33ns, clock uncertainty: 0.9ns.

 <State 1>: 0.387ns
The critical path consists of the following:
	multiplexor before 'phi' operation ('c0.V') with incoming values : ('add_ln691') [14]  (0.387 ns)

 <State 2>: 0.707ns
The critical path consists of the following:
	'phi' operation ('c0.V') with incoming values : ('add_ln691') [14]  (0 ns)
	'add' operation ('add_ln691') [16]  (0.707 ns)

 <State 3>: 0.707ns
The critical path consists of the following:
	'phi' operation ('c1.V') with incoming values : ('add_ln691_1548') [24]  (0 ns)
	'add' operation ('add_ln691_1548') [26]  (0.707 ns)

 <State 4>: 0.706ns
The critical path consists of the following:
	'phi' operation ('c2.V') with incoming values : ('add_ln691_1553') [34]  (0 ns)
	'add' operation ('add_ln691_1553') [37]  (0.706 ns)

 <State 5>: 0.778ns
The critical path consists of the following:
	'phi' operation ('c3.V') with incoming values : ('add_ln691_1555') [47]  (0 ns)
	'icmp' operation ('icmp_ln890_1425') [48]  (0.656 ns)
	blocking operation 0.122 ns on control path)

 <State 6>: 0.708ns
The critical path consists of the following:
	'phi' operation ('c4.V') with incoming values : ('add_ln691_1552') [58]  (0 ns)
	'add' operation ('add_ln691_1552') [59]  (0.708 ns)

 <State 7>: 2.43ns
The critical path consists of the following:
	fifo read on port 'fifo_B_B_IO_L2_in_3_x115' (/home/rcslfpgaserver/Softwares/Xilinx/Vitis_HLS/2020.2/common/technology/autopilot/hls_stream_39.h:145) [65]  (1.22 ns)
	fifo write on port 'fifo_B_B_IO_L2_in_4_x116' (/home/rcslfpgaserver/Softwares/Xilinx/Vitis_HLS/2020.2/common/technology/autopilot/hls_stream_39.h:174) [66]  (1.22 ns)

 <State 8>: 0.708ns
The critical path consists of the following:
	'phi' operation ('c4.V') with incoming values : ('add_ln691_1551') [73]  (0 ns)
	'add' operation ('add_ln691_1551') [74]  (0.708 ns)

 <State 9>: 1.96ns
The critical path consists of the following:
	fifo read on port 'fifo_B_B_IO_L2_in_3_x115' (/home/rcslfpgaserver/Softwares/Xilinx/Vitis_HLS/2020.2/common/technology/autopilot/hls_stream_39.h:145) [81]  (1.22 ns)
	'store' operation ('store_ln22137', ./dut.cpp:22137) of variable 'tmp', /home/rcslfpgaserver/Softwares/Xilinx/Vitis_HLS/2020.2/common/technology/autopilot/hls_stream_39.h:145 on array 'local_B_pong.V[0]', ./dut.cpp:22108 [83]  (0.746 ns)

 <State 10>: 0.746ns
The critical path consists of the following:
	'phi' operation ('c6.V') with incoming values : ('add_ln691_1556') [171]  (0 ns)
	'getelementptr' operation ('local_B_pong_V_0_addr') [179]  (0 ns)
	'load' operation ('local_B_pong_V_0_load') on array 'local_B_pong.V[0]', ./dut.cpp:22108 [180]  (0.746 ns)

 <State 11>: 0.746ns
The critical path consists of the following:
	'load' operation ('local_B_ping_V_0_load_6') on array 'local_B_ping.V[0]', ./dut.cpp:22106 [104]  (0.746 ns)

 <State 12>: 1.87ns
The critical path consists of the following:
	fifo write on port 'fifo_B_PE_0_3_x1119' (/home/rcslfpgaserver/Softwares/Xilinx/Vitis_HLS/2020.2/common/technology/autopilot/hls_stream_39.h:174) [114]  (1.22 ns)
	blocking operation 0.656 ns on control path)

 <State 13>: 0.778ns
The critical path consists of the following:
	'phi' operation ('c3.V') with incoming values : ('add_ln691_1554') [123]  (0 ns)
	'icmp' operation ('icmp_ln890_1424') [124]  (0.656 ns)
	blocking operation 0.122 ns on control path)

 <State 14>: 0.708ns
The critical path consists of the following:
	'phi' operation ('c4.V') with incoming values : ('add_ln691_1550') [134]  (0 ns)
	'add' operation ('add_ln691_1550') [135]  (0.708 ns)

 <State 15>: 2.43ns
The critical path consists of the following:
	fifo read on port 'fifo_B_B_IO_L2_in_3_x115' (/home/rcslfpgaserver/Softwares/Xilinx/Vitis_HLS/2020.2/common/technology/autopilot/hls_stream_39.h:145) [141]  (1.22 ns)
	fifo write on port 'fifo_B_B_IO_L2_in_4_x116' (/home/rcslfpgaserver/Softwares/Xilinx/Vitis_HLS/2020.2/common/technology/autopilot/hls_stream_39.h:174) [142]  (1.22 ns)

 <State 16>: 0.708ns
The critical path consists of the following:
	'phi' operation ('c4.V') with incoming values : ('add_ln691_1549') [149]  (0 ns)
	'add' operation ('add_ln691_1549') [150]  (0.708 ns)

 <State 17>: 1.96ns
The critical path consists of the following:
	fifo read on port 'fifo_B_B_IO_L2_in_3_x115' (/home/rcslfpgaserver/Softwares/Xilinx/Vitis_HLS/2020.2/common/technology/autopilot/hls_stream_39.h:145) [157]  (1.22 ns)
	'store' operation ('store_ln22180', ./dut.cpp:22180) of variable 'tmp', /home/rcslfpgaserver/Softwares/Xilinx/Vitis_HLS/2020.2/common/technology/autopilot/hls_stream_39.h:145 on array 'local_B_ping.V[0]', ./dut.cpp:22106 [159]  (0.746 ns)

 <State 18>: 0.746ns
The critical path consists of the following:
	'load' operation ('local_B_pong_V_0_load') on array 'local_B_pong.V[0]', ./dut.cpp:22108 [180]  (0.746 ns)

 <State 19>: 1.87ns
The critical path consists of the following:
	fifo write on port 'fifo_B_PE_0_3_x1119' (/home/rcslfpgaserver/Softwares/Xilinx/Vitis_HLS/2020.2/common/technology/autopilot/hls_stream_39.h:174) [190]  (1.22 ns)
	blocking operation 0.656 ns on control path)

 <State 20>: 0.746ns
The critical path consists of the following:
	'phi' operation ('c6.V') with incoming values : ('add_ln691_1546') [206]  (0 ns)
	'getelementptr' operation ('local_B_ping_V_0_addr') [214]  (0 ns)
	'load' operation ('local_B_ping_V_0_load') on array 'local_B_ping.V[0]', ./dut.cpp:22106 [215]  (0.746 ns)

 <State 21>: 0.746ns
The critical path consists of the following:
	'load' operation ('local_B_ping_V_0_load') on array 'local_B_ping.V[0]', ./dut.cpp:22106 [215]  (0.746 ns)

 <State 22>: 1.87ns
The critical path consists of the following:
	fifo write on port 'fifo_B_PE_0_3_x1119' (/home/rcslfpgaserver/Softwares/Xilinx/Vitis_HLS/2020.2/common/technology/autopilot/hls_stream_39.h:174) [225]  (1.22 ns)
	blocking operation 0.656 ns on control path)


============================================================
+ Verbose Summary: Binding
============================================================
N/A
* FSMD analyzer results:
  - Output states:
 - Input state : 
  - Chain level:
	State 1
	State 2
	State 3
	State 4
	State 5
	State 6
	State 7
	State 8
	State 9
	State 10
	State 11
	State 12
	State 13
	State 14
	State 15
	State 16
	State 17
	State 18
	State 19
	State 20
	State 21
	State 22


============================================================
+ Verbose Summary: Datapath Resource usage 
============================================================
N/A
