

================================================================
== Vitis HLS Report for 'PE_wrapper_7_1_x2'
================================================================
* Date:           Sat Sep 17 09:30:54 2022

* Version:        2020.2 (Build 3064766 on Wed Nov 18 09:12:47 MST 2020)
* Project:        top
* Solution:       solution (Vitis Kernel Flow Target)
* Product family: virtexuplus
* Target device:  xcu250-figd2104-2L-e


================================================================
== Performance Estimates
================================================================
+ Timing: 
    * Summary: 
    +--------+---------+----------+------------+
    |  Clock |  Target | Estimated| Uncertainty|
    +--------+---------+----------+------------+
    |ap_clk  |  3.33 ns|  2.433 ns|     0.90 ns|
    +--------+---------+----------+------------+

+ Latency: 
    * Summary: 
    +---------+---------+----------+----------+-------+-------+---------+
    |  Latency (cycles) |  Latency (absolute) |    Interval   | Pipeline|
    |   min   |   max   |    min   |    max   |  min  |  max  |   Type  |
    +---------+---------+----------+----------+-------+-------+---------+
    |    33984|    33984|  0.113 ms|  0.113 ms|  33984|  33984|     none|
    +---------+---------+----------+----------+-------+-------+---------+

    + Detail: 
        * Instance: 
        N/A

        * Loop: 
        +------------------------------------------------------------------------------+---------+---------+----------+-----------+-----------+-------+----------+
        |                                                                              |  Latency (cycles) | Iteration|  Initiation Interval  |  Trip |          |
        |                                   Loop Name                                  |   min   |   max   |  Latency |  achieved |   target  | Count | Pipelined|
        +------------------------------------------------------------------------------+---------+---------+----------+-----------+-----------+-------+----------+
        |- PE_wrapper_7_1_x2_loop_1                                                    |     1152|     1152|        18|          -|          -|     64|        no|
        | + PE_wrapper_7_1_x2_loop_2                                                   |       16|       16|         1|          -|          -|     16|        no|
        |- PE_wrapper_7_1_x2_loop_3_PE_wrapper_7_1_x2_loop_4_PE_wrapper_7_1_x2_loop_5  |    32829|    32829|        63|          1|          1|  32768|       yes|
        +------------------------------------------------------------------------------+---------+---------+----------+-----------+-----------+-------+----------+

============================================================
+ Verbose Summary: Synthesis Manager
============================================================
InlineROM: 1
ExposeGlobal: 0
============================================================
+ Verbose Summary: CDFG Model
============================================================
IsTopModel: 0
ResetActiveHigh: 1
IsCombinational: 2
IsDatapathOnly: 0
HasWiredReturn: 1
HasMFsm: 0
HasVarLatency: 1
IsPipeline: 0
IsRtlPipelined: 0
IsInstanceOverlapped: 0
IsDontTouch: 0
HasImplIP: 0
IsGatedGlobalClock: 0

+ Individual pipeline summary: 
  * Pipeline-0: initiation interval (II) = 1, depth = 63


============================================================
+ Verbose Summary: Schedule
============================================================
* Number of FSM states : 67
* Pipeline : 1
  Pipeline-0 : II = 1, D = 63, States = { 4 5 6 7 8 9 10 11 12 13 14 15 16 17 18 19 20 21 22 23 24 25 26 27 28 29 30 31 32 33 34 35 36 37 38 39 40 41 42 43 44 45 46 47 48 49 50 51 52 53 54 55 56 57 58 59 60 61 62 63 64 65 66 }
* Dataflow Pipeline: 0

* FSM state transitions: 
1 --> 2 
2 --> 3 4 
3 --> 3 2 
4 --> 5 
5 --> 6 
6 --> 7 
7 --> 67 8 
8 --> 9 
9 --> 10 
10 --> 11 
11 --> 12 
12 --> 13 
13 --> 14 
14 --> 15 
15 --> 16 
16 --> 17 
17 --> 18 
18 --> 19 
19 --> 20 
20 --> 21 
21 --> 22 
22 --> 23 
23 --> 24 
24 --> 25 
25 --> 26 
26 --> 27 
27 --> 28 
28 --> 29 
29 --> 30 
30 --> 31 
31 --> 32 
32 --> 33 
33 --> 34 
34 --> 35 
35 --> 36 
36 --> 37 
37 --> 38 
38 --> 39 
39 --> 40 
40 --> 41 
41 --> 42 
42 --> 43 
43 --> 44 
44 --> 45 
45 --> 46 
46 --> 47 
47 --> 48 
48 --> 49 
49 --> 50 
50 --> 51 
51 --> 52 
52 --> 53 
53 --> 54 
54 --> 55 
55 --> 56 
56 --> 57 
57 --> 58 
58 --> 59 
59 --> 60 
60 --> 61 
61 --> 62 
62 --> 63 
63 --> 64 
64 --> 65 
65 --> 66 
66 --> 4 
67 --> 

* FSM state operations: 

State 1 <SV = 0> <Delay = 0.38>
ST_1 : Operation 68 [1/1] (0.00ns)   --->   "%specinterface_ln0 = specinterface void @_ssdm_op_SpecInterface, i32 %fifo_C_drain_PE_7_1_x2103, void @empty_198, i32 0, i32 0, void @empty_647, i32 0, i32 0, void @empty_647, void @empty_647, void @empty_647, i32 0, i32 0, i32 0, i32 0, void @empty_647, void @empty_647"   --->   Operation 68 'specinterface' 'specinterface_ln0' <Predicate = true> <Delay = 0.00>
ST_1 : Operation 69 [1/1] (0.00ns)   --->   "%specinterface_ln0 = specinterface void @_ssdm_op_SpecInterface, i256 %fifo_B_PE_8_1_x277, void @empty_198, i32 0, i32 0, void @empty_647, i32 0, i32 0, void @empty_647, void @empty_647, void @empty_647, i32 0, i32 0, i32 0, i32 0, void @empty_647, void @empty_647"   --->   Operation 69 'specinterface' 'specinterface_ln0' <Predicate = true> <Delay = 0.00>
ST_1 : Operation 70 [1/1] (0.00ns)   --->   "%specinterface_ln0 = specinterface void @_ssdm_op_SpecInterface, i256 %fifo_B_PE_7_1_x276, void @empty_198, i32 0, i32 0, void @empty_647, i32 0, i32 0, void @empty_647, void @empty_647, void @empty_647, i32 0, i32 0, i32 0, i32 0, void @empty_647, void @empty_647"   --->   Operation 70 'specinterface' 'specinterface_ln0' <Predicate = true> <Delay = 0.00>
ST_1 : Operation 71 [1/1] (0.00ns)   --->   "%specinterface_ln0 = specinterface void @_ssdm_op_SpecInterface, i256 %fifo_A_PE_7_2_x239, void @empty_198, i32 0, i32 0, void @empty_647, i32 0, i32 0, void @empty_647, void @empty_647, void @empty_647, i32 0, i32 0, i32 0, i32 0, void @empty_647, void @empty_647"   --->   Operation 71 'specinterface' 'specinterface_ln0' <Predicate = true> <Delay = 0.00>
ST_1 : Operation 72 [1/1] (0.00ns)   --->   "%specinterface_ln0 = specinterface void @_ssdm_op_SpecInterface, i256 %fifo_A_PE_7_1_x238, void @empty_198, i32 0, i32 0, void @empty_647, i32 0, i32 0, void @empty_647, void @empty_647, void @empty_647, i32 0, i32 0, i32 0, i32 0, void @empty_647, void @empty_647"   --->   Operation 72 'specinterface' 'specinterface_ln0' <Predicate = true> <Delay = 0.00>
ST_1 : Operation 73 [1/1] (0.00ns)   --->   "%local_C = alloca i64 1" [./dut.cpp:14701]   --->   Operation 73 'alloca' 'local_C' <Predicate = true> <Delay = 0.00> <CoreInst = "RAM_2P_BRAM">   --->   Core 94 'RAM_2P_BRAM' <Latency = 1> <II = 1> <Delay = 1.20> <Storage> <Opcode : 'load' 'store'> <Ports = 2> <Width = 32> <Depth = 1024> <RAM>
ST_1 : Operation 74 [1/1] (0.00ns)   --->   "%specmemcore_ln14701 = specmemcore void @_ssdm_op_SpecMemCore, i32 %local_C, i64 666, i64 22, i64 18446744073709551615" [./dut.cpp:14701]   --->   Operation 74 'specmemcore' 'specmemcore_ln14701' <Predicate = true> <Delay = 0.00>
ST_1 : Operation 75 [1/1] (0.00ns)   --->   "%specmemcore_ln14702 = specmemcore void @_ssdm_op_SpecMemCore, i32 %local_C, i64 666, i64 22, i64 18446744073709551615" [./dut.cpp:14702]   --->   Operation 75 'specmemcore' 'specmemcore_ln14702' <Predicate = true> <Delay = 0.00>
ST_1 : Operation 76 [1/1] (0.38ns)   --->   "%br_ln14709 = br void" [./dut.cpp:14709]   --->   Operation 76 'br' 'br_ln14709' <Predicate = true> <Delay = 0.38>

State 2 <SV = 1> <Delay = 0.70>
ST_2 : Operation 77 [1/1] (0.00ns)   --->   "%c6_V = phi i7 %add_ln691, void, i7 0, void"   --->   Operation 77 'phi' 'c6_V' <Predicate = true> <Delay = 0.00>
ST_2 : Operation 78 [1/1] (0.70ns)   --->   "%add_ln691 = add i7 %c6_V, i7 1"   --->   Operation 78 'add' 'add_ln691' <Predicate = true> <Delay = 0.70> <CoreInst = "Adder">   --->   Core 1 'Adder' <Latency = 0> <II = 1> <Delay = 0.72> <FuncUnit> <Opcode : 'add' 'sub'> <InPorts = 2> <OutPorts = 1>
ST_2 : Operation 79 [1/1] (0.00ns)   --->   "%zext_ln890 = zext i7 %c6_V"   --->   Operation 79 'zext' 'zext_ln890' <Predicate = true> <Delay = 0.00>
ST_2 : Operation 80 [1/1] (0.59ns)   --->   "%icmp_ln890 = icmp_eq  i7 %c6_V, i7 64"   --->   Operation 80 'icmp' 'icmp_ln890' <Predicate = true> <Delay = 0.59> <CoreInst = "Cmp">   --->   Core 9 'Cmp' <Latency = 0> <II = 1> <Delay = 0.63> <FuncUnit> <Opcode : 'icmp'> <InPorts = 2> <OutPorts = 1>
ST_2 : Operation 81 [1/1] (0.00ns)   --->   "%speclooptripcount_ln0 = speclooptripcount void @_ssdm_op_SpecLoopTripCount, i64 64, i64 64, i64 64"   --->   Operation 81 'speclooptripcount' 'speclooptripcount_ln0' <Predicate = true> <Delay = 0.00>
ST_2 : Operation 82 [1/1] (0.00ns)   --->   "%br_ln14709 = br i1 %icmp_ln890, void %.split42, void %.preheader.preheader.preheader" [./dut.cpp:14709]   --->   Operation 82 'br' 'br_ln14709' <Predicate = true> <Delay = 0.00>
ST_2 : Operation 83 [1/1] (0.00ns)   --->   "%specloopname_ln14709 = specloopname void @_ssdm_op_SpecLoopName, void @empty_670" [./dut.cpp:14709]   --->   Operation 83 'specloopname' 'specloopname_ln14709' <Predicate = (!icmp_ln890)> <Delay = 0.00>
ST_2 : Operation 84 [1/1] (0.38ns)   --->   "%br_ln14711 = br void" [./dut.cpp:14711]   --->   Operation 84 'br' 'br_ln14711' <Predicate = (!icmp_ln890)> <Delay = 0.38>
ST_2 : Operation 85 [1/1] (0.38ns)   --->   "%br_ln14719 = br void %.preheader.preheader" [./dut.cpp:14719]   --->   Operation 85 'br' 'br_ln14719' <Predicate = (icmp_ln890)> <Delay = 0.38>

State 3 <SV = 2> <Delay = 1.92>
ST_3 : Operation 86 [1/1] (0.00ns)   --->   "%c7_V = phi i5 %add_ln691_51, void %.split40, i5 0, void %.split42"   --->   Operation 86 'phi' 'c7_V' <Predicate = true> <Delay = 0.00>
ST_3 : Operation 87 [1/1] (0.70ns)   --->   "%add_ln691_51 = add i5 %c7_V, i5 1"   --->   Operation 87 'add' 'add_ln691_51' <Predicate = true> <Delay = 0.70> <CoreInst = "Adder">   --->   Core 1 'Adder' <Latency = 0> <II = 1> <Delay = 0.72> <FuncUnit> <Opcode : 'add' 'sub'> <InPorts = 2> <OutPorts = 1>
ST_3 : Operation 88 [1/1] (0.00ns)   --->   "%trunc_ln14714 = trunc i5 %c7_V" [./dut.cpp:14714]   --->   Operation 88 'trunc' 'trunc_ln14714' <Predicate = true> <Delay = 0.00>
ST_3 : Operation 89 [1/1] (0.00ns)   --->   "%tmp_47_cast = bitconcatenate i10 @_ssdm_op_BitConcatenate.i10.i4.i6, i4 %trunc_ln14714, i6 0" [./dut.cpp:14714]   --->   Operation 89 'bitconcatenate' 'tmp_47_cast' <Predicate = true> <Delay = 0.00>
ST_3 : Operation 90 [1/1] (0.72ns)   --->   "%add_ln14714 = add i10 %tmp_47_cast, i10 %zext_ln890" [./dut.cpp:14714]   --->   Operation 90 'add' 'add_ln14714' <Predicate = true> <Delay = 0.72> <CoreInst = "Adder">   --->   Core 1 'Adder' <Latency = 0> <II = 1> <Delay = 0.72> <FuncUnit> <Opcode : 'add' 'sub'> <InPorts = 2> <OutPorts = 1>
ST_3 : Operation 91 [1/1] (0.00ns)   --->   "%zext_ln14714 = zext i10 %add_ln14714" [./dut.cpp:14714]   --->   Operation 91 'zext' 'zext_ln14714' <Predicate = true> <Delay = 0.00>
ST_3 : Operation 92 [1/1] (0.00ns)   --->   "%local_C_addr = getelementptr i32 %local_C, i64 0, i64 %zext_ln14714" [./dut.cpp:14714]   --->   Operation 92 'getelementptr' 'local_C_addr' <Predicate = true> <Delay = 0.00>
ST_3 : Operation 93 [1/1] (0.63ns)   --->   "%icmp_ln890_42 = icmp_eq  i5 %c7_V, i5 16"   --->   Operation 93 'icmp' 'icmp_ln890_42' <Predicate = true> <Delay = 0.63> <CoreInst = "Cmp">   --->   Core 9 'Cmp' <Latency = 0> <II = 1> <Delay = 0.63> <FuncUnit> <Opcode : 'icmp'> <InPorts = 2> <OutPorts = 1>
ST_3 : Operation 94 [1/1] (0.00ns)   --->   "%speclooptripcount_ln0 = speclooptripcount void @_ssdm_op_SpecLoopTripCount, i64 16, i64 16, i64 16"   --->   Operation 94 'speclooptripcount' 'speclooptripcount_ln0' <Predicate = true> <Delay = 0.00>
ST_3 : Operation 95 [1/1] (0.00ns)   --->   "%br_ln14711 = br i1 %icmp_ln890_42, void %.split40, void" [./dut.cpp:14711]   --->   Operation 95 'br' 'br_ln14711' <Predicate = true> <Delay = 0.00>
ST_3 : Operation 96 [1/1] (0.00ns)   --->   "%specloopname_ln14711 = specloopname void @_ssdm_op_SpecLoopName, void @empty_673" [./dut.cpp:14711]   --->   Operation 96 'specloopname' 'specloopname_ln14711' <Predicate = (!icmp_ln890_42)> <Delay = 0.00>
ST_3 : Operation 97 [1/1] (1.20ns)   --->   "%store_ln14714 = store i32 0, i10 %local_C_addr" [./dut.cpp:14714]   --->   Operation 97 'store' 'store_ln14714' <Predicate = (!icmp_ln890_42)> <Delay = 1.20> <CoreInst = "RAM_2P_BRAM">   --->   Core 94 'RAM_2P_BRAM' <Latency = 1> <II = 1> <Delay = 1.20> <Storage> <Opcode : 'load' 'store'> <Ports = 2> <Width = 32> <Depth = 1024> <RAM>
ST_3 : Operation 98 [1/1] (0.00ns)   --->   "%br_ln0 = br void"   --->   Operation 98 'br' 'br_ln0' <Predicate = (!icmp_ln890_42)> <Delay = 0.00>
ST_3 : Operation 99 [1/1] (0.00ns)   --->   "%br_ln0 = br void"   --->   Operation 99 'br' 'br_ln0' <Predicate = (icmp_ln890_42)> <Delay = 0.00>

State 4 <SV = 2> <Delay = 0.78>
ST_4 : Operation 100 [1/1] (0.00ns)   --->   "%indvar_flatten13 = phi i16 %add_ln890_21, void %._crit_edge, i16 0, void %.preheader.preheader.preheader"   --->   Operation 100 'phi' 'indvar_flatten13' <Predicate = true> <Delay = 0.00>
ST_4 : Operation 101 [1/1] (0.78ns)   --->   "%add_ln890_21 = add i16 %indvar_flatten13, i16 1"   --->   Operation 101 'add' 'add_ln890_21' <Predicate = true> <Delay = 0.78> <CoreInst = "Adder">   --->   Core 1 'Adder' <Latency = 0> <II = 1> <Delay = 0.72> <FuncUnit> <Opcode : 'add' 'sub'> <InPorts = 2> <OutPorts = 1>
ST_4 : Operation 102 [1/1] (0.67ns)   --->   "%icmp_ln890_41 = icmp_eq  i16 %indvar_flatten13, i16 32768"   --->   Operation 102 'icmp' 'icmp_ln890_41' <Predicate = true> <Delay = 0.67> <CoreInst = "Cmp">   --->   Core 9 'Cmp' <Latency = 0> <II = 1> <Delay = 0.63> <FuncUnit> <Opcode : 'icmp'> <InPorts = 2> <OutPorts = 1>
ST_4 : Operation 103 [1/1] (0.00ns)   --->   "%br_ln890 = br i1 %icmp_ln890_41, void %.preheader, void"   --->   Operation 103 'br' 'br_ln890' <Predicate = true> <Delay = 0.00>

State 5 <SV = 3> <Delay = 2.43>
ST_5 : Operation 104 [1/1] (1.21ns)   --->   "%p_Result_13 = read i256 @_ssdm_op_Read.ap_fifo.volatile.i256P0A, i256 %fifo_A_PE_7_1_x238" [/home/rcslfpgaserver/Softwares/Xilinx/Vitis_HLS/2020.2/common/technology/autopilot/hls_stream_39.h:145]   --->   Operation 104 'read' 'p_Result_13' <Predicate = (!icmp_ln890_41)> <Delay = 1.21> <CoreInst = "FIFO_SRL">   --->   Core 81 'FIFO_SRL' <Latency = 0> <II = 1> <Delay = 1.42> <Storage> <Opcode : 'read' 'write' 'nbread' 'nbwrite'> <Ports = 0> <Width = 256> <Depth = 2> <FIFO>
ST_5 : Operation 105 [1/1] (0.00ns)   --->   "%v2_V_187 = trunc i256 %p_Result_13"   --->   Operation 105 'trunc' 'v2_V_187' <Predicate = (!icmp_ln890_41)> <Delay = 0.00>
ST_5 : Operation 106 [1/1] (0.00ns)   --->   "%v2_V_188 = partselect i32 @_ssdm_op_PartSelect.i32.i256.i32.i32, i256 %p_Result_13, i32 32, i32 63"   --->   Operation 106 'partselect' 'v2_V_188' <Predicate = (!icmp_ln890_41)> <Delay = 0.00>
ST_5 : Operation 107 [1/1] (0.00ns)   --->   "%v2_V_189 = partselect i32 @_ssdm_op_PartSelect.i32.i256.i32.i32, i256 %p_Result_13, i32 64, i32 95"   --->   Operation 107 'partselect' 'v2_V_189' <Predicate = (!icmp_ln890_41)> <Delay = 0.00>
ST_5 : Operation 108 [1/1] (0.00ns)   --->   "%v2_V_190 = partselect i32 @_ssdm_op_PartSelect.i32.i256.i32.i32, i256 %p_Result_13, i32 96, i32 127"   --->   Operation 108 'partselect' 'v2_V_190' <Predicate = (!icmp_ln890_41)> <Delay = 0.00>
ST_5 : Operation 109 [1/1] (0.00ns)   --->   "%v2_V_191 = partselect i32 @_ssdm_op_PartSelect.i32.i256.i32.i32, i256 %p_Result_13, i32 128, i32 159"   --->   Operation 109 'partselect' 'v2_V_191' <Predicate = (!icmp_ln890_41)> <Delay = 0.00>
ST_5 : Operation 110 [1/1] (0.00ns)   --->   "%v2_V_192 = partselect i32 @_ssdm_op_PartSelect.i32.i256.i32.i32, i256 %p_Result_13, i32 160, i32 191"   --->   Operation 110 'partselect' 'v2_V_192' <Predicate = (!icmp_ln890_41)> <Delay = 0.00>
ST_5 : Operation 111 [1/1] (0.00ns)   --->   "%v2_V_193 = partselect i32 @_ssdm_op_PartSelect.i32.i256.i32.i32, i256 %p_Result_13, i32 192, i32 223"   --->   Operation 111 'partselect' 'v2_V_193' <Predicate = (!icmp_ln890_41)> <Delay = 0.00>
ST_5 : Operation 112 [1/1] (0.00ns)   --->   "%v1_V_13 = partselect i32 @_ssdm_op_PartSelect.i32.i256.i32.i32, i256 %p_Result_13, i32 224, i32 255"   --->   Operation 112 'partselect' 'v1_V_13' <Predicate = (!icmp_ln890_41)> <Delay = 0.00>
ST_5 : Operation 113 [1/1] (1.21ns)   --->   "%p_Result_s = read i256 @_ssdm_op_Read.ap_fifo.volatile.i256P0A, i256 %fifo_B_PE_7_1_x276" [/home/rcslfpgaserver/Softwares/Xilinx/Vitis_HLS/2020.2/common/technology/autopilot/hls_stream_39.h:145]   --->   Operation 113 'read' 'p_Result_s' <Predicate = (!icmp_ln890_41)> <Delay = 1.21> <CoreInst = "FIFO_SRL">   --->   Core 81 'FIFO_SRL' <Latency = 0> <II = 1> <Delay = 1.42> <Storage> <Opcode : 'read' 'write' 'nbread' 'nbwrite'> <Ports = 0> <Width = 256> <Depth = 2> <FIFO>
ST_5 : Operation 114 [1/1] (0.00ns)   --->   "%v2_V = trunc i256 %p_Result_s"   --->   Operation 114 'trunc' 'v2_V' <Predicate = (!icmp_ln890_41)> <Delay = 0.00>
ST_5 : Operation 115 [1/1] (0.00ns)   --->   "%v2_V_181 = partselect i32 @_ssdm_op_PartSelect.i32.i256.i32.i32, i256 %p_Result_s, i32 32, i32 63"   --->   Operation 115 'partselect' 'v2_V_181' <Predicate = (!icmp_ln890_41)> <Delay = 0.00>
ST_5 : Operation 116 [1/1] (0.00ns)   --->   "%v2_V_182 = partselect i32 @_ssdm_op_PartSelect.i32.i256.i32.i32, i256 %p_Result_s, i32 64, i32 95"   --->   Operation 116 'partselect' 'v2_V_182' <Predicate = (!icmp_ln890_41)> <Delay = 0.00>
ST_5 : Operation 117 [1/1] (0.00ns)   --->   "%v2_V_183 = partselect i32 @_ssdm_op_PartSelect.i32.i256.i32.i32, i256 %p_Result_s, i32 96, i32 127"   --->   Operation 117 'partselect' 'v2_V_183' <Predicate = (!icmp_ln890_41)> <Delay = 0.00>
ST_5 : Operation 118 [1/1] (0.00ns)   --->   "%v2_V_184 = partselect i32 @_ssdm_op_PartSelect.i32.i256.i32.i32, i256 %p_Result_s, i32 128, i32 159"   --->   Operation 118 'partselect' 'v2_V_184' <Predicate = (!icmp_ln890_41)> <Delay = 0.00>
ST_5 : Operation 119 [1/1] (0.00ns)   --->   "%v2_V_185 = partselect i32 @_ssdm_op_PartSelect.i32.i256.i32.i32, i256 %p_Result_s, i32 160, i32 191"   --->   Operation 119 'partselect' 'v2_V_185' <Predicate = (!icmp_ln890_41)> <Delay = 0.00>
ST_5 : Operation 120 [1/1] (0.00ns)   --->   "%v2_V_186 = partselect i32 @_ssdm_op_PartSelect.i32.i256.i32.i32, i256 %p_Result_s, i32 192, i32 223"   --->   Operation 120 'partselect' 'v2_V_186' <Predicate = (!icmp_ln890_41)> <Delay = 0.00>
ST_5 : Operation 121 [1/1] (0.00ns)   --->   "%v1_V = partselect i32 @_ssdm_op_PartSelect.i32.i256.i32.i32, i256 %p_Result_s, i32 224, i32 255"   --->   Operation 121 'partselect' 'v1_V' <Predicate = (!icmp_ln890_41)> <Delay = 0.00>
ST_5 : Operation 122 [1/1] (1.21ns)   --->   "%write_ln174 = write void @_ssdm_op_Write.ap_fifo.volatile.i256P0A, i256 %fifo_B_PE_8_1_x277, i256 %p_Result_s" [/home/rcslfpgaserver/Softwares/Xilinx/Vitis_HLS/2020.2/common/technology/autopilot/hls_stream_39.h:174]   --->   Operation 122 'write' 'write_ln174' <Predicate = (!icmp_ln890_41)> <Delay = 1.21> <CoreInst = "FIFO_SRL">   --->   Core 81 'FIFO_SRL' <Latency = 0> <II = 1> <Delay = 1.42> <Storage> <Opcode : 'read' 'write' 'nbread' 'nbwrite'> <Ports = 0> <Width = 256> <Depth = 2> <FIFO>
ST_5 : Operation 123 [1/1] (1.21ns)   --->   "%write_ln174 = write void @_ssdm_op_Write.ap_fifo.volatile.i256P0A, i256 %fifo_A_PE_7_2_x239, i256 %p_Result_13" [/home/rcslfpgaserver/Softwares/Xilinx/Vitis_HLS/2020.2/common/technology/autopilot/hls_stream_39.h:174]   --->   Operation 123 'write' 'write_ln174' <Predicate = (!icmp_ln890_41)> <Delay = 1.21> <CoreInst = "FIFO_SRL">   --->   Core 81 'FIFO_SRL' <Latency = 0> <II = 1> <Delay = 1.42> <Storage> <Opcode : 'read' 'write' 'nbread' 'nbwrite'> <Ports = 0> <Width = 256> <Depth = 2> <FIFO>

State 6 <SV = 4> <Delay = 2.32>
ST_6 : Operation 124 [1/1] (0.00ns)   --->   "%u0_13 = bitcast i32 %v2_V_187" [./dut.cpp:14734]   --->   Operation 124 'bitcast' 'u0_13' <Predicate = (!icmp_ln890_41)> <Delay = 0.00>
ST_6 : Operation 125 [1/1] (0.00ns)   --->   "%u1_13 = bitcast i32 %v2_V_188" [./dut.cpp:14734]   --->   Operation 125 'bitcast' 'u1_13' <Predicate = (!icmp_ln890_41)> <Delay = 0.00>
ST_6 : Operation 126 [1/1] (0.00ns)   --->   "%u2_13 = bitcast i32 %v2_V_189" [./dut.cpp:14734]   --->   Operation 126 'bitcast' 'u2_13' <Predicate = (!icmp_ln890_41)> <Delay = 0.00>
ST_6 : Operation 127 [1/1] (0.00ns)   --->   "%u3_13 = bitcast i32 %v2_V_190" [./dut.cpp:14734]   --->   Operation 127 'bitcast' 'u3_13' <Predicate = (!icmp_ln890_41)> <Delay = 0.00>
ST_6 : Operation 128 [1/1] (0.00ns)   --->   "%u4_13 = bitcast i32 %v2_V_191" [./dut.cpp:14734]   --->   Operation 128 'bitcast' 'u4_13' <Predicate = (!icmp_ln890_41)> <Delay = 0.00>
ST_6 : Operation 129 [1/1] (0.00ns)   --->   "%u5_13 = bitcast i32 %v2_V_192" [./dut.cpp:14734]   --->   Operation 129 'bitcast' 'u5_13' <Predicate = (!icmp_ln890_41)> <Delay = 0.00>
ST_6 : Operation 130 [1/1] (0.00ns)   --->   "%u6_13 = bitcast i32 %v2_V_193" [./dut.cpp:14734]   --->   Operation 130 'bitcast' 'u6_13' <Predicate = (!icmp_ln890_41)> <Delay = 0.00>
ST_6 : Operation 131 [1/1] (0.00ns)   --->   "%u7_13 = bitcast i32 %v1_V_13" [./dut.cpp:14734]   --->   Operation 131 'bitcast' 'u7_13' <Predicate = (!icmp_ln890_41)> <Delay = 0.00>
ST_6 : Operation 132 [1/1] (0.00ns)   --->   "%u0 = bitcast i32 %v2_V" [./dut.cpp:14747]   --->   Operation 132 'bitcast' 'u0' <Predicate = (!icmp_ln890_41)> <Delay = 0.00>
ST_6 : Operation 133 [1/1] (0.00ns)   --->   "%u1 = bitcast i32 %v2_V_181" [./dut.cpp:14747]   --->   Operation 133 'bitcast' 'u1' <Predicate = (!icmp_ln890_41)> <Delay = 0.00>
ST_6 : Operation 134 [1/1] (0.00ns)   --->   "%u2 = bitcast i32 %v2_V_182" [./dut.cpp:14747]   --->   Operation 134 'bitcast' 'u2' <Predicate = (!icmp_ln890_41)> <Delay = 0.00>
ST_6 : Operation 135 [1/1] (0.00ns)   --->   "%u3 = bitcast i32 %v2_V_183" [./dut.cpp:14747]   --->   Operation 135 'bitcast' 'u3' <Predicate = (!icmp_ln890_41)> <Delay = 0.00>
ST_6 : Operation 136 [1/1] (0.00ns)   --->   "%u4 = bitcast i32 %v2_V_184" [./dut.cpp:14747]   --->   Operation 136 'bitcast' 'u4' <Predicate = (!icmp_ln890_41)> <Delay = 0.00>
ST_6 : Operation 137 [1/1] (0.00ns)   --->   "%u5 = bitcast i32 %v2_V_185" [./dut.cpp:14747]   --->   Operation 137 'bitcast' 'u5' <Predicate = (!icmp_ln890_41)> <Delay = 0.00>
ST_6 : Operation 138 [1/1] (0.00ns)   --->   "%u6 = bitcast i32 %v2_V_186" [./dut.cpp:14747]   --->   Operation 138 'bitcast' 'u6' <Predicate = (!icmp_ln890_41)> <Delay = 0.00>
ST_6 : Operation 139 [1/1] (0.00ns)   --->   "%u7 = bitcast i32 %v1_V" [./dut.cpp:14747]   --->   Operation 139 'bitcast' 'u7' <Predicate = (!icmp_ln890_41)> <Delay = 0.00>
ST_6 : Operation 140 [4/4] (2.32ns)   --->   "%mul = fmul i32 %u0_13, i32 %u0" [./dut.cpp:14753]   --->   Operation 140 'fmul' 'mul' <Predicate = (!icmp_ln890_41)> <Delay = 2.32> <CoreInst = "FMul_maxdsp">   --->   Core 30 'FMul_maxdsp' <Latency = 3> <II = 1> <Delay = 2.32> <FuncUnit> <Opcode : 'fmul'> <InPorts = 2> <OutPorts = 1>
ST_6 : Operation 141 [4/4] (2.32ns)   --->   "%mul_1 = fmul i32 %u1_13, i32 %u1" [./dut.cpp:14753]   --->   Operation 141 'fmul' 'mul_1' <Predicate = (!icmp_ln890_41)> <Delay = 2.32> <CoreInst = "FMul_maxdsp">   --->   Core 30 'FMul_maxdsp' <Latency = 3> <II = 1> <Delay = 2.32> <FuncUnit> <Opcode : 'fmul'> <InPorts = 2> <OutPorts = 1>
ST_6 : Operation 142 [4/4] (2.32ns)   --->   "%mul_2 = fmul i32 %u2_13, i32 %u2" [./dut.cpp:14753]   --->   Operation 142 'fmul' 'mul_2' <Predicate = (!icmp_ln890_41)> <Delay = 2.32> <CoreInst = "FMul_maxdsp">   --->   Core 30 'FMul_maxdsp' <Latency = 3> <II = 1> <Delay = 2.32> <FuncUnit> <Opcode : 'fmul'> <InPorts = 2> <OutPorts = 1>
ST_6 : Operation 143 [4/4] (2.32ns)   --->   "%mul_3 = fmul i32 %u3_13, i32 %u3" [./dut.cpp:14753]   --->   Operation 143 'fmul' 'mul_3' <Predicate = (!icmp_ln890_41)> <Delay = 2.32> <CoreInst = "FMul_maxdsp">   --->   Core 30 'FMul_maxdsp' <Latency = 3> <II = 1> <Delay = 2.32> <FuncUnit> <Opcode : 'fmul'> <InPorts = 2> <OutPorts = 1>
ST_6 : Operation 144 [4/4] (2.32ns)   --->   "%mul_4 = fmul i32 %u4_13, i32 %u4" [./dut.cpp:14753]   --->   Operation 144 'fmul' 'mul_4' <Predicate = (!icmp_ln890_41)> <Delay = 2.32> <CoreInst = "FMul_maxdsp">   --->   Core 30 'FMul_maxdsp' <Latency = 3> <II = 1> <Delay = 2.32> <FuncUnit> <Opcode : 'fmul'> <InPorts = 2> <OutPorts = 1>
ST_6 : Operation 145 [4/4] (2.32ns)   --->   "%mul_5 = fmul i32 %u5_13, i32 %u5" [./dut.cpp:14753]   --->   Operation 145 'fmul' 'mul_5' <Predicate = (!icmp_ln890_41)> <Delay = 2.32> <CoreInst = "FMul_maxdsp">   --->   Core 30 'FMul_maxdsp' <Latency = 3> <II = 1> <Delay = 2.32> <FuncUnit> <Opcode : 'fmul'> <InPorts = 2> <OutPorts = 1>
ST_6 : Operation 146 [4/4] (2.32ns)   --->   "%mul_6 = fmul i32 %u6_13, i32 %u6" [./dut.cpp:14753]   --->   Operation 146 'fmul' 'mul_6' <Predicate = (!icmp_ln890_41)> <Delay = 2.32> <CoreInst = "FMul_maxdsp">   --->   Core 30 'FMul_maxdsp' <Latency = 3> <II = 1> <Delay = 2.32> <FuncUnit> <Opcode : 'fmul'> <InPorts = 2> <OutPorts = 1>
ST_6 : Operation 147 [4/4] (2.32ns)   --->   "%mul_7 = fmul i32 %u7_13, i32 %u7" [./dut.cpp:14753]   --->   Operation 147 'fmul' 'mul_7' <Predicate = (!icmp_ln890_41)> <Delay = 2.32> <CoreInst = "FMul_maxdsp">   --->   Core 30 'FMul_maxdsp' <Latency = 3> <II = 1> <Delay = 2.32> <FuncUnit> <Opcode : 'fmul'> <InPorts = 2> <OutPorts = 1>

State 7 <SV = 5> <Delay = 2.32>
ST_7 : Operation 148 [1/1] (0.00ns)   --->   "%c5_V = phi i6 %select_ln890, void %._crit_edge, i6 0, void %.preheader.preheader.preheader"   --->   Operation 148 'phi' 'c5_V' <Predicate = true> <Delay = 0.00>
ST_7 : Operation 149 [1/1] (0.00ns)   --->   "%indvar_flatten = phi i12 %select_ln890_55, void %._crit_edge, i12 0, void %.preheader.preheader.preheader"   --->   Operation 149 'phi' 'indvar_flatten' <Predicate = true> <Delay = 0.00>
ST_7 : Operation 150 [1/1] (0.00ns)   --->   "%c6_V_13 = phi i7 %select_ln890_54, void %._crit_edge, i7 0, void %.preheader.preheader.preheader"   --->   Operation 150 'phi' 'c6_V_13' <Predicate = true> <Delay = 0.00>
ST_7 : Operation 151 [1/1] (0.00ns)   --->   "%c7_V_13 = phi i5 %add_ln691_54, void %._crit_edge, i5 0, void %.preheader.preheader.preheader"   --->   Operation 151 'phi' 'c7_V_13' <Predicate = true> <Delay = 0.00>
ST_7 : Operation 152 [1/1] (0.70ns)   --->   "%add_ln691_52 = add i6 %c5_V, i6 1"   --->   Operation 152 'add' 'add_ln691_52' <Predicate = (!icmp_ln890_41)> <Delay = 0.70> <CoreInst = "Adder">   --->   Core 1 'Adder' <Latency = 0> <II = 1> <Delay = 0.72> <FuncUnit> <Opcode : 'add' 'sub'> <InPorts = 2> <OutPorts = 1>
ST_7 : Operation 153 [1/1] (0.62ns)   --->   "%icmp_ln890_43 = icmp_eq  i12 %indvar_flatten, i12 1024"   --->   Operation 153 'icmp' 'icmp_ln890_43' <Predicate = (!icmp_ln890_41)> <Delay = 0.62> <CoreInst = "Cmp">   --->   Core 9 'Cmp' <Latency = 0> <II = 1> <Delay = 0.63> <FuncUnit> <Opcode : 'icmp'> <InPorts = 2> <OutPorts = 1>
ST_7 : Operation 154 [1/1] (0.30ns)   --->   "%select_ln14719 = select i1 %icmp_ln890_43, i7 0, i7 %c6_V_13" [./dut.cpp:14719]   --->   Operation 154 'select' 'select_ln14719' <Predicate = (!icmp_ln890_41)> <Delay = 0.30> <CoreInst = "Sel">   --->   Core 73 'Sel' <Latency = 0> <II = 1> <Delay = 0.29> <FuncUnit> <Opcode : 'select'> <InPorts = 3> <OutPorts = 1>
ST_7 : Operation 155 [1/1] (0.61ns)   --->   "%cmp_i_i_mid1 = icmp_eq  i6 %add_ln691_52, i6 31"   --->   Operation 155 'icmp' 'cmp_i_i_mid1' <Predicate = (!icmp_ln890_41)> <Delay = 0.61> <CoreInst = "Cmp">   --->   Core 9 'Cmp' <Latency = 0> <II = 1> <Delay = 0.63> <FuncUnit> <Opcode : 'icmp'> <InPorts = 2> <OutPorts = 1>
ST_7 : Operation 156 [1/1] (0.61ns)   --->   "%cmp_i_i24 = icmp_eq  i6 %c5_V, i6 31"   --->   Operation 156 'icmp' 'cmp_i_i24' <Predicate = (!icmp_ln890_41)> <Delay = 0.61> <CoreInst = "Cmp">   --->   Core 9 'Cmp' <Latency = 0> <II = 1> <Delay = 0.63> <FuncUnit> <Opcode : 'icmp'> <InPorts = 2> <OutPorts = 1>
ST_7 : Operation 157 [1/1] (0.27ns)   --->   "%select_ln14719_1 = select i1 %icmp_ln890_43, i1 %cmp_i_i_mid1, i1 %cmp_i_i24" [./dut.cpp:14719]   --->   Operation 157 'select' 'select_ln14719_1' <Predicate = (!icmp_ln890_41)> <Delay = 0.27> <CoreInst = "Sel">   --->   Core 73 'Sel' <Latency = 0> <II = 1> <Delay = 0.29> <FuncUnit> <Opcode : 'select'> <InPorts = 3> <OutPorts = 1>
ST_7 : Operation 158 [1/1] (0.00ns) (grouped into LUT with out node and_ln14719)   --->   "%xor_ln14719 = xor i1 %icmp_ln890_43, i1 1" [./dut.cpp:14719]   --->   Operation 158 'xor' 'xor_ln14719' <Predicate = (!icmp_ln890_41)> <Delay = 0.00> <CoreInst = "LogicGate">   --->   Core 74 'LogicGate' <Latency = 0> <II = 1> <Delay = 0.12> <FuncUnit> <Opcode : 'and' 'or' 'xor'> <InPorts = 2> <OutPorts = 1>
ST_7 : Operation 159 [1/1] (0.63ns)   --->   "%icmp_ln890_44 = icmp_eq  i5 %c7_V_13, i5 16"   --->   Operation 159 'icmp' 'icmp_ln890_44' <Predicate = (!icmp_ln890_41)> <Delay = 0.63> <CoreInst = "Cmp">   --->   Core 9 'Cmp' <Latency = 0> <II = 1> <Delay = 0.63> <FuncUnit> <Opcode : 'icmp'> <InPorts = 2> <OutPorts = 1>
ST_7 : Operation 160 [1/1] (0.12ns) (out node of the LUT)   --->   "%and_ln14719 = and i1 %icmp_ln890_44, i1 %xor_ln14719" [./dut.cpp:14719]   --->   Operation 160 'and' 'and_ln14719' <Predicate = (!icmp_ln890_41)> <Delay = 0.12> <CoreInst = "LogicGate">   --->   Core 74 'LogicGate' <Latency = 0> <II = 1> <Delay = 0.12> <FuncUnit> <Opcode : 'and' 'or' 'xor'> <InPorts = 2> <OutPorts = 1>
ST_7 : Operation 161 [1/1] (0.29ns)   --->   "%select_ln890 = select i1 %icmp_ln890_43, i6 %add_ln691_52, i6 %c5_V"   --->   Operation 161 'select' 'select_ln890' <Predicate = (!icmp_ln890_41)> <Delay = 0.29> <CoreInst = "Sel">   --->   Core 73 'Sel' <Latency = 0> <II = 1> <Delay = 0.29> <FuncUnit> <Opcode : 'select'> <InPorts = 3> <OutPorts = 1>
ST_7 : Operation 162 [1/1] (0.70ns)   --->   "%add_ln691_53 = add i7 %select_ln14719, i7 1"   --->   Operation 162 'add' 'add_ln691_53' <Predicate = (!icmp_ln890_41)> <Delay = 0.70> <CoreInst = "Adder">   --->   Core 1 'Adder' <Latency = 0> <II = 1> <Delay = 0.72> <FuncUnit> <Opcode : 'add' 'sub'> <InPorts = 2> <OutPorts = 1>
ST_7 : Operation 163 [1/1] (0.00ns) (grouped into LUT with out node select_ln890_53)   --->   "%or_ln890 = or i1 %and_ln14719, i1 %icmp_ln890_43"   --->   Operation 163 'or' 'or_ln890' <Predicate = (!icmp_ln890_41)> <Delay = 0.00> <CoreInst = "LogicGate">   --->   Core 74 'LogicGate' <Latency = 0> <II = 1> <Delay = 0.12> <FuncUnit> <Opcode : 'and' 'or' 'xor'> <InPorts = 2> <OutPorts = 1>
ST_7 : Operation 164 [1/1] (0.27ns) (out node of the LUT)   --->   "%select_ln890_53 = select i1 %or_ln890, i5 0, i5 %c7_V_13"   --->   Operation 164 'select' 'select_ln890_53' <Predicate = (!icmp_ln890_41)> <Delay = 0.27> <CoreInst = "Sel">   --->   Core 73 'Sel' <Latency = 0> <II = 1> <Delay = 0.29> <FuncUnit> <Opcode : 'select'> <InPorts = 3> <OutPorts = 1>
ST_7 : Operation 165 [1/1] (0.30ns)   --->   "%select_ln890_54 = select i1 %and_ln14719, i7 %add_ln691_53, i7 %select_ln14719"   --->   Operation 165 'select' 'select_ln890_54' <Predicate = (!icmp_ln890_41)> <Delay = 0.30> <CoreInst = "Sel">   --->   Core 73 'Sel' <Latency = 0> <II = 1> <Delay = 0.29> <FuncUnit> <Opcode : 'select'> <InPorts = 3> <OutPorts = 1>
ST_7 : Operation 166 [1/1] (0.00ns)   --->   "%empty = trunc i5 %select_ln890_53"   --->   Operation 166 'trunc' 'empty' <Predicate = (!icmp_ln890_41)> <Delay = 0.00>
ST_7 : Operation 167 [3/4] (2.32ns)   --->   "%mul = fmul i32 %u0_13, i32 %u0" [./dut.cpp:14753]   --->   Operation 167 'fmul' 'mul' <Predicate = (!icmp_ln890_41)> <Delay = 2.32> <CoreInst = "FMul_maxdsp">   --->   Core 30 'FMul_maxdsp' <Latency = 3> <II = 1> <Delay = 2.32> <FuncUnit> <Opcode : 'fmul'> <InPorts = 2> <OutPorts = 1>
ST_7 : Operation 168 [3/4] (2.32ns)   --->   "%mul_1 = fmul i32 %u1_13, i32 %u1" [./dut.cpp:14753]   --->   Operation 168 'fmul' 'mul_1' <Predicate = (!icmp_ln890_41)> <Delay = 2.32> <CoreInst = "FMul_maxdsp">   --->   Core 30 'FMul_maxdsp' <Latency = 3> <II = 1> <Delay = 2.32> <FuncUnit> <Opcode : 'fmul'> <InPorts = 2> <OutPorts = 1>
ST_7 : Operation 169 [3/4] (2.32ns)   --->   "%mul_2 = fmul i32 %u2_13, i32 %u2" [./dut.cpp:14753]   --->   Operation 169 'fmul' 'mul_2' <Predicate = (!icmp_ln890_41)> <Delay = 2.32> <CoreInst = "FMul_maxdsp">   --->   Core 30 'FMul_maxdsp' <Latency = 3> <II = 1> <Delay = 2.32> <FuncUnit> <Opcode : 'fmul'> <InPorts = 2> <OutPorts = 1>
ST_7 : Operation 170 [3/4] (2.32ns)   --->   "%mul_3 = fmul i32 %u3_13, i32 %u3" [./dut.cpp:14753]   --->   Operation 170 'fmul' 'mul_3' <Predicate = (!icmp_ln890_41)> <Delay = 2.32> <CoreInst = "FMul_maxdsp">   --->   Core 30 'FMul_maxdsp' <Latency = 3> <II = 1> <Delay = 2.32> <FuncUnit> <Opcode : 'fmul'> <InPorts = 2> <OutPorts = 1>
ST_7 : Operation 171 [3/4] (2.32ns)   --->   "%mul_4 = fmul i32 %u4_13, i32 %u4" [./dut.cpp:14753]   --->   Operation 171 'fmul' 'mul_4' <Predicate = (!icmp_ln890_41)> <Delay = 2.32> <CoreInst = "FMul_maxdsp">   --->   Core 30 'FMul_maxdsp' <Latency = 3> <II = 1> <Delay = 2.32> <FuncUnit> <Opcode : 'fmul'> <InPorts = 2> <OutPorts = 1>
ST_7 : Operation 172 [3/4] (2.32ns)   --->   "%mul_5 = fmul i32 %u5_13, i32 %u5" [./dut.cpp:14753]   --->   Operation 172 'fmul' 'mul_5' <Predicate = (!icmp_ln890_41)> <Delay = 2.32> <CoreInst = "FMul_maxdsp">   --->   Core 30 'FMul_maxdsp' <Latency = 3> <II = 1> <Delay = 2.32> <FuncUnit> <Opcode : 'fmul'> <InPorts = 2> <OutPorts = 1>
ST_7 : Operation 173 [3/4] (2.32ns)   --->   "%mul_6 = fmul i32 %u6_13, i32 %u6" [./dut.cpp:14753]   --->   Operation 173 'fmul' 'mul_6' <Predicate = (!icmp_ln890_41)> <Delay = 2.32> <CoreInst = "FMul_maxdsp">   --->   Core 30 'FMul_maxdsp' <Latency = 3> <II = 1> <Delay = 2.32> <FuncUnit> <Opcode : 'fmul'> <InPorts = 2> <OutPorts = 1>
ST_7 : Operation 174 [3/4] (2.32ns)   --->   "%mul_7 = fmul i32 %u7_13, i32 %u7" [./dut.cpp:14753]   --->   Operation 174 'fmul' 'mul_7' <Predicate = (!icmp_ln890_41)> <Delay = 2.32> <CoreInst = "FMul_maxdsp">   --->   Core 30 'FMul_maxdsp' <Latency = 3> <II = 1> <Delay = 2.32> <FuncUnit> <Opcode : 'fmul'> <InPorts = 2> <OutPorts = 1>
ST_7 : Operation 175 [1/1] (0.00ns)   --->   "%br_ln14755 = br i1 %select_ln14719_1, void %._crit_edge, void" [./dut.cpp:14755]   --->   Operation 175 'br' 'br_ln14755' <Predicate = (!icmp_ln890_41)> <Delay = 0.00>
ST_7 : Operation 176 [1/1] (0.70ns)   --->   "%add_ln691_54 = add i5 %select_ln890_53, i5 1"   --->   Operation 176 'add' 'add_ln691_54' <Predicate = (!icmp_ln890_41)> <Delay = 0.70> <CoreInst = "Adder">   --->   Core 1 'Adder' <Latency = 0> <II = 1> <Delay = 0.72> <FuncUnit> <Opcode : 'add' 'sub'> <InPorts = 2> <OutPorts = 1>
ST_7 : Operation 177 [1/1] (0.74ns)   --->   "%add_ln890 = add i12 %indvar_flatten, i12 1"   --->   Operation 177 'add' 'add_ln890' <Predicate = (!icmp_ln890_41)> <Delay = 0.74> <CoreInst = "Adder">   --->   Core 1 'Adder' <Latency = 0> <II = 1> <Delay = 0.72> <FuncUnit> <Opcode : 'add' 'sub'> <InPorts = 2> <OutPorts = 1>
ST_7 : Operation 178 [1/1] (0.29ns)   --->   "%select_ln890_55 = select i1 %icmp_ln890_43, i12 1, i12 %add_ln890"   --->   Operation 178 'select' 'select_ln890_55' <Predicate = (!icmp_ln890_41)> <Delay = 0.29> <CoreInst = "Sel">   --->   Core 73 'Sel' <Latency = 0> <II = 1> <Delay = 0.29> <FuncUnit> <Opcode : 'select'> <InPorts = 3> <OutPorts = 1>
ST_7 : Operation 179 [1/1] (0.00ns)   --->   "%br_ln0 = br void %.preheader.preheader"   --->   Operation 179 'br' 'br_ln0' <Predicate = (!icmp_ln890_41)> <Delay = 0.00>

State 8 <SV = 6> <Delay = 2.32>
ST_8 : Operation 180 [1/1] (0.00ns)   --->   "%zext_ln890_5 = zext i7 %select_ln890_54"   --->   Operation 180 'zext' 'zext_ln890_5' <Predicate = (!icmp_ln890_41)> <Delay = 0.00>
ST_8 : Operation 181 [1/1] (0.00ns)   --->   "%tmp_48_cast = bitconcatenate i10 @_ssdm_op_BitConcatenate.i10.i4.i6, i4 %empty, i6 0"   --->   Operation 181 'bitconcatenate' 'tmp_48_cast' <Predicate = (!icmp_ln890_41)> <Delay = 0.00>
ST_8 : Operation 182 [1/1] (0.72ns)   --->   "%empty_1213 = add i10 %tmp_48_cast, i10 %zext_ln890_5"   --->   Operation 182 'add' 'empty_1213' <Predicate = (!icmp_ln890_41)> <Delay = 0.72> <CoreInst = "Adder">   --->   Core 1 'Adder' <Latency = 0> <II = 1> <Delay = 0.72> <FuncUnit> <Opcode : 'add' 'sub'> <InPorts = 2> <OutPorts = 1>
ST_8 : Operation 183 [1/1] (0.00ns)   --->   "%p_cast = zext i10 %empty_1213"   --->   Operation 183 'zext' 'p_cast' <Predicate = (!icmp_ln890_41)> <Delay = 0.00>
ST_8 : Operation 184 [1/1] (0.00ns)   --->   "%local_C_addr_13 = getelementptr i32 %local_C, i64 0, i64 %p_cast"   --->   Operation 184 'getelementptr' 'local_C_addr_13' <Predicate = (!icmp_ln890_41)> <Delay = 0.00>
ST_8 : Operation 185 [2/2] (1.20ns)   --->   "%local_C_load = load i10 %local_C_addr_13" [./dut.cpp:14753]   --->   Operation 185 'load' 'local_C_load' <Predicate = (!icmp_ln890_41)> <Delay = 1.20> <CoreInst = "RAM_2P_BRAM">   --->   Core 94 'RAM_2P_BRAM' <Latency = 1> <II = 1> <Delay = 1.20> <Storage> <Opcode : 'load' 'store'> <Ports = 2> <Width = 32> <Depth = 1024> <RAM>
ST_8 : Operation 186 [2/4] (2.32ns)   --->   "%mul = fmul i32 %u0_13, i32 %u0" [./dut.cpp:14753]   --->   Operation 186 'fmul' 'mul' <Predicate = (!icmp_ln890_41)> <Delay = 2.32> <CoreInst = "FMul_maxdsp">   --->   Core 30 'FMul_maxdsp' <Latency = 3> <II = 1> <Delay = 2.32> <FuncUnit> <Opcode : 'fmul'> <InPorts = 2> <OutPorts = 1>
ST_8 : Operation 187 [2/4] (2.32ns)   --->   "%mul_1 = fmul i32 %u1_13, i32 %u1" [./dut.cpp:14753]   --->   Operation 187 'fmul' 'mul_1' <Predicate = (!icmp_ln890_41)> <Delay = 2.32> <CoreInst = "FMul_maxdsp">   --->   Core 30 'FMul_maxdsp' <Latency = 3> <II = 1> <Delay = 2.32> <FuncUnit> <Opcode : 'fmul'> <InPorts = 2> <OutPorts = 1>
ST_8 : Operation 188 [2/4] (2.32ns)   --->   "%mul_2 = fmul i32 %u2_13, i32 %u2" [./dut.cpp:14753]   --->   Operation 188 'fmul' 'mul_2' <Predicate = (!icmp_ln890_41)> <Delay = 2.32> <CoreInst = "FMul_maxdsp">   --->   Core 30 'FMul_maxdsp' <Latency = 3> <II = 1> <Delay = 2.32> <FuncUnit> <Opcode : 'fmul'> <InPorts = 2> <OutPorts = 1>
ST_8 : Operation 189 [2/4] (2.32ns)   --->   "%mul_3 = fmul i32 %u3_13, i32 %u3" [./dut.cpp:14753]   --->   Operation 189 'fmul' 'mul_3' <Predicate = (!icmp_ln890_41)> <Delay = 2.32> <CoreInst = "FMul_maxdsp">   --->   Core 30 'FMul_maxdsp' <Latency = 3> <II = 1> <Delay = 2.32> <FuncUnit> <Opcode : 'fmul'> <InPorts = 2> <OutPorts = 1>
ST_8 : Operation 190 [2/4] (2.32ns)   --->   "%mul_4 = fmul i32 %u4_13, i32 %u4" [./dut.cpp:14753]   --->   Operation 190 'fmul' 'mul_4' <Predicate = (!icmp_ln890_41)> <Delay = 2.32> <CoreInst = "FMul_maxdsp">   --->   Core 30 'FMul_maxdsp' <Latency = 3> <II = 1> <Delay = 2.32> <FuncUnit> <Opcode : 'fmul'> <InPorts = 2> <OutPorts = 1>
ST_8 : Operation 191 [2/4] (2.32ns)   --->   "%mul_5 = fmul i32 %u5_13, i32 %u5" [./dut.cpp:14753]   --->   Operation 191 'fmul' 'mul_5' <Predicate = (!icmp_ln890_41)> <Delay = 2.32> <CoreInst = "FMul_maxdsp">   --->   Core 30 'FMul_maxdsp' <Latency = 3> <II = 1> <Delay = 2.32> <FuncUnit> <Opcode : 'fmul'> <InPorts = 2> <OutPorts = 1>
ST_8 : Operation 192 [2/4] (2.32ns)   --->   "%mul_6 = fmul i32 %u6_13, i32 %u6" [./dut.cpp:14753]   --->   Operation 192 'fmul' 'mul_6' <Predicate = (!icmp_ln890_41)> <Delay = 2.32> <CoreInst = "FMul_maxdsp">   --->   Core 30 'FMul_maxdsp' <Latency = 3> <II = 1> <Delay = 2.32> <FuncUnit> <Opcode : 'fmul'> <InPorts = 2> <OutPorts = 1>
ST_8 : Operation 193 [2/4] (2.32ns)   --->   "%mul_7 = fmul i32 %u7_13, i32 %u7" [./dut.cpp:14753]   --->   Operation 193 'fmul' 'mul_7' <Predicate = (!icmp_ln890_41)> <Delay = 2.32> <CoreInst = "FMul_maxdsp">   --->   Core 30 'FMul_maxdsp' <Latency = 3> <II = 1> <Delay = 2.32> <FuncUnit> <Opcode : 'fmul'> <InPorts = 2> <OutPorts = 1>

State 9 <SV = 7> <Delay = 2.32>
ST_9 : Operation 194 [1/2] (1.20ns)   --->   "%local_C_load = load i10 %local_C_addr_13" [./dut.cpp:14753]   --->   Operation 194 'load' 'local_C_load' <Predicate = (!icmp_ln890_41)> <Delay = 1.20> <CoreInst = "RAM_2P_BRAM">   --->   Core 94 'RAM_2P_BRAM' <Latency = 1> <II = 1> <Delay = 1.20> <Storage> <Opcode : 'load' 'store'> <Ports = 2> <Width = 32> <Depth = 1024> <RAM>
ST_9 : Operation 195 [1/4] (2.32ns)   --->   "%mul = fmul i32 %u0_13, i32 %u0" [./dut.cpp:14753]   --->   Operation 195 'fmul' 'mul' <Predicate = (!icmp_ln890_41)> <Delay = 2.32> <CoreInst = "FMul_maxdsp">   --->   Core 30 'FMul_maxdsp' <Latency = 3> <II = 1> <Delay = 2.32> <FuncUnit> <Opcode : 'fmul'> <InPorts = 2> <OutPorts = 1>
ST_9 : Operation 196 [1/4] (2.32ns)   --->   "%mul_1 = fmul i32 %u1_13, i32 %u1" [./dut.cpp:14753]   --->   Operation 196 'fmul' 'mul_1' <Predicate = (!icmp_ln890_41)> <Delay = 2.32> <CoreInst = "FMul_maxdsp">   --->   Core 30 'FMul_maxdsp' <Latency = 3> <II = 1> <Delay = 2.32> <FuncUnit> <Opcode : 'fmul'> <InPorts = 2> <OutPorts = 1>
ST_9 : Operation 197 [1/4] (2.32ns)   --->   "%mul_2 = fmul i32 %u2_13, i32 %u2" [./dut.cpp:14753]   --->   Operation 197 'fmul' 'mul_2' <Predicate = (!icmp_ln890_41)> <Delay = 2.32> <CoreInst = "FMul_maxdsp">   --->   Core 30 'FMul_maxdsp' <Latency = 3> <II = 1> <Delay = 2.32> <FuncUnit> <Opcode : 'fmul'> <InPorts = 2> <OutPorts = 1>
ST_9 : Operation 198 [1/4] (2.32ns)   --->   "%mul_3 = fmul i32 %u3_13, i32 %u3" [./dut.cpp:14753]   --->   Operation 198 'fmul' 'mul_3' <Predicate = (!icmp_ln890_41)> <Delay = 2.32> <CoreInst = "FMul_maxdsp">   --->   Core 30 'FMul_maxdsp' <Latency = 3> <II = 1> <Delay = 2.32> <FuncUnit> <Opcode : 'fmul'> <InPorts = 2> <OutPorts = 1>
ST_9 : Operation 199 [1/4] (2.32ns)   --->   "%mul_4 = fmul i32 %u4_13, i32 %u4" [./dut.cpp:14753]   --->   Operation 199 'fmul' 'mul_4' <Predicate = (!icmp_ln890_41)> <Delay = 2.32> <CoreInst = "FMul_maxdsp">   --->   Core 30 'FMul_maxdsp' <Latency = 3> <II = 1> <Delay = 2.32> <FuncUnit> <Opcode : 'fmul'> <InPorts = 2> <OutPorts = 1>
ST_9 : Operation 200 [1/4] (2.32ns)   --->   "%mul_5 = fmul i32 %u5_13, i32 %u5" [./dut.cpp:14753]   --->   Operation 200 'fmul' 'mul_5' <Predicate = (!icmp_ln890_41)> <Delay = 2.32> <CoreInst = "FMul_maxdsp">   --->   Core 30 'FMul_maxdsp' <Latency = 3> <II = 1> <Delay = 2.32> <FuncUnit> <Opcode : 'fmul'> <InPorts = 2> <OutPorts = 1>
ST_9 : Operation 201 [1/4] (2.32ns)   --->   "%mul_6 = fmul i32 %u6_13, i32 %u6" [./dut.cpp:14753]   --->   Operation 201 'fmul' 'mul_6' <Predicate = (!icmp_ln890_41)> <Delay = 2.32> <CoreInst = "FMul_maxdsp">   --->   Core 30 'FMul_maxdsp' <Latency = 3> <II = 1> <Delay = 2.32> <FuncUnit> <Opcode : 'fmul'> <InPorts = 2> <OutPorts = 1>
ST_9 : Operation 202 [1/4] (2.32ns)   --->   "%mul_7 = fmul i32 %u7_13, i32 %u7" [./dut.cpp:14753]   --->   Operation 202 'fmul' 'mul_7' <Predicate = (!icmp_ln890_41)> <Delay = 2.32> <CoreInst = "FMul_maxdsp">   --->   Core 30 'FMul_maxdsp' <Latency = 3> <II = 1> <Delay = 2.32> <FuncUnit> <Opcode : 'fmul'> <InPorts = 2> <OutPorts = 1>

State 10 <SV = 8> <Delay = 2.34>
ST_10 : Operation 203 [7/7] (2.34ns)   --->   "%add = fadd i32 %local_C_load, i32 %mul" [./dut.cpp:14753]   --->   Operation 203 'fadd' 'add' <Predicate = (!icmp_ln890_41)> <Delay = 2.34> <CoreInst = "FAddSub_fulldsp">   --->   Core 18 'FAddSub_fulldsp' <Latency = 6> <II = 1> <Delay = 2.34> <FuncUnit> <Opcode : 'fadd' 'fsub'> <InPorts = 2> <OutPorts = 1>

State 11 <SV = 9> <Delay = 2.34>
ST_11 : Operation 204 [6/7] (2.34ns)   --->   "%add = fadd i32 %local_C_load, i32 %mul" [./dut.cpp:14753]   --->   Operation 204 'fadd' 'add' <Predicate = (!icmp_ln890_41)> <Delay = 2.34> <CoreInst = "FAddSub_fulldsp">   --->   Core 18 'FAddSub_fulldsp' <Latency = 6> <II = 1> <Delay = 2.34> <FuncUnit> <Opcode : 'fadd' 'fsub'> <InPorts = 2> <OutPorts = 1>

State 12 <SV = 10> <Delay = 2.34>
ST_12 : Operation 205 [5/7] (2.34ns)   --->   "%add = fadd i32 %local_C_load, i32 %mul" [./dut.cpp:14753]   --->   Operation 205 'fadd' 'add' <Predicate = (!icmp_ln890_41)> <Delay = 2.34> <CoreInst = "FAddSub_fulldsp">   --->   Core 18 'FAddSub_fulldsp' <Latency = 6> <II = 1> <Delay = 2.34> <FuncUnit> <Opcode : 'fadd' 'fsub'> <InPorts = 2> <OutPorts = 1>

State 13 <SV = 11> <Delay = 2.34>
ST_13 : Operation 206 [4/7] (2.34ns)   --->   "%add = fadd i32 %local_C_load, i32 %mul" [./dut.cpp:14753]   --->   Operation 206 'fadd' 'add' <Predicate = (!icmp_ln890_41)> <Delay = 2.34> <CoreInst = "FAddSub_fulldsp">   --->   Core 18 'FAddSub_fulldsp' <Latency = 6> <II = 1> <Delay = 2.34> <FuncUnit> <Opcode : 'fadd' 'fsub'> <InPorts = 2> <OutPorts = 1>

State 14 <SV = 12> <Delay = 2.34>
ST_14 : Operation 207 [3/7] (2.34ns)   --->   "%add = fadd i32 %local_C_load, i32 %mul" [./dut.cpp:14753]   --->   Operation 207 'fadd' 'add' <Predicate = (!icmp_ln890_41)> <Delay = 2.34> <CoreInst = "FAddSub_fulldsp">   --->   Core 18 'FAddSub_fulldsp' <Latency = 6> <II = 1> <Delay = 2.34> <FuncUnit> <Opcode : 'fadd' 'fsub'> <InPorts = 2> <OutPorts = 1>

State 15 <SV = 13> <Delay = 2.34>
ST_15 : Operation 208 [2/7] (2.34ns)   --->   "%add = fadd i32 %local_C_load, i32 %mul" [./dut.cpp:14753]   --->   Operation 208 'fadd' 'add' <Predicate = (!icmp_ln890_41)> <Delay = 2.34> <CoreInst = "FAddSub_fulldsp">   --->   Core 18 'FAddSub_fulldsp' <Latency = 6> <II = 1> <Delay = 2.34> <FuncUnit> <Opcode : 'fadd' 'fsub'> <InPorts = 2> <OutPorts = 1>

State 16 <SV = 14> <Delay = 2.34>
ST_16 : Operation 209 [1/7] (2.34ns)   --->   "%add = fadd i32 %local_C_load, i32 %mul" [./dut.cpp:14753]   --->   Operation 209 'fadd' 'add' <Predicate = (!icmp_ln890_41)> <Delay = 2.34> <CoreInst = "FAddSub_fulldsp">   --->   Core 18 'FAddSub_fulldsp' <Latency = 6> <II = 1> <Delay = 2.34> <FuncUnit> <Opcode : 'fadd' 'fsub'> <InPorts = 2> <OutPorts = 1>

State 17 <SV = 15> <Delay = 2.34>
ST_17 : Operation 210 [7/7] (2.34ns)   --->   "%add_1 = fadd i32 %add, i32 %mul_1" [./dut.cpp:14753]   --->   Operation 210 'fadd' 'add_1' <Predicate = (!icmp_ln890_41)> <Delay = 2.34> <CoreInst = "FAddSub_fulldsp">   --->   Core 18 'FAddSub_fulldsp' <Latency = 6> <II = 1> <Delay = 2.34> <FuncUnit> <Opcode : 'fadd' 'fsub'> <InPorts = 2> <OutPorts = 1>

State 18 <SV = 16> <Delay = 2.34>
ST_18 : Operation 211 [6/7] (2.34ns)   --->   "%add_1 = fadd i32 %add, i32 %mul_1" [./dut.cpp:14753]   --->   Operation 211 'fadd' 'add_1' <Predicate = (!icmp_ln890_41)> <Delay = 2.34> <CoreInst = "FAddSub_fulldsp">   --->   Core 18 'FAddSub_fulldsp' <Latency = 6> <II = 1> <Delay = 2.34> <FuncUnit> <Opcode : 'fadd' 'fsub'> <InPorts = 2> <OutPorts = 1>

State 19 <SV = 17> <Delay = 2.34>
ST_19 : Operation 212 [5/7] (2.34ns)   --->   "%add_1 = fadd i32 %add, i32 %mul_1" [./dut.cpp:14753]   --->   Operation 212 'fadd' 'add_1' <Predicate = (!icmp_ln890_41)> <Delay = 2.34> <CoreInst = "FAddSub_fulldsp">   --->   Core 18 'FAddSub_fulldsp' <Latency = 6> <II = 1> <Delay = 2.34> <FuncUnit> <Opcode : 'fadd' 'fsub'> <InPorts = 2> <OutPorts = 1>

State 20 <SV = 18> <Delay = 2.34>
ST_20 : Operation 213 [4/7] (2.34ns)   --->   "%add_1 = fadd i32 %add, i32 %mul_1" [./dut.cpp:14753]   --->   Operation 213 'fadd' 'add_1' <Predicate = (!icmp_ln890_41)> <Delay = 2.34> <CoreInst = "FAddSub_fulldsp">   --->   Core 18 'FAddSub_fulldsp' <Latency = 6> <II = 1> <Delay = 2.34> <FuncUnit> <Opcode : 'fadd' 'fsub'> <InPorts = 2> <OutPorts = 1>

State 21 <SV = 19> <Delay = 2.34>
ST_21 : Operation 214 [3/7] (2.34ns)   --->   "%add_1 = fadd i32 %add, i32 %mul_1" [./dut.cpp:14753]   --->   Operation 214 'fadd' 'add_1' <Predicate = (!icmp_ln890_41)> <Delay = 2.34> <CoreInst = "FAddSub_fulldsp">   --->   Core 18 'FAddSub_fulldsp' <Latency = 6> <II = 1> <Delay = 2.34> <FuncUnit> <Opcode : 'fadd' 'fsub'> <InPorts = 2> <OutPorts = 1>

State 22 <SV = 20> <Delay = 2.34>
ST_22 : Operation 215 [2/7] (2.34ns)   --->   "%add_1 = fadd i32 %add, i32 %mul_1" [./dut.cpp:14753]   --->   Operation 215 'fadd' 'add_1' <Predicate = (!icmp_ln890_41)> <Delay = 2.34> <CoreInst = "FAddSub_fulldsp">   --->   Core 18 'FAddSub_fulldsp' <Latency = 6> <II = 1> <Delay = 2.34> <FuncUnit> <Opcode : 'fadd' 'fsub'> <InPorts = 2> <OutPorts = 1>

State 23 <SV = 21> <Delay = 2.34>
ST_23 : Operation 216 [1/7] (2.34ns)   --->   "%add_1 = fadd i32 %add, i32 %mul_1" [./dut.cpp:14753]   --->   Operation 216 'fadd' 'add_1' <Predicate = (!icmp_ln890_41)> <Delay = 2.34> <CoreInst = "FAddSub_fulldsp">   --->   Core 18 'FAddSub_fulldsp' <Latency = 6> <II = 1> <Delay = 2.34> <FuncUnit> <Opcode : 'fadd' 'fsub'> <InPorts = 2> <OutPorts = 1>

State 24 <SV = 22> <Delay = 2.34>
ST_24 : Operation 217 [7/7] (2.34ns)   --->   "%add_2 = fadd i32 %add_1, i32 %mul_2" [./dut.cpp:14753]   --->   Operation 217 'fadd' 'add_2' <Predicate = (!icmp_ln890_41)> <Delay = 2.34> <CoreInst = "FAddSub_fulldsp">   --->   Core 18 'FAddSub_fulldsp' <Latency = 6> <II = 1> <Delay = 2.34> <FuncUnit> <Opcode : 'fadd' 'fsub'> <InPorts = 2> <OutPorts = 1>

State 25 <SV = 23> <Delay = 2.34>
ST_25 : Operation 218 [6/7] (2.34ns)   --->   "%add_2 = fadd i32 %add_1, i32 %mul_2" [./dut.cpp:14753]   --->   Operation 218 'fadd' 'add_2' <Predicate = (!icmp_ln890_41)> <Delay = 2.34> <CoreInst = "FAddSub_fulldsp">   --->   Core 18 'FAddSub_fulldsp' <Latency = 6> <II = 1> <Delay = 2.34> <FuncUnit> <Opcode : 'fadd' 'fsub'> <InPorts = 2> <OutPorts = 1>

State 26 <SV = 24> <Delay = 2.34>
ST_26 : Operation 219 [5/7] (2.34ns)   --->   "%add_2 = fadd i32 %add_1, i32 %mul_2" [./dut.cpp:14753]   --->   Operation 219 'fadd' 'add_2' <Predicate = (!icmp_ln890_41)> <Delay = 2.34> <CoreInst = "FAddSub_fulldsp">   --->   Core 18 'FAddSub_fulldsp' <Latency = 6> <II = 1> <Delay = 2.34> <FuncUnit> <Opcode : 'fadd' 'fsub'> <InPorts = 2> <OutPorts = 1>

State 27 <SV = 25> <Delay = 2.34>
ST_27 : Operation 220 [4/7] (2.34ns)   --->   "%add_2 = fadd i32 %add_1, i32 %mul_2" [./dut.cpp:14753]   --->   Operation 220 'fadd' 'add_2' <Predicate = (!icmp_ln890_41)> <Delay = 2.34> <CoreInst = "FAddSub_fulldsp">   --->   Core 18 'FAddSub_fulldsp' <Latency = 6> <II = 1> <Delay = 2.34> <FuncUnit> <Opcode : 'fadd' 'fsub'> <InPorts = 2> <OutPorts = 1>

State 28 <SV = 26> <Delay = 2.34>
ST_28 : Operation 221 [3/7] (2.34ns)   --->   "%add_2 = fadd i32 %add_1, i32 %mul_2" [./dut.cpp:14753]   --->   Operation 221 'fadd' 'add_2' <Predicate = (!icmp_ln890_41)> <Delay = 2.34> <CoreInst = "FAddSub_fulldsp">   --->   Core 18 'FAddSub_fulldsp' <Latency = 6> <II = 1> <Delay = 2.34> <FuncUnit> <Opcode : 'fadd' 'fsub'> <InPorts = 2> <OutPorts = 1>

State 29 <SV = 27> <Delay = 2.34>
ST_29 : Operation 222 [2/7] (2.34ns)   --->   "%add_2 = fadd i32 %add_1, i32 %mul_2" [./dut.cpp:14753]   --->   Operation 222 'fadd' 'add_2' <Predicate = (!icmp_ln890_41)> <Delay = 2.34> <CoreInst = "FAddSub_fulldsp">   --->   Core 18 'FAddSub_fulldsp' <Latency = 6> <II = 1> <Delay = 2.34> <FuncUnit> <Opcode : 'fadd' 'fsub'> <InPorts = 2> <OutPorts = 1>

State 30 <SV = 28> <Delay = 2.34>
ST_30 : Operation 223 [1/7] (2.34ns)   --->   "%add_2 = fadd i32 %add_1, i32 %mul_2" [./dut.cpp:14753]   --->   Operation 223 'fadd' 'add_2' <Predicate = (!icmp_ln890_41)> <Delay = 2.34> <CoreInst = "FAddSub_fulldsp">   --->   Core 18 'FAddSub_fulldsp' <Latency = 6> <II = 1> <Delay = 2.34> <FuncUnit> <Opcode : 'fadd' 'fsub'> <InPorts = 2> <OutPorts = 1>

State 31 <SV = 29> <Delay = 2.34>
ST_31 : Operation 224 [7/7] (2.34ns)   --->   "%add_3 = fadd i32 %add_2, i32 %mul_3" [./dut.cpp:14753]   --->   Operation 224 'fadd' 'add_3' <Predicate = (!icmp_ln890_41)> <Delay = 2.34> <CoreInst = "FAddSub_fulldsp">   --->   Core 18 'FAddSub_fulldsp' <Latency = 6> <II = 1> <Delay = 2.34> <FuncUnit> <Opcode : 'fadd' 'fsub'> <InPorts = 2> <OutPorts = 1>

State 32 <SV = 30> <Delay = 2.34>
ST_32 : Operation 225 [6/7] (2.34ns)   --->   "%add_3 = fadd i32 %add_2, i32 %mul_3" [./dut.cpp:14753]   --->   Operation 225 'fadd' 'add_3' <Predicate = (!icmp_ln890_41)> <Delay = 2.34> <CoreInst = "FAddSub_fulldsp">   --->   Core 18 'FAddSub_fulldsp' <Latency = 6> <II = 1> <Delay = 2.34> <FuncUnit> <Opcode : 'fadd' 'fsub'> <InPorts = 2> <OutPorts = 1>

State 33 <SV = 31> <Delay = 2.34>
ST_33 : Operation 226 [5/7] (2.34ns)   --->   "%add_3 = fadd i32 %add_2, i32 %mul_3" [./dut.cpp:14753]   --->   Operation 226 'fadd' 'add_3' <Predicate = (!icmp_ln890_41)> <Delay = 2.34> <CoreInst = "FAddSub_fulldsp">   --->   Core 18 'FAddSub_fulldsp' <Latency = 6> <II = 1> <Delay = 2.34> <FuncUnit> <Opcode : 'fadd' 'fsub'> <InPorts = 2> <OutPorts = 1>

State 34 <SV = 32> <Delay = 2.34>
ST_34 : Operation 227 [4/7] (2.34ns)   --->   "%add_3 = fadd i32 %add_2, i32 %mul_3" [./dut.cpp:14753]   --->   Operation 227 'fadd' 'add_3' <Predicate = (!icmp_ln890_41)> <Delay = 2.34> <CoreInst = "FAddSub_fulldsp">   --->   Core 18 'FAddSub_fulldsp' <Latency = 6> <II = 1> <Delay = 2.34> <FuncUnit> <Opcode : 'fadd' 'fsub'> <InPorts = 2> <OutPorts = 1>

State 35 <SV = 33> <Delay = 2.34>
ST_35 : Operation 228 [3/7] (2.34ns)   --->   "%add_3 = fadd i32 %add_2, i32 %mul_3" [./dut.cpp:14753]   --->   Operation 228 'fadd' 'add_3' <Predicate = (!icmp_ln890_41)> <Delay = 2.34> <CoreInst = "FAddSub_fulldsp">   --->   Core 18 'FAddSub_fulldsp' <Latency = 6> <II = 1> <Delay = 2.34> <FuncUnit> <Opcode : 'fadd' 'fsub'> <InPorts = 2> <OutPorts = 1>

State 36 <SV = 34> <Delay = 2.34>
ST_36 : Operation 229 [2/7] (2.34ns)   --->   "%add_3 = fadd i32 %add_2, i32 %mul_3" [./dut.cpp:14753]   --->   Operation 229 'fadd' 'add_3' <Predicate = (!icmp_ln890_41)> <Delay = 2.34> <CoreInst = "FAddSub_fulldsp">   --->   Core 18 'FAddSub_fulldsp' <Latency = 6> <II = 1> <Delay = 2.34> <FuncUnit> <Opcode : 'fadd' 'fsub'> <InPorts = 2> <OutPorts = 1>

State 37 <SV = 35> <Delay = 2.34>
ST_37 : Operation 230 [1/7] (2.34ns)   --->   "%add_3 = fadd i32 %add_2, i32 %mul_3" [./dut.cpp:14753]   --->   Operation 230 'fadd' 'add_3' <Predicate = (!icmp_ln890_41)> <Delay = 2.34> <CoreInst = "FAddSub_fulldsp">   --->   Core 18 'FAddSub_fulldsp' <Latency = 6> <II = 1> <Delay = 2.34> <FuncUnit> <Opcode : 'fadd' 'fsub'> <InPorts = 2> <OutPorts = 1>

State 38 <SV = 36> <Delay = 2.34>
ST_38 : Operation 231 [7/7] (2.34ns)   --->   "%add_4 = fadd i32 %add_3, i32 %mul_4" [./dut.cpp:14753]   --->   Operation 231 'fadd' 'add_4' <Predicate = (!icmp_ln890_41)> <Delay = 2.34> <CoreInst = "FAddSub_fulldsp">   --->   Core 18 'FAddSub_fulldsp' <Latency = 6> <II = 1> <Delay = 2.34> <FuncUnit> <Opcode : 'fadd' 'fsub'> <InPorts = 2> <OutPorts = 1>

State 39 <SV = 37> <Delay = 2.34>
ST_39 : Operation 232 [6/7] (2.34ns)   --->   "%add_4 = fadd i32 %add_3, i32 %mul_4" [./dut.cpp:14753]   --->   Operation 232 'fadd' 'add_4' <Predicate = (!icmp_ln890_41)> <Delay = 2.34> <CoreInst = "FAddSub_fulldsp">   --->   Core 18 'FAddSub_fulldsp' <Latency = 6> <II = 1> <Delay = 2.34> <FuncUnit> <Opcode : 'fadd' 'fsub'> <InPorts = 2> <OutPorts = 1>

State 40 <SV = 38> <Delay = 2.34>
ST_40 : Operation 233 [5/7] (2.34ns)   --->   "%add_4 = fadd i32 %add_3, i32 %mul_4" [./dut.cpp:14753]   --->   Operation 233 'fadd' 'add_4' <Predicate = (!icmp_ln890_41)> <Delay = 2.34> <CoreInst = "FAddSub_fulldsp">   --->   Core 18 'FAddSub_fulldsp' <Latency = 6> <II = 1> <Delay = 2.34> <FuncUnit> <Opcode : 'fadd' 'fsub'> <InPorts = 2> <OutPorts = 1>

State 41 <SV = 39> <Delay = 2.34>
ST_41 : Operation 234 [4/7] (2.34ns)   --->   "%add_4 = fadd i32 %add_3, i32 %mul_4" [./dut.cpp:14753]   --->   Operation 234 'fadd' 'add_4' <Predicate = (!icmp_ln890_41)> <Delay = 2.34> <CoreInst = "FAddSub_fulldsp">   --->   Core 18 'FAddSub_fulldsp' <Latency = 6> <II = 1> <Delay = 2.34> <FuncUnit> <Opcode : 'fadd' 'fsub'> <InPorts = 2> <OutPorts = 1>

State 42 <SV = 40> <Delay = 2.34>
ST_42 : Operation 235 [3/7] (2.34ns)   --->   "%add_4 = fadd i32 %add_3, i32 %mul_4" [./dut.cpp:14753]   --->   Operation 235 'fadd' 'add_4' <Predicate = (!icmp_ln890_41)> <Delay = 2.34> <CoreInst = "FAddSub_fulldsp">   --->   Core 18 'FAddSub_fulldsp' <Latency = 6> <II = 1> <Delay = 2.34> <FuncUnit> <Opcode : 'fadd' 'fsub'> <InPorts = 2> <OutPorts = 1>

State 43 <SV = 41> <Delay = 2.34>
ST_43 : Operation 236 [2/7] (2.34ns)   --->   "%add_4 = fadd i32 %add_3, i32 %mul_4" [./dut.cpp:14753]   --->   Operation 236 'fadd' 'add_4' <Predicate = (!icmp_ln890_41)> <Delay = 2.34> <CoreInst = "FAddSub_fulldsp">   --->   Core 18 'FAddSub_fulldsp' <Latency = 6> <II = 1> <Delay = 2.34> <FuncUnit> <Opcode : 'fadd' 'fsub'> <InPorts = 2> <OutPorts = 1>

State 44 <SV = 42> <Delay = 2.34>
ST_44 : Operation 237 [1/7] (2.34ns)   --->   "%add_4 = fadd i32 %add_3, i32 %mul_4" [./dut.cpp:14753]   --->   Operation 237 'fadd' 'add_4' <Predicate = (!icmp_ln890_41)> <Delay = 2.34> <CoreInst = "FAddSub_fulldsp">   --->   Core 18 'FAddSub_fulldsp' <Latency = 6> <II = 1> <Delay = 2.34> <FuncUnit> <Opcode : 'fadd' 'fsub'> <InPorts = 2> <OutPorts = 1>

State 45 <SV = 43> <Delay = 2.34>
ST_45 : Operation 238 [7/7] (2.34ns)   --->   "%add_5 = fadd i32 %add_4, i32 %mul_5" [./dut.cpp:14753]   --->   Operation 238 'fadd' 'add_5' <Predicate = (!icmp_ln890_41)> <Delay = 2.34> <CoreInst = "FAddSub_fulldsp">   --->   Core 18 'FAddSub_fulldsp' <Latency = 6> <II = 1> <Delay = 2.34> <FuncUnit> <Opcode : 'fadd' 'fsub'> <InPorts = 2> <OutPorts = 1>

State 46 <SV = 44> <Delay = 2.34>
ST_46 : Operation 239 [6/7] (2.34ns)   --->   "%add_5 = fadd i32 %add_4, i32 %mul_5" [./dut.cpp:14753]   --->   Operation 239 'fadd' 'add_5' <Predicate = (!icmp_ln890_41)> <Delay = 2.34> <CoreInst = "FAddSub_fulldsp">   --->   Core 18 'FAddSub_fulldsp' <Latency = 6> <II = 1> <Delay = 2.34> <FuncUnit> <Opcode : 'fadd' 'fsub'> <InPorts = 2> <OutPorts = 1>

State 47 <SV = 45> <Delay = 2.34>
ST_47 : Operation 240 [5/7] (2.34ns)   --->   "%add_5 = fadd i32 %add_4, i32 %mul_5" [./dut.cpp:14753]   --->   Operation 240 'fadd' 'add_5' <Predicate = (!icmp_ln890_41)> <Delay = 2.34> <CoreInst = "FAddSub_fulldsp">   --->   Core 18 'FAddSub_fulldsp' <Latency = 6> <II = 1> <Delay = 2.34> <FuncUnit> <Opcode : 'fadd' 'fsub'> <InPorts = 2> <OutPorts = 1>

State 48 <SV = 46> <Delay = 2.34>
ST_48 : Operation 241 [4/7] (2.34ns)   --->   "%add_5 = fadd i32 %add_4, i32 %mul_5" [./dut.cpp:14753]   --->   Operation 241 'fadd' 'add_5' <Predicate = (!icmp_ln890_41)> <Delay = 2.34> <CoreInst = "FAddSub_fulldsp">   --->   Core 18 'FAddSub_fulldsp' <Latency = 6> <II = 1> <Delay = 2.34> <FuncUnit> <Opcode : 'fadd' 'fsub'> <InPorts = 2> <OutPorts = 1>

State 49 <SV = 47> <Delay = 2.34>
ST_49 : Operation 242 [3/7] (2.34ns)   --->   "%add_5 = fadd i32 %add_4, i32 %mul_5" [./dut.cpp:14753]   --->   Operation 242 'fadd' 'add_5' <Predicate = (!icmp_ln890_41)> <Delay = 2.34> <CoreInst = "FAddSub_fulldsp">   --->   Core 18 'FAddSub_fulldsp' <Latency = 6> <II = 1> <Delay = 2.34> <FuncUnit> <Opcode : 'fadd' 'fsub'> <InPorts = 2> <OutPorts = 1>

State 50 <SV = 48> <Delay = 2.34>
ST_50 : Operation 243 [2/7] (2.34ns)   --->   "%add_5 = fadd i32 %add_4, i32 %mul_5" [./dut.cpp:14753]   --->   Operation 243 'fadd' 'add_5' <Predicate = (!icmp_ln890_41)> <Delay = 2.34> <CoreInst = "FAddSub_fulldsp">   --->   Core 18 'FAddSub_fulldsp' <Latency = 6> <II = 1> <Delay = 2.34> <FuncUnit> <Opcode : 'fadd' 'fsub'> <InPorts = 2> <OutPorts = 1>

State 51 <SV = 49> <Delay = 2.34>
ST_51 : Operation 244 [1/7] (2.34ns)   --->   "%add_5 = fadd i32 %add_4, i32 %mul_5" [./dut.cpp:14753]   --->   Operation 244 'fadd' 'add_5' <Predicate = (!icmp_ln890_41)> <Delay = 2.34> <CoreInst = "FAddSub_fulldsp">   --->   Core 18 'FAddSub_fulldsp' <Latency = 6> <II = 1> <Delay = 2.34> <FuncUnit> <Opcode : 'fadd' 'fsub'> <InPorts = 2> <OutPorts = 1>

State 52 <SV = 50> <Delay = 2.34>
ST_52 : Operation 245 [7/7] (2.34ns)   --->   "%add_6 = fadd i32 %add_5, i32 %mul_6" [./dut.cpp:14753]   --->   Operation 245 'fadd' 'add_6' <Predicate = (!icmp_ln890_41)> <Delay = 2.34> <CoreInst = "FAddSub_fulldsp">   --->   Core 18 'FAddSub_fulldsp' <Latency = 6> <II = 1> <Delay = 2.34> <FuncUnit> <Opcode : 'fadd' 'fsub'> <InPorts = 2> <OutPorts = 1>

State 53 <SV = 51> <Delay = 2.34>
ST_53 : Operation 246 [6/7] (2.34ns)   --->   "%add_6 = fadd i32 %add_5, i32 %mul_6" [./dut.cpp:14753]   --->   Operation 246 'fadd' 'add_6' <Predicate = (!icmp_ln890_41)> <Delay = 2.34> <CoreInst = "FAddSub_fulldsp">   --->   Core 18 'FAddSub_fulldsp' <Latency = 6> <II = 1> <Delay = 2.34> <FuncUnit> <Opcode : 'fadd' 'fsub'> <InPorts = 2> <OutPorts = 1>

State 54 <SV = 52> <Delay = 2.34>
ST_54 : Operation 247 [5/7] (2.34ns)   --->   "%add_6 = fadd i32 %add_5, i32 %mul_6" [./dut.cpp:14753]   --->   Operation 247 'fadd' 'add_6' <Predicate = (!icmp_ln890_41)> <Delay = 2.34> <CoreInst = "FAddSub_fulldsp">   --->   Core 18 'FAddSub_fulldsp' <Latency = 6> <II = 1> <Delay = 2.34> <FuncUnit> <Opcode : 'fadd' 'fsub'> <InPorts = 2> <OutPorts = 1>

State 55 <SV = 53> <Delay = 2.34>
ST_55 : Operation 248 [4/7] (2.34ns)   --->   "%add_6 = fadd i32 %add_5, i32 %mul_6" [./dut.cpp:14753]   --->   Operation 248 'fadd' 'add_6' <Predicate = (!icmp_ln890_41)> <Delay = 2.34> <CoreInst = "FAddSub_fulldsp">   --->   Core 18 'FAddSub_fulldsp' <Latency = 6> <II = 1> <Delay = 2.34> <FuncUnit> <Opcode : 'fadd' 'fsub'> <InPorts = 2> <OutPorts = 1>

State 56 <SV = 54> <Delay = 2.34>
ST_56 : Operation 249 [3/7] (2.34ns)   --->   "%add_6 = fadd i32 %add_5, i32 %mul_6" [./dut.cpp:14753]   --->   Operation 249 'fadd' 'add_6' <Predicate = (!icmp_ln890_41)> <Delay = 2.34> <CoreInst = "FAddSub_fulldsp">   --->   Core 18 'FAddSub_fulldsp' <Latency = 6> <II = 1> <Delay = 2.34> <FuncUnit> <Opcode : 'fadd' 'fsub'> <InPorts = 2> <OutPorts = 1>

State 57 <SV = 55> <Delay = 2.34>
ST_57 : Operation 250 [2/7] (2.34ns)   --->   "%add_6 = fadd i32 %add_5, i32 %mul_6" [./dut.cpp:14753]   --->   Operation 250 'fadd' 'add_6' <Predicate = (!icmp_ln890_41)> <Delay = 2.34> <CoreInst = "FAddSub_fulldsp">   --->   Core 18 'FAddSub_fulldsp' <Latency = 6> <II = 1> <Delay = 2.34> <FuncUnit> <Opcode : 'fadd' 'fsub'> <InPorts = 2> <OutPorts = 1>

State 58 <SV = 56> <Delay = 2.34>
ST_58 : Operation 251 [1/7] (2.34ns)   --->   "%add_6 = fadd i32 %add_5, i32 %mul_6" [./dut.cpp:14753]   --->   Operation 251 'fadd' 'add_6' <Predicate = (!icmp_ln890_41)> <Delay = 2.34> <CoreInst = "FAddSub_fulldsp">   --->   Core 18 'FAddSub_fulldsp' <Latency = 6> <II = 1> <Delay = 2.34> <FuncUnit> <Opcode : 'fadd' 'fsub'> <InPorts = 2> <OutPorts = 1>

State 59 <SV = 57> <Delay = 2.34>
ST_59 : Operation 252 [7/7] (2.34ns)   --->   "%add_7 = fadd i32 %add_6, i32 %mul_7" [./dut.cpp:14753]   --->   Operation 252 'fadd' 'add_7' <Predicate = (!icmp_ln890_41)> <Delay = 2.34> <CoreInst = "FAddSub_fulldsp">   --->   Core 18 'FAddSub_fulldsp' <Latency = 6> <II = 1> <Delay = 2.34> <FuncUnit> <Opcode : 'fadd' 'fsub'> <InPorts = 2> <OutPorts = 1>

State 60 <SV = 58> <Delay = 2.34>
ST_60 : Operation 253 [6/7] (2.34ns)   --->   "%add_7 = fadd i32 %add_6, i32 %mul_7" [./dut.cpp:14753]   --->   Operation 253 'fadd' 'add_7' <Predicate = (!icmp_ln890_41)> <Delay = 2.34> <CoreInst = "FAddSub_fulldsp">   --->   Core 18 'FAddSub_fulldsp' <Latency = 6> <II = 1> <Delay = 2.34> <FuncUnit> <Opcode : 'fadd' 'fsub'> <InPorts = 2> <OutPorts = 1>

State 61 <SV = 59> <Delay = 2.34>
ST_61 : Operation 254 [5/7] (2.34ns)   --->   "%add_7 = fadd i32 %add_6, i32 %mul_7" [./dut.cpp:14753]   --->   Operation 254 'fadd' 'add_7' <Predicate = (!icmp_ln890_41)> <Delay = 2.34> <CoreInst = "FAddSub_fulldsp">   --->   Core 18 'FAddSub_fulldsp' <Latency = 6> <II = 1> <Delay = 2.34> <FuncUnit> <Opcode : 'fadd' 'fsub'> <InPorts = 2> <OutPorts = 1>

State 62 <SV = 60> <Delay = 2.34>
ST_62 : Operation 255 [4/7] (2.34ns)   --->   "%add_7 = fadd i32 %add_6, i32 %mul_7" [./dut.cpp:14753]   --->   Operation 255 'fadd' 'add_7' <Predicate = (!icmp_ln890_41)> <Delay = 2.34> <CoreInst = "FAddSub_fulldsp">   --->   Core 18 'FAddSub_fulldsp' <Latency = 6> <II = 1> <Delay = 2.34> <FuncUnit> <Opcode : 'fadd' 'fsub'> <InPorts = 2> <OutPorts = 1>

State 63 <SV = 61> <Delay = 2.34>
ST_63 : Operation 256 [3/7] (2.34ns)   --->   "%add_7 = fadd i32 %add_6, i32 %mul_7" [./dut.cpp:14753]   --->   Operation 256 'fadd' 'add_7' <Predicate = (!icmp_ln890_41)> <Delay = 2.34> <CoreInst = "FAddSub_fulldsp">   --->   Core 18 'FAddSub_fulldsp' <Latency = 6> <II = 1> <Delay = 2.34> <FuncUnit> <Opcode : 'fadd' 'fsub'> <InPorts = 2> <OutPorts = 1>

State 64 <SV = 62> <Delay = 2.34>
ST_64 : Operation 257 [2/7] (2.34ns)   --->   "%add_7 = fadd i32 %add_6, i32 %mul_7" [./dut.cpp:14753]   --->   Operation 257 'fadd' 'add_7' <Predicate = (!icmp_ln890_41)> <Delay = 2.34> <CoreInst = "FAddSub_fulldsp">   --->   Core 18 'FAddSub_fulldsp' <Latency = 6> <II = 1> <Delay = 2.34> <FuncUnit> <Opcode : 'fadd' 'fsub'> <InPorts = 2> <OutPorts = 1>

State 65 <SV = 63> <Delay = 2.34>
ST_65 : Operation 258 [1/7] (2.34ns)   --->   "%add_7 = fadd i32 %add_6, i32 %mul_7" [./dut.cpp:14753]   --->   Operation 258 'fadd' 'add_7' <Predicate = (!icmp_ln890_41)> <Delay = 2.34> <CoreInst = "FAddSub_fulldsp">   --->   Core 18 'FAddSub_fulldsp' <Latency = 6> <II = 1> <Delay = 2.34> <FuncUnit> <Opcode : 'fadd' 'fsub'> <InPorts = 2> <OutPorts = 1>

State 66 <SV = 64> <Delay = 1.21>
ST_66 : Operation 259 [1/1] (0.00ns)   --->   "%specloopname_ln0 = specloopname void @_ssdm_op_SpecLoopName, void @PE_wrapper_7_1_x2_loop_3_PE_wrapper_7_1_x2_loop_4_PE_wrapper_7_1_x2_loop_5_str"   --->   Operation 259 'specloopname' 'specloopname_ln0' <Predicate = (!icmp_ln890_41)> <Delay = 0.00>
ST_66 : Operation 260 [1/1] (0.00ns)   --->   "%speclooptripcount_ln0 = speclooptripcount void @_ssdm_op_SpecLoopTripCount, i64 32768, i64 32768, i64 32768"   --->   Operation 260 'speclooptripcount' 'speclooptripcount_ln0' <Predicate = (!icmp_ln890_41)> <Delay = 0.00>
ST_66 : Operation 261 [1/1] (0.00ns)   --->   "%specloopname_ln0 = specloopname void @_ssdm_op_SpecLoopName, void @PE_wrapper_7_1_x2_loop_4_PE_wrapper_7_1_x2_loop_5_str"   --->   Operation 261 'specloopname' 'specloopname_ln0' <Predicate = (!icmp_ln890_41)> <Delay = 0.00>
ST_66 : Operation 262 [1/1] (0.00ns)   --->   "%specpipeline_ln0 = specpipeline void @_ssdm_op_SpecPipeline, i32 1, i32 0, i32 0, i32 0, void @empty_647" [/home/rcslfpgaserver/Softwares/Xilinx/Vitis_HLS/2020.2/common/technology/autopilot/hls_stream_39.h:0]   --->   Operation 262 'specpipeline' 'specpipeline_ln0' <Predicate = (!icmp_ln890_41)> <Delay = 0.00>
ST_66 : Operation 263 [1/1] (0.00ns)   --->   "%specloopname_ln0 = specloopname void @_ssdm_op_SpecLoopName, void @empty_675" [/home/rcslfpgaserver/Softwares/Xilinx/Vitis_HLS/2020.2/common/technology/autopilot/hls_stream_39.h:0]   --->   Operation 263 'specloopname' 'specloopname_ln0' <Predicate = (!icmp_ln890_41)> <Delay = 0.00>
ST_66 : Operation 264 [1/1] (1.20ns)   --->   "%store_ln14753 = store i32 %add_7, i10 %local_C_addr_13" [./dut.cpp:14753]   --->   Operation 264 'store' 'store_ln14753' <Predicate = (!icmp_ln890_41)> <Delay = 1.20> <CoreInst = "RAM_2P_BRAM">   --->   Core 94 'RAM_2P_BRAM' <Latency = 1> <II = 1> <Delay = 1.20> <Storage> <Opcode : 'load' 'store'> <Ports = 2> <Width = 32> <Depth = 1024> <RAM>
ST_66 : Operation 265 [1/1] (0.00ns)   --->   "%bitcast_ln174 = bitcast i32 %add_7" [/home/rcslfpgaserver/Softwares/Xilinx/Vitis_HLS/2020.2/common/technology/autopilot/hls_stream_39.h:174]   --->   Operation 265 'bitcast' 'bitcast_ln174' <Predicate = (select_ln14719_1)> <Delay = 0.00>
ST_66 : Operation 266 [1/1] (1.21ns)   --->   "%write_ln174 = write void @_ssdm_op_Write.ap_fifo.volatile.i32P0A, i32 %fifo_C_drain_PE_7_1_x2103, i32 %bitcast_ln174" [/home/rcslfpgaserver/Softwares/Xilinx/Vitis_HLS/2020.2/common/technology/autopilot/hls_stream_39.h:174]   --->   Operation 266 'write' 'write_ln174' <Predicate = (select_ln14719_1)> <Delay = 1.21> <CoreInst = "FIFO_SRL">   --->   Core 81 'FIFO_SRL' <Latency = 0> <II = 1> <Delay = 1.39> <Storage> <Opcode : 'read' 'write' 'nbread' 'nbwrite'> <Ports = 0> <Width = 32> <Depth = 2> <FIFO>
ST_66 : Operation 267 [1/1] (0.00ns)   --->   "%br_ln14756 = br void %._crit_edge" [./dut.cpp:14756]   --->   Operation 267 'br' 'br_ln14756' <Predicate = (select_ln14719_1)> <Delay = 0.00>

State 67 <SV = 6> <Delay = 0.00>
ST_67 : Operation 268 [1/1] (0.00ns)   --->   "%ret_ln14796 = ret" [./dut.cpp:14796]   --->   Operation 268 'ret' 'ret_ln14796' <Predicate = true> <Delay = 0.00>


============================================================
+ Verbose Summary: Timing violations
============================================================
Target clock period: 3.33ns, clock uncertainty: 0.9ns.

 <State 1>: 0.387ns
The critical path consists of the following:
	multiplexor before 'phi' operation ('c6.V') with incoming values : ('add_ln691') [16]  (0.387 ns)

 <State 2>: 0.706ns
The critical path consists of the following:
	'phi' operation ('c6.V') with incoming values : ('add_ln691') [16]  (0 ns)
	'add' operation ('add_ln691') [17]  (0.706 ns)

 <State 3>: 1.92ns
The critical path consists of the following:
	'phi' operation ('c7.V') with incoming values : ('add_ln691_51') [26]  (0 ns)
	'add' operation ('add_ln14714', ./dut.cpp:14714) [30]  (0.725 ns)
	'getelementptr' operation ('local_C_addr', ./dut.cpp:14714) [32]  (0 ns)
	'store' operation ('store_ln14714', ./dut.cpp:14714) of constant 0 on array 'local_C', ./dut.cpp:14701 [38]  (1.2 ns)

 <State 4>: 0.785ns
The critical path consists of the following:
	'phi' operation ('indvar_flatten13') with incoming values : ('add_ln890_21') [45]  (0 ns)
	'add' operation ('add_ln890_21') [50]  (0.785 ns)

 <State 5>: 2.43ns
The critical path consists of the following:
	fifo read on port 'fifo_B_PE_7_1_x276' (/home/rcslfpgaserver/Softwares/Xilinx/Vitis_HLS/2020.2/common/technology/autopilot/hls_stream_39.h:145) [96]  (1.22 ns)
	fifo write on port 'fifo_B_PE_8_1_x277' (/home/rcslfpgaserver/Softwares/Xilinx/Vitis_HLS/2020.2/common/technology/autopilot/hls_stream_39.h:174) [137]  (1.22 ns)

 <State 6>: 2.32ns
The critical path consists of the following:
	'fmul' operation ('mul', ./dut.cpp:14753) [114]  (2.32 ns)

 <State 7>: 2.32ns
The critical path consists of the following:
	'fmul' operation ('mul', ./dut.cpp:14753) [114]  (2.32 ns)

 <State 8>: 2.32ns
The critical path consists of the following:
	'fmul' operation ('mul', ./dut.cpp:14753) [114]  (2.32 ns)

 <State 9>: 2.32ns
The critical path consists of the following:
	'fmul' operation ('mul', ./dut.cpp:14753) [114]  (2.32 ns)

 <State 10>: 2.34ns
The critical path consists of the following:
	'fadd' operation ('add', ./dut.cpp:14753) [115]  (2.34 ns)

 <State 11>: 2.34ns
The critical path consists of the following:
	'fadd' operation ('add', ./dut.cpp:14753) [115]  (2.34 ns)

 <State 12>: 2.34ns
The critical path consists of the following:
	'fadd' operation ('add', ./dut.cpp:14753) [115]  (2.34 ns)

 <State 13>: 2.34ns
The critical path consists of the following:
	'fadd' operation ('add', ./dut.cpp:14753) [115]  (2.34 ns)

 <State 14>: 2.34ns
The critical path consists of the following:
	'fadd' operation ('add', ./dut.cpp:14753) [115]  (2.34 ns)

 <State 15>: 2.34ns
The critical path consists of the following:
	'fadd' operation ('add', ./dut.cpp:14753) [115]  (2.34 ns)

 <State 16>: 2.34ns
The critical path consists of the following:
	'fadd' operation ('add', ./dut.cpp:14753) [115]  (2.34 ns)

 <State 17>: 2.34ns
The critical path consists of the following:
	'fadd' operation ('add_1', ./dut.cpp:14753) [117]  (2.34 ns)

 <State 18>: 2.34ns
The critical path consists of the following:
	'fadd' operation ('add_1', ./dut.cpp:14753) [117]  (2.34 ns)

 <State 19>: 2.34ns
The critical path consists of the following:
	'fadd' operation ('add_1', ./dut.cpp:14753) [117]  (2.34 ns)

 <State 20>: 2.34ns
The critical path consists of the following:
	'fadd' operation ('add_1', ./dut.cpp:14753) [117]  (2.34 ns)

 <State 21>: 2.34ns
The critical path consists of the following:
	'fadd' operation ('add_1', ./dut.cpp:14753) [117]  (2.34 ns)

 <State 22>: 2.34ns
The critical path consists of the following:
	'fadd' operation ('add_1', ./dut.cpp:14753) [117]  (2.34 ns)

 <State 23>: 2.34ns
The critical path consists of the following:
	'fadd' operation ('add_1', ./dut.cpp:14753) [117]  (2.34 ns)

 <State 24>: 2.34ns
The critical path consists of the following:
	'fadd' operation ('add_2', ./dut.cpp:14753) [119]  (2.34 ns)

 <State 25>: 2.34ns
The critical path consists of the following:
	'fadd' operation ('add_2', ./dut.cpp:14753) [119]  (2.34 ns)

 <State 26>: 2.34ns
The critical path consists of the following:
	'fadd' operation ('add_2', ./dut.cpp:14753) [119]  (2.34 ns)

 <State 27>: 2.34ns
The critical path consists of the following:
	'fadd' operation ('add_2', ./dut.cpp:14753) [119]  (2.34 ns)

 <State 28>: 2.34ns
The critical path consists of the following:
	'fadd' operation ('add_2', ./dut.cpp:14753) [119]  (2.34 ns)

 <State 29>: 2.34ns
The critical path consists of the following:
	'fadd' operation ('add_2', ./dut.cpp:14753) [119]  (2.34 ns)

 <State 30>: 2.34ns
The critical path consists of the following:
	'fadd' operation ('add_2', ./dut.cpp:14753) [119]  (2.34 ns)

 <State 31>: 2.34ns
The critical path consists of the following:
	'fadd' operation ('add_3', ./dut.cpp:14753) [121]  (2.34 ns)

 <State 32>: 2.34ns
The critical path consists of the following:
	'fadd' operation ('add_3', ./dut.cpp:14753) [121]  (2.34 ns)

 <State 33>: 2.34ns
The critical path consists of the following:
	'fadd' operation ('add_3', ./dut.cpp:14753) [121]  (2.34 ns)

 <State 34>: 2.34ns
The critical path consists of the following:
	'fadd' operation ('add_3', ./dut.cpp:14753) [121]  (2.34 ns)

 <State 35>: 2.34ns
The critical path consists of the following:
	'fadd' operation ('add_3', ./dut.cpp:14753) [121]  (2.34 ns)

 <State 36>: 2.34ns
The critical path consists of the following:
	'fadd' operation ('add_3', ./dut.cpp:14753) [121]  (2.34 ns)

 <State 37>: 2.34ns
The critical path consists of the following:
	'fadd' operation ('add_3', ./dut.cpp:14753) [121]  (2.34 ns)

 <State 38>: 2.34ns
The critical path consists of the following:
	'fadd' operation ('add_4', ./dut.cpp:14753) [123]  (2.34 ns)

 <State 39>: 2.34ns
The critical path consists of the following:
	'fadd' operation ('add_4', ./dut.cpp:14753) [123]  (2.34 ns)

 <State 40>: 2.34ns
The critical path consists of the following:
	'fadd' operation ('add_4', ./dut.cpp:14753) [123]  (2.34 ns)

 <State 41>: 2.34ns
The critical path consists of the following:
	'fadd' operation ('add_4', ./dut.cpp:14753) [123]  (2.34 ns)

 <State 42>: 2.34ns
The critical path consists of the following:
	'fadd' operation ('add_4', ./dut.cpp:14753) [123]  (2.34 ns)

 <State 43>: 2.34ns
The critical path consists of the following:
	'fadd' operation ('add_4', ./dut.cpp:14753) [123]  (2.34 ns)

 <State 44>: 2.34ns
The critical path consists of the following:
	'fadd' operation ('add_4', ./dut.cpp:14753) [123]  (2.34 ns)

 <State 45>: 2.34ns
The critical path consists of the following:
	'fadd' operation ('add_5', ./dut.cpp:14753) [125]  (2.34 ns)

 <State 46>: 2.34ns
The critical path consists of the following:
	'fadd' operation ('add_5', ./dut.cpp:14753) [125]  (2.34 ns)

 <State 47>: 2.34ns
The critical path consists of the following:
	'fadd' operation ('add_5', ./dut.cpp:14753) [125]  (2.34 ns)

 <State 48>: 2.34ns
The critical path consists of the following:
	'fadd' operation ('add_5', ./dut.cpp:14753) [125]  (2.34 ns)

 <State 49>: 2.34ns
The critical path consists of the following:
	'fadd' operation ('add_5', ./dut.cpp:14753) [125]  (2.34 ns)

 <State 50>: 2.34ns
The critical path consists of the following:
	'fadd' operation ('add_5', ./dut.cpp:14753) [125]  (2.34 ns)

 <State 51>: 2.34ns
The critical path consists of the following:
	'fadd' operation ('add_5', ./dut.cpp:14753) [125]  (2.34 ns)

 <State 52>: 2.34ns
The critical path consists of the following:
	'fadd' operation ('add_6', ./dut.cpp:14753) [127]  (2.34 ns)

 <State 53>: 2.34ns
The critical path consists of the following:
	'fadd' operation ('add_6', ./dut.cpp:14753) [127]  (2.34 ns)

 <State 54>: 2.34ns
The critical path consists of the following:
	'fadd' operation ('add_6', ./dut.cpp:14753) [127]  (2.34 ns)

 <State 55>: 2.34ns
The critical path consists of the following:
	'fadd' operation ('add_6', ./dut.cpp:14753) [127]  (2.34 ns)

 <State 56>: 2.34ns
The critical path consists of the following:
	'fadd' operation ('add_6', ./dut.cpp:14753) [127]  (2.34 ns)

 <State 57>: 2.34ns
The critical path consists of the following:
	'fadd' operation ('add_6', ./dut.cpp:14753) [127]  (2.34 ns)

 <State 58>: 2.34ns
The critical path consists of the following:
	'fadd' operation ('add_6', ./dut.cpp:14753) [127]  (2.34 ns)

 <State 59>: 2.34ns
The critical path consists of the following:
	'fadd' operation ('add_7', ./dut.cpp:14753) [129]  (2.34 ns)

 <State 60>: 2.34ns
The critical path consists of the following:
	'fadd' operation ('add_7', ./dut.cpp:14753) [129]  (2.34 ns)

 <State 61>: 2.34ns
The critical path consists of the following:
	'fadd' operation ('add_7', ./dut.cpp:14753) [129]  (2.34 ns)

 <State 62>: 2.34ns
The critical path consists of the following:
	'fadd' operation ('add_7', ./dut.cpp:14753) [129]  (2.34 ns)

 <State 63>: 2.34ns
The critical path consists of the following:
	'fadd' operation ('add_7', ./dut.cpp:14753) [129]  (2.34 ns)

 <State 64>: 2.34ns
The critical path consists of the following:
	'fadd' operation ('add_7', ./dut.cpp:14753) [129]  (2.34 ns)

 <State 65>: 2.34ns
The critical path consists of the following:
	'fadd' operation ('add_7', ./dut.cpp:14753) [129]  (2.34 ns)

 <State 66>: 1.22ns
The critical path consists of the following:
	fifo write on port 'fifo_C_drain_PE_7_1_x2103' (/home/rcslfpgaserver/Softwares/Xilinx/Vitis_HLS/2020.2/common/technology/autopilot/hls_stream_39.h:174) [134]  (1.22 ns)

 <State 67>: 0ns
The critical path consists of the following:


============================================================
+ Verbose Summary: Binding
============================================================
N/A
* FSMD analyzer results:
  - Output states:
 - Input state : 
  - Chain level:
	State 1
	State 2
	State 3
	State 4
	State 5
	State 6
	State 7
	State 8
	State 9
	State 10
	State 11
	State 12
	State 13
	State 14
	State 15
	State 16
	State 17
	State 18
	State 19
	State 20
	State 21
	State 22
	State 23
	State 24
	State 25
	State 26
	State 27
	State 28
	State 29
	State 30
	State 31
	State 32
	State 33
	State 34
	State 35
	State 36
	State 37
	State 38
	State 39
	State 40
	State 41
	State 42
	State 43
	State 44
	State 45
	State 46
	State 47
	State 48
	State 49
	State 50
	State 51
	State 52
	State 53
	State 54
	State 55
	State 56
	State 57
	State 58
	State 59
	State 60
	State 61
	State 62
	State 63
	State 64
	State 65
	State 66
	State 67


============================================================
+ Verbose Summary: Datapath Resource usage 
============================================================
N/A
