

================================================================
== Vitis HLS Report for 'C_drain_IO_L3_out_x1'
================================================================
* Date:           Thu Sep 15 14:04:56 2022

* Version:        2020.2 (Build 3064766 on Wed Nov 18 09:12:47 MST 2020)
* Project:        top
* Solution:       solution (Vitis Kernel Flow Target)
* Product family: virtexuplus
* Target device:  xcu250-figd2104-2L-e


================================================================
== Performance Estimates
================================================================
+ Timing: 
    * Summary: 
    +--------+---------+----------+------------+
    |  Clock |  Target | Estimated| Uncertainty|
    +--------+---------+----------+------------+
    |ap_clk  |  3.33 ns|  2.433 ns|     0.90 ns|
    +--------+---------+----------+------------+

+ Latency: 
    * Summary: 
    +---------+---------+-----------+-----------+-------+-------+---------+
    |  Latency (cycles) |   Latency (absolute)  |    Interval   | Pipeline|
    |   min   |   max   |    min    |    max    |  min  |  max  |   Type  |
    +---------+---------+-----------+-----------+-------+-------+---------+
    |    23622|    23622|  78.732 us|  78.732 us|  23622|  23622|     none|
    +---------+---------+-----------+-----------+-------+-------+---------+

    + Detail: 
        * Instance: 
        N/A

        * Loop: 
        +--------------------------------+---------+---------+----------+-----------+-----------+------+----------+
        |                                |  Latency (cycles) | Iteration|  Initiation Interval  | Trip |          |
        |            Loop Name           |   min   |   max   |  Latency |  achieved |   target  | Count| Pipelined|
        +--------------------------------+---------+---------+----------+-----------+-----------+------+----------+
        |- C_drain_IO_L3_out_x1_loop_1   |    23552|    23552|        23|          -|          -|  1024|        no|
        | + C_drain_IO_L3_out_x1_loop_2  |       16|       16|         2|          -|          -|     8|        no|
        +--------------------------------+---------+---------+----------+-----------+-----------+------+----------+



================================================================
== Utilization Estimates
================================================================
* Summary: 
+---------------------+---------+-------+---------+---------+------+
|         Name        | BRAM_18K|  DSP  |    FF   |   LUT   | URAM |
+---------------------+---------+-------+---------+---------+------+
|DSP                  |        -|      -|        -|        -|     -|
|Expression           |        -|      -|        0|       53|     -|
|FIFO                 |        -|      -|        -|        -|     -|
|Instance             |        -|      -|        -|        -|     -|
|Memory               |        0|      -|       64|       65|     -|
|Multiplexer          |        -|      -|        -|      499|     -|
|Register             |        -|      -|      683|        -|     -|
+---------------------+---------+-------+---------+---------+------+
|Total                |        0|      0|      747|      617|     0|
+---------------------+---------+-------+---------+---------+------+
|Available SLR        |     1344|   3072|   864000|   432000|   320|
+---------------------+---------+-------+---------+---------+------+
|Utilization SLR (%)  |        0|      0|       ~0|       ~0|     0|
+---------------------+---------+-------+---------+---------+------+
|Available            |     5376|  12288|  3456000|  1728000|  1280|
+---------------------+---------+-------+---------+---------+------+
|Utilization (%)      |        0|      0|       ~0|       ~0|     0|
+---------------------+---------+-------+---------+---------+------+

+ Detail: 
    * Instance: 
    N/A

    * DSP: 
    N/A

    * Memory: 
    +--------------------+---------------------------------------+---------+----+----+-----+------+-----+------+-------------+
    |       Memory       |                 Module                | BRAM_18K| FF | LUT| URAM| Words| Bits| Banks| W*Bits*Banks|
    +--------------------+---------------------------------------+---------+----+----+-----+------+-----+------+-------------+
    |mem_data_split_V_U  |C_drain_IO_L3_out_x1_mem_data_split_V  |        0|  64|  65|    0|     8|   64|     1|          512|
    +--------------------+---------------------------------------+---------+----+----+-----+------+-----+------+-------------+
    |Total               |                                       |        0|  64|  65|    0|     8|   64|     1|          512|
    +--------------------+---------------------------------------+---------+----+----+-----+------+-----+------+-------------+

    * FIFO: 
    N/A

    * Expression: 
    +------------------------+----------+----+---+----+------------+------------+
    |      Variable Name     | Operation| DSP| FF| LUT| Bitwidth P0| Bitwidth P1|
    +------------------------+----------+----+---+----+------------+------------+
    |add_ln691_fu_253_p2     |         +|   0|  0|  12|           4|           1|
    |i_V_1_fu_241_p2         |         +|   0|  0|  18|          11|           1|
    |icmp_ln878_1_fu_263_p2  |      icmp|   0|  0|   9|           4|           5|
    |icmp_ln878_fu_247_p2    |      icmp|   0|  0|  12|          11|          12|
    |ap_block_state1         |        or|   0|  0|   2|           1|           1|
    +------------------------+----------+----+---+----+------------+------------+
    |Total                   |          |   0|  0|  53|          31|          20|
    +------------------------+----------+----+---+----+------------+------------+

    * Multiplexer: 
    +-----------------------------+-----+-----------+-----+-----------+
    |             Name            | LUT | Input Size| Bits| Total Bits|
    +-----------------------------+-----+-----------+-----+-----------+
    |C_blk_n                      |    9|          2|    1|          2|
    |ap_NS_fsm                    |  370|         79|    1|         79|
    |ap_done                      |    9|          2|    1|          2|
    |fifo_C_drain_local_in_blk_n  |    9|          2|    1|          2|
    |gmem_C_blk_n_AW              |    9|          2|    1|          2|
    |gmem_C_blk_n_B               |    9|          2|    1|          2|
    |gmem_C_blk_n_W               |    9|          2|    1|          2|
    |i_V_reg_199                  |    9|          2|   11|         22|
    |mem_data_split_V_address0    |   31|          6|    3|         18|
    |mem_data_split_V_address1    |   26|          5|    3|         15|
    |p_V_reg_210                  |    9|          2|    4|          8|
    +-----------------------------+-----+-----------+-----+-----------+
    |Total                        |  499|        106|   28|        154|
    +-----------------------------+-----+-----------+-----+-----------+

    * Register: 
    +--------------------+----+----+-----+-----------+
    |        Name        | FF | LUT| Bits| Const Bits|
    +--------------------+----+----+-----+-----------+
    |add_ln691_reg_341   |   4|   0|    4|          0|
    |ap_CS_fsm           |  78|   0|   78|          0|
    |ap_done_reg         |   1|   0|    1|          0|
    |i_V_1_reg_333       |  11|   0|   11|          0|
    |i_V_reg_199         |  11|   0|   11|          0|
    |p_V_reg_210         |   4|   0|    4|          0|
    |trunc_ln_reg_282    |  58|   0|   58|          0|
    |v1_V_reg_389        |  64|   0|   64|          0|
    |v2_V_746_reg_359    |  64|   0|   64|          0|
    |v2_V_747_reg_364    |  64|   0|   64|          0|
    |v2_V_748_reg_369    |  64|   0|   64|          0|
    |v2_V_749_reg_374    |  64|   0|   64|          0|
    |v2_V_750_reg_379    |  64|   0|   64|          0|
    |v2_V_751_reg_384    |  64|   0|   64|          0|
    |v2_V_reg_354        |  64|   0|   64|          0|
    |zext_ln878_reg_346  |   4|   0|   64|         60|
    +--------------------+----+----+-----+-----------+
    |Total               | 683|   0|  743|         60|
    +--------------------+----+----+-----+-----------+



================================================================
== Interface
================================================================
* Summary: 
+-------------------------------+-----+-----+------------+-----------------------+--------------+
|           RTL Ports           | Dir | Bits|  Protocol  |     Source Object     |    C Type    |
+-------------------------------+-----+-----+------------+-----------------------+--------------+
|ap_clk                         |   in|    1|  ap_ctrl_hs|   C_drain_IO_L3_out_x1|  return value|
|ap_rst                         |   in|    1|  ap_ctrl_hs|   C_drain_IO_L3_out_x1|  return value|
|ap_start                       |   in|    1|  ap_ctrl_hs|   C_drain_IO_L3_out_x1|  return value|
|ap_done                        |  out|    1|  ap_ctrl_hs|   C_drain_IO_L3_out_x1|  return value|
|ap_continue                    |   in|    1|  ap_ctrl_hs|   C_drain_IO_L3_out_x1|  return value|
|ap_idle                        |  out|    1|  ap_ctrl_hs|   C_drain_IO_L3_out_x1|  return value|
|ap_ready                       |  out|    1|  ap_ctrl_hs|   C_drain_IO_L3_out_x1|  return value|
|m_axi_gmem_C_AWVALID           |  out|    1|       m_axi|                 gmem_C|       pointer|
|m_axi_gmem_C_AWREADY           |   in|    1|       m_axi|                 gmem_C|       pointer|
|m_axi_gmem_C_AWADDR            |  out|   64|       m_axi|                 gmem_C|       pointer|
|m_axi_gmem_C_AWID              |  out|    1|       m_axi|                 gmem_C|       pointer|
|m_axi_gmem_C_AWLEN             |  out|   32|       m_axi|                 gmem_C|       pointer|
|m_axi_gmem_C_AWSIZE            |  out|    3|       m_axi|                 gmem_C|       pointer|
|m_axi_gmem_C_AWBURST           |  out|    2|       m_axi|                 gmem_C|       pointer|
|m_axi_gmem_C_AWLOCK            |  out|    2|       m_axi|                 gmem_C|       pointer|
|m_axi_gmem_C_AWCACHE           |  out|    4|       m_axi|                 gmem_C|       pointer|
|m_axi_gmem_C_AWPROT            |  out|    3|       m_axi|                 gmem_C|       pointer|
|m_axi_gmem_C_AWQOS             |  out|    4|       m_axi|                 gmem_C|       pointer|
|m_axi_gmem_C_AWREGION          |  out|    4|       m_axi|                 gmem_C|       pointer|
|m_axi_gmem_C_AWUSER            |  out|    1|       m_axi|                 gmem_C|       pointer|
|m_axi_gmem_C_WVALID            |  out|    1|       m_axi|                 gmem_C|       pointer|
|m_axi_gmem_C_WREADY            |   in|    1|       m_axi|                 gmem_C|       pointer|
|m_axi_gmem_C_WDATA             |  out|  512|       m_axi|                 gmem_C|       pointer|
|m_axi_gmem_C_WSTRB             |  out|   64|       m_axi|                 gmem_C|       pointer|
|m_axi_gmem_C_WLAST             |  out|    1|       m_axi|                 gmem_C|       pointer|
|m_axi_gmem_C_WID               |  out|    1|       m_axi|                 gmem_C|       pointer|
|m_axi_gmem_C_WUSER             |  out|    1|       m_axi|                 gmem_C|       pointer|
|m_axi_gmem_C_ARVALID           |  out|    1|       m_axi|                 gmem_C|       pointer|
|m_axi_gmem_C_ARREADY           |   in|    1|       m_axi|                 gmem_C|       pointer|
|m_axi_gmem_C_ARADDR            |  out|   64|       m_axi|                 gmem_C|       pointer|
|m_axi_gmem_C_ARID              |  out|    1|       m_axi|                 gmem_C|       pointer|
|m_axi_gmem_C_ARLEN             |  out|   32|       m_axi|                 gmem_C|       pointer|
|m_axi_gmem_C_ARSIZE            |  out|    3|       m_axi|                 gmem_C|       pointer|
|m_axi_gmem_C_ARBURST           |  out|    2|       m_axi|                 gmem_C|       pointer|
|m_axi_gmem_C_ARLOCK            |  out|    2|       m_axi|                 gmem_C|       pointer|
|m_axi_gmem_C_ARCACHE           |  out|    4|       m_axi|                 gmem_C|       pointer|
|m_axi_gmem_C_ARPROT            |  out|    3|       m_axi|                 gmem_C|       pointer|
|m_axi_gmem_C_ARQOS             |  out|    4|       m_axi|                 gmem_C|       pointer|
|m_axi_gmem_C_ARREGION          |  out|    4|       m_axi|                 gmem_C|       pointer|
|m_axi_gmem_C_ARUSER            |  out|    1|       m_axi|                 gmem_C|       pointer|
|m_axi_gmem_C_RVALID            |   in|    1|       m_axi|                 gmem_C|       pointer|
|m_axi_gmem_C_RREADY            |  out|    1|       m_axi|                 gmem_C|       pointer|
|m_axi_gmem_C_RDATA             |   in|  512|       m_axi|                 gmem_C|       pointer|
|m_axi_gmem_C_RLAST             |   in|    1|       m_axi|                 gmem_C|       pointer|
|m_axi_gmem_C_RID               |   in|    1|       m_axi|                 gmem_C|       pointer|
|m_axi_gmem_C_RUSER             |   in|    1|       m_axi|                 gmem_C|       pointer|
|m_axi_gmem_C_RRESP             |   in|    2|       m_axi|                 gmem_C|       pointer|
|m_axi_gmem_C_BVALID            |   in|    1|       m_axi|                 gmem_C|       pointer|
|m_axi_gmem_C_BREADY            |  out|    1|       m_axi|                 gmem_C|       pointer|
|m_axi_gmem_C_BRESP             |   in|    2|       m_axi|                 gmem_C|       pointer|
|m_axi_gmem_C_BID               |   in|    1|       m_axi|                 gmem_C|       pointer|
|m_axi_gmem_C_BUSER             |   in|    1|       m_axi|                 gmem_C|       pointer|
|fifo_C_drain_local_in_dout     |   in|   64|     ap_fifo|  fifo_C_drain_local_in|       pointer|
|fifo_C_drain_local_in_empty_n  |   in|    1|     ap_fifo|  fifo_C_drain_local_in|       pointer|
|fifo_C_drain_local_in_read     |  out|    1|     ap_fifo|  fifo_C_drain_local_in|       pointer|
|C_dout                         |   in|   64|     ap_fifo|                      C|       pointer|
|C_empty_n                      |   in|    1|     ap_fifo|                      C|       pointer|
|C_read                         |  out|    1|     ap_fifo|                      C|       pointer|
+-------------------------------+-----+-----+------------+-----------------------+--------------+

