

================================================================
== Vitis HLS Report for 'PE_wrapper_12_0_x2'
================================================================
* Date:           Sat Sep  3 20:03:43 2022

* Version:        2020.2 (Build 3064766 on Wed Nov 18 09:12:47 MST 2020)
* Project:        top
* Solution:       solution (Vitis Kernel Flow Target)
* Product family: virtexuplus
* Target device:  xcu250-figd2104-2L-e


================================================================
== Performance Estimates
================================================================
+ Timing: 
    * Summary: 
    +--------+---------+----------+------------+
    |  Clock |  Target | Estimated| Uncertainty|
    +--------+---------+----------+------------+
    |ap_clk  |  3.33 ns|  2.342 ns|     0.90 ns|
    +--------+---------+----------+------------+

+ Latency: 
    * Summary: 
    +---------+---------+-----------+-----------+---------+---------+---------+
    |  Latency (cycles) |   Latency (absolute)  |      Interval     | Pipeline|
    |   min   |   max   |    min    |    max    |   min   |   max   |   Type  |
    +---------+---------+-----------+-----------+---------+---------+---------+
    |  4232386|  4232386|  14.107 ms|  14.107 ms|  4232386|  4232386|     none|
    +---------+---------+-----------+-----------+---------+---------+---------+

    + Detail: 
        * Instance: 
        N/A

        * Loop: 
        +----------------------------------+---------+---------+----------+-----------+-----------+------+----------+
        |                                  |  Latency (cycles) | Iteration|  Initiation Interval  | Trip |          |
        |             Loop Name            |   min   |   max   |  Latency |  achieved |   target  | Count| Pipelined|
        +----------------------------------+---------+---------+----------+-----------+-----------+------+----------+
        |- PE_wrapper_12_0_x2_loop_1       |     1152|     1152|        18|          -|          -|    64|        no|
        | + PE_wrapper_12_0_x2_loop_2      |       16|       16|         1|          -|          -|    16|        no|
        |- PE_wrapper_12_0_x2_loop_3       |  4231232|  4231232|    132226|          -|          -|    32|        no|
        | + PE_wrapper_12_0_x2_loop_4      |   132224|   132224|      2066|          -|          -|    64|        no|
        |  ++ PE_wrapper_12_0_x2_loop_5    |     2064|     2064|       129|          -|          -|    16|        no|
        |   +++ PE_wrapper_12_0_x2_loop_6  |        8|        8|         1|          -|          -|     8|        no|
        |   +++ PE_wrapper_12_0_x2_loop_7  |        8|        8|         1|          -|          -|     8|        no|
        |   +++ PE_wrapper_12_0_x2_loop_8  |      104|      104|        13|          -|          -|     8|        no|
        +----------------------------------+---------+---------+----------+-----------+-----------+------+----------+

============================================================
+ Verbose Summary: Synthesis Manager
============================================================
InlineROM: 1
ExposeGlobal: 0
============================================================
+ Verbose Summary: CDFG Model
============================================================
IsTopModel: 0
ResetActiveHigh: 1
IsCombinational: 2
IsDatapathOnly: 0
HasWiredReturn: 1
HasMFsm: 0
HasVarLatency: 1
IsPipeline: 0
IsRtlPipelined: 0
IsInstanceOverlapped: 0
IsDontTouch: 0
HasImplIP: 0
IsGatedGlobalClock: 0


============================================================
+ Verbose Summary: Schedule
============================================================
* Number of FSM states : 26
* Pipeline : 0
* Dataflow Pipeline: 0

* FSM state transitions: 
1 --> 2 
2 --> 3 4 
3 --> 3 2 
4 --> 5 
5 --> 6 4 
6 --> 7 5 
7 --> 7 8 
8 --> 9 8 
9 --> 10 
10 --> 11 23 
11 --> 12 
12 --> 13 
13 --> 14 
14 --> 15 
15 --> 16 
16 --> 17 
17 --> 18 
18 --> 19 
19 --> 20 
20 --> 21 
21 --> 22 
22 --> 10 
23 --> 24 
24 --> 25 
25 --> 26 
26 --> 6 

* FSM state operations: 

State 1 <SV = 0> <Delay = 0.38>
ST_1 : Operation 27 [1/1] (0.00ns)   --->   "%specinterface_ln0 = specinterface void @_ssdm_op_SpecInterface, i32 %fifo_C_drain_PE_12_0_x295, void @empty_649, i32 0, i32 0, void @empty_1225, i32 0, i32 0, void @empty_1225, void @empty_1225, void @empty_1225, i32 0, i32 0, i32 0, i32 0, void @empty_1225, void @empty_1225"   --->   Operation 27 'specinterface' 'specinterface_ln0' <Predicate = true> <Delay = 0.00>
ST_1 : Operation 28 [1/1] (0.00ns)   --->   "%specinterface_ln0 = specinterface void @_ssdm_op_SpecInterface, i256 %fifo_B_PE_13_0_x268, void @empty_649, i32 0, i32 0, void @empty_1225, i32 0, i32 0, void @empty_1225, void @empty_1225, void @empty_1225, i32 0, i32 0, i32 0, i32 0, void @empty_1225, void @empty_1225"   --->   Operation 28 'specinterface' 'specinterface_ln0' <Predicate = true> <Delay = 0.00>
ST_1 : Operation 29 [1/1] (0.00ns)   --->   "%specinterface_ln0 = specinterface void @_ssdm_op_SpecInterface, i256 %fifo_B_PE_12_0_x267, void @empty_649, i32 0, i32 0, void @empty_1225, i32 0, i32 0, void @empty_1225, void @empty_1225, void @empty_1225, i32 0, i32 0, i32 0, i32 0, void @empty_1225, void @empty_1225"   --->   Operation 29 'specinterface' 'specinterface_ln0' <Predicate = true> <Delay = 0.00>
ST_1 : Operation 30 [1/1] (0.00ns)   --->   "%specinterface_ln0 = specinterface void @_ssdm_op_SpecInterface, i256 %fifo_A_PE_12_1_x253, void @empty_649, i32 0, i32 0, void @empty_1225, i32 0, i32 0, void @empty_1225, void @empty_1225, void @empty_1225, i32 0, i32 0, i32 0, i32 0, void @empty_1225, void @empty_1225"   --->   Operation 30 'specinterface' 'specinterface_ln0' <Predicate = true> <Delay = 0.00>
ST_1 : Operation 31 [1/1] (0.00ns)   --->   "%specinterface_ln0 = specinterface void @_ssdm_op_SpecInterface, i256 %fifo_A_PE_12_0_x252, void @empty_649, i32 0, i32 0, void @empty_1225, i32 0, i32 0, void @empty_1225, void @empty_1225, void @empty_1225, i32 0, i32 0, i32 0, i32 0, void @empty_1225, void @empty_1225"   --->   Operation 31 'specinterface' 'specinterface_ln0' <Predicate = true> <Delay = 0.00>
ST_1 : Operation 32 [1/1] (0.00ns)   --->   "%local_A_0 = alloca i64 1" [./dut.cpp:13772]   --->   Operation 32 'alloca' 'local_A_0' <Predicate = true> <Delay = 0.00> <CoreInst = "RAM">   --->   Core 83 'RAM' <Latency = 1> <II = 1> <Delay = 0.69> <Storage> <Opcode : 'load' 'store'> <Ports = 2> <Width = 32> <Depth = 8> <RAM>
ST_1 : Operation 33 [1/1] (0.00ns)   --->   "%local_B_0 = alloca i64 1" [./dut.cpp:13773]   --->   Operation 33 'alloca' 'local_B_0' <Predicate = true> <Delay = 0.00> <CoreInst = "RAM">   --->   Core 83 'RAM' <Latency = 1> <II = 1> <Delay = 0.69> <Storage> <Opcode : 'load' 'store'> <Ports = 2> <Width = 32> <Depth = 8> <RAM>
ST_1 : Operation 34 [1/1] (0.00ns)   --->   "%local_C = alloca i64 1" [./dut.cpp:13774]   --->   Operation 34 'alloca' 'local_C' <Predicate = true> <Delay = 0.00> <CoreInst = "RAM_2P_BRAM">   --->   Core 94 'RAM_2P_BRAM' <Latency = 1> <II = 1> <Delay = 1.20> <Storage> <Opcode : 'load' 'store'> <Ports = 2> <Width = 32> <Depth = 1024> <RAM>
ST_1 : Operation 35 [1/1] (0.00ns)   --->   "%specmemcore_ln13774 = specmemcore void @_ssdm_op_SpecMemCore, i32 %local_C, i64 666, i64 22, i64 18446744073709551615" [./dut.cpp:13774]   --->   Operation 35 'specmemcore' 'specmemcore_ln13774' <Predicate = true> <Delay = 0.00>
ST_1 : Operation 36 [1/1] (0.38ns)   --->   "%br_ln13782 = br void" [./dut.cpp:13782]   --->   Operation 36 'br' 'br_ln13782' <Predicate = true> <Delay = 0.38>

State 2 <SV = 1> <Delay = 0.70>
ST_2 : Operation 37 [1/1] (0.00ns)   --->   "%c6_V = phi i7 %add_ln691, void, i7 0, void"   --->   Operation 37 'phi' 'c6_V' <Predicate = true> <Delay = 0.00>
ST_2 : Operation 38 [1/1] (0.70ns)   --->   "%add_ln691 = add i7 %c6_V, i7 1"   --->   Operation 38 'add' 'add_ln691' <Predicate = true> <Delay = 0.70> <CoreInst = "Adder">   --->   Core 1 'Adder' <Latency = 0> <II = 1> <Delay = 0.70> <FuncUnit> <Opcode : 'add' 'sub'> <InPorts = 2> <OutPorts = 1>
ST_2 : Operation 39 [1/1] (0.00ns)   --->   "%zext_ln890 = zext i7 %c6_V"   --->   Operation 39 'zext' 'zext_ln890' <Predicate = true> <Delay = 0.00>
ST_2 : Operation 40 [1/1] (0.59ns)   --->   "%icmp_ln890 = icmp_eq  i7 %c6_V, i7 64"   --->   Operation 40 'icmp' 'icmp_ln890' <Predicate = true> <Delay = 0.59> <CoreInst = "Cmp">   --->   Core 9 'Cmp' <Latency = 0> <II = 1> <Delay = 0.65> <FuncUnit> <Opcode : 'icmp'> <InPorts = 2> <OutPorts = 1>
ST_2 : Operation 41 [1/1] (0.00ns)   --->   "%speclooptripcount_ln0 = speclooptripcount void @_ssdm_op_SpecLoopTripCount, i64 64, i64 64, i64 64"   --->   Operation 41 'speclooptripcount' 'speclooptripcount_ln0' <Predicate = true> <Delay = 0.00>
ST_2 : Operation 42 [1/1] (0.00ns)   --->   "%br_ln13782 = br i1 %icmp_ln890, void %.split42, void" [./dut.cpp:13782]   --->   Operation 42 'br' 'br_ln13782' <Predicate = true> <Delay = 0.00>
ST_2 : Operation 43 [1/1] (0.00ns)   --->   "%specloopname_ln13782 = specloopname void @_ssdm_op_SpecLoopName, void @empty_214" [./dut.cpp:13782]   --->   Operation 43 'specloopname' 'specloopname_ln13782' <Predicate = (!icmp_ln890)> <Delay = 0.00>
ST_2 : Operation 44 [1/1] (0.38ns)   --->   "%br_ln13784 = br void" [./dut.cpp:13784]   --->   Operation 44 'br' 'br_ln13784' <Predicate = (!icmp_ln890)> <Delay = 0.38>
ST_2 : Operation 45 [1/1] (0.00ns)   --->   "%local_B_0_addr = getelementptr i32 %local_B_0, i64 0, i64 7"   --->   Operation 45 'getelementptr' 'local_B_0_addr' <Predicate = (icmp_ln890)> <Delay = 0.00>
ST_2 : Operation 46 [1/1] (0.00ns)   --->   "%local_B_0_addr_514 = getelementptr i32 %local_B_0, i64 0, i64 6"   --->   Operation 46 'getelementptr' 'local_B_0_addr_514' <Predicate = (icmp_ln890)> <Delay = 0.00>
ST_2 : Operation 47 [1/1] (0.00ns)   --->   "%local_B_0_addr_515 = getelementptr i32 %local_B_0, i64 0, i64 5"   --->   Operation 47 'getelementptr' 'local_B_0_addr_515' <Predicate = (icmp_ln890)> <Delay = 0.00>
ST_2 : Operation 48 [1/1] (0.00ns)   --->   "%local_B_0_addr_516 = getelementptr i32 %local_B_0, i64 0, i64 4"   --->   Operation 48 'getelementptr' 'local_B_0_addr_516' <Predicate = (icmp_ln890)> <Delay = 0.00>
ST_2 : Operation 49 [1/1] (0.00ns)   --->   "%local_B_0_addr_517 = getelementptr i32 %local_B_0, i64 0, i64 3"   --->   Operation 49 'getelementptr' 'local_B_0_addr_517' <Predicate = (icmp_ln890)> <Delay = 0.00>
ST_2 : Operation 50 [1/1] (0.00ns)   --->   "%local_B_0_addr_518 = getelementptr i32 %local_B_0, i64 0, i64 2"   --->   Operation 50 'getelementptr' 'local_B_0_addr_518' <Predicate = (icmp_ln890)> <Delay = 0.00>
ST_2 : Operation 51 [1/1] (0.00ns)   --->   "%local_B_0_addr_519 = getelementptr i32 %local_B_0, i64 0, i64 1"   --->   Operation 51 'getelementptr' 'local_B_0_addr_519' <Predicate = (icmp_ln890)> <Delay = 0.00>
ST_2 : Operation 52 [1/1] (0.00ns)   --->   "%local_B_0_addr_520 = getelementptr i32 %local_B_0, i64 0, i64 0"   --->   Operation 52 'getelementptr' 'local_B_0_addr_520' <Predicate = (icmp_ln890)> <Delay = 0.00>
ST_2 : Operation 53 [1/1] (0.00ns)   --->   "%local_A_0_addr = getelementptr i32 %local_A_0, i64 0, i64 7"   --->   Operation 53 'getelementptr' 'local_A_0_addr' <Predicate = (icmp_ln890)> <Delay = 0.00>
ST_2 : Operation 54 [1/1] (0.00ns)   --->   "%local_A_0_addr_514 = getelementptr i32 %local_A_0, i64 0, i64 6"   --->   Operation 54 'getelementptr' 'local_A_0_addr_514' <Predicate = (icmp_ln890)> <Delay = 0.00>
ST_2 : Operation 55 [1/1] (0.00ns)   --->   "%local_A_0_addr_515 = getelementptr i32 %local_A_0, i64 0, i64 5"   --->   Operation 55 'getelementptr' 'local_A_0_addr_515' <Predicate = (icmp_ln890)> <Delay = 0.00>
ST_2 : Operation 56 [1/1] (0.00ns)   --->   "%local_A_0_addr_516 = getelementptr i32 %local_A_0, i64 0, i64 4"   --->   Operation 56 'getelementptr' 'local_A_0_addr_516' <Predicate = (icmp_ln890)> <Delay = 0.00>
ST_2 : Operation 57 [1/1] (0.00ns)   --->   "%local_A_0_addr_517 = getelementptr i32 %local_A_0, i64 0, i64 3"   --->   Operation 57 'getelementptr' 'local_A_0_addr_517' <Predicate = (icmp_ln890)> <Delay = 0.00>
ST_2 : Operation 58 [1/1] (0.00ns)   --->   "%local_A_0_addr_518 = getelementptr i32 %local_A_0, i64 0, i64 2"   --->   Operation 58 'getelementptr' 'local_A_0_addr_518' <Predicate = (icmp_ln890)> <Delay = 0.00>
ST_2 : Operation 59 [1/1] (0.00ns)   --->   "%local_A_0_addr_519 = getelementptr i32 %local_A_0, i64 0, i64 1"   --->   Operation 59 'getelementptr' 'local_A_0_addr_519' <Predicate = (icmp_ln890)> <Delay = 0.00>
ST_2 : Operation 60 [1/1] (0.00ns)   --->   "%local_A_0_addr_520 = getelementptr i32 %local_A_0, i64 0, i64 0"   --->   Operation 60 'getelementptr' 'local_A_0_addr_520' <Predicate = (icmp_ln890)> <Delay = 0.00>
ST_2 : Operation 61 [1/1] (0.38ns)   --->   "%br_ln13792 = br void" [./dut.cpp:13792]   --->   Operation 61 'br' 'br_ln13792' <Predicate = (icmp_ln890)> <Delay = 0.38>

State 3 <SV = 2> <Delay = 1.92>
ST_3 : Operation 62 [1/1] (0.00ns)   --->   "%c7_V = phi i5 %add_ln691_402, void %.split40, i5 0, void %.split42"   --->   Operation 62 'phi' 'c7_V' <Predicate = true> <Delay = 0.00>
ST_3 : Operation 63 [1/1] (0.70ns)   --->   "%add_ln691_402 = add i5 %c7_V, i5 1"   --->   Operation 63 'add' 'add_ln691_402' <Predicate = true> <Delay = 0.70> <CoreInst = "Adder">   --->   Core 1 'Adder' <Latency = 0> <II = 1> <Delay = 0.70> <FuncUnit> <Opcode : 'add' 'sub'> <InPorts = 2> <OutPorts = 1>
ST_3 : Operation 64 [1/1] (0.00ns)   --->   "%trunc_ln13787 = trunc i5 %c7_V" [./dut.cpp:13787]   --->   Operation 64 'trunc' 'trunc_ln13787' <Predicate = true> <Delay = 0.00>
ST_3 : Operation 65 [1/1] (0.00ns)   --->   "%tmp_192_cast = bitconcatenate i10 @_ssdm_op_BitConcatenate.i10.i4.i6, i4 %trunc_ln13787, i6 0" [./dut.cpp:13787]   --->   Operation 65 'bitconcatenate' 'tmp_192_cast' <Predicate = true> <Delay = 0.00>
ST_3 : Operation 66 [1/1] (0.72ns)   --->   "%add_ln13787 = add i10 %tmp_192_cast, i10 %zext_ln890" [./dut.cpp:13787]   --->   Operation 66 'add' 'add_ln13787' <Predicate = true> <Delay = 0.72> <CoreInst = "Adder">   --->   Core 1 'Adder' <Latency = 0> <II = 1> <Delay = 0.70> <FuncUnit> <Opcode : 'add' 'sub'> <InPorts = 2> <OutPorts = 1>
ST_3 : Operation 67 [1/1] (0.00ns)   --->   "%zext_ln13787 = zext i10 %add_ln13787" [./dut.cpp:13787]   --->   Operation 67 'zext' 'zext_ln13787' <Predicate = true> <Delay = 0.00>
ST_3 : Operation 68 [1/1] (0.00ns)   --->   "%local_C_addr = getelementptr i32 %local_C, i64 0, i64 %zext_ln13787" [./dut.cpp:13787]   --->   Operation 68 'getelementptr' 'local_C_addr' <Predicate = true> <Delay = 0.00>
ST_3 : Operation 69 [1/1] (0.63ns)   --->   "%icmp_ln890_287 = icmp_eq  i5 %c7_V, i5 16"   --->   Operation 69 'icmp' 'icmp_ln890_287' <Predicate = true> <Delay = 0.63> <CoreInst = "Cmp">   --->   Core 9 'Cmp' <Latency = 0> <II = 1> <Delay = 0.65> <FuncUnit> <Opcode : 'icmp'> <InPorts = 2> <OutPorts = 1>
ST_3 : Operation 70 [1/1] (0.00ns)   --->   "%speclooptripcount_ln0 = speclooptripcount void @_ssdm_op_SpecLoopTripCount, i64 16, i64 16, i64 16"   --->   Operation 70 'speclooptripcount' 'speclooptripcount_ln0' <Predicate = true> <Delay = 0.00>
ST_3 : Operation 71 [1/1] (0.00ns)   --->   "%br_ln13784 = br i1 %icmp_ln890_287, void %.split40, void" [./dut.cpp:13784]   --->   Operation 71 'br' 'br_ln13784' <Predicate = true> <Delay = 0.00>
ST_3 : Operation 72 [1/1] (0.00ns)   --->   "%specloopname_ln13784 = specloopname void @_ssdm_op_SpecLoopName, void @empty_1276" [./dut.cpp:13784]   --->   Operation 72 'specloopname' 'specloopname_ln13784' <Predicate = (!icmp_ln890_287)> <Delay = 0.00>
ST_3 : Operation 73 [1/1] (1.20ns)   --->   "%store_ln13787 = store i32 0, i10 %local_C_addr" [./dut.cpp:13787]   --->   Operation 73 'store' 'store_ln13787' <Predicate = (!icmp_ln890_287)> <Delay = 1.20> <CoreInst = "RAM_2P_BRAM">   --->   Core 94 'RAM_2P_BRAM' <Latency = 1> <II = 1> <Delay = 1.20> <Storage> <Opcode : 'load' 'store'> <Ports = 2> <Width = 32> <Depth = 1024> <RAM>
ST_3 : Operation 74 [1/1] (0.00ns)   --->   "%br_ln0 = br void"   --->   Operation 74 'br' 'br_ln0' <Predicate = (!icmp_ln890_287)> <Delay = 0.00>
ST_3 : Operation 75 [1/1] (0.00ns)   --->   "%br_ln0 = br void"   --->   Operation 75 'br' 'br_ln0' <Predicate = (icmp_ln890_287)> <Delay = 0.00>

State 4 <SV = 2> <Delay = 0.70>
ST_4 : Operation 76 [1/1] (0.00ns)   --->   "%c5_V = phi i6 %add_ln691_403, void, i6 0, void"   --->   Operation 76 'phi' 'c5_V' <Predicate = true> <Delay = 0.00>
ST_4 : Operation 77 [1/1] (0.70ns)   --->   "%add_ln691_403 = add i6 %c5_V, i6 1"   --->   Operation 77 'add' 'add_ln691_403' <Predicate = true> <Delay = 0.70> <CoreInst = "Adder">   --->   Core 1 'Adder' <Latency = 0> <II = 1> <Delay = 0.70> <FuncUnit> <Opcode : 'add' 'sub'> <InPorts = 2> <OutPorts = 1>
ST_4 : Operation 78 [1/1] (0.61ns)   --->   "%icmp_ln890_286 = icmp_eq  i6 %c5_V, i6 32"   --->   Operation 78 'icmp' 'icmp_ln890_286' <Predicate = true> <Delay = 0.61> <CoreInst = "Cmp">   --->   Core 9 'Cmp' <Latency = 0> <II = 1> <Delay = 0.65> <FuncUnit> <Opcode : 'icmp'> <InPorts = 2> <OutPorts = 1>
ST_4 : Operation 79 [1/1] (0.00ns)   --->   "%speclooptripcount_ln0 = speclooptripcount void @_ssdm_op_SpecLoopTripCount, i64 32, i64 32, i64 32"   --->   Operation 79 'speclooptripcount' 'speclooptripcount_ln0' <Predicate = true> <Delay = 0.00>
ST_4 : Operation 80 [1/1] (0.00ns)   --->   "%br_ln13792 = br i1 %icmp_ln890_286, void %.split38, void" [./dut.cpp:13792]   --->   Operation 80 'br' 'br_ln13792' <Predicate = true> <Delay = 0.00>
ST_4 : Operation 81 [1/1] (0.00ns)   --->   "%specloopname_ln13792 = specloopname void @_ssdm_op_SpecLoopName, void @empty_192" [./dut.cpp:13792]   --->   Operation 81 'specloopname' 'specloopname_ln13792' <Predicate = (!icmp_ln890_286)> <Delay = 0.00>
ST_4 : Operation 82 [1/1] (0.61ns)   --->   "%cmp_i_i = icmp_eq  i6 %c5_V, i6 31"   --->   Operation 82 'icmp' 'cmp_i_i' <Predicate = (!icmp_ln890_286)> <Delay = 0.61> <CoreInst = "Cmp">   --->   Core 9 'Cmp' <Latency = 0> <II = 1> <Delay = 0.65> <FuncUnit> <Opcode : 'icmp'> <InPorts = 2> <OutPorts = 1>
ST_4 : Operation 83 [1/1] (0.38ns)   --->   "%br_ln13794 = br void" [./dut.cpp:13794]   --->   Operation 83 'br' 'br_ln13794' <Predicate = (!icmp_ln890_286)> <Delay = 0.38>
ST_4 : Operation 84 [1/1] (0.00ns)   --->   "%ret_ln13869 = ret" [./dut.cpp:13869]   --->   Operation 84 'ret' 'ret_ln13869' <Predicate = (icmp_ln890_286)> <Delay = 0.00>

State 5 <SV = 3> <Delay = 0.70>
ST_5 : Operation 85 [1/1] (0.00ns)   --->   "%c6_V_58 = phi i7 %add_ln691_404, void, i7 0, void %.split38"   --->   Operation 85 'phi' 'c6_V_58' <Predicate = true> <Delay = 0.00>
ST_5 : Operation 86 [1/1] (0.70ns)   --->   "%add_ln691_404 = add i7 %c6_V_58, i7 1"   --->   Operation 86 'add' 'add_ln691_404' <Predicate = true> <Delay = 0.70> <CoreInst = "Adder">   --->   Core 1 'Adder' <Latency = 0> <II = 1> <Delay = 0.70> <FuncUnit> <Opcode : 'add' 'sub'> <InPorts = 2> <OutPorts = 1>
ST_5 : Operation 87 [1/1] (0.00ns)   --->   "%zext_ln890_115 = zext i7 %c6_V_58"   --->   Operation 87 'zext' 'zext_ln890_115' <Predicate = true> <Delay = 0.00>
ST_5 : Operation 88 [1/1] (0.59ns)   --->   "%icmp_ln890_288 = icmp_eq  i7 %c6_V_58, i7 64"   --->   Operation 88 'icmp' 'icmp_ln890_288' <Predicate = true> <Delay = 0.59> <CoreInst = "Cmp">   --->   Core 9 'Cmp' <Latency = 0> <II = 1> <Delay = 0.65> <FuncUnit> <Opcode : 'icmp'> <InPorts = 2> <OutPorts = 1>
ST_5 : Operation 89 [1/1] (0.00ns)   --->   "%speclooptripcount_ln0 = speclooptripcount void @_ssdm_op_SpecLoopTripCount, i64 64, i64 64, i64 64"   --->   Operation 89 'speclooptripcount' 'speclooptripcount_ln0' <Predicate = true> <Delay = 0.00>
ST_5 : Operation 90 [1/1] (0.00ns)   --->   "%br_ln13794 = br i1 %icmp_ln890_288, void %.split36, void" [./dut.cpp:13794]   --->   Operation 90 'br' 'br_ln13794' <Predicate = true> <Delay = 0.00>
ST_5 : Operation 91 [1/1] (0.00ns)   --->   "%specloopname_ln13794 = specloopname void @_ssdm_op_SpecLoopName, void @empty_68" [./dut.cpp:13794]   --->   Operation 91 'specloopname' 'specloopname_ln13794' <Predicate = (!icmp_ln890_288)> <Delay = 0.00>
ST_5 : Operation 92 [1/1] (0.38ns)   --->   "%br_ln13796 = br void" [./dut.cpp:13796]   --->   Operation 92 'br' 'br_ln13796' <Predicate = (!icmp_ln890_288)> <Delay = 0.38>
ST_5 : Operation 93 [1/1] (0.00ns)   --->   "%br_ln0 = br void"   --->   Operation 93 'br' 'br_ln0' <Predicate = (icmp_ln890_288)> <Delay = 0.00>

State 6 <SV = 4> <Delay = 1.85>
ST_6 : Operation 94 [1/1] (0.00ns)   --->   "%c7_V_58 = phi i5 %add_ln691_408, void %._crit_edge, i5 0, void %.split36"   --->   Operation 94 'phi' 'c7_V_58' <Predicate = true> <Delay = 0.00>
ST_6 : Operation 95 [1/1] (0.70ns)   --->   "%add_ln691_408 = add i5 %c7_V_58, i5 1"   --->   Operation 95 'add' 'add_ln691_408' <Predicate = true> <Delay = 0.70> <CoreInst = "Adder">   --->   Core 1 'Adder' <Latency = 0> <II = 1> <Delay = 0.70> <FuncUnit> <Opcode : 'add' 'sub'> <InPorts = 2> <OutPorts = 1>
ST_6 : Operation 96 [1/1] (0.00ns)   --->   "%empty = trunc i5 %c7_V_58"   --->   Operation 96 'trunc' 'empty' <Predicate = true> <Delay = 0.00>
ST_6 : Operation 97 [1/1] (0.00ns)   --->   "%tmp_193_cast = bitconcatenate i10 @_ssdm_op_BitConcatenate.i10.i4.i6, i4 %empty, i6 0"   --->   Operation 97 'bitconcatenate' 'tmp_193_cast' <Predicate = true> <Delay = 0.00>
ST_6 : Operation 98 [1/1] (0.72ns)   --->   "%empty_2182 = add i10 %tmp_193_cast, i10 %zext_ln890_115"   --->   Operation 98 'add' 'empty_2182' <Predicate = true> <Delay = 0.72> <CoreInst = "Adder">   --->   Core 1 'Adder' <Latency = 0> <II = 1> <Delay = 0.70> <FuncUnit> <Opcode : 'add' 'sub'> <InPorts = 2> <OutPorts = 1>
ST_6 : Operation 99 [1/1] (0.00ns)   --->   "%p_cast = zext i10 %empty_2182"   --->   Operation 99 'zext' 'p_cast' <Predicate = true> <Delay = 0.00>
ST_6 : Operation 100 [1/1] (0.00ns)   --->   "%local_C_addr_58 = getelementptr i32 %local_C, i64 0, i64 %p_cast"   --->   Operation 100 'getelementptr' 'local_C_addr_58' <Predicate = true> <Delay = 0.00>
ST_6 : Operation 101 [1/1] (0.63ns)   --->   "%icmp_ln890_289 = icmp_eq  i5 %c7_V_58, i5 16"   --->   Operation 101 'icmp' 'icmp_ln890_289' <Predicate = true> <Delay = 0.63> <CoreInst = "Cmp">   --->   Core 9 'Cmp' <Latency = 0> <II = 1> <Delay = 0.65> <FuncUnit> <Opcode : 'icmp'> <InPorts = 2> <OutPorts = 1>
ST_6 : Operation 102 [1/1] (0.00ns)   --->   "%speclooptripcount_ln0 = speclooptripcount void @_ssdm_op_SpecLoopTripCount, i64 16, i64 16, i64 16"   --->   Operation 102 'speclooptripcount' 'speclooptripcount_ln0' <Predicate = true> <Delay = 0.00>
ST_6 : Operation 103 [1/1] (0.00ns)   --->   "%br_ln13796 = br i1 %icmp_ln890_289, void %.split34, void" [./dut.cpp:13796]   --->   Operation 103 'br' 'br_ln13796' <Predicate = true> <Delay = 0.00>
ST_6 : Operation 104 [1/1] (0.00ns)   --->   "%specloopname_ln0 = specloopname void @_ssdm_op_SpecLoopName, void @empty_49" [/home/rcslfpgaserver/Softwares/Xilinx/Vitis_HLS/2020.2/common/technology/autopilot/hls_stream_39.h:0]   --->   Operation 104 'specloopname' 'specloopname_ln0' <Predicate = (!icmp_ln890_289)> <Delay = 0.00>
ST_6 : Operation 105 [1/1] (1.21ns)   --->   "%tmp = read i256 @_ssdm_op_Read.ap_fifo.volatile.i256P0A, i256 %fifo_A_PE_12_0_x252" [/home/rcslfpgaserver/Softwares/Xilinx/Vitis_HLS/2020.2/common/technology/autopilot/hls_stream_39.h:145]   --->   Operation 105 'read' 'tmp' <Predicate = (!icmp_ln890_289)> <Delay = 1.21> <CoreInst = "FIFO_SRL">   --->   Core 81 'FIFO_SRL' <Latency = 0> <II = 1> <Delay = 1.42> <Storage> <Opcode : 'read' 'write' 'nbread' 'nbwrite'> <Ports = 0> <Width = 256> <Depth = 2> <FIFO>
ST_6 : Operation 106 [1/1] (0.38ns)   --->   "%br_ln13801 = br void" [./dut.cpp:13801]   --->   Operation 106 'br' 'br_ln13801' <Predicate = (!icmp_ln890_289)> <Delay = 0.38>
ST_6 : Operation 107 [1/1] (0.00ns)   --->   "%br_ln0 = br void"   --->   Operation 107 'br' 'br_ln0' <Predicate = (icmp_ln890_289)> <Delay = 0.00>

State 7 <SV = 5> <Delay = 1.87>
ST_7 : Operation 108 [1/1] (0.00ns)   --->   "%n_V = phi i4 %add_ln691_405, void %.split, i4 0, void %.split34"   --->   Operation 108 'phi' 'n_V' <Predicate = true> <Delay = 0.00>
ST_7 : Operation 109 [1/1] (0.00ns)   --->   "%p_Val2_s = phi i256 %zext_ln1497, void %.split, i256 %tmp, void %.split34"   --->   Operation 109 'phi' 'p_Val2_s' <Predicate = true> <Delay = 0.00>
ST_7 : Operation 110 [1/1] (0.70ns)   --->   "%add_ln691_405 = add i4 %n_V, i4 1"   --->   Operation 110 'add' 'add_ln691_405' <Predicate = true> <Delay = 0.70> <CoreInst = "Adder">   --->   Core 1 'Adder' <Latency = 0> <II = 1> <Delay = 0.70> <FuncUnit> <Opcode : 'add' 'sub'> <InPorts = 2> <OutPorts = 1>
ST_7 : Operation 111 [1/1] (0.00ns)   --->   "%zext_ln878 = zext i4 %n_V"   --->   Operation 111 'zext' 'zext_ln878' <Predicate = true> <Delay = 0.00>
ST_7 : Operation 112 [1/1] (0.65ns)   --->   "%icmp_ln878 = icmp_eq  i4 %n_V, i4 8"   --->   Operation 112 'icmp' 'icmp_ln878' <Predicate = true> <Delay = 0.65> <CoreInst = "Cmp">   --->   Core 9 'Cmp' <Latency = 0> <II = 1> <Delay = 0.65> <FuncUnit> <Opcode : 'icmp'> <InPorts = 2> <OutPorts = 1>
ST_7 : Operation 113 [1/1] (0.00ns)   --->   "%speclooptripcount_ln0 = speclooptripcount void @_ssdm_op_SpecLoopTripCount, i64 8, i64 8, i64 8"   --->   Operation 113 'speclooptripcount' 'speclooptripcount_ln0' <Predicate = true> <Delay = 0.00>
ST_7 : Operation 114 [1/1] (0.00ns)   --->   "%br_ln13801 = br i1 %icmp_ln878, void %.split, void" [./dut.cpp:13801]   --->   Operation 114 'br' 'br_ln13801' <Predicate = true> <Delay = 0.00>
ST_7 : Operation 115 [1/1] (0.00ns)   --->   "%specloopname_ln708 = specloopname void @_ssdm_op_SpecLoopName, void @empty_40"   --->   Operation 115 'specloopname' 'specloopname_ln708' <Predicate = (!icmp_ln878)> <Delay = 0.00>
ST_7 : Operation 116 [1/1] (0.00ns)   --->   "%u = trunc i256 %p_Val2_s"   --->   Operation 116 'trunc' 'u' <Predicate = (!icmp_ln878)> <Delay = 0.00>
ST_7 : Operation 117 [1/1] (0.00ns)   --->   "%bitcast_ln13807 = bitcast i32 %u" [./dut.cpp:13807]   --->   Operation 117 'bitcast' 'bitcast_ln13807' <Predicate = (!icmp_ln878)> <Delay = 0.00>
ST_7 : Operation 118 [1/1] (0.00ns)   --->   "%local_A_0_addr_521 = getelementptr i32 %local_A_0, i64 0, i64 %zext_ln878" [./dut.cpp:13807]   --->   Operation 118 'getelementptr' 'local_A_0_addr_521' <Predicate = (!icmp_ln878)> <Delay = 0.00>
ST_7 : Operation 119 [1/1] (0.69ns)   --->   "%store_ln13807 = store i32 %bitcast_ln13807, i3 %local_A_0_addr_521" [./dut.cpp:13807]   --->   Operation 119 'store' 'store_ln13807' <Predicate = (!icmp_ln878)> <Delay = 0.69> <CoreInst = "RAM">   --->   Core 83 'RAM' <Latency = 1> <II = 1> <Delay = 0.69> <Storage> <Opcode : 'load' 'store'> <Ports = 2> <Width = 32> <Depth = 8> <RAM>
ST_7 : Operation 120 [1/1] (0.00ns)   --->   "%r = partselect i224 @_ssdm_op_PartSelect.i224.i256.i32.i32, i256 %p_Val2_s, i32 32, i32 255"   --->   Operation 120 'partselect' 'r' <Predicate = (!icmp_ln878)> <Delay = 0.00>
ST_7 : Operation 121 [1/1] (0.00ns)   --->   "%zext_ln1497 = zext i224 %r"   --->   Operation 121 'zext' 'zext_ln1497' <Predicate = (!icmp_ln878)> <Delay = 0.00>
ST_7 : Operation 122 [1/1] (0.00ns)   --->   "%br_ln0 = br void"   --->   Operation 122 'br' 'br_ln0' <Predicate = (!icmp_ln878)> <Delay = 0.00>
ST_7 : Operation 123 [1/1] (1.21ns)   --->   "%tmp_58 = read i256 @_ssdm_op_Read.ap_fifo.volatile.i256P0A, i256 %fifo_B_PE_12_0_x267" [/home/rcslfpgaserver/Softwares/Xilinx/Vitis_HLS/2020.2/common/technology/autopilot/hls_stream_39.h:145]   --->   Operation 123 'read' 'tmp_58' <Predicate = (icmp_ln878)> <Delay = 1.21> <CoreInst = "FIFO_SRL">   --->   Core 81 'FIFO_SRL' <Latency = 0> <II = 1> <Delay = 1.42> <Storage> <Opcode : 'read' 'write' 'nbread' 'nbwrite'> <Ports = 0> <Width = 256> <Depth = 2> <FIFO>
ST_7 : Operation 124 [1/1] (0.38ns)   --->   "%br_ln13814 = br void" [./dut.cpp:13814]   --->   Operation 124 'br' 'br_ln13814' <Predicate = (icmp_ln878)> <Delay = 0.38>

State 8 <SV = 6> <Delay = 1.35>
ST_8 : Operation 125 [1/1] (0.00ns)   --->   "%n_V_58 = phi i4 %add_ln691_406, void %.split30, i4 0, void"   --->   Operation 125 'phi' 'n_V_58' <Predicate = true> <Delay = 0.00>
ST_8 : Operation 126 [1/1] (0.00ns)   --->   "%p_Val2_58 = phi i256 %zext_ln1497_58, void %.split30, i256 %tmp_58, void"   --->   Operation 126 'phi' 'p_Val2_58' <Predicate = true> <Delay = 0.00>
ST_8 : Operation 127 [1/1] (0.70ns)   --->   "%add_ln691_406 = add i4 %n_V_58, i4 1"   --->   Operation 127 'add' 'add_ln691_406' <Predicate = true> <Delay = 0.70> <CoreInst = "Adder">   --->   Core 1 'Adder' <Latency = 0> <II = 1> <Delay = 0.70> <FuncUnit> <Opcode : 'add' 'sub'> <InPorts = 2> <OutPorts = 1>
ST_8 : Operation 128 [1/1] (0.00ns)   --->   "%zext_ln878_58 = zext i4 %n_V_58"   --->   Operation 128 'zext' 'zext_ln878_58' <Predicate = true> <Delay = 0.00>
ST_8 : Operation 129 [1/1] (0.65ns)   --->   "%icmp_ln878_58 = icmp_eq  i4 %n_V_58, i4 8"   --->   Operation 129 'icmp' 'icmp_ln878_58' <Predicate = true> <Delay = 0.65> <CoreInst = "Cmp">   --->   Core 9 'Cmp' <Latency = 0> <II = 1> <Delay = 0.65> <FuncUnit> <Opcode : 'icmp'> <InPorts = 2> <OutPorts = 1>
ST_8 : Operation 130 [1/1] (0.00ns)   --->   "%speclooptripcount_ln0 = speclooptripcount void @_ssdm_op_SpecLoopTripCount, i64 8, i64 8, i64 8"   --->   Operation 130 'speclooptripcount' 'speclooptripcount_ln0' <Predicate = true> <Delay = 0.00>
ST_8 : Operation 131 [1/1] (0.00ns)   --->   "%br_ln13814 = br i1 %icmp_ln878_58, void %.split30, void" [./dut.cpp:13814]   --->   Operation 131 'br' 'br_ln13814' <Predicate = true> <Delay = 0.00>
ST_8 : Operation 132 [1/1] (0.00ns)   --->   "%specloopname_ln708 = specloopname void @_ssdm_op_SpecLoopName, void @empty_50"   --->   Operation 132 'specloopname' 'specloopname_ln708' <Predicate = (!icmp_ln878_58)> <Delay = 0.00>
ST_8 : Operation 133 [1/1] (0.00ns)   --->   "%u_58 = trunc i256 %p_Val2_58"   --->   Operation 133 'trunc' 'u_58' <Predicate = (!icmp_ln878_58)> <Delay = 0.00>
ST_8 : Operation 134 [1/1] (0.00ns)   --->   "%bitcast_ln13820 = bitcast i32 %u_58" [./dut.cpp:13820]   --->   Operation 134 'bitcast' 'bitcast_ln13820' <Predicate = (!icmp_ln878_58)> <Delay = 0.00>
ST_8 : Operation 135 [1/1] (0.00ns)   --->   "%local_B_0_addr_521 = getelementptr i32 %local_B_0, i64 0, i64 %zext_ln878_58" [./dut.cpp:13820]   --->   Operation 135 'getelementptr' 'local_B_0_addr_521' <Predicate = (!icmp_ln878_58)> <Delay = 0.00>
ST_8 : Operation 136 [1/1] (0.69ns)   --->   "%store_ln13820 = store i32 %bitcast_ln13820, i3 %local_B_0_addr_521" [./dut.cpp:13820]   --->   Operation 136 'store' 'store_ln13820' <Predicate = (!icmp_ln878_58)> <Delay = 0.69> <CoreInst = "RAM">   --->   Core 83 'RAM' <Latency = 1> <II = 1> <Delay = 0.69> <Storage> <Opcode : 'load' 'store'> <Ports = 2> <Width = 32> <Depth = 8> <RAM>
ST_8 : Operation 137 [1/1] (0.00ns)   --->   "%r_58 = partselect i224 @_ssdm_op_PartSelect.i224.i256.i32.i32, i256 %p_Val2_58, i32 32, i32 255"   --->   Operation 137 'partselect' 'r_58' <Predicate = (!icmp_ln878_58)> <Delay = 0.00>
ST_8 : Operation 138 [1/1] (0.00ns)   --->   "%zext_ln1497_58 = zext i224 %r_58"   --->   Operation 138 'zext' 'zext_ln1497_58' <Predicate = (!icmp_ln878_58)> <Delay = 0.00>
ST_8 : Operation 139 [1/1] (0.00ns)   --->   "%br_ln0 = br void"   --->   Operation 139 'br' 'br_ln0' <Predicate = (!icmp_ln878_58)> <Delay = 0.00>
ST_8 : Operation 140 [2/2] (1.20ns)   --->   "%local_C_load = load i10 %local_C_addr_58" [./dut.cpp:13826]   --->   Operation 140 'load' 'local_C_load' <Predicate = (icmp_ln878_58)> <Delay = 1.20> <CoreInst = "RAM_2P_BRAM">   --->   Core 94 'RAM_2P_BRAM' <Latency = 1> <II = 1> <Delay = 1.20> <Storage> <Opcode : 'load' 'store'> <Ports = 2> <Width = 32> <Depth = 1024> <RAM>

State 9 <SV = 7> <Delay = 1.20>
ST_9 : Operation 141 [1/2] (1.20ns)   --->   "%local_C_load = load i10 %local_C_addr_58" [./dut.cpp:13826]   --->   Operation 141 'load' 'local_C_load' <Predicate = true> <Delay = 1.20> <CoreInst = "RAM_2P_BRAM">   --->   Core 94 'RAM_2P_BRAM' <Latency = 1> <II = 1> <Delay = 1.20> <Storage> <Opcode : 'load' 'store'> <Ports = 2> <Width = 32> <Depth = 1024> <RAM>
ST_9 : Operation 142 [1/1] (0.38ns)   --->   "%br_ln13825 = br void" [./dut.cpp:13825]   --->   Operation 142 'br' 'br_ln13825' <Predicate = true> <Delay = 0.38>

State 10 <SV = 8> <Delay = 1.87>
ST_10 : Operation 143 [1/1] (0.00ns)   --->   "%c8_V = phi i4 %add_ln691_407, void %.split32, i4 0, void"   --->   Operation 143 'phi' 'c8_V' <Predicate = true> <Delay = 0.00>
ST_10 : Operation 144 [1/1] (0.00ns)   --->   "%empty_2183 = phi i32 %add, void %.split32, i32 %local_C_load, void" [./dut.cpp:13826]   --->   Operation 144 'phi' 'empty_2183' <Predicate = true> <Delay = 0.00>
ST_10 : Operation 145 [1/1] (0.70ns)   --->   "%add_ln691_407 = add i4 %c8_V, i4 1"   --->   Operation 145 'add' 'add_ln691_407' <Predicate = true> <Delay = 0.70> <CoreInst = "Adder">   --->   Core 1 'Adder' <Latency = 0> <II = 1> <Delay = 0.70> <FuncUnit> <Opcode : 'add' 'sub'> <InPorts = 2> <OutPorts = 1>
ST_10 : Operation 146 [1/1] (0.00ns)   --->   "%zext_ln890_116 = zext i4 %c8_V"   --->   Operation 146 'zext' 'zext_ln890_116' <Predicate = true> <Delay = 0.00>
ST_10 : Operation 147 [1/1] (0.65ns)   --->   "%icmp_ln890_290 = icmp_eq  i4 %c8_V, i4 8"   --->   Operation 147 'icmp' 'icmp_ln890_290' <Predicate = true> <Delay = 0.65> <CoreInst = "Cmp">   --->   Core 9 'Cmp' <Latency = 0> <II = 1> <Delay = 0.65> <FuncUnit> <Opcode : 'icmp'> <InPorts = 2> <OutPorts = 1>
ST_10 : Operation 148 [1/1] (0.00ns)   --->   "%speclooptripcount_ln0 = speclooptripcount void @_ssdm_op_SpecLoopTripCount, i64 8, i64 8, i64 8"   --->   Operation 148 'speclooptripcount' 'speclooptripcount_ln0' <Predicate = true> <Delay = 0.00>
ST_10 : Operation 149 [1/1] (0.00ns)   --->   "%br_ln13825 = br i1 %icmp_ln890_290, void %.split32, void" [./dut.cpp:13825]   --->   Operation 149 'br' 'br_ln13825' <Predicate = true> <Delay = 0.00>
ST_10 : Operation 150 [1/1] (0.00ns)   --->   "%local_A_0_addr_522 = getelementptr i32 %local_A_0, i64 0, i64 %zext_ln890_116" [./dut.cpp:13826]   --->   Operation 150 'getelementptr' 'local_A_0_addr_522' <Predicate = (!icmp_ln890_290)> <Delay = 0.00>
ST_10 : Operation 151 [2/2] (0.69ns)   --->   "%local_A_0_load = load i3 %local_A_0_addr_522" [./dut.cpp:13826]   --->   Operation 151 'load' 'local_A_0_load' <Predicate = (!icmp_ln890_290)> <Delay = 0.69> <CoreInst = "RAM">   --->   Core 83 'RAM' <Latency = 1> <II = 1> <Delay = 0.69> <Storage> <Opcode : 'load' 'store'> <Ports = 2> <Width = 32> <Depth = 8> <RAM>
ST_10 : Operation 152 [1/1] (0.00ns)   --->   "%local_B_0_addr_522 = getelementptr i32 %local_B_0, i64 0, i64 %zext_ln890_116" [./dut.cpp:13826]   --->   Operation 152 'getelementptr' 'local_B_0_addr_522' <Predicate = (!icmp_ln890_290)> <Delay = 0.00>
ST_10 : Operation 153 [2/2] (0.69ns)   --->   "%local_B_0_load = load i3 %local_B_0_addr_522" [./dut.cpp:13826]   --->   Operation 153 'load' 'local_B_0_load' <Predicate = (!icmp_ln890_290)> <Delay = 0.69> <CoreInst = "RAM">   --->   Core 83 'RAM' <Latency = 1> <II = 1> <Delay = 0.69> <Storage> <Opcode : 'load' 'store'> <Ports = 2> <Width = 32> <Depth = 8> <RAM>
ST_10 : Operation 154 [1/1] (1.20ns)   --->   "%store_ln13826 = store i32 %empty_2183, i10 %local_C_addr_58" [./dut.cpp:13826]   --->   Operation 154 'store' 'store_ln13826' <Predicate = (icmp_ln890_290)> <Delay = 1.20> <CoreInst = "RAM_2P_BRAM">   --->   Core 94 'RAM_2P_BRAM' <Latency = 1> <II = 1> <Delay = 1.20> <Storage> <Opcode : 'load' 'store'> <Ports = 2> <Width = 32> <Depth = 1024> <RAM>
ST_10 : Operation 155 [1/1] (0.00ns)   --->   "%br_ln13828 = br i1 %cmp_i_i, void %._crit_edge, void" [./dut.cpp:13828]   --->   Operation 155 'br' 'br_ln13828' <Predicate = (icmp_ln890_290)> <Delay = 0.00>
ST_10 : Operation 156 [1/1] (0.00ns)   --->   "%bitcast_ln174 = bitcast i32 %empty_2183" [/home/rcslfpgaserver/Softwares/Xilinx/Vitis_HLS/2020.2/common/technology/autopilot/hls_stream_39.h:174]   --->   Operation 156 'bitcast' 'bitcast_ln174' <Predicate = (icmp_ln890_290 & cmp_i_i)> <Delay = 0.00>
ST_10 : Operation 157 [1/1] (1.21ns)   --->   "%write_ln174 = write void @_ssdm_op_Write.ap_fifo.volatile.i32P0A, i32 %fifo_C_drain_PE_12_0_x295, i32 %bitcast_ln174" [/home/rcslfpgaserver/Softwares/Xilinx/Vitis_HLS/2020.2/common/technology/autopilot/hls_stream_39.h:174]   --->   Operation 157 'write' 'write_ln174' <Predicate = (icmp_ln890_290 & cmp_i_i)> <Delay = 1.21> <CoreInst = "FIFO_SRL">   --->   Core 81 'FIFO_SRL' <Latency = 0> <II = 1> <Delay = 1.39> <Storage> <Opcode : 'read' 'write' 'nbread' 'nbwrite'> <Ports = 0> <Width = 32> <Depth = 2> <FIFO>
ST_10 : Operation 158 [1/1] (0.00ns)   --->   "%br_ln13829 = br void %._crit_edge" [./dut.cpp:13829]   --->   Operation 158 'br' 'br_ln13829' <Predicate = (icmp_ln890_290 & cmp_i_i)> <Delay = 0.00>
ST_10 : Operation 159 [2/2] (0.69ns)   --->   "%u7 = load i3 %local_B_0_addr" [./dut.cpp:13836]   --->   Operation 159 'load' 'u7' <Predicate = (icmp_ln890_290)> <Delay = 0.69> <CoreInst = "RAM">   --->   Core 83 'RAM' <Latency = 1> <II = 1> <Delay = 0.69> <Storage> <Opcode : 'load' 'store'> <Ports = 2> <Width = 32> <Depth = 8> <RAM>
ST_10 : Operation 160 [2/2] (0.69ns)   --->   "%u6 = load i3 %local_B_0_addr_514" [./dut.cpp:13837]   --->   Operation 160 'load' 'u6' <Predicate = (icmp_ln890_290)> <Delay = 0.69> <CoreInst = "RAM">   --->   Core 83 'RAM' <Latency = 1> <II = 1> <Delay = 0.69> <Storage> <Opcode : 'load' 'store'> <Ports = 2> <Width = 32> <Depth = 8> <RAM>
ST_10 : Operation 161 [2/2] (0.69ns)   --->   "%u7_58 = load i3 %local_A_0_addr" [./dut.cpp:13853]   --->   Operation 161 'load' 'u7_58' <Predicate = (icmp_ln890_290)> <Delay = 0.69> <CoreInst = "RAM">   --->   Core 83 'RAM' <Latency = 1> <II = 1> <Delay = 0.69> <Storage> <Opcode : 'load' 'store'> <Ports = 2> <Width = 32> <Depth = 8> <RAM>
ST_10 : Operation 162 [2/2] (0.69ns)   --->   "%u6_58 = load i3 %local_A_0_addr_514" [./dut.cpp:13854]   --->   Operation 162 'load' 'u6_58' <Predicate = (icmp_ln890_290)> <Delay = 0.69> <CoreInst = "RAM">   --->   Core 83 'RAM' <Latency = 1> <II = 1> <Delay = 0.69> <Storage> <Opcode : 'load' 'store'> <Ports = 2> <Width = 32> <Depth = 8> <RAM>

State 11 <SV = 9> <Delay = 0.69>
ST_11 : Operation 163 [1/2] (0.69ns)   --->   "%local_A_0_load = load i3 %local_A_0_addr_522" [./dut.cpp:13826]   --->   Operation 163 'load' 'local_A_0_load' <Predicate = true> <Delay = 0.69> <CoreInst = "RAM">   --->   Core 83 'RAM' <Latency = 1> <II = 1> <Delay = 0.69> <Storage> <Opcode : 'load' 'store'> <Ports = 2> <Width = 32> <Depth = 8> <RAM>
ST_11 : Operation 164 [1/2] (0.69ns)   --->   "%local_B_0_load = load i3 %local_B_0_addr_522" [./dut.cpp:13826]   --->   Operation 164 'load' 'local_B_0_load' <Predicate = true> <Delay = 0.69> <CoreInst = "RAM">   --->   Core 83 'RAM' <Latency = 1> <II = 1> <Delay = 0.69> <Storage> <Opcode : 'load' 'store'> <Ports = 2> <Width = 32> <Depth = 8> <RAM>

State 12 <SV = 10> <Delay = 2.32>
ST_12 : Operation 165 [4/4] (2.32ns)   --->   "%mul = fmul i32 %local_A_0_load, i32 %local_B_0_load" [./dut.cpp:13826]   --->   Operation 165 'fmul' 'mul' <Predicate = true> <Delay = 2.32> <CoreInst = "FMul_maxdsp">   --->   Core 30 'FMul_maxdsp' <Latency = 3> <II = 1> <Delay = 2.32> <FuncUnit> <Opcode : 'fmul'> <InPorts = 2> <OutPorts = 1>

State 13 <SV = 11> <Delay = 2.32>
ST_13 : Operation 166 [3/4] (2.32ns)   --->   "%mul = fmul i32 %local_A_0_load, i32 %local_B_0_load" [./dut.cpp:13826]   --->   Operation 166 'fmul' 'mul' <Predicate = true> <Delay = 2.32> <CoreInst = "FMul_maxdsp">   --->   Core 30 'FMul_maxdsp' <Latency = 3> <II = 1> <Delay = 2.32> <FuncUnit> <Opcode : 'fmul'> <InPorts = 2> <OutPorts = 1>

State 14 <SV = 12> <Delay = 2.32>
ST_14 : Operation 167 [2/4] (2.32ns)   --->   "%mul = fmul i32 %local_A_0_load, i32 %local_B_0_load" [./dut.cpp:13826]   --->   Operation 167 'fmul' 'mul' <Predicate = true> <Delay = 2.32> <CoreInst = "FMul_maxdsp">   --->   Core 30 'FMul_maxdsp' <Latency = 3> <II = 1> <Delay = 2.32> <FuncUnit> <Opcode : 'fmul'> <InPorts = 2> <OutPorts = 1>

State 15 <SV = 13> <Delay = 2.32>
ST_15 : Operation 168 [1/4] (2.32ns)   --->   "%mul = fmul i32 %local_A_0_load, i32 %local_B_0_load" [./dut.cpp:13826]   --->   Operation 168 'fmul' 'mul' <Predicate = true> <Delay = 2.32> <CoreInst = "FMul_maxdsp">   --->   Core 30 'FMul_maxdsp' <Latency = 3> <II = 1> <Delay = 2.32> <FuncUnit> <Opcode : 'fmul'> <InPorts = 2> <OutPorts = 1>

State 16 <SV = 14> <Delay = 2.34>
ST_16 : Operation 169 [7/7] (2.34ns)   --->   "%add = fadd i32 %empty_2183, i32 %mul" [./dut.cpp:13826]   --->   Operation 169 'fadd' 'add' <Predicate = true> <Delay = 2.34> <CoreInst = "FAddSub_fulldsp">   --->   Core 18 'FAddSub_fulldsp' <Latency = 6> <II = 1> <Delay = 2.34> <FuncUnit> <Opcode : 'fadd' 'fsub'> <InPorts = 2> <OutPorts = 1>

State 17 <SV = 15> <Delay = 2.34>
ST_17 : Operation 170 [6/7] (2.34ns)   --->   "%add = fadd i32 %empty_2183, i32 %mul" [./dut.cpp:13826]   --->   Operation 170 'fadd' 'add' <Predicate = true> <Delay = 2.34> <CoreInst = "FAddSub_fulldsp">   --->   Core 18 'FAddSub_fulldsp' <Latency = 6> <II = 1> <Delay = 2.34> <FuncUnit> <Opcode : 'fadd' 'fsub'> <InPorts = 2> <OutPorts = 1>

State 18 <SV = 16> <Delay = 2.34>
ST_18 : Operation 171 [5/7] (2.34ns)   --->   "%add = fadd i32 %empty_2183, i32 %mul" [./dut.cpp:13826]   --->   Operation 171 'fadd' 'add' <Predicate = true> <Delay = 2.34> <CoreInst = "FAddSub_fulldsp">   --->   Core 18 'FAddSub_fulldsp' <Latency = 6> <II = 1> <Delay = 2.34> <FuncUnit> <Opcode : 'fadd' 'fsub'> <InPorts = 2> <OutPorts = 1>

State 19 <SV = 17> <Delay = 2.34>
ST_19 : Operation 172 [4/7] (2.34ns)   --->   "%add = fadd i32 %empty_2183, i32 %mul" [./dut.cpp:13826]   --->   Operation 172 'fadd' 'add' <Predicate = true> <Delay = 2.34> <CoreInst = "FAddSub_fulldsp">   --->   Core 18 'FAddSub_fulldsp' <Latency = 6> <II = 1> <Delay = 2.34> <FuncUnit> <Opcode : 'fadd' 'fsub'> <InPorts = 2> <OutPorts = 1>

State 20 <SV = 18> <Delay = 2.34>
ST_20 : Operation 173 [3/7] (2.34ns)   --->   "%add = fadd i32 %empty_2183, i32 %mul" [./dut.cpp:13826]   --->   Operation 173 'fadd' 'add' <Predicate = true> <Delay = 2.34> <CoreInst = "FAddSub_fulldsp">   --->   Core 18 'FAddSub_fulldsp' <Latency = 6> <II = 1> <Delay = 2.34> <FuncUnit> <Opcode : 'fadd' 'fsub'> <InPorts = 2> <OutPorts = 1>

State 21 <SV = 19> <Delay = 2.34>
ST_21 : Operation 174 [2/7] (2.34ns)   --->   "%add = fadd i32 %empty_2183, i32 %mul" [./dut.cpp:13826]   --->   Operation 174 'fadd' 'add' <Predicate = true> <Delay = 2.34> <CoreInst = "FAddSub_fulldsp">   --->   Core 18 'FAddSub_fulldsp' <Latency = 6> <II = 1> <Delay = 2.34> <FuncUnit> <Opcode : 'fadd' 'fsub'> <InPorts = 2> <OutPorts = 1>

State 22 <SV = 20> <Delay = 2.34>
ST_22 : Operation 175 [1/1] (0.00ns)   --->   "%specloopname_ln13825 = specloopname void @_ssdm_op_SpecLoopName, void @empty_37" [./dut.cpp:13825]   --->   Operation 175 'specloopname' 'specloopname_ln13825' <Predicate = true> <Delay = 0.00>
ST_22 : Operation 176 [1/7] (2.34ns)   --->   "%add = fadd i32 %empty_2183, i32 %mul" [./dut.cpp:13826]   --->   Operation 176 'fadd' 'add' <Predicate = true> <Delay = 2.34> <CoreInst = "FAddSub_fulldsp">   --->   Core 18 'FAddSub_fulldsp' <Latency = 6> <II = 1> <Delay = 2.34> <FuncUnit> <Opcode : 'fadd' 'fsub'> <InPorts = 2> <OutPorts = 1>
ST_22 : Operation 177 [1/1] (0.00ns)   --->   "%br_ln0 = br void"   --->   Operation 177 'br' 'br_ln0' <Predicate = true> <Delay = 0.00>

State 23 <SV = 9> <Delay = 0.69>
ST_23 : Operation 178 [1/2] (0.69ns)   --->   "%u7 = load i3 %local_B_0_addr" [./dut.cpp:13836]   --->   Operation 178 'load' 'u7' <Predicate = true> <Delay = 0.69> <CoreInst = "RAM">   --->   Core 83 'RAM' <Latency = 1> <II = 1> <Delay = 0.69> <Storage> <Opcode : 'load' 'store'> <Ports = 2> <Width = 32> <Depth = 8> <RAM>
ST_23 : Operation 179 [1/2] (0.69ns)   --->   "%u6 = load i3 %local_B_0_addr_514" [./dut.cpp:13837]   --->   Operation 179 'load' 'u6' <Predicate = true> <Delay = 0.69> <CoreInst = "RAM">   --->   Core 83 'RAM' <Latency = 1> <II = 1> <Delay = 0.69> <Storage> <Opcode : 'load' 'store'> <Ports = 2> <Width = 32> <Depth = 8> <RAM>
ST_23 : Operation 180 [2/2] (0.69ns)   --->   "%u5 = load i3 %local_B_0_addr_515" [./dut.cpp:13838]   --->   Operation 180 'load' 'u5' <Predicate = true> <Delay = 0.69> <CoreInst = "RAM">   --->   Core 83 'RAM' <Latency = 1> <II = 1> <Delay = 0.69> <Storage> <Opcode : 'load' 'store'> <Ports = 2> <Width = 32> <Depth = 8> <RAM>
ST_23 : Operation 181 [2/2] (0.69ns)   --->   "%u4 = load i3 %local_B_0_addr_516" [./dut.cpp:13839]   --->   Operation 181 'load' 'u4' <Predicate = true> <Delay = 0.69> <CoreInst = "RAM">   --->   Core 83 'RAM' <Latency = 1> <II = 1> <Delay = 0.69> <Storage> <Opcode : 'load' 'store'> <Ports = 2> <Width = 32> <Depth = 8> <RAM>
ST_23 : Operation 182 [1/2] (0.69ns)   --->   "%u7_58 = load i3 %local_A_0_addr" [./dut.cpp:13853]   --->   Operation 182 'load' 'u7_58' <Predicate = true> <Delay = 0.69> <CoreInst = "RAM">   --->   Core 83 'RAM' <Latency = 1> <II = 1> <Delay = 0.69> <Storage> <Opcode : 'load' 'store'> <Ports = 2> <Width = 32> <Depth = 8> <RAM>
ST_23 : Operation 183 [1/2] (0.69ns)   --->   "%u6_58 = load i3 %local_A_0_addr_514" [./dut.cpp:13854]   --->   Operation 183 'load' 'u6_58' <Predicate = true> <Delay = 0.69> <CoreInst = "RAM">   --->   Core 83 'RAM' <Latency = 1> <II = 1> <Delay = 0.69> <Storage> <Opcode : 'load' 'store'> <Ports = 2> <Width = 32> <Depth = 8> <RAM>
ST_23 : Operation 184 [2/2] (0.69ns)   --->   "%u5_58 = load i3 %local_A_0_addr_515" [./dut.cpp:13855]   --->   Operation 184 'load' 'u5_58' <Predicate = true> <Delay = 0.69> <CoreInst = "RAM">   --->   Core 83 'RAM' <Latency = 1> <II = 1> <Delay = 0.69> <Storage> <Opcode : 'load' 'store'> <Ports = 2> <Width = 32> <Depth = 8> <RAM>
ST_23 : Operation 185 [2/2] (0.69ns)   --->   "%u4_58 = load i3 %local_A_0_addr_516" [./dut.cpp:13856]   --->   Operation 185 'load' 'u4_58' <Predicate = true> <Delay = 0.69> <CoreInst = "RAM">   --->   Core 83 'RAM' <Latency = 1> <II = 1> <Delay = 0.69> <Storage> <Opcode : 'load' 'store'> <Ports = 2> <Width = 32> <Depth = 8> <RAM>

State 24 <SV = 10> <Delay = 0.69>
ST_24 : Operation 186 [1/2] (0.69ns)   --->   "%u5 = load i3 %local_B_0_addr_515" [./dut.cpp:13838]   --->   Operation 186 'load' 'u5' <Predicate = true> <Delay = 0.69> <CoreInst = "RAM">   --->   Core 83 'RAM' <Latency = 1> <II = 1> <Delay = 0.69> <Storage> <Opcode : 'load' 'store'> <Ports = 2> <Width = 32> <Depth = 8> <RAM>
ST_24 : Operation 187 [1/2] (0.69ns)   --->   "%u4 = load i3 %local_B_0_addr_516" [./dut.cpp:13839]   --->   Operation 187 'load' 'u4' <Predicate = true> <Delay = 0.69> <CoreInst = "RAM">   --->   Core 83 'RAM' <Latency = 1> <II = 1> <Delay = 0.69> <Storage> <Opcode : 'load' 'store'> <Ports = 2> <Width = 32> <Depth = 8> <RAM>
ST_24 : Operation 188 [2/2] (0.69ns)   --->   "%u3 = load i3 %local_B_0_addr_517" [./dut.cpp:13840]   --->   Operation 188 'load' 'u3' <Predicate = true> <Delay = 0.69> <CoreInst = "RAM">   --->   Core 83 'RAM' <Latency = 1> <II = 1> <Delay = 0.69> <Storage> <Opcode : 'load' 'store'> <Ports = 2> <Width = 32> <Depth = 8> <RAM>
ST_24 : Operation 189 [2/2] (0.69ns)   --->   "%u2 = load i3 %local_B_0_addr_518" [./dut.cpp:13841]   --->   Operation 189 'load' 'u2' <Predicate = true> <Delay = 0.69> <CoreInst = "RAM">   --->   Core 83 'RAM' <Latency = 1> <II = 1> <Delay = 0.69> <Storage> <Opcode : 'load' 'store'> <Ports = 2> <Width = 32> <Depth = 8> <RAM>
ST_24 : Operation 190 [1/2] (0.69ns)   --->   "%u5_58 = load i3 %local_A_0_addr_515" [./dut.cpp:13855]   --->   Operation 190 'load' 'u5_58' <Predicate = true> <Delay = 0.69> <CoreInst = "RAM">   --->   Core 83 'RAM' <Latency = 1> <II = 1> <Delay = 0.69> <Storage> <Opcode : 'load' 'store'> <Ports = 2> <Width = 32> <Depth = 8> <RAM>
ST_24 : Operation 191 [1/2] (0.69ns)   --->   "%u4_58 = load i3 %local_A_0_addr_516" [./dut.cpp:13856]   --->   Operation 191 'load' 'u4_58' <Predicate = true> <Delay = 0.69> <CoreInst = "RAM">   --->   Core 83 'RAM' <Latency = 1> <II = 1> <Delay = 0.69> <Storage> <Opcode : 'load' 'store'> <Ports = 2> <Width = 32> <Depth = 8> <RAM>
ST_24 : Operation 192 [2/2] (0.69ns)   --->   "%u3_58 = load i3 %local_A_0_addr_517" [./dut.cpp:13857]   --->   Operation 192 'load' 'u3_58' <Predicate = true> <Delay = 0.69> <CoreInst = "RAM">   --->   Core 83 'RAM' <Latency = 1> <II = 1> <Delay = 0.69> <Storage> <Opcode : 'load' 'store'> <Ports = 2> <Width = 32> <Depth = 8> <RAM>
ST_24 : Operation 193 [2/2] (0.69ns)   --->   "%u2_58 = load i3 %local_A_0_addr_518" [./dut.cpp:13858]   --->   Operation 193 'load' 'u2_58' <Predicate = true> <Delay = 0.69> <CoreInst = "RAM">   --->   Core 83 'RAM' <Latency = 1> <II = 1> <Delay = 0.69> <Storage> <Opcode : 'load' 'store'> <Ports = 2> <Width = 32> <Depth = 8> <RAM>

State 25 <SV = 11> <Delay = 0.69>
ST_25 : Operation 194 [1/2] (0.69ns)   --->   "%u3 = load i3 %local_B_0_addr_517" [./dut.cpp:13840]   --->   Operation 194 'load' 'u3' <Predicate = true> <Delay = 0.69> <CoreInst = "RAM">   --->   Core 83 'RAM' <Latency = 1> <II = 1> <Delay = 0.69> <Storage> <Opcode : 'load' 'store'> <Ports = 2> <Width = 32> <Depth = 8> <RAM>
ST_25 : Operation 195 [1/2] (0.69ns)   --->   "%u2 = load i3 %local_B_0_addr_518" [./dut.cpp:13841]   --->   Operation 195 'load' 'u2' <Predicate = true> <Delay = 0.69> <CoreInst = "RAM">   --->   Core 83 'RAM' <Latency = 1> <II = 1> <Delay = 0.69> <Storage> <Opcode : 'load' 'store'> <Ports = 2> <Width = 32> <Depth = 8> <RAM>
ST_25 : Operation 196 [2/2] (0.69ns)   --->   "%u1 = load i3 %local_B_0_addr_519" [./dut.cpp:13842]   --->   Operation 196 'load' 'u1' <Predicate = true> <Delay = 0.69> <CoreInst = "RAM">   --->   Core 83 'RAM' <Latency = 1> <II = 1> <Delay = 0.69> <Storage> <Opcode : 'load' 'store'> <Ports = 2> <Width = 32> <Depth = 8> <RAM>
ST_25 : Operation 197 [2/2] (0.69ns)   --->   "%u0 = load i3 %local_B_0_addr_520" [./dut.cpp:13843]   --->   Operation 197 'load' 'u0' <Predicate = true> <Delay = 0.69> <CoreInst = "RAM">   --->   Core 83 'RAM' <Latency = 1> <II = 1> <Delay = 0.69> <Storage> <Opcode : 'load' 'store'> <Ports = 2> <Width = 32> <Depth = 8> <RAM>
ST_25 : Operation 198 [1/2] (0.69ns)   --->   "%u3_58 = load i3 %local_A_0_addr_517" [./dut.cpp:13857]   --->   Operation 198 'load' 'u3_58' <Predicate = true> <Delay = 0.69> <CoreInst = "RAM">   --->   Core 83 'RAM' <Latency = 1> <II = 1> <Delay = 0.69> <Storage> <Opcode : 'load' 'store'> <Ports = 2> <Width = 32> <Depth = 8> <RAM>
ST_25 : Operation 199 [1/2] (0.69ns)   --->   "%u2_58 = load i3 %local_A_0_addr_518" [./dut.cpp:13858]   --->   Operation 199 'load' 'u2_58' <Predicate = true> <Delay = 0.69> <CoreInst = "RAM">   --->   Core 83 'RAM' <Latency = 1> <II = 1> <Delay = 0.69> <Storage> <Opcode : 'load' 'store'> <Ports = 2> <Width = 32> <Depth = 8> <RAM>
ST_25 : Operation 200 [2/2] (0.69ns)   --->   "%u1_58 = load i3 %local_A_0_addr_519" [./dut.cpp:13859]   --->   Operation 200 'load' 'u1_58' <Predicate = true> <Delay = 0.69> <CoreInst = "RAM">   --->   Core 83 'RAM' <Latency = 1> <II = 1> <Delay = 0.69> <Storage> <Opcode : 'load' 'store'> <Ports = 2> <Width = 32> <Depth = 8> <RAM>
ST_25 : Operation 201 [2/2] (0.69ns)   --->   "%u0_58 = load i3 %local_A_0_addr_520" [./dut.cpp:13860]   --->   Operation 201 'load' 'u0_58' <Predicate = true> <Delay = 0.69> <CoreInst = "RAM">   --->   Core 83 'RAM' <Latency = 1> <II = 1> <Delay = 0.69> <Storage> <Opcode : 'load' 'store'> <Ports = 2> <Width = 32> <Depth = 8> <RAM>

State 26 <SV = 12> <Delay = 1.91>
ST_26 : Operation 202 [1/2] (0.69ns)   --->   "%u1 = load i3 %local_B_0_addr_519" [./dut.cpp:13842]   --->   Operation 202 'load' 'u1' <Predicate = true> <Delay = 0.69> <CoreInst = "RAM">   --->   Core 83 'RAM' <Latency = 1> <II = 1> <Delay = 0.69> <Storage> <Opcode : 'load' 'store'> <Ports = 2> <Width = 32> <Depth = 8> <RAM>
ST_26 : Operation 203 [1/2] (0.69ns)   --->   "%u0 = load i3 %local_B_0_addr_520" [./dut.cpp:13843]   --->   Operation 203 'load' 'u0' <Predicate = true> <Delay = 0.69> <CoreInst = "RAM">   --->   Core 83 'RAM' <Latency = 1> <II = 1> <Delay = 0.69> <Storage> <Opcode : 'load' 'store'> <Ports = 2> <Width = 32> <Depth = 8> <RAM>
ST_26 : Operation 204 [1/1] (0.00ns)   --->   "%v1_V = bitcast i32 %u7" [./dut.cpp:13844]   --->   Operation 204 'bitcast' 'v1_V' <Predicate = true> <Delay = 0.00>
ST_26 : Operation 205 [1/1] (0.00ns)   --->   "%v2_V_1443 = bitcast i32 %u6" [./dut.cpp:13844]   --->   Operation 205 'bitcast' 'v2_V_1443' <Predicate = true> <Delay = 0.00>
ST_26 : Operation 206 [1/1] (0.00ns)   --->   "%v2_V_1442 = bitcast i32 %u5" [./dut.cpp:13844]   --->   Operation 206 'bitcast' 'v2_V_1442' <Predicate = true> <Delay = 0.00>
ST_26 : Operation 207 [1/1] (0.00ns)   --->   "%v2_V_1441 = bitcast i32 %u4" [./dut.cpp:13844]   --->   Operation 207 'bitcast' 'v2_V_1441' <Predicate = true> <Delay = 0.00>
ST_26 : Operation 208 [1/1] (0.00ns)   --->   "%v2_V_1440 = bitcast i32 %u3" [./dut.cpp:13844]   --->   Operation 208 'bitcast' 'v2_V_1440' <Predicate = true> <Delay = 0.00>
ST_26 : Operation 209 [1/1] (0.00ns)   --->   "%v2_V_1439 = bitcast i32 %u2" [./dut.cpp:13844]   --->   Operation 209 'bitcast' 'v2_V_1439' <Predicate = true> <Delay = 0.00>
ST_26 : Operation 210 [1/1] (0.00ns)   --->   "%v2_V_1438 = bitcast i32 %u1" [./dut.cpp:13844]   --->   Operation 210 'bitcast' 'v2_V_1438' <Predicate = true> <Delay = 0.00>
ST_26 : Operation 211 [1/1] (0.00ns)   --->   "%v2_V = bitcast i32 %u0" [./dut.cpp:13844]   --->   Operation 211 'bitcast' 'v2_V' <Predicate = true> <Delay = 0.00>
ST_26 : Operation 212 [1/1] (0.00ns)   --->   "%p_Result_s = bitconcatenate i256 @_ssdm_op_BitConcatenate.i256.i32.i32.i32.i32.i32.i32.i32.i32, i32 %v1_V, i32 %v2_V_1443, i32 %v2_V_1442, i32 %v2_V_1441, i32 %v2_V_1440, i32 %v2_V_1439, i32 %v2_V_1438, i32 %v2_V"   --->   Operation 212 'bitconcatenate' 'p_Result_s' <Predicate = true> <Delay = 0.00>
ST_26 : Operation 213 [1/1] (1.21ns)   --->   "%write_ln174 = write void @_ssdm_op_Write.ap_fifo.volatile.i256P0A, i256 %fifo_B_PE_13_0_x268, i256 %p_Result_s" [/home/rcslfpgaserver/Softwares/Xilinx/Vitis_HLS/2020.2/common/technology/autopilot/hls_stream_39.h:174]   --->   Operation 213 'write' 'write_ln174' <Predicate = true> <Delay = 1.21> <CoreInst = "FIFO_SRL">   --->   Core 81 'FIFO_SRL' <Latency = 0> <II = 1> <Delay = 1.42> <Storage> <Opcode : 'read' 'write' 'nbread' 'nbwrite'> <Ports = 0> <Width = 256> <Depth = 2> <FIFO>
ST_26 : Operation 214 [1/2] (0.69ns)   --->   "%u1_58 = load i3 %local_A_0_addr_519" [./dut.cpp:13859]   --->   Operation 214 'load' 'u1_58' <Predicate = true> <Delay = 0.69> <CoreInst = "RAM">   --->   Core 83 'RAM' <Latency = 1> <II = 1> <Delay = 0.69> <Storage> <Opcode : 'load' 'store'> <Ports = 2> <Width = 32> <Depth = 8> <RAM>
ST_26 : Operation 215 [1/2] (0.69ns)   --->   "%u0_58 = load i3 %local_A_0_addr_520" [./dut.cpp:13860]   --->   Operation 215 'load' 'u0_58' <Predicate = true> <Delay = 0.69> <CoreInst = "RAM">   --->   Core 83 'RAM' <Latency = 1> <II = 1> <Delay = 0.69> <Storage> <Opcode : 'load' 'store'> <Ports = 2> <Width = 32> <Depth = 8> <RAM>
ST_26 : Operation 216 [1/1] (0.00ns)   --->   "%v1_V_58 = bitcast i32 %u7_58" [./dut.cpp:13861]   --->   Operation 216 'bitcast' 'v1_V_58' <Predicate = true> <Delay = 0.00>
ST_26 : Operation 217 [1/1] (0.00ns)   --->   "%v2_V_1450 = bitcast i32 %u6_58" [./dut.cpp:13861]   --->   Operation 217 'bitcast' 'v2_V_1450' <Predicate = true> <Delay = 0.00>
ST_26 : Operation 218 [1/1] (0.00ns)   --->   "%v2_V_1449 = bitcast i32 %u5_58" [./dut.cpp:13861]   --->   Operation 218 'bitcast' 'v2_V_1449' <Predicate = true> <Delay = 0.00>
ST_26 : Operation 219 [1/1] (0.00ns)   --->   "%v2_V_1448 = bitcast i32 %u4_58" [./dut.cpp:13861]   --->   Operation 219 'bitcast' 'v2_V_1448' <Predicate = true> <Delay = 0.00>
ST_26 : Operation 220 [1/1] (0.00ns)   --->   "%v2_V_1447 = bitcast i32 %u3_58" [./dut.cpp:13861]   --->   Operation 220 'bitcast' 'v2_V_1447' <Predicate = true> <Delay = 0.00>
ST_26 : Operation 221 [1/1] (0.00ns)   --->   "%v2_V_1446 = bitcast i32 %u2_58" [./dut.cpp:13861]   --->   Operation 221 'bitcast' 'v2_V_1446' <Predicate = true> <Delay = 0.00>
ST_26 : Operation 222 [1/1] (0.00ns)   --->   "%v2_V_1445 = bitcast i32 %u1_58" [./dut.cpp:13861]   --->   Operation 222 'bitcast' 'v2_V_1445' <Predicate = true> <Delay = 0.00>
ST_26 : Operation 223 [1/1] (0.00ns)   --->   "%v2_V_1444 = bitcast i32 %u0_58" [./dut.cpp:13861]   --->   Operation 223 'bitcast' 'v2_V_1444' <Predicate = true> <Delay = 0.00>
ST_26 : Operation 224 [1/1] (0.00ns)   --->   "%p_Result_58 = bitconcatenate i256 @_ssdm_op_BitConcatenate.i256.i32.i32.i32.i32.i32.i32.i32.i32, i32 %v1_V_58, i32 %v2_V_1450, i32 %v2_V_1449, i32 %v2_V_1448, i32 %v2_V_1447, i32 %v2_V_1446, i32 %v2_V_1445, i32 %v2_V_1444"   --->   Operation 224 'bitconcatenate' 'p_Result_58' <Predicate = true> <Delay = 0.00>
ST_26 : Operation 225 [1/1] (1.21ns)   --->   "%write_ln174 = write void @_ssdm_op_Write.ap_fifo.volatile.i256P0A, i256 %fifo_A_PE_12_1_x253, i256 %p_Result_58" [/home/rcslfpgaserver/Softwares/Xilinx/Vitis_HLS/2020.2/common/technology/autopilot/hls_stream_39.h:174]   --->   Operation 225 'write' 'write_ln174' <Predicate = true> <Delay = 1.21> <CoreInst = "FIFO_SRL">   --->   Core 81 'FIFO_SRL' <Latency = 0> <II = 1> <Delay = 1.42> <Storage> <Opcode : 'read' 'write' 'nbread' 'nbwrite'> <Ports = 0> <Width = 256> <Depth = 2> <FIFO>
ST_26 : Operation 226 [1/1] (0.00ns)   --->   "%br_ln0 = br void"   --->   Operation 226 'br' 'br_ln0' <Predicate = true> <Delay = 0.00>


============================================================
+ Verbose Summary: Timing violations
============================================================
Target clock period: 3.33ns, clock uncertainty: 0.9ns.

 <State 1>: 0.387ns
The critical path consists of the following:
	multiplexor before 'phi' operation ('c6.V') with incoming values : ('add_ln691') [17]  (0.387 ns)

 <State 2>: 0.706ns
The critical path consists of the following:
	'phi' operation ('c6.V') with incoming values : ('add_ln691') [17]  (0 ns)
	'add' operation ('add_ln691') [18]  (0.706 ns)

 <State 3>: 1.92ns
The critical path consists of the following:
	'phi' operation ('c7.V') with incoming values : ('add_ln691_402') [27]  (0 ns)
	'add' operation ('add_ln13787', ./dut.cpp:13787) [31]  (0.725 ns)
	'getelementptr' operation ('local_C_addr', ./dut.cpp:13787) [33]  (0 ns)
	'store' operation ('store_ln13787', ./dut.cpp:13787) of constant 0 on array 'local_C', ./dut.cpp:13774 [39]  (1.2 ns)

 <State 4>: 0.706ns
The critical path consists of the following:
	'phi' operation ('c5.V') with incoming values : ('add_ln691_403') [62]  (0 ns)
	'add' operation ('add_ln691_403') [63]  (0.706 ns)

 <State 5>: 0.706ns
The critical path consists of the following:
	'phi' operation ('c6.V') with incoming values : ('add_ln691_404') [72]  (0 ns)
	'add' operation ('add_ln691_404') [73]  (0.706 ns)

 <State 6>: 1.85ns
The critical path consists of the following:
	fifo read on port 'fifo_A_PE_12_0_x252' (/home/rcslfpgaserver/Softwares/Xilinx/Vitis_HLS/2020.2/common/technology/autopilot/hls_stream_39.h:145) [94]  (1.22 ns)
	blocking operation 0.637 ns on control path)

 <State 7>: 1.87ns
The critical path consists of the following:
	fifo read on port 'fifo_B_PE_12_0_x267' (/home/rcslfpgaserver/Softwares/Xilinx/Vitis_HLS/2020.2/common/technology/autopilot/hls_stream_39.h:145) [114]  (1.22 ns)
	blocking operation 0.656 ns on control path)

 <State 8>: 1.35ns
The critical path consists of the following:
	'load' operation ('local_C_load', ./dut.cpp:13826) on array 'local_C', ./dut.cpp:13774 [134]  (1.2 ns)
	blocking operation 0.155 ns on control path)

 <State 9>: 1.2ns
The critical path consists of the following:
	'load' operation ('local_C_load', ./dut.cpp:13826) on array 'local_C', ./dut.cpp:13774 [134]  (1.2 ns)

 <State 10>: 1.87ns
The critical path consists of the following:
	'phi' operation ('empty_2183', ./dut.cpp:13826) with incoming values : ('local_C_load', ./dut.cpp:13826) ('add', ./dut.cpp:13826) [138]  (0 ns)
	fifo write on port 'fifo_C_drain_PE_12_0_x295' (/home/rcslfpgaserver/Softwares/Xilinx/Vitis_HLS/2020.2/common/technology/autopilot/hls_stream_39.h:174) [158]  (1.22 ns)
	blocking operation 0.656 ns on control path)

 <State 11>: 0.699ns
The critical path consists of the following:
	'load' operation ('local_A_0_load', ./dut.cpp:13826) on array 'local_A[0]', ./dut.cpp:13772 [147]  (0.699 ns)

 <State 12>: 2.32ns
The critical path consists of the following:
	'fmul' operation ('mul', ./dut.cpp:13826) [150]  (2.32 ns)

 <State 13>: 2.32ns
The critical path consists of the following:
	'fmul' operation ('mul', ./dut.cpp:13826) [150]  (2.32 ns)

 <State 14>: 2.32ns
The critical path consists of the following:
	'fmul' operation ('mul', ./dut.cpp:13826) [150]  (2.32 ns)

 <State 15>: 2.32ns
The critical path consists of the following:
	'fmul' operation ('mul', ./dut.cpp:13826) [150]  (2.32 ns)

 <State 16>: 2.34ns
The critical path consists of the following:
	'fadd' operation ('add', ./dut.cpp:13826) [151]  (2.34 ns)

 <State 17>: 2.34ns
The critical path consists of the following:
	'fadd' operation ('add', ./dut.cpp:13826) [151]  (2.34 ns)

 <State 18>: 2.34ns
The critical path consists of the following:
	'fadd' operation ('add', ./dut.cpp:13826) [151]  (2.34 ns)

 <State 19>: 2.34ns
The critical path consists of the following:
	'fadd' operation ('add', ./dut.cpp:13826) [151]  (2.34 ns)

 <State 20>: 2.34ns
The critical path consists of the following:
	'fadd' operation ('add', ./dut.cpp:13826) [151]  (2.34 ns)

 <State 21>: 2.34ns
The critical path consists of the following:
	'fadd' operation ('add', ./dut.cpp:13826) [151]  (2.34 ns)

 <State 22>: 2.34ns
The critical path consists of the following:
	'fadd' operation ('add', ./dut.cpp:13826) [151]  (2.34 ns)

 <State 23>: 0.699ns
The critical path consists of the following:
	'load' operation ('u7', ./dut.cpp:13836) on array 'local_B[0]', ./dut.cpp:13773 [161]  (0.699 ns)

 <State 24>: 0.699ns
The critical path consists of the following:
	'load' operation ('u5', ./dut.cpp:13838) on array 'local_B[0]', ./dut.cpp:13773 [163]  (0.699 ns)

 <State 25>: 0.699ns
The critical path consists of the following:
	'load' operation ('u3', ./dut.cpp:13840) on array 'local_B[0]', ./dut.cpp:13773 [165]  (0.699 ns)

 <State 26>: 1.92ns
The critical path consists of the following:
	'load' operation ('u1', ./dut.cpp:13842) on array 'local_B[0]', ./dut.cpp:13773 [167]  (0.699 ns)
	fifo write on port 'fifo_B_PE_13_0_x268' (/home/rcslfpgaserver/Softwares/Xilinx/Vitis_HLS/2020.2/common/technology/autopilot/hls_stream_39.h:174) [178]  (1.22 ns)


============================================================
+ Verbose Summary: Binding
============================================================
N/A
* FSMD analyzer results:
  - Output states:
 - Input state : 
  - Chain level:
	State 1
	State 2
	State 3
	State 4
	State 5
	State 6
	State 7
	State 8
	State 9
	State 10
	State 11
	State 12
	State 13
	State 14
	State 15
	State 16
	State 17
	State 18
	State 19
	State 20
	State 21
	State 22
	State 23
	State 24
	State 25
	State 26


============================================================
+ Verbose Summary: Datapath Resource usage 
============================================================
N/A
