

================================================================
== Vitis HLS Report for 'A_IO_L2_in_5_x1'
================================================================
* Date:           Sun Sep 18 12:13:49 2022

* Version:        2020.2 (Build 3064766 on Wed Nov 18 09:12:47 MST 2020)
* Project:        top
* Solution:       solution (Vitis Kernel Flow Target)
* Product family: virtexuplus
* Target device:  xcu250-figd2104-2L-e


================================================================
== Performance Estimates
================================================================
+ Timing: 
    * Summary: 
    +--------+---------+----------+------------+
    |  Clock |  Target | Estimated| Uncertainty|
    +--------+---------+----------+------------+
    |ap_clk  |  3.33 ns|  2.433 ns|     0.90 ns|
    +--------+---------+----------+------------+

+ Latency: 
    * Summary: 
    +---------+---------+----------+----------+-------+-------+---------+
    |  Latency (cycles) |  Latency (absolute) |    Interval   | Pipeline|
    |   min   |   max   |    min   |    max   |  min  |  max  |   Type  |
    +---------+---------+----------+----------+-------+-------+---------+
    |    43283|    43283|  0.144 ms|  0.144 ms|  43283|  43283|     none|
    +---------+---------+----------+----------+-------+-------+---------+

    + Detail: 
        * Instance: 
        N/A

        * Loop: 
        +-------------------------------------------------+---------+---------+----------+-----------+-----------+------+----------+
        |                                                 |  Latency (cycles) | Iteration|  Initiation Interval  | Trip |          |
        |                    Loop Name                    |   min   |   max   |  Latency |  achieved |   target  | Count| Pipelined|
        +-------------------------------------------------+---------+---------+----------+-----------+-----------+------+----------+
        |- A_IO_L2_in_5_x1_loop_1                         |     8464|     8464|      1058|          -|          -|     8|        no|
        | + A_IO_L2_in_5_x1_loop_2                        |     1056|     1056|        66|          -|          -|    16|        no|
        |  ++ A_IO_L2_in_5_x1_loop_3                      |       64|       64|         2|          -|          -|    32|        no|
        |- A_IO_L2_in_5_x1_loop_4_A_IO_L2_in_5_x1_loop_5  |    34816|    34816|        17|         17|         17|  2048|       yes|
        +-------------------------------------------------+---------+---------+----------+-----------+-----------+------+----------+



================================================================
== Utilization Estimates
================================================================
* Summary: 
+---------------------+---------+-------+---------+---------+------+
|         Name        | BRAM_18K|  DSP  |    FF   |   LUT   | URAM |
+---------------------+---------+-------+---------+---------+------+
|DSP                  |        -|      -|        -|        -|     -|
|Expression           |        -|      -|        0|      276|     -|
|FIFO                 |        -|      -|        -|        -|     -|
|Instance             |        -|      -|        -|        -|     -|
|Memory               |        8|      -|        0|        0|     -|
|Multiplexer          |        -|      -|        -|      401|     -|
|Register             |        -|      -|     2182|        -|     -|
+---------------------+---------+-------+---------+---------+------+
|Total                |        8|      0|     2182|      677|     0|
+---------------------+---------+-------+---------+---------+------+
|Available SLR        |     1344|   3072|   864000|   432000|   320|
+---------------------+---------+-------+---------+---------+------+
|Utilization SLR (%)  |       ~0|      0|       ~0|       ~0|     0|
+---------------------+---------+-------+---------+---------+------+
|Available            |     5376|  12288|  3456000|  1728000|  1280|
+---------------------+---------+-------+---------+---------+------+
|Utilization (%)      |       ~0|      0|       ~0|       ~0|     0|
+---------------------+---------+-------+---------+---------+------+

+ Detail: 
    * Instance: 
    N/A

    * DSP: 
    N/A

    * Memory: 
    +------------------+--------------------------------+---------+---+----+-----+------+-----+------+-------------+
    |      Memory      |             Module             | BRAM_18K| FF| LUT| URAM| Words| Bits| Banks| W*Bits*Banks|
    +------------------+--------------------------------+---------+---+----+-----+------+-----+------+-------------+
    |local_A_pong_V_U  |A_IO_L2_in_0_x0_local_A_pong_V  |        8|  0|   0|    0|   512|  256|     1|       131072|
    +------------------+--------------------------------+---------+---+----+-----+------+-----+------+-------------+
    |Total             |                                |        8|  0|   0|    0|   512|  256|     1|       131072|
    +------------------+--------------------------------+---------+---+----+-----+------+-----+------+-------------+

    * FIFO: 
    N/A

    * Expression: 
    +--------------------------+----------+----+---+----+------------+------------+
    |       Variable Name      | Operation| DSP| FF| LUT| Bitwidth P0| Bitwidth P1|
    +--------------------------+----------+----+---+----+------------+------------+
    |add_ln6759_fu_413_p2      |         +|   0|  0|  16|           9|           9|
    |add_ln6776_1_fu_506_p2    |         +|   0|  0|  15|           8|           7|
    |add_ln6776_2_fu_525_p2    |         +|   0|  0|  15|           8|           8|
    |add_ln6776_3_fu_546_p2    |         +|   0|  0|  16|           9|           8|
    |add_ln6776_4_fu_565_p2    |         +|   0|  0|  16|           9|           9|
    |add_ln6776_5_fu_583_p2    |         +|   0|  0|  16|           9|           9|
    |add_ln6776_fu_495_p2      |         +|   0|  0|  14|           7|           6|
    |add_ln691_525_fu_441_p2   |         +|   0|  0|  13|           6|           1|
    |add_ln691_526_fu_475_p2   |         +|   0|  0|  14|           7|           1|
    |add_ln691_527_fu_373_p2   |         +|   0|  0|  12|           5|           1|
    |add_ln691_528_fu_403_p2   |         +|   0|  0|  13|           6|           1|
    |add_ln691_fu_397_p2       |         +|   0|  0|  12|           4|           1|
    |add_ln890_fu_429_p2       |         +|   0|  0|  19|          12|           1|
    |cmp_i_i72_fu_367_p2       |      icmp|   0|  0|   9|           4|           3|
    |icmp_ln890_384_fu_435_p2  |      icmp|   0|  0|  12|          12|          13|
    |icmp_ln890_385_fu_391_p2  |      icmp|   0|  0|  10|           5|           6|
    |icmp_ln890_386_fu_447_p2  |      icmp|   0|  0|  11|           7|           8|
    |icmp_ln890_387_fu_423_p2  |      icmp|   0|  0|  10|           6|           7|
    |icmp_ln890_fu_361_p2      |      icmp|   0|  0|   9|           4|           3|
    |ap_block_state1           |        or|   0|  0|   2|           1|           1|
    |ap_block_state5           |        or|   0|  0|   2|           1|           1|
    |select_ln691_fu_481_p3    |    select|   0|  0|   7|           1|           1|
    |select_ln890_fu_453_p3    |    select|   0|  0|   6|           1|           6|
    |xor_ln6776_fu_617_p2      |       xor|   0|  0|   7|           6|           7|
    +--------------------------+----------+----+---+----+------------+------------+
    |Total                     |          |   0|  0| 276|         147|         118|
    +--------------------------+----------+----+---+----+------------+------------+

    * Multiplexer: 
    +-------------------------------+-----+-----------+-----+-----------+
    |              Name             | LUT | Input Size| Bits| Total Bits|
    +-------------------------------+-----+-----------+-----+-----------+
    |ap_NS_fsm                      |  118|         24|    1|         24|
    |ap_done                        |    9|          2|    1|          2|
    |c3_V_reg_270                   |    9|          2|    4|          8|
    |c4_V_reg_282                   |    9|          2|    5|         10|
    |c5_V_15_reg_293                |    9|          2|    6|         12|
    |c5_V_reg_315                   |    9|          2|    6|         12|
    |c6_V_reg_326                   |    9|          2|    7|         14|
    |fifo_A_A_IO_L2_in_5_x16_blk_n  |    9|          2|    1|          2|
    |fifo_A_A_IO_L2_in_6_x17_blk_n  |    9|          2|    1|          2|
    |fifo_A_PE_5_0_x131_blk_n       |    9|          2|    1|          2|
    |fifo_A_PE_5_0_x131_din         |   54|         10|  256|       2560|
    |indvar_flatten_reg_304         |    9|          2|   12|         24|
    |local_A_pong_V_address0        |   49|          9|    9|         81|
    |local_A_pong_V_address1        |   54|         10|    9|         90|
    |reg_337                        |    9|          2|  256|        512|
    |reg_343                        |    9|          2|  256|        512|
    |reg_349                        |    9|          2|  256|        512|
    |reg_355                        |    9|          2|  256|        512|
    +-------------------------------+-----+-----------+-----+-----------+
    |Total                          |  401|         81| 1343|       4891|
    +-------------------------------+-----+-----------+-----+-----------+

    * Register: 
    +--------------------------------+-----+----+-----+-----------+
    |              Name              |  FF | LUT| Bits| Const Bits|
    +--------------------------------+-----+----+-----+-----------+
    |add_ln6776_2_reg_728            |    8|   0|    8|          0|
    |add_ln691_527_reg_639           |    5|   0|    5|          0|
    |add_ln691_528_reg_657           |    6|   0|    6|          0|
    |add_ln890_reg_670               |   12|   0|   12|          0|
    |ap_CS_fsm                       |   23|   0|   23|          0|
    |ap_done_reg                     |    1|   0|    1|          0|
    |c3_V_reg_270                    |    4|   0|    4|          0|
    |c4_V_reg_282                    |    5|   0|    5|          0|
    |c5_V_15_reg_293                 |    6|   0|    6|          0|
    |c5_V_reg_315                    |    6|   0|    6|          0|
    |c6_V_reg_326                    |    7|   0|    7|          0|
    |cmp_i_i72_reg_635               |    1|   0|    1|          0|
    |indvar_flatten_reg_304          |   12|   0|   12|          0|
    |local_A_pong_V_addr_reg_662     |    9|   0|    9|          0|
    |local_A_pong_V_load_11_reg_789  |  256|   0|  256|          0|
    |local_A_pong_V_load_13_reg_804  |  256|   0|  256|          0|
    |local_A_pong_V_load_15_reg_809  |  256|   0|  256|          0|
    |local_A_pong_V_load_9_reg_774   |  256|   0|  256|          0|
    |reg_337                         |  256|   0|  256|          0|
    |reg_343                         |  256|   0|  256|          0|
    |reg_349                         |  256|   0|  256|          0|
    |reg_355                         |  256|   0|  256|          0|
    |select_ln691_reg_703            |    7|   0|    7|          0|
    |select_ln890_reg_678            |    6|   0|    6|          0|
    |tmp_360_cast_reg_644            |    4|   0|    9|          5|
    |zext_ln6776_1_reg_708           |    6|   0|    8|          2|
    |zext_ln6776_reg_738             |    6|   0|    9|          3|
    +--------------------------------+-----+----+-----+-----------+
    |Total                           | 2182|   0| 2192|         10|
    +--------------------------------+-----+----+-----+-----------+



================================================================
== Interface
================================================================
* Summary: 
+---------------------------------+-----+-----+------------+-------------------------+--------------+
|            RTL Ports            | Dir | Bits|  Protocol  |      Source Object      |    C Type    |
+---------------------------------+-----+-----+------------+-------------------------+--------------+
|ap_clk                           |   in|    1|  ap_ctrl_hs|          A_IO_L2_in_5_x1|  return value|
|ap_rst                           |   in|    1|  ap_ctrl_hs|          A_IO_L2_in_5_x1|  return value|
|ap_start                         |   in|    1|  ap_ctrl_hs|          A_IO_L2_in_5_x1|  return value|
|ap_done                          |  out|    1|  ap_ctrl_hs|          A_IO_L2_in_5_x1|  return value|
|ap_continue                      |   in|    1|  ap_ctrl_hs|          A_IO_L2_in_5_x1|  return value|
|ap_idle                          |  out|    1|  ap_ctrl_hs|          A_IO_L2_in_5_x1|  return value|
|ap_ready                         |  out|    1|  ap_ctrl_hs|          A_IO_L2_in_5_x1|  return value|
|fifo_A_A_IO_L2_in_5_x16_dout     |   in|  256|     ap_fifo|  fifo_A_A_IO_L2_in_5_x16|       pointer|
|fifo_A_A_IO_L2_in_5_x16_empty_n  |   in|    1|     ap_fifo|  fifo_A_A_IO_L2_in_5_x16|       pointer|
|fifo_A_A_IO_L2_in_5_x16_read     |  out|    1|     ap_fifo|  fifo_A_A_IO_L2_in_5_x16|       pointer|
|fifo_A_A_IO_L2_in_6_x17_din      |  out|  256|     ap_fifo|  fifo_A_A_IO_L2_in_6_x17|       pointer|
|fifo_A_A_IO_L2_in_6_x17_full_n   |   in|    1|     ap_fifo|  fifo_A_A_IO_L2_in_6_x17|       pointer|
|fifo_A_A_IO_L2_in_6_x17_write    |  out|    1|     ap_fifo|  fifo_A_A_IO_L2_in_6_x17|       pointer|
|fifo_A_PE_5_0_x131_din           |  out|  256|     ap_fifo|       fifo_A_PE_5_0_x131|       pointer|
|fifo_A_PE_5_0_x131_full_n        |   in|    1|     ap_fifo|       fifo_A_PE_5_0_x131|       pointer|
|fifo_A_PE_5_0_x131_write         |  out|    1|     ap_fifo|       fifo_A_PE_5_0_x131|       pointer|
+---------------------------------+-----+-----+------------+-------------------------+--------------+

