

================================================================
== Vitis HLS Report for 'A_IO_L3_in_x1'
================================================================
* Date:           Sun Sep 18 12:13:47 2022

* Version:        2020.2 (Build 3064766 on Wed Nov 18 09:12:47 MST 2020)
* Project:        top
* Solution:       solution (Vitis Kernel Flow Target)
* Product family: virtexuplus
* Target device:  xcu250-figd2104-2L-e


================================================================
== Performance Estimates
================================================================
+ Timing: 
    * Summary: 
    +--------+---------+----------+------------+
    |  Clock |  Target | Estimated| Uncertainty|
    +--------+---------+----------+------------+
    |ap_clk  |  3.33 ns|  2.417 ns|     0.90 ns|
    +--------+---------+----------+------------+

+ Latency: 
    * Summary: 
    +---------+---------+----------+----------+------+------+---------+
    |  Latency (cycles) |  Latency (absolute) |   Interval  | Pipeline|
    |   min   |   max   |    min   |    max   |  min |  max |   Type  |
    +---------+---------+----------+----------+------+------+---------+
    |     2050|     2050|  6.833 us|  6.833 us|  2050|  2050|     none|
    +---------+---------+----------+----------+------+------+---------+

    + Detail: 
        * Instance: 
        N/A

        * Loop: 
        +------------------------+---------+---------+----------+-----------+-----------+------+----------+
        |                        |  Latency (cycles) | Iteration|  Initiation Interval  | Trip |          |
        |        Loop Name       |   min   |   max   |  Latency |  achieved |   target  | Count| Pipelined|
        +------------------------+---------+---------+----------+-----------+-----------+------+----------+
        |- A_IO_L3_in_x1_loop_1  |     2048|     2048|         3|          2|          2|  1024|       yes|
        +------------------------+---------+---------+----------+-----------+-----------+------+----------+



================================================================
== Utilization Estimates
================================================================
* Summary: 
+---------------------+---------+-------+---------+---------+------+
|         Name        | BRAM_18K|  DSP  |    FF   |   LUT   | URAM |
+---------------------+---------+-------+---------+---------+------+
|DSP                  |        -|      -|        -|        -|     -|
|Expression           |        -|      -|        0|       28|     -|
|FIFO                 |        -|      -|        -|        -|     -|
|Instance             |        -|      -|        0|       18|     -|
|Memory               |        -|      -|        -|        -|     -|
|Multiplexer          |        -|      -|        -|       85|     -|
|Register             |        -|      -|       31|        -|     -|
+---------------------+---------+-------+---------+---------+------+
|Total                |        0|      0|       31|      131|     0|
+---------------------+---------+-------+---------+---------+------+
|Available SLR        |     1344|   3072|   864000|   432000|   320|
+---------------------+---------+-------+---------+---------+------+
|Utilization SLR (%)  |        0|      0|       ~0|       ~0|     0|
+---------------------+---------+-------+---------+---------+------+
|Available            |     5376|  12288|  3456000|  1728000|  1280|
+---------------------+---------+-------+---------+---------+------+
|Utilization (%)      |        0|      0|       ~0|       ~0|     0|
+---------------------+---------+-------+---------+---------+------+

+ Detail: 
    * Instance: 
    +---------------------------+----------------------+---------+----+---+----+-----+
    |          Instance         |        Module        | BRAM_18K| DSP| FF| LUT| URAM|
    +---------------------------+----------------------+---------+----+---+----+-----+
    |add_11ns_11ns_11_1_1_U553  |add_11ns_11ns_11_1_1  |        0|   0|  0|  18|    0|
    +---------------------------+----------------------+---------+----+---+----+-----+
    |Total                      |                      |        0|   0|  0|  18|    0|
    +---------------------------+----------------------+---------+----+---+----+-----+

    * DSP: 
    N/A

    * Memory: 
    N/A

    * FIFO: 
    N/A

    * Expression: 
    +----------------------------------+----------+----+---+----+------------+------------+
    |           Variable Name          | Operation| DSP| FF| LUT| Bitwidth P0| Bitwidth P1|
    +----------------------------------+----------+----+---+----+------------+------------+
    |ap_block_pp0_stage0_01001         |       and|   0|  0|   2|           1|           1|
    |ap_block_pp0_stage1_01001         |       and|   0|  0|   2|           1|           1|
    |ap_block_state3_pp0_stage1_iter0  |       and|   0|  0|   2|           1|           1|
    |ap_condition_130                  |       and|   0|  0|   2|           1|           1|
    |ap_condition_136                  |       and|   0|  0|   2|           1|           1|
    |icmp_ln878_fu_85_p2               |      icmp|   0|  0|  12|          11|          12|
    |ap_block_state1                   |        or|   0|  0|   2|           1|           1|
    |select_ln674_fu_109_p3            |    select|   0|  0|   2|           1|           2|
    |ap_enable_pp0                     |       xor|   0|  0|   2|           1|           2|
    +----------------------------------+----------+----+---+----+------------+------------+
    |Total                             |          |   0|  0|  28|          19|          22|
    +----------------------------------+----------+----+---+----+------------+------------+

    * Multiplexer: 
    +-------------------------------+----+-----------+-----+-----------+
    |              Name             | LUT| Input Size| Bits| Total Bits|
    +-------------------------------+----+-----------+-----+-----------+
    |ap_NS_fsm                      |  26|          5|    1|          5|
    |ap_done                        |   9|          2|    1|          2|
    |ap_enable_reg_pp0_iter1        |   9|          2|    1|          2|
    |ap_phi_mux_i_V_phi_fu_72_p4    |   9|          2|   11|         22|
    |fifo_A_A_IO_L2_in_0_x11_blk_n  |   9|          2|    1|          2|
    |fifo_A_A_IO_L2_in_0_x11_din    |  14|          3|  256|        768|
    |i_V_reg_68                     |   9|          2|   11|         22|
    +-------------------------------+----+-----------+-----+-----------+
    |Total                          |  85|         18|  282|        823|
    +-------------------------------+----+-----------+-----+-----------+

    * Register: 
    +-------------------------+----+----+-----+-----------+
    |           Name          | FF | LUT| Bits| Const Bits|
    +-------------------------+----+----+-----+-----------+
    |ap_CS_fsm                |   4|   0|    4|          0|
    |ap_done_reg              |   1|   0|    1|          0|
    |ap_enable_reg_pp0_iter0  |   1|   0|    1|          0|
    |ap_enable_reg_pp0_iter1  |   1|   0|    1|          0|
    |i_V_5_reg_117            |  11|   0|   11|          0|
    |i_V_reg_68               |  11|   0|   11|          0|
    |icmp_ln878_reg_122       |   1|   0|    1|          0|
    |tmp_reg_131              |   1|   0|    1|          0|
    +-------------------------+----+----+-----+-----------+
    |Total                    |  31|   0|   31|          0|
    +-------------------------+----+----+-----+-----------+



================================================================
== Interface
================================================================
* Summary: 
+--------------------------------+-----+-----+------------+-------------------------+--------------+
|            RTL Ports           | Dir | Bits|  Protocol  |      Source Object      |    C Type    |
+--------------------------------+-----+-----+------------+-------------------------+--------------+
|ap_clk                          |   in|    1|  ap_ctrl_hs|            A_IO_L3_in_x1|  return value|
|ap_rst                          |   in|    1|  ap_ctrl_hs|            A_IO_L3_in_x1|  return value|
|ap_start                        |   in|    1|  ap_ctrl_hs|            A_IO_L3_in_x1|  return value|
|ap_done                         |  out|    1|  ap_ctrl_hs|            A_IO_L3_in_x1|  return value|
|ap_continue                     |   in|    1|  ap_ctrl_hs|            A_IO_L3_in_x1|  return value|
|ap_idle                         |  out|    1|  ap_ctrl_hs|            A_IO_L3_in_x1|  return value|
|ap_ready                        |  out|    1|  ap_ctrl_hs|            A_IO_L3_in_x1|  return value|
|fifo_A_A_IO_L2_in_0_x11_din     |  out|  256|     ap_fifo|  fifo_A_A_IO_L2_in_0_x11|       pointer|
|fifo_A_A_IO_L2_in_0_x11_full_n  |   in|    1|     ap_fifo|  fifo_A_A_IO_L2_in_0_x11|       pointer|
|fifo_A_A_IO_L2_in_0_x11_write   |  out|    1|     ap_fifo|  fifo_A_A_IO_L2_in_0_x11|       pointer|
|A_address0                      |  out|   10|   ap_memory|                        A|         array|
|A_ce0                           |  out|    1|   ap_memory|                        A|         array|
|A_q0                            |   in|   32|   ap_memory|                        A|         array|
+--------------------------------+-----+-----+------------+-------------------------+--------------+

