

================================================================
== Vitis HLS Report for 'C_drain_IO_L1_out_2_x0'
================================================================
* Date:           Sun Sep 18 12:13:27 2022

* Version:        2020.2 (Build 3064766 on Wed Nov 18 09:12:47 MST 2020)
* Project:        top
* Solution:       solution (Vitis Kernel Flow Target)
* Product family: virtexuplus
* Target device:  xcu250-figd2104-2L-e


================================================================
== Performance Estimates
================================================================
+ Timing: 
    * Summary: 
    +--------+---------+----------+------------+
    |  Clock |  Target | Estimated| Uncertainty|
    +--------+---------+----------+------------+
    |ap_clk  |  3.33 ns|  2.317 ns|     0.90 ns|
    +--------+---------+----------+------------+

+ Latency: 
    * Summary: 
    +---------+---------+-----------+-----------+------+------+---------+
    |  Latency (cycles) |   Latency (absolute)  |   Interval  | Pipeline|
    |   min   |   max   |    min    |    max    |  min |  max |   Type  |
    +---------+---------+-----------+-----------+------+------+---------+
    |     9349|     9349|  31.160 us|  31.160 us|  9349|  9349|     none|
    +---------+---------+-----------+-----------+------+------+---------+

    + Detail: 
        * Instance: 
        N/A

        * Loop: 
        +---------------------------------------------------------------------------------------------+---------+---------+----------+-----------+-----------+------+----------+
        |                                                                                             |  Latency (cycles) | Iteration|  Initiation Interval  | Trip |          |
        |                                          Loop Name                                          |   min   |   max   |  Latency |  achieved |   target  | Count| Pipelined|
        +---------------------------------------------------------------------------------------------+---------+---------+----------+-----------+-----------+------+----------+
        |- C_drain_IO_L1_out_2_x0_loop_1                                                              |     7296|     7296|       114|          -|          -|    64|        no|
        | + C_drain_IO_L1_out_2_x0_loop_2                                                             |      112|      112|         7|          -|          -|    16|        no|
        |  ++ C_drain_IO_L1_out_2_x0_loop_3                                                           |        2|        2|         1|          -|          -|     2|        no|
        |- C_drain_IO_L1_out_2_x0_loop_4_C_drain_IO_L1_out_2_x0_loop_5_C_drain_IO_L1_out_2_x0_loop_6  |     2050|     2050|         4|          1|          1|  2048|       yes|
        +---------------------------------------------------------------------------------------------+---------+---------+----------+-----------+-----------+------+----------+



================================================================
== Utilization Estimates
================================================================
* Summary: 
+---------------------+---------+-------+---------+---------+------+
|         Name        | BRAM_18K|  DSP  |    FF   |   LUT   | URAM |
+---------------------+---------+-------+---------+---------+------+
|DSP                  |        -|      -|        -|        -|     -|
|Expression           |        -|      -|        0|      268|     -|
|FIFO                 |        -|      -|        -|        -|     -|
|Instance             |        -|      -|        -|        -|     -|
|Memory               |        2|      -|       32|       33|     -|
|Multiplexer          |        -|      -|        -|      251|     -|
|Register             |        -|      -|      488|       64|     -|
+---------------------+---------+-------+---------+---------+------+
|Total                |        2|      0|      520|      616|     0|
+---------------------+---------+-------+---------+---------+------+
|Available SLR        |     1344|   3072|   864000|   432000|   320|
+---------------------+---------+-------+---------+---------+------+
|Utilization SLR (%)  |       ~0|      0|       ~0|       ~0|     0|
+---------------------+---------+-------+---------+---------+------+
|Available            |     5376|  12288|  3456000|  1728000|  1280|
+---------------------+---------+-------+---------+---------+------+
|Utilization (%)      |       ~0|      0|       ~0|       ~0|     0|
+---------------------+---------+-------+---------+---------+------+

+ Detail: 
    * Instance: 
    N/A

    * DSP: 
    N/A

    * Memory: 
    +--------------------+-----------------------------------------+---------+----+----+-----+------+-----+------+-------------+
    |       Memory       |                  Module                 | BRAM_18K| FF | LUT| URAM| Words| Bits| Banks| W*Bits*Banks|
    +--------------------+-----------------------------------------+---------+----+----+-----+------+-----+------+-------------+
    |buf_data_split_V_U  |C_drain_IO_L1_out_0_x0_buf_data_split_V  |        0|  32|  33|    0|     2|   32|     1|           64|
    |local_C_V_U         |C_drain_IO_L1_out_0_x0_local_C_V         |        2|   0|   0|    0|   512|   64|     1|        32768|
    +--------------------+-----------------------------------------+---------+----+----+-----+------+-----+------+-------------+
    |Total               |                                         |        2|  32|  33|    0|   514|   96|     2|        32832|
    +--------------------+-----------------------------------------+---------+----+----+-----+------+-----+------+-------------+

    * FIFO: 
    N/A

    * Expression: 
    +-----------------------------------+----------+----+---+----+------------+------------+
    |           Variable Name           | Operation| DSP| FF| LUT| Bitwidth P0| Bitwidth P1|
    +-----------------------------------+----------+----+---+----+------------+------------+
    |add_ln3973_fu_563_p2               |         +|   0|  0|  16|           9|           9|
    |add_ln691_295_fu_433_p2            |         +|   0|  0|  12|           4|           1|
    |add_ln691_296_fu_499_p2            |         +|   0|  0|  12|           5|           1|
    |add_ln691_297_fu_574_p2            |         +|   0|  0|  13|           6|           1|
    |add_ln691_298_fu_352_p2            |         +|   0|  0|  12|           5|           1|
    |add_ln691_299_fu_376_p2            |         +|   0|  0|   9|           2|           1|
    |add_ln691_fu_321_p2                |         +|   0|  0|  14|           7|           1|
    |add_ln890_134_fu_421_p2            |         +|   0|  0|  19|          12|           1|
    |add_ln890_fu_580_p2                |         +|   0|  0|  18|          11|           1|
    |and_ln3965_fu_485_p2               |       and|   0|  0|   2|           1|           1|
    |ap_block_state11_pp0_stage0_iter3  |       and|   0|  0|   2|           1|           1|
    |ap_block_state5                    |       and|   0|  0|   2|           1|           1|
    |ap_block_state9_pp0_stage0_iter2   |       and|   0|  0|   2|           1|           1|
    |ap_predicate_op111_read_state9     |       and|   0|  0|   2|           1|           1|
    |cmp_i_i48_fu_459_p2                |      icmp|   0|  0|   9|           4|           4|
    |cmp_i_i_mid1_fu_453_p2             |      icmp|   0|  0|   9|           4|           4|
    |icmp_ln878_fu_387_p2               |      icmp|   0|  0|   8|           2|           3|
    |icmp_ln890_217_fu_427_p2           |      icmp|   0|  0|  12|          12|          13|
    |icmp_ln890_218_fu_370_p2           |      icmp|   0|  0|  10|           5|           6|
    |icmp_ln890_219_fu_439_p2           |      icmp|   0|  0|  11|          11|          10|
    |icmp_ln890_220_fu_479_p2           |      icmp|   0|  0|  10|           6|           7|
    |icmp_ln890_fu_327_p2               |      icmp|   0|  0|  11|           7|           8|
    |ap_block_pp0_stage0_01001          |        or|   0|  0|   2|           1|           1|
    |ap_block_state1                    |        or|   0|  0|   2|           1|           1|
    |or_ln890_fu_505_p2                 |        or|   0|  0|   2|           1|           1|
    |select_ln3965_1_fu_465_p3          |    select|   0|  0|   2|           1|           1|
    |select_ln3965_2_fu_527_p3          |    select|   0|  0|   4|           1|           1|
    |select_ln3965_fu_445_p3            |    select|   0|  0|   5|           1|           1|
    |select_ln890_349_fu_511_p3         |    select|   0|  0|   6|           1|           1|
    |select_ln890_350_fu_535_p3         |    select|   0|  0|   4|           1|           4|
    |select_ln890_351_fu_551_p3         |    select|   0|  0|   5|           1|           5|
    |select_ln890_352_fu_586_p3         |    select|   0|  0|  11|           1|           1|
    |select_ln890_fu_491_p3             |    select|   0|  0|   4|           1|           4|
    |ap_enable_pp0                      |       xor|   0|  0|   2|           1|           2|
    |ap_enable_reg_pp0_iter1            |       xor|   0|  0|   2|           2|           1|
    |xor_ln3965_fu_473_p2               |       xor|   0|  0|   2|           1|           2|
    +-----------------------------------+----------+----+---+----+------------+------------+
    |Total                              |          |   0|  0| 268|         132|         103|
    +-----------------------------------+----------+----+---+----+------------+------------+

    * Multiplexer: 
    +-------------------------------------------------+----+-----------+-----+-----------+
    |                       Name                      | LUT| Input Size| Bits| Total Bits|
    +-------------------------------------------------+----+-----------+-----+-----------+
    |ap_NS_fsm                                        |  54|         10|    1|         10|
    |ap_done                                          |   9|          2|    1|          2|
    |ap_enable_reg_pp0_iter1                          |   9|          2|    1|          2|
    |ap_enable_reg_pp0_iter3                          |   9|          2|    1|          2|
    |ap_phi_reg_pp0_iter3_fifo_data_20_reg_305        |  14|          3|   64|        192|
    |buf_data_split_V_address0                        |  20|          4|    1|          4|
    |buf_data_split_V_d0                              |  14|          3|   32|         96|
    |c4_V_reg_261                                     |   9|          2|    4|          8|
    |c5_V_reg_283                                     |   9|          2|    5|         10|
    |c6_V_72_reg_294                                  |   9|          2|    6|         12|
    |c6_V_reg_208                                     |   9|          2|    7|         14|
    |c7_V_reg_219                                     |   9|          2|    5|         10|
    |fifo_C_drain_C_drain_IO_L1_out_0_10_x0119_blk_n  |   9|          2|    1|          2|
    |fifo_C_drain_C_drain_IO_L1_out_0_9_x0118_blk_n   |   9|          2|    1|          2|
    |fifo_C_drain_PE_9_0_x092_blk_n                   |   9|          2|    1|          2|
    |indvar_flatten13_reg_250                         |   9|          2|   12|         24|
    |indvar_flatten_reg_272                           |   9|          2|   11|         22|
    |local_C_V_address0                               |  14|          3|    9|         27|
    |n_V_reg_230                                      |   9|          2|    2|          4|
    |p_Val2_s_reg_241                                 |   9|          2|   64|        128|
    +-------------------------------------------------+----+-----------+-----+-----------+
    |Total                                            | 251|         53|  229|        573|
    +-------------------------------------------------+----+-----------+-----+-----------+

    * Register: 
    +-------------------------------------------+----+----+-----+-----------+
    |                    Name                   | FF | LUT| Bits| Const Bits|
    +-------------------------------------------+----+----+-----+-----------+
    |add_ln691_298_reg_623                      |   5|   0|    5|          0|
    |add_ln691_reg_604                          |   7|   0|    7|          0|
    |ap_CS_fsm                                  |   9|   0|    9|          0|
    |ap_done_reg                                |   1|   0|    1|          0|
    |ap_enable_reg_pp0_iter0                    |   1|   0|    1|          0|
    |ap_enable_reg_pp0_iter1                    |   1|   0|    1|          0|
    |ap_enable_reg_pp0_iter2                    |   1|   0|    1|          0|
    |ap_enable_reg_pp0_iter3                    |   1|   0|    1|          0|
    |ap_phi_reg_pp0_iter1_fifo_data_20_reg_305  |  64|   0|   64|          0|
    |ap_phi_reg_pp0_iter2_fifo_data_20_reg_305  |  64|   0|   64|          0|
    |ap_phi_reg_pp0_iter3_fifo_data_20_reg_305  |  64|   0|   64|          0|
    |buf_data_split_V_addr_54_reg_618           |   1|   0|    1|          0|
    |c4_V_reg_261                               |   4|   0|    4|          0|
    |c5_V_reg_283                               |   5|   0|    5|          0|
    |c6_V_72_reg_294                            |   6|   0|    6|          0|
    |c6_V_reg_208                               |   7|   0|    7|          0|
    |c7_V_reg_219                               |   5|   0|    5|          0|
    |div_i_i120_udiv_reg_613                    |   5|   0|    5|          0|
    |icmp_ln890_217_reg_655                     |   1|   0|    1|          0|
    |indvar_flatten13_reg_250                   |  12|   0|   12|          0|
    |indvar_flatten_reg_272                     |  11|   0|   11|          0|
    |local_C_V_addr_20_reg_673                  |   9|   0|    9|          0|
    |local_C_V_addr_reg_628                     |   9|   0|    9|          0|
    |n_V_reg_230                                |   2|   0|    2|          0|
    |p_Val2_s_reg_241                           |  64|   0|   64|          0|
    |select_ln3965_1_reg_659                    |   1|   0|    1|          0|
    |icmp_ln890_217_reg_655                     |  64|  32|    1|          0|
    |select_ln3965_1_reg_659                    |  64|  32|    1|          0|
    +-------------------------------------------+----+----+-----+-----------+
    |Total                                      | 488|  64|  362|          0|
    +-------------------------------------------+----+----+-----+-----------+



================================================================
== Interface
================================================================
* Summary: 
+---------------------------------------------------+-----+-----+------------+-------------------------------------------+--------------+
|                     RTL Ports                     | Dir | Bits|  Protocol  |               Source Object               |    C Type    |
+---------------------------------------------------+-----+-----+------------+-------------------------------------------+--------------+
|ap_clk                                             |   in|    1|  ap_ctrl_hs|                     C_drain_IO_L1_out_2_x0|  return value|
|ap_rst                                             |   in|    1|  ap_ctrl_hs|                     C_drain_IO_L1_out_2_x0|  return value|
|ap_start                                           |   in|    1|  ap_ctrl_hs|                     C_drain_IO_L1_out_2_x0|  return value|
|ap_done                                            |  out|    1|  ap_ctrl_hs|                     C_drain_IO_L1_out_2_x0|  return value|
|ap_continue                                        |   in|    1|  ap_ctrl_hs|                     C_drain_IO_L1_out_2_x0|  return value|
|ap_idle                                            |  out|    1|  ap_ctrl_hs|                     C_drain_IO_L1_out_2_x0|  return value|
|ap_ready                                           |  out|    1|  ap_ctrl_hs|                     C_drain_IO_L1_out_2_x0|  return value|
|fifo_C_drain_C_drain_IO_L1_out_0_10_x0119_dout     |   in|   64|     ap_fifo|  fifo_C_drain_C_drain_IO_L1_out_0_10_x0119|       pointer|
|fifo_C_drain_C_drain_IO_L1_out_0_10_x0119_empty_n  |   in|    1|     ap_fifo|  fifo_C_drain_C_drain_IO_L1_out_0_10_x0119|       pointer|
|fifo_C_drain_C_drain_IO_L1_out_0_10_x0119_read     |  out|    1|     ap_fifo|  fifo_C_drain_C_drain_IO_L1_out_0_10_x0119|       pointer|
|fifo_C_drain_C_drain_IO_L1_out_0_9_x0118_din       |  out|   64|     ap_fifo|   fifo_C_drain_C_drain_IO_L1_out_0_9_x0118|       pointer|
|fifo_C_drain_C_drain_IO_L1_out_0_9_x0118_full_n    |   in|    1|     ap_fifo|   fifo_C_drain_C_drain_IO_L1_out_0_9_x0118|       pointer|
|fifo_C_drain_C_drain_IO_L1_out_0_9_x0118_write     |  out|    1|     ap_fifo|   fifo_C_drain_C_drain_IO_L1_out_0_9_x0118|       pointer|
|fifo_C_drain_PE_9_0_x092_dout                      |   in|   32|     ap_fifo|                   fifo_C_drain_PE_9_0_x092|       pointer|
|fifo_C_drain_PE_9_0_x092_empty_n                   |   in|    1|     ap_fifo|                   fifo_C_drain_PE_9_0_x092|       pointer|
|fifo_C_drain_PE_9_0_x092_read                      |  out|    1|     ap_fifo|                   fifo_C_drain_PE_9_0_x092|       pointer|
+---------------------------------------------------+-----+-----+------------+-------------------------------------------+--------------+

