

================================================================
== Vitis HLS Report for 'A_IO_L3_in_x1'
================================================================
* Date:           Wed Aug 31 19:44:56 2022

* Version:        2020.2 (Build 3064766 on Wed Nov 18 09:12:47 MST 2020)
* Project:        top
* Solution:       solution (Vitis Kernel Flow Target)
* Product family: virtexuplus
* Target device:  xcu250-figd2104-2L-e


================================================================
== Performance Estimates
================================================================
+ Timing: 
    * Summary: 
    +--------+---------+----------+------------+
    |  Clock |  Target | Estimated| Uncertainty|
    +--------+---------+----------+------------+
    |ap_clk  |  3.33 ns|  1.560 ns|     0.90 ns|
    +--------+---------+----------+------------+

+ Latency: 
    * Summary: 
    +---------+---------+-----------+-----------+------+------+---------+
    |  Latency (cycles) |   Latency (absolute)  |   Interval  | Pipeline|
    |   min   |   max   |    min    |    max    |  min |  max |   Type  |
    +---------+---------+-----------+-----------+------+------+---------+
    |     5121|     5121|  17.068 us|  17.068 us|  5121|  5121|     none|
    +---------+---------+-----------+-----------+------+------+---------+

    + Detail: 
        * Instance: 
        N/A

        * Loop: 
        +-------------------------+---------+---------+----------+-----------+-----------+------+----------+
        |                         |  Latency (cycles) | Iteration|  Initiation Interval  | Trip |          |
        |        Loop Name        |   min   |   max   |  Latency |  achieved |   target  | Count| Pipelined|
        +-------------------------+---------+---------+----------+-----------+-----------+------+----------+
        |- A_IO_L3_in_x1_loop_1   |     5120|     5120|         5|          -|          -|  1024|        no|
        | + A_IO_L3_in_x1_loop_2  |        2|        2|         1|          -|          -|     2|        no|
        +-------------------------+---------+---------+----------+-----------+-----------+------+----------+



================================================================
== Utilization Estimates
================================================================
* Summary: 
+---------------------+---------+-------+---------+---------+------+
|         Name        | BRAM_18K|  DSP  |    FF   |   LUT   | URAM |
+---------------------+---------+-------+---------+---------+------+
|DSP                  |        -|      -|        -|        -|     -|
|Expression           |        -|      -|        0|      272|     -|
|FIFO                 |        -|      -|        -|        -|     -|
|Instance             |        -|      -|        -|        -|     -|
|Memory               |        -|      -|        -|        -|     -|
|Multiplexer          |        -|      -|        -|       71|     -|
|Register             |        -|      -|      286|        -|     -|
+---------------------+---------+-------+---------+---------+------+
|Total                |        0|      0|      286|      343|     0|
+---------------------+---------+-------+---------+---------+------+
|Available SLR        |     1344|   3072|   864000|   432000|   320|
+---------------------+---------+-------+---------+---------+------+
|Utilization SLR (%)  |        0|      0|       ~0|       ~0|     0|
+---------------------+---------+-------+---------+---------+------+
|Available            |     5376|  12288|  3456000|  1728000|  1280|
+---------------------+---------+-------+---------+---------+------+
|Utilization (%)      |        0|      0|       ~0|       ~0|     0|
+---------------------+---------+-------+---------+---------+------+

+ Detail: 
    * Instance: 
    N/A

    * DSP: 
    N/A

    * Memory: 
    N/A

    * FIFO: 
    N/A

    * Expression: 
    +------------------------+----------+----+---+-----+------------+------------+
    |      Variable Name     | Operation| DSP| FF| LUT | Bitwidth P0| Bitwidth P1|
    +------------------------+----------+----+---+-----+------------+------------+
    |add_ln691_fu_126_p2     |         +|   0|  0|    9|           2|           1|
    |i_V_5_fu_105_p2         |         +|   0|  0|   18|          11|           1|
    |ap_block_state4         |       and|   0|  0|    2|           1|           1|
    |icmp_ln878_3_fu_132_p2  |      icmp|   0|  0|    8|           2|           3|
    |icmp_ln878_fu_111_p2    |      icmp|   0|  0|   12|          11|          12|
    |ap_block_state1         |        or|   0|  0|    2|           1|           1|
    |select_ln0_fu_151_p3    |    select|   0|  0|  221|           1|         256|
    +------------------------+----------+----+---+-----+------------+------------+
    |Total                   |          |   0|  0|  272|          29|         275|
    +------------------------+----------+----+---+-----+------------+------------+

    * Multiplexer: 
    +-------------------------------+----+-----------+-----+-----------+
    |              Name             | LUT| Input Size| Bits| Total Bits|
    +-------------------------------+----+-----------+-----+-----------+
    |ap_NS_fsm                      |  26|          5|    1|          5|
    |ap_done                        |   9|          2|    1|          2|
    |fifo_A_A_IO_L2_in_0_x11_blk_n  |   9|          2|    1|          2|
    |i_V_reg_74                     |   9|          2|   11|         22|
    |p_V_reg_85                     |   9|          2|    2|          4|
    |p_Val2_s_reg_96                |   9|          2|  257|        514|
    +-------------------------------+----+-----------+-----+-----------+
    |Total                          |  71|         15|  273|        549|
    +-------------------------------+----+-----------+-----+-----------+

    * Register: 
    +-----------------+-----+----+-----+-----------+
    |       Name      |  FF | LUT| Bits| Const Bits|
    +-----------------+-----+----+-----+-----------+
    |ap_CS_fsm        |    4|   0|    4|          0|
    |ap_done_reg      |    1|   0|    1|          0|
    |i_V_5_reg_159    |   11|   0|   11|          0|
    |i_V_reg_74       |   11|   0|   11|          0|
    |p_V_reg_85       |    2|   0|    2|          0|
    |p_Val2_s_reg_96  |  257|   0|  257|          0|
    +-----------------+-----+----+-----+-----------+
    |Total            |  286|   0|  286|          0|
    +-----------------+-----+----+-----+-----------+



================================================================
== Interface
================================================================
* Summary: 
+--------------------------------+-----+-----+------------+-------------------------+--------------+
|            RTL Ports           | Dir | Bits|  Protocol  |      Source Object      |    C Type    |
+--------------------------------+-----+-----+------------+-------------------------+--------------+
|ap_clk                          |   in|    1|  ap_ctrl_hs|            A_IO_L3_in_x1|  return value|
|ap_rst                          |   in|    1|  ap_ctrl_hs|            A_IO_L3_in_x1|  return value|
|ap_start                        |   in|    1|  ap_ctrl_hs|            A_IO_L3_in_x1|  return value|
|ap_done                         |  out|    1|  ap_ctrl_hs|            A_IO_L3_in_x1|  return value|
|ap_continue                     |   in|    1|  ap_ctrl_hs|            A_IO_L3_in_x1|  return value|
|ap_idle                         |  out|    1|  ap_ctrl_hs|            A_IO_L3_in_x1|  return value|
|ap_ready                        |  out|    1|  ap_ctrl_hs|            A_IO_L3_in_x1|  return value|
|fifo_A_A_IO_L2_in_0_x11_din     |  out|  256|     ap_fifo|  fifo_A_A_IO_L2_in_0_x11|       pointer|
|fifo_A_A_IO_L2_in_0_x11_full_n  |   in|    1|     ap_fifo|  fifo_A_A_IO_L2_in_0_x11|       pointer|
|fifo_A_A_IO_L2_in_0_x11_write   |  out|    1|     ap_fifo|  fifo_A_A_IO_L2_in_0_x11|       pointer|
|A_address0                      |  out|   10|   ap_memory|                        A|         array|
|A_ce0                           |  out|    1|   ap_memory|                        A|         array|
|A_q0                            |   in|   32|   ap_memory|                        A|         array|
+--------------------------------+-----+-----+------------+-------------------------+--------------+

