

================================================================
== Vitis HLS Report for 'D_drain_IO_L1_out_boundary_wrapper_2_x1'
================================================================
* Date:           Fri Sep 16 23:45:47 2022

* Version:        2020.2 (Build 3064766 on Wed Nov 18 09:12:47 MST 2020)
* Project:        top
* Solution:       solution (Vitis Kernel Flow Target)
* Product family: virtexuplus
* Target device:  xcu250-figd2104-2L-e


================================================================
== Performance Estimates
================================================================
+ Timing: 
    * Summary: 
    +--------+---------+----------+------------+
    |  Clock |  Target | Estimated| Uncertainty|
    +--------+---------+----------+------------+
    |ap_clk  |  3.33 ns|  1.947 ns|     0.90 ns|
    +--------+---------+----------+------------+

+ Latency: 
    * Summary: 
    +---------+---------+----------+----------+-----+-------+---------+
    |  Latency (cycles) |  Latency (absolute) |   Interval  | Pipeline|
    |   min   |   max   |    min   |    max   | min |  max  |   Type  |
    +---------+---------+----------+----------+-----+-------+---------+
    |       57|    33489|  0.190 us|  0.112 ms|   57|  33489|     none|
    +---------+---------+----------+----------+-----+-------+---------+

    + Detail: 
        * Instance: 
        N/A

        * Loop: 
        +---------------------------------------------------------+---------+---------+-----------+-----------+-----------+------+----------+
        |                                                         |  Latency (cycles) | Iteration |  Initiation Interval  | Trip |          |
        |                        Loop Name                        |   min   |   max   |  Latency  |  achieved |   target  | Count| Pipelined|
        +---------------------------------------------------------+---------+---------+-----------+-----------+-----------+------+----------+
        |- D_drain_IO_L1_out_boundary_wrapper_2_x1_loop_1         |       56|    33488|  14 ~ 8372|          -|          -|     4|        no|
        | + D_drain_IO_L1_out_boundary_wrapper_2_x1_loop_2        |       12|     8370|   2 ~ 1395|          -|          -|     6|        no|
        |  ++ D_drain_IO_L1_out_boundary_wrapper_2_x1_loop_3      |     1296|     1296|        162|          -|          -|     8|        no|
        |   +++ D_drain_IO_L1_out_boundary_wrapper_2_x1_loop_4    |      160|      160|         10|          -|          -|    16|        no|
        |    ++++ D_drain_IO_L1_out_boundary_wrapper_2_x1_loop_5  |        4|        4|          1|          -|          -|     4|        no|
        |  ++ D_drain_IO_L1_out_boundary_wrapper_2_x1_loop_7      |       96|       96|          6|          -|          -|    16|        no|
        |   +++ D_drain_IO_L1_out_boundary_wrapper_2_x1_loop_8    |        4|        4|          2|          -|          -|     2|        no|
        +---------------------------------------------------------+---------+---------+-----------+-----------+-----------+------+----------+

============================================================
+ Verbose Summary: Synthesis Manager
============================================================
InlineROM: 1
ExposeGlobal: 0
============================================================
+ Verbose Summary: CDFG Model
============================================================
IsTopModel: 0
ResetActiveHigh: 1
IsCombinational: 2
IsDatapathOnly: 0
HasWiredReturn: 1
HasMFsm: 0
HasVarLatency: 1
IsPipeline: 0
IsRtlPipelined: 0
IsInstanceOverlapped: 0
IsDontTouch: 0
HasImplIP: 0
IsGatedGlobalClock: 0


============================================================
+ Verbose Summary: Schedule
============================================================
* Number of FSM states : 13
* Pipeline : 0
* Dataflow Pipeline: 0

* FSM state transitions: 
1 --> 2 
2 --> 3 
3 --> 11 4 2 
4 --> 5 11 
5 --> 6 4 
6 --> 7 
7 --> 8 7 
8 --> 9 
9 --> 10 
10 --> 5 
11 --> 12 3 
12 --> 13 11 
13 --> 12 

* FSM state operations: 

State 1 <SV = 0> <Delay = 0.73>
ST_1 : Operation 14 [1/1] (0.00ns)   --->   "%specmemcore_ln0 = specmemcore void @_ssdm_op_SpecMemCore, i128 %fifo_D_drain_D_drain_IO_L1_out_2_3_x1184, i64 666, i64 10, i64 18446744073709551615"   --->   Operation 14 'specmemcore' 'specmemcore_ln0' <Predicate = true> <Delay = 0.00>
ST_1 : Operation 15 [1/1] (0.00ns)   --->   "%specmemcore_ln0 = specmemcore void @_ssdm_op_SpecMemCore, i32 %fifo_D_drain_PE_3_2_x1152, i64 666, i64 10, i64 18446744073709551615"   --->   Operation 15 'specmemcore' 'specmemcore_ln0' <Predicate = true> <Delay = 0.00>
ST_1 : Operation 16 [1/1] (0.00ns)   --->   "%specinterface_ln0 = specinterface void @_ssdm_op_SpecInterface, i128 %fifo_D_drain_D_drain_IO_L1_out_2_3_x1184, void @empty_722, i32 0, i32 0, void @empty_1307, i32 0, i32 0, void @empty_1307, void @empty_1307, void @empty_1307, i32 0, i32 0, i32 0, i32 0, void @empty_1307, void @empty_1307"   --->   Operation 16 'specinterface' 'specinterface_ln0' <Predicate = true> <Delay = 0.00>
ST_1 : Operation 17 [1/1] (0.00ns)   --->   "%specinterface_ln0 = specinterface void @_ssdm_op_SpecInterface, i32 %fifo_D_drain_PE_3_2_x1152, void @empty_722, i32 0, i32 0, void @empty_1307, i32 0, i32 0, void @empty_1307, void @empty_1307, void @empty_1307, i32 0, i32 0, i32 0, i32 0, void @empty_1307, void @empty_1307"   --->   Operation 17 'specinterface' 'specinterface_ln0' <Predicate = true> <Delay = 0.00>
ST_1 : Operation 18 [1/1] (0.73ns)   --->   "%local_D_V = alloca i64 1" [./dut.cpp:25026]   --->   Operation 18 'alloca' 'local_D_V' <Predicate = true> <Delay = 0.73> <CoreInst = "RAM">   --->   Core 83 'RAM' <Latency = 1> <II = 1> <Delay = 0.73> <Storage> <Opcode : 'load' 'store'> <Ports = 2> <Width = 128> <Depth = 32> <RAM>
ST_1 : Operation 19 [1/1] (0.69ns)   --->   "%data_split_V = alloca i64 1" [./dut.cpp:25035]   --->   Operation 19 'alloca' 'data_split_V' <Predicate = true> <Delay = 0.69> <CoreInst = "RAM">   --->   Core 83 'RAM' <Latency = 1> <II = 1> <Delay = 0.69> <Storage> <Opcode : 'load' 'store'> <Ports = 2> <Width = 32> <Depth = 4> <RAM>
ST_1 : Operation 20 [1/1] (0.00ns)   --->   "%data_split_V_addr = getelementptr i32 %data_split_V, i64 0, i64 3"   --->   Operation 20 'getelementptr' 'data_split_V_addr' <Predicate = true> <Delay = 0.00>
ST_1 : Operation 21 [1/1] (0.00ns)   --->   "%data_split_V_addr_291 = getelementptr i32 %data_split_V, i64 0, i64 2"   --->   Operation 21 'getelementptr' 'data_split_V_addr_291' <Predicate = true> <Delay = 0.00>
ST_1 : Operation 22 [1/1] (0.00ns)   --->   "%data_split_V_addr_292 = getelementptr i32 %data_split_V, i64 0, i64 1"   --->   Operation 22 'getelementptr' 'data_split_V_addr_292' <Predicate = true> <Delay = 0.00>
ST_1 : Operation 23 [1/1] (0.00ns)   --->   "%data_split_V_addr_293 = getelementptr i32 %data_split_V, i64 0, i64 0"   --->   Operation 23 'getelementptr' 'data_split_V_addr_293' <Predicate = true> <Delay = 0.00>
ST_1 : Operation 24 [1/1] (0.38ns)   --->   "%br_ln25029 = br void" [./dut.cpp:25029]   --->   Operation 24 'br' 'br_ln25029' <Predicate = true> <Delay = 0.38>

State 2 <SV = 1> <Delay = 0.57>
ST_2 : Operation 25 [1/1] (0.00ns)   --->   "%c0_V = phi i3 %add_ln691, void, i3 0, void"   --->   Operation 25 'phi' 'c0_V' <Predicate = true> <Delay = 0.00>
ST_2 : Operation 26 [1/1] (0.57ns)   --->   "%add_ln691 = add i3 %c0_V, i3 1"   --->   Operation 26 'add' 'add_ln691' <Predicate = true> <Delay = 0.57> <CoreInst = "Adder">   --->   Core 1 'Adder' <Latency = 0> <II = 1> <Delay = 0.70> <FuncUnit> <Opcode : 'add' 'sub'> <InPorts = 2> <OutPorts = 1>
ST_2 : Operation 27 [1/1] (0.49ns)   --->   "%icmp_ln890 = icmp_eq  i3 %c0_V, i3 4"   --->   Operation 27 'icmp' 'icmp_ln890' <Predicate = true> <Delay = 0.49> <CoreInst = "Cmp">   --->   Core 9 'Cmp' <Latency = 0> <II = 1> <Delay = 0.34> <FuncUnit> <Opcode : 'icmp'> <InPorts = 2> <OutPorts = 1>
ST_2 : Operation 28 [1/1] (0.00ns)   --->   "%speclooptripcount_ln0 = speclooptripcount void @_ssdm_op_SpecLoopTripCount, i64 4, i64 4, i64 4"   --->   Operation 28 'speclooptripcount' 'speclooptripcount_ln0' <Predicate = true> <Delay = 0.00>
ST_2 : Operation 29 [1/1] (0.00ns)   --->   "%br_ln25029 = br i1 %icmp_ln890, void %.split17, void" [./dut.cpp:25029]   --->   Operation 29 'br' 'br_ln25029' <Predicate = true> <Delay = 0.00>
ST_2 : Operation 30 [1/1] (0.00ns)   --->   "%specloopname_ln25029 = specloopname void @_ssdm_op_SpecLoopName, void @empty_1781" [./dut.cpp:25029]   --->   Operation 30 'specloopname' 'specloopname_ln25029' <Predicate = (!icmp_ln890)> <Delay = 0.00>
ST_2 : Operation 31 [1/1] (0.38ns)   --->   "%br_ln25030 = br void" [./dut.cpp:25030]   --->   Operation 31 'br' 'br_ln25030' <Predicate = (!icmp_ln890)> <Delay = 0.38>
ST_2 : Operation 32 [1/1] (0.00ns)   --->   "%ret_ln25081 = ret" [./dut.cpp:25081]   --->   Operation 32 'ret' 'ret_ln25081' <Predicate = (icmp_ln890)> <Delay = 0.00>

State 3 <SV = 2> <Delay = 0.74>
ST_3 : Operation 33 [1/1] (0.00ns)   --->   "%c1_V = phi i3 0, void %.split17, i3 %add_ln691_978, void %.loopexit376"   --->   Operation 33 'phi' 'c1_V' <Predicate = true> <Delay = 0.00>
ST_3 : Operation 34 [1/1] (0.57ns)   --->   "%add_ln691_978 = add i3 %c1_V, i3 1"   --->   Operation 34 'add' 'add_ln691_978' <Predicate = true> <Delay = 0.57> <CoreInst = "Adder">   --->   Core 1 'Adder' <Latency = 0> <II = 1> <Delay = 0.70> <FuncUnit> <Opcode : 'add' 'sub'> <InPorts = 2> <OutPorts = 1>
ST_3 : Operation 35 [1/1] (0.49ns)   --->   "%icmp_ln890_1030 = icmp_eq  i3 %c1_V, i3 6"   --->   Operation 35 'icmp' 'icmp_ln890_1030' <Predicate = true> <Delay = 0.49> <CoreInst = "Cmp">   --->   Core 9 'Cmp' <Latency = 0> <II = 1> <Delay = 0.34> <FuncUnit> <Opcode : 'icmp'> <InPorts = 2> <OutPorts = 1>
ST_3 : Operation 36 [1/1] (0.00ns)   --->   "%speclooptripcount_ln0 = speclooptripcount void @_ssdm_op_SpecLoopTripCount, i64 6, i64 6, i64 6"   --->   Operation 36 'speclooptripcount' 'speclooptripcount_ln0' <Predicate = true> <Delay = 0.00>
ST_3 : Operation 37 [1/1] (0.00ns)   --->   "%br_ln25030 = br i1 %icmp_ln890_1030, void %.split15, void" [./dut.cpp:25030]   --->   Operation 37 'br' 'br_ln25030' <Predicate = true> <Delay = 0.00>
ST_3 : Operation 38 [1/1] (0.00ns)   --->   "%specloopname_ln1461 = specloopname void @_ssdm_op_SpecLoopName, void @empty_822"   --->   Operation 38 'specloopname' 'specloopname_ln1461' <Predicate = (!icmp_ln890_1030)> <Delay = 0.00>
ST_3 : Operation 39 [1/1] (0.00ns) (grouped into LUT with out node icmp_ln890_1031)   --->   "%ret_190 = bitconcatenate i6 @_ssdm_op_BitConcatenate.i6.i3.i3, i3 %c1_V, i3 0"   --->   Operation 39 'bitconcatenate' 'ret_190' <Predicate = (!icmp_ln890_1030)> <Delay = 0.00>
ST_3 : Operation 40 [1/1] (0.00ns) (grouped into LUT with out node icmp_ln890_1031)   --->   "%ret = or i6 %ret_190, i6 2"   --->   Operation 40 'or' 'ret' <Predicate = (!icmp_ln890_1030)> <Delay = 0.00>
ST_3 : Operation 41 [1/1] (0.61ns) (out node of the LUT)   --->   "%icmp_ln890_1031 = icmp_ult  i6 %ret, i6 42"   --->   Operation 41 'icmp' 'icmp_ln890_1031' <Predicate = (!icmp_ln890_1030)> <Delay = 0.61> <CoreInst = "Cmp">   --->   Core 9 'Cmp' <Latency = 0> <II = 1> <Delay = 0.34> <FuncUnit> <Opcode : 'icmp'> <InPorts = 2> <OutPorts = 1>
ST_3 : Operation 42 [1/1] (0.00ns)   --->   "%br_ln25031 = br i1 %icmp_ln890_1031, void %.loopexit376, void %.preheader3.preheader" [./dut.cpp:25031]   --->   Operation 42 'br' 'br_ln25031' <Predicate = (!icmp_ln890_1030)> <Delay = 0.00>
ST_3 : Operation 43 [1/1] (0.38ns)   --->   "%br_ln890 = br void %.preheader3"   --->   Operation 43 'br' 'br_ln890' <Predicate = (!icmp_ln890_1030 & icmp_ln890_1031)> <Delay = 0.38>
ST_3 : Operation 44 [1/1] (0.00ns)   --->   "%br_ln0 = br void"   --->   Operation 44 'br' 'br_ln0' <Predicate = (icmp_ln890_1030)> <Delay = 0.00>

State 4 <SV = 3> <Delay = 0.70>
ST_4 : Operation 45 [1/1] (0.00ns)   --->   "%c7_V = phi i4 %add_ln691_977, void, i4 0, void %.preheader3.preheader"   --->   Operation 45 'phi' 'c7_V' <Predicate = true> <Delay = 0.00>
ST_4 : Operation 46 [1/1] (0.70ns)   --->   "%add_ln691_977 = add i4 %c7_V, i4 1"   --->   Operation 46 'add' 'add_ln691_977' <Predicate = true> <Delay = 0.70> <CoreInst = "Adder">   --->   Core 1 'Adder' <Latency = 0> <II = 1> <Delay = 0.70> <FuncUnit> <Opcode : 'add' 'sub'> <InPorts = 2> <OutPorts = 1>
ST_4 : Operation 47 [1/1] (0.65ns)   --->   "%icmp_ln890_1032 = icmp_eq  i4 %c7_V, i4 8"   --->   Operation 47 'icmp' 'icmp_ln890_1032' <Predicate = true> <Delay = 0.65> <CoreInst = "Cmp">   --->   Core 9 'Cmp' <Latency = 0> <II = 1> <Delay = 0.34> <FuncUnit> <Opcode : 'icmp'> <InPorts = 2> <OutPorts = 1>
ST_4 : Operation 48 [1/1] (0.00ns)   --->   "%speclooptripcount_ln0 = speclooptripcount void @_ssdm_op_SpecLoopTripCount, i64 8, i64 8, i64 8"   --->   Operation 48 'speclooptripcount' 'speclooptripcount_ln0' <Predicate = true> <Delay = 0.00>
ST_4 : Operation 49 [1/1] (0.00ns)   --->   "%br_ln25037 = br i1 %icmp_ln890_1032, void %.split9, void %.preheader.preheader" [./dut.cpp:25037]   --->   Operation 49 'br' 'br_ln25037' <Predicate = true> <Delay = 0.00>
ST_4 : Operation 50 [1/1] (0.00ns)   --->   "%specloopname_ln25037 = specloopname void @_ssdm_op_SpecLoopName, void @empty_2047" [./dut.cpp:25037]   --->   Operation 50 'specloopname' 'specloopname_ln25037' <Predicate = (!icmp_ln890_1032)> <Delay = 0.00>
ST_4 : Operation 51 [1/1] (0.00ns)   --->   "%empty = trunc i4 %c7_V"   --->   Operation 51 'trunc' 'empty' <Predicate = (!icmp_ln890_1032)> <Delay = 0.00>
ST_4 : Operation 52 [1/1] (0.00ns)   --->   "%tmp = bitselect i1 @_ssdm_op_BitSelect.i1.i4.i32, i4 %c7_V, i32 2"   --->   Operation 52 'bitselect' 'tmp' <Predicate = (!icmp_ln890_1032)> <Delay = 0.00>
ST_4 : Operation 53 [1/1] (0.00ns)   --->   "%idxprom = zext i2 %empty"   --->   Operation 53 'zext' 'idxprom' <Predicate = (!icmp_ln890_1032)> <Delay = 0.00>
ST_4 : Operation 54 [1/1] (0.00ns)   --->   "%data_split_V_addr_294 = getelementptr i32 %data_split_V, i64 0, i64 %idxprom"   --->   Operation 54 'getelementptr' 'data_split_V_addr_294' <Predicate = (!icmp_ln890_1032)> <Delay = 0.00>
ST_4 : Operation 55 [1/1] (0.38ns)   --->   "%br_ln25039 = br void" [./dut.cpp:25039]   --->   Operation 55 'br' 'br_ln25039' <Predicate = (!icmp_ln890_1032)> <Delay = 0.38>
ST_4 : Operation 56 [1/1] (0.38ns)   --->   "%br_ln890 = br void %.preheader"   --->   Operation 56 'br' 'br_ln890' <Predicate = (icmp_ln890_1032)> <Delay = 0.38>

State 5 <SV = 4> <Delay = 0.73>
ST_5 : Operation 57 [1/1] (0.00ns)   --->   "%c8_V = phi i5 %add_ln691_981, void, i5 0, void %.split9"   --->   Operation 57 'phi' 'c8_V' <Predicate = true> <Delay = 0.00>
ST_5 : Operation 58 [1/1] (0.70ns)   --->   "%add_ln691_981 = add i5 %c8_V, i5 1"   --->   Operation 58 'add' 'add_ln691_981' <Predicate = true> <Delay = 0.70> <CoreInst = "Adder">   --->   Core 1 'Adder' <Latency = 0> <II = 1> <Delay = 0.70> <FuncUnit> <Opcode : 'add' 'sub'> <InPorts = 2> <OutPorts = 1>
ST_5 : Operation 59 [1/1] (0.00ns)   --->   "%tmp_s = bitconcatenate i6 @_ssdm_op_BitConcatenate.i6.i5.i1, i5 %c8_V, i1 %tmp" [./dut.cpp:25047]   --->   Operation 59 'bitconcatenate' 'tmp_s' <Predicate = true> <Delay = 0.00>
ST_5 : Operation 60 [1/1] (0.00ns)   --->   "%zext_ln25047 = zext i6 %tmp_s" [./dut.cpp:25047]   --->   Operation 60 'zext' 'zext_ln25047' <Predicate = true> <Delay = 0.00>
ST_5 : Operation 61 [1/1] (0.00ns)   --->   "%local_D_V_addr = getelementptr i128 %local_D_V, i64 0, i64 %zext_ln25047" [./dut.cpp:25047]   --->   Operation 61 'getelementptr' 'local_D_V_addr' <Predicate = true> <Delay = 0.00>
ST_5 : Operation 62 [1/1] (0.63ns)   --->   "%icmp_ln890_1034 = icmp_eq  i5 %c8_V, i5 16"   --->   Operation 62 'icmp' 'icmp_ln890_1034' <Predicate = true> <Delay = 0.63> <CoreInst = "Cmp">   --->   Core 9 'Cmp' <Latency = 0> <II = 1> <Delay = 0.34> <FuncUnit> <Opcode : 'icmp'> <InPorts = 2> <OutPorts = 1>
ST_5 : Operation 63 [1/1] (0.00ns)   --->   "%speclooptripcount_ln0 = speclooptripcount void @_ssdm_op_SpecLoopTripCount, i64 16, i64 16, i64 16"   --->   Operation 63 'speclooptripcount' 'speclooptripcount_ln0' <Predicate = true> <Delay = 0.00>
ST_5 : Operation 64 [1/1] (0.00ns)   --->   "%br_ln25039 = br i1 %icmp_ln890_1034, void %.split7, void" [./dut.cpp:25039]   --->   Operation 64 'br' 'br_ln25039' <Predicate = true> <Delay = 0.00>
ST_5 : Operation 65 [2/2] (0.73ns)   --->   "%out_data_V = load i5 %local_D_V_addr" [./dut.cpp:25047]   --->   Operation 65 'load' 'out_data_V' <Predicate = (!icmp_ln890_1034)> <Delay = 0.73> <CoreInst = "RAM">   --->   Core 83 'RAM' <Latency = 1> <II = 1> <Delay = 0.73> <Storage> <Opcode : 'load' 'store'> <Ports = 2> <Width = 128> <Depth = 32> <RAM>
ST_5 : Operation 66 [1/1] (0.00ns)   --->   "%br_ln0 = br void %.preheader3"   --->   Operation 66 'br' 'br_ln0' <Predicate = (icmp_ln890_1034)> <Delay = 0.00>

State 6 <SV = 5> <Delay = 1.21>
ST_6 : Operation 67 [1/1] (0.00ns)   --->   "%specloopname_ln25039 = specloopname void @_ssdm_op_SpecLoopName, void @empty_965" [./dut.cpp:25039]   --->   Operation 67 'specloopname' 'specloopname_ln25039' <Predicate = true> <Delay = 0.00>
ST_6 : Operation 68 [1/1] (1.21ns)   --->   "%tmp_368 = read i32 @_ssdm_op_Read.ap_fifo.volatile.i32P0A, i32 %fifo_D_drain_PE_3_2_x1152" [/home/rcslfpgaserver/Softwares/Xilinx/Vitis_HLS/2020.2/common/technology/autopilot/hls_stream_39.h:145]   --->   Operation 68 'read' 'tmp_368' <Predicate = true> <Delay = 1.21> <CoreInst = "FIFO_SRL">   --->   Core 81 'FIFO_SRL' <Latency = 0> <II = 1> <Delay = 1.39> <Storage> <Opcode : 'read' 'write' 'nbread' 'nbwrite'> <Ports = 0> <Width = 32> <Depth = 2> <FIFO>
ST_6 : Operation 69 [1/2] (0.73ns)   --->   "%out_data_V = load i5 %local_D_V_addr" [./dut.cpp:25047]   --->   Operation 69 'load' 'out_data_V' <Predicate = true> <Delay = 0.73> <CoreInst = "RAM">   --->   Core 83 'RAM' <Latency = 1> <II = 1> <Delay = 0.73> <Storage> <Opcode : 'load' 'store'> <Ports = 2> <Width = 128> <Depth = 32> <RAM>
ST_6 : Operation 70 [1/1] (0.38ns)   --->   "%br_ln25048 = br void" [./dut.cpp:25048]   --->   Operation 70 'br' 'br_ln25048' <Predicate = true> <Delay = 0.38>

State 7 <SV = 6> <Delay = 1.19>
ST_7 : Operation 71 [1/1] (0.00ns)   --->   "%n_V = phi i3 %add_ln691_982, void %.split, i3 0, void %.split7"   --->   Operation 71 'phi' 'n_V' <Predicate = true> <Delay = 0.00>
ST_7 : Operation 72 [1/1] (0.00ns)   --->   "%p_Val2_s = phi i128 %zext_ln1497, void %.split, i128 %out_data_V, void %.split7"   --->   Operation 72 'phi' 'p_Val2_s' <Predicate = true> <Delay = 0.00>
ST_7 : Operation 73 [1/1] (0.57ns)   --->   "%add_ln691_982 = add i3 %n_V, i3 1"   --->   Operation 73 'add' 'add_ln691_982' <Predicate = true> <Delay = 0.57> <CoreInst = "Adder">   --->   Core 1 'Adder' <Latency = 0> <II = 1> <Delay = 0.70> <FuncUnit> <Opcode : 'add' 'sub'> <InPorts = 2> <OutPorts = 1>
ST_7 : Operation 74 [1/1] (0.00ns)   --->   "%zext_ln878 = zext i3 %n_V"   --->   Operation 74 'zext' 'zext_ln878' <Predicate = true> <Delay = 0.00>
ST_7 : Operation 75 [1/1] (0.49ns)   --->   "%icmp_ln878 = icmp_eq  i3 %n_V, i3 4"   --->   Operation 75 'icmp' 'icmp_ln878' <Predicate = true> <Delay = 0.49> <CoreInst = "Cmp">   --->   Core 9 'Cmp' <Latency = 0> <II = 1> <Delay = 0.34> <FuncUnit> <Opcode : 'icmp'> <InPorts = 2> <OutPorts = 1>
ST_7 : Operation 76 [1/1] (0.00ns)   --->   "%speclooptripcount_ln0 = speclooptripcount void @_ssdm_op_SpecLoopTripCount, i64 4, i64 4, i64 4"   --->   Operation 76 'speclooptripcount' 'speclooptripcount_ln0' <Predicate = true> <Delay = 0.00>
ST_7 : Operation 77 [1/1] (0.00ns)   --->   "%br_ln25048 = br i1 %icmp_ln878, void %.split, void" [./dut.cpp:25048]   --->   Operation 77 'br' 'br_ln25048' <Predicate = true> <Delay = 0.00>
ST_7 : Operation 78 [1/1] (0.00ns)   --->   "%specloopname_ln674 = specloopname void @_ssdm_op_SpecLoopName, void @empty_964"   --->   Operation 78 'specloopname' 'specloopname_ln674' <Predicate = (!icmp_ln878)> <Delay = 0.00>
ST_7 : Operation 79 [1/1] (0.00ns)   --->   "%trunc_ln674 = trunc i128 %p_Val2_s"   --->   Operation 79 'trunc' 'trunc_ln674' <Predicate = (!icmp_ln878)> <Delay = 0.00>
ST_7 : Operation 80 [1/1] (0.00ns)   --->   "%data_split_V_addr_295 = getelementptr i32 %data_split_V, i64 0, i64 %zext_ln878" [./dut.cpp:25049]   --->   Operation 80 'getelementptr' 'data_split_V_addr_295' <Predicate = (!icmp_ln878)> <Delay = 0.00>
ST_7 : Operation 81 [1/1] (0.69ns)   --->   "%store_ln25049 = store i32 %trunc_ln674, i2 %data_split_V_addr_295" [./dut.cpp:25049]   --->   Operation 81 'store' 'store_ln25049' <Predicate = (!icmp_ln878)> <Delay = 0.69> <CoreInst = "RAM">   --->   Core 83 'RAM' <Latency = 1> <II = 1> <Delay = 0.69> <Storage> <Opcode : 'load' 'store'> <Ports = 2> <Width = 32> <Depth = 4> <RAM>
ST_7 : Operation 82 [1/1] (0.00ns)   --->   "%r = partselect i96 @_ssdm_op_PartSelect.i96.i128.i32.i32, i128 %p_Val2_s, i32 32, i32 127"   --->   Operation 82 'partselect' 'r' <Predicate = (!icmp_ln878)> <Delay = 0.00>
ST_7 : Operation 83 [1/1] (0.00ns)   --->   "%zext_ln1497 = zext i96 %r"   --->   Operation 83 'zext' 'zext_ln1497' <Predicate = (!icmp_ln878)> <Delay = 0.00>
ST_7 : Operation 84 [1/1] (0.00ns)   --->   "%br_ln0 = br void"   --->   Operation 84 'br' 'br_ln0' <Predicate = (!icmp_ln878)> <Delay = 0.00>
ST_7 : Operation 85 [1/1] (0.69ns)   --->   "%store_ln25057 = store i32 %tmp_368, i2 %data_split_V_addr_294" [./dut.cpp:25057]   --->   Operation 85 'store' 'store_ln25057' <Predicate = (icmp_ln878)> <Delay = 0.69> <CoreInst = "RAM">   --->   Core 83 'RAM' <Latency = 1> <II = 1> <Delay = 0.69> <Storage> <Opcode : 'load' 'store'> <Ports = 2> <Width = 32> <Depth = 4> <RAM>

State 8 <SV = 7> <Delay = 0.69>
ST_8 : Operation 86 [2/2] (0.69ns)   --->   "%v2_V = load i2 %data_split_V_addr_293"   --->   Operation 86 'load' 'v2_V' <Predicate = true> <Delay = 0.69> <CoreInst = "RAM">   --->   Core 83 'RAM' <Latency = 1> <II = 1> <Delay = 0.69> <Storage> <Opcode : 'load' 'store'> <Ports = 2> <Width = 32> <Depth = 4> <RAM>
ST_8 : Operation 87 [2/2] (0.69ns)   --->   "%v2_V_1150 = load i2 %data_split_V_addr_292"   --->   Operation 87 'load' 'v2_V_1150' <Predicate = true> <Delay = 0.69> <CoreInst = "RAM">   --->   Core 83 'RAM' <Latency = 1> <II = 1> <Delay = 0.69> <Storage> <Opcode : 'load' 'store'> <Ports = 2> <Width = 32> <Depth = 4> <RAM>

State 9 <SV = 8> <Delay = 0.69>
ST_9 : Operation 88 [1/2] (0.69ns)   --->   "%v2_V = load i2 %data_split_V_addr_293"   --->   Operation 88 'load' 'v2_V' <Predicate = true> <Delay = 0.69> <CoreInst = "RAM">   --->   Core 83 'RAM' <Latency = 1> <II = 1> <Delay = 0.69> <Storage> <Opcode : 'load' 'store'> <Ports = 2> <Width = 32> <Depth = 4> <RAM>
ST_9 : Operation 89 [1/2] (0.69ns)   --->   "%v2_V_1150 = load i2 %data_split_V_addr_292"   --->   Operation 89 'load' 'v2_V_1150' <Predicate = true> <Delay = 0.69> <CoreInst = "RAM">   --->   Core 83 'RAM' <Latency = 1> <II = 1> <Delay = 0.69> <Storage> <Opcode : 'load' 'store'> <Ports = 2> <Width = 32> <Depth = 4> <RAM>
ST_9 : Operation 90 [2/2] (0.69ns)   --->   "%v2_V_1151 = load i2 %data_split_V_addr_291"   --->   Operation 90 'load' 'v2_V_1151' <Predicate = true> <Delay = 0.69> <CoreInst = "RAM">   --->   Core 83 'RAM' <Latency = 1> <II = 1> <Delay = 0.69> <Storage> <Opcode : 'load' 'store'> <Ports = 2> <Width = 32> <Depth = 4> <RAM>
ST_9 : Operation 91 [2/2] (0.69ns)   --->   "%v1_V = load i2 %data_split_V_addr"   --->   Operation 91 'load' 'v1_V' <Predicate = true> <Delay = 0.69> <CoreInst = "RAM">   --->   Core 83 'RAM' <Latency = 1> <II = 1> <Delay = 0.69> <Storage> <Opcode : 'load' 'store'> <Ports = 2> <Width = 32> <Depth = 4> <RAM>

State 10 <SV = 9> <Delay = 1.42>
ST_10 : Operation 92 [1/2] (0.69ns)   --->   "%v2_V_1151 = load i2 %data_split_V_addr_291"   --->   Operation 92 'load' 'v2_V_1151' <Predicate = true> <Delay = 0.69> <CoreInst = "RAM">   --->   Core 83 'RAM' <Latency = 1> <II = 1> <Delay = 0.69> <Storage> <Opcode : 'load' 'store'> <Ports = 2> <Width = 32> <Depth = 4> <RAM>
ST_10 : Operation 93 [1/2] (0.69ns)   --->   "%v1_V = load i2 %data_split_V_addr"   --->   Operation 93 'load' 'v1_V' <Predicate = true> <Delay = 0.69> <CoreInst = "RAM">   --->   Core 83 'RAM' <Latency = 1> <II = 1> <Delay = 0.69> <Storage> <Opcode : 'load' 'store'> <Ports = 2> <Width = 32> <Depth = 4> <RAM>
ST_10 : Operation 94 [1/1] (0.00ns)   --->   "%p_Result_s = bitconcatenate i128 @_ssdm_op_BitConcatenate.i128.i32.i32.i32.i32, i32 %v1_V, i32 %v2_V_1151, i32 %v2_V_1150, i32 %v2_V"   --->   Operation 94 'bitconcatenate' 'p_Result_s' <Predicate = true> <Delay = 0.00>
ST_10 : Operation 95 [1/1] (0.73ns)   --->   "%store_ln25059 = store i128 %p_Result_s, i5 %local_D_V_addr" [./dut.cpp:25059]   --->   Operation 95 'store' 'store_ln25059' <Predicate = true> <Delay = 0.73> <CoreInst = "RAM">   --->   Core 83 'RAM' <Latency = 1> <II = 1> <Delay = 0.73> <Storage> <Opcode : 'load' 'store'> <Ports = 2> <Width = 128> <Depth = 32> <RAM>
ST_10 : Operation 96 [1/1] (0.00ns)   --->   "%br_ln0 = br void"   --->   Operation 96 'br' 'br_ln0' <Predicate = true> <Delay = 0.00>

State 11 <SV = 4> <Delay = 0.70>
ST_11 : Operation 97 [1/1] (0.00ns)   --->   "%c5_V = phi i5 %add_ln691_979, void, i5 0, void %.preheader.preheader"   --->   Operation 97 'phi' 'c5_V' <Predicate = (icmp_ln890_1031)> <Delay = 0.00>
ST_11 : Operation 98 [1/1] (0.70ns)   --->   "%add_ln691_979 = add i5 %c5_V, i5 1"   --->   Operation 98 'add' 'add_ln691_979' <Predicate = (icmp_ln890_1031)> <Delay = 0.70> <CoreInst = "Adder">   --->   Core 1 'Adder' <Latency = 0> <II = 1> <Delay = 0.70> <FuncUnit> <Opcode : 'add' 'sub'> <InPorts = 2> <OutPorts = 1>
ST_11 : Operation 99 [1/1] (0.00ns)   --->   "%shl_ln890 = shl i5 %c5_V, i5 1"   --->   Operation 99 'shl' 'shl_ln890' <Predicate = (icmp_ln890_1031)> <Delay = 0.00>
ST_11 : Operation 100 [1/1] (0.63ns)   --->   "%icmp_ln890_1033 = icmp_eq  i5 %c5_V, i5 16"   --->   Operation 100 'icmp' 'icmp_ln890_1033' <Predicate = (icmp_ln890_1031)> <Delay = 0.63> <CoreInst = "Cmp">   --->   Core 9 'Cmp' <Latency = 0> <II = 1> <Delay = 0.34> <FuncUnit> <Opcode : 'icmp'> <InPorts = 2> <OutPorts = 1>
ST_11 : Operation 101 [1/1] (0.00ns)   --->   "%speclooptripcount_ln0 = speclooptripcount void @_ssdm_op_SpecLoopTripCount, i64 16, i64 16, i64 16"   --->   Operation 101 'speclooptripcount' 'speclooptripcount_ln0' <Predicate = (icmp_ln890_1031)> <Delay = 0.00>
ST_11 : Operation 102 [1/1] (0.00ns)   --->   "%br_ln25066 = br i1 %icmp_ln890_1033, void %.split13, void %.loopexit376.loopexit" [./dut.cpp:25066]   --->   Operation 102 'br' 'br_ln25066' <Predicate = (icmp_ln890_1031)> <Delay = 0.00>
ST_11 : Operation 103 [1/1] (0.00ns)   --->   "%specloopname_ln25066 = specloopname void @_ssdm_op_SpecLoopName, void @empty_1343" [./dut.cpp:25066]   --->   Operation 103 'specloopname' 'specloopname_ln25066' <Predicate = (icmp_ln890_1031 & !icmp_ln890_1033)> <Delay = 0.00>
ST_11 : Operation 104 [1/1] (0.38ns)   --->   "%br_ln25068 = br void" [./dut.cpp:25068]   --->   Operation 104 'br' 'br_ln25068' <Predicate = (icmp_ln890_1031 & !icmp_ln890_1033)> <Delay = 0.38>
ST_11 : Operation 105 [1/1] (0.00ns)   --->   "%br_ln0 = br void %.loopexit376"   --->   Operation 105 'br' 'br_ln0' <Predicate = (icmp_ln890_1031 & icmp_ln890_1033)> <Delay = 0.00>
ST_11 : Operation 106 [1/1] (0.00ns)   --->   "%br_ln0 = br void"   --->   Operation 106 'br' 'br_ln0' <Predicate = (icmp_ln890_1033) | (!icmp_ln890_1031)> <Delay = 0.00>

State 12 <SV = 5> <Delay = 1.43>
ST_12 : Operation 107 [1/1] (0.00ns)   --->   "%c6_V = phi i2 %add_ln691_980, void %.split11, i2 0, void %.split13"   --->   Operation 107 'phi' 'c6_V' <Predicate = true> <Delay = 0.00>
ST_12 : Operation 108 [1/1] (0.43ns)   --->   "%add_ln691_980 = add i2 %c6_V, i2 1"   --->   Operation 108 'add' 'add_ln691_980' <Predicate = true> <Delay = 0.43> <CoreInst = "Adder">   --->   Core 1 'Adder' <Latency = 0> <II = 1> <Delay = 0.70> <FuncUnit> <Opcode : 'add' 'sub'> <InPorts = 2> <OutPorts = 1>
ST_12 : Operation 109 [1/1] (0.00ns)   --->   "%zext_ln25073 = zext i2 %c6_V" [./dut.cpp:25073]   --->   Operation 109 'zext' 'zext_ln25073' <Predicate = true> <Delay = 0.00>
ST_12 : Operation 110 [1/1] (0.70ns)   --->   "%add_ln25073 = add i5 %shl_ln890, i5 %zext_ln25073" [./dut.cpp:25073]   --->   Operation 110 'add' 'add_ln25073' <Predicate = true> <Delay = 0.70> <CoreInst = "Adder">   --->   Core 1 'Adder' <Latency = 0> <II = 1> <Delay = 0.70> <FuncUnit> <Opcode : 'add' 'sub'> <InPorts = 2> <OutPorts = 1>
ST_12 : Operation 111 [1/1] (0.00ns)   --->   "%zext_ln25073_1 = zext i5 %add_ln25073" [./dut.cpp:25073]   --->   Operation 111 'zext' 'zext_ln25073_1' <Predicate = true> <Delay = 0.00>
ST_12 : Operation 112 [1/1] (0.00ns)   --->   "%local_D_V_addr_59 = getelementptr i128 %local_D_V, i64 0, i64 %zext_ln25073_1" [./dut.cpp:25073]   --->   Operation 112 'getelementptr' 'local_D_V_addr_59' <Predicate = true> <Delay = 0.00>
ST_12 : Operation 113 [1/1] (0.34ns)   --->   "%icmp_ln890_1035 = icmp_eq  i2 %c6_V, i2 2"   --->   Operation 113 'icmp' 'icmp_ln890_1035' <Predicate = true> <Delay = 0.34> <CoreInst = "Cmp">   --->   Core 9 'Cmp' <Latency = 0> <II = 1> <Delay = 0.34> <FuncUnit> <Opcode : 'icmp'> <InPorts = 2> <OutPorts = 1>
ST_12 : Operation 114 [1/1] (0.00ns)   --->   "%speclooptripcount_ln0 = speclooptripcount void @_ssdm_op_SpecLoopTripCount, i64 2, i64 2, i64 2"   --->   Operation 114 'speclooptripcount' 'speclooptripcount_ln0' <Predicate = true> <Delay = 0.00>
ST_12 : Operation 115 [1/1] (0.00ns)   --->   "%br_ln25068 = br i1 %icmp_ln890_1035, void %.split11, void" [./dut.cpp:25068]   --->   Operation 115 'br' 'br_ln25068' <Predicate = true> <Delay = 0.00>
ST_12 : Operation 116 [2/2] (0.73ns)   --->   "%local_D_V_load = load i5 %local_D_V_addr_59" [./dut.cpp:25073]   --->   Operation 116 'load' 'local_D_V_load' <Predicate = (!icmp_ln890_1035)> <Delay = 0.73> <CoreInst = "RAM">   --->   Core 83 'RAM' <Latency = 1> <II = 1> <Delay = 0.73> <Storage> <Opcode : 'load' 'store'> <Ports = 2> <Width = 128> <Depth = 32> <RAM>
ST_12 : Operation 117 [1/1] (0.00ns)   --->   "%br_ln0 = br void %.preheader"   --->   Operation 117 'br' 'br_ln0' <Predicate = (icmp_ln890_1035)> <Delay = 0.00>

State 13 <SV = 6> <Delay = 1.94>
ST_13 : Operation 118 [1/1] (0.00ns)   --->   "%specloopname_ln25068 = specloopname void @_ssdm_op_SpecLoopName, void @empty_967" [./dut.cpp:25068]   --->   Operation 118 'specloopname' 'specloopname_ln25068' <Predicate = true> <Delay = 0.00>
ST_13 : Operation 119 [1/2] (0.73ns)   --->   "%local_D_V_load = load i5 %local_D_V_addr_59" [./dut.cpp:25073]   --->   Operation 119 'load' 'local_D_V_load' <Predicate = true> <Delay = 0.73> <CoreInst = "RAM">   --->   Core 83 'RAM' <Latency = 1> <II = 1> <Delay = 0.73> <Storage> <Opcode : 'load' 'store'> <Ports = 2> <Width = 128> <Depth = 32> <RAM>
ST_13 : Operation 120 [1/1] (1.21ns)   --->   "%write_ln174 = write void @_ssdm_op_Write.ap_fifo.volatile.i128P0A, i128 %fifo_D_drain_D_drain_IO_L1_out_2_3_x1184, i128 %local_D_V_load" [/home/rcslfpgaserver/Softwares/Xilinx/Vitis_HLS/2020.2/common/technology/autopilot/hls_stream_39.h:174]   --->   Operation 120 'write' 'write_ln174' <Predicate = true> <Delay = 1.21> <CoreInst = "FIFO_SRL">   --->   Core 81 'FIFO_SRL' <Latency = 0> <II = 1> <Delay = 1.40> <Storage> <Opcode : 'read' 'write' 'nbread' 'nbwrite'> <Ports = 0> <Width = 128> <Depth = 2> <FIFO>
ST_13 : Operation 121 [1/1] (0.00ns)   --->   "%br_ln0 = br void"   --->   Operation 121 'br' 'br_ln0' <Predicate = true> <Delay = 0.00>


============================================================
+ Verbose Summary: Binding
============================================================
STG Binding: 
---------------- STG Properties BEGIN ----------------
- Is combinational: 0
- Is one-state seq: 0
- Is datapath-only: 0
- Is pipelined: 0
- Is top level: 0
Port [ Return ] is wired: 1; IO mode=ap_ctrl_hs:ce=0
Port [ fifo_D_drain_D_drain_IO_L1_out_2_3_x1184]:  wired=1; compound=1; hidden=0; nouse=0; global=0; static=0; extern=0; dir=1; type=3; pingpong=0; private_global=0; IO mode=ap_fifo:ce=0
Port [ fifo_D_drain_PE_3_2_x1152]:  wired=1; compound=1; hidden=0; nouse=0; global=0; static=0; extern=0; dir=0; type=3; pingpong=0; private_global=0; IO mode=ap_fifo:ce=0
---------------- STG Properties END ------------------

---------------- Datapath Model BEGIN ----------------

<LifeTime>
<method=bitvector/>
specmemcore_ln0       (specmemcore      ) [ 00000000000000]
specmemcore_ln0       (specmemcore      ) [ 00000000000000]
specinterface_ln0     (specinterface    ) [ 00000000000000]
specinterface_ln0     (specinterface    ) [ 00000000000000]
local_D_V             (alloca           ) [ 00111111111111]
data_split_V          (alloca           ) [ 00111111111111]
data_split_V_addr     (getelementptr    ) [ 00111111111111]
data_split_V_addr_291 (getelementptr    ) [ 00111111111111]
data_split_V_addr_292 (getelementptr    ) [ 00111111111111]
data_split_V_addr_293 (getelementptr    ) [ 00111111111111]
br_ln25029            (br               ) [ 01111111111111]
c0_V                  (phi              ) [ 00100000000000]
add_ln691             (add              ) [ 01111111111111]
icmp_ln890            (icmp             ) [ 00111111111111]
speclooptripcount_ln0 (speclooptripcount) [ 00000000000000]
br_ln25029            (br               ) [ 00000000000000]
specloopname_ln25029  (specloopname     ) [ 00000000000000]
br_ln25030            (br               ) [ 00111111111111]
ret_ln25081           (ret              ) [ 00000000000000]
c1_V                  (phi              ) [ 00010000000000]
add_ln691_978         (add              ) [ 00111111111111]
icmp_ln890_1030       (icmp             ) [ 00111111111111]
speclooptripcount_ln0 (speclooptripcount) [ 00000000000000]
br_ln25030            (br               ) [ 00000000000000]
specloopname_ln1461   (specloopname     ) [ 00000000000000]
ret_190               (bitconcatenate   ) [ 00000000000000]
ret                   (or               ) [ 00000000000000]
icmp_ln890_1031       (icmp             ) [ 00111111111111]
br_ln25031            (br               ) [ 00000000000000]
br_ln890              (br               ) [ 00111111111111]
br_ln0                (br               ) [ 01111111111111]
c7_V                  (phi              ) [ 00001000000000]
add_ln691_977         (add              ) [ 00111111111111]
icmp_ln890_1032       (icmp             ) [ 00111111111111]
speclooptripcount_ln0 (speclooptripcount) [ 00000000000000]
br_ln25037            (br               ) [ 00000000000000]
specloopname_ln25037  (specloopname     ) [ 00000000000000]
empty                 (trunc            ) [ 00000000000000]
tmp                   (bitselect        ) [ 00000111111000]
idxprom               (zext             ) [ 00000000000000]
data_split_V_addr_294 (getelementptr    ) [ 00000111111000]
br_ln25039            (br               ) [ 00111111111111]
br_ln890              (br               ) [ 00111111111111]
c8_V                  (phi              ) [ 00000100000000]
add_ln691_981         (add              ) [ 00111111111111]
tmp_s                 (bitconcatenate   ) [ 00000000000000]
zext_ln25047          (zext             ) [ 00000000000000]
local_D_V_addr        (getelementptr    ) [ 00000011111000]
icmp_ln890_1034       (icmp             ) [ 00111111111111]
speclooptripcount_ln0 (speclooptripcount) [ 00000000000000]
br_ln25039            (br               ) [ 00000000000000]
br_ln0                (br               ) [ 00111111111111]
specloopname_ln25039  (specloopname     ) [ 00000000000000]
tmp_368               (read             ) [ 00000001000000]
out_data_V            (load             ) [ 00111111111111]
br_ln25048            (br               ) [ 00111111111111]
n_V                   (phi              ) [ 00000001000000]
p_Val2_s              (phi              ) [ 00000001000000]
add_ln691_982         (add              ) [ 00111111111111]
zext_ln878            (zext             ) [ 00000000000000]
icmp_ln878            (icmp             ) [ 00111111111111]
speclooptripcount_ln0 (speclooptripcount) [ 00000000000000]
br_ln25048            (br               ) [ 00000000000000]
specloopname_ln674    (specloopname     ) [ 00000000000000]
trunc_ln674           (trunc            ) [ 00000000000000]
data_split_V_addr_295 (getelementptr    ) [ 00000000000000]
store_ln25049         (store            ) [ 00000000000000]
r                     (partselect       ) [ 00000000000000]
zext_ln1497           (zext             ) [ 00111111111111]
br_ln0                (br               ) [ 00111111111111]
store_ln25057         (store            ) [ 00000000000000]
v2_V                  (load             ) [ 00000000001000]
v2_V_1150             (load             ) [ 00000000001000]
v2_V_1151             (load             ) [ 00000000000000]
v1_V                  (load             ) [ 00000000000000]
p_Result_s            (bitconcatenate   ) [ 00000000000000]
store_ln25059         (store            ) [ 00000000000000]
br_ln0                (br               ) [ 00111111111111]
c5_V                  (phi              ) [ 00000000000100]
add_ln691_979         (add              ) [ 00111111111111]
shl_ln890             (shl              ) [ 00000000000011]
icmp_ln890_1033       (icmp             ) [ 00111111111111]
speclooptripcount_ln0 (speclooptripcount) [ 00000000000000]
br_ln25066            (br               ) [ 00000000000000]
specloopname_ln25066  (specloopname     ) [ 00000000000000]
br_ln25068            (br               ) [ 00111111111111]
br_ln0                (br               ) [ 00000000000000]
br_ln0                (br               ) [ 00111111111111]
c6_V                  (phi              ) [ 00000000000010]
add_ln691_980         (add              ) [ 00111111111111]
zext_ln25073          (zext             ) [ 00000000000000]
add_ln25073           (add              ) [ 00000000000000]
zext_ln25073_1        (zext             ) [ 00000000000000]
local_D_V_addr_59     (getelementptr    ) [ 00000000000001]
icmp_ln890_1035       (icmp             ) [ 00111111111111]
speclooptripcount_ln0 (speclooptripcount) [ 00000000000000]
br_ln25068            (br               ) [ 00000000000000]
br_ln0                (br               ) [ 00111111111111]
specloopname_ln25068  (specloopname     ) [ 00000000000000]
local_D_V_load        (load             ) [ 00000000000000]
write_ln174           (write            ) [ 00000000000000]
br_ln0                (br               ) [ 00111111111111]
</LifeTime>

<model>

<comp_list>
<comp id="0" class="1000" name="fifo_D_drain_D_drain_IO_L1_out_2_3_x1184">
<pin_list>
<pin id="1" dir="1" index="0" bw="1" slack="0"/>
</pin_list>
<bind>
<StgValue><ssdm name="fifo_D_drain_D_drain_IO_L1_out_2_3_x1184"/></StgValue>
</bind>
</comp>

<comp id="2" class="1000" name="fifo_D_drain_PE_3_2_x1152">
<pin_list>
<pin id="3" dir="1" index="0" bw="1" slack="0"/>
</pin_list>
<bind>
<StgValue><ssdm name="fifo_D_drain_PE_3_2_x1152"/></StgValue>
</bind>
</comp>

<comp id="4" class="1001" name="const_4">
<pin_list>
<pin id="5" dir="1" index="0" bw="1" slack="2147483647"/>
</pin_list>
<bind>
<StgValue><ssdm name="_ssdm_op_SpecMemCore"/></StgValue>
</bind>
</comp>

<comp id="6" class="1001" name="const_6">
<pin_list>
<pin id="7" dir="1" index="0" bw="1" slack="2147483647"/>
</pin_list>
<bind>
<StgValue><ssdm name=""/></StgValue>
</bind>
</comp>

<comp id="8" class="1001" name="const_8">
<pin_list>
<pin id="9" dir="1" index="0" bw="1" slack="2147483647"/>
</pin_list>
<bind>
<StgValue><ssdm name=""/></StgValue>
</bind>
</comp>

<comp id="10" class="1001" name="const_10">
<pin_list>
<pin id="11" dir="1" index="0" bw="1" slack="2147483647"/>
</pin_list>
<bind>
<StgValue><ssdm name=""/></StgValue>
</bind>
</comp>

<comp id="12" class="1001" name="const_12">
<pin_list>
<pin id="13" dir="1" index="0" bw="1" slack="2147483647"/>
</pin_list>
<bind>
<StgValue><ssdm name="_ssdm_op_SpecInterface"/></StgValue>
</bind>
</comp>

<comp id="14" class="1001" name="const_14">
<pin_list>
<pin id="15" dir="1" index="0" bw="1" slack="2147483647"/>
</pin_list>
<bind>
<StgValue><ssdm name="empty_722"/></StgValue>
</bind>
</comp>

<comp id="16" class="1001" name="const_16">
<pin_list>
<pin id="17" dir="1" index="0" bw="1" slack="2147483647"/>
</pin_list>
<bind>
<StgValue><ssdm name=""/></StgValue>
</bind>
</comp>

<comp id="18" class="1001" name="const_18">
<pin_list>
<pin id="19" dir="1" index="0" bw="1" slack="2147483647"/>
</pin_list>
<bind>
<StgValue><ssdm name="empty_1307"/></StgValue>
</bind>
</comp>

<comp id="20" class="1001" name="const_20">
<pin_list>
<pin id="21" dir="1" index="0" bw="1" slack="0"/>
</pin_list>
<bind>
<StgValue><ssdm name=""/></StgValue>
</bind>
</comp>

<comp id="22" class="1001" name="const_22">
<pin_list>
<pin id="23" dir="1" index="0" bw="1" slack="0"/>
</pin_list>
<bind>
<StgValue><ssdm name=""/></StgValue>
</bind>
</comp>

<comp id="24" class="1001" name="const_24">
<pin_list>
<pin id="25" dir="1" index="0" bw="1" slack="0"/>
</pin_list>
<bind>
<StgValue><ssdm name=""/></StgValue>
</bind>
</comp>

<comp id="26" class="1001" name="const_26">
<pin_list>
<pin id="27" dir="1" index="0" bw="1" slack="0"/>
</pin_list>
<bind>
<StgValue><ssdm name=""/></StgValue>
</bind>
</comp>

<comp id="28" class="1001" name="const_28">
<pin_list>
<pin id="29" dir="1" index="0" bw="1" slack="0"/>
</pin_list>
<bind>
<StgValue><ssdm name=""/></StgValue>
</bind>
</comp>

<comp id="30" class="1001" name="const_30">
<pin_list>
<pin id="31" dir="1" index="0" bw="1" slack="0"/>
</pin_list>
<bind>
<StgValue><ssdm name=""/></StgValue>
</bind>
</comp>

<comp id="32" class="1001" name="const_32">
<pin_list>
<pin id="33" dir="1" index="0" bw="1" slack="0"/>
</pin_list>
<bind>
<StgValue><ssdm name=""/></StgValue>
</bind>
</comp>

<comp id="34" class="1001" name="const_34">
<pin_list>
<pin id="35" dir="1" index="0" bw="1" slack="2147483647"/>
</pin_list>
<bind>
<StgValue><ssdm name="_ssdm_op_SpecLoopTripCount"/></StgValue>
</bind>
</comp>

<comp id="36" class="1001" name="const_36">
<pin_list>
<pin id="37" dir="1" index="0" bw="1" slack="2147483647"/>
</pin_list>
<bind>
<StgValue><ssdm name=""/></StgValue>
</bind>
</comp>

<comp id="38" class="1001" name="const_38">
<pin_list>
<pin id="39" dir="1" index="0" bw="1" slack="2147483647"/>
</pin_list>
<bind>
<StgValue><ssdm name="_ssdm_op_SpecLoopName"/></StgValue>
</bind>
</comp>

<comp id="40" class="1001" name="const_40">
<pin_list>
<pin id="41" dir="1" index="0" bw="1" slack="2147483647"/>
</pin_list>
<bind>
<StgValue><ssdm name="empty_1781"/></StgValue>
</bind>
</comp>

<comp id="42" class="1001" name="const_42">
<pin_list>
<pin id="43" dir="1" index="0" bw="1" slack="0"/>
</pin_list>
<bind>
<StgValue><ssdm name=""/></StgValue>
</bind>
</comp>

<comp id="44" class="1001" name="const_44">
<pin_list>
<pin id="45" dir="1" index="0" bw="1" slack="2147483647"/>
</pin_list>
<bind>
<StgValue><ssdm name=""/></StgValue>
</bind>
</comp>

<comp id="46" class="1001" name="const_46">
<pin_list>
<pin id="47" dir="1" index="0" bw="1" slack="2147483647"/>
</pin_list>
<bind>
<StgValue><ssdm name="empty_822"/></StgValue>
</bind>
</comp>

<comp id="48" class="1001" name="const_48">
<pin_list>
<pin id="49" dir="1" index="0" bw="1" slack="0"/>
</pin_list>
<bind>
<StgValue><ssdm name="_ssdm_op_BitConcatenate.i6.i3.i3"/></StgValue>
</bind>
</comp>

<comp id="50" class="1001" name="const_50">
<pin_list>
<pin id="51" dir="1" index="0" bw="1" slack="0"/>
</pin_list>
<bind>
<StgValue><ssdm name=""/></StgValue>
</bind>
</comp>

<comp id="52" class="1001" name="const_52">
<pin_list>
<pin id="53" dir="1" index="0" bw="1" slack="0"/>
</pin_list>
<bind>
<StgValue><ssdm name=""/></StgValue>
</bind>
</comp>

<comp id="54" class="1001" name="const_54">
<pin_list>
<pin id="55" dir="1" index="0" bw="1" slack="1"/>
</pin_list>
<bind>
<StgValue><ssdm name=""/></StgValue>
</bind>
</comp>

<comp id="56" class="1001" name="const_56">
<pin_list>
<pin id="57" dir="1" index="0" bw="1" slack="0"/>
</pin_list>
<bind>
<StgValue><ssdm name=""/></StgValue>
</bind>
</comp>

<comp id="58" class="1001" name="const_58">
<pin_list>
<pin id="59" dir="1" index="0" bw="1" slack="0"/>
</pin_list>
<bind>
<StgValue><ssdm name=""/></StgValue>
</bind>
</comp>

<comp id="60" class="1001" name="const_60">
<pin_list>
<pin id="61" dir="1" index="0" bw="1" slack="2147483647"/>
</pin_list>
<bind>
<StgValue><ssdm name=""/></StgValue>
</bind>
</comp>

<comp id="62" class="1001" name="const_62">
<pin_list>
<pin id="63" dir="1" index="0" bw="1" slack="2147483647"/>
</pin_list>
<bind>
<StgValue><ssdm name="empty_2047"/></StgValue>
</bind>
</comp>

<comp id="64" class="1001" name="const_64">
<pin_list>
<pin id="65" dir="1" index="0" bw="1" slack="0"/>
</pin_list>
<bind>
<StgValue><ssdm name="_ssdm_op_BitSelect.i1.i4.i32"/></StgValue>
</bind>
</comp>

<comp id="66" class="1001" name="const_66">
<pin_list>
<pin id="67" dir="1" index="0" bw="1" slack="0"/>
</pin_list>
<bind>
<StgValue><ssdm name=""/></StgValue>
</bind>
</comp>

<comp id="68" class="1001" name="const_68">
<pin_list>
<pin id="69" dir="1" index="0" bw="1" slack="1"/>
</pin_list>
<bind>
<StgValue><ssdm name=""/></StgValue>
</bind>
</comp>

<comp id="70" class="1001" name="const_70">
<pin_list>
<pin id="71" dir="1" index="0" bw="1" slack="0"/>
</pin_list>
<bind>
<StgValue><ssdm name=""/></StgValue>
</bind>
</comp>

<comp id="72" class="1001" name="const_72">
<pin_list>
<pin id="73" dir="1" index="0" bw="1" slack="0"/>
</pin_list>
<bind>
<StgValue><ssdm name="_ssdm_op_BitConcatenate.i6.i5.i1"/></StgValue>
</bind>
</comp>

<comp id="74" class="1001" name="const_74">
<pin_list>
<pin id="75" dir="1" index="0" bw="1" slack="0"/>
</pin_list>
<bind>
<StgValue><ssdm name=""/></StgValue>
</bind>
</comp>

<comp id="76" class="1001" name="const_76">
<pin_list>
<pin id="77" dir="1" index="0" bw="1" slack="2147483647"/>
</pin_list>
<bind>
<StgValue><ssdm name=""/></StgValue>
</bind>
</comp>

<comp id="78" class="1001" name="const_78">
<pin_list>
<pin id="79" dir="1" index="0" bw="1" slack="2147483647"/>
</pin_list>
<bind>
<StgValue><ssdm name="empty_965"/></StgValue>
</bind>
</comp>

<comp id="80" class="1001" name="const_80">
<pin_list>
<pin id="81" dir="1" index="0" bw="1" slack="0"/>
</pin_list>
<bind>
<StgValue><ssdm name="_ssdm_op_Read.ap_fifo.volatile.i32P0A"/></StgValue>
</bind>
</comp>

<comp id="82" class="1001" name="const_82">
<pin_list>
<pin id="83" dir="1" index="0" bw="1" slack="2147483647"/>
</pin_list>
<bind>
<StgValue><ssdm name="empty_964"/></StgValue>
</bind>
</comp>

<comp id="84" class="1001" name="const_84">
<pin_list>
<pin id="85" dir="1" index="0" bw="1" slack="0"/>
</pin_list>
<bind>
<StgValue><ssdm name="_ssdm_op_PartSelect.i96.i128.i32.i32"/></StgValue>
</bind>
</comp>

<comp id="86" class="1001" name="const_86">
<pin_list>
<pin id="87" dir="1" index="0" bw="1" slack="0"/>
</pin_list>
<bind>
<StgValue><ssdm name=""/></StgValue>
</bind>
</comp>

<comp id="88" class="1001" name="const_88">
<pin_list>
<pin id="89" dir="1" index="0" bw="1" slack="0"/>
</pin_list>
<bind>
<StgValue><ssdm name=""/></StgValue>
</bind>
</comp>

<comp id="90" class="1001" name="const_90">
<pin_list>
<pin id="91" dir="1" index="0" bw="1" slack="0"/>
</pin_list>
<bind>
<StgValue><ssdm name="_ssdm_op_BitConcatenate.i128.i32.i32.i32.i32"/></StgValue>
</bind>
</comp>

<comp id="92" class="1001" name="const_92">
<pin_list>
<pin id="93" dir="1" index="0" bw="1" slack="2147483647"/>
</pin_list>
<bind>
<StgValue><ssdm name="empty_1343"/></StgValue>
</bind>
</comp>

<comp id="94" class="1001" name="const_94">
<pin_list>
<pin id="95" dir="1" index="0" bw="1" slack="1"/>
</pin_list>
<bind>
<StgValue><ssdm name=""/></StgValue>
</bind>
</comp>

<comp id="96" class="1001" name="const_96">
<pin_list>
<pin id="97" dir="1" index="0" bw="1" slack="0"/>
</pin_list>
<bind>
<StgValue><ssdm name=""/></StgValue>
</bind>
</comp>

<comp id="98" class="1001" name="const_98">
<pin_list>
<pin id="99" dir="1" index="0" bw="1" slack="0"/>
</pin_list>
<bind>
<StgValue><ssdm name=""/></StgValue>
</bind>
</comp>

<comp id="100" class="1001" name="const_100">
<pin_list>
<pin id="101" dir="1" index="0" bw="1" slack="2147483647"/>
</pin_list>
<bind>
<StgValue><ssdm name="empty_967"/></StgValue>
</bind>
</comp>

<comp id="102" class="1001" name="const_102">
<pin_list>
<pin id="103" dir="1" index="0" bw="1" slack="0"/>
</pin_list>
<bind>
<StgValue><ssdm name="_ssdm_op_Write.ap_fifo.volatile.i128P0A"/></StgValue>
</bind>
</comp>

<comp id="104" class="1004" name="local_D_V_alloca_fu_104">
<pin_list>
<pin id="105" dir="0" index="0" bw="1" slack="0"/>
<pin id="106" dir="1" index="1" bw="128" slack="2147483647"/>
</pin_list>
<bind>
<opcode="alloca(26) " fcode="alloca"/>
<opset="local_D_V/1 "/>
</bind>
</comp>

<comp id="108" class="1004" name="data_split_V_alloca_fu_108">
<pin_list>
<pin id="109" dir="0" index="0" bw="1" slack="0"/>
<pin id="110" dir="1" index="1" bw="32" slack="0"/>
</pin_list>
<bind>
<opcode="alloca(26) " fcode="alloca"/>
<opset="data_split_V/1 "/>
</bind>
</comp>

<comp id="112" class="1004" name="tmp_368_read_fu_112">
<pin_list>
<pin id="113" dir="0" index="0" bw="32" slack="0"/>
<pin id="114" dir="0" index="1" bw="32" slack="0"/>
<pin id="115" dir="1" index="2" bw="32" slack="1"/>
</pin_list>
<bind>
<opcode="read(1150) " fcode="read"/>
<opset="tmp_368/6 "/>
</bind>
</comp>

<comp id="118" class="1004" name="write_ln174_write_fu_118">
<pin_list>
<pin id="119" dir="0" index="0" bw="0" slack="0"/>
<pin id="120" dir="0" index="1" bw="128" slack="0"/>
<pin id="121" dir="0" index="2" bw="128" slack="0"/>
<pin id="122" dir="1" index="3" bw="0" slack="2147483647"/>
</pin_list>
<bind>
<opcode="write(1151) " fcode="write"/>
<opset="write_ln174/13 "/>
</bind>
</comp>

<comp id="125" class="1004" name="data_split_V_addr_gep_fu_125">
<pin_list>
<pin id="126" dir="0" index="0" bw="32" slack="0"/>
<pin id="127" dir="0" index="1" bw="1" slack="0"/>
<pin id="128" dir="0" index="2" bw="3" slack="0"/>
<pin id="129" dir="1" index="3" bw="2" slack="8"/>
</pin_list>
<bind>
<opcode="getelementptr(29) " fcode="getelementptr"/>
<opset="data_split_V_addr/1 "/>
</bind>
</comp>

<comp id="133" class="1004" name="data_split_V_addr_291_gep_fu_133">
<pin_list>
<pin id="134" dir="0" index="0" bw="32" slack="0"/>
<pin id="135" dir="0" index="1" bw="1" slack="0"/>
<pin id="136" dir="0" index="2" bw="3" slack="0"/>
<pin id="137" dir="1" index="3" bw="2" slack="8"/>
</pin_list>
<bind>
<opcode="getelementptr(29) " fcode="getelementptr"/>
<opset="data_split_V_addr_291/1 "/>
</bind>
</comp>

<comp id="141" class="1004" name="data_split_V_addr_292_gep_fu_141">
<pin_list>
<pin id="142" dir="0" index="0" bw="32" slack="0"/>
<pin id="143" dir="0" index="1" bw="1" slack="0"/>
<pin id="144" dir="0" index="2" bw="1" slack="0"/>
<pin id="145" dir="1" index="3" bw="2" slack="7"/>
</pin_list>
<bind>
<opcode="getelementptr(29) " fcode="getelementptr"/>
<opset="data_split_V_addr_292/1 "/>
</bind>
</comp>

<comp id="149" class="1004" name="data_split_V_addr_293_gep_fu_149">
<pin_list>
<pin id="150" dir="0" index="0" bw="32" slack="0"/>
<pin id="151" dir="0" index="1" bw="1" slack="0"/>
<pin id="152" dir="0" index="2" bw="1" slack="0"/>
<pin id="153" dir="1" index="3" bw="2" slack="7"/>
</pin_list>
<bind>
<opcode="getelementptr(29) " fcode="getelementptr"/>
<opset="data_split_V_addr_293/1 "/>
</bind>
</comp>

<comp id="157" class="1004" name="data_split_V_addr_294_gep_fu_157">
<pin_list>
<pin id="158" dir="0" index="0" bw="32" slack="2147483647"/>
<pin id="159" dir="0" index="1" bw="1" slack="0"/>
<pin id="160" dir="0" index="2" bw="2" slack="0"/>
<pin id="161" dir="1" index="3" bw="2" slack="3"/>
</pin_list>
<bind>
<opcode="getelementptr(29) " fcode="getelementptr"/>
<opset="data_split_V_addr_294/4 "/>
</bind>
</comp>

<comp id="163" class="1004" name="local_D_V_addr_gep_fu_163">
<pin_list>
<pin id="164" dir="0" index="0" bw="128" slack="2147483647"/>
<pin id="165" dir="0" index="1" bw="1" slack="0"/>
<pin id="166" dir="0" index="2" bw="6" slack="0"/>
<pin id="167" dir="1" index="3" bw="5" slack="0"/>
</pin_list>
<bind>
<opcode="getelementptr(29) " fcode="getelementptr"/>
<opset="local_D_V_addr/5 "/>
</bind>
</comp>

<comp id="169" class="1004" name="grp_access_fu_169">
<pin_list>
<pin id="170" dir="0" index="0" bw="5" slack="0"/>
<pin id="171" dir="0" index="1" bw="128" slack="0"/>
<pin id="172" dir="0" index="2" bw="0" slack="2147483647"/>
<pin id="173" dir="1" index="3" bw="128" slack="0"/>
</pin_list>
<bind>
<opcode="load(27) store(28) " fcode="load"/>
<opset="out_data_V/5 store_ln25059/10 local_D_V_load/12 "/>
</bind>
</comp>

<comp id="175" class="1004" name="data_split_V_addr_295_gep_fu_175">
<pin_list>
<pin id="176" dir="0" index="0" bw="32" slack="2147483647"/>
<pin id="177" dir="0" index="1" bw="1" slack="0"/>
<pin id="178" dir="0" index="2" bw="3" slack="0"/>
<pin id="179" dir="1" index="3" bw="2" slack="0"/>
</pin_list>
<bind>
<opcode="getelementptr(29) " fcode="getelementptr"/>
<opset="data_split_V_addr_295/7 "/>
</bind>
</comp>

<comp id="181" class="1004" name="grp_access_fu_181">
<pin_list>
<pin id="182" dir="0" index="0" bw="2" slack="0"/>
<pin id="183" dir="0" index="1" bw="32" slack="0"/>
<pin id="184" dir="0" index="2" bw="0" slack="7"/>
<pin id="187" dir="0" index="4" bw="2" slack="2147483647"/>
<pin id="188" dir="0" index="5" bw="32" slack="2147483647"/>
<pin id="189" dir="0" index="6" bw="0" slack="2147483647"/>
<pin id="185" dir="1" index="3" bw="32" slack="0"/>
<pin id="190" dir="1" index="7" bw="32" slack="0"/>
</pin_list>
<bind>
<opcode="load(27) store(28) " fcode="load"/>
<opset="store_ln25049/7 store_ln25057/7 v2_V/8 v2_V_1150/8 v2_V_1151/9 v1_V/9 "/>
</bind>
</comp>

<comp id="191" class="1004" name="local_D_V_addr_59_gep_fu_191">
<pin_list>
<pin id="192" dir="0" index="0" bw="128" slack="2147483647"/>
<pin id="193" dir="0" index="1" bw="1" slack="0"/>
<pin id="194" dir="0" index="2" bw="5" slack="0"/>
<pin id="195" dir="1" index="3" bw="5" slack="0"/>
</pin_list>
<bind>
<opcode="getelementptr(29) " fcode="getelementptr"/>
<opset="local_D_V_addr_59/12 "/>
</bind>
</comp>

<comp id="199" class="1005" name="c0_V_reg_199">
<pin_list>
<pin id="200" dir="0" index="0" bw="3" slack="1"/>
<pin id="201" dir="1" index="1" bw="3" slack="1"/>
</pin_list>
<bind>
<opset="c0_V (phireg) "/>
</bind>
</comp>

<comp id="203" class="1004" name="c0_V_phi_fu_203">
<pin_list>
<pin id="204" dir="0" index="0" bw="3" slack="0"/>
<pin id="205" dir="0" index="1" bw="0" slack="2147483647"/>
<pin id="206" dir="0" index="2" bw="1" slack="1"/>
<pin id="207" dir="0" index="3" bw="0" slack="2147483647"/>
<pin id="208" dir="1" index="4" bw="3" slack="0"/>
</pin_list>
<bind>
<opcode="phi(47) " fcode="phi"/>
<opset="c0_V/2 "/>
</bind>
</comp>

<comp id="210" class="1005" name="c1_V_reg_210">
<pin_list>
<pin id="211" dir="0" index="0" bw="3" slack="1"/>
<pin id="212" dir="1" index="1" bw="3" slack="1"/>
</pin_list>
<bind>
<opset="c1_V (phireg) "/>
</bind>
</comp>

<comp id="214" class="1004" name="c1_V_phi_fu_214">
<pin_list>
<pin id="215" dir="0" index="0" bw="1" slack="1"/>
<pin id="216" dir="0" index="1" bw="0" slack="2147483647"/>
<pin id="217" dir="0" index="2" bw="3" slack="0"/>
<pin id="218" dir="0" index="3" bw="0" slack="2147483647"/>
<pin id="219" dir="1" index="4" bw="3" slack="0"/>
</pin_list>
<bind>
<opcode="phi(47) " fcode="phi"/>
<opset="c1_V/3 "/>
</bind>
</comp>

<comp id="221" class="1005" name="c7_V_reg_221">
<pin_list>
<pin id="222" dir="0" index="0" bw="4" slack="1"/>
<pin id="223" dir="1" index="1" bw="4" slack="1"/>
</pin_list>
<bind>
<opset="c7_V (phireg) "/>
</bind>
</comp>

<comp id="225" class="1004" name="c7_V_phi_fu_225">
<pin_list>
<pin id="226" dir="0" index="0" bw="4" slack="0"/>
<pin id="227" dir="0" index="1" bw="0" slack="2147483647"/>
<pin id="228" dir="0" index="2" bw="1" slack="1"/>
<pin id="229" dir="0" index="3" bw="0" slack="2147483647"/>
<pin id="230" dir="1" index="4" bw="4" slack="0"/>
</pin_list>
<bind>
<opcode="phi(47) " fcode="phi"/>
<opset="c7_V/4 "/>
</bind>
</comp>

<comp id="232" class="1005" name="c8_V_reg_232">
<pin_list>
<pin id="233" dir="0" index="0" bw="5" slack="1"/>
<pin id="234" dir="1" index="1" bw="5" slack="1"/>
</pin_list>
<bind>
<opset="c8_V (phireg) "/>
</bind>
</comp>

<comp id="236" class="1004" name="c8_V_phi_fu_236">
<pin_list>
<pin id="237" dir="0" index="0" bw="5" slack="0"/>
<pin id="238" dir="0" index="1" bw="0" slack="2147483647"/>
<pin id="239" dir="0" index="2" bw="1" slack="1"/>
<pin id="240" dir="0" index="3" bw="0" slack="2147483647"/>
<pin id="241" dir="1" index="4" bw="5" slack="0"/>
</pin_list>
<bind>
<opcode="phi(47) " fcode="phi"/>
<opset="c8_V/5 "/>
</bind>
</comp>

<comp id="243" class="1005" name="n_V_reg_243">
<pin_list>
<pin id="244" dir="0" index="0" bw="3" slack="1"/>
<pin id="245" dir="1" index="1" bw="3" slack="1"/>
</pin_list>
<bind>
<opset="n_V (phireg) "/>
</bind>
</comp>

<comp id="247" class="1004" name="n_V_phi_fu_247">
<pin_list>
<pin id="248" dir="0" index="0" bw="3" slack="0"/>
<pin id="249" dir="0" index="1" bw="0" slack="2147483647"/>
<pin id="250" dir="0" index="2" bw="1" slack="1"/>
<pin id="251" dir="0" index="3" bw="0" slack="2147483647"/>
<pin id="252" dir="1" index="4" bw="3" slack="0"/>
</pin_list>
<bind>
<opcode="phi(47) " fcode="phi"/>
<opset="n_V/7 "/>
</bind>
</comp>

<comp id="254" class="1005" name="p_Val2_s_reg_254">
<pin_list>
<pin id="255" dir="0" index="0" bw="128" slack="2147483647"/>
<pin id="256" dir="1" index="1" bw="128" slack="2147483647"/>
</pin_list>
<bind>
<opset="p_Val2_s (phireg) "/>
</bind>
</comp>

<comp id="257" class="1004" name="p_Val2_s_phi_fu_257">
<pin_list>
<pin id="258" dir="0" index="0" bw="96" slack="0"/>
<pin id="259" dir="0" index="1" bw="0" slack="2147483647"/>
<pin id="260" dir="0" index="2" bw="128" slack="1"/>
<pin id="261" dir="0" index="3" bw="0" slack="2147483647"/>
<pin id="262" dir="1" index="4" bw="128" slack="0"/>
</pin_list>
<bind>
<opcode="phi(47) " fcode="phi"/>
<opset="p_Val2_s/7 "/>
</bind>
</comp>

<comp id="263" class="1005" name="c5_V_reg_263">
<pin_list>
<pin id="264" dir="0" index="0" bw="5" slack="1"/>
<pin id="265" dir="1" index="1" bw="5" slack="1"/>
</pin_list>
<bind>
<opset="c5_V (phireg) "/>
</bind>
</comp>

<comp id="267" class="1004" name="c5_V_phi_fu_267">
<pin_list>
<pin id="268" dir="0" index="0" bw="5" slack="0"/>
<pin id="269" dir="0" index="1" bw="0" slack="2147483647"/>
<pin id="270" dir="0" index="2" bw="1" slack="1"/>
<pin id="271" dir="0" index="3" bw="0" slack="2147483647"/>
<pin id="272" dir="1" index="4" bw="5" slack="0"/>
</pin_list>
<bind>
<opcode="phi(47) " fcode="phi"/>
<opset="c5_V/11 "/>
</bind>
</comp>

<comp id="274" class="1005" name="c6_V_reg_274">
<pin_list>
<pin id="275" dir="0" index="0" bw="2" slack="1"/>
<pin id="276" dir="1" index="1" bw="2" slack="1"/>
</pin_list>
<bind>
<opset="c6_V (phireg) "/>
</bind>
</comp>

<comp id="278" class="1004" name="c6_V_phi_fu_278">
<pin_list>
<pin id="279" dir="0" index="0" bw="2" slack="0"/>
<pin id="280" dir="0" index="1" bw="0" slack="2147483647"/>
<pin id="281" dir="0" index="2" bw="1" slack="1"/>
<pin id="282" dir="0" index="3" bw="0" slack="2147483647"/>
<pin id="283" dir="1" index="4" bw="2" slack="0"/>
</pin_list>
<bind>
<opcode="phi(47) " fcode="phi"/>
<opset="c6_V/12 "/>
</bind>
</comp>

<comp id="285" class="1004" name="add_ln691_fu_285">
<pin_list>
<pin id="286" dir="0" index="0" bw="3" slack="0"/>
<pin id="287" dir="0" index="1" bw="1" slack="0"/>
<pin id="288" dir="1" index="2" bw="3" slack="0"/>
</pin_list>
<bind>
<opcode="add(8) " fcode="add"/>
<opset="add_ln691/2 "/>
</bind>
</comp>

<comp id="291" class="1004" name="icmp_ln890_fu_291">
<pin_list>
<pin id="292" dir="0" index="0" bw="3" slack="0"/>
<pin id="293" dir="0" index="1" bw="3" slack="0"/>
<pin id="294" dir="1" index="2" bw="1" slack="2147483647"/>
</pin_list>
<bind>
<opcode="icmp(45) " fcode="icmp"/>
<opset="icmp_ln890/2 "/>
</bind>
</comp>

<comp id="297" class="1004" name="add_ln691_978_fu_297">
<pin_list>
<pin id="298" dir="0" index="0" bw="3" slack="0"/>
<pin id="299" dir="0" index="1" bw="1" slack="0"/>
<pin id="300" dir="1" index="2" bw="3" slack="0"/>
</pin_list>
<bind>
<opcode="add(8) " fcode="add"/>
<opset="add_ln691_978/3 "/>
</bind>
</comp>

<comp id="303" class="1004" name="icmp_ln890_1030_fu_303">
<pin_list>
<pin id="304" dir="0" index="0" bw="3" slack="0"/>
<pin id="305" dir="0" index="1" bw="2" slack="0"/>
<pin id="306" dir="1" index="2" bw="1" slack="2147483647"/>
</pin_list>
<bind>
<opcode="icmp(45) " fcode="icmp"/>
<opset="icmp_ln890_1030/3 "/>
</bind>
</comp>

<comp id="309" class="1004" name="ret_190_fu_309">
<pin_list>
<pin id="310" dir="0" index="0" bw="6" slack="0"/>
<pin id="311" dir="0" index="1" bw="3" slack="0"/>
<pin id="312" dir="0" index="2" bw="1" slack="0"/>
<pin id="313" dir="1" index="3" bw="6" slack="0"/>
</pin_list>
<bind>
<opcode="bitconcatenate(1004) " fcode="bitconcatenate"/>
<opset="ret_190/3 "/>
</bind>
</comp>

<comp id="317" class="1004" name="ret_fu_317">
<pin_list>
<pin id="318" dir="0" index="0" bw="6" slack="0"/>
<pin id="319" dir="0" index="1" bw="3" slack="0"/>
<pin id="320" dir="1" index="2" bw="6" slack="0"/>
</pin_list>
<bind>
<opcode="or(24) " fcode="or"/>
<opset="ret/3 "/>
</bind>
</comp>

<comp id="323" class="1004" name="icmp_ln890_1031_fu_323">
<pin_list>
<pin id="324" dir="0" index="0" bw="6" slack="0"/>
<pin id="325" dir="0" index="1" bw="6" slack="0"/>
<pin id="326" dir="1" index="2" bw="1" slack="2"/>
</pin_list>
<bind>
<opcode="icmp(45) " fcode="icmp"/>
<opset="icmp_ln890_1031/3 "/>
</bind>
</comp>

<comp id="329" class="1004" name="add_ln691_977_fu_329">
<pin_list>
<pin id="330" dir="0" index="0" bw="4" slack="0"/>
<pin id="331" dir="0" index="1" bw="1" slack="0"/>
<pin id="332" dir="1" index="2" bw="4" slack="0"/>
</pin_list>
<bind>
<opcode="add(8) " fcode="add"/>
<opset="add_ln691_977/4 "/>
</bind>
</comp>

<comp id="335" class="1004" name="icmp_ln890_1032_fu_335">
<pin_list>
<pin id="336" dir="0" index="0" bw="4" slack="0"/>
<pin id="337" dir="0" index="1" bw="4" slack="0"/>
<pin id="338" dir="1" index="2" bw="1" slack="2147483647"/>
</pin_list>
<bind>
<opcode="icmp(45) " fcode="icmp"/>
<opset="icmp_ln890_1032/4 "/>
</bind>
</comp>

<comp id="341" class="1004" name="empty_fu_341">
<pin_list>
<pin id="342" dir="0" index="0" bw="4" slack="0"/>
<pin id="343" dir="1" index="1" bw="2" slack="0"/>
</pin_list>
<bind>
<opcode="trunc(33) " fcode="trunc"/>
<opset="empty/4 "/>
</bind>
</comp>

<comp id="345" class="1004" name="tmp_fu_345">
<pin_list>
<pin id="346" dir="0" index="0" bw="1" slack="0"/>
<pin id="347" dir="0" index="1" bw="4" slack="0"/>
<pin id="348" dir="0" index="2" bw="3" slack="0"/>
<pin id="349" dir="1" index="3" bw="1" slack="1"/>
</pin_list>
<bind>
<opcode="bitselect(1000) " fcode="bitselect"/>
<opset="tmp/4 "/>
</bind>
</comp>

<comp id="353" class="1004" name="idxprom_fu_353">
<pin_list>
<pin id="354" dir="0" index="0" bw="2" slack="0"/>
<pin id="355" dir="1" index="1" bw="64" slack="0"/>
</pin_list>
<bind>
<opcode="zext(34) " fcode="zext"/>
<opset="idxprom/4 "/>
</bind>
</comp>

<comp id="358" class="1004" name="add_ln691_981_fu_358">
<pin_list>
<pin id="359" dir="0" index="0" bw="5" slack="0"/>
<pin id="360" dir="0" index="1" bw="1" slack="0"/>
<pin id="361" dir="1" index="2" bw="5" slack="0"/>
</pin_list>
<bind>
<opcode="add(8) " fcode="add"/>
<opset="add_ln691_981/5 "/>
</bind>
</comp>

<comp id="364" class="1004" name="tmp_s_fu_364">
<pin_list>
<pin id="365" dir="0" index="0" bw="6" slack="0"/>
<pin id="366" dir="0" index="1" bw="5" slack="0"/>
<pin id="367" dir="0" index="2" bw="1" slack="1"/>
<pin id="368" dir="1" index="3" bw="6" slack="0"/>
</pin_list>
<bind>
<opcode="bitconcatenate(1004) " fcode="bitconcatenate"/>
<opset="tmp_s/5 "/>
</bind>
</comp>

<comp id="371" class="1004" name="zext_ln25047_fu_371">
<pin_list>
<pin id="372" dir="0" index="0" bw="6" slack="0"/>
<pin id="373" dir="1" index="1" bw="64" slack="0"/>
</pin_list>
<bind>
<opcode="zext(34) " fcode="zext"/>
<opset="zext_ln25047/5 "/>
</bind>
</comp>

<comp id="376" class="1004" name="icmp_ln890_1034_fu_376">
<pin_list>
<pin id="377" dir="0" index="0" bw="5" slack="0"/>
<pin id="378" dir="0" index="1" bw="5" slack="0"/>
<pin id="379" dir="1" index="2" bw="1" slack="2147483647"/>
</pin_list>
<bind>
<opcode="icmp(45) " fcode="icmp"/>
<opset="icmp_ln890_1034/5 "/>
</bind>
</comp>

<comp id="382" class="1004" name="add_ln691_982_fu_382">
<pin_list>
<pin id="383" dir="0" index="0" bw="3" slack="0"/>
<pin id="384" dir="0" index="1" bw="1" slack="0"/>
<pin id="385" dir="1" index="2" bw="3" slack="0"/>
</pin_list>
<bind>
<opcode="add(8) " fcode="add"/>
<opset="add_ln691_982/7 "/>
</bind>
</comp>

<comp id="388" class="1004" name="zext_ln878_fu_388">
<pin_list>
<pin id="389" dir="0" index="0" bw="3" slack="0"/>
<pin id="390" dir="1" index="1" bw="64" slack="0"/>
</pin_list>
<bind>
<opcode="zext(34) " fcode="zext"/>
<opset="zext_ln878/7 "/>
</bind>
</comp>

<comp id="393" class="1004" name="icmp_ln878_fu_393">
<pin_list>
<pin id="394" dir="0" index="0" bw="3" slack="0"/>
<pin id="395" dir="0" index="1" bw="3" slack="0"/>
<pin id="396" dir="1" index="2" bw="1" slack="2147483647"/>
</pin_list>
<bind>
<opcode="icmp(45) " fcode="icmp"/>
<opset="icmp_ln878/7 "/>
</bind>
</comp>

<comp id="399" class="1004" name="trunc_ln674_fu_399">
<pin_list>
<pin id="400" dir="0" index="0" bw="128" slack="0"/>
<pin id="401" dir="1" index="1" bw="32" slack="0"/>
</pin_list>
<bind>
<opcode="trunc(33) " fcode="trunc"/>
<opset="trunc_ln674/7 "/>
</bind>
</comp>

<comp id="404" class="1004" name="r_fu_404">
<pin_list>
<pin id="405" dir="0" index="0" bw="96" slack="0"/>
<pin id="406" dir="0" index="1" bw="128" slack="0"/>
<pin id="407" dir="0" index="2" bw="7" slack="0"/>
<pin id="408" dir="0" index="3" bw="8" slack="0"/>
<pin id="409" dir="1" index="4" bw="96" slack="0"/>
</pin_list>
<bind>
<opcode="partselect(1002) " fcode="partselect"/>
<opset="r/7 "/>
</bind>
</comp>

<comp id="414" class="1004" name="zext_ln1497_fu_414">
<pin_list>
<pin id="415" dir="0" index="0" bw="96" slack="0"/>
<pin id="416" dir="1" index="1" bw="128" slack="0"/>
</pin_list>
<bind>
<opcode="zext(34) " fcode="zext"/>
<opset="zext_ln1497/7 "/>
</bind>
</comp>

<comp id="418" class="1004" name="p_Result_s_fu_418">
<pin_list>
<pin id="419" dir="0" index="0" bw="128" slack="0"/>
<pin id="420" dir="0" index="1" bw="32" slack="0"/>
<pin id="421" dir="0" index="2" bw="32" slack="0"/>
<pin id="422" dir="0" index="3" bw="32" slack="1"/>
<pin id="423" dir="0" index="4" bw="32" slack="1"/>
<pin id="424" dir="1" index="5" bw="128" slack="0"/>
</pin_list>
<bind>
<opcode="bitconcatenate(1004) " fcode="bitconcatenate"/>
<opset="p_Result_s/10 "/>
</bind>
</comp>

<comp id="429" class="1004" name="add_ln691_979_fu_429">
<pin_list>
<pin id="430" dir="0" index="0" bw="5" slack="0"/>
<pin id="431" dir="0" index="1" bw="1" slack="0"/>
<pin id="432" dir="1" index="2" bw="5" slack="0"/>
</pin_list>
<bind>
<opcode="add(8) " fcode="add"/>
<opset="add_ln691_979/11 "/>
</bind>
</comp>

<comp id="435" class="1004" name="shl_ln890_fu_435">
<pin_list>
<pin id="436" dir="0" index="0" bw="5" slack="0"/>
<pin id="437" dir="0" index="1" bw="1" slack="0"/>
<pin id="438" dir="1" index="2" bw="5" slack="1"/>
</pin_list>
<bind>
<opcode="shl(20) " fcode="shl"/>
<opset="shl_ln890/11 "/>
</bind>
</comp>

<comp id="441" class="1004" name="icmp_ln890_1033_fu_441">
<pin_list>
<pin id="442" dir="0" index="0" bw="5" slack="0"/>
<pin id="443" dir="0" index="1" bw="5" slack="0"/>
<pin id="444" dir="1" index="2" bw="1" slack="2147483647"/>
</pin_list>
<bind>
<opcode="icmp(45) " fcode="icmp"/>
<opset="icmp_ln890_1033/11 "/>
</bind>
</comp>

<comp id="447" class="1004" name="add_ln691_980_fu_447">
<pin_list>
<pin id="448" dir="0" index="0" bw="2" slack="0"/>
<pin id="449" dir="0" index="1" bw="1" slack="0"/>
<pin id="450" dir="1" index="2" bw="2" slack="0"/>
</pin_list>
<bind>
<opcode="add(8) " fcode="add"/>
<opset="add_ln691_980/12 "/>
</bind>
</comp>

<comp id="453" class="1004" name="zext_ln25073_fu_453">
<pin_list>
<pin id="454" dir="0" index="0" bw="2" slack="0"/>
<pin id="455" dir="1" index="1" bw="5" slack="0"/>
</pin_list>
<bind>
<opcode="zext(34) " fcode="zext"/>
<opset="zext_ln25073/12 "/>
</bind>
</comp>

<comp id="457" class="1004" name="add_ln25073_fu_457">
<pin_list>
<pin id="458" dir="0" index="0" bw="5" slack="1"/>
<pin id="459" dir="0" index="1" bw="2" slack="0"/>
<pin id="460" dir="1" index="2" bw="5" slack="0"/>
</pin_list>
<bind>
<opcode="add(8) " fcode="add"/>
<opset="add_ln25073/12 "/>
</bind>
</comp>

<comp id="462" class="1004" name="zext_ln25073_1_fu_462">
<pin_list>
<pin id="463" dir="0" index="0" bw="5" slack="0"/>
<pin id="464" dir="1" index="1" bw="64" slack="0"/>
</pin_list>
<bind>
<opcode="zext(34) " fcode="zext"/>
<opset="zext_ln25073_1/12 "/>
</bind>
</comp>

<comp id="467" class="1004" name="icmp_ln890_1035_fu_467">
<pin_list>
<pin id="468" dir="0" index="0" bw="2" slack="0"/>
<pin id="469" dir="0" index="1" bw="2" slack="0"/>
<pin id="470" dir="1" index="2" bw="1" slack="2147483647"/>
</pin_list>
<bind>
<opcode="icmp(45) " fcode="icmp"/>
<opset="icmp_ln890_1035/12 "/>
</bind>
</comp>

<comp id="473" class="1005" name="data_split_V_addr_reg_473">
<pin_list>
<pin id="474" dir="0" index="0" bw="2" slack="8"/>
<pin id="475" dir="1" index="1" bw="2" slack="8"/>
</pin_list>
<bind>
<opset="data_split_V_addr "/>
</bind>
</comp>

<comp id="478" class="1005" name="data_split_V_addr_291_reg_478">
<pin_list>
<pin id="479" dir="0" index="0" bw="2" slack="8"/>
<pin id="480" dir="1" index="1" bw="2" slack="8"/>
</pin_list>
<bind>
<opset="data_split_V_addr_291 "/>
</bind>
</comp>

<comp id="483" class="1005" name="data_split_V_addr_292_reg_483">
<pin_list>
<pin id="484" dir="0" index="0" bw="2" slack="7"/>
<pin id="485" dir="1" index="1" bw="2" slack="7"/>
</pin_list>
<bind>
<opset="data_split_V_addr_292 "/>
</bind>
</comp>

<comp id="488" class="1005" name="data_split_V_addr_293_reg_488">
<pin_list>
<pin id="489" dir="0" index="0" bw="2" slack="7"/>
<pin id="490" dir="1" index="1" bw="2" slack="7"/>
</pin_list>
<bind>
<opset="data_split_V_addr_293 "/>
</bind>
</comp>

<comp id="493" class="1005" name="add_ln691_reg_493">
<pin_list>
<pin id="494" dir="0" index="0" bw="3" slack="0"/>
<pin id="495" dir="1" index="1" bw="3" slack="0"/>
</pin_list>
<bind>
<opset="add_ln691 "/>
</bind>
</comp>

<comp id="501" class="1005" name="add_ln691_978_reg_501">
<pin_list>
<pin id="502" dir="0" index="0" bw="3" slack="0"/>
<pin id="503" dir="1" index="1" bw="3" slack="0"/>
</pin_list>
<bind>
<opset="add_ln691_978 "/>
</bind>
</comp>

<comp id="509" class="1005" name="icmp_ln890_1031_reg_509">
<pin_list>
<pin id="510" dir="0" index="0" bw="1" slack="2"/>
<pin id="511" dir="1" index="1" bw="1" slack="2147483647"/>
</pin_list>
<bind>
<opset="icmp_ln890_1031 "/>
</bind>
</comp>

<comp id="513" class="1005" name="add_ln691_977_reg_513">
<pin_list>
<pin id="514" dir="0" index="0" bw="4" slack="0"/>
<pin id="515" dir="1" index="1" bw="4" slack="0"/>
</pin_list>
<bind>
<opset="add_ln691_977 "/>
</bind>
</comp>

<comp id="521" class="1005" name="tmp_reg_521">
<pin_list>
<pin id="522" dir="0" index="0" bw="1" slack="1"/>
<pin id="523" dir="1" index="1" bw="1" slack="1"/>
</pin_list>
<bind>
<opset="tmp "/>
</bind>
</comp>

<comp id="526" class="1005" name="data_split_V_addr_294_reg_526">
<pin_list>
<pin id="527" dir="0" index="0" bw="2" slack="3"/>
<pin id="528" dir="1" index="1" bw="2" slack="3"/>
</pin_list>
<bind>
<opset="data_split_V_addr_294 "/>
</bind>
</comp>

<comp id="531" class="1005" name="add_ln691_981_reg_531">
<pin_list>
<pin id="532" dir="0" index="0" bw="5" slack="0"/>
<pin id="533" dir="1" index="1" bw="5" slack="0"/>
</pin_list>
<bind>
<opset="add_ln691_981 "/>
</bind>
</comp>

<comp id="536" class="1005" name="local_D_V_addr_reg_536">
<pin_list>
<pin id="537" dir="0" index="0" bw="5" slack="1"/>
<pin id="538" dir="1" index="1" bw="5" slack="1"/>
</pin_list>
<bind>
<opset="local_D_V_addr "/>
</bind>
</comp>

<comp id="544" class="1005" name="tmp_368_reg_544">
<pin_list>
<pin id="545" dir="0" index="0" bw="32" slack="1"/>
<pin id="546" dir="1" index="1" bw="32" slack="1"/>
</pin_list>
<bind>
<opset="tmp_368 "/>
</bind>
</comp>

<comp id="549" class="1005" name="out_data_V_reg_549">
<pin_list>
<pin id="550" dir="0" index="0" bw="128" slack="1"/>
<pin id="551" dir="1" index="1" bw="128" slack="1"/>
</pin_list>
<bind>
<opset="out_data_V "/>
</bind>
</comp>

<comp id="554" class="1005" name="add_ln691_982_reg_554">
<pin_list>
<pin id="555" dir="0" index="0" bw="3" slack="0"/>
<pin id="556" dir="1" index="1" bw="3" slack="0"/>
</pin_list>
<bind>
<opset="add_ln691_982 "/>
</bind>
</comp>

<comp id="562" class="1005" name="zext_ln1497_reg_562">
<pin_list>
<pin id="563" dir="0" index="0" bw="128" slack="0"/>
<pin id="564" dir="1" index="1" bw="128" slack="0"/>
</pin_list>
<bind>
<opset="zext_ln1497 "/>
</bind>
</comp>

<comp id="567" class="1005" name="v2_V_reg_567">
<pin_list>
<pin id="568" dir="0" index="0" bw="32" slack="1"/>
<pin id="569" dir="1" index="1" bw="32" slack="1"/>
</pin_list>
<bind>
<opset="v2_V "/>
</bind>
</comp>

<comp id="572" class="1005" name="v2_V_1150_reg_572">
<pin_list>
<pin id="573" dir="0" index="0" bw="32" slack="1"/>
<pin id="574" dir="1" index="1" bw="32" slack="1"/>
</pin_list>
<bind>
<opset="v2_V_1150 "/>
</bind>
</comp>

<comp id="577" class="1005" name="add_ln691_979_reg_577">
<pin_list>
<pin id="578" dir="0" index="0" bw="5" slack="0"/>
<pin id="579" dir="1" index="1" bw="5" slack="0"/>
</pin_list>
<bind>
<opset="add_ln691_979 "/>
</bind>
</comp>

<comp id="582" class="1005" name="shl_ln890_reg_582">
<pin_list>
<pin id="583" dir="0" index="0" bw="5" slack="1"/>
<pin id="584" dir="1" index="1" bw="5" slack="1"/>
</pin_list>
<bind>
<opset="shl_ln890 "/>
</bind>
</comp>

<comp id="590" class="1005" name="add_ln691_980_reg_590">
<pin_list>
<pin id="591" dir="0" index="0" bw="2" slack="0"/>
<pin id="592" dir="1" index="1" bw="2" slack="0"/>
</pin_list>
<bind>
<opset="add_ln691_980 "/>
</bind>
</comp>

<comp id="595" class="1005" name="local_D_V_addr_59_reg_595">
<pin_list>
<pin id="596" dir="0" index="0" bw="5" slack="1"/>
<pin id="597" dir="1" index="1" bw="5" slack="1"/>
</pin_list>
<bind>
<opset="local_D_V_addr_59 "/>
</bind>
</comp>

</comp_list>

<net_list>
<net id="107"><net_src comp="20" pin="0"/><net_sink comp="104" pin=0"/></net>

<net id="111"><net_src comp="20" pin="0"/><net_sink comp="108" pin=0"/></net>

<net id="116"><net_src comp="80" pin="0"/><net_sink comp="112" pin=0"/></net>

<net id="117"><net_src comp="2" pin="0"/><net_sink comp="112" pin=1"/></net>

<net id="123"><net_src comp="102" pin="0"/><net_sink comp="118" pin=0"/></net>

<net id="124"><net_src comp="0" pin="0"/><net_sink comp="118" pin=1"/></net>

<net id="130"><net_src comp="108" pin="1"/><net_sink comp="125" pin=0"/></net>

<net id="131"><net_src comp="22" pin="0"/><net_sink comp="125" pin=1"/></net>

<net id="132"><net_src comp="24" pin="0"/><net_sink comp="125" pin=2"/></net>

<net id="138"><net_src comp="108" pin="1"/><net_sink comp="133" pin=0"/></net>

<net id="139"><net_src comp="22" pin="0"/><net_sink comp="133" pin=1"/></net>

<net id="140"><net_src comp="26" pin="0"/><net_sink comp="133" pin=2"/></net>

<net id="146"><net_src comp="108" pin="1"/><net_sink comp="141" pin=0"/></net>

<net id="147"><net_src comp="22" pin="0"/><net_sink comp="141" pin=1"/></net>

<net id="148"><net_src comp="20" pin="0"/><net_sink comp="141" pin=2"/></net>

<net id="154"><net_src comp="108" pin="1"/><net_sink comp="149" pin=0"/></net>

<net id="155"><net_src comp="22" pin="0"/><net_sink comp="149" pin=1"/></net>

<net id="156"><net_src comp="22" pin="0"/><net_sink comp="149" pin=2"/></net>

<net id="162"><net_src comp="22" pin="0"/><net_sink comp="157" pin=1"/></net>

<net id="168"><net_src comp="22" pin="0"/><net_sink comp="163" pin=1"/></net>

<net id="174"><net_src comp="163" pin="3"/><net_sink comp="169" pin=0"/></net>

<net id="180"><net_src comp="22" pin="0"/><net_sink comp="175" pin=1"/></net>

<net id="186"><net_src comp="175" pin="3"/><net_sink comp="181" pin=0"/></net>

<net id="196"><net_src comp="22" pin="0"/><net_sink comp="191" pin=1"/></net>

<net id="197"><net_src comp="169" pin="3"/><net_sink comp="118" pin=2"/></net>

<net id="198"><net_src comp="191" pin="3"/><net_sink comp="169" pin=0"/></net>

<net id="202"><net_src comp="28" pin="0"/><net_sink comp="199" pin=0"/></net>

<net id="209"><net_src comp="199" pin="1"/><net_sink comp="203" pin=2"/></net>

<net id="213"><net_src comp="28" pin="0"/><net_sink comp="210" pin=0"/></net>

<net id="220"><net_src comp="210" pin="1"/><net_sink comp="214" pin=0"/></net>

<net id="224"><net_src comp="54" pin="0"/><net_sink comp="221" pin=0"/></net>

<net id="231"><net_src comp="221" pin="1"/><net_sink comp="225" pin=2"/></net>

<net id="235"><net_src comp="68" pin="0"/><net_sink comp="232" pin=0"/></net>

<net id="242"><net_src comp="232" pin="1"/><net_sink comp="236" pin=2"/></net>

<net id="246"><net_src comp="28" pin="0"/><net_sink comp="243" pin=0"/></net>

<net id="253"><net_src comp="243" pin="1"/><net_sink comp="247" pin=2"/></net>

<net id="266"><net_src comp="68" pin="0"/><net_sink comp="263" pin=0"/></net>

<net id="273"><net_src comp="263" pin="1"/><net_sink comp="267" pin=2"/></net>

<net id="277"><net_src comp="94" pin="0"/><net_sink comp="274" pin=0"/></net>

<net id="284"><net_src comp="274" pin="1"/><net_sink comp="278" pin=2"/></net>

<net id="289"><net_src comp="203" pin="4"/><net_sink comp="285" pin=0"/></net>

<net id="290"><net_src comp="30" pin="0"/><net_sink comp="285" pin=1"/></net>

<net id="295"><net_src comp="203" pin="4"/><net_sink comp="291" pin=0"/></net>

<net id="296"><net_src comp="32" pin="0"/><net_sink comp="291" pin=1"/></net>

<net id="301"><net_src comp="214" pin="4"/><net_sink comp="297" pin=0"/></net>

<net id="302"><net_src comp="30" pin="0"/><net_sink comp="297" pin=1"/></net>

<net id="307"><net_src comp="214" pin="4"/><net_sink comp="303" pin=0"/></net>

<net id="308"><net_src comp="42" pin="0"/><net_sink comp="303" pin=1"/></net>

<net id="314"><net_src comp="48" pin="0"/><net_sink comp="309" pin=0"/></net>

<net id="315"><net_src comp="214" pin="4"/><net_sink comp="309" pin=1"/></net>

<net id="316"><net_src comp="28" pin="0"/><net_sink comp="309" pin=2"/></net>

<net id="321"><net_src comp="309" pin="3"/><net_sink comp="317" pin=0"/></net>

<net id="322"><net_src comp="50" pin="0"/><net_sink comp="317" pin=1"/></net>

<net id="327"><net_src comp="317" pin="2"/><net_sink comp="323" pin=0"/></net>

<net id="328"><net_src comp="52" pin="0"/><net_sink comp="323" pin=1"/></net>

<net id="333"><net_src comp="225" pin="4"/><net_sink comp="329" pin=0"/></net>

<net id="334"><net_src comp="56" pin="0"/><net_sink comp="329" pin=1"/></net>

<net id="339"><net_src comp="225" pin="4"/><net_sink comp="335" pin=0"/></net>

<net id="340"><net_src comp="58" pin="0"/><net_sink comp="335" pin=1"/></net>

<net id="344"><net_src comp="225" pin="4"/><net_sink comp="341" pin=0"/></net>

<net id="350"><net_src comp="64" pin="0"/><net_sink comp="345" pin=0"/></net>

<net id="351"><net_src comp="225" pin="4"/><net_sink comp="345" pin=1"/></net>

<net id="352"><net_src comp="66" pin="0"/><net_sink comp="345" pin=2"/></net>

<net id="356"><net_src comp="341" pin="1"/><net_sink comp="353" pin=0"/></net>

<net id="357"><net_src comp="353" pin="1"/><net_sink comp="157" pin=2"/></net>

<net id="362"><net_src comp="236" pin="4"/><net_sink comp="358" pin=0"/></net>

<net id="363"><net_src comp="70" pin="0"/><net_sink comp="358" pin=1"/></net>

<net id="369"><net_src comp="72" pin="0"/><net_sink comp="364" pin=0"/></net>

<net id="370"><net_src comp="236" pin="4"/><net_sink comp="364" pin=1"/></net>

<net id="374"><net_src comp="364" pin="3"/><net_sink comp="371" pin=0"/></net>

<net id="375"><net_src comp="371" pin="1"/><net_sink comp="163" pin=2"/></net>

<net id="380"><net_src comp="236" pin="4"/><net_sink comp="376" pin=0"/></net>

<net id="381"><net_src comp="74" pin="0"/><net_sink comp="376" pin=1"/></net>

<net id="386"><net_src comp="247" pin="4"/><net_sink comp="382" pin=0"/></net>

<net id="387"><net_src comp="30" pin="0"/><net_sink comp="382" pin=1"/></net>

<net id="391"><net_src comp="247" pin="4"/><net_sink comp="388" pin=0"/></net>

<net id="392"><net_src comp="388" pin="1"/><net_sink comp="175" pin=2"/></net>

<net id="397"><net_src comp="247" pin="4"/><net_sink comp="393" pin=0"/></net>

<net id="398"><net_src comp="32" pin="0"/><net_sink comp="393" pin=1"/></net>

<net id="402"><net_src comp="257" pin="4"/><net_sink comp="399" pin=0"/></net>

<net id="403"><net_src comp="399" pin="1"/><net_sink comp="181" pin=1"/></net>

<net id="410"><net_src comp="84" pin="0"/><net_sink comp="404" pin=0"/></net>

<net id="411"><net_src comp="257" pin="4"/><net_sink comp="404" pin=1"/></net>

<net id="412"><net_src comp="86" pin="0"/><net_sink comp="404" pin=2"/></net>

<net id="413"><net_src comp="88" pin="0"/><net_sink comp="404" pin=3"/></net>

<net id="417"><net_src comp="404" pin="4"/><net_sink comp="414" pin=0"/></net>

<net id="425"><net_src comp="90" pin="0"/><net_sink comp="418" pin=0"/></net>

<net id="426"><net_src comp="181" pin="7"/><net_sink comp="418" pin=1"/></net>

<net id="427"><net_src comp="181" pin="3"/><net_sink comp="418" pin=2"/></net>

<net id="428"><net_src comp="418" pin="5"/><net_sink comp="169" pin=1"/></net>

<net id="433"><net_src comp="267" pin="4"/><net_sink comp="429" pin=0"/></net>

<net id="434"><net_src comp="70" pin="0"/><net_sink comp="429" pin=1"/></net>

<net id="439"><net_src comp="267" pin="4"/><net_sink comp="435" pin=0"/></net>

<net id="440"><net_src comp="70" pin="0"/><net_sink comp="435" pin=1"/></net>

<net id="445"><net_src comp="267" pin="4"/><net_sink comp="441" pin=0"/></net>

<net id="446"><net_src comp="74" pin="0"/><net_sink comp="441" pin=1"/></net>

<net id="451"><net_src comp="278" pin="4"/><net_sink comp="447" pin=0"/></net>

<net id="452"><net_src comp="96" pin="0"/><net_sink comp="447" pin=1"/></net>

<net id="456"><net_src comp="278" pin="4"/><net_sink comp="453" pin=0"/></net>

<net id="461"><net_src comp="453" pin="1"/><net_sink comp="457" pin=1"/></net>

<net id="465"><net_src comp="457" pin="2"/><net_sink comp="462" pin=0"/></net>

<net id="466"><net_src comp="462" pin="1"/><net_sink comp="191" pin=2"/></net>

<net id="471"><net_src comp="278" pin="4"/><net_sink comp="467" pin=0"/></net>

<net id="472"><net_src comp="98" pin="0"/><net_sink comp="467" pin=1"/></net>

<net id="476"><net_src comp="125" pin="3"/><net_sink comp="473" pin=0"/></net>

<net id="477"><net_src comp="473" pin="1"/><net_sink comp="181" pin=2"/></net>

<net id="481"><net_src comp="133" pin="3"/><net_sink comp="478" pin=0"/></net>

<net id="482"><net_src comp="478" pin="1"/><net_sink comp="181" pin=0"/></net>

<net id="486"><net_src comp="141" pin="3"/><net_sink comp="483" pin=0"/></net>

<net id="487"><net_src comp="483" pin="1"/><net_sink comp="181" pin=0"/></net>

<net id="491"><net_src comp="149" pin="3"/><net_sink comp="488" pin=0"/></net>

<net id="492"><net_src comp="488" pin="1"/><net_sink comp="181" pin=2"/></net>

<net id="496"><net_src comp="285" pin="2"/><net_sink comp="493" pin=0"/></net>

<net id="497"><net_src comp="493" pin="1"/><net_sink comp="203" pin=0"/></net>

<net id="504"><net_src comp="297" pin="2"/><net_sink comp="501" pin=0"/></net>

<net id="505"><net_src comp="501" pin="1"/><net_sink comp="214" pin=2"/></net>

<net id="512"><net_src comp="323" pin="2"/><net_sink comp="509" pin=0"/></net>

<net id="516"><net_src comp="329" pin="2"/><net_sink comp="513" pin=0"/></net>

<net id="517"><net_src comp="513" pin="1"/><net_sink comp="225" pin=0"/></net>

<net id="524"><net_src comp="345" pin="3"/><net_sink comp="521" pin=0"/></net>

<net id="525"><net_src comp="521" pin="1"/><net_sink comp="364" pin=2"/></net>

<net id="529"><net_src comp="157" pin="3"/><net_sink comp="526" pin=0"/></net>

<net id="530"><net_src comp="526" pin="1"/><net_sink comp="181" pin=0"/></net>

<net id="534"><net_src comp="358" pin="2"/><net_sink comp="531" pin=0"/></net>

<net id="535"><net_src comp="531" pin="1"/><net_sink comp="236" pin=0"/></net>

<net id="539"><net_src comp="163" pin="3"/><net_sink comp="536" pin=0"/></net>

<net id="540"><net_src comp="536" pin="1"/><net_sink comp="169" pin=0"/></net>

<net id="547"><net_src comp="112" pin="2"/><net_sink comp="544" pin=0"/></net>

<net id="548"><net_src comp="544" pin="1"/><net_sink comp="181" pin=1"/></net>

<net id="552"><net_src comp="169" pin="3"/><net_sink comp="549" pin=0"/></net>

<net id="553"><net_src comp="549" pin="1"/><net_sink comp="257" pin=2"/></net>

<net id="557"><net_src comp="382" pin="2"/><net_sink comp="554" pin=0"/></net>

<net id="558"><net_src comp="554" pin="1"/><net_sink comp="247" pin=0"/></net>

<net id="565"><net_src comp="414" pin="1"/><net_sink comp="562" pin=0"/></net>

<net id="566"><net_src comp="562" pin="1"/><net_sink comp="257" pin=0"/></net>

<net id="570"><net_src comp="181" pin="7"/><net_sink comp="567" pin=0"/></net>

<net id="571"><net_src comp="567" pin="1"/><net_sink comp="418" pin=4"/></net>

<net id="575"><net_src comp="181" pin="3"/><net_sink comp="572" pin=0"/></net>

<net id="576"><net_src comp="572" pin="1"/><net_sink comp="418" pin=3"/></net>

<net id="580"><net_src comp="429" pin="2"/><net_sink comp="577" pin=0"/></net>

<net id="581"><net_src comp="577" pin="1"/><net_sink comp="267" pin=0"/></net>

<net id="585"><net_src comp="435" pin="2"/><net_sink comp="582" pin=0"/></net>

<net id="586"><net_src comp="582" pin="1"/><net_sink comp="457" pin=0"/></net>

<net id="593"><net_src comp="447" pin="2"/><net_sink comp="590" pin=0"/></net>

<net id="594"><net_src comp="590" pin="1"/><net_sink comp="278" pin=0"/></net>

<net id="598"><net_src comp="191" pin="3"/><net_sink comp="595" pin=0"/></net>

<net id="599"><net_src comp="595" pin="1"/><net_sink comp="169" pin=0"/></net>

</net_list>

</model> 
---------------- Datapath Model END ------------------

* FSMD analyzer results:
  - Output states:
	Port: fifo_D_drain_D_drain_IO_L1_out_2_3_x1184 | {13 }
 - Input state : 
	Port: D_drain_IO_L1_out_boundary_wrapper_2_x1 : fifo_D_drain_PE_3_2_x1152 | {6 }
  - Chain level:
	State 1
		data_split_V_addr : 1
		data_split_V_addr_291 : 1
		data_split_V_addr_292 : 1
		data_split_V_addr_293 : 1
	State 2
		add_ln691 : 1
		icmp_ln890 : 1
		br_ln25029 : 2
	State 3
		add_ln691_978 : 1
		icmp_ln890_1030 : 1
		br_ln25030 : 2
		ret_190 : 1
		ret : 2
		icmp_ln890_1031 : 2
		br_ln25031 : 3
	State 4
		add_ln691_977 : 1
		icmp_ln890_1032 : 1
		br_ln25037 : 2
		empty : 1
		tmp : 1
		idxprom : 2
		data_split_V_addr_294 : 3
	State 5
		add_ln691_981 : 1
		tmp_s : 1
		zext_ln25047 : 2
		local_D_V_addr : 3
		icmp_ln890_1034 : 1
		br_ln25039 : 2
		out_data_V : 4
	State 6
	State 7
		add_ln691_982 : 1
		zext_ln878 : 1
		icmp_ln878 : 1
		br_ln25048 : 2
		trunc_ln674 : 1
		data_split_V_addr_295 : 2
		store_ln25049 : 3
		r : 1
		zext_ln1497 : 2
	State 8
	State 9
	State 10
		p_Result_s : 1
		store_ln25059 : 2
	State 11
		add_ln691_979 : 1
		shl_ln890 : 1
		icmp_ln890_1033 : 1
		br_ln25066 : 2
	State 12
		add_ln691_980 : 1
		zext_ln25073 : 1
		add_ln25073 : 2
		zext_ln25073_1 : 3
		local_D_V_addr_59 : 4
		icmp_ln890_1035 : 1
		br_ln25068 : 2
		local_D_V_load : 5
	State 13
		write_ln174 : 1


============================================================
+ Verbose Summary: Datapath Resource usage 
============================================================

* Functional unit list:
|----------|--------------------------|---------|---------|
| Operation|      Functional Unit     |    FF   |   LUT   |
|----------|--------------------------|---------|---------|
|          |     add_ln691_fu_285     |    0    |    10   |
|          |   add_ln691_978_fu_297   |    0    |    10   |
|          |   add_ln691_977_fu_329   |    0    |    12   |
|    add   |   add_ln691_981_fu_358   |    0    |    12   |
|          |   add_ln691_982_fu_382   |    0    |    10   |
|          |   add_ln691_979_fu_429   |    0    |    12   |
|          |   add_ln691_980_fu_447   |    0    |    9    |
|          |    add_ln25073_fu_457    |    0    |    12   |
|----------|--------------------------|---------|---------|
|          |     icmp_ln890_fu_291    |    0    |    8    |
|          |  icmp_ln890_1030_fu_303  |    0    |    8    |
|          |  icmp_ln890_1031_fu_323  |    0    |    10   |
|   icmp   |  icmp_ln890_1032_fu_335  |    0    |    9    |
|          |  icmp_ln890_1034_fu_376  |    0    |    9    |
|          |     icmp_ln878_fu_393    |    0    |    8    |
|          |  icmp_ln890_1033_fu_441  |    0    |    9    |
|          |  icmp_ln890_1035_fu_467  |    0    |    8    |
|----------|--------------------------|---------|---------|
|   read   |    tmp_368_read_fu_112   |    0    |    0    |
|----------|--------------------------|---------|---------|
|   write  | write_ln174_write_fu_118 |    0    |    0    |
|----------|--------------------------|---------|---------|
|          |      ret_190_fu_309      |    0    |    0    |
|bitconcatenate|       tmp_s_fu_364       |    0    |    0    |
|          |     p_Result_s_fu_418    |    0    |    0    |
|----------|--------------------------|---------|---------|
|    or    |        ret_fu_317        |    0    |    0    |
|----------|--------------------------|---------|---------|
|   trunc  |       empty_fu_341       |    0    |    0    |
|          |    trunc_ln674_fu_399    |    0    |    0    |
|----------|--------------------------|---------|---------|
| bitselect|        tmp_fu_345        |    0    |    0    |
|----------|--------------------------|---------|---------|
|          |      idxprom_fu_353      |    0    |    0    |
|          |    zext_ln25047_fu_371   |    0    |    0    |
|   zext   |     zext_ln878_fu_388    |    0    |    0    |
|          |    zext_ln1497_fu_414    |    0    |    0    |
|          |    zext_ln25073_fu_453   |    0    |    0    |
|          |   zext_ln25073_1_fu_462  |    0    |    0    |
|----------|--------------------------|---------|---------|
|partselect|         r_fu_404         |    0    |    0    |
|----------|--------------------------|---------|---------|
|    shl   |     shl_ln890_fu_435     |    0    |    0    |
|----------|--------------------------|---------|---------|
|   Total  |                          |    0    |   156   |
|----------|--------------------------|---------|---------|

Memories:
+------------+--------+--------+--------+
|            |  BRAM  |   FF   |   LUT  |
+------------+--------+--------+--------+
|data_split_V|    0   |   32   |   33   |
|  local_D_V |    0   |   128  |   129  |
+------------+--------+--------+--------+
|    Total   |    0   |   160  |   162  |
+------------+--------+--------+--------+

* Register list:
+-----------------------------+--------+
|                             |   FF   |
+-----------------------------+--------+
|    add_ln691_977_reg_513    |    4   |
|    add_ln691_978_reg_501    |    3   |
|    add_ln691_979_reg_577    |    5   |
|    add_ln691_980_reg_590    |    2   |
|    add_ln691_981_reg_531    |    5   |
|    add_ln691_982_reg_554    |    3   |
|      add_ln691_reg_493      |    3   |
|         c0_V_reg_199        |    3   |
|         c1_V_reg_210        |    3   |
|         c5_V_reg_263        |    5   |
|         c6_V_reg_274        |    2   |
|         c7_V_reg_221        |    4   |
|         c8_V_reg_232        |    5   |
|data_split_V_addr_291_reg_478|    2   |
|data_split_V_addr_292_reg_483|    2   |
|data_split_V_addr_293_reg_488|    2   |
|data_split_V_addr_294_reg_526|    2   |
|  data_split_V_addr_reg_473  |    2   |
|   icmp_ln890_1031_reg_509   |    1   |
|  local_D_V_addr_59_reg_595  |    5   |
|    local_D_V_addr_reg_536   |    5   |
|         n_V_reg_243         |    3   |
|      out_data_V_reg_549     |   128  |
|       p_Val2_s_reg_254      |   128  |
|      shl_ln890_reg_582      |    5   |
|       tmp_368_reg_544       |   32   |
|         tmp_reg_521         |    1   |
|      v2_V_1150_reg_572      |   32   |
|         v2_V_reg_567        |   32   |
|     zext_ln1497_reg_562     |   128  |
+-----------------------------+--------+
|            Total            |   557  |
+-----------------------------+--------+

* Multiplexer (MUX) list: 
|-------------------|------|------|------|--------||---------||---------|
|        Comp       |  Pin | Size |  BW  | S x BW ||  Delay  ||   LUT   |
|-------------------|------|------|------|--------||---------||---------|
| grp_access_fu_169 |  p0  |   4  |   5  |   20   ||    20   |
| grp_access_fu_181 |  p0  |   4  |   2  |    8   ||    20   |
| grp_access_fu_181 |  p1  |   2  |  32  |   64   ||    9    |
| grp_access_fu_181 |  p2  |   2  |   0  |    0   ||    9    |
|-------------------|------|------|------|--------||---------||---------|
|       Total       |      |      |      |   92   || 1.67943 ||    58   |
|-------------------|------|------|------|--------||---------||---------|



* Summary:
+-----------+--------+--------+--------+--------+
|           |  BRAM  |  Delay |   FF   |   LUT  |
+-----------+--------+--------+--------+--------+
|  Function |    -   |    -   |    0   |   156  |
|   Memory  |    0   |    -   |   160  |   162  |
|Multiplexer|    -   |    1   |    -   |   58   |
|  Register |    -   |    -   |   557  |    -   |
+-----------+--------+--------+--------+--------+
|   Total   |    0   |    1   |   717  |   376  |
+-----------+--------+--------+--------+--------+
