

================================================================
== Vitis HLS Report for 'PE_wrapper_0_5_x0'
================================================================
* Date:           Thu Sep 15 03:08:29 2022

* Version:        2020.2 (Build 3064766 on Wed Nov 18 09:12:47 MST 2020)
* Project:        top
* Solution:       solution (Vitis Kernel Flow Target)
* Product family: virtexuplus
* Target device:  xcu250-figd2104-2L-e


================================================================
== Performance Estimates
================================================================
+ Timing: 
    * Summary: 
    +--------+---------+----------+------------+
    |  Clock |  Target | Estimated| Uncertainty|
    +--------+---------+----------+------------+
    |ap_clk  |  3.33 ns|  2.342 ns|     0.90 ns|
    +--------+---------+----------+------------+

+ Latency: 
    * Summary: 
    +---------+------------+----------+------------+-----+------------+---------+
    |   Latency (cycles)   |   Latency (absolute)  |     Interval     | Pipeline|
    |   min   |     max    |    min   |     max    | min |     max    |   Type  |
    +---------+------------+----------+------------+-----+------------+---------+
    |       57|  4155921873|  0.190 us|  13.852 sec|   57|  4155921873|     none|
    +---------+------------+----------+------------+-----+------------+---------+

    + Detail: 
        * Instance: 
        N/A

        * Loop: 
        +------------------------------------------+-----------+------------+-----------------+-----------+-----------+------+----------+
        |                                          |    Latency (cycles)    |    Iteration    |  Initiation Interval  | Trip |          |
        |                 Loop Name                |    min    |     max    |     Latency     |  achieved |   target  | Count| Pipelined|
        +------------------------------------------+-----------+------------+-----------------+-----------+-----------+------+----------+
        |- PE_wrapper_0_5_x0_loop_1                |         56|  4155921872|  14 ~ 1038980468|          -|          -|     4|        no|
        | + PE_wrapper_0_5_x0_loop_2               |         12|  1038980466|    2 ~ 173163411|          -|          -|     6|        no|
        |  ++ PE_wrapper_0_5_x0_loop_3             |        144|         144|               18|          -|          -|     8|        no|
        |   +++ PE_wrapper_0_5_x0_loop_4           |         16|          16|                1|          -|          -|    16|        no|
        |  ++ PE_wrapper_0_5_x0_loop_5             |  173163264|   173163264|          1352838|          -|          -|   128|        no|
        |   +++ PE_wrapper_0_5_x0_loop_6           |    1352836|     1352836|           676418|          -|          -|     2|        no|
        |    ++++ PE_wrapper_0_5_x0_loop_7         |     676416|      676416|            21138|          -|          -|    32|        no|
        |     +++++ PE_wrapper_0_5_x0_loop_8       |      21136|       21136|             2642|          -|          -|     8|        no|
        |      ++++++ PE_wrapper_0_5_x0_loop_9     |       2640|        2640|              165|          -|          -|    16|        no|
        |       +++++++ PE_wrapper_0_5_x0_loop_10  |         16|          16|                2|          -|          -|     8|        no|
        |       +++++++ PE_wrapper_0_5_x0_loop_11  |         16|          16|                2|          -|          -|     8|        no|
        |       +++++++ PE_wrapper_0_5_x0_loop_12  |        128|         128|               16|          -|          -|     8|        no|
        +------------------------------------------+-----------+------------+-----------------+-----------+-----------+------+----------+

============================================================
+ Verbose Summary: Synthesis Manager
============================================================
InlineROM: 1
ExposeGlobal: 0
============================================================
+ Verbose Summary: CDFG Model
============================================================
IsTopModel: 0
ResetActiveHigh: 1
IsCombinational: 2
IsDatapathOnly: 0
HasWiredReturn: 1
HasMFsm: 0
HasVarLatency: 1
IsPipeline: 0
IsRtlPipelined: 0
IsInstanceOverlapped: 0
IsDontTouch: 0
HasImplIP: 0
IsGatedGlobalClock: 0


============================================================
+ Verbose Summary: Schedule
============================================================
* Number of FSM states : 31
* Pipeline : 0
* Dataflow Pipeline: 0

* FSM state transitions: 
1 --> 2 
2 --> 3 
3 --> 6 4 2 
4 --> 5 6 
5 --> 5 4 
6 --> 7 3 
7 --> 8 6 
8 --> 9 7 
9 --> 10 8 
10 --> 11 9 
11 --> 12 13 
12 --> 11 
13 --> 15 14 
14 --> 13 
15 --> 16 
16 --> 17 10 
17 --> 18 
18 --> 19 
19 --> 20 
20 --> 21 
21 --> 22 
22 --> 23 
23 --> 24 
24 --> 25 
25 --> 26 
26 --> 27 
27 --> 28 
28 --> 29 
29 --> 30 
30 --> 31 
31 --> 16 

* FSM state operations: 

State 1 <SV = 0> <Delay = 0.38>
ST_1 : Operation 32 [1/1] (0.00ns)   --->   "%u7240 = alloca i32 1"   --->   Operation 32 'alloca' 'u7240' <Predicate = true> <Delay = 0.00>
ST_1 : Operation 33 [1/1] (0.00ns)   --->   "%u6250 = alloca i32 1"   --->   Operation 33 'alloca' 'u6250' <Predicate = true> <Delay = 0.00>
ST_1 : Operation 34 [1/1] (0.00ns)   --->   "%u5 = alloca i32 1"   --->   Operation 34 'alloca' 'u5' <Predicate = true> <Delay = 0.00>
ST_1 : Operation 35 [1/1] (0.00ns)   --->   "%u4 = alloca i32 1"   --->   Operation 35 'alloca' 'u4' <Predicate = true> <Delay = 0.00>
ST_1 : Operation 36 [1/1] (0.00ns)   --->   "%u3 = alloca i32 1"   --->   Operation 36 'alloca' 'u3' <Predicate = true> <Delay = 0.00>
ST_1 : Operation 37 [1/1] (0.00ns)   --->   "%u2 = alloca i32 1"   --->   Operation 37 'alloca' 'u2' <Predicate = true> <Delay = 0.00>
ST_1 : Operation 38 [1/1] (0.00ns)   --->   "%u1 = alloca i32 1"   --->   Operation 38 'alloca' 'u1' <Predicate = true> <Delay = 0.00>
ST_1 : Operation 39 [1/1] (0.00ns)   --->   "%u0310 = alloca i32 1"   --->   Operation 39 'alloca' 'u0310' <Predicate = true> <Delay = 0.00>
ST_1 : Operation 40 [1/1] (0.00ns)   --->   "%u7 = alloca i32 1"   --->   Operation 40 'alloca' 'u7' <Predicate = true> <Delay = 0.00>
ST_1 : Operation 41 [1/1] (0.00ns)   --->   "%u6 = alloca i32 1"   --->   Operation 41 'alloca' 'u6' <Predicate = true> <Delay = 0.00>
ST_1 : Operation 42 [1/1] (0.00ns)   --->   "%u5_54 = alloca i32 1"   --->   Operation 42 'alloca' 'u5_54' <Predicate = true> <Delay = 0.00>
ST_1 : Operation 43 [1/1] (0.00ns)   --->   "%u4_54 = alloca i32 1"   --->   Operation 43 'alloca' 'u4_54' <Predicate = true> <Delay = 0.00>
ST_1 : Operation 44 [1/1] (0.00ns)   --->   "%u3_54 = alloca i32 1"   --->   Operation 44 'alloca' 'u3_54' <Predicate = true> <Delay = 0.00>
ST_1 : Operation 45 [1/1] (0.00ns)   --->   "%u2_54 = alloca i32 1"   --->   Operation 45 'alloca' 'u2_54' <Predicate = true> <Delay = 0.00>
ST_1 : Operation 46 [1/1] (0.00ns)   --->   "%u1_54 = alloca i32 1"   --->   Operation 46 'alloca' 'u1_54' <Predicate = true> <Delay = 0.00>
ST_1 : Operation 47 [1/1] (0.00ns)   --->   "%u0 = alloca i32 1"   --->   Operation 47 'alloca' 'u0' <Predicate = true> <Delay = 0.00>
ST_1 : Operation 48 [1/1] (0.00ns)   --->   "%local_A_0_0_7 = alloca i32 1"   --->   Operation 48 'alloca' 'local_A_0_0_7' <Predicate = true> <Delay = 0.00>
ST_1 : Operation 49 [1/1] (0.00ns)   --->   "%local_A_0_0_7_373 = alloca i32 1"   --->   Operation 49 'alloca' 'local_A_0_0_7_373' <Predicate = true> <Delay = 0.00>
ST_1 : Operation 50 [1/1] (0.00ns)   --->   "%local_A_0_0_7_374 = alloca i32 1"   --->   Operation 50 'alloca' 'local_A_0_0_7_374' <Predicate = true> <Delay = 0.00>
ST_1 : Operation 51 [1/1] (0.00ns)   --->   "%local_A_0_0_7_375 = alloca i32 1"   --->   Operation 51 'alloca' 'local_A_0_0_7_375' <Predicate = true> <Delay = 0.00>
ST_1 : Operation 52 [1/1] (0.00ns)   --->   "%local_A_0_0_7_376 = alloca i32 1"   --->   Operation 52 'alloca' 'local_A_0_0_7_376' <Predicate = true> <Delay = 0.00>
ST_1 : Operation 53 [1/1] (0.00ns)   --->   "%local_A_0_0_7_377 = alloca i32 1"   --->   Operation 53 'alloca' 'local_A_0_0_7_377' <Predicate = true> <Delay = 0.00>
ST_1 : Operation 54 [1/1] (0.00ns)   --->   "%local_A_0_0_7_378 = alloca i32 1"   --->   Operation 54 'alloca' 'local_A_0_0_7_378' <Predicate = true> <Delay = 0.00>
ST_1 : Operation 55 [1/1] (0.00ns)   --->   "%local_A_0_0_7_08 = alloca i32 1"   --->   Operation 55 'alloca' 'local_A_0_0_7_08' <Predicate = true> <Delay = 0.00>
ST_1 : Operation 56 [1/1] (0.00ns)   --->   "%local_C_0_7 = alloca i32 1"   --->   Operation 56 'alloca' 'local_C_0_7' <Predicate = true> <Delay = 0.00>
ST_1 : Operation 57 [1/1] (0.00ns)   --->   "%local_C_0_7_374 = alloca i32 1"   --->   Operation 57 'alloca' 'local_C_0_7_374' <Predicate = true> <Delay = 0.00>
ST_1 : Operation 58 [1/1] (0.00ns)   --->   "%local_C_0_7_375 = alloca i32 1"   --->   Operation 58 'alloca' 'local_C_0_7_375' <Predicate = true> <Delay = 0.00>
ST_1 : Operation 59 [1/1] (0.00ns)   --->   "%local_C_0_7_376 = alloca i32 1"   --->   Operation 59 'alloca' 'local_C_0_7_376' <Predicate = true> <Delay = 0.00>
ST_1 : Operation 60 [1/1] (0.00ns)   --->   "%local_C_0_7_377 = alloca i32 1"   --->   Operation 60 'alloca' 'local_C_0_7_377' <Predicate = true> <Delay = 0.00>
ST_1 : Operation 61 [1/1] (0.00ns)   --->   "%local_C_0_7_378 = alloca i32 1"   --->   Operation 61 'alloca' 'local_C_0_7_378' <Predicate = true> <Delay = 0.00>
ST_1 : Operation 62 [1/1] (0.00ns)   --->   "%local_C_0_7_379 = alloca i32 1"   --->   Operation 62 'alloca' 'local_C_0_7_379' <Predicate = true> <Delay = 0.00>
ST_1 : Operation 63 [1/1] (0.00ns)   --->   "%local_C_0_7_016 = alloca i32 1"   --->   Operation 63 'alloca' 'local_C_0_7_016' <Predicate = true> <Delay = 0.00>
ST_1 : Operation 64 [1/1] (0.00ns)   --->   "%specmemcore_ln0 = specmemcore void @_ssdm_op_SpecMemCore, i32 %fifo_D_drain_PE_0_5_x0161, i64 666, i64 10, i64 18446744073709551615"   --->   Operation 64 'specmemcore' 'specmemcore_ln0' <Predicate = true> <Delay = 0.00>
ST_1 : Operation 65 [1/1] (0.00ns)   --->   "%specmemcore_ln0 = specmemcore void @_ssdm_op_SpecMemCore, i256 %fifo_C_PE_1_5_x0127, i64 666, i64 10, i64 18446744073709551615"   --->   Operation 65 'specmemcore' 'specmemcore_ln0' <Predicate = true> <Delay = 0.00>
ST_1 : Operation 66 [1/1] (0.00ns)   --->   "%specmemcore_ln0 = specmemcore void @_ssdm_op_SpecMemCore, i256 %fifo_C_PE_0_5_x0126, i64 666, i64 10, i64 18446744073709551615"   --->   Operation 66 'specmemcore' 'specmemcore_ln0' <Predicate = true> <Delay = 0.00>
ST_1 : Operation 67 [1/1] (0.00ns)   --->   "%specmemcore_ln0 = specmemcore void @_ssdm_op_SpecMemCore, i32 %fifo_B_PE_1_5_x087, i64 666, i64 10, i64 18446744073709551615"   --->   Operation 67 'specmemcore' 'specmemcore_ln0' <Predicate = true> <Delay = 0.00>
ST_1 : Operation 68 [1/1] (0.00ns)   --->   "%specmemcore_ln0 = specmemcore void @_ssdm_op_SpecMemCore, i32 %fifo_B_PE_0_5_x086, i64 666, i64 10, i64 18446744073709551615"   --->   Operation 68 'specmemcore' 'specmemcore_ln0' <Predicate = true> <Delay = 0.00>
ST_1 : Operation 69 [1/1] (0.00ns)   --->   "%specmemcore_ln0 = specmemcore void @_ssdm_op_SpecMemCore, i256 %fifo_A_PE_0_6_x031, i64 666, i64 10, i64 18446744073709551615"   --->   Operation 69 'specmemcore' 'specmemcore_ln0' <Predicate = true> <Delay = 0.00>
ST_1 : Operation 70 [1/1] (0.00ns)   --->   "%specmemcore_ln0 = specmemcore void @_ssdm_op_SpecMemCore, i256 %fifo_A_PE_0_5_x030, i64 666, i64 10, i64 18446744073709551615"   --->   Operation 70 'specmemcore' 'specmemcore_ln0' <Predicate = true> <Delay = 0.00>
ST_1 : Operation 71 [1/1] (0.00ns)   --->   "%specinterface_ln0 = specinterface void @_ssdm_op_SpecInterface, i32 %fifo_D_drain_PE_0_5_x0161, void @empty_816, i32 0, i32 0, void @empty_2280, i32 0, i32 0, void @empty_2280, void @empty_2280, void @empty_2280, i32 0, i32 0, i32 0, i32 0, void @empty_2280, void @empty_2280"   --->   Operation 71 'specinterface' 'specinterface_ln0' <Predicate = true> <Delay = 0.00>
ST_1 : Operation 72 [1/1] (0.00ns)   --->   "%specinterface_ln0 = specinterface void @_ssdm_op_SpecInterface, i256 %fifo_C_PE_1_5_x0127, void @empty_816, i32 0, i32 0, void @empty_2280, i32 0, i32 0, void @empty_2280, void @empty_2280, void @empty_2280, i32 0, i32 0, i32 0, i32 0, void @empty_2280, void @empty_2280"   --->   Operation 72 'specinterface' 'specinterface_ln0' <Predicate = true> <Delay = 0.00>
ST_1 : Operation 73 [1/1] (0.00ns)   --->   "%specinterface_ln0 = specinterface void @_ssdm_op_SpecInterface, i256 %fifo_C_PE_0_5_x0126, void @empty_816, i32 0, i32 0, void @empty_2280, i32 0, i32 0, void @empty_2280, void @empty_2280, void @empty_2280, i32 0, i32 0, i32 0, i32 0, void @empty_2280, void @empty_2280"   --->   Operation 73 'specinterface' 'specinterface_ln0' <Predicate = true> <Delay = 0.00>
ST_1 : Operation 74 [1/1] (0.00ns)   --->   "%specinterface_ln0 = specinterface void @_ssdm_op_SpecInterface, i32 %fifo_B_PE_1_5_x087, void @empty_816, i32 0, i32 0, void @empty_2280, i32 0, i32 0, void @empty_2280, void @empty_2280, void @empty_2280, i32 0, i32 0, i32 0, i32 0, void @empty_2280, void @empty_2280"   --->   Operation 74 'specinterface' 'specinterface_ln0' <Predicate = true> <Delay = 0.00>
ST_1 : Operation 75 [1/1] (0.00ns)   --->   "%specinterface_ln0 = specinterface void @_ssdm_op_SpecInterface, i32 %fifo_B_PE_0_5_x086, void @empty_816, i32 0, i32 0, void @empty_2280, i32 0, i32 0, void @empty_2280, void @empty_2280, void @empty_2280, i32 0, i32 0, i32 0, i32 0, void @empty_2280, void @empty_2280"   --->   Operation 75 'specinterface' 'specinterface_ln0' <Predicate = true> <Delay = 0.00>
ST_1 : Operation 76 [1/1] (0.00ns)   --->   "%specinterface_ln0 = specinterface void @_ssdm_op_SpecInterface, i256 %fifo_A_PE_0_6_x031, void @empty_816, i32 0, i32 0, void @empty_2280, i32 0, i32 0, void @empty_2280, void @empty_2280, void @empty_2280, i32 0, i32 0, i32 0, i32 0, void @empty_2280, void @empty_2280"   --->   Operation 76 'specinterface' 'specinterface_ln0' <Predicate = true> <Delay = 0.00>
ST_1 : Operation 77 [1/1] (0.00ns)   --->   "%specinterface_ln0 = specinterface void @_ssdm_op_SpecInterface, i256 %fifo_A_PE_0_5_x030, void @empty_816, i32 0, i32 0, void @empty_2280, i32 0, i32 0, void @empty_2280, void @empty_2280, void @empty_2280, i32 0, i32 0, i32 0, i32 0, void @empty_2280, void @empty_2280"   --->   Operation 77 'specinterface' 'specinterface_ln0' <Predicate = true> <Delay = 0.00>
ST_1 : Operation 78 [1/1] (0.00ns)   --->   "%local_D = alloca i64 1" [./dut.cpp:5628]   --->   Operation 78 'alloca' 'local_D' <Predicate = true> <Delay = 0.00> <CoreInst = "RAM">   --->   Core 83 'RAM' <Latency = 1> <II = 1> <Delay = 0.60> <Storage> <Opcode : 'load' 'store'> <Ports = 2> <Width = 32> <Depth = 128> <RAM>
ST_1 : Operation 79 [1/1] (0.38ns)   --->   "%br_ln5631 = br void" [./dut.cpp:5631]   --->   Operation 79 'br' 'br_ln5631' <Predicate = true> <Delay = 0.38>

State 2 <SV = 1> <Delay = 0.57>
ST_2 : Operation 80 [1/1] (0.00ns)   --->   "%c0_V = phi i3 0, void, i3 %add_ln691, void"   --->   Operation 80 'phi' 'c0_V' <Predicate = true> <Delay = 0.00>
ST_2 : Operation 81 [1/1] (0.57ns)   --->   "%add_ln691 = add i3 %c0_V, i3 1"   --->   Operation 81 'add' 'add_ln691' <Predicate = true> <Delay = 0.57> <CoreInst = "Adder">   --->   Core 1 'Adder' <Latency = 0> <II = 1> <Delay = 0.70> <FuncUnit> <Opcode : 'add' 'sub'> <InPorts = 2> <OutPorts = 1>
ST_2 : Operation 82 [1/1] (0.49ns)   --->   "%icmp_ln890 = icmp_eq  i3 %c0_V, i3 4"   --->   Operation 82 'icmp' 'icmp_ln890' <Predicate = true> <Delay = 0.49> <CoreInst = "Cmp">   --->   Core 9 'Cmp' <Latency = 0> <II = 1> <Delay = 0.65> <FuncUnit> <Opcode : 'icmp'> <InPorts = 2> <OutPorts = 1>
ST_2 : Operation 83 [1/1] (0.00ns)   --->   "%speclooptripcount_ln0 = speclooptripcount void @_ssdm_op_SpecLoopTripCount, i64 4, i64 4, i64 4"   --->   Operation 83 'speclooptripcount' 'speclooptripcount_ln0' <Predicate = true> <Delay = 0.00>
ST_2 : Operation 84 [1/1] (0.00ns)   --->   "%br_ln5631 = br i1 %icmp_ln890, void %.split51, void" [./dut.cpp:5631]   --->   Operation 84 'br' 'br_ln5631' <Predicate = true> <Delay = 0.00>
ST_2 : Operation 85 [1/1] (0.00ns)   --->   "%specloopname_ln5631 = specloopname void @_ssdm_op_SpecLoopName, void @empty_1142" [./dut.cpp:5631]   --->   Operation 85 'specloopname' 'specloopname_ln5631' <Predicate = (!icmp_ln890)> <Delay = 0.00>
ST_2 : Operation 86 [1/1] (0.38ns)   --->   "%br_ln5632 = br void" [./dut.cpp:5632]   --->   Operation 86 'br' 'br_ln5632' <Predicate = (!icmp_ln890)> <Delay = 0.38>
ST_2 : Operation 87 [1/1] (0.00ns)   --->   "%ret_ln5729 = ret" [./dut.cpp:5729]   --->   Operation 87 'ret' 'ret_ln5729' <Predicate = (icmp_ln890)> <Delay = 0.00>

State 3 <SV = 2> <Delay = 0.74>
ST_3 : Operation 88 [1/1] (0.00ns)   --->   "%c1_V = phi i3 0, void %.split51, i3 %add_ln691_588, void %.loopexit"   --->   Operation 88 'phi' 'c1_V' <Predicate = true> <Delay = 0.00>
ST_3 : Operation 89 [1/1] (0.57ns)   --->   "%add_ln691_588 = add i3 %c1_V, i3 1"   --->   Operation 89 'add' 'add_ln691_588' <Predicate = true> <Delay = 0.57> <CoreInst = "Adder">   --->   Core 1 'Adder' <Latency = 0> <II = 1> <Delay = 0.70> <FuncUnit> <Opcode : 'add' 'sub'> <InPorts = 2> <OutPorts = 1>
ST_3 : Operation 90 [1/1] (0.49ns)   --->   "%icmp_ln890_466 = icmp_eq  i3 %c1_V, i3 6"   --->   Operation 90 'icmp' 'icmp_ln890_466' <Predicate = true> <Delay = 0.49> <CoreInst = "Cmp">   --->   Core 9 'Cmp' <Latency = 0> <II = 1> <Delay = 0.65> <FuncUnit> <Opcode : 'icmp'> <InPorts = 2> <OutPorts = 1>
ST_3 : Operation 91 [1/1] (0.00ns)   --->   "%speclooptripcount_ln0 = speclooptripcount void @_ssdm_op_SpecLoopTripCount, i64 6, i64 6, i64 6"   --->   Operation 91 'speclooptripcount' 'speclooptripcount_ln0' <Predicate = true> <Delay = 0.00>
ST_3 : Operation 92 [1/1] (0.00ns)   --->   "%br_ln5632 = br i1 %icmp_ln890_466, void %.split49, void" [./dut.cpp:5632]   --->   Operation 92 'br' 'br_ln5632' <Predicate = true> <Delay = 0.00>
ST_3 : Operation 93 [1/1] (0.00ns)   --->   "%specloopname_ln1461 = specloopname void @_ssdm_op_SpecLoopName, void @empty_1141"   --->   Operation 93 'specloopname' 'specloopname_ln1461' <Predicate = (!icmp_ln890_466)> <Delay = 0.00>
ST_3 : Operation 94 [1/1] (0.00ns) (grouped into LUT with out node icmp_ln890_467)   --->   "%ret_84 = bitconcatenate i6 @_ssdm_op_BitConcatenate.i6.i3.i3, i3 %c1_V, i3 0"   --->   Operation 94 'bitconcatenate' 'ret_84' <Predicate = (!icmp_ln890_466)> <Delay = 0.00>
ST_3 : Operation 95 [1/1] (0.00ns) (grouped into LUT with out node icmp_ln890_467)   --->   "%ret = or i6 %ret_84, i6 4"   --->   Operation 95 'or' 'ret' <Predicate = (!icmp_ln890_466)> <Delay = 0.00>
ST_3 : Operation 96 [1/1] (0.61ns) (out node of the LUT)   --->   "%icmp_ln890_467 = icmp_ult  i6 %ret, i6 42"   --->   Operation 96 'icmp' 'icmp_ln890_467' <Predicate = (!icmp_ln890_466)> <Delay = 0.61> <CoreInst = "Cmp">   --->   Core 9 'Cmp' <Latency = 0> <II = 1> <Delay = 0.65> <FuncUnit> <Opcode : 'icmp'> <InPorts = 2> <OutPorts = 1>
ST_3 : Operation 97 [1/1] (0.00ns)   --->   "%br_ln5633 = br i1 %icmp_ln890_467, void %.loopexit, void %.preheader3.preheader" [./dut.cpp:5633]   --->   Operation 97 'br' 'br_ln5633' <Predicate = (!icmp_ln890_466)> <Delay = 0.00>
ST_3 : Operation 98 [1/1] (0.38ns)   --->   "%br_ln890 = br void %.preheader3"   --->   Operation 98 'br' 'br_ln890' <Predicate = (!icmp_ln890_466 & icmp_ln890_467)> <Delay = 0.38>
ST_3 : Operation 99 [1/1] (0.00ns)   --->   "%br_ln0 = br void"   --->   Operation 99 'br' 'br_ln0' <Predicate = (icmp_ln890_466)> <Delay = 0.00>

State 4 <SV = 3> <Delay = 0.70>
ST_4 : Operation 100 [1/1] (0.00ns)   --->   "%c6_V = phi i4 %add_ln691_586, void, i4 0, void %.preheader3.preheader"   --->   Operation 100 'phi' 'c6_V' <Predicate = true> <Delay = 0.00>
ST_4 : Operation 101 [1/1] (0.70ns)   --->   "%add_ln691_586 = add i4 %c6_V, i4 1"   --->   Operation 101 'add' 'add_ln691_586' <Predicate = true> <Delay = 0.70> <CoreInst = "Adder">   --->   Core 1 'Adder' <Latency = 0> <II = 1> <Delay = 0.70> <FuncUnit> <Opcode : 'add' 'sub'> <InPorts = 2> <OutPorts = 1>
ST_4 : Operation 102 [1/1] (0.00ns)   --->   "%zext_ln890 = zext i4 %c6_V"   --->   Operation 102 'zext' 'zext_ln890' <Predicate = true> <Delay = 0.00>
ST_4 : Operation 103 [1/1] (0.65ns)   --->   "%icmp_ln890_468 = icmp_eq  i4 %c6_V, i4 8"   --->   Operation 103 'icmp' 'icmp_ln890_468' <Predicate = true> <Delay = 0.65> <CoreInst = "Cmp">   --->   Core 9 'Cmp' <Latency = 0> <II = 1> <Delay = 0.65> <FuncUnit> <Opcode : 'icmp'> <InPorts = 2> <OutPorts = 1>
ST_4 : Operation 104 [1/1] (0.00ns)   --->   "%speclooptripcount_ln0 = speclooptripcount void @_ssdm_op_SpecLoopTripCount, i64 8, i64 8, i64 8"   --->   Operation 104 'speclooptripcount' 'speclooptripcount_ln0' <Predicate = true> <Delay = 0.00>
ST_4 : Operation 105 [1/1] (0.00ns)   --->   "%br_ln5637 = br i1 %icmp_ln890_468, void %.split30, void %.preheader.preheader" [./dut.cpp:5637]   --->   Operation 105 'br' 'br_ln5637' <Predicate = true> <Delay = 0.00>
ST_4 : Operation 106 [1/1] (0.00ns)   --->   "%specloopname_ln5637 = specloopname void @_ssdm_op_SpecLoopName, void @empty_720" [./dut.cpp:5637]   --->   Operation 106 'specloopname' 'specloopname_ln5637' <Predicate = (!icmp_ln890_468)> <Delay = 0.00>
ST_4 : Operation 107 [1/1] (0.38ns)   --->   "%br_ln5639 = br void" [./dut.cpp:5639]   --->   Operation 107 'br' 'br_ln5639' <Predicate = (!icmp_ln890_468)> <Delay = 0.38>
ST_4 : Operation 108 [1/1] (0.38ns)   --->   "%br_ln5644 = br void %.preheader" [./dut.cpp:5644]   --->   Operation 108 'br' 'br_ln5644' <Predicate = (icmp_ln890_468)> <Delay = 0.38>

State 5 <SV = 4> <Delay = 1.30>
ST_5 : Operation 109 [1/1] (0.00ns)   --->   "%c7_V = phi i5 %add_ln691_587, void %.split, i5 0, void %.split30"   --->   Operation 109 'phi' 'c7_V' <Predicate = true> <Delay = 0.00>
ST_5 : Operation 110 [1/1] (0.70ns)   --->   "%add_ln691_587 = add i5 %c7_V, i5 1"   --->   Operation 110 'add' 'add_ln691_587' <Predicate = true> <Delay = 0.70> <CoreInst = "Adder">   --->   Core 1 'Adder' <Latency = 0> <II = 1> <Delay = 0.70> <FuncUnit> <Opcode : 'add' 'sub'> <InPorts = 2> <OutPorts = 1>
ST_5 : Operation 111 [1/1] (0.00ns)   --->   "%trunc_ln5641 = trunc i5 %c7_V" [./dut.cpp:5641]   --->   Operation 111 'trunc' 'trunc_ln5641' <Predicate = true> <Delay = 0.00>
ST_5 : Operation 112 [1/1] (0.00ns)   --->   "%tmp_286_cast = bitconcatenate i7 @_ssdm_op_BitConcatenate.i7.i4.i3, i4 %trunc_ln5641, i3 0" [./dut.cpp:5641]   --->   Operation 112 'bitconcatenate' 'tmp_286_cast' <Predicate = true> <Delay = 0.00>
ST_5 : Operation 113 [1/1] (0.70ns)   --->   "%add_ln5641 = add i7 %tmp_286_cast, i7 %zext_ln890" [./dut.cpp:5641]   --->   Operation 113 'add' 'add_ln5641' <Predicate = true> <Delay = 0.70> <CoreInst = "Adder">   --->   Core 1 'Adder' <Latency = 0> <II = 1> <Delay = 0.70> <FuncUnit> <Opcode : 'add' 'sub'> <InPorts = 2> <OutPorts = 1>
ST_5 : Operation 114 [1/1] (0.00ns)   --->   "%zext_ln5641 = zext i7 %add_ln5641" [./dut.cpp:5641]   --->   Operation 114 'zext' 'zext_ln5641' <Predicate = true> <Delay = 0.00>
ST_5 : Operation 115 [1/1] (0.00ns)   --->   "%local_D_addr = getelementptr i32 %local_D, i64 0, i64 %zext_ln5641" [./dut.cpp:5641]   --->   Operation 115 'getelementptr' 'local_D_addr' <Predicate = true> <Delay = 0.00>
ST_5 : Operation 116 [1/1] (0.63ns)   --->   "%icmp_ln890_469 = icmp_eq  i5 %c7_V, i5 16"   --->   Operation 116 'icmp' 'icmp_ln890_469' <Predicate = true> <Delay = 0.63> <CoreInst = "Cmp">   --->   Core 9 'Cmp' <Latency = 0> <II = 1> <Delay = 0.65> <FuncUnit> <Opcode : 'icmp'> <InPorts = 2> <OutPorts = 1>
ST_5 : Operation 117 [1/1] (0.00ns)   --->   "%speclooptripcount_ln0 = speclooptripcount void @_ssdm_op_SpecLoopTripCount, i64 16, i64 16, i64 16"   --->   Operation 117 'speclooptripcount' 'speclooptripcount_ln0' <Predicate = true> <Delay = 0.00>
ST_5 : Operation 118 [1/1] (0.00ns)   --->   "%br_ln5639 = br i1 %icmp_ln890_469, void %.split, void" [./dut.cpp:5639]   --->   Operation 118 'br' 'br_ln5639' <Predicate = true> <Delay = 0.00>
ST_5 : Operation 119 [1/1] (0.00ns)   --->   "%specloopname_ln5639 = specloopname void @_ssdm_op_SpecLoopName, void @empty_1153" [./dut.cpp:5639]   --->   Operation 119 'specloopname' 'specloopname_ln5639' <Predicate = (!icmp_ln890_469)> <Delay = 0.00>
ST_5 : Operation 120 [1/1] (0.60ns)   --->   "%store_ln5641 = store i32 0, i7 %local_D_addr" [./dut.cpp:5641]   --->   Operation 120 'store' 'store_ln5641' <Predicate = (!icmp_ln890_469)> <Delay = 0.60> <CoreInst = "RAM">   --->   Core 83 'RAM' <Latency = 1> <II = 1> <Delay = 0.60> <Storage> <Opcode : 'load' 'store'> <Ports = 2> <Width = 32> <Depth = 128> <RAM>
ST_5 : Operation 121 [1/1] (0.00ns)   --->   "%br_ln0 = br void"   --->   Operation 121 'br' 'br_ln0' <Predicate = (!icmp_ln890_469)> <Delay = 0.00>
ST_5 : Operation 122 [1/1] (0.00ns)   --->   "%br_ln0 = br void %.preheader3"   --->   Operation 122 'br' 'br_ln0' <Predicate = (icmp_ln890_469)> <Delay = 0.00>

State 6 <SV = 4> <Delay = 0.70>
ST_6 : Operation 123 [1/1] (0.00ns)   --->   "%c2_V = phi i8 %c2_V_54, void, i8 0, void %.preheader.preheader"   --->   Operation 123 'phi' 'c2_V' <Predicate = (icmp_ln890_467)> <Delay = 0.00>
ST_6 : Operation 124 [1/1] (0.70ns)   --->   "%c2_V_54 = add i8 %c2_V, i8 1"   --->   Operation 124 'add' 'c2_V_54' <Predicate = (icmp_ln890_467)> <Delay = 0.70> <CoreInst = "Adder">   --->   Core 1 'Adder' <Latency = 0> <II = 1> <Delay = 0.70> <FuncUnit> <Opcode : 'add' 'sub'> <InPorts = 2> <OutPorts = 1>
ST_6 : Operation 125 [1/1] (0.58ns)   --->   "%icmp_ln5644 = icmp_eq  i8 %c2_V, i8 128" [./dut.cpp:5644]   --->   Operation 125 'icmp' 'icmp_ln5644' <Predicate = (icmp_ln890_467)> <Delay = 0.58> <CoreInst = "Cmp">   --->   Core 9 'Cmp' <Latency = 0> <II = 1> <Delay = 0.65> <FuncUnit> <Opcode : 'icmp'> <InPorts = 2> <OutPorts = 1>
ST_6 : Operation 126 [1/1] (0.00ns)   --->   "%speclooptripcount_ln0 = speclooptripcount void @_ssdm_op_SpecLoopTripCount, i64 128, i64 128, i64 128"   --->   Operation 126 'speclooptripcount' 'speclooptripcount_ln0' <Predicate = (icmp_ln890_467)> <Delay = 0.00>
ST_6 : Operation 127 [1/1] (0.00ns)   --->   "%br_ln5644 = br i1 %icmp_ln5644, void %.split46, void %.loopexit.loopexit" [./dut.cpp:5644]   --->   Operation 127 'br' 'br_ln5644' <Predicate = (icmp_ln890_467)> <Delay = 0.00>
ST_6 : Operation 128 [1/1] (0.00ns)   --->   "%specloopname_ln5644 = specloopname void @_ssdm_op_SpecLoopName, void @empty_778" [./dut.cpp:5644]   --->   Operation 128 'specloopname' 'specloopname_ln5644' <Predicate = (icmp_ln890_467 & !icmp_ln5644)> <Delay = 0.00>
ST_6 : Operation 129 [1/1] (0.58ns)   --->   "%cmp_i_i279_not = icmp_ne  i8 %c2_V, i8 127"   --->   Operation 129 'icmp' 'cmp_i_i279_not' <Predicate = (icmp_ln890_467 & !icmp_ln5644)> <Delay = 0.58> <CoreInst = "Cmp">   --->   Core 9 'Cmp' <Latency = 0> <II = 1> <Delay = 0.65> <FuncUnit> <Opcode : 'icmp'> <InPorts = 2> <OutPorts = 1>
ST_6 : Operation 130 [1/1] (0.38ns)   --->   "%br_ln5647 = br void" [./dut.cpp:5647]   --->   Operation 130 'br' 'br_ln5647' <Predicate = (icmp_ln890_467 & !icmp_ln5644)> <Delay = 0.38>
ST_6 : Operation 131 [1/1] (0.00ns)   --->   "%br_ln0 = br void %.loopexit"   --->   Operation 131 'br' 'br_ln0' <Predicate = (icmp_ln890_467 & icmp_ln5644)> <Delay = 0.00>
ST_6 : Operation 132 [1/1] (0.00ns)   --->   "%br_ln0 = br void"   --->   Operation 132 'br' 'br_ln0' <Predicate = (icmp_ln5644) | (!icmp_ln890_467)> <Delay = 0.00>

State 7 <SV = 5> <Delay = 0.43>
ST_7 : Operation 133 [1/1] (0.00ns)   --->   "%c5_V = phi i2 0, void %.split46, i2 %add_ln691_590, void"   --->   Operation 133 'phi' 'c5_V' <Predicate = true> <Delay = 0.00>
ST_7 : Operation 134 [1/1] (0.43ns)   --->   "%add_ln691_590 = add i2 %c5_V, i2 1"   --->   Operation 134 'add' 'add_ln691_590' <Predicate = true> <Delay = 0.43> <CoreInst = "Adder">   --->   Core 1 'Adder' <Latency = 0> <II = 1> <Delay = 0.70> <FuncUnit> <Opcode : 'add' 'sub'> <InPorts = 2> <OutPorts = 1>
ST_7 : Operation 135 [1/1] (0.34ns)   --->   "%icmp_ln890_470 = icmp_eq  i2 %c5_V, i2 2"   --->   Operation 135 'icmp' 'icmp_ln890_470' <Predicate = true> <Delay = 0.34> <CoreInst = "Cmp">   --->   Core 9 'Cmp' <Latency = 0> <II = 1> <Delay = 0.65> <FuncUnit> <Opcode : 'icmp'> <InPorts = 2> <OutPorts = 1>
ST_7 : Operation 136 [1/1] (0.00ns)   --->   "%speclooptripcount_ln0 = speclooptripcount void @_ssdm_op_SpecLoopTripCount, i64 2, i64 2, i64 2"   --->   Operation 136 'speclooptripcount' 'speclooptripcount_ln0' <Predicate = true> <Delay = 0.00>
ST_7 : Operation 137 [1/1] (0.00ns)   --->   "%br_ln5647 = br i1 %icmp_ln890_470, void %.split44, void" [./dut.cpp:5647]   --->   Operation 137 'br' 'br_ln5647' <Predicate = true> <Delay = 0.00>
ST_7 : Operation 138 [1/1] (0.00ns)   --->   "%specloopname_ln5647 = specloopname void @_ssdm_op_SpecLoopName, void @empty_2869" [./dut.cpp:5647]   --->   Operation 138 'specloopname' 'specloopname_ln5647' <Predicate = (!icmp_ln890_470)> <Delay = 0.00>
ST_7 : Operation 139 [1/1] (0.34ns)   --->   "%cmp_i_i273_not = icmp_ne  i2 %c5_V, i2 1"   --->   Operation 139 'icmp' 'cmp_i_i273_not' <Predicate = (!icmp_ln890_470)> <Delay = 0.34> <CoreInst = "Cmp">   --->   Core 9 'Cmp' <Latency = 0> <II = 1> <Delay = 0.65> <FuncUnit> <Opcode : 'icmp'> <InPorts = 2> <OutPorts = 1>
ST_7 : Operation 140 [1/1] (0.38ns)   --->   "%br_ln5648 = br void" [./dut.cpp:5648]   --->   Operation 140 'br' 'br_ln5648' <Predicate = (!icmp_ln890_470)> <Delay = 0.38>
ST_7 : Operation 141 [1/1] (0.00ns)   --->   "%br_ln0 = br void %.preheader"   --->   Operation 141 'br' 'br_ln0' <Predicate = (icmp_ln890_470)> <Delay = 0.00>

State 8 <SV = 6> <Delay = 0.74>
ST_8 : Operation 142 [1/1] (0.00ns)   --->   "%c6_V_54 = phi i6 0, void %.split44, i6 %add_ln691_591, void"   --->   Operation 142 'phi' 'c6_V_54' <Predicate = true> <Delay = 0.00>
ST_8 : Operation 143 [1/1] (0.70ns)   --->   "%add_ln691_591 = add i6 %c6_V_54, i6 1"   --->   Operation 143 'add' 'add_ln691_591' <Predicate = true> <Delay = 0.70> <CoreInst = "Adder">   --->   Core 1 'Adder' <Latency = 0> <II = 1> <Delay = 0.70> <FuncUnit> <Opcode : 'add' 'sub'> <InPorts = 2> <OutPorts = 1>
ST_8 : Operation 144 [1/1] (0.61ns)   --->   "%icmp_ln890_471 = icmp_eq  i6 %c6_V_54, i6 32"   --->   Operation 144 'icmp' 'icmp_ln890_471' <Predicate = true> <Delay = 0.61> <CoreInst = "Cmp">   --->   Core 9 'Cmp' <Latency = 0> <II = 1> <Delay = 0.65> <FuncUnit> <Opcode : 'icmp'> <InPorts = 2> <OutPorts = 1>
ST_8 : Operation 145 [1/1] (0.00ns)   --->   "%speclooptripcount_ln0 = speclooptripcount void @_ssdm_op_SpecLoopTripCount, i64 32, i64 32, i64 32"   --->   Operation 145 'speclooptripcount' 'speclooptripcount_ln0' <Predicate = true> <Delay = 0.00>
ST_8 : Operation 146 [1/1] (0.00ns)   --->   "%br_ln5648 = br i1 %icmp_ln890_471, void %.split42, void" [./dut.cpp:5648]   --->   Operation 146 'br' 'br_ln5648' <Predicate = true> <Delay = 0.00>
ST_8 : Operation 147 [1/1] (0.00ns)   --->   "%specloopname_ln5648 = specloopname void @_ssdm_op_SpecLoopName, void @empty_2886" [./dut.cpp:5648]   --->   Operation 147 'specloopname' 'specloopname_ln5648' <Predicate = (!icmp_ln890_471)> <Delay = 0.00>
ST_8 : Operation 148 [1/1] (0.61ns)   --->   "%cmp_i_i_not = icmp_ne  i6 %c6_V_54, i6 31"   --->   Operation 148 'icmp' 'cmp_i_i_not' <Predicate = (!icmp_ln890_471)> <Delay = 0.61> <CoreInst = "Cmp">   --->   Core 9 'Cmp' <Latency = 0> <II = 1> <Delay = 0.65> <FuncUnit> <Opcode : 'icmp'> <InPorts = 2> <OutPorts = 1>
ST_8 : Operation 149 [1/1] (0.00ns) (grouped into LUT with out node brmerge906)   --->   "%tmp = or i1 %cmp_i_i273_not, i1 %cmp_i_i_not"   --->   Operation 149 'or' 'tmp' <Predicate = (!icmp_ln890_471)> <Delay = 0.00> <CoreInst = "LogicGate">   --->   Core 74 'LogicGate' <Latency = 0> <II = 1> <Delay = 0.12> <FuncUnit> <Opcode : 'and' 'or' 'xor'> <InPorts = 2> <OutPorts = 1>
ST_8 : Operation 150 [1/1] (0.12ns) (out node of the LUT)   --->   "%brmerge906 = or i1 %tmp, i1 %cmp_i_i279_not"   --->   Operation 150 'or' 'brmerge906' <Predicate = (!icmp_ln890_471)> <Delay = 0.12> <CoreInst = "LogicGate">   --->   Core 74 'LogicGate' <Latency = 0> <II = 1> <Delay = 0.12> <FuncUnit> <Opcode : 'and' 'or' 'xor'> <InPorts = 2> <OutPorts = 1>
ST_8 : Operation 151 [1/1] (0.38ns)   --->   "%br_ln5650 = br void" [./dut.cpp:5650]   --->   Operation 151 'br' 'br_ln5650' <Predicate = (!icmp_ln890_471)> <Delay = 0.38>
ST_8 : Operation 152 [1/1] (0.00ns)   --->   "%br_ln0 = br void"   --->   Operation 152 'br' 'br_ln0' <Predicate = (icmp_ln890_471)> <Delay = 0.00>

State 9 <SV = 7> <Delay = 0.70>
ST_9 : Operation 153 [1/1] (0.00ns)   --->   "%c7_V_54 = phi i4 0, void %.split42, i4 %add_ln691_592, void"   --->   Operation 153 'phi' 'c7_V_54' <Predicate = true> <Delay = 0.00>
ST_9 : Operation 154 [1/1] (0.70ns)   --->   "%add_ln691_592 = add i4 %c7_V_54, i4 1"   --->   Operation 154 'add' 'add_ln691_592' <Predicate = true> <Delay = 0.70> <CoreInst = "Adder">   --->   Core 1 'Adder' <Latency = 0> <II = 1> <Delay = 0.70> <FuncUnit> <Opcode : 'add' 'sub'> <InPorts = 2> <OutPorts = 1>
ST_9 : Operation 155 [1/1] (0.00ns)   --->   "%zext_ln890_54 = zext i4 %c7_V_54"   --->   Operation 155 'zext' 'zext_ln890_54' <Predicate = true> <Delay = 0.00>
ST_9 : Operation 156 [1/1] (0.65ns)   --->   "%icmp_ln890_472 = icmp_eq  i4 %c7_V_54, i4 8"   --->   Operation 156 'icmp' 'icmp_ln890_472' <Predicate = true> <Delay = 0.65> <CoreInst = "Cmp">   --->   Core 9 'Cmp' <Latency = 0> <II = 1> <Delay = 0.65> <FuncUnit> <Opcode : 'icmp'> <InPorts = 2> <OutPorts = 1>
ST_9 : Operation 157 [1/1] (0.00ns)   --->   "%speclooptripcount_ln0 = speclooptripcount void @_ssdm_op_SpecLoopTripCount, i64 8, i64 8, i64 8"   --->   Operation 157 'speclooptripcount' 'speclooptripcount_ln0' <Predicate = true> <Delay = 0.00>
ST_9 : Operation 158 [1/1] (0.00ns)   --->   "%br_ln5650 = br i1 %icmp_ln890_472, void %.split40, void" [./dut.cpp:5650]   --->   Operation 158 'br' 'br_ln5650' <Predicate = true> <Delay = 0.00>
ST_9 : Operation 159 [1/1] (0.00ns)   --->   "%specloopname_ln5650 = specloopname void @_ssdm_op_SpecLoopName, void @empty_2885" [./dut.cpp:5650]   --->   Operation 159 'specloopname' 'specloopname_ln5650' <Predicate = (!icmp_ln890_472)> <Delay = 0.00>
ST_9 : Operation 160 [1/1] (0.38ns)   --->   "%br_ln5652 = br void" [./dut.cpp:5652]   --->   Operation 160 'br' 'br_ln5652' <Predicate = (!icmp_ln890_472)> <Delay = 0.38>
ST_9 : Operation 161 [1/1] (0.00ns)   --->   "%br_ln0 = br void"   --->   Operation 161 'br' 'br_ln0' <Predicate = (icmp_ln890_472)> <Delay = 0.00>

State 10 <SV = 8> <Delay = 1.85>
ST_10 : Operation 162 [1/1] (0.00ns)   --->   "%c8_V = phi i5 0, void %.split40, i5 %add_ln691_596, void %._crit_edge"   --->   Operation 162 'phi' 'c8_V' <Predicate = true> <Delay = 0.00>
ST_10 : Operation 163 [1/1] (0.70ns)   --->   "%add_ln691_596 = add i5 %c8_V, i5 1"   --->   Operation 163 'add' 'add_ln691_596' <Predicate = true> <Delay = 0.70> <CoreInst = "Adder">   --->   Core 1 'Adder' <Latency = 0> <II = 1> <Delay = 0.70> <FuncUnit> <Opcode : 'add' 'sub'> <InPorts = 2> <OutPorts = 1>
ST_10 : Operation 164 [1/1] (0.00ns)   --->   "%empty = trunc i5 %c8_V"   --->   Operation 164 'trunc' 'empty' <Predicate = true> <Delay = 0.00>
ST_10 : Operation 165 [1/1] (0.00ns)   --->   "%tmp_287_cast = bitconcatenate i7 @_ssdm_op_BitConcatenate.i7.i4.i3, i4 %empty, i3 0"   --->   Operation 165 'bitconcatenate' 'tmp_287_cast' <Predicate = true> <Delay = 0.00>
ST_10 : Operation 166 [1/1] (0.70ns)   --->   "%empty_3596 = add i7 %tmp_287_cast, i7 %zext_ln890_54"   --->   Operation 166 'add' 'empty_3596' <Predicate = true> <Delay = 0.70> <CoreInst = "Adder">   --->   Core 1 'Adder' <Latency = 0> <II = 1> <Delay = 0.70> <FuncUnit> <Opcode : 'add' 'sub'> <InPorts = 2> <OutPorts = 1>
ST_10 : Operation 167 [1/1] (0.00ns)   --->   "%p_cast = zext i7 %empty_3596"   --->   Operation 167 'zext' 'p_cast' <Predicate = true> <Delay = 0.00>
ST_10 : Operation 168 [1/1] (0.00ns)   --->   "%local_D_addr_54 = getelementptr i32 %local_D, i64 0, i64 %p_cast"   --->   Operation 168 'getelementptr' 'local_D_addr_54' <Predicate = true> <Delay = 0.00>
ST_10 : Operation 169 [1/1] (0.63ns)   --->   "%icmp_ln890_473 = icmp_eq  i5 %c8_V, i5 16"   --->   Operation 169 'icmp' 'icmp_ln890_473' <Predicate = true> <Delay = 0.63> <CoreInst = "Cmp">   --->   Core 9 'Cmp' <Latency = 0> <II = 1> <Delay = 0.65> <FuncUnit> <Opcode : 'icmp'> <InPorts = 2> <OutPorts = 1>
ST_10 : Operation 170 [1/1] (0.00ns)   --->   "%speclooptripcount_ln0 = speclooptripcount void @_ssdm_op_SpecLoopTripCount, i64 16, i64 16, i64 16"   --->   Operation 170 'speclooptripcount' 'speclooptripcount_ln0' <Predicate = true> <Delay = 0.00>
ST_10 : Operation 171 [1/1] (0.00ns)   --->   "%br_ln5652 = br i1 %icmp_ln890_473, void %.split38, void" [./dut.cpp:5652]   --->   Operation 171 'br' 'br_ln5652' <Predicate = true> <Delay = 0.00>
ST_10 : Operation 172 [1/1] (0.00ns)   --->   "%specloopname_ln5652 = specloopname void @_ssdm_op_SpecLoopName, void @empty_2585" [./dut.cpp:5652]   --->   Operation 172 'specloopname' 'specloopname_ln5652' <Predicate = (!icmp_ln890_473)> <Delay = 0.00>
ST_10 : Operation 173 [1/1] (1.21ns)   --->   "%tmp_292 = read i256 @_ssdm_op_Read.ap_fifo.volatile.i256P0A, i256 %fifo_A_PE_0_5_x030" [/home/rcslfpgaserver/Softwares/Xilinx/Vitis_HLS/2020.2/common/technology/autopilot/hls_stream_39.h:145]   --->   Operation 173 'read' 'tmp_292' <Predicate = (!icmp_ln890_473)> <Delay = 1.21> <CoreInst = "FIFO_SRL">   --->   Core 81 'FIFO_SRL' <Latency = 0> <II = 1> <Delay = 1.42> <Storage> <Opcode : 'read' 'write' 'nbread' 'nbwrite'> <Ports = 0> <Width = 256> <Depth = 2> <FIFO>
ST_10 : Operation 174 [1/1] (0.38ns)   --->   "%br_ln5658 = br void" [./dut.cpp:5658]   --->   Operation 174 'br' 'br_ln5658' <Predicate = (!icmp_ln890_473)> <Delay = 0.38>
ST_10 : Operation 175 [1/1] (0.00ns)   --->   "%br_ln0 = br void"   --->   Operation 175 'br' 'br_ln0' <Predicate = (icmp_ln890_473)> <Delay = 0.00>

State 11 <SV = 9> <Delay = 1.87>
ST_11 : Operation 176 [1/1] (0.00ns)   --->   "%n_V = phi i4 0, void %.split38, i4 %add_ln691_593, void %.split32165"   --->   Operation 176 'phi' 'n_V' <Predicate = true> <Delay = 0.00>
ST_11 : Operation 177 [1/1] (0.00ns)   --->   "%p_Val2_s = phi i256 %tmp_292, void %.split38, i256 %zext_ln1497, void %.split32165"   --->   Operation 177 'phi' 'p_Val2_s' <Predicate = true> <Delay = 0.00>
ST_11 : Operation 178 [1/1] (0.70ns)   --->   "%add_ln691_593 = add i4 %n_V, i4 1"   --->   Operation 178 'add' 'add_ln691_593' <Predicate = true> <Delay = 0.70> <CoreInst = "Adder">   --->   Core 1 'Adder' <Latency = 0> <II = 1> <Delay = 0.70> <FuncUnit> <Opcode : 'add' 'sub'> <InPorts = 2> <OutPorts = 1>
ST_11 : Operation 179 [1/1] (0.65ns)   --->   "%icmp_ln878 = icmp_eq  i4 %n_V, i4 8"   --->   Operation 179 'icmp' 'icmp_ln878' <Predicate = true> <Delay = 0.65> <CoreInst = "Cmp">   --->   Core 9 'Cmp' <Latency = 0> <II = 1> <Delay = 0.65> <FuncUnit> <Opcode : 'icmp'> <InPorts = 2> <OutPorts = 1>
ST_11 : Operation 180 [1/1] (0.00ns)   --->   "%speclooptripcount_ln0 = speclooptripcount void @_ssdm_op_SpecLoopTripCount, i64 8, i64 8, i64 8"   --->   Operation 180 'speclooptripcount' 'speclooptripcount_ln0' <Predicate = true> <Delay = 0.00>
ST_11 : Operation 181 [1/1] (0.00ns)   --->   "%br_ln5658 = br i1 %icmp_ln878, void %.split32, void" [./dut.cpp:5658]   --->   Operation 181 'br' 'br_ln5658' <Predicate = true> <Delay = 0.00>
ST_11 : Operation 182 [1/1] (0.00ns)   --->   "%specloopname_ln708 = specloopname void @_ssdm_op_SpecLoopName, void @empty_2854"   --->   Operation 182 'specloopname' 'specloopname_ln708' <Predicate = (!icmp_ln878)> <Delay = 0.00>
ST_11 : Operation 183 [1/1] (0.00ns)   --->   "%u = trunc i256 %p_Val2_s"   --->   Operation 183 'trunc' 'u' <Predicate = (!icmp_ln878)> <Delay = 0.00>
ST_11 : Operation 184 [1/1] (0.00ns)   --->   "%local_A_0_0_0 = bitcast i32 %u" [./dut.cpp:5664]   --->   Operation 184 'bitcast' 'local_A_0_0_0' <Predicate = (!icmp_ln878)> <Delay = 0.00>
ST_11 : Operation 185 [1/1] (0.00ns)   --->   "%trunc_ln5664 = trunc i4 %n_V" [./dut.cpp:5664]   --->   Operation 185 'trunc' 'trunc_ln5664' <Predicate = (!icmp_ln878)> <Delay = 0.00>
ST_11 : Operation 186 [1/1] (0.63ns)   --->   "%switch_ln5664 = switch i3 %trunc_ln5664, void %branch15, i3 0, void %.split32..split32165_crit_edge, i3 1, void %branch9, i3 2, void %branch10, i3 3, void %branch11, i3 4, void %branch12, i3 5, void %branch13, i3 6, void %branch14" [./dut.cpp:5664]   --->   Operation 186 'switch' 'switch_ln5664' <Predicate = (!icmp_ln878)> <Delay = 0.63>
ST_11 : Operation 187 [1/1] (0.00ns)   --->   "%store_ln5664 = store i32 %local_A_0_0_0, i32 %local_A_0_0_7_378" [./dut.cpp:5664]   --->   Operation 187 'store' 'store_ln5664' <Predicate = (!icmp_ln878 & trunc_ln5664 == 6)> <Delay = 0.00>
ST_11 : Operation 188 [1/1] (0.00ns)   --->   "%store_ln5664 = store i32 %local_A_0_0_0, i32 %u6" [./dut.cpp:5664]   --->   Operation 188 'store' 'store_ln5664' <Predicate = (!icmp_ln878 & trunc_ln5664 == 6)> <Delay = 0.00>
ST_11 : Operation 189 [1/1] (0.00ns)   --->   "%br_ln5664 = br void %.split32165" [./dut.cpp:5664]   --->   Operation 189 'br' 'br_ln5664' <Predicate = (!icmp_ln878 & trunc_ln5664 == 6)> <Delay = 0.00>
ST_11 : Operation 190 [1/1] (0.00ns)   --->   "%store_ln5664 = store i32 %local_A_0_0_0, i32 %local_A_0_0_7_377" [./dut.cpp:5664]   --->   Operation 190 'store' 'store_ln5664' <Predicate = (!icmp_ln878 & trunc_ln5664 == 5)> <Delay = 0.00>
ST_11 : Operation 191 [1/1] (0.00ns)   --->   "%store_ln5664 = store i32 %local_A_0_0_0, i32 %u5_54" [./dut.cpp:5664]   --->   Operation 191 'store' 'store_ln5664' <Predicate = (!icmp_ln878 & trunc_ln5664 == 5)> <Delay = 0.00>
ST_11 : Operation 192 [1/1] (0.00ns)   --->   "%br_ln5664 = br void %.split32165" [./dut.cpp:5664]   --->   Operation 192 'br' 'br_ln5664' <Predicate = (!icmp_ln878 & trunc_ln5664 == 5)> <Delay = 0.00>
ST_11 : Operation 193 [1/1] (0.00ns)   --->   "%store_ln5664 = store i32 %local_A_0_0_0, i32 %local_A_0_0_7_376" [./dut.cpp:5664]   --->   Operation 193 'store' 'store_ln5664' <Predicate = (!icmp_ln878 & trunc_ln5664 == 4)> <Delay = 0.00>
ST_11 : Operation 194 [1/1] (0.00ns)   --->   "%store_ln5664 = store i32 %local_A_0_0_0, i32 %u4_54" [./dut.cpp:5664]   --->   Operation 194 'store' 'store_ln5664' <Predicate = (!icmp_ln878 & trunc_ln5664 == 4)> <Delay = 0.00>
ST_11 : Operation 195 [1/1] (0.00ns)   --->   "%br_ln5664 = br void %.split32165" [./dut.cpp:5664]   --->   Operation 195 'br' 'br_ln5664' <Predicate = (!icmp_ln878 & trunc_ln5664 == 4)> <Delay = 0.00>
ST_11 : Operation 196 [1/1] (0.00ns)   --->   "%store_ln5664 = store i32 %local_A_0_0_0, i32 %local_A_0_0_7_375" [./dut.cpp:5664]   --->   Operation 196 'store' 'store_ln5664' <Predicate = (!icmp_ln878 & trunc_ln5664 == 3)> <Delay = 0.00>
ST_11 : Operation 197 [1/1] (0.00ns)   --->   "%store_ln5664 = store i32 %local_A_0_0_0, i32 %u3_54" [./dut.cpp:5664]   --->   Operation 197 'store' 'store_ln5664' <Predicate = (!icmp_ln878 & trunc_ln5664 == 3)> <Delay = 0.00>
ST_11 : Operation 198 [1/1] (0.00ns)   --->   "%br_ln5664 = br void %.split32165" [./dut.cpp:5664]   --->   Operation 198 'br' 'br_ln5664' <Predicate = (!icmp_ln878 & trunc_ln5664 == 3)> <Delay = 0.00>
ST_11 : Operation 199 [1/1] (0.00ns)   --->   "%store_ln5664 = store i32 %local_A_0_0_0, i32 %local_A_0_0_7_374" [./dut.cpp:5664]   --->   Operation 199 'store' 'store_ln5664' <Predicate = (!icmp_ln878 & trunc_ln5664 == 2)> <Delay = 0.00>
ST_11 : Operation 200 [1/1] (0.00ns)   --->   "%store_ln5664 = store i32 %local_A_0_0_0, i32 %u2_54" [./dut.cpp:5664]   --->   Operation 200 'store' 'store_ln5664' <Predicate = (!icmp_ln878 & trunc_ln5664 == 2)> <Delay = 0.00>
ST_11 : Operation 201 [1/1] (0.00ns)   --->   "%br_ln5664 = br void %.split32165" [./dut.cpp:5664]   --->   Operation 201 'br' 'br_ln5664' <Predicate = (!icmp_ln878 & trunc_ln5664 == 2)> <Delay = 0.00>
ST_11 : Operation 202 [1/1] (0.00ns)   --->   "%store_ln5664 = store i32 %local_A_0_0_0, i32 %local_A_0_0_7_373" [./dut.cpp:5664]   --->   Operation 202 'store' 'store_ln5664' <Predicate = (!icmp_ln878 & trunc_ln5664 == 1)> <Delay = 0.00>
ST_11 : Operation 203 [1/1] (0.00ns)   --->   "%store_ln5664 = store i32 %local_A_0_0_0, i32 %u1_54" [./dut.cpp:5664]   --->   Operation 203 'store' 'store_ln5664' <Predicate = (!icmp_ln878 & trunc_ln5664 == 1)> <Delay = 0.00>
ST_11 : Operation 204 [1/1] (0.00ns)   --->   "%br_ln5664 = br void %.split32165" [./dut.cpp:5664]   --->   Operation 204 'br' 'br_ln5664' <Predicate = (!icmp_ln878 & trunc_ln5664 == 1)> <Delay = 0.00>
ST_11 : Operation 205 [1/1] (0.00ns)   --->   "%store_ln5664 = store i32 %local_A_0_0_0, i32 %local_A_0_0_7" [./dut.cpp:5664]   --->   Operation 205 'store' 'store_ln5664' <Predicate = (!icmp_ln878 & trunc_ln5664 == 0)> <Delay = 0.00>
ST_11 : Operation 206 [1/1] (0.00ns)   --->   "%store_ln5664 = store i32 %local_A_0_0_0, i32 %u0" [./dut.cpp:5664]   --->   Operation 206 'store' 'store_ln5664' <Predicate = (!icmp_ln878 & trunc_ln5664 == 0)> <Delay = 0.00>
ST_11 : Operation 207 [1/1] (0.00ns)   --->   "%br_ln5664 = br void %.split32165" [./dut.cpp:5664]   --->   Operation 207 'br' 'br_ln5664' <Predicate = (!icmp_ln878 & trunc_ln5664 == 0)> <Delay = 0.00>
ST_11 : Operation 208 [1/1] (0.00ns)   --->   "%store_ln5664 = store i32 %local_A_0_0_0, i32 %local_A_0_0_7_08" [./dut.cpp:5664]   --->   Operation 208 'store' 'store_ln5664' <Predicate = (!icmp_ln878 & trunc_ln5664 == 7)> <Delay = 0.00>
ST_11 : Operation 209 [1/1] (0.00ns)   --->   "%store_ln5664 = store i32 %local_A_0_0_0, i32 %u7" [./dut.cpp:5664]   --->   Operation 209 'store' 'store_ln5664' <Predicate = (!icmp_ln878 & trunc_ln5664 == 7)> <Delay = 0.00>
ST_11 : Operation 210 [1/1] (0.00ns)   --->   "%br_ln5664 = br void %.split32165" [./dut.cpp:5664]   --->   Operation 210 'br' 'br_ln5664' <Predicate = (!icmp_ln878 & trunc_ln5664 == 7)> <Delay = 0.00>
ST_11 : Operation 211 [1/1] (1.21ns)   --->   "%fifo_B_PE_0_5_x086_read = read i32 @_ssdm_op_Read.ap_fifo.volatile.i32P0A, i32 %fifo_B_PE_0_5_x086" [/home/rcslfpgaserver/Softwares/Xilinx/Vitis_HLS/2020.2/common/technology/autopilot/hls_stream_39.h:145]   --->   Operation 211 'read' 'fifo_B_PE_0_5_x086_read' <Predicate = (icmp_ln878)> <Delay = 1.21> <CoreInst = "FIFO_SRL">   --->   Core 81 'FIFO_SRL' <Latency = 0> <II = 1> <Delay = 1.39> <Storage> <Opcode : 'read' 'write' 'nbread' 'nbwrite'> <Ports = 0> <Width = 32> <Depth = 2> <FIFO>
ST_11 : Operation 212 [1/1] (1.21ns)   --->   "%tmp_294 = read i256 @_ssdm_op_Read.ap_fifo.volatile.i256P0A, i256 %fifo_C_PE_0_5_x0126" [/home/rcslfpgaserver/Softwares/Xilinx/Vitis_HLS/2020.2/common/technology/autopilot/hls_stream_39.h:145]   --->   Operation 212 'read' 'tmp_294' <Predicate = (icmp_ln878)> <Delay = 1.21> <CoreInst = "FIFO_SRL">   --->   Core 81 'FIFO_SRL' <Latency = 0> <II = 1> <Delay = 1.42> <Storage> <Opcode : 'read' 'write' 'nbread' 'nbwrite'> <Ports = 0> <Width = 256> <Depth = 2> <FIFO>
ST_11 : Operation 213 [1/1] (0.38ns)   --->   "%br_ln5672 = br void" [./dut.cpp:5672]   --->   Operation 213 'br' 'br_ln5672' <Predicate = (icmp_ln878)> <Delay = 0.38>

State 12 <SV = 10> <Delay = 0.00>
ST_12 : Operation 214 [1/1] (0.00ns)   --->   "%r = partselect i224 @_ssdm_op_PartSelect.i224.i256.i32.i32, i256 %p_Val2_s, i32 32, i32 255"   --->   Operation 214 'partselect' 'r' <Predicate = true> <Delay = 0.00>
ST_12 : Operation 215 [1/1] (0.00ns)   --->   "%zext_ln1497 = zext i224 %r"   --->   Operation 215 'zext' 'zext_ln1497' <Predicate = true> <Delay = 0.00>
ST_12 : Operation 216 [1/1] (0.00ns)   --->   "%br_ln0 = br void"   --->   Operation 216 'br' 'br_ln0' <Predicate = true> <Delay = 0.00>

State 13 <SV = 10> <Delay = 0.70>
ST_13 : Operation 217 [1/1] (0.00ns)   --->   "%n_V_54 = phi i4 0, void, i4 %add_ln691_594, void %.split34139"   --->   Operation 217 'phi' 'n_V_54' <Predicate = true> <Delay = 0.00>
ST_13 : Operation 218 [1/1] (0.00ns)   --->   "%p_Val2_54 = phi i256 %tmp_294, void, i256 %zext_ln1497_54, void %.split34139"   --->   Operation 218 'phi' 'p_Val2_54' <Predicate = true> <Delay = 0.00>
ST_13 : Operation 219 [1/1] (0.70ns)   --->   "%add_ln691_594 = add i4 %n_V_54, i4 1"   --->   Operation 219 'add' 'add_ln691_594' <Predicate = true> <Delay = 0.70> <CoreInst = "Adder">   --->   Core 1 'Adder' <Latency = 0> <II = 1> <Delay = 0.70> <FuncUnit> <Opcode : 'add' 'sub'> <InPorts = 2> <OutPorts = 1>
ST_13 : Operation 220 [1/1] (0.65ns)   --->   "%icmp_ln878_54 = icmp_eq  i4 %n_V_54, i4 8"   --->   Operation 220 'icmp' 'icmp_ln878_54' <Predicate = true> <Delay = 0.65> <CoreInst = "Cmp">   --->   Core 9 'Cmp' <Latency = 0> <II = 1> <Delay = 0.65> <FuncUnit> <Opcode : 'icmp'> <InPorts = 2> <OutPorts = 1>
ST_13 : Operation 221 [1/1] (0.00ns)   --->   "%speclooptripcount_ln0 = speclooptripcount void @_ssdm_op_SpecLoopTripCount, i64 8, i64 8, i64 8"   --->   Operation 221 'speclooptripcount' 'speclooptripcount_ln0' <Predicate = true> <Delay = 0.00>
ST_13 : Operation 222 [1/1] (0.00ns)   --->   "%br_ln5672 = br i1 %icmp_ln878_54, void %.split34, void" [./dut.cpp:5672]   --->   Operation 222 'br' 'br_ln5672' <Predicate = true> <Delay = 0.00>
ST_13 : Operation 223 [1/1] (0.00ns)   --->   "%specloopname_ln708 = specloopname void @_ssdm_op_SpecLoopName, void @empty_1618"   --->   Operation 223 'specloopname' 'specloopname_ln708' <Predicate = (!icmp_ln878_54)> <Delay = 0.00>
ST_13 : Operation 224 [1/1] (0.00ns)   --->   "%u_54 = trunc i256 %p_Val2_54"   --->   Operation 224 'trunc' 'u_54' <Predicate = (!icmp_ln878_54)> <Delay = 0.00>
ST_13 : Operation 225 [1/1] (0.00ns)   --->   "%local_C_0_0 = bitcast i32 %u_54" [./dut.cpp:5678]   --->   Operation 225 'bitcast' 'local_C_0_0' <Predicate = (!icmp_ln878_54)> <Delay = 0.00>
ST_13 : Operation 226 [1/1] (0.00ns)   --->   "%trunc_ln5678 = trunc i4 %n_V_54" [./dut.cpp:5678]   --->   Operation 226 'trunc' 'trunc_ln5678' <Predicate = (!icmp_ln878_54)> <Delay = 0.00>
ST_13 : Operation 227 [1/1] (0.63ns)   --->   "%switch_ln5678 = switch i3 %trunc_ln5678, void %branch7, i3 0, void %.split34..split34139_crit_edge, i3 1, void %branch1, i3 2, void %branch2, i3 3, void %branch3, i3 4, void %branch4, i3 5, void %branch5, i3 6, void %branch6" [./dut.cpp:5678]   --->   Operation 227 'switch' 'switch_ln5678' <Predicate = (!icmp_ln878_54)> <Delay = 0.63>
ST_13 : Operation 228 [1/1] (0.00ns)   --->   "%store_ln5678 = store i32 %local_C_0_0, i32 %local_C_0_7_379" [./dut.cpp:5678]   --->   Operation 228 'store' 'store_ln5678' <Predicate = (!icmp_ln878_54 & trunc_ln5678 == 6)> <Delay = 0.00>
ST_13 : Operation 229 [1/1] (0.00ns)   --->   "%store_ln5678 = store i32 %local_C_0_0, i32 %u6250" [./dut.cpp:5678]   --->   Operation 229 'store' 'store_ln5678' <Predicate = (!icmp_ln878_54 & trunc_ln5678 == 6)> <Delay = 0.00>
ST_13 : Operation 230 [1/1] (0.00ns)   --->   "%br_ln5678 = br void %.split34139" [./dut.cpp:5678]   --->   Operation 230 'br' 'br_ln5678' <Predicate = (!icmp_ln878_54 & trunc_ln5678 == 6)> <Delay = 0.00>
ST_13 : Operation 231 [1/1] (0.00ns)   --->   "%store_ln5678 = store i32 %local_C_0_0, i32 %local_C_0_7_378" [./dut.cpp:5678]   --->   Operation 231 'store' 'store_ln5678' <Predicate = (!icmp_ln878_54 & trunc_ln5678 == 5)> <Delay = 0.00>
ST_13 : Operation 232 [1/1] (0.00ns)   --->   "%store_ln5678 = store i32 %local_C_0_0, i32 %u5" [./dut.cpp:5678]   --->   Operation 232 'store' 'store_ln5678' <Predicate = (!icmp_ln878_54 & trunc_ln5678 == 5)> <Delay = 0.00>
ST_13 : Operation 233 [1/1] (0.00ns)   --->   "%br_ln5678 = br void %.split34139" [./dut.cpp:5678]   --->   Operation 233 'br' 'br_ln5678' <Predicate = (!icmp_ln878_54 & trunc_ln5678 == 5)> <Delay = 0.00>
ST_13 : Operation 234 [1/1] (0.00ns)   --->   "%store_ln5678 = store i32 %local_C_0_0, i32 %local_C_0_7_377" [./dut.cpp:5678]   --->   Operation 234 'store' 'store_ln5678' <Predicate = (!icmp_ln878_54 & trunc_ln5678 == 4)> <Delay = 0.00>
ST_13 : Operation 235 [1/1] (0.00ns)   --->   "%store_ln5678 = store i32 %local_C_0_0, i32 %u4" [./dut.cpp:5678]   --->   Operation 235 'store' 'store_ln5678' <Predicate = (!icmp_ln878_54 & trunc_ln5678 == 4)> <Delay = 0.00>
ST_13 : Operation 236 [1/1] (0.00ns)   --->   "%br_ln5678 = br void %.split34139" [./dut.cpp:5678]   --->   Operation 236 'br' 'br_ln5678' <Predicate = (!icmp_ln878_54 & trunc_ln5678 == 4)> <Delay = 0.00>
ST_13 : Operation 237 [1/1] (0.00ns)   --->   "%store_ln5678 = store i32 %local_C_0_0, i32 %local_C_0_7_376" [./dut.cpp:5678]   --->   Operation 237 'store' 'store_ln5678' <Predicate = (!icmp_ln878_54 & trunc_ln5678 == 3)> <Delay = 0.00>
ST_13 : Operation 238 [1/1] (0.00ns)   --->   "%store_ln5678 = store i32 %local_C_0_0, i32 %u3" [./dut.cpp:5678]   --->   Operation 238 'store' 'store_ln5678' <Predicate = (!icmp_ln878_54 & trunc_ln5678 == 3)> <Delay = 0.00>
ST_13 : Operation 239 [1/1] (0.00ns)   --->   "%br_ln5678 = br void %.split34139" [./dut.cpp:5678]   --->   Operation 239 'br' 'br_ln5678' <Predicate = (!icmp_ln878_54 & trunc_ln5678 == 3)> <Delay = 0.00>
ST_13 : Operation 240 [1/1] (0.00ns)   --->   "%store_ln5678 = store i32 %local_C_0_0, i32 %local_C_0_7_375" [./dut.cpp:5678]   --->   Operation 240 'store' 'store_ln5678' <Predicate = (!icmp_ln878_54 & trunc_ln5678 == 2)> <Delay = 0.00>
ST_13 : Operation 241 [1/1] (0.00ns)   --->   "%store_ln5678 = store i32 %local_C_0_0, i32 %u2" [./dut.cpp:5678]   --->   Operation 241 'store' 'store_ln5678' <Predicate = (!icmp_ln878_54 & trunc_ln5678 == 2)> <Delay = 0.00>
ST_13 : Operation 242 [1/1] (0.00ns)   --->   "%br_ln5678 = br void %.split34139" [./dut.cpp:5678]   --->   Operation 242 'br' 'br_ln5678' <Predicate = (!icmp_ln878_54 & trunc_ln5678 == 2)> <Delay = 0.00>
ST_13 : Operation 243 [1/1] (0.00ns)   --->   "%store_ln5678 = store i32 %local_C_0_0, i32 %local_C_0_7_374" [./dut.cpp:5678]   --->   Operation 243 'store' 'store_ln5678' <Predicate = (!icmp_ln878_54 & trunc_ln5678 == 1)> <Delay = 0.00>
ST_13 : Operation 244 [1/1] (0.00ns)   --->   "%store_ln5678 = store i32 %local_C_0_0, i32 %u1" [./dut.cpp:5678]   --->   Operation 244 'store' 'store_ln5678' <Predicate = (!icmp_ln878_54 & trunc_ln5678 == 1)> <Delay = 0.00>
ST_13 : Operation 245 [1/1] (0.00ns)   --->   "%br_ln5678 = br void %.split34139" [./dut.cpp:5678]   --->   Operation 245 'br' 'br_ln5678' <Predicate = (!icmp_ln878_54 & trunc_ln5678 == 1)> <Delay = 0.00>
ST_13 : Operation 246 [1/1] (0.00ns)   --->   "%store_ln5678 = store i32 %local_C_0_0, i32 %local_C_0_7" [./dut.cpp:5678]   --->   Operation 246 'store' 'store_ln5678' <Predicate = (!icmp_ln878_54 & trunc_ln5678 == 0)> <Delay = 0.00>
ST_13 : Operation 247 [1/1] (0.00ns)   --->   "%store_ln5678 = store i32 %local_C_0_0, i32 %u0310" [./dut.cpp:5678]   --->   Operation 247 'store' 'store_ln5678' <Predicate = (!icmp_ln878_54 & trunc_ln5678 == 0)> <Delay = 0.00>
ST_13 : Operation 248 [1/1] (0.00ns)   --->   "%br_ln5678 = br void %.split34139" [./dut.cpp:5678]   --->   Operation 248 'br' 'br_ln5678' <Predicate = (!icmp_ln878_54 & trunc_ln5678 == 0)> <Delay = 0.00>
ST_13 : Operation 249 [1/1] (0.00ns)   --->   "%store_ln5678 = store i32 %local_C_0_0, i32 %local_C_0_7_016" [./dut.cpp:5678]   --->   Operation 249 'store' 'store_ln5678' <Predicate = (!icmp_ln878_54 & trunc_ln5678 == 7)> <Delay = 0.00>
ST_13 : Operation 250 [1/1] (0.00ns)   --->   "%store_ln5678 = store i32 %local_C_0_0, i32 %u7240" [./dut.cpp:5678]   --->   Operation 250 'store' 'store_ln5678' <Predicate = (!icmp_ln878_54 & trunc_ln5678 == 7)> <Delay = 0.00>
ST_13 : Operation 251 [1/1] (0.00ns)   --->   "%br_ln5678 = br void %.split34139" [./dut.cpp:5678]   --->   Operation 251 'br' 'br_ln5678' <Predicate = (!icmp_ln878_54 & trunc_ln5678 == 7)> <Delay = 0.00>
ST_13 : Operation 252 [2/2] (0.60ns)   --->   "%local_D_load = load i7 %local_D_addr_54" [./dut.cpp:5684]   --->   Operation 252 'load' 'local_D_load' <Predicate = (icmp_ln878_54)> <Delay = 0.60> <CoreInst = "RAM">   --->   Core 83 'RAM' <Latency = 1> <II = 1> <Delay = 0.60> <Storage> <Opcode : 'load' 'store'> <Ports = 2> <Width = 32> <Depth = 128> <RAM>

State 14 <SV = 11> <Delay = 0.00>
ST_14 : Operation 253 [1/1] (0.00ns)   --->   "%r_54 = partselect i224 @_ssdm_op_PartSelect.i224.i256.i32.i32, i256 %p_Val2_54, i32 32, i32 255"   --->   Operation 253 'partselect' 'r_54' <Predicate = true> <Delay = 0.00>
ST_14 : Operation 254 [1/1] (0.00ns)   --->   "%zext_ln1497_54 = zext i224 %r_54"   --->   Operation 254 'zext' 'zext_ln1497_54' <Predicate = true> <Delay = 0.00>
ST_14 : Operation 255 [1/1] (0.00ns)   --->   "%br_ln0 = br void"   --->   Operation 255 'br' 'br_ln0' <Predicate = true> <Delay = 0.00>

State 15 <SV = 11> <Delay = 0.60>
ST_15 : Operation 256 [1/1] (0.00ns)   --->   "%tmp_293 = bitcast i32 %fifo_B_PE_0_5_x086_read" [/home/rcslfpgaserver/Softwares/Xilinx/Vitis_HLS/2020.2/common/technology/autopilot/hls_stream_39.h:145]   --->   Operation 256 'bitcast' 'tmp_293' <Predicate = true> <Delay = 0.00>
ST_15 : Operation 257 [1/2] (0.60ns)   --->   "%local_D_load = load i7 %local_D_addr_54" [./dut.cpp:5684]   --->   Operation 257 'load' 'local_D_load' <Predicate = true> <Delay = 0.60> <CoreInst = "RAM">   --->   Core 83 'RAM' <Latency = 1> <II = 1> <Delay = 0.60> <Storage> <Opcode : 'load' 'store'> <Ports = 2> <Width = 32> <Depth = 128> <RAM>
ST_15 : Operation 258 [1/1] (0.38ns)   --->   "%br_ln5683 = br void" [./dut.cpp:5683]   --->   Operation 258 'br' 'br_ln5683' <Predicate = true> <Delay = 0.38>

State 16 <SV = 12> <Delay = 1.87>
ST_16 : Operation 259 [1/1] (0.00ns)   --->   "%c9_V = phi i4 %add_ln691_595, void %.split36, i4 0, void"   --->   Operation 259 'phi' 'c9_V' <Predicate = true> <Delay = 0.00>
ST_16 : Operation 260 [1/1] (0.00ns)   --->   "%empty_3597 = phi i32 %add, void %.split36, i32 %local_D_load, void" [./dut.cpp:5684]   --->   Operation 260 'phi' 'empty_3597' <Predicate = true> <Delay = 0.00>
ST_16 : Operation 261 [1/1] (0.70ns)   --->   "%add_ln691_595 = add i4 %c9_V, i4 1"   --->   Operation 261 'add' 'add_ln691_595' <Predicate = true> <Delay = 0.70> <CoreInst = "Adder">   --->   Core 1 'Adder' <Latency = 0> <II = 1> <Delay = 0.70> <FuncUnit> <Opcode : 'add' 'sub'> <InPorts = 2> <OutPorts = 1>
ST_16 : Operation 262 [1/1] (0.65ns)   --->   "%icmp_ln890_474 = icmp_eq  i4 %c9_V, i4 8"   --->   Operation 262 'icmp' 'icmp_ln890_474' <Predicate = true> <Delay = 0.65> <CoreInst = "Cmp">   --->   Core 9 'Cmp' <Latency = 0> <II = 1> <Delay = 0.65> <FuncUnit> <Opcode : 'icmp'> <InPorts = 2> <OutPorts = 1>
ST_16 : Operation 263 [1/1] (0.00ns)   --->   "%speclooptripcount_ln0 = speclooptripcount void @_ssdm_op_SpecLoopTripCount, i64 8, i64 8, i64 8"   --->   Operation 263 'speclooptripcount' 'speclooptripcount_ln0' <Predicate = true> <Delay = 0.00>
ST_16 : Operation 264 [1/1] (0.00ns)   --->   "%br_ln5683 = br i1 %icmp_ln890_474, void %.split36, void" [./dut.cpp:5683]   --->   Operation 264 'br' 'br_ln5683' <Predicate = true> <Delay = 0.00>
ST_16 : Operation 265 [1/1] (0.00ns)   --->   "%local_A_0_0_7_load = load i32 %local_A_0_0_7" [./dut.cpp:5684]   --->   Operation 265 'load' 'local_A_0_0_7_load' <Predicate = (!icmp_ln890_474)> <Delay = 0.00>
ST_16 : Operation 266 [1/1] (0.00ns)   --->   "%local_A_0_0_7_373_load = load i32 %local_A_0_0_7_373" [./dut.cpp:5684]   --->   Operation 266 'load' 'local_A_0_0_7_373_load' <Predicate = (!icmp_ln890_474)> <Delay = 0.00>
ST_16 : Operation 267 [1/1] (0.00ns)   --->   "%local_A_0_0_7_374_load = load i32 %local_A_0_0_7_374" [./dut.cpp:5684]   --->   Operation 267 'load' 'local_A_0_0_7_374_load' <Predicate = (!icmp_ln890_474)> <Delay = 0.00>
ST_16 : Operation 268 [1/1] (0.00ns)   --->   "%local_A_0_0_7_375_load = load i32 %local_A_0_0_7_375" [./dut.cpp:5684]   --->   Operation 268 'load' 'local_A_0_0_7_375_load' <Predicate = (!icmp_ln890_474)> <Delay = 0.00>
ST_16 : Operation 269 [1/1] (0.00ns)   --->   "%local_A_0_0_7_376_load = load i32 %local_A_0_0_7_376" [./dut.cpp:5684]   --->   Operation 269 'load' 'local_A_0_0_7_376_load' <Predicate = (!icmp_ln890_474)> <Delay = 0.00>
ST_16 : Operation 270 [1/1] (0.00ns)   --->   "%local_A_0_0_7_377_load = load i32 %local_A_0_0_7_377" [./dut.cpp:5684]   --->   Operation 270 'load' 'local_A_0_0_7_377_load' <Predicate = (!icmp_ln890_474)> <Delay = 0.00>
ST_16 : Operation 271 [1/1] (0.00ns)   --->   "%local_A_0_0_7_378_load = load i32 %local_A_0_0_7_378" [./dut.cpp:5684]   --->   Operation 271 'load' 'local_A_0_0_7_378_load' <Predicate = (!icmp_ln890_474)> <Delay = 0.00>
ST_16 : Operation 272 [1/1] (0.00ns)   --->   "%local_A_0_0_7_08_load = load i32 %local_A_0_0_7_08" [./dut.cpp:5684]   --->   Operation 272 'load' 'local_A_0_0_7_08_load' <Predicate = (!icmp_ln890_474)> <Delay = 0.00>
ST_16 : Operation 273 [1/1] (0.00ns)   --->   "%trunc_ln5684 = trunc i4 %c9_V" [./dut.cpp:5684]   --->   Operation 273 'trunc' 'trunc_ln5684' <Predicate = (!icmp_ln890_474)> <Delay = 0.00>
ST_16 : Operation 274 [1/1] (0.58ns)   --->   "%tmp_s = mux i32 @_ssdm_op_Mux.ap_auto.8float.i3, i32 %local_A_0_0_7_load, i32 %local_A_0_0_7_373_load, i32 %local_A_0_0_7_374_load, i32 %local_A_0_0_7_375_load, i32 %local_A_0_0_7_376_load, i32 %local_A_0_0_7_377_load, i32 %local_A_0_0_7_378_load, i32 %local_A_0_0_7_08_load, i3 %trunc_ln5684" [./dut.cpp:5684]   --->   Operation 274 'mux' 'tmp_s' <Predicate = (!icmp_ln890_474)> <Delay = 0.58> <CoreInst = "Multiplexer">   --->   Core 76 'Multiplexer' <Latency = 0> <II = 1> <Delay = 0.58> <FuncUnit> <Opcode : 'mux'> <InPorts = 2> <OutPorts = 1>
ST_16 : Operation 275 [1/1] (0.60ns)   --->   "%store_ln5684 = store i32 %empty_3597, i7 %local_D_addr_54" [./dut.cpp:5684]   --->   Operation 275 'store' 'store_ln5684' <Predicate = (icmp_ln890_474)> <Delay = 0.60> <CoreInst = "RAM">   --->   Core 83 'RAM' <Latency = 1> <II = 1> <Delay = 0.60> <Storage> <Opcode : 'load' 'store'> <Ports = 2> <Width = 32> <Depth = 128> <RAM>
ST_16 : Operation 276 [1/1] (0.00ns)   --->   "%br_ln5686 = br i1 %brmerge906, void, void %._crit_edge" [./dut.cpp:5686]   --->   Operation 276 'br' 'br_ln5686' <Predicate = (icmp_ln890_474)> <Delay = 0.00>
ST_16 : Operation 277 [1/1] (0.00ns)   --->   "%bitcast_ln174 = bitcast i32 %empty_3597" [/home/rcslfpgaserver/Softwares/Xilinx/Vitis_HLS/2020.2/common/technology/autopilot/hls_stream_39.h:174]   --->   Operation 277 'bitcast' 'bitcast_ln174' <Predicate = (icmp_ln890_474 & !brmerge906)> <Delay = 0.00>
ST_16 : Operation 278 [1/1] (1.21ns)   --->   "%write_ln174 = write void @_ssdm_op_Write.ap_fifo.volatile.i32P0A, i32 %fifo_D_drain_PE_0_5_x0161, i32 %bitcast_ln174" [/home/rcslfpgaserver/Softwares/Xilinx/Vitis_HLS/2020.2/common/technology/autopilot/hls_stream_39.h:174]   --->   Operation 278 'write' 'write_ln174' <Predicate = (icmp_ln890_474 & !brmerge906)> <Delay = 1.21> <CoreInst = "FIFO_SRL">   --->   Core 81 'FIFO_SRL' <Latency = 0> <II = 1> <Delay = 1.39> <Storage> <Opcode : 'read' 'write' 'nbread' 'nbwrite'> <Ports = 0> <Width = 32> <Depth = 2> <FIFO>
ST_16 : Operation 279 [1/1] (0.00ns)   --->   "%br_ln5687 = br void %._crit_edge" [./dut.cpp:5687]   --->   Operation 279 'br' 'br_ln5687' <Predicate = (icmp_ln890_474 & !brmerge906)> <Delay = 0.00>
ST_16 : Operation 280 [1/1] (0.00ns)   --->   "%u7240_load = load i32 %u7240" [./dut.cpp:5702]   --->   Operation 280 'load' 'u7240_load' <Predicate = (icmp_ln890_474)> <Delay = 0.00>
ST_16 : Operation 281 [1/1] (0.00ns)   --->   "%u6250_load = load i32 %u6250" [./dut.cpp:5702]   --->   Operation 281 'load' 'u6250_load' <Predicate = (icmp_ln890_474)> <Delay = 0.00>
ST_16 : Operation 282 [1/1] (0.00ns)   --->   "%u5_load = load i32 %u5" [./dut.cpp:5702]   --->   Operation 282 'load' 'u5_load' <Predicate = (icmp_ln890_474)> <Delay = 0.00>
ST_16 : Operation 283 [1/1] (0.00ns)   --->   "%u4_load = load i32 %u4" [./dut.cpp:5702]   --->   Operation 283 'load' 'u4_load' <Predicate = (icmp_ln890_474)> <Delay = 0.00>
ST_16 : Operation 284 [1/1] (0.00ns)   --->   "%u3_load = load i32 %u3" [./dut.cpp:5702]   --->   Operation 284 'load' 'u3_load' <Predicate = (icmp_ln890_474)> <Delay = 0.00>
ST_16 : Operation 285 [1/1] (0.00ns)   --->   "%u2_load = load i32 %u2" [./dut.cpp:5702]   --->   Operation 285 'load' 'u2_load' <Predicate = (icmp_ln890_474)> <Delay = 0.00>
ST_16 : Operation 286 [1/1] (0.00ns)   --->   "%u1_load = load i32 %u1" [./dut.cpp:5702]   --->   Operation 286 'load' 'u1_load' <Predicate = (icmp_ln890_474)> <Delay = 0.00>
ST_16 : Operation 287 [1/1] (0.00ns)   --->   "%u0310_load = load i32 %u0310" [./dut.cpp:5702]   --->   Operation 287 'load' 'u0310_load' <Predicate = (icmp_ln890_474)> <Delay = 0.00>
ST_16 : Operation 288 [1/1] (0.00ns)   --->   "%u7_load = load i32 %u7" [./dut.cpp:5720]   --->   Operation 288 'load' 'u7_load' <Predicate = (icmp_ln890_474)> <Delay = 0.00>
ST_16 : Operation 289 [1/1] (0.00ns)   --->   "%u6_load = load i32 %u6" [./dut.cpp:5720]   --->   Operation 289 'load' 'u6_load' <Predicate = (icmp_ln890_474)> <Delay = 0.00>
ST_16 : Operation 290 [1/1] (0.00ns)   --->   "%u5_54_load = load i32 %u5_54" [./dut.cpp:5720]   --->   Operation 290 'load' 'u5_54_load' <Predicate = (icmp_ln890_474)> <Delay = 0.00>
ST_16 : Operation 291 [1/1] (0.00ns)   --->   "%u4_54_load = load i32 %u4_54" [./dut.cpp:5720]   --->   Operation 291 'load' 'u4_54_load' <Predicate = (icmp_ln890_474)> <Delay = 0.00>
ST_16 : Operation 292 [1/1] (0.00ns)   --->   "%u3_54_load = load i32 %u3_54" [./dut.cpp:5720]   --->   Operation 292 'load' 'u3_54_load' <Predicate = (icmp_ln890_474)> <Delay = 0.00>
ST_16 : Operation 293 [1/1] (0.00ns)   --->   "%u2_54_load = load i32 %u2_54" [./dut.cpp:5720]   --->   Operation 293 'load' 'u2_54_load' <Predicate = (icmp_ln890_474)> <Delay = 0.00>
ST_16 : Operation 294 [1/1] (0.00ns)   --->   "%u1_54_load = load i32 %u1_54" [./dut.cpp:5720]   --->   Operation 294 'load' 'u1_54_load' <Predicate = (icmp_ln890_474)> <Delay = 0.00>
ST_16 : Operation 295 [1/1] (0.00ns)   --->   "%u0_load = load i32 %u0" [./dut.cpp:5720]   --->   Operation 295 'load' 'u0_load' <Predicate = (icmp_ln890_474)> <Delay = 0.00>
ST_16 : Operation 296 [1/1] (0.00ns)   --->   "%v1_V = bitcast i32 %u7240_load" [./dut.cpp:5702]   --->   Operation 296 'bitcast' 'v1_V' <Predicate = (icmp_ln890_474)> <Delay = 0.00>
ST_16 : Operation 297 [1/1] (0.00ns)   --->   "%v2_V_1343 = bitcast i32 %u6250_load" [./dut.cpp:5702]   --->   Operation 297 'bitcast' 'v2_V_1343' <Predicate = (icmp_ln890_474)> <Delay = 0.00>
ST_16 : Operation 298 [1/1] (0.00ns)   --->   "%v2_V_1342 = bitcast i32 %u5_load" [./dut.cpp:5702]   --->   Operation 298 'bitcast' 'v2_V_1342' <Predicate = (icmp_ln890_474)> <Delay = 0.00>
ST_16 : Operation 299 [1/1] (0.00ns)   --->   "%v2_V_1341 = bitcast i32 %u4_load" [./dut.cpp:5702]   --->   Operation 299 'bitcast' 'v2_V_1341' <Predicate = (icmp_ln890_474)> <Delay = 0.00>
ST_16 : Operation 300 [1/1] (0.00ns)   --->   "%v2_V_1340 = bitcast i32 %u3_load" [./dut.cpp:5702]   --->   Operation 300 'bitcast' 'v2_V_1340' <Predicate = (icmp_ln890_474)> <Delay = 0.00>
ST_16 : Operation 301 [1/1] (0.00ns)   --->   "%v2_V_1339 = bitcast i32 %u2_load" [./dut.cpp:5702]   --->   Operation 301 'bitcast' 'v2_V_1339' <Predicate = (icmp_ln890_474)> <Delay = 0.00>
ST_16 : Operation 302 [1/1] (0.00ns)   --->   "%v2_V_1338 = bitcast i32 %u1_load" [./dut.cpp:5702]   --->   Operation 302 'bitcast' 'v2_V_1338' <Predicate = (icmp_ln890_474)> <Delay = 0.00>
ST_16 : Operation 303 [1/1] (0.00ns)   --->   "%v2_V = bitcast i32 %u0310_load" [./dut.cpp:5702]   --->   Operation 303 'bitcast' 'v2_V' <Predicate = (icmp_ln890_474)> <Delay = 0.00>
ST_16 : Operation 304 [1/1] (0.00ns)   --->   "%p_Result_s = bitconcatenate i256 @_ssdm_op_BitConcatenate.i256.i32.i32.i32.i32.i32.i32.i32.i32, i32 %v1_V, i32 %v2_V_1343, i32 %v2_V_1342, i32 %v2_V_1341, i32 %v2_V_1340, i32 %v2_V_1339, i32 %v2_V_1338, i32 %v2_V"   --->   Operation 304 'bitconcatenate' 'p_Result_s' <Predicate = (icmp_ln890_474)> <Delay = 0.00>
ST_16 : Operation 305 [1/1] (1.21ns)   --->   "%write_ln174 = write void @_ssdm_op_Write.ap_fifo.volatile.i256P0A, i256 %fifo_C_PE_1_5_x0127, i256 %p_Result_s" [/home/rcslfpgaserver/Softwares/Xilinx/Vitis_HLS/2020.2/common/technology/autopilot/hls_stream_39.h:174]   --->   Operation 305 'write' 'write_ln174' <Predicate = (icmp_ln890_474)> <Delay = 1.21> <CoreInst = "FIFO_SRL">   --->   Core 81 'FIFO_SRL' <Latency = 0> <II = 1> <Delay = 1.42> <Storage> <Opcode : 'read' 'write' 'nbread' 'nbwrite'> <Ports = 0> <Width = 256> <Depth = 2> <FIFO>
ST_16 : Operation 306 [1/1] (1.21ns)   --->   "%write_ln174 = write void @_ssdm_op_Write.ap_fifo.volatile.i32P0A, i32 %fifo_B_PE_1_5_x087, i32 %fifo_B_PE_0_5_x086_read" [/home/rcslfpgaserver/Softwares/Xilinx/Vitis_HLS/2020.2/common/technology/autopilot/hls_stream_39.h:174]   --->   Operation 306 'write' 'write_ln174' <Predicate = (icmp_ln890_474)> <Delay = 1.21> <CoreInst = "FIFO_SRL">   --->   Core 81 'FIFO_SRL' <Latency = 0> <II = 1> <Delay = 1.39> <Storage> <Opcode : 'read' 'write' 'nbread' 'nbwrite'> <Ports = 0> <Width = 32> <Depth = 2> <FIFO>
ST_16 : Operation 307 [1/1] (0.00ns)   --->   "%v1_V_54 = bitcast i32 %u7_load" [./dut.cpp:5720]   --->   Operation 307 'bitcast' 'v1_V_54' <Predicate = (icmp_ln890_474)> <Delay = 0.00>
ST_16 : Operation 308 [1/1] (0.00ns)   --->   "%v2_V_1350 = bitcast i32 %u6_load" [./dut.cpp:5720]   --->   Operation 308 'bitcast' 'v2_V_1350' <Predicate = (icmp_ln890_474)> <Delay = 0.00>
ST_16 : Operation 309 [1/1] (0.00ns)   --->   "%v2_V_1349 = bitcast i32 %u5_54_load" [./dut.cpp:5720]   --->   Operation 309 'bitcast' 'v2_V_1349' <Predicate = (icmp_ln890_474)> <Delay = 0.00>
ST_16 : Operation 310 [1/1] (0.00ns)   --->   "%v2_V_1348 = bitcast i32 %u4_54_load" [./dut.cpp:5720]   --->   Operation 310 'bitcast' 'v2_V_1348' <Predicate = (icmp_ln890_474)> <Delay = 0.00>
ST_16 : Operation 311 [1/1] (0.00ns)   --->   "%v2_V_1347 = bitcast i32 %u3_54_load" [./dut.cpp:5720]   --->   Operation 311 'bitcast' 'v2_V_1347' <Predicate = (icmp_ln890_474)> <Delay = 0.00>
ST_16 : Operation 312 [1/1] (0.00ns)   --->   "%v2_V_1346 = bitcast i32 %u2_54_load" [./dut.cpp:5720]   --->   Operation 312 'bitcast' 'v2_V_1346' <Predicate = (icmp_ln890_474)> <Delay = 0.00>
ST_16 : Operation 313 [1/1] (0.00ns)   --->   "%v2_V_1345 = bitcast i32 %u1_54_load" [./dut.cpp:5720]   --->   Operation 313 'bitcast' 'v2_V_1345' <Predicate = (icmp_ln890_474)> <Delay = 0.00>
ST_16 : Operation 314 [1/1] (0.00ns)   --->   "%v2_V_1344 = bitcast i32 %u0_load" [./dut.cpp:5720]   --->   Operation 314 'bitcast' 'v2_V_1344' <Predicate = (icmp_ln890_474)> <Delay = 0.00>
ST_16 : Operation 315 [1/1] (0.00ns)   --->   "%p_Result_54 = bitconcatenate i256 @_ssdm_op_BitConcatenate.i256.i32.i32.i32.i32.i32.i32.i32.i32, i32 %v1_V_54, i32 %v2_V_1350, i32 %v2_V_1349, i32 %v2_V_1348, i32 %v2_V_1347, i32 %v2_V_1346, i32 %v2_V_1345, i32 %v2_V_1344"   --->   Operation 315 'bitconcatenate' 'p_Result_54' <Predicate = (icmp_ln890_474)> <Delay = 0.00>
ST_16 : Operation 316 [1/1] (1.21ns)   --->   "%write_ln174 = write void @_ssdm_op_Write.ap_fifo.volatile.i256P0A, i256 %fifo_A_PE_0_6_x031, i256 %p_Result_54" [/home/rcslfpgaserver/Softwares/Xilinx/Vitis_HLS/2020.2/common/technology/autopilot/hls_stream_39.h:174]   --->   Operation 316 'write' 'write_ln174' <Predicate = (icmp_ln890_474)> <Delay = 1.21> <CoreInst = "FIFO_SRL">   --->   Core 81 'FIFO_SRL' <Latency = 0> <II = 1> <Delay = 1.42> <Storage> <Opcode : 'read' 'write' 'nbread' 'nbwrite'> <Ports = 0> <Width = 256> <Depth = 2> <FIFO>
ST_16 : Operation 317 [1/1] (0.00ns)   --->   "%br_ln0 = br void"   --->   Operation 317 'br' 'br_ln0' <Predicate = (icmp_ln890_474)> <Delay = 0.00>

State 17 <SV = 13> <Delay = 2.32>
ST_17 : Operation 318 [4/4] (2.32ns)   --->   "%mul = fmul i32 %tmp_s, i32 %tmp_293" [./dut.cpp:5684]   --->   Operation 318 'fmul' 'mul' <Predicate = true> <Delay = 2.32> <CoreInst = "FMul_maxdsp">   --->   Core 30 'FMul_maxdsp' <Latency = 3> <II = 1> <Delay = 2.32> <FuncUnit> <Opcode : 'fmul'> <InPorts = 2> <OutPorts = 1>

State 18 <SV = 14> <Delay = 2.32>
ST_18 : Operation 319 [3/4] (2.32ns)   --->   "%mul = fmul i32 %tmp_s, i32 %tmp_293" [./dut.cpp:5684]   --->   Operation 319 'fmul' 'mul' <Predicate = true> <Delay = 2.32> <CoreInst = "FMul_maxdsp">   --->   Core 30 'FMul_maxdsp' <Latency = 3> <II = 1> <Delay = 2.32> <FuncUnit> <Opcode : 'fmul'> <InPorts = 2> <OutPorts = 1>

State 19 <SV = 15> <Delay = 2.32>
ST_19 : Operation 320 [2/4] (2.32ns)   --->   "%mul = fmul i32 %tmp_s, i32 %tmp_293" [./dut.cpp:5684]   --->   Operation 320 'fmul' 'mul' <Predicate = true> <Delay = 2.32> <CoreInst = "FMul_maxdsp">   --->   Core 30 'FMul_maxdsp' <Latency = 3> <II = 1> <Delay = 2.32> <FuncUnit> <Opcode : 'fmul'> <InPorts = 2> <OutPorts = 1>

State 20 <SV = 16> <Delay = 2.32>
ST_20 : Operation 321 [1/1] (0.00ns)   --->   "%local_C_0_7_load = load i32 %local_C_0_7" [./dut.cpp:5684]   --->   Operation 321 'load' 'local_C_0_7_load' <Predicate = true> <Delay = 0.00>
ST_20 : Operation 322 [1/1] (0.00ns)   --->   "%local_C_0_7_374_load = load i32 %local_C_0_7_374" [./dut.cpp:5684]   --->   Operation 322 'load' 'local_C_0_7_374_load' <Predicate = true> <Delay = 0.00>
ST_20 : Operation 323 [1/1] (0.00ns)   --->   "%local_C_0_7_375_load = load i32 %local_C_0_7_375" [./dut.cpp:5684]   --->   Operation 323 'load' 'local_C_0_7_375_load' <Predicate = true> <Delay = 0.00>
ST_20 : Operation 324 [1/1] (0.00ns)   --->   "%local_C_0_7_376_load = load i32 %local_C_0_7_376" [./dut.cpp:5684]   --->   Operation 324 'load' 'local_C_0_7_376_load' <Predicate = true> <Delay = 0.00>
ST_20 : Operation 325 [1/1] (0.00ns)   --->   "%local_C_0_7_377_load = load i32 %local_C_0_7_377" [./dut.cpp:5684]   --->   Operation 325 'load' 'local_C_0_7_377_load' <Predicate = true> <Delay = 0.00>
ST_20 : Operation 326 [1/1] (0.00ns)   --->   "%local_C_0_7_378_load = load i32 %local_C_0_7_378" [./dut.cpp:5684]   --->   Operation 326 'load' 'local_C_0_7_378_load' <Predicate = true> <Delay = 0.00>
ST_20 : Operation 327 [1/1] (0.00ns)   --->   "%local_C_0_7_379_load = load i32 %local_C_0_7_379" [./dut.cpp:5684]   --->   Operation 327 'load' 'local_C_0_7_379_load' <Predicate = true> <Delay = 0.00>
ST_20 : Operation 328 [1/1] (0.00ns)   --->   "%local_C_0_7_016_load = load i32 %local_C_0_7_016" [./dut.cpp:5684]   --->   Operation 328 'load' 'local_C_0_7_016_load' <Predicate = true> <Delay = 0.00>
ST_20 : Operation 329 [1/4] (2.32ns)   --->   "%mul = fmul i32 %tmp_s, i32 %tmp_293" [./dut.cpp:5684]   --->   Operation 329 'fmul' 'mul' <Predicate = true> <Delay = 2.32> <CoreInst = "FMul_maxdsp">   --->   Core 30 'FMul_maxdsp' <Latency = 3> <II = 1> <Delay = 2.32> <FuncUnit> <Opcode : 'fmul'> <InPorts = 2> <OutPorts = 1>
ST_20 : Operation 330 [1/1] (0.58ns)   --->   "%tmp_44 = mux i32 @_ssdm_op_Mux.ap_auto.8float.i3, i32 %local_C_0_7_load, i32 %local_C_0_7_374_load, i32 %local_C_0_7_375_load, i32 %local_C_0_7_376_load, i32 %local_C_0_7_377_load, i32 %local_C_0_7_378_load, i32 %local_C_0_7_379_load, i32 %local_C_0_7_016_load, i3 %trunc_ln5684" [./dut.cpp:5684]   --->   Operation 330 'mux' 'tmp_44' <Predicate = true> <Delay = 0.58> <CoreInst = "Multiplexer">   --->   Core 76 'Multiplexer' <Latency = 0> <II = 1> <Delay = 0.58> <FuncUnit> <Opcode : 'mux'> <InPorts = 2> <OutPorts = 1>

State 21 <SV = 17> <Delay = 2.32>
ST_21 : Operation 331 [4/4] (2.32ns)   --->   "%mul9 = fmul i32 %mul, i32 %tmp_44" [./dut.cpp:5684]   --->   Operation 331 'fmul' 'mul9' <Predicate = true> <Delay = 2.32> <CoreInst = "FMul_maxdsp">   --->   Core 30 'FMul_maxdsp' <Latency = 3> <II = 1> <Delay = 2.32> <FuncUnit> <Opcode : 'fmul'> <InPorts = 2> <OutPorts = 1>

State 22 <SV = 18> <Delay = 2.32>
ST_22 : Operation 332 [3/4] (2.32ns)   --->   "%mul9 = fmul i32 %mul, i32 %tmp_44" [./dut.cpp:5684]   --->   Operation 332 'fmul' 'mul9' <Predicate = true> <Delay = 2.32> <CoreInst = "FMul_maxdsp">   --->   Core 30 'FMul_maxdsp' <Latency = 3> <II = 1> <Delay = 2.32> <FuncUnit> <Opcode : 'fmul'> <InPorts = 2> <OutPorts = 1>

State 23 <SV = 19> <Delay = 2.32>
ST_23 : Operation 333 [2/4] (2.32ns)   --->   "%mul9 = fmul i32 %mul, i32 %tmp_44" [./dut.cpp:5684]   --->   Operation 333 'fmul' 'mul9' <Predicate = true> <Delay = 2.32> <CoreInst = "FMul_maxdsp">   --->   Core 30 'FMul_maxdsp' <Latency = 3> <II = 1> <Delay = 2.32> <FuncUnit> <Opcode : 'fmul'> <InPorts = 2> <OutPorts = 1>

State 24 <SV = 20> <Delay = 2.32>
ST_24 : Operation 334 [1/4] (2.32ns)   --->   "%mul9 = fmul i32 %mul, i32 %tmp_44" [./dut.cpp:5684]   --->   Operation 334 'fmul' 'mul9' <Predicate = true> <Delay = 2.32> <CoreInst = "FMul_maxdsp">   --->   Core 30 'FMul_maxdsp' <Latency = 3> <II = 1> <Delay = 2.32> <FuncUnit> <Opcode : 'fmul'> <InPorts = 2> <OutPorts = 1>

State 25 <SV = 21> <Delay = 2.34>
ST_25 : Operation 335 [7/7] (2.34ns)   --->   "%add = fadd i32 %empty_3597, i32 %mul9" [./dut.cpp:5684]   --->   Operation 335 'fadd' 'add' <Predicate = true> <Delay = 2.34> <CoreInst = "FAddSub_fulldsp">   --->   Core 18 'FAddSub_fulldsp' <Latency = 6> <II = 1> <Delay = 2.34> <FuncUnit> <Opcode : 'fadd' 'fsub'> <InPorts = 2> <OutPorts = 1>

State 26 <SV = 22> <Delay = 2.34>
ST_26 : Operation 336 [6/7] (2.34ns)   --->   "%add = fadd i32 %empty_3597, i32 %mul9" [./dut.cpp:5684]   --->   Operation 336 'fadd' 'add' <Predicate = true> <Delay = 2.34> <CoreInst = "FAddSub_fulldsp">   --->   Core 18 'FAddSub_fulldsp' <Latency = 6> <II = 1> <Delay = 2.34> <FuncUnit> <Opcode : 'fadd' 'fsub'> <InPorts = 2> <OutPorts = 1>

State 27 <SV = 23> <Delay = 2.34>
ST_27 : Operation 337 [5/7] (2.34ns)   --->   "%add = fadd i32 %empty_3597, i32 %mul9" [./dut.cpp:5684]   --->   Operation 337 'fadd' 'add' <Predicate = true> <Delay = 2.34> <CoreInst = "FAddSub_fulldsp">   --->   Core 18 'FAddSub_fulldsp' <Latency = 6> <II = 1> <Delay = 2.34> <FuncUnit> <Opcode : 'fadd' 'fsub'> <InPorts = 2> <OutPorts = 1>

State 28 <SV = 24> <Delay = 2.34>
ST_28 : Operation 338 [4/7] (2.34ns)   --->   "%add = fadd i32 %empty_3597, i32 %mul9" [./dut.cpp:5684]   --->   Operation 338 'fadd' 'add' <Predicate = true> <Delay = 2.34> <CoreInst = "FAddSub_fulldsp">   --->   Core 18 'FAddSub_fulldsp' <Latency = 6> <II = 1> <Delay = 2.34> <FuncUnit> <Opcode : 'fadd' 'fsub'> <InPorts = 2> <OutPorts = 1>

State 29 <SV = 25> <Delay = 2.34>
ST_29 : Operation 339 [3/7] (2.34ns)   --->   "%add = fadd i32 %empty_3597, i32 %mul9" [./dut.cpp:5684]   --->   Operation 339 'fadd' 'add' <Predicate = true> <Delay = 2.34> <CoreInst = "FAddSub_fulldsp">   --->   Core 18 'FAddSub_fulldsp' <Latency = 6> <II = 1> <Delay = 2.34> <FuncUnit> <Opcode : 'fadd' 'fsub'> <InPorts = 2> <OutPorts = 1>

State 30 <SV = 26> <Delay = 2.34>
ST_30 : Operation 340 [2/7] (2.34ns)   --->   "%add = fadd i32 %empty_3597, i32 %mul9" [./dut.cpp:5684]   --->   Operation 340 'fadd' 'add' <Predicate = true> <Delay = 2.34> <CoreInst = "FAddSub_fulldsp">   --->   Core 18 'FAddSub_fulldsp' <Latency = 6> <II = 1> <Delay = 2.34> <FuncUnit> <Opcode : 'fadd' 'fsub'> <InPorts = 2> <OutPorts = 1>

State 31 <SV = 27> <Delay = 2.34>
ST_31 : Operation 341 [1/1] (0.00ns)   --->   "%specloopname_ln5683 = specloopname void @_ssdm_op_SpecLoopName, void @empty_328" [./dut.cpp:5683]   --->   Operation 341 'specloopname' 'specloopname_ln5683' <Predicate = true> <Delay = 0.00>
ST_31 : Operation 342 [1/7] (2.34ns)   --->   "%add = fadd i32 %empty_3597, i32 %mul9" [./dut.cpp:5684]   --->   Operation 342 'fadd' 'add' <Predicate = true> <Delay = 2.34> <CoreInst = "FAddSub_fulldsp">   --->   Core 18 'FAddSub_fulldsp' <Latency = 6> <II = 1> <Delay = 2.34> <FuncUnit> <Opcode : 'fadd' 'fsub'> <InPorts = 2> <OutPorts = 1>
ST_31 : Operation 343 [1/1] (0.00ns)   --->   "%br_ln0 = br void"   --->   Operation 343 'br' 'br_ln0' <Predicate = true> <Delay = 0.00>


============================================================
+ Verbose Summary: Timing violations
============================================================
Target clock period: 3.33ns, clock uncertainty: 0.9ns.

 <State 1>: 0.387ns
The critical path consists of the following:
	multiplexor before 'phi' operation ('c0.V') with incoming values : ('add_ln691') [57]  (0.387 ns)

 <State 2>: 0.572ns
The critical path consists of the following:
	'phi' operation ('c0.V') with incoming values : ('add_ln691') [57]  (0 ns)
	'add' operation ('add_ln691') [58]  (0.572 ns)

 <State 3>: 0.741ns
The critical path consists of the following:
	'phi' operation ('c1.V') with incoming values : ('add_ln691_588') [66]  (0 ns)
	'or' operation ('ret') [74]  (0 ns)
	'icmp' operation ('icmp_ln890_467') [75]  (0.619 ns)
	blocking operation 0.122 ns on control path)

 <State 4>: 0.708ns
The critical path consists of the following:
	'phi' operation ('c6.V') with incoming values : ('add_ln691_586') [80]  (0 ns)
	'add' operation ('add_ln691_586') [81]  (0.708 ns)

 <State 5>: 1.31ns
The critical path consists of the following:
	'phi' operation ('c7.V') with incoming values : ('add_ln691_587') [90]  (0 ns)
	'add' operation ('add_ln5641', ./dut.cpp:5641) [94]  (0.706 ns)
	'getelementptr' operation ('local_D_addr', ./dut.cpp:5641) [96]  (0 ns)
	'store' operation ('store_ln5641', ./dut.cpp:5641) of constant 0 on array 'local_D', ./dut.cpp:5628 [102]  (0.6 ns)

 <State 6>: 0.705ns
The critical path consists of the following:
	'phi' operation ('c2.V') with incoming values : ('c2.V') [109]  (0 ns)
	'add' operation ('c2.V') [110]  (0.705 ns)

 <State 7>: 0.436ns
The critical path consists of the following:
	'phi' operation ('c5.V') with incoming values : ('add_ln691_590') [119]  (0 ns)
	'add' operation ('add_ln691_590') [120]  (0.436 ns)

 <State 8>: 0.741ns
The critical path consists of the following:
	'phi' operation ('c6.V') with incoming values : ('add_ln691_591') [129]  (0 ns)
	'icmp' operation ('cmp_i_i_not') [136]  (0.619 ns)
	'or' operation ('tmp') [137]  (0 ns)
	'or' operation ('brmerge906') [138]  (0.122 ns)

 <State 9>: 0.708ns
The critical path consists of the following:
	'phi' operation ('c7.V') with incoming values : ('add_ln691_592') [141]  (0 ns)
	'add' operation ('add_ln691_592') [142]  (0.708 ns)

 <State 10>: 1.85ns
The critical path consists of the following:
	fifo read on port 'fifo_A_PE_0_5_x030' (/home/rcslfpgaserver/Softwares/Xilinx/Vitis_HLS/2020.2/common/technology/autopilot/hls_stream_39.h:145) [163]  (1.22 ns)
	blocking operation 0.637 ns on control path)

 <State 11>: 1.87ns
The critical path consists of the following:
	fifo read on port 'fifo_B_PE_0_5_x086' (/home/rcslfpgaserver/Softwares/Xilinx/Vitis_HLS/2020.2/common/technology/autopilot/hls_stream_39.h:145) [215]  (1.22 ns)
	blocking operation 0.656 ns on control path)

 <State 12>: 0ns
The critical path consists of the following:

 <State 13>: 0.708ns
The critical path consists of the following:
	'phi' operation ('n.V') with incoming values : ('add_ln691_594') [219]  (0 ns)
	'add' operation ('add_ln691_594') [221]  (0.708 ns)

 <State 14>: 0ns
The critical path consists of the following:

 <State 15>: 0.6ns
The critical path consists of the following:
	'load' operation ('local_D_load', ./dut.cpp:5684) on array 'local_D', ./dut.cpp:5628 [269]  (0.6 ns)

 <State 16>: 1.87ns
The critical path consists of the following:
	'phi' operation ('empty_3597', ./dut.cpp:5684) with incoming values : ('local_D_load', ./dut.cpp:5684) ('add', ./dut.cpp:5684) [273]  (0 ns)
	fifo write on port 'fifo_D_drain_PE_0_5_x0161' (/home/rcslfpgaserver/Softwares/Xilinx/Vitis_HLS/2020.2/common/technology/autopilot/hls_stream_39.h:174) [308]  (1.22 ns)
	blocking operation 0.656 ns on control path)

 <State 17>: 2.32ns
The critical path consists of the following:
	'fmul' operation ('mul', ./dut.cpp:5684) [298]  (2.32 ns)

 <State 18>: 2.32ns
The critical path consists of the following:
	'fmul' operation ('mul', ./dut.cpp:5684) [298]  (2.32 ns)

 <State 19>: 2.32ns
The critical path consists of the following:
	'fmul' operation ('mul', ./dut.cpp:5684) [298]  (2.32 ns)

 <State 20>: 2.32ns
The critical path consists of the following:
	'fmul' operation ('mul', ./dut.cpp:5684) [298]  (2.32 ns)

 <State 21>: 2.32ns
The critical path consists of the following:
	'fmul' operation ('mul9', ./dut.cpp:5684) [300]  (2.32 ns)

 <State 22>: 2.32ns
The critical path consists of the following:
	'fmul' operation ('mul9', ./dut.cpp:5684) [300]  (2.32 ns)

 <State 23>: 2.32ns
The critical path consists of the following:
	'fmul' operation ('mul9', ./dut.cpp:5684) [300]  (2.32 ns)

 <State 24>: 2.32ns
The critical path consists of the following:
	'fmul' operation ('mul9', ./dut.cpp:5684) [300]  (2.32 ns)

 <State 25>: 2.34ns
The critical path consists of the following:
	'fadd' operation ('add', ./dut.cpp:5684) [301]  (2.34 ns)

 <State 26>: 2.34ns
The critical path consists of the following:
	'fadd' operation ('add', ./dut.cpp:5684) [301]  (2.34 ns)

 <State 27>: 2.34ns
The critical path consists of the following:
	'fadd' operation ('add', ./dut.cpp:5684) [301]  (2.34 ns)

 <State 28>: 2.34ns
The critical path consists of the following:
	'fadd' operation ('add', ./dut.cpp:5684) [301]  (2.34 ns)

 <State 29>: 2.34ns
The critical path consists of the following:
	'fadd' operation ('add', ./dut.cpp:5684) [301]  (2.34 ns)

 <State 30>: 2.34ns
The critical path consists of the following:
	'fadd' operation ('add', ./dut.cpp:5684) [301]  (2.34 ns)

 <State 31>: 2.34ns
The critical path consists of the following:
	'fadd' operation ('add', ./dut.cpp:5684) [301]  (2.34 ns)


============================================================
+ Verbose Summary: Binding
============================================================
N/A
* FSMD analyzer results:
  - Output states:
 - Input state : 
  - Chain level:
	State 1
	State 2
	State 3
	State 4
	State 5
	State 6
	State 7
	State 8
	State 9
	State 10
	State 11
	State 12
	State 13
	State 14
	State 15
	State 16
	State 17
	State 18
	State 19
	State 20
	State 21
	State 22
	State 23
	State 24
	State 25
	State 26
	State 27
	State 28
	State 29
	State 30
	State 31


============================================================
+ Verbose Summary: Datapath Resource usage 
============================================================
N/A
