

================================================================
== Vitis HLS Report for 'B_IO_L2_in_4_x1'
================================================================
* Date:           Fri Jul 15 00:33:16 2022

* Version:        2020.2 (Build 3064766 on Wed Nov 18 09:12:47 MST 2020)
* Project:        top
* Solution:       solution (Vitis Kernel Flow Target)
* Product family: virtexuplus
* Target device:  xcu250-figd2104-2L-e


================================================================
== Performance Estimates
================================================================
+ Timing: 
    * Summary: 
    +--------+---------+----------+------------+
    |  Clock |  Target | Estimated| Uncertainty|
    +--------+---------+----------+------------+
    |ap_clk  |  3.33 ns|  2.433 ns|     0.90 ns|
    +--------+---------+----------+------------+

+ Latency: 
    * Summary: 
    +---------+-----------+----------+-----------+--------+-----------+---------+
    |   Latency (cycles)  |  Latency (absolute)  |      Interval      | Pipeline|
    |   min   |    max    |    min   |    max    |   min  |    max    |   Type  |
    +---------+-----------+----------+-----------+--------+-----------+---------+
    |   125120|  280629440|  0.417 ms|  0.935 sec|  125120|  280629440|     none|
    +---------+-----------+----------+-----------+--------+-----------+---------+

    + Detail: 
        * Instance: 
        N/A

        * Loop: 
        +----------------------------------------+---------+-----------+-----------------+-----------+-----------+-------+----------+
        |                                        |   Latency (cycles)  |    Iteration    |  Initiation Interval  |  Trip |          |
        |                Loop Name               |   min   |    max    |     Latency     |  achieved |   target  | Count | Pipelined|
        +----------------------------------------+---------+-----------+-----------------+-----------+-----------+-------+----------+
        |- B_IO_L2_in_4_x1_loop_1                |    33848|  280538168|  8462 ~ 70134542|          -|          -|      4|        no|
        | + B_IO_L2_in_4_x1_loop_2               |     8460|   70134540|  1410 ~ 11689090|          -|          -|      6|        no|
        |  ++ B_IO_L2_in_4_x1_loop_3             |     1408|   11689088|       11 ~ 91321|          -|          -|    128|        no|
        |   +++ B_IO_L2_in_4_x1_loop_4           |        8|         48|            4 ~ 6|          -|          -|  2 ~ 8|        no|
        |    ++++ B_IO_L2_in_4_x1_loop_5         |        2|          2|                1|          -|          -|      2|        no|
        |    ++++ B_IO_L2_in_4_x1_loop_6         |        4|          4|                2|          -|          -|      2|        no|
        |   +++ B_IO_L2_in_4_x1_loop_7           |    91270|      91270|            45635|          -|          -|      2|        no|
        |    ++++ B_IO_L2_in_4_x1_loop_8         |    45632|      45632|             1426|          -|          -|     32|        no|
        |     +++++ B_IO_L2_in_4_x1_loop_9       |     1424|       1424|              178|          -|          -|      8|        no|
        |      ++++++ B_IO_L2_in_4_x1_loop_10    |      176|        176|               11|          -|          -|     16|        no|
        |       +++++++ B_IO_L2_in_4_x1_loop_11  |        8|          8|                1|          -|          -|      8|        no|
        |   +++ B_IO_L2_in_4_x1_loop_12          |        8|         48|            4 ~ 6|          -|          -|  2 ~ 8|        no|
        |    ++++ B_IO_L2_in_4_x1_loop_13        |        2|          2|                1|          -|          -|      2|        no|
        |    ++++ B_IO_L2_in_4_x1_loop_14        |        4|          4|                2|          -|          -|      2|        no|
        |   +++ B_IO_L2_in_4_x1_loop_15          |    91270|      91270|            45635|          -|          -|      2|        no|
        |    ++++ B_IO_L2_in_4_x1_loop_16        |    45632|      45632|             1426|          -|          -|     32|        no|
        |     +++++ B_IO_L2_in_4_x1_loop_17      |     1424|       1424|              178|          -|          -|      8|        no|
        |      ++++++ B_IO_L2_in_4_x1_loop_18    |      176|        176|               11|          -|          -|     16|        no|
        |       +++++++ B_IO_L2_in_4_x1_loop_19  |        8|          8|                1|          -|          -|      8|        no|
        |- B_IO_L2_in_4_x1_loop_20               |    91270|      91270|            45635|          -|          -|      2|        no|
        | + B_IO_L2_in_4_x1_loop_21              |    45632|      45632|             1426|          -|          -|     32|        no|
        |  ++ B_IO_L2_in_4_x1_loop_22            |     1424|       1424|              178|          -|          -|      8|        no|
        |   +++ B_IO_L2_in_4_x1_loop_23          |      176|        176|               11|          -|          -|     16|        no|
        |    ++++ B_IO_L2_in_4_x1_loop_24        |        8|          8|                1|          -|          -|      8|        no|
        +----------------------------------------+---------+-----------+-----------------+-----------+-----------+-------+----------+



================================================================
== Utilization Estimates
================================================================
* Summary: 
+---------------------+---------+-------+---------+---------+------+
|         Name        | BRAM_18K|  DSP  |    FF   |   LUT   | URAM |
+---------------------+---------+-------+---------+---------+------+
|DSP                  |        -|      -|        -|        -|     -|
|Expression           |        -|      -|        0|      532|     -|
|FIFO                 |        -|      -|        -|        -|     -|
|Instance             |        -|      -|        -|        -|     -|
|Memory               |        0|      -|      608|      613|     -|
|Multiplexer          |        -|      -|        -|      547|     -|
|Register             |        -|      -|     1491|        -|     -|
+---------------------+---------+-------+---------+---------+------+
|Total                |        0|      0|     2099|     1692|     0|
+---------------------+---------+-------+---------+---------+------+
|Available SLR        |     1344|   3072|   864000|   432000|   320|
+---------------------+---------+-------+---------+---------+------+
|Utilization SLR (%)  |        0|      0|       ~0|       ~0|     0|
+---------------------+---------+-------+---------+---------+------+
|Available            |     5376|  12288|  3456000|  1728000|  1280|
+---------------------+---------+-------+---------+---------+------+
|Utilization (%)      |        0|      0|       ~0|       ~0|     0|
+---------------------+---------+-------+---------+---------+------+

+ Detail: 
    * Instance: 
    N/A

    * DSP: 
    N/A

    * Memory: 
    +--------------------+---------------------------------+---------+-----+-----+-----+------+-----+------+-------------+
    |       Memory       |              Module             | BRAM_18K|  FF | LUT | URAM| Words| Bits| Banks| W*Bits*Banks|
    +--------------------+---------------------------------+---------+-----+-----+-----+------+-----+------+-------------+
    |local_B_ping_V_0_U  |A_IO_L2_in_0_x0_data_split_V_80  |        0|  256|  257|    0|     2|  256|     1|          512|
    |local_B_pong_V_0_U  |A_IO_L2_in_0_x0_data_split_V_80  |        0|  256|  257|    0|     2|  256|     1|          512|
    |data_split_V_46_U   |B_IO_L2_in_0_x0_data_split_V_64  |        0|   32|   33|    0|     8|   32|     1|          256|
    |data_split_V_45_U   |B_IO_L2_in_0_x0_data_split_V_64  |        0|   32|   33|    0|     8|   32|     1|          256|
    |data_split_V_U      |B_IO_L2_in_0_x0_data_split_V_64  |        0|   32|   33|    0|     8|   32|     1|          256|
    +--------------------+---------------------------------+---------+-----+-----+-----+------+-----+------+-------------+
    |Total               |                                 |        0|  608|  613|    0|    28|  608|     5|         1792|
    +--------------------+---------------------------------+---------+-----+-----+-----+------+-----+------+-------------+

    * FIFO: 
    N/A

    * Expression: 
    +---------------------------------+----------+----+---+----+------------+------------+
    |          Variable Name          | Operation| DSP| FF| LUT| Bitwidth P0| Bitwidth P1|
    +---------------------------------+----------+----+---+----+------------+------------+
    |add_ln691_2097_fu_1022_p2        |         +|   0|  0|   9|           2|           1|
    |add_ln691_2098_fu_666_p2         |         +|   0|  0|  10|           3|           1|
    |add_ln691_2099_fu_1039_p2        |         +|   0|  0|  13|           6|           1|
    |add_ln691_2100_fu_1051_p2        |         +|   0|  0|  12|           4|           1|
    |add_ln691_2101_fu_1072_p2        |         +|   0|  0|  12|           5|           1|
    |add_ln691_2102_fu_1084_p2        |         +|   0|  0|  12|           4|           1|
    |add_ln691_2103_fu_918_p2         |         +|   0|  0|   9|           2|           1|
    |add_ln691_2104_fu_906_p2         |         +|   0|  0|   9|           2|           1|
    |add_ln691_2106_fu_739_p2         |         +|   0|  0|   9|           2|           1|
    |add_ln691_2107_fu_727_p2         |         +|   0|  0|   9|           2|           1|
    |add_ln691_2108_fu_779_p2         |         +|   0|  0|   9|           2|           1|
    |add_ln691_2109_fu_762_p2         |         +|   0|  0|   9|           2|           1|
    |add_ln691_2110_fu_941_p2         |         +|   0|  0|  13|           6|           1|
    |add_ln691_2111_fu_802_p2         |         +|   0|  0|  13|           6|           1|
    |add_ln691_2112_fu_953_p2         |         +|   0|  0|  12|           4|           1|
    |add_ln691_2113_fu_814_p2         |         +|   0|  0|  12|           4|           1|
    |add_ln691_2114_fu_974_p2         |         +|   0|  0|  12|           5|           1|
    |add_ln691_2115_fu_986_p2         |         +|   0|  0|  12|           4|           1|
    |add_ln691_2116_fu_835_p2         |         +|   0|  0|  12|           5|           1|
    |add_ln691_2117_fu_847_p2         |         +|   0|  0|  12|           4|           1|
    |add_ln691_fu_654_p2              |         +|   0|  0|  10|           3|           1|
    |c2_V_185_fu_692_p2               |         +|   0|  0|  15|           8|           1|
    |c3_76_fu_935_p2                  |         +|   0|  0|  12|           4|           1|
    |c3_77_fu_756_p2                  |         +|   0|  0|  12|           4|           1|
    |add_i_i611_cast_fu_686_p2        |         -|   0|  0|  13|           6|           6|
    |ap_block_state16                 |       and|   0|  0|   2|           1|           1|
    |ap_block_state6                  |       and|   0|  0|   2|           1|           1|
    |ap_predicate_op102_read_state6   |       and|   0|  0|   2|           1|           1|
    |ap_predicate_op208_read_state16  |       and|   0|  0|   2|           1|           1|
    |icmp_ln15873_fu_698_p2           |      icmp|   0|  0|  11|           8|           9|
    |icmp_ln15884_fu_721_p2           |      icmp|   0|  0|   9|           4|           3|
    |icmp_ln15951_fu_900_p2           |      icmp|   0|  0|   9|           4|           3|
    |icmp_ln878_113_fu_997_p2         |      icmp|   0|  0|   9|           4|           5|
    |icmp_ln878_114_fu_858_p2         |      icmp|   0|  0|   9|           4|           5|
    |icmp_ln878_fu_1095_p2            |      icmp|   0|  0|   9|           4|           5|
    |icmp_ln886_19_fu_716_p2          |      icmp|   0|  0|  10|           6|           6|
    |icmp_ln886_fu_895_p2             |      icmp|   0|  0|  10|           6|           6|
    |icmp_ln890_1807_fu_1033_p2       |      icmp|   0|  0|   8|           2|           3|
    |icmp_ln890_1808_fu_672_p2        |      icmp|   0|  0|   8|           3|           3|
    |icmp_ln890_1809_fu_1045_p2       |      icmp|   0|  0|  10|           6|           7|
    |icmp_ln890_1810_fu_1057_p2       |      icmp|   0|  0|   9|           4|           5|
    |icmp_ln890_1811_fu_1078_p2       |      icmp|   0|  0|  10|           5|           6|
    |icmp_ln890_1812_fu_790_p2        |      icmp|   0|  0|   8|           2|           3|
    |icmp_ln890_1813_fu_773_p2        |      icmp|   0|  0|   8|           2|           3|
    |icmp_ln890_1814_fu_929_p2        |      icmp|   0|  0|   8|           2|           3|
    |icmp_ln890_1815_fu_912_p2        |      icmp|   0|  0|   8|           2|           3|
    |icmp_ln890_1816_fu_750_p2        |      icmp|   0|  0|   8|           2|           3|
    |icmp_ln890_1817_fu_733_p2        |      icmp|   0|  0|   8|           2|           3|
    |icmp_ln890_1818_fu_947_p2        |      icmp|   0|  0|  10|           6|           7|
    |icmp_ln890_1819_fu_808_p2        |      icmp|   0|  0|  10|           6|           7|
    |icmp_ln890_1820_fu_959_p2        |      icmp|   0|  0|   9|           4|           5|
    |icmp_ln890_1821_fu_820_p2        |      icmp|   0|  0|   9|           4|           5|
    |icmp_ln890_1822_fu_980_p2        |      icmp|   0|  0|  10|           5|           6|
    |icmp_ln890_1823_fu_841_p2        |      icmp|   0|  0|  10|           5|           6|
    |icmp_ln890_fu_660_p2             |      icmp|   0|  0|   9|           3|           4|
    |ap_block_state1                  |        or|   0|  0|   2|           1|           1|
    |ap_block_state17                 |        or|   0|  0|   2|           1|           1|
    |arb_fu_796_p2                    |       xor|   0|  0|   2|           1|           2|
    +---------------------------------+----------+----+---+----+------------+------------+
    |Total                            |          |   0|  0| 532|         211|         162|
    +---------------------------------+----------+----+---+----+------------+------------+

    * Multiplexer: 
    +--------------------------------+-----+-----------+-----+-----------+
    |              Name              | LUT | Input Size| Bits| Total Bits|
    +--------------------------------+-----+-----------+-----+-----------+
    |ap_NS_fsm                       |  145|         31|    1|         31|
    |ap_done                         |    9|          2|    1|          2|
    |arb_23_reg_365                  |    9|          2|    1|          2|
    |c0_V_reg_303                    |    9|          2|    3|          6|
    |c1_V_reg_328                    |    9|          2|    3|          6|
    |c2_V_reg_377                    |    9|          2|    8|         16|
    |c3_75_reg_388                   |    9|          2|    4|          8|
    |c3_reg_497                      |    9|          2|    4|          8|
    |c4_V_73_reg_509                 |    9|          2|    2|          4|
    |c4_V_74_reg_411                 |    9|          2|    2|          4|
    |c4_V_75_reg_400                 |    9|          2|    2|          4|
    |c4_V_reg_520                    |    9|          2|    2|          4|
    |c5_V_167_reg_433                |    9|          2|    2|          4|
    |c5_V_168_reg_422                |    9|          2|    2|          4|
    |c5_V_reg_584                    |    9|          2|    2|          4|
    |c6_V_171_reg_531                |    9|          2|    6|         12|
    |c6_V_172_reg_444                |    9|          2|    6|         12|
    |c6_V_reg_595                    |    9|          2|    6|         12|
    |c7_V_109_reg_542                |    9|          2|    4|          8|
    |c7_V_110_reg_455                |    9|          2|    4|          8|
    |c7_V_reg_606                    |    9|          2|    4|          8|
    |c8_V_45_reg_553                 |    9|          2|    5|         10|
    |c8_V_46_reg_466                 |    9|          2|    5|         10|
    |c8_V_reg_617                    |    9|          2|    5|         10|
    |data_split_V_45_address0        |   14|          3|    3|          9|
    |data_split_V_46_address0        |   14|          3|    3|          9|
    |data_split_V_address0           |   14|          3|    3|          9|
    |fifo_B_B_IO_L2_in_4_x113_blk_n  |    9|          2|    1|          2|
    |fifo_B_B_IO_L2_in_5_x114_blk_n  |    9|          2|    1|          2|
    |fifo_B_PE_0_4_x181_blk_n        |    9|          2|    1|          2|
    |fifo_B_PE_0_4_x181_din          |   20|          4|   32|        128|
    |intra_trans_en_29_reg_339       |    9|          2|    1|          2|
    |intra_trans_en_30_reg_352       |    9|          2|    1|          2|
    |local_B_ping_V_0_address0       |   20|          4|    1|          4|
    |local_B_pong_V_0_address0       |   14|          3|    1|          3|
    |n_V_109_reg_564                 |    9|          2|    4|          8|
    |n_V_110_reg_477                 |    9|          2|    4|          8|
    |n_V_reg_628                     |    9|          2|    4|          8|
    |p_Val2_157_reg_575              |    9|          2|  256|        512|
    |p_Val2_158_reg_639              |    9|          2|  256|        512|
    |p_Val2_s_reg_488                |    9|          2|  256|        512|
    +--------------------------------+-----+-----------+-----+-----------+
    |Total                           |  547|        119|  912|       1929|
    +--------------------------------+-----+-----------+-----+-----------+

    * Register: 
    +-------------------------------+-----+----+-----+-----------+
    |              Name             |  FF | LUT| Bits| Const Bits|
    +-------------------------------+-----+----+-----+-----------+
    |add_i_i611_cast_reg_1136       |    3|   0|    6|          3|
    |add_ln691_2097_reg_1332        |    2|   0|    2|          0|
    |add_ln691_2098_reg_1128        |    3|   0|    3|          0|
    |add_ln691_2099_reg_1345        |    6|   0|    6|          0|
    |add_ln691_2100_reg_1353        |    4|   0|    4|          0|
    |add_ln691_2101_reg_1366        |    5|   0|    5|          0|
    |add_ln691_2104_reg_1264        |    2|   0|    2|          0|
    |add_ln691_2107_reg_1160        |    2|   0|    2|          0|
    |add_ln691_2108_reg_1194        |    2|   0|    2|          0|
    |add_ln691_2109_reg_1181        |    2|   0|    2|          0|
    |add_ln691_2110_reg_1290        |    6|   0|    6|          0|
    |add_ln691_2111_reg_1212        |    6|   0|    6|          0|
    |add_ln691_2112_reg_1298        |    4|   0|    4|          0|
    |add_ln691_2113_reg_1220        |    4|   0|    4|          0|
    |add_ln691_2114_reg_1311        |    5|   0|    5|          0|
    |add_ln691_2116_reg_1233        |    5|   0|    5|          0|
    |add_ln691_reg_1120             |    3|   0|    3|          0|
    |ap_CS_fsm                      |   30|   0|   30|          0|
    |ap_done_reg                    |    1|   0|    1|          0|
    |arb_23_reg_365                 |    1|   0|    1|          0|
    |c0_V_reg_303                   |    3|   0|    3|          0|
    |c1_V_reg_328                   |    3|   0|    3|          0|
    |c2_V_185_reg_1142              |    8|   0|    8|          0|
    |c2_V_reg_377                   |    8|   0|    8|          0|
    |c3_75_reg_388                  |    4|   0|    4|          0|
    |c3_reg_497                     |    4|   0|    4|          0|
    |c4_V_73_reg_509                |    2|   0|    2|          0|
    |c4_V_74_reg_411                |    2|   0|    2|          0|
    |c4_V_75_reg_400                |    2|   0|    2|          0|
    |c4_V_reg_520                   |    2|   0|    2|          0|
    |c5_V_167_reg_433               |    2|   0|    2|          0|
    |c5_V_168_reg_422               |    2|   0|    2|          0|
    |c5_V_reg_584                   |    2|   0|    2|          0|
    |c6_V_171_reg_531               |    6|   0|    6|          0|
    |c6_V_172_reg_444               |    6|   0|    6|          0|
    |c6_V_reg_595                   |    6|   0|    6|          0|
    |c7_V_109_reg_542               |    4|   0|    4|          0|
    |c7_V_110_reg_455               |    4|   0|    4|          0|
    |c7_V_reg_606                   |    4|   0|    4|          0|
    |c8_V_45_reg_553                |    5|   0|    5|          0|
    |c8_V_46_reg_466                |    5|   0|    5|          0|
    |c8_V_reg_617                   |    5|   0|    5|          0|
    |data_split_V_45_addr_reg_1306  |    3|   0|    3|          0|
    |data_split_V_46_addr_reg_1228  |    3|   0|    3|          0|
    |data_split_V_addr_reg_1361     |    3|   0|    3|          0|
    |icmp_ln15884_reg_1156          |    1|   0|    1|          0|
    |icmp_ln15951_reg_1260          |    1|   0|    1|          0|
    |in_data_V_179_reg_1285         |  256|   0|  256|          0|
    |intra_trans_en_29_reg_339      |    1|   0|    1|          0|
    |intra_trans_en_30_reg_352      |    1|   0|    1|          0|
    |intra_trans_en_reg_314         |    1|   0|    1|          0|
    |n_V_109_reg_564                |    4|   0|    4|          0|
    |n_V_110_reg_477                |    4|   0|    4|          0|
    |n_V_reg_628                    |    4|   0|    4|          0|
    |p_Val2_157_reg_575             |  256|   0|  256|          0|
    |p_Val2_158_reg_639             |  256|   0|  256|          0|
    |p_Val2_s_reg_488               |  256|   0|  256|          0|
    |reg_648                        |  256|   0|  256|          0|
    +-------------------------------+-----+----+-----+-----------+
    |Total                          | 1491|   0| 1494|          3|
    +-------------------------------+-----+----+-----+-----------+



================================================================
== Interface
================================================================
* Summary: 
+----------------------------------+-----+-----+------------+--------------------------+--------------+
|             RTL Ports            | Dir | Bits|  Protocol  |       Source Object      |    C Type    |
+----------------------------------+-----+-----+------------+--------------------------+--------------+
|ap_clk                            |   in|    1|  ap_ctrl_hs|           B_IO_L2_in_4_x1|  return value|
|ap_rst                            |   in|    1|  ap_ctrl_hs|           B_IO_L2_in_4_x1|  return value|
|ap_start                          |   in|    1|  ap_ctrl_hs|           B_IO_L2_in_4_x1|  return value|
|ap_done                           |  out|    1|  ap_ctrl_hs|           B_IO_L2_in_4_x1|  return value|
|ap_continue                       |   in|    1|  ap_ctrl_hs|           B_IO_L2_in_4_x1|  return value|
|ap_idle                           |  out|    1|  ap_ctrl_hs|           B_IO_L2_in_4_x1|  return value|
|ap_ready                          |  out|    1|  ap_ctrl_hs|           B_IO_L2_in_4_x1|  return value|
|fifo_B_B_IO_L2_in_4_x113_dout     |   in|  256|     ap_fifo|  fifo_B_B_IO_L2_in_4_x113|       pointer|
|fifo_B_B_IO_L2_in_4_x113_empty_n  |   in|    1|     ap_fifo|  fifo_B_B_IO_L2_in_4_x113|       pointer|
|fifo_B_B_IO_L2_in_4_x113_read     |  out|    1|     ap_fifo|  fifo_B_B_IO_L2_in_4_x113|       pointer|
|fifo_B_B_IO_L2_in_5_x114_din      |  out|  256|     ap_fifo|  fifo_B_B_IO_L2_in_5_x114|       pointer|
|fifo_B_B_IO_L2_in_5_x114_full_n   |   in|    1|     ap_fifo|  fifo_B_B_IO_L2_in_5_x114|       pointer|
|fifo_B_B_IO_L2_in_5_x114_write    |  out|    1|     ap_fifo|  fifo_B_B_IO_L2_in_5_x114|       pointer|
|fifo_B_PE_0_4_x181_din            |  out|   32|     ap_fifo|        fifo_B_PE_0_4_x181|       pointer|
|fifo_B_PE_0_4_x181_full_n         |   in|    1|     ap_fifo|        fifo_B_PE_0_4_x181|       pointer|
|fifo_B_PE_0_4_x181_write          |  out|    1|     ap_fifo|        fifo_B_PE_0_4_x181|       pointer|
+----------------------------------+-----+-----+------------+--------------------------+--------------+

