

================================================================
== Vitis HLS Report for 'C_drain_IO_L1_out_wrapper_3_4_x0'
================================================================
* Date:           Thu Sep  1 21:44:44 2022

* Version:        2020.2 (Build 3064766 on Wed Nov 18 09:12:47 MST 2020)
* Project:        top
* Solution:       solution (Vitis Kernel Flow Target)
* Product family: virtexuplus
* Target device:  xcu250-figd2104-2L-e


================================================================
== Performance Estimates
================================================================
+ Timing: 
    * Summary: 
    +--------+---------+----------+------------+
    |  Clock |  Target | Estimated| Uncertainty|
    +--------+---------+----------+------------+
    |ap_clk  |  3.33 ns|  2.433 ns|     0.90 ns|
    +--------+---------+----------+------------+

+ Latency: 
    * Summary: 
    +---------+---------+----------+----------+--------+--------+---------+
    |  Latency (cycles) |  Latency (absolute) |     Interval    | Pipeline|
    |   min   |   max   |    min   |    max   |   min  |   max  |   Type  |
    +---------+---------+----------+----------+--------+--------+---------+
    |   285473|   285473|  0.951 ms|  0.951 ms|  285473|  285473|     none|
    +---------+---------+----------+----------+--------+--------+---------+

    + Detail: 
        * Instance: 
        N/A

        * Loop: 
        +--------------------------------------------------+---------+---------+----------+-----------+-----------+------+----------+
        |                                                  |  Latency (cycles) | Iteration|  Initiation Interval  | Trip |          |
        |                     Loop Name                    |   min   |   max   |  Latency |  achieved |   target  | Count| Pipelined|
        +--------------------------------------------------+---------+---------+----------+-----------+-----------+------+----------+
        |- C_drain_IO_L1_out_wrapper_3_4_x0_loop_1         |   285472|   285472|     17842|          -|          -|    16|        no|
        | + C_drain_IO_L1_out_wrapper_3_4_x0_loop_2        |    17840|    17840|      1115|          -|          -|    16|        no|
        |  ++ C_drain_IO_L1_out_wrapper_3_4_x0_loop_3      |     1040|     1040|       130|          -|          -|     8|        no|
        |   +++ C_drain_IO_L1_out_wrapper_3_4_x0_loop_4    |      128|      128|        16|          -|          -|     8|        no|
        |    ++++ C_drain_IO_L1_out_wrapper_3_4_x0_loop_5  |        8|        8|         1|          -|          -|     8|        no|
        |  ++ C_drain_IO_L1_out_wrapper_3_4_x0_loop_6      |       72|       72|        18|          -|          -|     4|        no|
        |   +++ C_drain_IO_L1_out_wrapper_3_4_x0_loop_7    |       16|       16|         2|          -|          -|     8|        no|
        |   +++ C_drain_IO_L1_out_wrapper_3_4_x0_loop_8    |       16|       16|         2|          -|          -|     8|        no|
        +--------------------------------------------------+---------+---------+----------+-----------+-----------+------+----------+



================================================================
== Utilization Estimates
================================================================
* Summary: 
+---------------------+---------+-------+---------+---------+------+
|         Name        | BRAM_18K|  DSP  |    FF   |   LUT   | URAM |
+---------------------+---------+-------+---------+---------+------+
|DSP                  |        -|      -|        -|        -|     -|
|Expression           |        -|      -|        0|      183|     -|
|FIFO                 |        -|      -|        -|        -|     -|
|Instance             |        -|      -|        -|        -|     -|
|Memory               |        0|      -|      144|      146|     -|
|Multiplexer          |        -|      -|        -|      309|     -|
|Register             |        -|      -|      324|        -|     -|
+---------------------+---------+-------+---------+---------+------+
|Total                |        0|      0|      468|      638|     0|
+---------------------+---------+-------+---------+---------+------+
|Available SLR        |     1344|   3072|   864000|   432000|   320|
+---------------------+---------+-------+---------+---------+------+
|Utilization SLR (%)  |        0|      0|       ~0|       ~0|     0|
+---------------------+---------+-------+---------+---------+------+
|Available            |     5376|  12288|  3456000|  1728000|  1280|
+---------------------+---------+-------+---------+---------+------+
|Utilization (%)      |        0|      0|       ~0|       ~0|     0|
+---------------------+---------+-------+---------+---------+------+

+ Detail: 
    * Instance: 
    N/A

    * DSP: 
    N/A

    * Memory: 
    +----------------+------------------------------------------------------+---------+-----+-----+-----+------+-----+------+-------------+
    |     Memory     |                        Module                        | BRAM_18K|  FF | LUT | URAM| Words| Bits| Banks| W*Bits*Banks|
    +----------------+------------------------------------------------------+---------+-----+-----+-----+------+-----+------+-------------+
    |data_split_V_U  |C_drain_IO_L1_out_boundary_wrapper_0_x0_data_split_V  |        0|   16|   17|    0|     8|   16|     1|          128|
    |local_C_V_0_U   |C_drain_IO_L1_out_boundary_wrapper_0_x0_local_C_V_0   |        0|  128|  129|    0|     8|  128|     1|         1024|
    +----------------+------------------------------------------------------+---------+-----+-----+-----+------+-----+------+-------------+
    |Total           |                                                      |        0|  144|  146|    0|    16|  144|     2|         1152|
    +----------------+------------------------------------------------------+---------+-----+-----+-----+------+-----+------+-------------+

    * FIFO: 
    N/A

    * Expression: 
    +--------------------------+----------+----+---+----+------------+------------+
    |       Variable Name      | Operation| DSP| FF| LUT| Bitwidth P0| Bitwidth P1|
    +--------------------------+----------+----+---+----+------------+------------+
    |add_ln691_392_fu_334_p2   |         +|   0|  0|  12|           5|           1|
    |add_ln691_393_fu_346_p2   |         +|   0|  0|  12|           4|           1|
    |add_ln691_394_fu_367_p2   |         +|   0|  0|  12|           4|           1|
    |add_ln691_395_fu_384_p2   |         +|   0|  0|  12|           4|           1|
    |add_ln691_396_fu_459_p2   |         +|   0|  0|  12|           4|           1|
    |add_ln691_397_fu_447_p2   |         +|   0|  0|  12|           4|           1|
    |add_ln691_398_fu_476_p2   |         +|   0|  0|  12|           4|           1|
    |add_ln691_fu_322_p2       |         +|   0|  0|  12|           5|           1|
    |icmp_ln870_fu_441_p2      |      icmp|   0|  0|   9|           4|           3|
    |icmp_ln878_fu_395_p2      |      icmp|   0|  0|   9|           4|           5|
    |icmp_ln890_422_fu_340_p2  |      icmp|   0|  0|  10|           5|           6|
    |icmp_ln890_423_fu_352_p2  |      icmp|   0|  0|   9|           4|           5|
    |icmp_ln890_424_fu_435_p2  |      icmp|   0|  0|   9|           4|           5|
    |icmp_ln890_425_fu_378_p2  |      icmp|   0|  0|   9|           4|           5|
    |icmp_ln890_426_fu_470_p2  |      icmp|   0|  0|   9|           4|           5|
    |icmp_ln890_427_fu_453_p2  |      icmp|   0|  0|   9|           4|           5|
    |icmp_ln890_fu_328_p2      |      icmp|   0|  0|  10|           5|           6|
    |ap_block_state1           |        or|   0|  0|   2|           1|           1|
    |ap_block_state15          |        or|   0|  0|   2|           1|           1|
    +--------------------------+----------+----+---+----+------------+------------+
    |Total                     |          |   0|  0| 183|          74|          55|
    +--------------------------+----------+----+---+----+------------+------------+

    * Multiplexer: 
    +------------------------------------------------+----+-----------+-----+-----------+
    |                      Name                      | LUT| Input Size| Bits| Total Bits|
    +------------------------------------------------+----+-----------+-----+-----------+
    |ap_NS_fsm                                       |  81|         17|    1|         17|
    |ap_done                                         |   9|          2|    1|          2|
    |c0_V_reg_224                                    |   9|          2|    5|         10|
    |c1_V_reg_235                                    |   9|          2|    5|         10|
    |c4_V_reg_288                                    |   9|          2|    4|          8|
    |c5_V_38_reg_300                                 |   9|          2|    4|          8|
    |c5_V_reg_311                                    |   9|          2|    4|          8|
    |c6_V_reg_246                                    |   9|          2|    4|          8|
    |c7_V_reg_257                                    |   9|          2|    4|          8|
    |data_split_V_address0                           |  37|          7|    3|         21|
    |data_split_V_address1                           |  26|          5|    3|         15|
    |data_split_V_d0                                 |  14|          3|   16|         48|
    |fifo_C_drain_C_drain_IO_L1_out_3_4_x0256_blk_n  |   9|          2|    1|          2|
    |fifo_C_drain_C_drain_IO_L1_out_3_4_x0256_din    |  14|          3|  128|        384|
    |fifo_C_drain_C_drain_IO_L1_out_3_5_x0257_blk_n  |   9|          2|    1|          2|
    |fifo_C_drain_PE_4_3_x0192_blk_n                 |   9|          2|    1|          2|
    |local_C_V_0_address0                            |  20|          4|    3|         12|
    |n_V_reg_268                                     |   9|          2|    4|          8|
    |p_Val2_s_reg_279                                |   9|          2|  128|        256|
    +------------------------------------------------+----+-----------+-----+-----------+
    |Total                                           | 309|         65|  320|        829|
    +------------------------------------------------+----+-----------+-----+-----------+

    * Register: 
    +---------------------------+-----+----+-----+-----------+
    |            Name           |  FF | LUT| Bits| Const Bits|
    +---------------------------+-----+----+-----+-----------+
    |add_ln691_392_reg_530      |    5|   0|    5|          0|
    |add_ln691_393_reg_538      |    4|   0|    4|          0|
    |add_ln691_394_reg_551      |    4|   0|    4|          0|
    |add_ln691_396_reg_632      |    4|   0|    4|          0|
    |add_ln691_397_reg_624      |    4|   0|    4|          0|
    |add_ln691_reg_522          |    5|   0|    5|          0|
    |ap_CS_fsm                  |   16|   0|   16|          0|
    |ap_done_reg                |    1|   0|    1|          0|
    |c0_V_reg_224               |    5|   0|    5|          0|
    |c1_V_reg_235               |    5|   0|    5|          0|
    |c4_V_reg_288               |    4|   0|    4|          0|
    |c5_V_38_reg_300            |    4|   0|    4|          0|
    |c5_V_reg_311               |    4|   0|    4|          0|
    |c6_V_reg_246               |    4|   0|    4|          0|
    |c7_V_reg_257               |    4|   0|    4|          0|
    |data_split_V_addr_reg_546  |    3|   0|    3|          0|
    |icmp_ln870_reg_620         |    1|   0|    1|          0|
    |local_C_V_0_addr_reg_559   |    3|   0|    3|          0|
    |n_V_reg_268                |    4|   0|    4|          0|
    |p_Val2_s_reg_279           |  128|   0|  128|          0|
    |tmp_reg_564                |   16|   0|   16|          0|
    |v2_V_8115_reg_592          |   16|   0|   16|          0|
    |v2_V_8116_reg_597          |   16|   0|   16|          0|
    |v2_V_8117_reg_602          |   16|   0|   16|          0|
    |v2_V_8118_reg_607          |   16|   0|   16|          0|
    |v2_V_8119_reg_612          |   16|   0|   16|          0|
    |v2_V_reg_587               |   16|   0|   16|          0|
    +---------------------------+-----+----+-----+-----------+
    |Total                      |  324|   0|  324|          0|
    +---------------------------+-----+----+-----+-----------+



================================================================
== Interface
================================================================
* Summary: 
+--------------------------------------------------+-----+-----+------------+------------------------------------------+--------------+
|                     RTL Ports                    | Dir | Bits|  Protocol  |               Source Object              |    C Type    |
+--------------------------------------------------+-----+-----+------------+------------------------------------------+--------------+
|ap_clk                                            |   in|    1|  ap_ctrl_hs|          C_drain_IO_L1_out_wrapper_3_4_x0|  return value|
|ap_rst                                            |   in|    1|  ap_ctrl_hs|          C_drain_IO_L1_out_wrapper_3_4_x0|  return value|
|ap_start                                          |   in|    1|  ap_ctrl_hs|          C_drain_IO_L1_out_wrapper_3_4_x0|  return value|
|ap_done                                           |  out|    1|  ap_ctrl_hs|          C_drain_IO_L1_out_wrapper_3_4_x0|  return value|
|ap_continue                                       |   in|    1|  ap_ctrl_hs|          C_drain_IO_L1_out_wrapper_3_4_x0|  return value|
|ap_idle                                           |  out|    1|  ap_ctrl_hs|          C_drain_IO_L1_out_wrapper_3_4_x0|  return value|
|ap_ready                                          |  out|    1|  ap_ctrl_hs|          C_drain_IO_L1_out_wrapper_3_4_x0|  return value|
|fifo_C_drain_C_drain_IO_L1_out_3_5_x0257_dout     |   in|  128|     ap_fifo|  fifo_C_drain_C_drain_IO_L1_out_3_5_x0257|       pointer|
|fifo_C_drain_C_drain_IO_L1_out_3_5_x0257_empty_n  |   in|    1|     ap_fifo|  fifo_C_drain_C_drain_IO_L1_out_3_5_x0257|       pointer|
|fifo_C_drain_C_drain_IO_L1_out_3_5_x0257_read     |  out|    1|     ap_fifo|  fifo_C_drain_C_drain_IO_L1_out_3_5_x0257|       pointer|
|fifo_C_drain_C_drain_IO_L1_out_3_4_x0256_din      |  out|  128|     ap_fifo|  fifo_C_drain_C_drain_IO_L1_out_3_4_x0256|       pointer|
|fifo_C_drain_C_drain_IO_L1_out_3_4_x0256_full_n   |   in|    1|     ap_fifo|  fifo_C_drain_C_drain_IO_L1_out_3_4_x0256|       pointer|
|fifo_C_drain_C_drain_IO_L1_out_3_4_x0256_write    |  out|    1|     ap_fifo|  fifo_C_drain_C_drain_IO_L1_out_3_4_x0256|       pointer|
|fifo_C_drain_PE_4_3_x0192_dout                    |   in|   16|     ap_fifo|                 fifo_C_drain_PE_4_3_x0192|       pointer|
|fifo_C_drain_PE_4_3_x0192_empty_n                 |   in|    1|     ap_fifo|                 fifo_C_drain_PE_4_3_x0192|       pointer|
|fifo_C_drain_PE_4_3_x0192_read                    |  out|    1|     ap_fifo|                 fifo_C_drain_PE_4_3_x0192|       pointer|
+--------------------------------------------------+-----+-----+------------+------------------------------------------+--------------+

