

================================================================
== Vitis HLS Report for 'nondf_kernel_cov_x0'
================================================================
* Date:           Mon Jul 25 22:20:54 2022

* Version:        2020.2 (Build 3064766 on Wed Nov 18 09:12:47 MST 2020)
* Project:        top
* Solution:       solution (Vitis Kernel Flow Target)
* Product family: virtexuplus
* Target device:  xcu250-figd2104-2L-e


================================================================
== Performance Estimates
================================================================
+ Timing: 
    * Summary: 
    +--------+---------+----------+------------+
    |  Clock |  Target | Estimated| Uncertainty|
    +--------+---------+----------+------------+
    |ap_clk  |  3.33 ns|  2.433 ns|     0.90 ns|
    +--------+---------+----------+------------+

+ Latency: 
    * Summary: 
    +---------+---------+----------+----------+---------+---------+---------+
    |  Latency (cycles) |  Latency (absolute) |      Interval     | Pipeline|
    |   min   |   max   |    min   |    max   |   min   |   max   |   Type  |
    +---------+---------+----------+----------+---------+---------+---------+
    |  2183882|  2183882|  7.279 ms|  7.279 ms|  2183882|  2183882|     none|
    +---------+---------+----------+----------+---------+---------+---------+

    + Detail: 
        * Instance: 
        N/A

        * Loop: 
        +---------------------------------+---------+---------+----------+-----------+-----------+------+----------+
        |                                 |  Latency (cycles) | Iteration|  Initiation Interval  | Trip |          |
        |            Loop Name            |   min   |   max   |  Latency |  achieved |   target  | Count| Pipelined|
        +---------------------------------+---------+---------+----------+-----------+-----------+------+----------+
        |- nondf_kernel_cov_x0_loop_1     |    12416|    12416|       194|          -|          -|    64|        no|
        | + nondf_kernel_cov_x0_loop_2    |      192|      192|         3|          -|          -|    64|        no|
        |- nondf_kernel_cov_x0_loop_3     |    12416|    12416|       194|          -|          -|    64|        no|
        | + nondf_kernel_cov_x0_loop_4    |      192|      192|         3|          -|          -|    64|        no|
        |- nondf_kernel_cov_x0_loop_5     |    16512|    16512|       258|          -|          -|    64|        no|
        | + nondf_kernel_cov_x0_loop_6    |      256|      256|         4|          -|          -|    64|        no|
        |- nondf_kernel_cov_x0_loop_7     |  2130048|  2130048|     33282|          -|          -|    64|        no|
        | + nondf_kernel_cov_x0_loop_8    |    33280|    33280|       520|          -|          -|    64|        no|
        |  ++ nondf_kernel_cov_x0_loop_9  |      512|      512|         8|          -|          -|    64|        no|
        |- nondf_kernel_cov_x0_loop_10    |    12416|    12416|       194|          -|          -|    64|        no|
        | + nondf_kernel_cov_x0_loop_11   |      192|      192|         3|          -|          -|    64|        no|
        +---------------------------------+---------+---------+----------+-----------+-----------+------+----------+



================================================================
== Utilization Estimates
================================================================
* Summary: 
+---------------------+---------+-------+---------+---------+------+
|         Name        | BRAM_18K|  DSP  |    FF   |   LUT   | URAM |
+---------------------+---------+-------+---------+---------+------+
|DSP                  |        -|      -|        -|        -|     -|
|Expression           |        -|      -|        0|      832|     -|
|FIFO                 |        -|      -|        -|        -|     -|
|Instance             |        -|     72|      882|      498|     -|
|Memory               |        0|      -|      128|      129|     -|
|Multiplexer          |        -|      -|        -|      740|     -|
|Register             |        -|      -|     1509|        -|     -|
+---------------------+---------+-------+---------+---------+------+
|Total                |        0|     72|     2519|     2199|     0|
+---------------------+---------+-------+---------+---------+------+
|Available SLR        |     1344|   3072|   864000|   432000|   320|
+---------------------+---------+-------+---------+---------+------+
|Utilization SLR (%)  |        0|      2|       ~0|       ~0|     0|
+---------------------+---------+-------+---------+---------+------+
|Available            |     5376|  12288|  3456000|  1728000|  1280|
+---------------------+---------+-------+---------+---------+------+
|Utilization (%)      |        0|     ~0|       ~0|       ~0|     0|
+---------------------+---------+-------+---------+---------+------+

+ Detail: 
    * Instance: 
    +----------------------------+-------------------------+---------+----+-----+-----+-----+
    |          Instance          |          Module         | BRAM_18K| DSP|  FF | LUT | URAM|
    +----------------------------+-------------------------+---------+----+-----+-----+-----+
    |mul_128ns_130ns_257_5_1_U1  |mul_128ns_130ns_257_5_1  |        0|  42|  441|  249|    0|
    |mul_128s_128s_128_5_1_U2    |mul_128s_128s_128_5_1    |        0|  30|  441|  249|    0|
    +----------------------------+-------------------------+---------+----+-----+-----+-----+
    |Total                       |                         |        0|  72|  882|  498|    0|
    +----------------------------+-------------------------+---------+----+-----+-----+-----+

    * DSP: 
    N/A

    * Memory: 
    +----------+----------------------------+---------+-----+-----+-----+------+-----+------+-------------+
    |  Memory  |           Module           | BRAM_18K|  FF | LUT | URAM| Words| Bits| Banks| W*Bits*Banks|
    +----------+----------------------------+---------+-----+-----+-----+------+-----+------+-------------+
    |cov_V_U   |nondf_kernel_cov_x0_cov_V   |        0|    0|    0|    0|  4096|  119|     1|       487424|
    |data_V_U  |nondf_kernel_cov_x0_data_V  |        0|    0|    0|    0|  4096|  128|     1|       524288|
    |mean_V_U  |nondf_kernel_cov_x0_mean_V  |        0|  128|  129|    0|    64|  118|     1|         7552|
    +----------+----------------------------+---------+-----+-----+-----+------+-----+------+-------------+
    |Total     |                            |        0|  128|  129|    0|  8256|  365|     3|      1019264|
    +----------+----------------------------+---------+-----+-----+-----+------+-----+------+-------------+

    * FIFO: 
    N/A

    * Expression: 
    +-----------------------+----------+----+---+-----+------------+------------+
    |     Variable Name     | Operation| DSP| FF| LUT | Bitwidth P0| Bitwidth P1|
    +-----------------------+----------+----+---+-----+------------+------------+
    |add_ln208_fu_767_p2    |         +|   0|  0|   19|          12|          12|
    |add_ln215_2_fu_687_p2  |         +|   0|  0|   19|          12|          12|
    |add_ln215_fu_677_p2    |         +|   0|  0|   19|          12|          12|
    |add_ln24_fu_393_p2     |         +|   0|  0|   14|           7|           1|
    |add_ln25_fu_417_p2     |         +|   0|  0|   14|           7|           1|
    |add_ln26_fu_427_p2     |         +|   0|  0|   19|          12|          12|
    |add_ln30_fu_447_p2     |         +|   0|  0|   14|           7|           1|
    |add_ln33_fu_468_p2     |         +|   0|  0|   14|           7|           1|
    |add_ln38_fu_519_p2     |         +|   0|  0|   14|           7|           1|
    |add_ln39_fu_543_p2     |         +|   0|  0|   14|           7|           1|
    |add_ln42_fu_583_p2     |         +|   0|  0|   14|           7|           1|
    |add_ln43_fu_611_p2     |         +|   0|  0|   14|           7|           1|
    |add_ln45_fu_621_p2     |         +|   0|  0|   19|          12|          12|
    |add_ln46_fu_659_p2     |         +|   0|  0|   14|           7|           1|
    |add_ln49_fu_643_p2     |         +|   0|  0|   19|          12|          12|
    |add_ln52_fu_733_p2     |         +|   0|  0|   14|           7|           1|
    |add_ln53_fu_757_p2     |         +|   0|  0|   14|           7|           1|
    |add_ln691_2_fu_718_p2  |         +|   0|  0|  135|         128|         128|
    |add_ln691_3_fu_486_p2  |         +|   0|  0|   19|          12|          12|
    |add_ln691_fu_513_p2    |         +|   0|  0|  135|         128|         128|
    |add_ln692_fu_557_p2    |         +|   0|  0|   19|          12|          12|
    |sub_ln692_fu_577_p2    |         -|   0|  0|  135|         128|         128|
    |icmp_ln24_fu_411_p2    |      icmp|   0|  0|   11|           7|           8|
    |icmp_ln25_fu_437_p2    |      icmp|   0|  0|   11|           7|           8|
    |icmp_ln30_fu_462_p2    |      icmp|   0|  0|   11|           7|           8|
    |icmp_ln33_fu_496_p2    |      icmp|   0|  0|   11|           7|           8|
    |icmp_ln38_fu_537_p2    |      icmp|   0|  0|   11|           7|           8|
    |icmp_ln39_fu_567_p2    |      icmp|   0|  0|   11|           7|           8|
    |icmp_ln42_fu_605_p2    |      icmp|   0|  0|   11|           7|           8|
    |icmp_ln43_fu_653_p2    |      icmp|   0|  0|   11|           7|           8|
    |icmp_ln46_fu_697_p2    |      icmp|   0|  0|   11|           7|           8|
    |icmp_ln52_fu_751_p2    |      icmp|   0|  0|   11|           7|           8|
    |icmp_ln53_fu_777_p2    |      icmp|   0|  0|   11|           7|           8|
    +-----------------------+----------+----+---+-----+------------+------------+
    |Total                  |          |   0|  0|  832|         634|         579|
    +-----------------------+----------+----+---+-----+------------+------------+

    * Multiplexer: 
    +---------------------+-----+-----------+-----+-----------+
    |         Name        | LUT | Input Size| Bits| Total Bits|
    +---------------------+-----+-----------+-----+-----------+
    |add_i3114_reg_266    |    9|          2|  128|        256|
    |ap_NS_fsm            |  517|        104|    1|        104|
    |conv3_i2113_reg_333  |    9|          2|  128|        256|
    |cov_V_address0       |   20|          4|   12|         48|
    |data_V_address0      |   31|          6|   12|         72|
    |data_V_d0            |   14|          3|  128|        384|
    |gmem_A_blk_n_AR      |    9|          2|    1|          2|
    |gmem_A_blk_n_R       |    9|          2|    1|          2|
    |i_5_reg_278          |    9|          2|    7|         14|
    |i_6_reg_255          |    9|          2|    7|         14|
    |i_7_reg_300          |    9|          2|    7|         14|
    |i_8_reg_345          |    9|          2|    7|         14|
    |i_reg_222            |    9|          2|    7|         14|
    |j_5_reg_233          |    9|          2|    7|         14|
    |j_6_reg_289          |    9|          2|    7|         14|
    |j_7_reg_311          |    9|          2|    7|         14|
    |j_8_reg_356          |    9|          2|    7|         14|
    |j_reg_244            |    9|          2|    7|         14|
    |k_reg_322            |    9|          2|    7|         14|
    |mean_V_address0      |   14|          3|    6|         18|
    |reg_367              |    9|          2|  128|        256|
    +---------------------+-----+-----------+-----+-----------+
    |Total                |  740|        152|  622|       1552|
    +---------------------+-----+-----------+-----+-----------+

    * Register: 
    +-----------------------+-----+----+-----+-----------+
    |          Name         |  FF | LUT| Bits| Const Bits|
    +-----------------------+-----+----+-----+-----------+
    |add_i3114_reg_266      |  128|   0|  128|          0|
    |add_ln24_reg_789       |    7|   0|    7|          0|
    |add_ln25_reg_802       |    7|   0|    7|          0|
    |add_ln30_reg_820       |    7|   0|    7|          0|
    |add_ln33_reg_838       |    7|   0|    7|          0|
    |add_ln38_reg_856       |    7|   0|    7|          0|
    |add_ln39_reg_869       |    7|   0|    7|          0|
    |add_ln42_reg_897       |    7|   0|    7|          0|
    |add_ln43_reg_916       |    7|   0|    7|          0|
    |add_ln46_reg_939       |    7|   0|    7|          0|
    |add_ln52_reg_982       |    7|   0|    7|          0|
    |add_ln53_reg_995       |    7|   0|    7|          0|
    |ap_CS_fsm              |  103|   0|  103|          0|
    |conv3_i2113_reg_333    |  128|   0|  128|          0|
    |cov_V_addr_4_reg_931   |   12|   0|   12|          0|
    |cov_V_addr_reg_926     |   12|   0|   12|          0|
    |cov_V_load_reg_1013    |  119|   0|  119|          0|
    |data_V_addr_6_reg_879  |   12|   0|   12|          0|
    |data_V_addr_reg_807    |   12|   0|   12|          0|
    |data_V_load_6_reg_962  |  128|   0|  128|          0|
    |i_5_reg_278            |    7|   0|    7|          0|
    |i_6_reg_255            |    7|   0|    7|          0|
    |i_7_reg_300            |    7|   0|    7|          0|
    |i_8_reg_345            |    7|   0|    7|          0|
    |i_reg_222              |    7|   0|    7|          0|
    |j_5_reg_233            |    7|   0|    7|          0|
    |j_6_reg_289            |    7|   0|    7|          0|
    |j_7_reg_311            |    7|   0|    7|          0|
    |j_8_reg_356            |    7|   0|    7|          0|
    |j_reg_244              |    7|   0|    7|          0|
    |k_reg_322              |    7|   0|    7|          0|
    |mean_V_addr_reg_833    |    6|   0|    6|          0|
    |mul_ln691_reg_967      |  128|   0|  128|          0|
    |reg_367                |  128|   0|  128|          0|
    |sub_ln692_reg_892      |  128|   0|  128|          0|
    |tmp_11_cast_reg_908    |    6|   0|   12|          6|
    |tmp_12_cast_reg_987    |    6|   0|   12|          6|
    |tmp_9_cast_reg_861     |    6|   0|   12|          6|
    |tmp_cast_reg_794       |    6|   0|   12|          6|
    |trunc_ln208_reg_815    |  128|   0|  128|          0|
    |trunc_ln693_2_reg_977  |  119|   0|  119|          0|
    |zext_ln208_2_reg_1000  |   12|   0|   64|         52|
    |zext_ln30_1_reg_825    |    7|   0|   12|          5|
    |zext_ln39_reg_874      |    7|   0|   64|         57|
    |zext_ln45_1_reg_921    |    7|   0|   12|          5|
    |zext_ln45_reg_902      |    7|   0|   12|          5|
    +-----------------------+-----+----+-----+-----------+
    |Total                  | 1509|   0| 1657|        148|
    +-----------------------+-----+----+-----+-----------+



================================================================
== Interface
================================================================
* Summary: 
+-----------------------+-----+-----+------------+---------------------+--------------+
|       RTL Ports       | Dir | Bits|  Protocol  |    Source Object    |    C Type    |
+-----------------------+-----+-----+------------+---------------------+--------------+
|ap_clk                 |   in|    1|  ap_ctrl_hs|  nondf_kernel_cov_x0|  return value|
|ap_rst                 |   in|    1|  ap_ctrl_hs|  nondf_kernel_cov_x0|  return value|
|ap_start               |   in|    1|  ap_ctrl_hs|  nondf_kernel_cov_x0|  return value|
|ap_done                |  out|    1|  ap_ctrl_hs|  nondf_kernel_cov_x0|  return value|
|ap_idle                |  out|    1|  ap_ctrl_hs|  nondf_kernel_cov_x0|  return value|
|ap_ready               |  out|    1|  ap_ctrl_hs|  nondf_kernel_cov_x0|  return value|
|m_axi_gmem_A_AWVALID   |  out|    1|       m_axi|               gmem_A|       pointer|
|m_axi_gmem_A_AWREADY   |   in|    1|       m_axi|               gmem_A|       pointer|
|m_axi_gmem_A_AWADDR    |  out|   64|       m_axi|               gmem_A|       pointer|
|m_axi_gmem_A_AWID      |  out|    1|       m_axi|               gmem_A|       pointer|
|m_axi_gmem_A_AWLEN     |  out|   32|       m_axi|               gmem_A|       pointer|
|m_axi_gmem_A_AWSIZE    |  out|    3|       m_axi|               gmem_A|       pointer|
|m_axi_gmem_A_AWBURST   |  out|    2|       m_axi|               gmem_A|       pointer|
|m_axi_gmem_A_AWLOCK    |  out|    2|       m_axi|               gmem_A|       pointer|
|m_axi_gmem_A_AWCACHE   |  out|    4|       m_axi|               gmem_A|       pointer|
|m_axi_gmem_A_AWPROT    |  out|    3|       m_axi|               gmem_A|       pointer|
|m_axi_gmem_A_AWQOS     |  out|    4|       m_axi|               gmem_A|       pointer|
|m_axi_gmem_A_AWREGION  |  out|    4|       m_axi|               gmem_A|       pointer|
|m_axi_gmem_A_AWUSER    |  out|    1|       m_axi|               gmem_A|       pointer|
|m_axi_gmem_A_WVALID    |  out|    1|       m_axi|               gmem_A|       pointer|
|m_axi_gmem_A_WREADY    |   in|    1|       m_axi|               gmem_A|       pointer|
|m_axi_gmem_A_WDATA     |  out|  512|       m_axi|               gmem_A|       pointer|
|m_axi_gmem_A_WSTRB     |  out|   64|       m_axi|               gmem_A|       pointer|
|m_axi_gmem_A_WLAST     |  out|    1|       m_axi|               gmem_A|       pointer|
|m_axi_gmem_A_WID       |  out|    1|       m_axi|               gmem_A|       pointer|
|m_axi_gmem_A_WUSER     |  out|    1|       m_axi|               gmem_A|       pointer|
|m_axi_gmem_A_ARVALID   |  out|    1|       m_axi|               gmem_A|       pointer|
|m_axi_gmem_A_ARREADY   |   in|    1|       m_axi|               gmem_A|       pointer|
|m_axi_gmem_A_ARADDR    |  out|   64|       m_axi|               gmem_A|       pointer|
|m_axi_gmem_A_ARID      |  out|    1|       m_axi|               gmem_A|       pointer|
|m_axi_gmem_A_ARLEN     |  out|   32|       m_axi|               gmem_A|       pointer|
|m_axi_gmem_A_ARSIZE    |  out|    3|       m_axi|               gmem_A|       pointer|
|m_axi_gmem_A_ARBURST   |  out|    2|       m_axi|               gmem_A|       pointer|
|m_axi_gmem_A_ARLOCK    |  out|    2|       m_axi|               gmem_A|       pointer|
|m_axi_gmem_A_ARCACHE   |  out|    4|       m_axi|               gmem_A|       pointer|
|m_axi_gmem_A_ARPROT    |  out|    3|       m_axi|               gmem_A|       pointer|
|m_axi_gmem_A_ARQOS     |  out|    4|       m_axi|               gmem_A|       pointer|
|m_axi_gmem_A_ARREGION  |  out|    4|       m_axi|               gmem_A|       pointer|
|m_axi_gmem_A_ARUSER    |  out|    1|       m_axi|               gmem_A|       pointer|
|m_axi_gmem_A_RVALID    |   in|    1|       m_axi|               gmem_A|       pointer|
|m_axi_gmem_A_RREADY    |  out|    1|       m_axi|               gmem_A|       pointer|
|m_axi_gmem_A_RDATA     |   in|  512|       m_axi|               gmem_A|       pointer|
|m_axi_gmem_A_RLAST     |   in|    1|       m_axi|               gmem_A|       pointer|
|m_axi_gmem_A_RID       |   in|    1|       m_axi|               gmem_A|       pointer|
|m_axi_gmem_A_RUSER     |   in|    1|       m_axi|               gmem_A|       pointer|
|m_axi_gmem_A_RRESP     |   in|    2|       m_axi|               gmem_A|       pointer|
|m_axi_gmem_A_BVALID    |   in|    1|       m_axi|               gmem_A|       pointer|
|m_axi_gmem_A_BREADY    |  out|    1|       m_axi|               gmem_A|       pointer|
|m_axi_gmem_A_BRESP     |   in|    2|       m_axi|               gmem_A|       pointer|
|m_axi_gmem_A_BID       |   in|    1|       m_axi|               gmem_A|       pointer|
|m_axi_gmem_A_BUSER     |   in|    1|       m_axi|               gmem_A|       pointer|
|xout                   |   in|   64|     ap_none|                 xout|        scalar|
|xin_address0           |  out|   12|   ap_memory|                  xin|         array|
|xin_ce0                |  out|    1|   ap_memory|                  xin|         array|
|xin_we0                |  out|    1|   ap_memory|                  xin|         array|
|xin_d0                 |  out|  119|   ap_memory|                  xin|         array|
+-----------------------+-----+-----+------------+---------------------+--------------+

