

================================================================
== Vitis HLS Report for 'C_IO_L2_in_1_x0'
================================================================
* Date:           Thu Sep 15 03:12:22 2022

* Version:        2020.2 (Build 3064766 on Wed Nov 18 09:12:47 MST 2020)
* Project:        top
* Solution:       solution (Vitis Kernel Flow Target)
* Product family: virtexuplus
* Target device:  xcu250-figd2104-2L-e


================================================================
== Performance Estimates
================================================================
+ Timing: 
    * Summary: 
    +--------+---------+----------+------------+
    |  Clock |  Target | Estimated| Uncertainty|
    +--------+---------+----------+------------+
    |ap_clk  |  3.33 ns|  2.433 ns|     0.90 ns|
    +--------+---------+----------+------------+

+ Latency: 
    * Summary: 
    +---------+-----------+-----------+-----------+---------+-----------+---------+
    |   Latency (cycles)  |   Latency (absolute)  |       Interval      | Pipeline|
    |   min   |    max    |    min    |    max    |   min   |    max    |   Type  |
    +---------+-----------+-----------+-----------+---------+-----------+---------+
    |  4414722|  110254290|  14.714 ms|  0.367 sec|  4414722|  110254290|     none|
    +---------+-----------+-----------+-----------+---------+-----------+---------+

    + Detail: 
        * Instance: 
        N/A

        * Loop: 
        +----------------------------------------+---------+-----------+-----------------+-----------+-----------+-------+----------+
        |                                        |   Latency (cycles)  |    Iteration    |  Initiation Interval  |  Trip |          |
        |                Loop Name               |   min   |    max    |     Latency     |  achieved |   target  | Count | Pipelined|
        +----------------------------------------+---------+-----------+-----------------+-----------+-----------+-------+----------+
        |- C_IO_L2_in_1_x0_loop_1                |     6656|  105846224|  1664 ~ 26461556|          -|          -|      4|        no|
        | + C_IO_L2_in_1_x0_loop_2               |     1662|   26461554|    277 ~ 4410259|          -|          -|      6|        no|
        |  ++ C_IO_L2_in_1_x0_loop_3             |      274|       2192|              274|          -|          -|  1 ~ 8|        no|
        |   +++ C_IO_L2_in_1_x0_loop_4           |      272|        272|               34|          -|          -|      8|        no|
        |    ++++ C_IO_L2_in_1_x0_loop_5         |       32|         32|                2|          -|          -|     16|        no|
        |   +++ C_IO_L2_in_1_x0_loop_6           |      272|        272|               34|          -|          -|      8|        no|
        |    ++++ C_IO_L2_in_1_x0_loop_7         |       32|         32|                2|          -|          -|     16|        no|
        |  ++ C_IO_L2_in_1_x0_loop_8             |  4408064|    4408064|            34438|          -|          -|    128|        no|
        |   +++ C_IO_L2_in_1_x0_loop_9           |    34436|      34436|            17218|          -|          -|      2|        no|
        |    ++++ C_IO_L2_in_1_x0_loop_10        |    17216|      17216|              538|          -|          -|     32|        no|
        |     +++++ C_IO_L2_in_1_x0_loop_11      |      536|        536|               67|          -|          -|      8|        no|
        |      ++++++ C_IO_L2_in_1_x0_loop_12    |       64|         64|                4|          -|          -|     16|        no|
        |       +++++++ C_IO_L2_in_1_x0_loop_13  |        2|          2|                1|          -|          -|      2|        no|
        |  ++ C_IO_L2_in_1_x0_loop_14            |      274|       2192|              274|          -|          -|  1 ~ 8|        no|
        |   +++ C_IO_L2_in_1_x0_loop_15          |      272|        272|               34|          -|          -|      8|        no|
        |    ++++ C_IO_L2_in_1_x0_loop_16        |       32|         32|                2|          -|          -|     16|        no|
        |   +++ C_IO_L2_in_1_x0_loop_17          |      272|        272|               34|          -|          -|      8|        no|
        |    ++++ C_IO_L2_in_1_x0_loop_18        |       32|         32|                2|          -|          -|     16|        no|
        |  ++ C_IO_L2_in_1_x0_loop_19            |  4408064|    4408064|            34438|          -|          -|    128|        no|
        |   +++ C_IO_L2_in_1_x0_loop_20          |    34436|      34436|            17218|          -|          -|      2|        no|
        |    ++++ C_IO_L2_in_1_x0_loop_21        |    17216|      17216|              538|          -|          -|     32|        no|
        |     +++++ C_IO_L2_in_1_x0_loop_22      |      536|        536|               67|          -|          -|      8|        no|
        |      ++++++ C_IO_L2_in_1_x0_loop_23    |       64|         64|                4|          -|          -|     16|        no|
        |       +++++++ C_IO_L2_in_1_x0_loop_24  |        2|          2|                1|          -|          -|      2|        no|
        |- C_IO_L2_in_1_x0_loop_25               |  4408064|    4408064|            34438|          -|          -|    128|        no|
        | + C_IO_L2_in_1_x0_loop_26              |    34436|      34436|            17218|          -|          -|      2|        no|
        |  ++ C_IO_L2_in_1_x0_loop_27            |    17216|      17216|              538|          -|          -|     32|        no|
        |   +++ C_IO_L2_in_1_x0_loop_28          |      536|        536|               67|          -|          -|      8|        no|
        |    ++++ C_IO_L2_in_1_x0_loop_29        |       64|         64|                4|          -|          -|     16|        no|
        |     +++++ C_IO_L2_in_1_x0_loop_30      |        2|          2|                1|          -|          -|      2|        no|
        +----------------------------------------+---------+-----------+-----------------+-----------+-----------+-------+----------+



================================================================
== Utilization Estimates
================================================================
* Summary: 
+---------------------+---------+-------+---------+---------+------+
|         Name        | BRAM_18K|  DSP  |    FF   |   LUT   | URAM |
+---------------------+---------+-------+---------+---------+------+
|DSP                  |        -|      -|        -|        -|     -|
|Expression           |        -|      -|        0|     2691|     -|
|FIFO                 |        -|      -|        -|        -|     -|
|Instance             |        -|      -|        -|        -|     -|
|Memory               |       16|      -|        0|        0|     -|
|Multiplexer          |        -|      -|        -|      567|     -|
|Register             |        -|      -|     4423|        -|     -|
+---------------------+---------+-------+---------+---------+------+
|Total                |       16|      0|     4423|     3258|     0|
+---------------------+---------+-------+---------+---------+------+
|Available SLR        |     1344|   3072|   864000|   432000|   320|
+---------------------+---------+-------+---------+---------+------+
|Utilization SLR (%)  |        1|      0|       ~0|       ~0|     0|
+---------------------+---------+-------+---------+---------+------+
|Available            |     5376|  12288|  3456000|  1728000|  1280|
+---------------------+---------+-------+---------+---------+------+
|Utilization (%)      |       ~0|      0|       ~0|       ~0|     0|
+---------------------+---------+-------+---------+---------+------+

+ Detail: 
    * Instance: 
    N/A

    * DSP: 
    N/A

    * Memory: 
    +------------------+--------------------------------+---------+---+----+-----+------+-----+------+-------------+
    |      Memory      |             Module             | BRAM_18K| FF| LUT| URAM| Words| Bits| Banks| W*Bits*Banks|
    +------------------+--------------------------------+---------+---+----+-----+------+-----+------+-------------+
    |local_C_ping_V_U  |C_IO_L2_in_0_x0_local_C_ping_V  |        8|  0|   0|    0|   128|  512|     1|        65536|
    |local_C_pong_V_U  |C_IO_L2_in_0_x0_local_C_ping_V  |        8|  0|   0|    0|   128|  512|     1|        65536|
    +------------------+--------------------------------+---------+---+----+-----+------+-----+------+-------------+
    |Total             |                                |       16|  0|   0|    0|   256| 1024|     2|       131072|
    +------------------+--------------------------------+---------+---+----+-----+------+-----+------+-------------+

    * FIFO: 
    N/A

    * Expression: 
    +-------------------------------+----------+----+---+-----+------------+------------+
    |         Variable Name         | Operation| DSP| FF| LUT | Bitwidth P0| Bitwidth P1|
    +-------------------------------+----------+----+---+-----+------------+------------+
    |add_ln3329_fu_821_p2           |         +|   0|  0|   14|           7|           7|
    |add_ln3403_fu_1096_p2          |         +|   0|  0|   14|           7|           7|
    |add_ln691_1795_fu_1266_p2      |         +|   0|  0|    9|           2|           1|
    |add_ln691_1796_fu_1278_p2      |         +|   0|  0|   13|           6|           1|
    |add_ln691_1797_fu_708_p2       |         +|   0|  0|   10|           3|           1|
    |add_ln691_1798_fu_1304_p2      |         +|   0|  0|   12|           4|           1|
    |add_ln691_1800_fu_1044_p2      |         +|   0|  0|   12|           4|           1|
    |add_ln691_1801_fu_1032_p2      |         +|   0|  0|   12|           4|           1|
    |add_ln691_1802_fu_1086_p2      |         +|   0|  0|   12|           5|           1|
    |add_ln691_1804_fu_1074_p2      |         +|   0|  0|   12|           5|           1|
    |add_ln691_1805_fu_769_p2       |         +|   0|  0|   12|           4|           1|
    |add_ln691_1806_fu_811_p2       |         +|   0|  0|   12|           5|           1|
    |add_ln691_1807_fu_757_p2       |         +|   0|  0|   12|           4|           1|
    |add_ln691_1808_fu_799_p2       |         +|   0|  0|   12|           5|           1|
    |add_ln691_1809_fu_1328_p2      |         +|   0|  0|   12|           5|           1|
    |add_ln691_1810_fu_1340_p2      |         +|   0|  0|    9|           2|           1|
    |add_ln691_1811_fu_1112_p2      |         +|   0|  0|    9|           2|           1|
    |add_ln691_1812_fu_867_p2       |         +|   0|  0|    9|           2|           1|
    |add_ln691_1813_fu_1124_p2      |         +|   0|  0|   13|           6|           1|
    |add_ln691_1814_fu_879_p2       |         +|   0|  0|   13|           6|           1|
    |add_ln691_1815_fu_1150_p2      |         +|   0|  0|   12|           4|           1|
    |add_ln691_1816_fu_905_p2       |         +|   0|  0|   12|           4|           1|
    |add_ln691_1817_fu_1174_p2      |         +|   0|  0|   12|           5|           1|
    |add_ln691_1818_fu_1186_p2      |         +|   0|  0|    9|           2|           1|
    |add_ln691_1819_fu_929_p2       |         +|   0|  0|   12|           5|           1|
    |add_ln691_1820_fu_941_p2       |         +|   0|  0|    9|           2|           1|
    |add_ln691_fu_696_p2            |         +|   0|  0|   10|           3|           1|
    |c2_V_146_fu_1254_p2            |         +|   0|  0|   15|           8|           1|
    |c2_V_149_fu_849_p2             |         +|   0|  0|   15|           8|           1|
    |c2_V_150_fu_837_p2             |         +|   0|  0|   15|           8|           1|
    |c3_53_fu_1068_p2               |         +|   0|  0|   12|           4|           1|
    |c3_54_fu_793_p2                |         +|   0|  0|   12|           4|           1|
    |add_i_i780_cast_fu_728_p2      |         -|   0|  0|   13|           6|           6|
    |ap_block_state16               |       and|   0|  0|    2|           1|           1|
    |ap_block_state28               |       and|   0|  0|    2|           1|           1|
    |ap_block_state35               |       and|   0|  0|    2|           1|           1|
    |icmp_ln3319_fu_751_p2          |      icmp|   0|  0|    9|           4|           1|
    |icmp_ln3355_fu_843_p2          |      icmp|   0|  0|   11|           8|           9|
    |icmp_ln3393_fu_1026_p2         |      icmp|   0|  0|    9|           4|           1|
    |icmp_ln3429_fu_855_p2          |      icmp|   0|  0|   11|           8|           9|
    |icmp_ln3473_fu_1260_p2         |      icmp|   0|  0|   11|           8|           9|
    |icmp_ln878_92_fu_1192_p2       |      icmp|   0|  0|    8|           2|           3|
    |icmp_ln878_93_fu_947_p2        |      icmp|   0|  0|    8|           2|           3|
    |icmp_ln878_fu_1346_p2          |      icmp|   0|  0|    8|           2|           3|
    |icmp_ln886_12_fu_746_p2        |      icmp|   0|  0|   10|           6|           6|
    |icmp_ln886_fu_1021_p2          |      icmp|   0|  0|   10|           6|           6|
    |icmp_ln890_1550_fu_714_p2      |      icmp|   0|  0|    8|           3|           3|
    |icmp_ln890_1551_fu_1272_p2     |      icmp|   0|  0|    8|           2|           3|
    |icmp_ln890_1552_fu_1284_p2     |      icmp|   0|  0|   10|           6|           7|
    |icmp_ln890_1553_fu_1322_p2     |      icmp|   0|  0|    9|           4|           5|
    |icmp_ln890_1554_fu_1062_p2     |      icmp|   0|  0|    9|           4|           5|
    |icmp_ln890_1555_fu_1038_p2     |      icmp|   0|  0|    9|           4|           5|
    |icmp_ln890_1556_fu_787_p2      |      icmp|   0|  0|    9|           4|           5|
    |icmp_ln890_1557_fu_763_p2      |      icmp|   0|  0|    9|           4|           5|
    |icmp_ln890_1558_fu_1118_p2     |      icmp|   0|  0|    8|           2|           3|
    |icmp_ln890_1559_fu_873_p2      |      icmp|   0|  0|    8|           2|           3|
    |icmp_ln890_1560_fu_1334_p2     |      icmp|   0|  0|   10|           5|           6|
    |icmp_ln890_1561_fu_1106_p2     |      icmp|   0|  0|   10|           5|           6|
    |icmp_ln890_1562_fu_1080_p2     |      icmp|   0|  0|   10|           5|           6|
    |icmp_ln890_1563_fu_831_p2      |      icmp|   0|  0|   10|           5|           6|
    |icmp_ln890_1564_fu_805_p2      |      icmp|   0|  0|   10|           5|           6|
    |icmp_ln890_1565_fu_1130_p2     |      icmp|   0|  0|   10|           6|           7|
    |icmp_ln890_1566_fu_885_p2      |      icmp|   0|  0|   10|           6|           7|
    |icmp_ln890_1567_fu_1168_p2     |      icmp|   0|  0|    9|           4|           5|
    |icmp_ln890_1568_fu_923_p2      |      icmp|   0|  0|    9|           4|           5|
    |icmp_ln890_1569_fu_1180_p2     |      icmp|   0|  0|   10|           5|           6|
    |icmp_ln890_1570_fu_935_p2      |      icmp|   0|  0|   10|           5|           6|
    |icmp_ln890_fu_702_p2           |      icmp|   0|  0|    9|           3|           4|
    |ap_block_state1                |        or|   0|  0|    2|           1|           1|
    |ap_block_state20               |        or|   0|  0|    2|           1|           1|
    |data_split_V_1_195_fu_1360_p3  |    select|   0|  0|  221|           1|         256|
    |data_split_V_1_196_fu_1368_p3  |    select|   0|  0|  221|           1|         256|
    |data_split_V_1_198_fu_1206_p3  |    select|   0|  0|  221|           1|         256|
    |data_split_V_1_199_fu_1214_p3  |    select|   0|  0|  221|           1|         256|
    |data_split_V_1_201_fu_961_p3   |    select|   0|  0|  221|           1|         256|
    |data_split_V_1_202_fu_969_p3   |    select|   0|  0|  221|           1|         256|
    |select_ln3378_fu_1001_p3       |    select|   0|  0|  221|           1|         256|
    |select_ln3452_fu_1246_p3       |    select|   0|  0|  221|           1|         256|
    |select_ln3496_fu_1400_p3       |    select|   0|  0|  221|           1|         256|
    |arb_fu_861_p2                  |       xor|   0|  0|    2|           1|           2|
    +-------------------------------+----------+----+---+-----+------------+------------+
    |Total                          |          |   0|  0| 2691|         309|        2525|
    +-------------------------------+----------+----+---+-----+------------+------------+

    * Multiplexer: 
    +--------------------------------+-----+-----------+-----+-----------+
    |              Name              | LUT | Input Size| Bits| Total Bits|
    +--------------------------------+-----+-----------+-----+-----------+
    |ap_NS_fsm                       |  162|         36|    1|         36|
    |ap_done                         |    9|          2|    1|          2|
    |arb_14_reg_323                  |    9|          2|    1|          2|
    |c0_V_reg_274                    |    9|          2|    3|          6|
    |c1_V_reg_299                    |    9|          2|    3|          6|
    |c2_V_147_reg_402                |    9|          2|    8|         16|
    |c2_V_148_reg_391                |    9|          2|    8|         16|
    |c2_V_reg_597                    |    9|          2|    8|         16|
    |c3_52_reg_335                   |    9|          2|    4|          8|
    |c3_reg_477                      |    9|          2|    4|          8|
    |c4_V_50_reg_489                 |    9|          2|    4|          8|
    |c4_V_51_reg_358                 |    9|          2|    4|          8|
    |c4_V_52_reg_347                 |    9|          2|    4|          8|
    |c4_V_reg_500                    |    9|          2|    4|          8|
    |c5_V_137_reg_533                |    9|          2|    2|          4|
    |c5_V_138_reg_413                |    9|          2|    2|          4|
    |c5_V_139_reg_522                |    9|          2|    5|         10|
    |c5_V_140_reg_511                |    9|          2|    5|         10|
    |c5_V_141_reg_380                |    9|          2|    5|         10|
    |c5_V_142_reg_369                |    9|          2|    5|         10|
    |c5_V_reg_608                    |    9|          2|    2|          4|
    |c6_V_153_reg_544                |    9|          2|    6|         12|
    |c6_V_154_reg_424                |    9|          2|    6|         12|
    |c6_V_reg_619                    |    9|          2|    6|         12|
    |c7_V_91_reg_555                 |    9|          2|    4|          8|
    |c7_V_92_reg_435                 |    9|          2|    4|          8|
    |c7_V_reg_630                    |    9|          2|    4|          8|
    |c8_V_27_reg_566                 |    9|          2|    5|         10|
    |c8_V_28_reg_446                 |    9|          2|    5|         10|
    |c8_V_reg_641                    |    9|          2|    5|         10|
    |fifo_C_C_IO_L2_in_1_x018_blk_n  |    9|          2|    1|          2|
    |fifo_C_C_IO_L2_in_2_x019_blk_n  |    9|          2|    1|          2|
    |fifo_C_PE_0_1_x0106_blk_n       |    9|          2|    1|          2|
    |fifo_C_PE_0_1_x0106_din         |   20|          4|  256|       1024|
    |intra_trans_en_14_reg_310       |    9|          2|    1|          2|
    |local_C_ping_V_address0         |   20|          4|    7|         28|
    |local_C_pong_V_address0         |   14|          3|    7|         21|
    |n_V_91_reg_577                  |    9|          2|    2|          4|
    |n_V_92_reg_457                  |    9|          2|    2|          4|
    |n_V_reg_652                     |    9|          2|    2|          4|
    |p_Val2_119_reg_588              |    9|          2|  512|       1024|
    |p_Val2_120_reg_663              |    9|          2|  512|       1024|
    |p_Val2_s_reg_468                |    9|          2|  512|       1024|
    +--------------------------------+-----+-----------+-----+-----------+
    |Total                           |  567|        125| 1944|       4455|
    +--------------------------------+-----+-----------+-----+-----------+

    * Register: 
    +---------------------------------+-----+----+-----+-----------+
    |               Name              |  FF | LUT| Bits| Const Bits|
    +---------------------------------+-----+----+-----+-----------+
    |add_i_i780_cast_reg_1460         |    3|   0|    6|          3|
    |add_ln691_1795_reg_1734          |    2|   0|    2|          0|
    |add_ln691_1796_reg_1742          |    6|   0|    6|          0|
    |add_ln691_1797_reg_1452          |    3|   0|    3|          0|
    |add_ln691_1798_reg_1760          |    4|   0|    4|          0|
    |add_ln691_1800_reg_1622          |    4|   0|    4|          0|
    |add_ln691_1801_reg_1614          |    4|   0|    4|          0|
    |add_ln691_1802_reg_1648          |    5|   0|    5|          0|
    |add_ln691_1804_reg_1640          |    5|   0|    5|          0|
    |add_ln691_1805_reg_1484          |    4|   0|    4|          0|
    |add_ln691_1806_reg_1510          |    5|   0|    5|          0|
    |add_ln691_1807_reg_1476          |    4|   0|    4|          0|
    |add_ln691_1808_reg_1502          |    5|   0|    5|          0|
    |add_ln691_1809_reg_1773          |    5|   0|    5|          0|
    |add_ln691_1811_reg_1661          |    2|   0|    2|          0|
    |add_ln691_1812_reg_1544          |    2|   0|    2|          0|
    |add_ln691_1813_reg_1669          |    6|   0|    6|          0|
    |add_ln691_1814_reg_1552          |    6|   0|    6|          0|
    |add_ln691_1815_reg_1687          |    4|   0|    4|          0|
    |add_ln691_1816_reg_1570          |    4|   0|    4|          0|
    |add_ln691_1817_reg_1705          |    5|   0|    5|          0|
    |add_ln691_1819_reg_1583          |    5|   0|    5|          0|
    |add_ln691_reg_1432               |    3|   0|    3|          0|
    |ap_CS_fsm                        |   35|   0|   35|          0|
    |ap_done_reg                      |    1|   0|    1|          0|
    |arb_14_reg_323                   |    1|   0|    1|          0|
    |c0_V_reg_274                     |    3|   0|    3|          0|
    |c1_V_reg_299                     |    3|   0|    3|          0|
    |c2_V_146_reg_1726                |    8|   0|    8|          0|
    |c2_V_147_reg_402                 |    8|   0|    8|          0|
    |c2_V_148_reg_391                 |    8|   0|    8|          0|
    |c2_V_149_reg_1531                |    8|   0|    8|          0|
    |c2_V_150_reg_1523                |    8|   0|    8|          0|
    |c2_V_reg_597                     |    8|   0|    8|          0|
    |c3_52_reg_335                    |    4|   0|    4|          0|
    |c3_reg_477                       |    4|   0|    4|          0|
    |c4_V_50_reg_489                  |    4|   0|    4|          0|
    |c4_V_51_reg_358                  |    4|   0|    4|          0|
    |c4_V_52_reg_347                  |    4|   0|    4|          0|
    |c4_V_reg_500                     |    4|   0|    4|          0|
    |c5_V_137_reg_533                 |    2|   0|    2|          0|
    |c5_V_138_reg_413                 |    2|   0|    2|          0|
    |c5_V_139_reg_522                 |    5|   0|    5|          0|
    |c5_V_140_reg_511                 |    5|   0|    5|          0|
    |c5_V_141_reg_380                 |    5|   0|    5|          0|
    |c5_V_142_reg_369                 |    5|   0|    5|          0|
    |c5_V_reg_608                     |    2|   0|    2|          0|
    |c6_V_153_reg_544                 |    6|   0|    6|          0|
    |c6_V_154_reg_424                 |    6|   0|    6|          0|
    |c6_V_reg_619                     |    6|   0|    6|          0|
    |c7_V_91_reg_555                  |    4|   0|    4|          0|
    |c7_V_92_reg_435                  |    4|   0|    4|          0|
    |c7_V_reg_630                     |    4|   0|    4|          0|
    |c8_V_27_reg_566                  |    5|   0|    5|          0|
    |c8_V_28_reg_446                  |    5|   0|    5|          0|
    |c8_V_reg_641                     |    5|   0|    5|          0|
    |data_split_V_1_189_fu_180        |  256|   0|  256|          0|
    |data_split_V_1_190_fu_184        |  256|   0|  256|          0|
    |data_split_V_1_191_fu_188        |  256|   0|  256|          0|
    |data_split_V_1_192_fu_200        |  256|   0|  256|          0|
    |data_split_V_1_193_fu_204        |  256|   0|  256|          0|
    |data_split_V_1_fu_176            |  256|   0|  256|          0|
    |div_i_i18_reg_1677               |    4|   0|    4|          0|
    |div_i_i19_reg_1560               |    4|   0|    4|          0|
    |div_i_i_reg_1750                 |    4|   0|    4|          0|
    |empty_3646_reg_1682              |    1|   0|    1|          0|
    |empty_3647_reg_1755              |    1|   0|    1|          0|
    |empty_reg_1565                   |    1|   0|    1|          0|
    |icmp_ln3319_reg_1472             |    1|   0|    1|          0|
    |icmp_ln3393_reg_1610             |    1|   0|    1|          0|
    |in_data_V_107_reg_1700           |  512|   0|  512|          0|
    |intra_trans_en_14_reg_310        |    1|   0|    1|          0|
    |intra_trans_en_reg_285           |    1|   0|    1|          0|
    |local_C_ping_V_addr_27_reg_1653  |    7|   0|    7|          0|
    |local_C_pong_V_addr_reg_1515     |    7|   0|    7|          0|
    |n_V_91_reg_577                   |    2|   0|    2|          0|
    |n_V_92_reg_457                   |    2|   0|    2|          0|
    |n_V_reg_652                      |    2|   0|    2|          0|
    |p_Val2_119_reg_588               |  512|   0|  512|          0|
    |p_Val2_120_reg_663               |  512|   0|  512|          0|
    |p_Val2_s_reg_468                 |  512|   0|  512|          0|
    |reg_690                          |  512|   0|  512|          0|
    |tmp_633_cast_reg_1627            |    3|   0|    7|          4|
    |tmp_634_cast_reg_1489            |    3|   0|    7|          4|
    +---------------------------------+-----+----+-----+-----------+
    |Total                            | 4423|   0| 4434|         11|
    +---------------------------------+-----+----+-----+-----------+



================================================================
== Interface
================================================================
* Summary: 
+----------------------------------+-----+-----+------------+--------------------------+--------------+
|             RTL Ports            | Dir | Bits|  Protocol  |       Source Object      |    C Type    |
+----------------------------------+-----+-----+------------+--------------------------+--------------+
|ap_clk                            |   in|    1|  ap_ctrl_hs|           C_IO_L2_in_1_x0|  return value|
|ap_rst                            |   in|    1|  ap_ctrl_hs|           C_IO_L2_in_1_x0|  return value|
|ap_start                          |   in|    1|  ap_ctrl_hs|           C_IO_L2_in_1_x0|  return value|
|ap_done                           |  out|    1|  ap_ctrl_hs|           C_IO_L2_in_1_x0|  return value|
|ap_continue                       |   in|    1|  ap_ctrl_hs|           C_IO_L2_in_1_x0|  return value|
|ap_idle                           |  out|    1|  ap_ctrl_hs|           C_IO_L2_in_1_x0|  return value|
|ap_ready                          |  out|    1|  ap_ctrl_hs|           C_IO_L2_in_1_x0|  return value|
|fifo_C_C_IO_L2_in_1_x018_dout     |   in|  512|     ap_fifo|  fifo_C_C_IO_L2_in_1_x018|       pointer|
|fifo_C_C_IO_L2_in_1_x018_empty_n  |   in|    1|     ap_fifo|  fifo_C_C_IO_L2_in_1_x018|       pointer|
|fifo_C_C_IO_L2_in_1_x018_read     |  out|    1|     ap_fifo|  fifo_C_C_IO_L2_in_1_x018|       pointer|
|fifo_C_C_IO_L2_in_2_x019_din      |  out|  512|     ap_fifo|  fifo_C_C_IO_L2_in_2_x019|       pointer|
|fifo_C_C_IO_L2_in_2_x019_full_n   |   in|    1|     ap_fifo|  fifo_C_C_IO_L2_in_2_x019|       pointer|
|fifo_C_C_IO_L2_in_2_x019_write    |  out|    1|     ap_fifo|  fifo_C_C_IO_L2_in_2_x019|       pointer|
|fifo_C_PE_0_1_x0106_din           |  out|  256|     ap_fifo|       fifo_C_PE_0_1_x0106|       pointer|
|fifo_C_PE_0_1_x0106_full_n        |   in|    1|     ap_fifo|       fifo_C_PE_0_1_x0106|       pointer|
|fifo_C_PE_0_1_x0106_write         |  out|    1|     ap_fifo|       fifo_C_PE_0_1_x0106|       pointer|
+----------------------------------+-----+-----+------------+--------------------------+--------------+

