

================================================================
== Vitis HLS Report for 'C_IO_L2_in_0_x1'
================================================================
* Date:           Thu Sep 15 03:13:24 2022

* Version:        2020.2 (Build 3064766 on Wed Nov 18 09:12:47 MST 2020)
* Project:        top
* Solution:       solution (Vitis Kernel Flow Target)
* Product family: virtexuplus
* Target device:  xcu250-figd2104-2L-e


================================================================
== Performance Estimates
================================================================
+ Timing: 
    * Summary: 
    +--------+---------+----------+------------+
    |  Clock |  Target | Estimated| Uncertainty|
    +--------+---------+----------+------------+
    |ap_clk  |  3.33 ns|  2.433 ns|     0.90 ns|
    +--------+---------+----------+------------+

+ Latency: 
    * Summary: 
    +---------+-----------+-----------+-----------+---------+-----------+---------+
    |   Latency (cycles)  |   Latency (absolute)  |       Interval      | Pipeline|
    |   min   |    max    |    min    |    max    |   min   |    max    |   Type  |
    +---------+-----------+-----------+-----------+---------+-----------+---------+
    |  4414722|  110254290|  14.714 ms|  0.367 sec|  4414722|  110254290|     none|
    +---------+-----------+-----------+-----------+---------+-----------+---------+

    + Detail: 
        * Instance: 
        N/A

        * Loop: 
        +----------------------------------------+---------+-----------+-----------------+-----------+-----------+-------+----------+
        |                                        |   Latency (cycles)  |    Iteration    |  Initiation Interval  |  Trip |          |
        |                Loop Name               |   min   |    max    |     Latency     |  achieved |   target  | Count | Pipelined|
        +----------------------------------------+---------+-----------+-----------------+-----------+-----------+-------+----------+
        |- C_IO_L2_in_0_x1_loop_1                |     6656|  105846224|  1664 ~ 26461556|          -|          -|      4|        no|
        | + C_IO_L2_in_0_x1_loop_2               |     1662|   26461554|    277 ~ 4410259|          -|          -|      6|        no|
        |  ++ C_IO_L2_in_0_x1_loop_3             |      274|       2192|              274|          -|          -|  1 ~ 8|        no|
        |   +++ C_IO_L2_in_0_x1_loop_4           |      272|        272|               34|          -|          -|      8|        no|
        |    ++++ C_IO_L2_in_0_x1_loop_5         |       32|         32|                2|          -|          -|     16|        no|
        |   +++ C_IO_L2_in_0_x1_loop_6           |      272|        272|               34|          -|          -|      8|        no|
        |    ++++ C_IO_L2_in_0_x1_loop_7         |       32|         32|                2|          -|          -|     16|        no|
        |  ++ C_IO_L2_in_0_x1_loop_8             |  4408064|    4408064|            34438|          -|          -|    128|        no|
        |   +++ C_IO_L2_in_0_x1_loop_9           |    34436|      34436|            17218|          -|          -|      2|        no|
        |    ++++ C_IO_L2_in_0_x1_loop_10        |    17216|      17216|              538|          -|          -|     32|        no|
        |     +++++ C_IO_L2_in_0_x1_loop_11      |      536|        536|               67|          -|          -|      8|        no|
        |      ++++++ C_IO_L2_in_0_x1_loop_12    |       64|         64|                4|          -|          -|     16|        no|
        |       +++++++ C_IO_L2_in_0_x1_loop_13  |        2|          2|                1|          -|          -|      2|        no|
        |  ++ C_IO_L2_in_0_x1_loop_14            |      274|       2192|              274|          -|          -|  1 ~ 8|        no|
        |   +++ C_IO_L2_in_0_x1_loop_15          |      272|        272|               34|          -|          -|      8|        no|
        |    ++++ C_IO_L2_in_0_x1_loop_16        |       32|         32|                2|          -|          -|     16|        no|
        |   +++ C_IO_L2_in_0_x1_loop_17          |      272|        272|               34|          -|          -|      8|        no|
        |    ++++ C_IO_L2_in_0_x1_loop_18        |       32|         32|                2|          -|          -|     16|        no|
        |  ++ C_IO_L2_in_0_x1_loop_19            |  4408064|    4408064|            34438|          -|          -|    128|        no|
        |   +++ C_IO_L2_in_0_x1_loop_20          |    34436|      34436|            17218|          -|          -|      2|        no|
        |    ++++ C_IO_L2_in_0_x1_loop_21        |    17216|      17216|              538|          -|          -|     32|        no|
        |     +++++ C_IO_L2_in_0_x1_loop_22      |      536|        536|               67|          -|          -|      8|        no|
        |      ++++++ C_IO_L2_in_0_x1_loop_23    |       64|         64|                4|          -|          -|     16|        no|
        |       +++++++ C_IO_L2_in_0_x1_loop_24  |        2|          2|                1|          -|          -|      2|        no|
        |- C_IO_L2_in_0_x1_loop_25               |  4408064|    4408064|            34438|          -|          -|    128|        no|
        | + C_IO_L2_in_0_x1_loop_26              |    34436|      34436|            17218|          -|          -|      2|        no|
        |  ++ C_IO_L2_in_0_x1_loop_27            |    17216|      17216|              538|          -|          -|     32|        no|
        |   +++ C_IO_L2_in_0_x1_loop_28          |      536|        536|               67|          -|          -|      8|        no|
        |    ++++ C_IO_L2_in_0_x1_loop_29        |       64|         64|                4|          -|          -|     16|        no|
        |     +++++ C_IO_L2_in_0_x1_loop_30      |        2|          2|                1|          -|          -|      2|        no|
        +----------------------------------------+---------+-----------+-----------------+-----------+-----------+-------+----------+



================================================================
== Utilization Estimates
================================================================
* Summary: 
+---------------------+---------+-------+---------+---------+------+
|         Name        | BRAM_18K|  DSP  |    FF   |   LUT   | URAM |
+---------------------+---------+-------+---------+---------+------+
|DSP                  |        -|      -|        -|        -|     -|
|Expression           |        -|      -|        0|     2709|     -|
|FIFO                 |        -|      -|        -|        -|     -|
|Instance             |        -|      -|        -|        -|     -|
|Memory               |       16|      -|        0|        0|     -|
|Multiplexer          |        -|      -|        -|      567|     -|
|Register             |        -|      -|     4431|        -|     -|
+---------------------+---------+-------+---------+---------+------+
|Total                |       16|      0|     4431|     3276|     0|
+---------------------+---------+-------+---------+---------+------+
|Available SLR        |     1344|   3072|   864000|   432000|   320|
+---------------------+---------+-------+---------+---------+------+
|Utilization SLR (%)  |        1|      0|       ~0|       ~0|     0|
+---------------------+---------+-------+---------+---------+------+
|Available            |     5376|  12288|  3456000|  1728000|  1280|
+---------------------+---------+-------+---------+---------+------+
|Utilization (%)      |       ~0|      0|       ~0|       ~0|     0|
+---------------------+---------+-------+---------+---------+------+

+ Detail: 
    * Instance: 
    N/A

    * DSP: 
    N/A

    * Memory: 
    +------------------+--------------------------------+---------+---+----+-----+------+-----+------+-------------+
    |      Memory      |             Module             | BRAM_18K| FF| LUT| URAM| Words| Bits| Banks| W*Bits*Banks|
    +------------------+--------------------------------+---------+---+----+-----+------+-----+------+-------------+
    |local_C_ping_V_U  |C_IO_L2_in_0_x0_local_C_ping_V  |        8|  0|   0|    0|   128|  512|     1|        65536|
    |local_C_pong_V_U  |C_IO_L2_in_0_x0_local_C_ping_V  |        8|  0|   0|    0|   128|  512|     1|        65536|
    +------------------+--------------------------------+---------+---+----+-----+------+-----+------+-------------+
    |Total             |                                |       16|  0|   0|    0|   256| 1024|     2|       131072|
    +------------------+--------------------------------+---------+---+----+-----+------+-----+------+-------------+

    * FIFO: 
    N/A

    * Expression: 
    +-------------------------------+----------+----+---+-----+------------+------------+
    |         Variable Name         | Operation| DSP| FF| LUT | Bitwidth P0| Bitwidth P1|
    +-------------------------------+----------+----+---+-----+------------+------------+
    |add_ln17125_fu_813_p2          |         +|   0|  0|   14|           7|           7|
    |add_ln17199_fu_1086_p2         |         +|   0|  0|   14|           7|           7|
    |add_ln691_1822_fu_1256_p2      |         +|   0|  0|    9|           2|           1|
    |add_ln691_1823_fu_1268_p2      |         +|   0|  0|   13|           6|           1|
    |add_ln691_1824_fu_1294_p2      |         +|   0|  0|   12|           4|           1|
    |add_ln691_1825_fu_702_p2       |         +|   0|  0|   10|           3|           1|
    |add_ln691_1827_fu_1040_p2      |         +|   0|  0|   12|           4|           1|
    |add_ln691_1828_fu_1076_p2      |         +|   0|  0|   12|           5|           1|
    |add_ln691_1829_fu_1028_p2      |         +|   0|  0|   12|           4|           1|
    |add_ln691_1830_fu_1064_p2      |         +|   0|  0|   12|           5|           1|
    |add_ln691_1832_fu_767_p2       |         +|   0|  0|   12|           4|           1|
    |add_ln691_1833_fu_803_p2       |         +|   0|  0|   12|           5|           1|
    |add_ln691_1834_fu_755_p2       |         +|   0|  0|   12|           4|           1|
    |add_ln691_1835_fu_791_p2       |         +|   0|  0|   12|           5|           1|
    |add_ln691_1836_fu_1318_p2      |         +|   0|  0|   12|           5|           1|
    |add_ln691_1837_fu_1330_p2      |         +|   0|  0|    9|           2|           1|
    |add_ln691_1838_fu_1102_p2      |         +|   0|  0|    9|           2|           1|
    |add_ln691_1839_fu_859_p2       |         +|   0|  0|    9|           2|           1|
    |add_ln691_1840_fu_1114_p2      |         +|   0|  0|   13|           6|           1|
    |add_ln691_1841_fu_871_p2       |         +|   0|  0|   13|           6|           1|
    |add_ln691_1842_fu_1140_p2      |         +|   0|  0|   12|           4|           1|
    |add_ln691_1843_fu_897_p2       |         +|   0|  0|   12|           4|           1|
    |add_ln691_1844_fu_1164_p2      |         +|   0|  0|   12|           5|           1|
    |add_ln691_1845_fu_1176_p2      |         +|   0|  0|    9|           2|           1|
    |add_ln691_1846_fu_921_p2       |         +|   0|  0|   12|           5|           1|
    |add_ln691_1847_fu_933_p2       |         +|   0|  0|    9|           2|           1|
    |add_ln691_fu_690_p2            |         +|   0|  0|   10|           3|           1|
    |c2_V_151_fu_1244_p2            |         +|   0|  0|   15|           8|           1|
    |c2_V_154_fu_841_p2             |         +|   0|  0|   15|           8|           1|
    |c2_V_155_fu_829_p2             |         +|   0|  0|   15|           8|           1|
    |c3_56_fu_1007_p2               |         +|   0|  0|   12|           4|           1|
    |c3_57_fu_734_p2                |         +|   0|  0|   12|           4|           1|
    |add_i_i780_cast_fu_722_p2      |         -|   0|  0|   13|           6|           6|
    |ap_block_state16               |       and|   0|  0|    2|           1|           1|
    |ap_block_state28               |       and|   0|  0|    2|           1|           1|
    |ap_block_state35               |       and|   0|  0|    2|           1|           1|
    |icmp_ln17110_fu_728_p2         |      icmp|   0|  0|    9|           4|           5|
    |icmp_ln17115_fu_749_p2         |      icmp|   0|  0|    9|           4|           1|
    |icmp_ln17151_fu_835_p2         |      icmp|   0|  0|   11|           8|           9|
    |icmp_ln17184_fu_1001_p2        |      icmp|   0|  0|    9|           4|           5|
    |icmp_ln17189_fu_1022_p2        |      icmp|   0|  0|    9|           4|           1|
    |icmp_ln17225_fu_847_p2         |      icmp|   0|  0|   11|           8|           9|
    |icmp_ln17269_fu_1250_p2        |      icmp|   0|  0|   11|           8|           9|
    |icmp_ln878_94_fu_1182_p2       |      icmp|   0|  0|    8|           2|           3|
    |icmp_ln878_95_fu_939_p2        |      icmp|   0|  0|    8|           2|           3|
    |icmp_ln878_fu_1336_p2          |      icmp|   0|  0|    8|           2|           3|
    |icmp_ln886_13_fu_744_p2        |      icmp|   0|  0|   10|           6|           6|
    |icmp_ln886_fu_1017_p2          |      icmp|   0|  0|   10|           6|           6|
    |icmp_ln890_1571_fu_708_p2      |      icmp|   0|  0|    8|           3|           3|
    |icmp_ln890_1572_fu_1262_p2     |      icmp|   0|  0|    8|           2|           3|
    |icmp_ln890_1573_fu_1274_p2     |      icmp|   0|  0|   10|           6|           7|
    |icmp_ln890_1574_fu_1312_p2     |      icmp|   0|  0|    9|           4|           5|
    |icmp_ln890_1575_fu_1058_p2     |      icmp|   0|  0|    9|           4|           5|
    |icmp_ln890_1576_fu_1034_p2     |      icmp|   0|  0|    9|           4|           5|
    |icmp_ln890_1577_fu_785_p2      |      icmp|   0|  0|    9|           4|           5|
    |icmp_ln890_1578_fu_761_p2      |      icmp|   0|  0|    9|           4|           5|
    |icmp_ln890_1579_fu_1324_p2     |      icmp|   0|  0|   10|           5|           6|
    |icmp_ln890_1580_fu_1108_p2     |      icmp|   0|  0|    8|           2|           3|
    |icmp_ln890_1581_fu_1096_p2     |      icmp|   0|  0|   10|           5|           6|
    |icmp_ln890_1582_fu_1070_p2     |      icmp|   0|  0|   10|           5|           6|
    |icmp_ln890_1583_fu_865_p2      |      icmp|   0|  0|    8|           2|           3|
    |icmp_ln890_1584_fu_823_p2      |      icmp|   0|  0|   10|           5|           6|
    |icmp_ln890_1585_fu_797_p2      |      icmp|   0|  0|   10|           5|           6|
    |icmp_ln890_1586_fu_1120_p2     |      icmp|   0|  0|   10|           6|           7|
    |icmp_ln890_1587_fu_877_p2      |      icmp|   0|  0|   10|           6|           7|
    |icmp_ln890_1588_fu_1158_p2     |      icmp|   0|  0|    9|           4|           5|
    |icmp_ln890_1589_fu_915_p2      |      icmp|   0|  0|    9|           4|           5|
    |icmp_ln890_1590_fu_1170_p2     |      icmp|   0|  0|   10|           5|           6|
    |icmp_ln890_1591_fu_927_p2      |      icmp|   0|  0|   10|           5|           6|
    |icmp_ln890_fu_696_p2           |      icmp|   0|  0|    9|           3|           4|
    |ap_block_state1                |        or|   0|  0|    2|           1|           1|
    |ap_block_state20               |        or|   0|  0|    2|           1|           1|
    |data_split_V_1_209_fu_1350_p3  |    select|   0|  0|  221|           1|         256|
    |data_split_V_1_210_fu_1358_p3  |    select|   0|  0|  221|           1|         256|
    |data_split_V_1_212_fu_1196_p3  |    select|   0|  0|  221|           1|         256|
    |data_split_V_1_213_fu_1204_p3  |    select|   0|  0|  221|           1|         256|
    |data_split_V_1_215_fu_953_p3   |    select|   0|  0|  221|           1|         256|
    |data_split_V_1_216_fu_961_p3   |    select|   0|  0|  221|           1|         256|
    |select_ln17174_fu_993_p3       |    select|   0|  0|  221|           1|         256|
    |select_ln17248_fu_1236_p3      |    select|   0|  0|  221|           1|         256|
    |select_ln17292_fu_1390_p3      |    select|   0|  0|  221|           1|         256|
    |arb_fu_853_p2                  |       xor|   0|  0|    2|           1|           2|
    +-------------------------------+----------+----+---+-----+------------+------------+
    |Total                          |          |   0|  0| 2709|         317|        2535|
    +-------------------------------+----------+----+---+-----+------------+------------+

    * Multiplexer: 
    +--------------------------------+-----+-----------+-----+-----------+
    |              Name              | LUT | Input Size| Bits| Total Bits|
    +--------------------------------+-----+-----------+-----+-----------+
    |ap_NS_fsm                       |  162|         36|    1|         36|
    |ap_done                         |    9|          2|    1|          2|
    |arb_15_reg_319                  |    9|          2|    1|          2|
    |c0_V_reg_270                    |    9|          2|    3|          6|
    |c1_V_reg_295                    |    9|          2|    3|          6|
    |c2_V_152_reg_397                |    9|          2|    8|         16|
    |c2_V_153_reg_386                |    9|          2|    8|         16|
    |c2_V_reg_591                    |    9|          2|    8|         16|
    |c3_55_reg_331                   |    9|          2|    4|          8|
    |c3_reg_472                      |    9|          2|    4|          8|
    |c4_V_53_reg_483                 |    9|          2|    4|          8|
    |c4_V_54_reg_353                 |    9|          2|    4|          8|
    |c4_V_55_reg_342                 |    9|          2|    4|          8|
    |c4_V_reg_494                    |    9|          2|    4|          8|
    |c5_V_143_reg_527                |    9|          2|    2|          4|
    |c5_V_144_reg_516                |    9|          2|    5|         10|
    |c5_V_145_reg_505                |    9|          2|    5|         10|
    |c5_V_146_reg_408                |    9|          2|    2|          4|
    |c5_V_147_reg_375                |    9|          2|    5|         10|
    |c5_V_148_reg_364                |    9|          2|    5|         10|
    |c5_V_reg_602                    |    9|          2|    2|          4|
    |c6_V_155_reg_538                |    9|          2|    6|         12|
    |c6_V_156_reg_419                |    9|          2|    6|         12|
    |c6_V_reg_613                    |    9|          2|    6|         12|
    |c7_V_93_reg_549                 |    9|          2|    4|          8|
    |c7_V_94_reg_430                 |    9|          2|    4|          8|
    |c7_V_reg_624                    |    9|          2|    4|          8|
    |c8_V_29_reg_560                 |    9|          2|    5|         10|
    |c8_V_30_reg_441                 |    9|          2|    5|         10|
    |c8_V_reg_635                    |    9|          2|    5|         10|
    |fifo_C_C_IO_L2_in_0_x117_blk_n  |    9|          2|    1|          2|
    |fifo_C_C_IO_L2_in_1_x118_blk_n  |    9|          2|    1|          2|
    |fifo_C_PE_0_0_x1101_blk_n       |    9|          2|    1|          2|
    |fifo_C_PE_0_0_x1101_din         |   20|          4|  256|       1024|
    |intra_trans_en_15_reg_306       |    9|          2|    1|          2|
    |local_C_ping_V_address0         |   20|          4|    7|         28|
    |local_C_pong_V_address0         |   14|          3|    7|         21|
    |n_V_93_reg_571                  |    9|          2|    2|          4|
    |n_V_94_reg_452                  |    9|          2|    2|          4|
    |n_V_reg_646                     |    9|          2|    2|          4|
    |p_Val2_123_reg_582              |    9|          2|  512|       1024|
    |p_Val2_124_reg_657              |    9|          2|  512|       1024|
    |p_Val2_s_reg_463                |    9|          2|  512|       1024|
    +--------------------------------+-----+-----------+-----+-----------+
    |Total                           |  567|        125| 1944|       4455|
    +--------------------------------+-----+-----------+-----+-----------+

    * Register: 
    +---------------------------------+-----+----+-----+-----------+
    |               Name              |  FF | LUT| Bits| Const Bits|
    +---------------------------------+-----+----+-----+-----------+
    |add_i_i780_cast_reg_1450         |    3|   0|    6|          3|
    |add_ln691_1822_reg_1724          |    2|   0|    2|          0|
    |add_ln691_1823_reg_1732          |    6|   0|    6|          0|
    |add_ln691_1824_reg_1750          |    4|   0|    4|          0|
    |add_ln691_1825_reg_1442          |    3|   0|    3|          0|
    |add_ln691_1827_reg_1617          |    4|   0|    4|          0|
    |add_ln691_1828_reg_1638          |    5|   0|    5|          0|
    |add_ln691_1829_reg_1609          |    4|   0|    4|          0|
    |add_ln691_1830_reg_1630          |    5|   0|    5|          0|
    |add_ln691_1832_reg_1479          |    4|   0|    4|          0|
    |add_ln691_1833_reg_1500          |    5|   0|    5|          0|
    |add_ln691_1834_reg_1471          |    4|   0|    4|          0|
    |add_ln691_1835_reg_1492          |    5|   0|    5|          0|
    |add_ln691_1836_reg_1763          |    5|   0|    5|          0|
    |add_ln691_1838_reg_1651          |    2|   0|    2|          0|
    |add_ln691_1839_reg_1534          |    2|   0|    2|          0|
    |add_ln691_1840_reg_1659          |    6|   0|    6|          0|
    |add_ln691_1841_reg_1542          |    6|   0|    6|          0|
    |add_ln691_1842_reg_1677          |    4|   0|    4|          0|
    |add_ln691_1843_reg_1560          |    4|   0|    4|          0|
    |add_ln691_1844_reg_1695          |    5|   0|    5|          0|
    |add_ln691_1846_reg_1573          |    5|   0|    5|          0|
    |add_ln691_reg_1422               |    3|   0|    3|          0|
    |ap_CS_fsm                        |   35|   0|   35|          0|
    |ap_done_reg                      |    1|   0|    1|          0|
    |arb_15_reg_319                   |    1|   0|    1|          0|
    |c0_V_reg_270                     |    3|   0|    3|          0|
    |c1_V_reg_295                     |    3|   0|    3|          0|
    |c2_V_151_reg_1716                |    8|   0|    8|          0|
    |c2_V_152_reg_397                 |    8|   0|    8|          0|
    |c2_V_153_reg_386                 |    8|   0|    8|          0|
    |c2_V_154_reg_1521                |    8|   0|    8|          0|
    |c2_V_155_reg_1513                |    8|   0|    8|          0|
    |c2_V_reg_591                     |    8|   0|    8|          0|
    |c3_55_reg_331                    |    4|   0|    4|          0|
    |c3_56_reg_1597                   |    4|   0|    4|          0|
    |c3_57_reg_1459                   |    4|   0|    4|          0|
    |c3_reg_472                       |    4|   0|    4|          0|
    |c4_V_53_reg_483                  |    4|   0|    4|          0|
    |c4_V_54_reg_353                  |    4|   0|    4|          0|
    |c4_V_55_reg_342                  |    4|   0|    4|          0|
    |c4_V_reg_494                     |    4|   0|    4|          0|
    |c5_V_143_reg_527                 |    2|   0|    2|          0|
    |c5_V_144_reg_516                 |    5|   0|    5|          0|
    |c5_V_145_reg_505                 |    5|   0|    5|          0|
    |c5_V_146_reg_408                 |    2|   0|    2|          0|
    |c5_V_147_reg_375                 |    5|   0|    5|          0|
    |c5_V_148_reg_364                 |    5|   0|    5|          0|
    |c5_V_reg_602                     |    2|   0|    2|          0|
    |c6_V_155_reg_538                 |    6|   0|    6|          0|
    |c6_V_156_reg_419                 |    6|   0|    6|          0|
    |c6_V_reg_613                     |    6|   0|    6|          0|
    |c7_V_93_reg_549                  |    4|   0|    4|          0|
    |c7_V_94_reg_430                  |    4|   0|    4|          0|
    |c7_V_reg_624                     |    4|   0|    4|          0|
    |c8_V_29_reg_560                  |    5|   0|    5|          0|
    |c8_V_30_reg_441                  |    5|   0|    5|          0|
    |c8_V_reg_635                     |    5|   0|    5|          0|
    |data_split_V_1_203_fu_176        |  256|   0|  256|          0|
    |data_split_V_1_204_fu_180        |  256|   0|  256|          0|
    |data_split_V_1_205_fu_184        |  256|   0|  256|          0|
    |data_split_V_1_206_fu_196        |  256|   0|  256|          0|
    |data_split_V_1_207_fu_200        |  256|   0|  256|          0|
    |data_split_V_1_fu_172            |  256|   0|  256|          0|
    |div_i_i20_reg_1667               |    4|   0|    4|          0|
    |div_i_i21_reg_1550               |    4|   0|    4|          0|
    |div_i_i_reg_1740                 |    4|   0|    4|          0|
    |empty_3648_reg_1672              |    1|   0|    1|          0|
    |empty_3649_reg_1745              |    1|   0|    1|          0|
    |empty_reg_1555                   |    1|   0|    1|          0|
    |icmp_ln17115_reg_1467            |    1|   0|    1|          0|
    |icmp_ln17189_reg_1605            |    1|   0|    1|          0|
    |in_data_V_115_reg_1690           |  512|   0|  512|          0|
    |intra_trans_en_15_reg_306        |    1|   0|    1|          0|
    |intra_trans_en_reg_281           |    1|   0|    1|          0|
    |local_C_ping_V_addr_29_reg_1643  |    7|   0|    7|          0|
    |local_C_pong_V_addr_reg_1505     |    7|   0|    7|          0|
    |n_V_93_reg_571                   |    2|   0|    2|          0|
    |n_V_94_reg_452                   |    2|   0|    2|          0|
    |n_V_reg_646                      |    2|   0|    2|          0|
    |p_Val2_123_reg_582               |  512|   0|  512|          0|
    |p_Val2_124_reg_657               |  512|   0|  512|          0|
    |p_Val2_s_reg_463                 |  512|   0|  512|          0|
    |reg_684                          |  512|   0|  512|          0|
    |tmp_641_cast_reg_1622            |    3|   0|    7|          4|
    |tmp_642_cast_reg_1484            |    3|   0|    7|          4|
    +---------------------------------+-----+----+-----+-----------+
    |Total                            | 4431|   0| 4442|         11|
    +---------------------------------+-----+----+-----+-----------+



================================================================
== Interface
================================================================
* Summary: 
+----------------------------------+-----+-----+------------+--------------------------+--------------+
|             RTL Ports            | Dir | Bits|  Protocol  |       Source Object      |    C Type    |
+----------------------------------+-----+-----+------------+--------------------------+--------------+
|ap_clk                            |   in|    1|  ap_ctrl_hs|           C_IO_L2_in_0_x1|  return value|
|ap_rst                            |   in|    1|  ap_ctrl_hs|           C_IO_L2_in_0_x1|  return value|
|ap_start                          |   in|    1|  ap_ctrl_hs|           C_IO_L2_in_0_x1|  return value|
|ap_done                           |  out|    1|  ap_ctrl_hs|           C_IO_L2_in_0_x1|  return value|
|ap_continue                       |   in|    1|  ap_ctrl_hs|           C_IO_L2_in_0_x1|  return value|
|ap_idle                           |  out|    1|  ap_ctrl_hs|           C_IO_L2_in_0_x1|  return value|
|ap_ready                          |  out|    1|  ap_ctrl_hs|           C_IO_L2_in_0_x1|  return value|
|fifo_C_C_IO_L2_in_0_x117_dout     |   in|  512|     ap_fifo|  fifo_C_C_IO_L2_in_0_x117|       pointer|
|fifo_C_C_IO_L2_in_0_x117_empty_n  |   in|    1|     ap_fifo|  fifo_C_C_IO_L2_in_0_x117|       pointer|
|fifo_C_C_IO_L2_in_0_x117_read     |  out|    1|     ap_fifo|  fifo_C_C_IO_L2_in_0_x117|       pointer|
|fifo_C_C_IO_L2_in_1_x118_din      |  out|  512|     ap_fifo|  fifo_C_C_IO_L2_in_1_x118|       pointer|
|fifo_C_C_IO_L2_in_1_x118_full_n   |   in|    1|     ap_fifo|  fifo_C_C_IO_L2_in_1_x118|       pointer|
|fifo_C_C_IO_L2_in_1_x118_write    |  out|    1|     ap_fifo|  fifo_C_C_IO_L2_in_1_x118|       pointer|
|fifo_C_PE_0_0_x1101_din           |  out|  256|     ap_fifo|       fifo_C_PE_0_0_x1101|       pointer|
|fifo_C_PE_0_0_x1101_full_n        |   in|    1|     ap_fifo|       fifo_C_PE_0_0_x1101|       pointer|
|fifo_C_PE_0_0_x1101_write         |  out|    1|     ap_fifo|       fifo_C_PE_0_0_x1101|       pointer|
+----------------------------------+-----+-----+------------+--------------------------+--------------+

