

================================================================
== Vitis HLS Report for 'C_drain_IO_L1_out_boundary_0_x0'
================================================================
* Date:           Sun Sep 18 12:40:20 2022

* Version:        2020.2 (Build 3064766 on Wed Nov 18 09:12:47 MST 2020)
* Project:        top
* Solution:       solution (Vitis Kernel Flow Target)
* Product family: virtexuplus
* Target device:  xcu250-figd2104-2L-e


================================================================
== Performance Estimates
================================================================
+ Timing: 
    * Summary: 
    +--------+---------+----------+------------+
    |  Clock |  Target | Estimated| Uncertainty|
    +--------+---------+----------+------------+
    |ap_clk  |  3.33 ns|  2.360 ns|     0.90 ns|
    +--------+---------+----------+------------+

+ Latency: 
    * Summary: 
    +---------+---------+-----------+-----------+------+------+---------+
    |  Latency (cycles) |   Latency (absolute)  |   Interval  | Pipeline|
    |   min   |   max   |    min    |    max    |  min |  max |   Type  |
    +---------+---------+-----------+-----------+------+------+---------+
    |     4645|     4645|  15.482 us|  15.482 us|  4645|  4645|     none|
    +---------+---------+-----------+-----------+------+------+---------+

    + Detail: 
        * Instance: 
        N/A

        * Loop: 
        +---------------------------------------------------------------------------------+---------+---------+----------+-----------+-----------+------+----------+
        |                                                                                 |  Latency (cycles) | Iteration|  Initiation Interval  | Trip |          |
        |                                    Loop Name                                    |   min   |   max   |  Latency |  achieved |   target  | Count| Pipelined|
        +---------------------------------------------------------------------------------+---------+---------+----------+-----------+-----------+------+----------+
        |- C_drain_IO_L1_out_boundary_0_x0_loop_1_C_drain_IO_L1_out_boundary_0_x0_loop_2  |     3074|     3074|         6|          3|          1|  1024|       yes|
        |- C_drain_IO_L1_out_boundary_0_x0_loop_5                                         |     1568|     1568|        98|          -|          -|    16|        no|
        | + C_drain_IO_L1_out_boundary_0_x0_loop_6                                        |       96|       96|         3|          -|          -|    32|        no|
        +---------------------------------------------------------------------------------+---------+---------+----------+-----------+-----------+------+----------+



================================================================
== Utilization Estimates
================================================================
* Summary: 
+---------------------+---------+-------+---------+---------+------+
|         Name        | BRAM_18K|  DSP  |    FF   |   LUT   | URAM |
+---------------------+---------+-------+---------+---------+------+
|DSP                  |        -|      -|        -|        -|     -|
|Expression           |        -|      -|        0|      147|     -|
|FIFO                 |        -|      -|        -|        -|     -|
|Instance             |        -|      -|        -|        -|     -|
|Memory               |        0|      -|       32|       33|     1|
|Multiplexer          |        -|      -|        -|      224|     -|
|Register             |        -|      -|      179|        -|     -|
+---------------------+---------+-------+---------+---------+------+
|Total                |        0|      0|      211|      404|     1|
+---------------------+---------+-------+---------+---------+------+
|Available SLR        |     1344|   3072|   864000|   432000|   320|
+---------------------+---------+-------+---------+---------+------+
|Utilization SLR (%)  |        0|      0|       ~0|       ~0|    ~0|
+---------------------+---------+-------+---------+---------+------+
|Available            |     5376|  12288|  3456000|  1728000|  1280|
+---------------------+---------+-------+---------+---------+------+
|Utilization (%)      |        0|      0|       ~0|       ~0|    ~0|
+---------------------+---------+-------+---------+---------+------+

+ Detail: 
    * Instance: 
    N/A

    * DSP: 
    N/A

    * Memory: 
    +--------------------+--------------------------------------------------+---------+----+----+-----+------+-----+------+-------------+
    |       Memory       |                      Module                      | BRAM_18K| FF | LUT| URAM| Words| Bits| Banks| W*Bits*Banks|
    +--------------------+--------------------------------------------------+---------+----+----+-----+------+-----+------+-------------+
    |buf_data_split_V_U  |C_drain_IO_L1_out_boundary_0_x0_buf_data_split_V  |        0|  32|  33|    0|     2|   32|     1|           64|
    |local_C_V_U         |C_drain_IO_L1_out_boundary_0_x0_local_C_V         |        0|   0|   0|    1|   512|   64|     1|        32768|
    +--------------------+--------------------------------------------------+---------+----+----+-----+------+-----+------+-------------+
    |Total               |                                                  |        0|  32|  33|    1|   514|   96|     2|        32832|
    +--------------------+--------------------------------------------------+---------+----+----+-----+------+-----+------+-------------+

    * FIFO: 
    N/A

    * Expression: 
    +----------------------------------+----------+----+---+----+------------+------------+
    |           Variable Name          | Operation| DSP| FF| LUT| Bitwidth P0| Bitwidth P1|
    +----------------------------------+----------+----+---+----+------------+------------+
    |add_ln5227_fu_353_p2              |         +|   0|  0|  16|           9|           9|
    |add_ln691_408_fu_301_p2           |         +|   0|  0|  12|           5|           1|
    |add_ln691_409_fu_319_p2           |         +|   0|  0|  12|           5|           1|
    |add_ln691_410_fu_343_p2           |         +|   0|  0|  13|           6|           1|
    |add_ln691_fu_232_p2               |         +|   0|  0|  14|           7|           1|
    |add_ln890_fu_220_p2               |         +|   0|  0|  18|          11|           1|
    |ap_block_pp0_stage0_11001         |       and|   0|  0|   2|           1|           1|
    |ap_block_state5_pp0_stage0_iter1  |       and|   0|  0|   2|           1|           1|
    |icmp_ln890_302_fu_238_p2          |      icmp|   0|  0|  10|           5|           6|
    |icmp_ln890_303_fu_337_p2          |      icmp|   0|  0|  10|           5|           6|
    |icmp_ln890_304_fu_363_p2          |      icmp|   0|  0|  10|           6|           7|
    |icmp_ln890_fu_226_p2              |      icmp|   0|  0|  12|          11|          12|
    |ap_block_state1                   |        or|   0|  0|   2|           1|           1|
    |select_ln890_347_fu_252_p3        |    select|   0|  0|   7|           1|           7|
    |select_ln890_fu_244_p3            |    select|   0|  0|   5|           1|           1|
    |ap_enable_pp0                     |       xor|   0|  0|   2|           1|           2|
    +----------------------------------+----------+----+---+----+------------+------------+
    |Total                             |          |   0|  0| 147|          76|          58|
    +----------------------------------+----------+----+---+----+------------+------------+

    * Multiplexer: 
    +-------------------------------------------------+----+-----------+-----+-----------+
    |                       Name                      | LUT| Input Size| Bits| Total Bits|
    +-------------------------------------------------+----+-----------+-----+-----------+
    |ap_NS_fsm                                        |  54|         10|    1|         10|
    |ap_done                                          |   9|          2|    1|          2|
    |ap_enable_reg_pp0_iter1                          |   9|          2|    1|          2|
    |ap_phi_mux_c6_V_phi_fu_180_p4                    |   9|          2|    7|         14|
    |ap_phi_mux_c7_V_phi_fu_191_p4                    |   9|          2|    5|         10|
    |ap_phi_mux_indvar_flatten_phi_fu_169_p4          |   9|          2|   11|         22|
    |buf_data_split_V_address0                        |  20|          4|    1|          4|
    |buf_data_split_V_address1                        |  14|          3|    1|          3|
    |buf_data_split_V_d0                              |  14|          3|   32|         96|
    |c5_V_reg_198                                     |   9|          2|    5|         10|
    |c6_V_84_reg_209                                  |   9|          2|    6|         12|
    |c6_V_reg_176                                     |   9|          2|    7|         14|
    |c7_V_reg_187                                     |   9|          2|    5|         10|
    |fifo_C_drain_C_drain_IO_L1_out_0_12_x0121_blk_n  |   9|          2|    1|          2|
    |fifo_C_drain_PE_12_0_x095_blk_n                  |   9|          2|    1|          2|
    |indvar_flatten_reg_165                           |   9|          2|   11|         22|
    |local_C_V_address0                               |  14|          3|    9|         27|
    +-------------------------------------------------+----+-----------+-----+-----------+
    |Total                                            | 224|         47|  105|        262|
    +-------------------------------------------------+----+-----------+-----+-----------+

    * Register: 
    +--------------------------------------+----+----+-----+-----------+
    |                 Name                 | FF | LUT| Bits| Const Bits|
    +--------------------------------------+----+----+-----+-----------+
    |add_ln691_408_reg_417                 |   5|   0|    5|          0|
    |add_ln691_409_reg_422                 |   5|   0|    5|          0|
    |add_ln691_410_reg_435                 |   6|   0|    6|          0|
    |add_ln890_reg_381                     |  11|   0|   11|          0|
    |ap_CS_fsm                             |   9|   0|    9|          0|
    |ap_done_reg                           |   1|   0|    1|          0|
    |ap_enable_reg_pp0_iter0               |   1|   0|    1|          0|
    |ap_enable_reg_pp0_iter1               |   1|   0|    1|          0|
    |c5_V_reg_198                          |   5|   0|    5|          0|
    |c6_V_84_reg_209                       |   6|   0|    6|          0|
    |c6_V_reg_176                          |   7|   0|    7|          0|
    |c7_V_reg_187                          |   5|   0|    5|          0|
    |conv_i106_mid2_v_reg_401              |   5|   0|    5|          0|
    |icmp_ln890_reg_386                    |   1|   0|    1|          0|
    |icmp_ln890_reg_386_pp0_iter1_reg      |   1|   0|    1|          0|
    |indvar_flatten_reg_165                |  11|   0|   11|          0|
    |local_C_V_addr_reg_411                |   9|   0|    9|          0|
    |local_C_V_addr_reg_411_pp0_iter1_reg  |   9|   0|    9|          0|
    |local_C_V_load_reg_448                |  64|   0|   64|          0|
    |select_ln890_347_reg_396              |   7|   0|    7|          0|
    |select_ln890_reg_390                  |   5|   0|    5|          0|
    |tmp_cast_reg_427                      |   4|   0|    9|          5|
    |trunc_ln890_reg_406                   |   1|   0|    1|          0|
    +--------------------------------------+----+----+-----+-----------+
    |Total                                 | 179|   0|  184|          5|
    +--------------------------------------+----+----+-----+-----------+



================================================================
== Interface
================================================================
* Summary: 
+--------------------------------------------------+-----+-----+------------+-------------------------------------------+--------------+
|                     RTL Ports                    | Dir | Bits|  Protocol  |               Source Object               |    C Type    |
+--------------------------------------------------+-----+-----+------------+-------------------------------------------+--------------+
|ap_clk                                            |   in|    1|  ap_ctrl_hs|            C_drain_IO_L1_out_boundary_0_x0|  return value|
|ap_rst                                            |   in|    1|  ap_ctrl_hs|            C_drain_IO_L1_out_boundary_0_x0|  return value|
|ap_start                                          |   in|    1|  ap_ctrl_hs|            C_drain_IO_L1_out_boundary_0_x0|  return value|
|ap_done                                           |  out|    1|  ap_ctrl_hs|            C_drain_IO_L1_out_boundary_0_x0|  return value|
|ap_continue                                       |   in|    1|  ap_ctrl_hs|            C_drain_IO_L1_out_boundary_0_x0|  return value|
|ap_idle                                           |  out|    1|  ap_ctrl_hs|            C_drain_IO_L1_out_boundary_0_x0|  return value|
|ap_ready                                          |  out|    1|  ap_ctrl_hs|            C_drain_IO_L1_out_boundary_0_x0|  return value|
|fifo_C_drain_C_drain_IO_L1_out_0_12_x0121_din     |  out|   64|     ap_fifo|  fifo_C_drain_C_drain_IO_L1_out_0_12_x0121|       pointer|
|fifo_C_drain_C_drain_IO_L1_out_0_12_x0121_full_n  |   in|    1|     ap_fifo|  fifo_C_drain_C_drain_IO_L1_out_0_12_x0121|       pointer|
|fifo_C_drain_C_drain_IO_L1_out_0_12_x0121_write   |  out|    1|     ap_fifo|  fifo_C_drain_C_drain_IO_L1_out_0_12_x0121|       pointer|
|fifo_C_drain_PE_12_0_x095_dout                    |   in|   32|     ap_fifo|                  fifo_C_drain_PE_12_0_x095|       pointer|
|fifo_C_drain_PE_12_0_x095_empty_n                 |   in|    1|     ap_fifo|                  fifo_C_drain_PE_12_0_x095|       pointer|
|fifo_C_drain_PE_12_0_x095_read                    |  out|    1|     ap_fifo|                  fifo_C_drain_PE_12_0_x095|       pointer|
+--------------------------------------------------+-----+-----+------------+-------------------------------------------+--------------+

