

================================================================
== Vitis HLS Report for 'nondf_kernel_cov_x1'
================================================================
* Date:           Sun Sep 18 12:41:34 2022

* Version:        2020.2 (Build 3064766 on Wed Nov 18 09:12:47 MST 2020)
* Project:        top
* Solution:       solution (Vitis Kernel Flow Target)
* Product family: virtexuplus
* Target device:  xcu250-figd2104-2L-e


================================================================
== Performance Estimates
================================================================
+ Timing: 
    * Summary: 
    +--------+---------+----------+------------+
    |  Clock |  Target | Estimated| Uncertainty|
    +--------+---------+----------+------------+
    |ap_clk  |  3.33 ns|  2.390 ns|     0.90 ns|
    +--------+---------+----------+------------+

+ Latency: 
    * Summary: 
    +---------+---------+----------+----------+---------+---------+---------+
    |  Latency (cycles) |  Latency (absolute) |      Interval     | Pipeline|
    |   min   |   max   |    min   |    max   |   min   |   max   |   Type  |
    +---------+---------+----------+----------+---------+---------+---------+
    |  2159119|  2159119|  7.196 ms|  7.196 ms|  2159119|  2159119|     none|
    +---------+---------+----------+----------+---------+---------+---------+

    + Detail: 
        * Instance: 
        N/A

        * Loop: 
        +------------------------------------------------------------------------------------+---------+---------+----------+-----------+-----------+--------+----------+
        |                                                                                    |  Latency (cycles) | Iteration|  Initiation Interval  |  Trip  |          |
        |                                      Loop Name                                     |   min   |   max   |  Latency |  achieved |   target  |  Count | Pipelined|
        +------------------------------------------------------------------------------------+---------+---------+----------+-----------+-----------+--------+----------+
        |- nondf_kernel_cov_x1_loop_1                                                        |    12416|    12416|       194|          -|          -|      64|        no|
        | + nondf_kernel_cov_x1_loop_2                                                       |      192|      192|         3|          -|          -|      64|        no|
        |- nondf_kernel_cov_x1_loop_3                                                        |    16512|    16512|       258|          -|          -|      64|        no|
        | + nondf_kernel_cov_x1_loop_4                                                       |      256|      256|         4|          -|          -|      64|        no|
        |- nondf_kernel_cov_x1_loop_5                                                        |    20608|    20608|       322|          -|          -|      64|        no|
        | + nondf_kernel_cov_x1_loop_6                                                       |      320|      320|         5|          -|          -|      64|        no|
        |- nondf_kernel_cov_x1_loop_7_nondf_kernel_cov_x1_loop_8_nondf_kernel_cov_x1_loop_9  |  2097161|  2097161|        18|          8|          8|  262144|       yes|
        |- nondf_kernel_cov_x1_loop_10                                                       |    12416|    12416|       194|          -|          -|      64|        no|
        | + nondf_kernel_cov_x1_loop_11                                                      |      192|      192|         3|          -|          -|      64|        no|
        +------------------------------------------------------------------------------------+---------+---------+----------+-----------+-----------+--------+----------+



================================================================
== Utilization Estimates
================================================================
* Summary: 
+---------------------+---------+-------+---------+---------+------+
|         Name        | BRAM_18K|  DSP  |    FF   |   LUT   | URAM |
+---------------------+---------+-------+---------+---------+------+
|DSP                  |        -|      -|        -|        -|     -|
|Expression           |        -|      -|        0|      967|     -|
|FIFO                 |        -|      -|        -|        -|     -|
|Instance             |        -|      -|     1740|      390|     -|
|Memory               |        8|      -|        0|        0|     -|
|Multiplexer          |        -|      -|        -|      428|     -|
|Register             |        -|      -|     6101|       32|     -|
+---------------------+---------+-------+---------+---------+------+
|Total                |        8|      0|     7841|     1817|     0|
+---------------------+---------+-------+---------+---------+------+
|Available SLR        |     1344|   3072|   864000|   432000|   320|
+---------------------+---------+-------+---------+---------+------+
|Utilization SLR (%)  |       ~0|      0|       ~0|       ~0|     0|
+---------------------+---------+-------+---------+---------+------+
|Available            |     5376|  12288|  3456000|  1728000|  1280|
+---------------------+---------+-------+---------+---------+------+
|Utilization (%)      |       ~0|      0|       ~0|       ~0|     0|
+---------------------+---------+-------+---------+---------+------+

+ Detail: 
    * Instance: 
    +-------------------------------+-------------------------+---------+----+-----+-----+-----+
    |            Instance           |          Module         | BRAM_18K| DSP|  FF | LUT | URAM|
    +-------------------------------+-------------------------+---------+----+-----+-----+-----+
    |add_512ns_512ns_512_2_1_U1177  |add_512ns_512ns_512_2_1  |        0|   0|  580|  130|    0|
    |add_512ns_512ns_512_2_1_U1180  |add_512ns_512ns_512_2_1  |        0|   0|  580|  130|    0|
    |sub_512ns_512ns_512_2_1_U1178  |sub_512ns_512ns_512_2_1  |        0|   0|  580|  130|    0|
    +-------------------------------+-------------------------+---------+----+-----+-----+-----+
    |Total                          |                         |        0|   0| 1740|  390|    0|
    +-------------------------------+-------------------------+---------+----+-----+-----+-----+

    * DSP: 
    N/A

    * Memory: 
    +----------+----------------------------+---------+---+----+-----+------+-----+------+-------------+
    |  Memory  |           Module           | BRAM_18K| FF| LUT| URAM| Words| Bits| Banks| W*Bits*Banks|
    +----------+----------------------------+---------+---+----+-----+------+-----+------+-------------+
    |cov_V_U   |nondf_kernel_cov_x0_cov_V   |        0|  0|   0|    0|  4096|  503|     1|      2060288|
    |data_V_U  |nondf_kernel_cov_x0_data_V  |        0|  0|   0|    0|  4096|  512|     1|      2097152|
    |mean_V_U  |nondf_kernel_cov_x0_mean_V  |        8|  0|   0|    0|    64|  502|     1|        32128|
    +----------+----------------------------+---------+---+----+-----+------+-----+------+-------------+
    |Total     |                            |        8|  0|   0|    0|  8256| 1517|     3|      4189568|
    +----------+----------------------------+---------+---+----+-----+------+-----+------+-------------+

    * FIFO: 
    N/A

    * Expression: 
    +-------------------------+----------+----+---+-----+------------+------------+
    |      Variable Name      | Operation| DSP| FF| LUT | Bitwidth P0| Bitwidth P1|
    +-------------------------+----------+----+---+-----+------------+------------+
    |add_ln215_1_fu_728_p2    |         +|   0|  0|   19|          12|          12|
    |add_ln215_fu_690_p2      |         +|   0|  0|   19|          12|          12|
    |add_ln67_fu_376_p2       |         +|   0|  0|   14|           7|           1|
    |add_ln68_fu_400_p2       |         +|   0|  0|   14|           7|           1|
    |add_ln691_2_fu_466_p2    |         +|   0|  0|   19|          12|          12|
    |add_ln692_fu_537_p2      |         +|   0|  0|   19|          12|          12|
    |add_ln69_fu_410_p2       |         +|   0|  0|   19|          12|          12|
    |add_ln73_fu_427_p2       |         +|   0|  0|   14|           7|           1|
    |add_ln76_fu_448_p2       |         +|   0|  0|   14|           7|           1|
    |add_ln81_fu_499_p2       |         +|   0|  0|   14|           7|           1|
    |add_ln82_fu_523_p2       |         +|   0|  0|   14|           7|           1|
    |add_ln85_1_fu_738_p2     |         +|   0|  0|   26|          19|           1|
    |add_ln85_fu_569_p2       |         +|   0|  0|   14|           7|           1|
    |add_ln86_1_fu_637_p2     |         +|   0|  0|   21|          14|           1|
    |add_ln86_fu_654_p2       |         +|   0|  0|   14|           7|           1|
    |add_ln88_fu_722_p2       |         +|   0|  0|   19|          12|          12|
    |add_ln89_fu_701_p2       |         +|   0|  0|   14|           7|           1|
    |add_ln92_fu_677_p2       |         +|   0|  0|   19|          12|          12|
    |add_ln95_fu_787_p2       |         +|   0|  0|   14|           7|           1|
    |add_ln96_fu_811_p2       |         +|   0|  0|   14|           7|           1|
    |add_ln97_fu_821_p2       |         +|   0|  0|   19|          12|          12|
    |and_ln85_fu_613_p2       |       and|   0|  0|    2|           1|           1|
    |icmp_ln67_fu_394_p2      |      icmp|   0|  0|   11|           7|           8|
    |icmp_ln68_fu_421_p2      |      icmp|   0|  0|   11|           7|           8|
    |icmp_ln73_fu_442_p2      |      icmp|   0|  0|   11|           7|           8|
    |icmp_ln76_fu_476_p2      |      icmp|   0|  0|   11|           7|           8|
    |icmp_ln81_fu_517_p2      |      icmp|   0|  0|   11|           7|           8|
    |icmp_ln82_fu_547_p2      |      icmp|   0|  0|   11|           7|           8|
    |icmp_ln85_fu_563_p2      |      icmp|   0|  0|   14|          19|          20|
    |icmp_ln86_fu_575_p2      |      icmp|   0|  0|   12|          14|          13|
    |icmp_ln89_1_fu_706_p2    |      icmp|   0|  0|   11|           7|           8|
    |icmp_ln89_fu_607_p2      |      icmp|   0|  0|   11|           7|           8|
    |icmp_ln95_fu_805_p2      |      icmp|   0|  0|   11|           7|           8|
    |icmp_ln96_fu_831_p2      |      icmp|   0|  0|   11|           7|           8|
    |or_ln86_fu_619_p2        |        or|   0|  0|    2|           1|           1|
    |select_ln85_1_fu_589_p3  |    select|   0|  0|    7|           1|           7|
    |select_ln85_fu_581_p3    |    select|   0|  0|    7|           1|           1|
    |select_ln86_1_fu_744_p3  |    select|   0|  0|  428|           1|           1|
    |select_ln86_2_fu_659_p3  |    select|   0|  0|    7|           1|           7|
    |select_ln86_3_fu_643_p3  |    select|   0|  0|   14|           1|           1|
    |select_ln86_fu_625_p3    |    select|   0|  0|    7|           1|           1|
    |ap_enable_pp0            |       xor|   0|  0|    2|           1|           2|
    |xor_ln85_fu_601_p2       |       xor|   0|  0|    2|           1|           2|
    +-------------------------+----------+----+---+-----+------------+------------+
    |Total                    |          |   0|  0|  967|         319|         246|
    +-------------------------+----------+----+---+-----+------------+------------+

    * Multiplexer: 
    +-------------------------------------------+-----+-----------+-----+-----------+
    |                    Name                   | LUT | Input Size| Bits| Total Bits|
    +-------------------------------------------+-----+-----------+-----+-----------+
    |add_i2614_reg_249                          |    9|          2|  512|       1024|
    |ap_NS_fsm                                  |  145|         30|    1|         30|
    |ap_enable_reg_pp0_iter2                    |    9|          2|    1|          2|
    |ap_phi_mux_conv3_i1613_phi_fu_343_p4       |    9|          2|  512|       1024|
    |ap_phi_mux_i_3_phi_fu_299_p4               |    9|          2|    7|         14|
    |ap_phi_mux_indvar_flatten15_phi_fu_287_p4  |    9|          2|   19|         38|
    |ap_phi_mux_indvar_flatten_phi_fu_310_p4    |    9|          2|   14|         28|
    |ap_phi_mux_j_3_phi_fu_321_p4               |    9|          2|    7|         14|
    |ap_phi_mux_k_phi_fu_332_p4                 |    9|          2|    7|         14|
    |conv3_i1613_reg_339                        |    9|          2|  512|       1024|
    |cov_V_address0                             |   20|          4|   12|         48|
    |data_V_address0                            |   37|          7|   12|         84|
    |data_V_d0                                  |   14|          3|  512|       1536|
    |i_1_reg_261                                |    9|          2|    7|         14|
    |i_2_reg_238                                |    9|          2|    7|         14|
    |i_3_reg_295                                |    9|          2|    7|         14|
    |i_4_reg_350                                |    9|          2|    7|         14|
    |i_reg_205                                  |    9|          2|    7|         14|
    |indvar_flatten15_reg_283                   |    9|          2|   19|         38|
    |indvar_flatten_reg_306                     |    9|          2|   14|         28|
    |j_1_reg_216                                |    9|          2|    7|         14|
    |j_2_reg_272                                |    9|          2|    7|         14|
    |j_3_reg_317                                |    9|          2|    7|         14|
    |j_4_reg_361                                |    9|          2|    7|         14|
    |j_reg_227                                  |    9|          2|    7|         14|
    |k_reg_328                                  |    9|          2|    7|         14|
    |mean_V_address0                            |   14|          3|    6|         18|
    +-------------------------------------------+-----+-----------+-----+-----------+
    |Total                                      |  428|         91| 2244|       5118|
    +-------------------------------------------+-----+-----------+-----+-----------+

    * Register: 
    +------------------------------------+-----+----+-----+-----------+
    |                Name                |  FF | LUT| Bits| Const Bits|
    +------------------------------------+-----+----+-----+-----------+
    |add_i2614_reg_249                   |  512|   0|  512|          0|
    |add_ln67_reg_837                    |    7|   0|    7|          0|
    |add_ln68_reg_850                    |    7|   0|    7|          0|
    |add_ln691_1_reg_1072                |  512|   0|  512|          0|
    |add_ln73_reg_873                    |    7|   0|    7|          0|
    |add_ln76_reg_891                    |    7|   0|    7|          0|
    |add_ln81_reg_909                    |    7|   0|    7|          0|
    |add_ln82_reg_923                    |    7|   0|    7|          0|
    |add_ln85_1_reg_1042                 |   19|   0|   19|          0|
    |add_ln88_reg_1032                   |   12|   0|   12|          0|
    |add_ln89_reg_1023                   |    7|   0|    7|          0|
    |add_ln92_reg_1008                   |   12|   0|   12|          0|
    |add_ln92_reg_1008_pp0_iter1_reg     |   12|   0|   12|          0|
    |add_ln95_reg_1088                   |    7|   0|    7|          0|
    |add_ln96_reg_1101                   |    7|   0|    7|          0|
    |and_ln85_reg_977                    |    1|   0|    1|          0|
    |ap_CS_fsm                           |   29|   0|   29|          0|
    |ap_enable_reg_pp0_iter0             |    1|   0|    1|          0|
    |ap_enable_reg_pp0_iter1             |    1|   0|    1|          0|
    |ap_enable_reg_pp0_iter2             |    1|   0|    1|          0|
    |conv3_i1613_reg_339                 |  512|   0|  512|          0|
    |cov_V_addr_2_reg_1067               |   12|   0|   12|          0|
    |cov_V_addr_reg_1062                 |   12|   0|   12|          0|
    |cov_V_load_reg_1119                 |  503|   0|  503|          0|
    |data_V_addr_2_reg_933               |   12|   0|   12|          0|
    |data_V_addr_reg_855                 |   12|   0|   12|          0|
    |data_V_load_3_reg_1052              |  512|   0|  512|          0|
    |i_1_reg_261                         |    7|   0|    7|          0|
    |i_2_reg_238                         |    7|   0|    7|          0|
    |i_3_reg_295                         |    7|   0|    7|          0|
    |i_4_reg_350                         |    7|   0|    7|          0|
    |i_reg_205                           |    7|   0|    7|          0|
    |icmp_ln85_reg_956                   |    1|   0|    1|          0|
    |icmp_ln89_1_reg_1028                |    1|   0|    1|          0|
    |icmp_ln89_1_reg_1028_pp0_iter1_reg  |    1|   0|    1|          0|
    |indvar_flatten15_reg_283            |   19|   0|   19|          0|
    |indvar_flatten_reg_306              |   14|   0|   14|          0|
    |j_1_reg_216                         |    7|   0|    7|          0|
    |j_2_reg_272                         |    7|   0|    7|          0|
    |j_3_reg_317                         |    7|   0|    7|          0|
    |j_4_reg_361                         |    7|   0|    7|          0|
    |j_reg_227                           |    7|   0|    7|          0|
    |k_reg_328                           |    7|   0|    7|          0|
    |mean_V_addr_reg_886                 |    6|   0|    6|          0|
    |mul_ln691_reg_1057                  |  512|   0|  512|          0|
    |or_ln86_reg_982                     |    1|   0|    1|          0|
    |reg_372                             |  512|   0|  512|          0|
    |select_ln85_1_reg_966               |    7|   0|    7|          0|
    |select_ln85_reg_960                 |    7|   0|    7|          0|
    |select_ln86_1_reg_1047              |  512|   0|  512|          0|
    |select_ln86_2_reg_1002              |    7|   0|    7|          0|
    |select_ln86_3_reg_997               |   14|   0|   14|          0|
    |select_ln86_reg_987                 |    7|   0|    7|          0|
    |sub_ln692_reg_951                   |  512|   0|  512|          0|
    |tmp_3_cast_reg_914                  |    6|   0|   12|          6|
    |tmp_8_cast_reg_1013                 |    6|   0|   12|          6|
    |tmp_9_cast_reg_1093                 |    6|   0|   12|          6|
    |tmp_cast_reg_842                    |    6|   0|   12|          6|
    |trunc_ln215_reg_992                 |    6|   0|    6|          0|
    |trunc_ln693_1_reg_1083              |  503|   0|  503|          0|
    |trunc_ln88_reg_972                  |    6|   0|    6|          0|
    |xout_load_reg_868                   |  512|   0|  512|          0|
    |zext_ln73_1_reg_878                 |    7|   0|   12|          5|
    |zext_ln82_reg_928                   |    7|   0|   64|         57|
    |zext_ln97_1_reg_1106                |   12|   0|   64|         52|
    |icmp_ln85_reg_956                   |   64|  32|    1|          0|
    +------------------------------------+-----+----+-----+-----------+
    |Total                               | 6101|  32| 6176|        138|
    +------------------------------------+-----+----+-----+-----------+



================================================================
== Interface
================================================================
* Summary: 
+--------------------+-----+------+------------+---------------------+--------------+
|      RTL Ports     | Dir | Bits |  Protocol  |    Source Object    |    C Type    |
+--------------------+-----+------+------------+---------------------+--------------+
|ap_clk              |   in|     1|  ap_ctrl_hs|  nondf_kernel_cov_x1|  return value|
|ap_rst              |   in|     1|  ap_ctrl_hs|  nondf_kernel_cov_x1|  return value|
|ap_start            |   in|     1|  ap_ctrl_hs|  nondf_kernel_cov_x1|  return value|
|ap_done             |  out|     1|  ap_ctrl_hs|  nondf_kernel_cov_x1|  return value|
|ap_idle             |  out|     1|  ap_ctrl_hs|  nondf_kernel_cov_x1|  return value|
|ap_ready            |  out|     1|  ap_ctrl_hs|  nondf_kernel_cov_x1|  return value|
|grp_fu_159_p_din0   |  out|   512|  ap_ctrl_hs|  nondf_kernel_cov_x1|  return value|
|grp_fu_159_p_din1   |  out|   512|  ap_ctrl_hs|  nondf_kernel_cov_x1|  return value|
|grp_fu_159_p_dout0  |   in|   512|  ap_ctrl_hs|  nondf_kernel_cov_x1|  return value|
|grp_fu_159_p_ce     |  out|     1|  ap_ctrl_hs|  nondf_kernel_cov_x1|  return value|
|grp_fu_163_p_din0   |  out|   512|  ap_ctrl_hs|  nondf_kernel_cov_x1|  return value|
|grp_fu_163_p_din1   |  out|   514|  ap_ctrl_hs|  nondf_kernel_cov_x1|  return value|
|grp_fu_163_p_dout0  |   in|  1025|  ap_ctrl_hs|  nondf_kernel_cov_x1|  return value|
|grp_fu_163_p_ce     |  out|     1|  ap_ctrl_hs|  nondf_kernel_cov_x1|  return value|
|xout_address0       |  out|    12|   ap_memory|                 xout|         array|
|xout_ce0            |  out|     1|   ap_memory|                 xout|         array|
|xout_q0             |   in|   512|   ap_memory|                 xout|         array|
|xin_address0        |  out|    12|   ap_memory|                  xin|         array|
|xin_ce0             |  out|     1|   ap_memory|                  xin|         array|
|xin_we0             |  out|     1|   ap_memory|                  xin|         array|
|xin_d0              |  out|   503|   ap_memory|                  xin|         array|
+--------------------+-----+------+------------+---------------------+--------------+

