

================================================================
== Vitis HLS Report for 'A_IO_L2_in_2_x0'
================================================================
* Date:           Sun Sep 18 13:57:43 2022

* Version:        2020.2 (Build 3064766 on Wed Nov 18 09:12:47 MST 2020)
* Project:        top
* Solution:       solution (Vitis Kernel Flow Target)
* Product family: virtexuplus
* Target device:  xcu250-figd2104-2L-e


================================================================
== Performance Estimates
================================================================
+ Timing: 
    * Summary: 
    +--------+---------+----------+------------+
    |  Clock |  Target | Estimated| Uncertainty|
    +--------+---------+----------+------------+
    |ap_clk  |  3.33 ns|  2.433 ns|     0.90 ns|
    +--------+---------+----------+------------+

+ Latency: 
    * Summary: 
    +---------+----------+-----------+-----------+---------+----------+---------+
    |  Latency (cycles)  |   Latency (absolute)  |      Interval      | Pipeline|
    |   min   |    max   |    min    |    max    |   min   |    max   |   Type  |
    +---------+----------+-----------+-----------+---------+----------+---------+
    |  6392834|  56730626|  21.307 ms|  0.189 sec|  6392834|  56730626|     none|
    +---------+----------+-----------+-----------+---------+----------+---------+

    + Detail: 
        * Instance: 
        N/A

        * Loop: 
        +------------------------------------------------------------------------------+---------+----------+--------------+-----------+-----------+------+----------+
        |                                                                              |  Latency (cycles)  |   Iteration  |  Initiation Interval  | Trip |          |
        |                                   Loop Name                                  |   min   |    max   |    Latency   |  achieved |   target  | Count| Pipelined|
        +------------------------------------------------------------------------------+---------+----------+--------------+-----------+-----------+------+----------+
        |- A_IO_L2_in_2_x0_loop_1_A_IO_L2_in_2_x0_loop_2_A_IO_L2_in_2_x0_loop_3        |  6319104|  56656896|  2057 ~ 18443|          -|          -|  3072|        no|
        | + A_IO_L2_in_2_x0_loop_4                                                     |     2054|      2054|          1027|          -|          -|     2|        no|
        |  ++ A_IO_L2_in_2_x0_loop_5_A_IO_L2_in_2_x0_loop_6_A_IO_L2_in_2_x0_loop_7     |     1024|      1024|             2|          2|          2|   512|       yes|
        |  ++ A_IO_L2_in_2_x0_loop_8_A_IO_L2_in_2_x0_loop_9_A_IO_L2_in_2_x0_loop_10    |     1024|      1024|             2|          2|          2|   512|       yes|
        | + A_IO_L2_in_2_x0_loop_11_A_IO_L2_in_2_x0_loop_13_A_IO_L2_in_2_x0_loop_14    |    16385|     16385|             4|          2|          2|  8192|       yes|
        | + A_IO_L2_in_2_x0_loop_16                                                    |     2054|      2054|          1027|          -|          -|     2|        no|
        |  ++ A_IO_L2_in_2_x0_loop_17_A_IO_L2_in_2_x0_loop_18_A_IO_L2_in_2_x0_loop_19  |     1024|      1024|             2|          2|          2|   512|       yes|
        |  ++ A_IO_L2_in_2_x0_loop_20_A_IO_L2_in_2_x0_loop_21_A_IO_L2_in_2_x0_loop_22  |     1024|      1024|             2|          2|          2|   512|       yes|
        | + A_IO_L2_in_2_x0_loop_23_A_IO_L2_in_2_x0_loop_25_A_IO_L2_in_2_x0_loop_26    |    16385|     16385|             4|          2|          2|  8192|       yes|
        |- A_IO_L2_in_2_x0_loop_28_A_IO_L2_in_2_x0_loop_30_A_IO_L2_in_2_x0_loop_31     |    73728|     73728|             9|          -|          -|  8192|        no|
        | + A_IO_L2_in_2_x0_loop_32                                                    |        4|         4|             2|          2|          2|     2|       yes|
        +------------------------------------------------------------------------------+---------+----------+--------------+-----------+-----------+------+----------+



================================================================
== Utilization Estimates
================================================================
* Summary: 
+---------------------+---------+-------+---------+---------+------+
|         Name        | BRAM_18K|  DSP  |    FF   |   LUT   | URAM |
+---------------------+---------+-------+---------+---------+------+
|DSP                  |        -|      -|        -|        -|     -|
|Expression           |        -|      -|        0|     2346|     -|
|FIFO                 |        -|      -|        -|        -|     -|
|Instance             |        -|      -|        -|        -|     -|
|Memory               |       16|      -|        0|        0|     -|
|Multiplexer          |        -|      -|        -|      667|     -|
|Register             |        -|      -|     2643|        -|     -|
+---------------------+---------+-------+---------+---------+------+
|Total                |       16|      0|     2643|     3013|     0|
+---------------------+---------+-------+---------+---------+------+
|Available SLR        |     1344|   3072|   864000|   432000|   320|
+---------------------+---------+-------+---------+---------+------+
|Utilization SLR (%)  |        1|      0|       ~0|       ~0|     0|
+---------------------+---------+-------+---------+---------+------+
|Available            |     5376|  12288|  3456000|  1728000|  1280|
+---------------------+---------+-------+---------+---------+------+
|Utilization (%)      |       ~0|      0|       ~0|       ~0|     0|
+---------------------+---------+-------+---------+---------+------+

+ Detail: 
    * Instance: 
    N/A

    * DSP: 
    N/A

    * Memory: 
    +------------------+--------------------------------+---------+---+----+-----+------+-----+------+-------------+
    |      Memory      |             Module             | BRAM_18K| FF| LUT| URAM| Words| Bits| Banks| W*Bits*Banks|
    +------------------+--------------------------------+---------+---+----+-----+------+-----+------+-------------+
    |local_A_ping_V_U  |A_IO_L2_in_0_x0_local_A_ping_V  |        8|  0|   0|    0|   512|  512|     1|       262144|
    |local_A_pong_V_U  |A_IO_L2_in_0_x0_local_A_ping_V  |        8|  0|   0|    0|   512|  512|     1|       262144|
    +------------------+--------------------------------+---------+---+----+-----+------+-----+------+-------------+
    |Total             |                                |       16|  0|   0|    0|  1024| 1024|     2|       524288|
    +------------------+--------------------------------+---------+---+----+-----+------+-----+------+-------------+

    * FIFO: 
    N/A

    * Expression: 
    +-----------------------------------+----------+----+---+-----+------------+------------+
    |           Variable Name           | Operation| DSP| FF| LUT | Bitwidth P0| Bitwidth P1|
    +-----------------------------------+----------+----+---+-----+------------+------------+
    |add_ln647_1_fu_951_p2              |         +|   0|  0|   16|           9|           9|
    |add_ln647_fu_921_p2                |         +|   0|  0|   12|           5|           5|
    |add_ln685_fu_1165_p2               |         +|   0|  0|   12|           5|           5|
    |add_ln691_1446_fu_1789_p2          |         +|   0|  0|   13|           6|           1|
    |add_ln691_1447_fu_1972_p2          |         +|   0|  0|   12|           5|           1|
    |add_ln691_1448_fu_1897_p2          |         +|   0|  0|    9|           2|           1|
    |add_ln691_1449_fu_1459_p2          |         +|   0|  0|    9|           2|           1|
    |add_ln691_1450_fu_1598_p2          |         +|   0|  0|   13|           6|           1|
    |add_ln691_1451_fu_1650_p2          |         +|   0|  0|   12|           5|           1|
    |add_ln691_1452_fu_1303_p2          |         +|   0|  0|   12|           5|           1|
    |add_ln691_1453_fu_1355_p2          |         +|   0|  0|    9|           2|           1|
    |add_ln691_1454_fu_1428_p2          |         +|   0|  0|   12|           5|           1|
    |add_ln691_1455_fu_993_p2           |         +|   0|  0|    9|           2|           1|
    |add_ln691_1456_fu_1132_p2          |         +|   0|  0|   13|           6|           1|
    |add_ln691_1457_fu_1184_p2          |         +|   0|  0|   12|           5|           1|
    |add_ln691_1458_fu_837_p2           |         +|   0|  0|   12|           5|           1|
    |add_ln691_1459_fu_889_p2           |         +|   0|  0|    9|           2|           1|
    |add_ln691_1460_fu_962_p2           |         +|   0|  0|   12|           5|           1|
    |add_ln691_1461_fu_1230_p2          |         +|   0|  0|   15|           8|           1|
    |add_ln691_1462_fu_1285_p2          |         +|   0|  0|   10|           3|           1|
    |add_ln691_1463_fu_819_p2           |         +|   0|  0|   10|           3|           1|
    |add_ln691_fu_1717_p2               |         +|   0|  0|    9|           2|           1|
    |add_ln714_1_fu_1417_p2             |         +|   0|  0|   16|           9|           9|
    |add_ln714_fu_1387_p2               |         +|   0|  0|   12|           5|           5|
    |add_ln752_fu_1631_p2               |         +|   0|  0|   12|           5|           5|
    |add_ln790_fu_1879_p2               |         +|   0|  0|   12|           5|           5|
    |add_ln890_332_fu_1995_p2           |         +|   0|  0|   21|          14|           1|
    |add_ln890_333_fu_1691_p2           |         +|   0|  0|   21|          14|           1|
    |add_ln890_334_fu_1555_p2           |         +|   0|  0|   16|           9|           1|
    |add_ln890_335_fu_1575_p2           |         +|   0|  0|   21|          14|           1|
    |add_ln890_336_fu_1433_p2           |         +|   0|  0|   21|          14|           1|
    |add_ln890_337_fu_1393_p2           |         +|   0|  0|   14|           7|           1|
    |add_ln890_338_fu_1291_p2           |         +|   0|  0|   17|          10|           1|
    |add_ln890_339_fu_1273_p2           |         +|   0|  0|   17|          10|           1|
    |add_ln890_340_fu_1089_p2           |         +|   0|  0|   16|           9|           1|
    |add_ln890_341_fu_1109_p2           |         +|   0|  0|   21|          14|           1|
    |add_ln890_342_fu_967_p2            |         +|   0|  0|   21|          14|           1|
    |add_ln890_343_fu_927_p2            |         +|   0|  0|   14|           7|           1|
    |add_ln890_344_fu_825_p2            |         +|   0|  0|   17|          10|           1|
    |add_ln890_345_fu_807_p2            |         +|   0|  0|   17|          10|           1|
    |add_ln890_346_fu_1248_p2           |         +|   0|  0|   18|          11|           1|
    |add_ln890_347_fu_723_p2            |         +|   0|  0|   19|          12|           1|
    |add_ln890_fu_1977_p2               |         +|   0|  0|   16|           9|           1|
    |and_ln625_1_fu_765_p2              |       and|   0|  0|    2|           1|           1|
    |and_ln625_fu_753_p2                |       and|   0|  0|    2|           1|           1|
    |and_ln626_fu_789_p2                |       and|   0|  0|    2|           1|           1|
    |and_ln675_fu_1063_p2               |       and|   0|  0|    2|           1|           1|
    |and_ln742_fu_1529_p2               |       and|   0|  0|    2|           1|           1|
    |and_ln780_fu_1837_p2               |       and|   0|  0|    2|           1|           1|
    |and_ln890_27_fu_1771_p2            |       and|   0|  0|    2|           1|           1|
    |and_ln890_28_fu_1783_p2            |       and|   0|  0|    2|           1|           1|
    |and_ln890_29_fu_1655_p2            |       and|   0|  0|    2|           1|           1|
    |and_ln890_30_fu_1499_p2            |       and|   0|  0|    2|           1|           1|
    |and_ln890_31_fu_1511_p2            |       and|   0|  0|    2|           1|           1|
    |and_ln890_32_fu_1349_p2            |       and|   0|  0|    2|           1|           1|
    |and_ln890_33_fu_1189_p2            |       and|   0|  0|    2|           1|           1|
    |and_ln890_34_fu_1033_p2            |       and|   0|  0|    2|           1|           1|
    |and_ln890_35_fu_1045_p2            |       and|   0|  0|    2|           1|           1|
    |and_ln890_36_fu_883_p2             |       and|   0|  0|    2|           1|           1|
    |and_ln890_fu_1759_p2               |       and|   0|  0|    2|           1|           1|
    |ap_block_pp2_stage1_01001          |       and|   0|  0|    2|           1|           1|
    |ap_block_pp5_stage1_01001          |       and|   0|  0|    2|           1|           1|
    |ap_block_state12_pp2_stage1_iter1  |       and|   0|  0|    2|           1|           1|
    |ap_block_state23_pp5_stage1_iter1  |       and|   0|  0|    2|           1|           1|
    |ap_block_state28                   |       and|   0|  0|    2|           1|           1|
    |icmp_ln627_fu_759_p2               |      icmp|   0|  0|   11|           8|           9|
    |icmp_ln870_2_fu_801_p2             |      icmp|   0|  0|    8|           3|           2|
    |icmp_ln870_fu_1267_p2              |      icmp|   0|  0|    8|           3|           2|
    |icmp_ln878_71_fu_1927_p2           |      icmp|   0|  0|    8|           2|           3|
    |icmp_ln878_fu_1903_p2              |      icmp|   0|  0|    8|           2|           3|
    |icmp_ln890334_fu_735_p2            |      icmp|   0|  0|   11|          11|          10|
    |icmp_ln890_1479_fu_1711_p2         |      icmp|   0|  0|   12|          14|          15|
    |icmp_ln890_1480_fu_1723_p2         |      icmp|   0|  0|   12|          14|          13|
    |icmp_ln890_1481_fu_1765_p2         |      icmp|   0|  0|   10|           5|           6|
    |icmp_ln890_1482_fu_1777_p2         |      icmp|   0|  0|   11|           9|           8|
    |icmp_ln890_1483_fu_1261_p2         |      icmp|   0|  0|    9|           3|           4|
    |icmp_ln890_1484_fu_795_p2          |      icmp|   0|  0|    9|           3|           4|
    |icmp_ln890_1485_fu_1453_p2         |      icmp|   0|  0|   12|          14|          15|
    |icmp_ln890_1486_fu_1297_p2         |      icmp|   0|  0|   11|          10|          11|
    |icmp_ln890_1487_fu_1279_p2         |      icmp|   0|  0|   11|          10|          11|
    |icmp_ln890_1488_fu_987_p2          |      icmp|   0|  0|   12|          14|          15|
    |icmp_ln890_1489_fu_831_p2          |      icmp|   0|  0|   11|          10|          11|
    |icmp_ln890_1490_fu_813_p2          |      icmp|   0|  0|   11|          10|          11|
    |icmp_ln890_1491_fu_1465_p2         |      icmp|   0|  0|   12|          14|          13|
    |icmp_ln890_1492_fu_1493_p2         |      icmp|   0|  0|   10|           5|           6|
    |icmp_ln890_1493_fu_1505_p2         |      icmp|   0|  0|   11|           9|           8|
    |icmp_ln890_1494_fu_1309_p2         |      icmp|   0|  0|   10|           7|           6|
    |icmp_ln890_1495_fu_1343_p2         |      icmp|   0|  0|   10|           5|           6|
    |icmp_ln890_1496_fu_999_p2          |      icmp|   0|  0|   12|          14|          13|
    |icmp_ln890_1497_fu_1027_p2         |      icmp|   0|  0|   10|           5|           6|
    |icmp_ln890_1498_fu_1039_p2         |      icmp|   0|  0|   11|           9|           8|
    |icmp_ln890_1499_fu_843_p2          |      icmp|   0|  0|   10|           7|           6|
    |icmp_ln890_1500_fu_877_p2          |      icmp|   0|  0|   10|           5|           6|
    |icmp_ln890_fu_729_p2               |      icmp|   0|  0|   12|          12|          12|
    |ap_block_state1                    |        or|   0|  0|    2|           1|           1|
    |ap_block_state16                   |        or|   0|  0|    2|           1|           1|
    |or_ln625_fu_741_p2                 |        or|   0|  0|    2|           1|           1|
    |or_ln626_1_fu_783_p2               |        or|   0|  0|    2|           1|           1|
    |or_ln626_fu_771_p2                 |        or|   0|  0|    2|           1|           1|
    |or_ln675_fu_1057_p2                |        or|   0|  0|    2|           1|           1|
    |or_ln677_1_fu_1075_p2              |        or|   0|  0|    2|           1|           1|
    |or_ln677_fu_1069_p2                |        or|   0|  0|    2|           1|           1|
    |or_ln691_fu_1236_p2                |        or|   0|  0|    2|           1|           1|
    |or_ln742_fu_1523_p2                |        or|   0|  0|    2|           1|           1|
    |or_ln744_1_fu_1541_p2              |        or|   0|  0|    2|           1|           1|
    |or_ln744_fu_1535_p2                |        or|   0|  0|    2|           1|           1|
    |or_ln780_fu_1831_p2                |        or|   0|  0|    2|           1|           1|
    |or_ln782_1_fu_1857_p2              |        or|   0|  0|    2|           1|           1|
    |or_ln782_fu_1851_p2                |        or|   0|  0|    2|           1|           1|
    |or_ln890_10_fu_1361_p2             |        or|   0|  0|    2|           1|           1|
    |or_ln890_11_fu_1095_p2             |        or|   0|  0|    2|           1|           1|
    |or_ln890_12_fu_895_p2              |        or|   0|  0|    2|           1|           1|
    |or_ln890_9_fu_1561_p2              |        or|   0|  0|    2|           1|           1|
    |or_ln890_fu_1983_p2                |        or|   0|  0|    2|           1|           1|
    |c2_V_86_fu_1240_p3                 |    select|   0|  0|    8|           1|           1|
    |data_split_V_1_194_fu_1939_p3      |    select|   0|  0|  221|           1|         256|
    |data_split_V_1_195_fu_1945_p3      |    select|   0|  0|  221|           1|         256|
    |select_ln675_1_fu_1196_p3          |    select|   0|  0|    2|           1|           1|
    |select_ln675_fu_1147_p3            |    select|   0|  0|    4|           1|           4|
    |select_ln677_fu_1081_p3            |    select|   0|  0|    5|           1|           1|
    |select_ln691_fu_1217_p3            |    select|   0|  0|  221|           1|         256|
    |select_ln742_1_fu_1662_p3          |    select|   0|  0|    2|           1|           1|
    |select_ln742_fu_1613_p3            |    select|   0|  0|    4|           1|           4|
    |select_ln744_fu_1547_p3            |    select|   0|  0|    5|           1|           1|
    |select_ln758_fu_1683_p3            |    select|   0|  0|  221|           1|         256|
    |select_ln780_1_fu_1817_p3          |    select|   0|  0|    2|           1|           1|
    |select_ln780_fu_1805_p3            |    select|   0|  0|    4|           1|           4|
    |select_ln782_fu_1863_p3            |    select|   0|  0|    5|           1|           1|
    |select_ln796_fu_1954_p3            |    select|   0|  0|  221|           1|         256|
    |select_ln890_407_fu_1737_p3        |    select|   0|  0|    2|           1|           2|
    |select_ln890_408_fu_1745_p3        |    select|   0|  0|    4|           1|           1|
    |select_ln890_409_fu_1843_p3        |    select|   0|  0|    6|           1|           6|
    |select_ln890_410_fu_1987_p3        |    select|   0|  0|    9|           1|           1|
    |select_ln890_411_fu_2001_p3        |    select|   0|  0|   14|           1|           1|
    |select_ln890_412_fu_1471_p3        |    select|   0|  0|    6|           1|           1|
    |select_ln890_413_fu_1479_p3        |    select|   0|  0|    2|           1|           2|
    |select_ln890_414_fu_1592_p3        |    select|   0|  0|    4|           1|           1|
    |select_ln890_415_fu_1620_p3        |    select|   0|  0|    6|           1|           6|
    |select_ln890_416_fu_1567_p3        |    select|   0|  0|    9|           1|           1|
    |select_ln890_417_fu_1581_p3        |    select|   0|  0|   14|           1|           1|
    |select_ln890_418_fu_1315_p3        |    select|   0|  0|    2|           1|           1|
    |select_ln890_419_fu_1323_p3        |    select|   0|  0|    5|           1|           5|
    |select_ln890_420_fu_1367_p3        |    select|   0|  0|    5|           1|           1|
    |select_ln890_421_fu_1375_p3        |    select|   0|  0|    2|           1|           2|
    |select_ln890_422_fu_1399_p3        |    select|   0|  0|    7|           1|           1|
    |select_ln890_423_fu_1005_p3        |    select|   0|  0|    6|           1|           1|
    |select_ln890_424_fu_1013_p3        |    select|   0|  0|    2|           1|           2|
    |select_ln890_425_fu_1126_p3        |    select|   0|  0|    4|           1|           1|
    |select_ln890_426_fu_1154_p3        |    select|   0|  0|    6|           1|           6|
    |select_ln890_427_fu_1101_p3        |    select|   0|  0|    9|           1|           1|
    |select_ln890_428_fu_1115_p3        |    select|   0|  0|   14|           1|           1|
    |select_ln890_429_fu_849_p3         |    select|   0|  0|    2|           1|           1|
    |select_ln890_430_fu_857_p3         |    select|   0|  0|    5|           1|           5|
    |select_ln890_431_fu_901_p3         |    select|   0|  0|    5|           1|           1|
    |select_ln890_432_fu_909_p3         |    select|   0|  0|    2|           1|           2|
    |select_ln890_433_fu_933_p3         |    select|   0|  0|    7|           1|           1|
    |select_ln890_434_fu_1254_p3        |    select|   0|  0|   11|           1|           1|
    |select_ln890_fu_1729_p3            |    select|   0|  0|    6|           1|           1|
    |ap_enable_pp2                      |       xor|   0|  0|    2|           1|           2|
    |ap_enable_pp5                      |       xor|   0|  0|    2|           1|           2|
    |arb_fu_1225_p2                     |       xor|   0|  0|    2|           2|           1|
    |xor_ln625_fu_747_p2                |       xor|   0|  0|    2|           1|           2|
    |xor_ln626_fu_777_p2                |       xor|   0|  0|    2|           1|           2|
    |xor_ln675_fu_1051_p2               |       xor|   0|  0|    2|           1|           2|
    |xor_ln742_fu_1517_p2               |       xor|   0|  0|    2|           1|           2|
    |xor_ln780_fu_1825_p2               |       xor|   0|  0|    2|           1|           2|
    |xor_ln890_11_fu_1487_p2            |       xor|   0|  0|    2|           1|           2|
    |xor_ln890_12_fu_1337_p2            |       xor|   0|  0|    2|           1|           2|
    |xor_ln890_13_fu_1021_p2            |       xor|   0|  0|    2|           1|           2|
    |xor_ln890_14_fu_871_p2             |       xor|   0|  0|    2|           1|           2|
    |xor_ln890_fu_1753_p2               |       xor|   0|  0|    2|           1|           2|
    +-----------------------------------+----------+----+---+-----+------------+------------+
    |Total                              |          |   0|  0| 2346|         647|        1745|
    +-----------------------------------+----------+----+---+-----+------------+------------+

    * Multiplexer: 
    +--------------------------------------------+-----+-----------+-----+-----------+
    |                    Name                    | LUT | Input Size| Bits| Total Bits|
    +--------------------------------------------+-----+-----------+-----+-----------+
    |ap_NS_fsm                                   |  129|         26|    1|         26|
    |ap_done                                     |    9|          2|    1|          2|
    |ap_enable_reg_pp2_iter1                     |    9|          2|    1|          2|
    |ap_enable_reg_pp5_iter1                     |    9|          2|    1|          2|
    |ap_phi_mux_c5_V_137_phi_fu_584_p4           |    9|          2|    2|          4|
    |ap_phi_mux_c5_V_139_phi_fu_440_p4           |    9|          2|    2|          4|
    |ap_phi_mux_c6_V_124_phi_fu_606_p4           |    9|          2|    6|         12|
    |ap_phi_mux_c6_V_125_phi_fu_462_p4           |    9|          2|    6|         12|
    |ap_phi_mux_c8_V_21_phi_fu_628_p4            |    9|          2|    5|         10|
    |ap_phi_mux_c8_V_22_phi_fu_484_p4            |    9|          2|    5|         10|
    |ap_phi_mux_indvar_flatten131_phi_fu_617_p4  |    9|          2|    9|         18|
    |ap_phi_mux_indvar_flatten143_phi_fu_595_p4  |    9|          2|   14|         28|
    |ap_phi_mux_indvar_flatten171_phi_fu_573_p4  |    9|          2|   14|         28|
    |ap_phi_mux_indvar_flatten41_phi_fu_473_p4   |    9|          2|    9|         18|
    |ap_phi_mux_indvar_flatten53_phi_fu_451_p4   |    9|          2|   14|         28|
    |ap_phi_mux_indvar_flatten81_phi_fu_429_p4   |    9|          2|   14|         28|
    |arb_36_reg_324                              |    9|          2|    1|          2|
    |c2_V_reg_335                                |    9|          2|    8|         16|
    |c3_V_2_reg_347                              |    9|          2|    3|          6|
    |c3_V_reg_491                                |    9|          2|    3|          6|
    |c4_V_92_reg_381                             |    9|          2|    5|         10|
    |c4_V_reg_525                                |    9|          2|    5|         10|
    |c5_V_137_reg_580                            |    9|          2|    2|          4|
    |c5_V_138_reg_547                            |    9|          2|    2|          4|
    |c5_V_139_reg_436                            |    9|          2|    2|          4|
    |c5_V_140_reg_403                            |    9|          2|    2|          4|
    |c5_V_reg_646                                |    9|          2|    2|          4|
    |c6_V_124_reg_602                            |    9|          2|    6|         12|
    |c6_V_125_reg_458                            |    9|          2|    6|         12|
    |c6_V_126_reg_558                            |    9|          2|    5|         10|
    |c6_V_127_reg_414                            |    9|          2|    5|         10|
    |c6_V_reg_669                                |    9|          2|    6|         12|
    |c8_V_21_reg_624                             |    9|          2|    5|         10|
    |c8_V_22_reg_480                             |    9|          2|    5|         10|
    |c8_V_reg_692                                |    9|          2|    5|         10|
    |fifo_A_A_IO_L2_in_2_x07_blk_n               |    9|          2|    1|          2|
    |fifo_A_A_IO_L2_in_3_x08_blk_n               |    9|          2|    1|          2|
    |fifo_A_PE_2_0_x043_blk_n                    |    9|          2|    1|          2|
    |fifo_A_PE_2_0_x043_din                      |   20|          4|  256|       1024|
    |indvar_flatten103_reg_514                   |    9|          2|   10|         20|
    |indvar_flatten123_reg_503                   |    9|          2|   10|         20|
    |indvar_flatten131_reg_613                   |    9|          2|    9|         18|
    |indvar_flatten13_reg_370                    |    9|          2|   10|         20|
    |indvar_flatten143_reg_591                   |    9|          2|   14|         28|
    |indvar_flatten171_reg_569                   |    9|          2|   14|         28|
    |indvar_flatten179_reg_299                   |    9|          2|   11|         22|
    |indvar_flatten193_reg_288                   |    9|          2|   12|         24|
    |indvar_flatten201_reg_680                   |    9|          2|    9|         18|
    |indvar_flatten217_reg_657                   |    9|          2|   14|         28|
    |indvar_flatten251_reg_635                   |    9|          2|   14|         28|
    |indvar_flatten33_reg_359                    |    9|          2|   10|         20|
    |indvar_flatten41_reg_469                    |    9|          2|    9|         18|
    |indvar_flatten53_reg_447                    |    9|          2|   14|         28|
    |indvar_flatten81_reg_425                    |    9|          2|   14|         28|
    |indvar_flatten89_reg_536                    |    9|          2|    7|         14|
    |indvar_flatten_reg_392                      |    9|          2|    7|         14|
    |local_A_ping_V_address0                     |   14|          3|    9|         27|
    |n_V_reg_703                                 |    9|          2|    2|          4|
    |p_Val2_s_reg_714                            |    9|          2|  512|       1024|
    +--------------------------------------------+-----+-----------+-----+-----------+
    |Total                                       |  667|        145| 1152|       2849|
    +--------------------------------------------+-----+-----------+-----+-----------+

    * Register: 
    +----------------------------------------+-----+----+-----+-----------+
    |                  Name                  |  FF | LUT| Bits| Const Bits|
    +----------------------------------------+-----+----+-----+-----------+
    |add_ln647_reg_2093                      |    5|   0|    5|          0|
    |add_ln691_1448_reg_2417                 |    2|   0|    2|          0|
    |add_ln691_1450_reg_2336                 |    6|   0|    6|          0|
    |add_ln691_1451_reg_2351                 |    5|   0|    5|          0|
    |add_ln691_1456_reg_2172                 |    6|   0|    6|          0|
    |add_ln691_1457_reg_2187                 |    5|   0|    5|          0|
    |add_ln714_reg_2257                      |    5|   0|    5|          0|
    |add_ln890_333_reg_2361                  |   14|   0|   14|          0|
    |add_ln890_336_reg_2272                  |   14|   0|   14|          0|
    |add_ln890_338_reg_2233                  |   10|   0|   10|          0|
    |add_ln890_339_reg_2220                  |   10|   0|   10|          0|
    |add_ln890_342_reg_2108                  |   14|   0|   14|          0|
    |add_ln890_344_reg_2069                  |   10|   0|   10|          0|
    |add_ln890_345_reg_2056                  |   10|   0|   10|          0|
    |add_ln890_347_reg_2008                  |   12|   0|   12|          0|
    |and_ln625_1_reg_2022                    |    1|   0|    1|          0|
    |and_ln626_reg_2031                      |    1|   0|    1|          0|
    |and_ln890_28_reg_2381                   |    1|   0|    1|          0|
    |and_ln890_31_reg_2313                   |    1|   0|    1|          0|
    |and_ln890_35_reg_2149                   |    1|   0|    1|          0|
    |ap_CS_fsm                               |   25|   0|   25|          0|
    |ap_done_reg                             |    1|   0|    1|          0|
    |ap_enable_reg_pp2_iter0                 |    1|   0|    1|          0|
    |ap_enable_reg_pp2_iter1                 |    1|   0|    1|          0|
    |ap_enable_reg_pp5_iter0                 |    1|   0|    1|          0|
    |ap_enable_reg_pp5_iter1                 |    1|   0|    1|          0|
    |arb_36_reg_324                          |    1|   0|    1|          0|
    |c2_V_reg_335                            |    8|   0|    8|          0|
    |c3_V_2_reg_347                          |    3|   0|    3|          0|
    |c3_V_reg_491                            |    3|   0|    3|          0|
    |c4_V_92_reg_381                         |    5|   0|    5|          0|
    |c4_V_reg_525                            |    5|   0|    5|          0|
    |c5_V_137_reg_580                        |    2|   0|    2|          0|
    |c5_V_138_reg_547                        |    2|   0|    2|          0|
    |c5_V_139_reg_436                        |    2|   0|    2|          0|
    |c5_V_140_reg_403                        |    2|   0|    2|          0|
    |c5_V_reg_646                            |    2|   0|    2|          0|
    |c6_V_124_reg_602                        |    6|   0|    6|          0|
    |c6_V_125_reg_458                        |    6|   0|    6|          0|
    |c6_V_126_reg_558                        |    5|   0|    5|          0|
    |c6_V_127_reg_414                        |    5|   0|    5|          0|
    |c6_V_reg_669                            |    6|   0|    6|          0|
    |c8_V_21_reg_624                         |    5|   0|    5|          0|
    |c8_V_22_reg_480                         |    5|   0|    5|          0|
    |c8_V_reg_692                            |    5|   0|    5|          0|
    |data_split_V_0_158_reg_2425             |  256|   0|  256|          0|
    |data_split_V_1_192_fu_208               |  256|   0|  256|          0|
    |data_split_V_1_fu_204                   |  256|   0|  256|          0|
    |div_i_i18_reg_2277                      |    4|   0|    4|          0|
    |div_i_i19_reg_2113                      |    4|   0|    4|          0|
    |empty_2531_reg_2282                     |    1|   0|    1|          0|
    |empty_reg_2118                          |    1|   0|    1|          0|
    |icmp_ln878_71_reg_2442                  |    1|   0|    1|          0|
    |icmp_ln890334_reg_2016                  |    1|   0|    1|          0|
    |icmp_ln890_1480_reg_2369                |    1|   0|    1|          0|
    |icmp_ln890_1485_reg_2287                |    1|   0|    1|          0|
    |icmp_ln890_1485_reg_2287_pp5_iter1_reg  |    1|   0|    1|          0|
    |icmp_ln890_1488_reg_2123                |    1|   0|    1|          0|
    |icmp_ln890_1488_reg_2123_pp2_iter1_reg  |    1|   0|    1|          0|
    |icmp_ln890_1491_reg_2291                |    1|   0|    1|          0|
    |icmp_ln890_1496_reg_2127                |    1|   0|    1|          0|
    |indvar_flatten103_reg_514               |   10|   0|   10|          0|
    |indvar_flatten123_reg_503               |   10|   0|   10|          0|
    |indvar_flatten131_reg_613               |    9|   0|    9|          0|
    |indvar_flatten13_reg_370                |   10|   0|   10|          0|
    |indvar_flatten143_reg_591               |   14|   0|   14|          0|
    |indvar_flatten171_reg_569               |   14|   0|   14|          0|
    |indvar_flatten179_reg_299               |   11|   0|   11|          0|
    |indvar_flatten193_reg_288               |   12|   0|   12|          0|
    |indvar_flatten201_reg_680               |    9|   0|    9|          0|
    |indvar_flatten217_reg_657               |   14|   0|   14|          0|
    |indvar_flatten251_reg_635               |   14|   0|   14|          0|
    |indvar_flatten33_reg_359                |   10|   0|   10|          0|
    |indvar_flatten41_reg_469                |    9|   0|    9|          0|
    |indvar_flatten53_reg_447                |   14|   0|   14|          0|
    |indvar_flatten81_reg_425                |   14|   0|   14|          0|
    |indvar_flatten89_reg_536                |    7|   0|    7|          0|
    |indvar_flatten_reg_392                  |    7|   0|    7|          0|
    |intra_trans_en_reg_311                  |    1|   0|    1|          0|
    |n_V_reg_703                             |    2|   0|    2|          0|
    |or_ln626_reg_2027                       |    1|   0|    1|          0|
    |p_Val2_s_reg_714                        |  512|   0|  512|          0|
    |r_reg_2437                              |  256|   0|  256|          0|
    |select_ln677_reg_2156                   |    5|   0|    5|          0|
    |select_ln691_reg_2192                   |  256|   0|  256|          0|
    |select_ln744_reg_2320                   |    5|   0|    5|          0|
    |select_ln758_reg_2356                   |  256|   0|  256|          0|
    |select_ln780_1_reg_2391                 |    1|   0|    1|          0|
    |select_ln780_reg_2386                   |    4|   0|    4|          0|
    |select_ln782_reg_2401                   |    5|   0|    5|          0|
    |select_ln890_407_reg_2375               |    2|   0|    2|          0|
    |select_ln890_409_reg_2396               |    6|   0|    6|          0|
    |select_ln890_412_reg_2296               |    6|   0|    6|          0|
    |select_ln890_413_reg_2302               |    2|   0|    2|          0|
    |select_ln890_415_reg_2341               |    6|   0|    6|          0|
    |select_ln890_416_reg_2326               |    9|   0|    9|          0|
    |select_ln890_417_reg_2331               |   14|   0|   14|          0|
    |select_ln890_419_reg_2241               |    5|   0|    5|          0|
    |select_ln890_420_reg_2246               |    5|   0|    5|          0|
    |select_ln890_421_reg_2252               |    2|   0|    2|          0|
    |select_ln890_422_reg_2262               |    7|   0|    7|          0|
    |select_ln890_423_reg_2132               |    6|   0|    6|          0|
    |select_ln890_424_reg_2138               |    2|   0|    2|          0|
    |select_ln890_426_reg_2177               |    6|   0|    6|          0|
    |select_ln890_427_reg_2162               |    9|   0|    9|          0|
    |select_ln890_428_reg_2167               |   14|   0|   14|          0|
    |select_ln890_430_reg_2077               |    5|   0|    5|          0|
    |select_ln890_431_reg_2082               |    5|   0|    5|          0|
    |select_ln890_432_reg_2088               |    2|   0|    2|          0|
    |select_ln890_433_reg_2098               |    7|   0|    7|          0|
    |trunc_ln792_reg_2431                    |    1|   0|    1|          0|
    |xor_ln890_11_reg_2308                   |    1|   0|    1|          0|
    |xor_ln890_13_reg_2144                   |    1|   0|    1|          0|
    +----------------------------------------+-----+----+-----+-----------+
    |Total                                   | 2643|   0| 2643|          0|
    +----------------------------------------+-----+----+-----+-----------+



================================================================
== Interface
================================================================
* Summary: 
+---------------------------------+-----+-----+------------+-------------------------+--------------+
|            RTL Ports            | Dir | Bits|  Protocol  |      Source Object      |    C Type    |
+---------------------------------+-----+-----+------------+-------------------------+--------------+
|ap_clk                           |   in|    1|  ap_ctrl_hs|          A_IO_L2_in_2_x0|  return value|
|ap_rst                           |   in|    1|  ap_ctrl_hs|          A_IO_L2_in_2_x0|  return value|
|ap_start                         |   in|    1|  ap_ctrl_hs|          A_IO_L2_in_2_x0|  return value|
|ap_done                          |  out|    1|  ap_ctrl_hs|          A_IO_L2_in_2_x0|  return value|
|ap_continue                      |   in|    1|  ap_ctrl_hs|          A_IO_L2_in_2_x0|  return value|
|ap_idle                          |  out|    1|  ap_ctrl_hs|          A_IO_L2_in_2_x0|  return value|
|ap_ready                         |  out|    1|  ap_ctrl_hs|          A_IO_L2_in_2_x0|  return value|
|fifo_A_A_IO_L2_in_2_x07_dout     |   in|  512|     ap_fifo|  fifo_A_A_IO_L2_in_2_x07|       pointer|
|fifo_A_A_IO_L2_in_2_x07_empty_n  |   in|    1|     ap_fifo|  fifo_A_A_IO_L2_in_2_x07|       pointer|
|fifo_A_A_IO_L2_in_2_x07_read     |  out|    1|     ap_fifo|  fifo_A_A_IO_L2_in_2_x07|       pointer|
|fifo_A_A_IO_L2_in_3_x08_din      |  out|  512|     ap_fifo|  fifo_A_A_IO_L2_in_3_x08|       pointer|
|fifo_A_A_IO_L2_in_3_x08_full_n   |   in|    1|     ap_fifo|  fifo_A_A_IO_L2_in_3_x08|       pointer|
|fifo_A_A_IO_L2_in_3_x08_write    |  out|    1|     ap_fifo|  fifo_A_A_IO_L2_in_3_x08|       pointer|
|fifo_A_PE_2_0_x043_din           |  out|  256|     ap_fifo|       fifo_A_PE_2_0_x043|       pointer|
|fifo_A_PE_2_0_x043_full_n        |   in|    1|     ap_fifo|       fifo_A_PE_2_0_x043|       pointer|
|fifo_A_PE_2_0_x043_write         |  out|    1|     ap_fifo|       fifo_A_PE_2_0_x043|       pointer|
+---------------------------------+-----+-----+------------+-------------------------+--------------+

