

================================================================
== Vitis HLS Report for 'D_drain_IO_L3_out_serialize_x1'
================================================================
* Date:           Sun Sep 18 14:00:10 2022

* Version:        2020.2 (Build 3064766 on Wed Nov 18 09:12:47 MST 2020)
* Project:        top
* Solution:       solution (Vitis Kernel Flow Target)
* Product family: virtexuplus
* Target device:  xcu250-figd2104-2L-e


================================================================
== Performance Estimates
================================================================
+ Timing: 
    * Summary: 
    +--------+---------+----------+------------+
    |  Clock |  Target | Estimated| Uncertainty|
    +--------+---------+----------+------------+
    |ap_clk  |  3.33 ns|  2.433 ns|     0.90 ns|
    +--------+---------+----------+------------+

+ Latency: 
    * Summary: 
    +---------+---------+-----------+-----------+------+------+---------+
    |  Latency (cycles) |   Latency (absolute)  |   Interval  | Pipeline|
    |   min   |   max   |    min    |    max    |  min |  max |   Type  |
    +---------+---------+-----------+-----------+------+------+---------+
    |     4167|     4167|  13.889 us|  13.889 us|  4167|  4167|     none|
    +---------+---------+-----------+-----------+------+------+---------+

    + Detail: 
        * Instance: 
        N/A

        * Loop: 
        +-----------------------------------------+---------+---------+----------+-----------+-----------+------+----------+
        |                                         |  Latency (cycles) | Iteration|  Initiation Interval  | Trip |          |
        |                Loop Name                |   min   |   max   |  Latency |  achieved |   target  | Count| Pipelined|
        +-----------------------------------------+---------+---------+----------+-----------+-----------+------+----------+
        |- D_drain_IO_L3_out_serialize_x1_loop_1  |     4097|     4097|         6|          4|          4|  1024|       yes|
        +-----------------------------------------+---------+---------+----------+-----------+-----------+------+----------+



================================================================
== Utilization Estimates
================================================================
* Summary: 
+---------------------+---------+-------+---------+---------+------+
|         Name        | BRAM_18K|  DSP  |    FF   |   LUT   | URAM |
+---------------------+---------+-------+---------+---------+------+
|DSP                  |        -|      -|        -|        -|     -|
|Expression           |        -|      -|        0|       44|     -|
|FIFO                 |        -|      -|        -|        -|     -|
|Instance             |        -|      -|        -|        -|     -|
|Memory               |        -|      -|        -|        -|     -|
|Multiplexer          |        -|      -|        -|      425|     -|
|Register             |        -|      -|      671|        -|     -|
+---------------------+---------+-------+---------+---------+------+
|Total                |        0|      0|      671|      469|     0|
+---------------------+---------+-------+---------+---------+------+
|Available SLR        |     1344|   3072|   864000|   432000|   320|
+---------------------+---------+-------+---------+---------+------+
|Utilization SLR (%)  |        0|      0|       ~0|       ~0|     0|
+---------------------+---------+-------+---------+---------+------+
|Available            |     5376|  12288|  3456000|  1728000|  1280|
+---------------------+---------+-------+---------+---------+------+
|Utilization (%)      |        0|      0|       ~0|       ~0|     0|
+---------------------+---------+-------+---------+---------+------+

+ Detail: 
    * Instance: 
    N/A

    * DSP: 
    N/A

    * Memory: 
    N/A

    * FIFO: 
    N/A

    * Expression: 
    +----------------------------------+----------+----+---+----+------------+------------+
    |           Variable Name          | Operation| DSP| FF| LUT| Bitwidth P0| Bitwidth P1|
    +----------------------------------+----------+----+---+----+------------+------------+
    |add_ln26293_fu_131_p2             |         +|   0|  0|  18|          11|           1|
    |ap_block_pp0_stage0_11001         |       and|   0|  0|   2|           1|           1|
    |ap_block_pp0_stage1_01001         |       and|   0|  0|   2|           1|           1|
    |ap_block_state4_pp0_stage1_iter0  |       and|   0|  0|   2|           1|           1|
    |ap_block_state8_io                |       and|   0|  0|   2|           1|           1|
    |icmp_ln26293_fu_137_p2            |      icmp|   0|  0|  12|          11|          12|
    |ap_block_pp0_stage1_11001         |        or|   0|  0|   2|           1|           1|
    |ap_block_state1                   |        or|   0|  0|   2|           1|           1|
    |ap_enable_pp0                     |       xor|   0|  0|   2|           1|           2|
    +----------------------------------+----------+----+---+----+------------+------------+
    |Total                             |          |   0|  0|  44|          29|          21|
    +----------------------------------+----------+----+---+----+------------+------------+

    * Multiplexer: 
    +--------------------------------------+-----+-----------+-----+-----------+
    |                 Name                 | LUT | Input Size| Bits| Total Bits|
    +--------------------------------------+-----+-----------+-----+-----------+
    |D_blk_n                               |    9|          2|    1|          2|
    |ap_NS_fsm                             |  344|         75|    1|         75|
    |ap_done                               |    9|          2|    1|          2|
    |ap_enable_reg_pp0_iter1               |    9|          2|    1|          2|
    |ap_phi_mux_phi_ln26293_phi_fu_104_p4  |    9|          2|   11|         22|
    |fifo_D_drain_local_in_blk_n           |    9|          2|    1|          2|
    |gmem_D_blk_n_AW                       |    9|          2|    1|          2|
    |gmem_D_blk_n_B                        |    9|          2|    1|          2|
    |gmem_D_blk_n_W                        |    9|          2|    1|          2|
    |phi_ln26293_reg_100                   |    9|          2|   11|         22|
    +--------------------------------------+-----+-----------+-----+-----------+
    |Total                                 |  425|         93|   30|        133|
    +--------------------------------------+-----+-----------+-----+-----------+

    * Register: 
    +------------------------------------+-----+----+-----+-----------+
    |                Name                |  FF | LUT| Bits| Const Bits|
    +------------------------------------+-----+----+-----+-----------+
    |add_ln26293_reg_163                 |   11|   0|   11|          0|
    |ap_CS_fsm                           |   74|   0|   74|          0|
    |ap_done_reg                         |    1|   0|    1|          0|
    |ap_enable_reg_pp0_iter0             |    1|   0|    1|          0|
    |ap_enable_reg_pp0_iter1             |    1|   0|    1|          0|
    |icmp_ln26293_reg_168                |    1|   0|    1|          0|
    |icmp_ln26293_reg_168_pp0_iter1_reg  |    1|   0|    1|          0|
    |mem_data_split_V_0_reg_172          |  128|   0|  128|          0|
    |mem_data_split_V_1_reg_177          |  128|   0|  128|          0|
    |mem_data_split_V_2_reg_182          |  128|   0|  128|          0|
    |phi_ln26293_reg_100                 |   11|   0|   11|          0|
    |trunc_ln_reg_152                    |   58|   0|   58|          0|
    |v1_V_reg_187                        |  128|   0|  128|          0|
    +------------------------------------+-----+----+-----+-----------+
    |Total                               |  671|   0|  671|          0|
    +------------------------------------+-----+----+-----+-----------+



================================================================
== Interface
================================================================
* Summary: 
+-------------------------------+-----+-----+------------+--------------------------------+--------------+
|           RTL Ports           | Dir | Bits|  Protocol  |          Source Object         |    C Type    |
+-------------------------------+-----+-----+------------+--------------------------------+--------------+
|ap_clk                         |   in|    1|  ap_ctrl_hs|  D_drain_IO_L3_out_serialize_x1|  return value|
|ap_rst                         |   in|    1|  ap_ctrl_hs|  D_drain_IO_L3_out_serialize_x1|  return value|
|ap_start                       |   in|    1|  ap_ctrl_hs|  D_drain_IO_L3_out_serialize_x1|  return value|
|ap_done                        |  out|    1|  ap_ctrl_hs|  D_drain_IO_L3_out_serialize_x1|  return value|
|ap_continue                    |   in|    1|  ap_ctrl_hs|  D_drain_IO_L3_out_serialize_x1|  return value|
|ap_idle                        |  out|    1|  ap_ctrl_hs|  D_drain_IO_L3_out_serialize_x1|  return value|
|ap_ready                       |  out|    1|  ap_ctrl_hs|  D_drain_IO_L3_out_serialize_x1|  return value|
|m_axi_gmem_D_AWVALID           |  out|    1|       m_axi|                          gmem_D|       pointer|
|m_axi_gmem_D_AWREADY           |   in|    1|       m_axi|                          gmem_D|       pointer|
|m_axi_gmem_D_AWADDR            |  out|   64|       m_axi|                          gmem_D|       pointer|
|m_axi_gmem_D_AWID              |  out|    1|       m_axi|                          gmem_D|       pointer|
|m_axi_gmem_D_AWLEN             |  out|   32|       m_axi|                          gmem_D|       pointer|
|m_axi_gmem_D_AWSIZE            |  out|    3|       m_axi|                          gmem_D|       pointer|
|m_axi_gmem_D_AWBURST           |  out|    2|       m_axi|                          gmem_D|       pointer|
|m_axi_gmem_D_AWLOCK            |  out|    2|       m_axi|                          gmem_D|       pointer|
|m_axi_gmem_D_AWCACHE           |  out|    4|       m_axi|                          gmem_D|       pointer|
|m_axi_gmem_D_AWPROT            |  out|    3|       m_axi|                          gmem_D|       pointer|
|m_axi_gmem_D_AWQOS             |  out|    4|       m_axi|                          gmem_D|       pointer|
|m_axi_gmem_D_AWREGION          |  out|    4|       m_axi|                          gmem_D|       pointer|
|m_axi_gmem_D_AWUSER            |  out|    1|       m_axi|                          gmem_D|       pointer|
|m_axi_gmem_D_WVALID            |  out|    1|       m_axi|                          gmem_D|       pointer|
|m_axi_gmem_D_WREADY            |   in|    1|       m_axi|                          gmem_D|       pointer|
|m_axi_gmem_D_WDATA             |  out|  512|       m_axi|                          gmem_D|       pointer|
|m_axi_gmem_D_WSTRB             |  out|   64|       m_axi|                          gmem_D|       pointer|
|m_axi_gmem_D_WLAST             |  out|    1|       m_axi|                          gmem_D|       pointer|
|m_axi_gmem_D_WID               |  out|    1|       m_axi|                          gmem_D|       pointer|
|m_axi_gmem_D_WUSER             |  out|    1|       m_axi|                          gmem_D|       pointer|
|m_axi_gmem_D_ARVALID           |  out|    1|       m_axi|                          gmem_D|       pointer|
|m_axi_gmem_D_ARREADY           |   in|    1|       m_axi|                          gmem_D|       pointer|
|m_axi_gmem_D_ARADDR            |  out|   64|       m_axi|                          gmem_D|       pointer|
|m_axi_gmem_D_ARID              |  out|    1|       m_axi|                          gmem_D|       pointer|
|m_axi_gmem_D_ARLEN             |  out|   32|       m_axi|                          gmem_D|       pointer|
|m_axi_gmem_D_ARSIZE            |  out|    3|       m_axi|                          gmem_D|       pointer|
|m_axi_gmem_D_ARBURST           |  out|    2|       m_axi|                          gmem_D|       pointer|
|m_axi_gmem_D_ARLOCK            |  out|    2|       m_axi|                          gmem_D|       pointer|
|m_axi_gmem_D_ARCACHE           |  out|    4|       m_axi|                          gmem_D|       pointer|
|m_axi_gmem_D_ARPROT            |  out|    3|       m_axi|                          gmem_D|       pointer|
|m_axi_gmem_D_ARQOS             |  out|    4|       m_axi|                          gmem_D|       pointer|
|m_axi_gmem_D_ARREGION          |  out|    4|       m_axi|                          gmem_D|       pointer|
|m_axi_gmem_D_ARUSER            |  out|    1|       m_axi|                          gmem_D|       pointer|
|m_axi_gmem_D_RVALID            |   in|    1|       m_axi|                          gmem_D|       pointer|
|m_axi_gmem_D_RREADY            |  out|    1|       m_axi|                          gmem_D|       pointer|
|m_axi_gmem_D_RDATA             |   in|  512|       m_axi|                          gmem_D|       pointer|
|m_axi_gmem_D_RLAST             |   in|    1|       m_axi|                          gmem_D|       pointer|
|m_axi_gmem_D_RID               |   in|    1|       m_axi|                          gmem_D|       pointer|
|m_axi_gmem_D_RUSER             |   in|    1|       m_axi|                          gmem_D|       pointer|
|m_axi_gmem_D_RRESP             |   in|    2|       m_axi|                          gmem_D|       pointer|
|m_axi_gmem_D_BVALID            |   in|    1|       m_axi|                          gmem_D|       pointer|
|m_axi_gmem_D_BREADY            |  out|    1|       m_axi|                          gmem_D|       pointer|
|m_axi_gmem_D_BRESP             |   in|    2|       m_axi|                          gmem_D|       pointer|
|m_axi_gmem_D_BID               |   in|    1|       m_axi|                          gmem_D|       pointer|
|m_axi_gmem_D_BUSER             |   in|    1|       m_axi|                          gmem_D|       pointer|
|fifo_D_drain_local_in_dout     |   in|  128|     ap_fifo|           fifo_D_drain_local_in|       pointer|
|fifo_D_drain_local_in_empty_n  |   in|    1|     ap_fifo|           fifo_D_drain_local_in|       pointer|
|fifo_D_drain_local_in_read     |  out|    1|     ap_fifo|           fifo_D_drain_local_in|       pointer|
|D_dout                         |   in|   64|     ap_fifo|                               D|       pointer|
|D_empty_n                      |   in|    1|     ap_fifo|                               D|       pointer|
|D_read                         |  out|    1|     ap_fifo|                               D|       pointer|
+-------------------------------+-----+-----+------------+--------------------------------+--------------+

