

================================================================
== Vitis HLS Report for 'B_IO_L2_in_1_x1'
================================================================
* Date:           Sun Sep 18 20:11:53 2022

* Version:        2020.2 (Build 3064766 on Wed Nov 18 09:12:47 MST 2020)
* Project:        top
* Solution:       solution (Vitis Kernel Flow Target)
* Product family: virtexuplus
* Target device:  xcu250-figd2104-2L-e


================================================================
== Performance Estimates
================================================================
+ Timing: 
    * Summary: 
    +--------+---------+----------+------------+
    |  Clock |  Target | Estimated| Uncertainty|
    +--------+---------+----------+------------+
    |ap_clk  |  3.33 ns|  2.433 ns|     0.90 ns|
    +--------+---------+----------+------------+

+ Latency: 
    * Summary: 
    +---------+---------+----------+----------+--------+---------+---------+
    |  Latency (cycles) |  Latency (absolute) |     Interval     | Pipeline|
    |   min   |   max   |    min   |    max   |   min  |   max   |   Type  |
    +---------+---------+----------+----------+--------+---------+---------+
    |   548995|  1147011|  1.830 ms|  3.823 ms|  548995|  1147011|     none|
    +---------+---------+----------+----------+--------+---------+---------+

    + Detail: 
        * Instance: 
        N/A

        * Loop: 
        +------------------------------------------------------------------------+---------+---------+----------+-----------+-----------+------+----------+
        |                                                                        |  Latency (cycles) | Iteration|  Initiation Interval  | Trip |          |
        |                                Loop Name                               |   min   |   max   |  Latency |  achieved |   target  | Count| Pipelined|
        +------------------------------------------------------------------------+---------+---------+----------+-----------+-----------+------+----------+
        |- B_IO_L2_in_1_x1_loop_1_B_IO_L2_in_1_x1_loop_2_B_IO_L2_in_1_x1_loop_3  |   548864|  1146880|  67 ~ 140|          -|          -|  8192|        no|
        | + B_IO_L2_in_1_x1_loop_4                                               |       63|       63|         9|          9|          9|     7|       yes|
        | + B_IO_L2_in_1_x1_loop_7                                               |       72|       72|         9|          9|          9|     8|       yes|
        | + B_IO_L2_in_1_x1_loop_9                                               |       63|       63|         9|          9|          9|     7|       yes|
        | + B_IO_L2_in_1_x1_loop_12                                              |       72|       72|         9|          9|          9|     8|       yes|
        |- B_IO_L2_in_1_x1_loop_14_B_IO_L2_in_1_x1_loop_15                       |      128|      128|         2|          2|          2|    64|       yes|
        +------------------------------------------------------------------------+---------+---------+----------+-----------+-----------+------+----------+



================================================================
== Utilization Estimates
================================================================
* Summary: 
+---------------------+---------+-------+---------+---------+------+
|         Name        | BRAM_18K|  DSP  |    FF   |   LUT   | URAM |
+---------------------+---------+-------+---------+---------+------+
|DSP                  |        -|      -|        -|        -|     -|
|Expression           |        -|      -|        0|      332|     -|
|FIFO                 |        -|      -|        -|        -|     -|
|Instance             |        -|      -|        -|        -|     -|
|Memory               |       16|      -|        0|        0|     -|
|Multiplexer          |        -|      -|        -|      470|     -|
|Register             |        -|      -|     1178|        -|     -|
+---------------------+---------+-------+---------+---------+------+
|Total                |       16|      0|     1178|      802|     0|
+---------------------+---------+-------+---------+---------+------+
|Available SLR        |     1344|   3072|   864000|   432000|   320|
+---------------------+---------+-------+---------+---------+------+
|Utilization SLR (%)  |        1|      0|       ~0|       ~0|     0|
+---------------------+---------+-------+---------+---------+------+
|Available            |     5376|  12288|  3456000|  1728000|  1280|
+---------------------+---------+-------+---------+---------+------+
|Utilization (%)      |       ~0|      0|       ~0|       ~0|     0|
+---------------------+---------+-------+---------+---------+------+

+ Detail: 
    * Instance: 
    N/A

    * DSP: 
    N/A

    * Memory: 
    +------------------+---------------------------------------+---------+---+----+-----+------+-----+------+-------------+
    |      Memory      |                 Module                | BRAM_18K| FF| LUT| URAM| Words| Bits| Banks| W*Bits*Banks|
    +------------------+---------------------------------------+---------+---+----+-----+------+-----+------+-------------+
    |local_B_ping_V_U  |A_IO_L2_in_boundary_x0_local_A_ping_V  |        8|  0|   0|    0|     8|  512|     1|         4096|
    |local_B_pong_V_U  |A_IO_L2_in_boundary_x0_local_A_ping_V  |        8|  0|   0|    0|     8|  512|     1|         4096|
    +------------------+---------------------------------------+---------+---+----+-----+------+-----+------+-------------+
    |Total             |                                       |       16|  0|   0|    0|    16| 1024|     2|         8192|
    +------------------+---------------------------------------+---------+---+----+-----+------+-----+------+-------------+

    * FIFO: 
    N/A

    * Expression: 
    +---------------------------------+----------+----+---+----+------------+------------+
    |          Variable Name          | Operation| DSP| FF| LUT| Bitwidth P0| Bitwidth P1|
    +---------------------------------+----------+----+---+----+------------+------------+
    |add_ln691_1757_fu_665_p2         |         +|   0|  0|  12|           4|           1|
    |add_ln691_1758_fu_605_p2         |         +|   0|  0|  12|           4|           1|
    |add_ln691_1759_fu_534_p2         |         +|   0|  0|  12|           4|           1|
    |add_ln691_1760_fu_611_p2         |         +|   0|  0|  12|           4|           1|
    |add_ln691_1761_fu_540_p2         |         +|   0|  0|  12|           4|           1|
    |add_ln691_1762_fu_562_p2         |         +|   0|  0|  13|           6|           1|
    |add_ln691_fu_640_p2              |         +|   0|  0|  12|           4|           1|
    |add_ln890_69_fu_580_p2           |         +|   0|  0|  18|          11|           1|
    |add_ln890_70_fu_450_p2           |         +|   0|  0|  21|          14|           1|
    |add_ln890_fu_628_p2              |         +|   0|  0|  14|           7|           1|
    |and_ln21809_1_fu_492_p2          |       and|   0|  0|   2|           1|           1|
    |and_ln21809_fu_480_p2            |       and|   0|  0|   2|           1|           1|
    |and_ln21810_fu_516_p2            |       and|   0|  0|   2|           1|           1|
    |ap_predicate_op109_read_state5   |       and|   0|  0|   2|           1|           1|
    |ap_predicate_op111_read_state5   |       and|   0|  0|   2|           1|           1|
    |ap_predicate_op183_read_state25  |       and|   0|  0|   2|           1|           1|
    |ap_predicate_op185_read_state25  |       and|   0|  0|   2|           1|           1|
    |icmp_ln870_11_fu_528_p2          |      icmp|   0|  0|   9|           4|           1|
    |icmp_ln870_fu_599_p2             |      icmp|   0|  0|   9|           4|           1|
    |icmp_ln890144_fu_486_p2          |      icmp|   0|  0|  10|           6|           7|
    |icmp_ln890_1443_fu_462_p2        |      icmp|   0|  0|  11|          11|          10|
    |icmp_ln890_1444_fu_634_p2        |      icmp|   0|  0|  11|           7|           8|
    |icmp_ln890_1445_fu_646_p2        |      icmp|   0|  0|   9|           4|           5|
    |icmp_ln890_1446_fu_593_p2        |      icmp|   0|  0|   9|           4|           5|
    |icmp_ln890_1447_fu_522_p2        |      icmp|   0|  0|   9|           4|           5|
    |icmp_ln890_1448_fu_617_p2        |      icmp|   0|  0|   9|           4|           5|
    |icmp_ln890_1449_fu_546_p2        |      icmp|   0|  0|   9|           4|           5|
    |icmp_ln890_fu_456_p2             |      icmp|   0|  0|  12|          14|          15|
    |ap_block_state1                  |        or|   0|  0|   2|           1|           1|
    |ap_block_state10                 |        or|   0|  0|   2|           1|           1|
    |ap_block_state11                 |        or|   0|  0|   2|           1|           1|
    |ap_block_state24                 |        or|   0|  0|   2|           1|           1|
    |ap_block_state25                 |        or|   0|  0|   2|           1|           1|
    |ap_block_state26                 |        or|   0|  0|   2|           1|           1|
    |ap_block_state27                 |        or|   0|  0|   2|           1|           1|
    |ap_block_state28                 |        or|   0|  0|   2|           1|           1|
    |ap_block_state29                 |        or|   0|  0|   2|           1|           1|
    |ap_block_state30                 |        or|   0|  0|   2|           1|           1|
    |ap_block_state31                 |        or|   0|  0|   2|           1|           1|
    |ap_block_state4                  |        or|   0|  0|   2|           1|           1|
    |ap_block_state5                  |        or|   0|  0|   2|           1|           1|
    |ap_block_state6                  |        or|   0|  0|   2|           1|           1|
    |ap_block_state7                  |        or|   0|  0|   2|           1|           1|
    |ap_block_state8                  |        or|   0|  0|   2|           1|           1|
    |ap_block_state9                  |        or|   0|  0|   2|           1|           1|
    |or_ln21809_fu_468_p2             |        or|   0|  0|   2|           1|           1|
    |or_ln21810_1_fu_510_p2           |        or|   0|  0|   2|           1|           1|
    |or_ln21810_fu_498_p2             |        or|   0|  0|   2|           1|           1|
    |or_ln691_fu_568_p2               |        or|   0|  0|   2|           1|           1|
    |select_ln691_15_fu_572_p3        |    select|   0|  0|   6|           1|           1|
    |select_ln691_fu_671_p3           |    select|   0|  0|   4|           1|           1|
    |select_ln890_15_fu_586_p3        |    select|   0|  0|  11|           1|           1|
    |select_ln890_fu_652_p3           |    select|   0|  0|   4|           1|           4|
    |arb_fu_557_p2                    |       xor|   0|  0|   2|           2|           1|
    |xor_ln21809_fu_474_p2            |       xor|   0|  0|   2|           1|           2|
    |xor_ln21810_fu_504_p2            |       xor|   0|  0|   2|           1|           2|
    +---------------------------------+----------+----+---+----+------------+------------+
    |Total                            |          |   0|  0| 332|         164|         117|
    +---------------------------------+----------+----+---+----+------------+------------+

    * Multiplexer: 
    +--------------------------------+-----+-----------+-----+-----------+
    |              Name              | LUT | Input Size| Bits| Total Bits|
    +--------------------------------+-----+-----------+-----+-----------+
    |ap_NS_fsm                       |  197|         45|    1|         45|
    |ap_done                         |    9|          2|    1|          2|
    |arb_13_reg_360                  |    9|          2|    1|          2|
    |c2_V_reg_335                    |    9|          2|    6|         12|
    |c3_V_11_reg_371                 |    9|          2|    4|          8|
    |c3_V_reg_394                    |    9|          2|    4|          8|
    |c6_V_25_reg_406                 |    9|          2|    4|          8|
    |c6_V_26_reg_383                 |    9|          2|    4|          8|
    |c6_V_reg_428                    |    9|          2|    4|          8|
    |c7_V_reg_439                    |    9|          2|    4|          8|
    |fifo_B_B_IO_L2_in_1_x113_blk_n  |    9|          2|    1|          2|
    |fifo_B_B_IO_L2_in_2_x114_blk_n  |    9|          2|    1|          2|
    |fifo_B_PE_0_1_x1101_blk_n       |    9|          2|    1|          2|
    |fifo_B_PE_0_1_x1101_din         |   26|          5|  512|       2560|
    |indvar_flatten13_reg_312        |    9|          2|   14|         28|
    |indvar_flatten22_reg_417        |    9|          2|    7|         14|
    |indvar_flatten_reg_323          |    9|          2|   11|         22|
    |local_B_ping_V_address0         |   14|          3|    3|          9|
    |local_B_ping_V_address1         |   49|          9|    3|         27|
    |local_B_pong_V_address1         |   49|          9|    3|         27|
    +--------------------------------+-----+-----------+-----+-----------+
    |Total                           |  470|        101|  589|       2802|
    +--------------------------------+-----+-----------+-----+-----------+

    * Register: 
    +--------------------------------+-----+----+-----+-----------+
    |              Name              |  FF | LUT| Bits| Const Bits|
    +--------------------------------+-----+----+-----+-----------+
    |add_ln691_1760_reg_847          |    4|   0|    4|          0|
    |add_ln691_1761_reg_801          |    4|   0|    4|          0|
    |add_ln890_70_reg_759            |   14|   0|   14|          0|
    |add_ln890_reg_865               |    7|   0|    7|          0|
    |and_ln21809_1_reg_774           |    1|   0|    1|          0|
    |and_ln21810_reg_783             |    1|   0|    1|          0|
    |ap_CS_fsm                       |   44|   0|   44|          0|
    |ap_done_reg                     |    1|   0|    1|          0|
    |arb_13_reg_360                  |    1|   0|    1|          0|
    |c2_V_reg_335                    |    6|   0|    6|          0|
    |c3_V_11_reg_371                 |    4|   0|    4|          0|
    |c3_V_reg_394                    |    4|   0|    4|          0|
    |c6_V_25_reg_406                 |    4|   0|    4|          0|
    |c6_V_26_reg_383                 |    4|   0|    4|          0|
    |c6_V_reg_428                    |    4|   0|    4|          0|
    |c7_V_reg_439                    |    4|   0|    4|          0|
    |icmp_ln870_11_reg_792           |    1|   0|    1|          0|
    |icmp_ln870_reg_838              |    1|   0|    1|          0|
    |icmp_ln890_1443_reg_768         |    1|   0|    1|          0|
    |icmp_ln890_1446_reg_834         |    1|   0|    1|          0|
    |icmp_ln890_1447_reg_788         |    1|   0|    1|          0|
    |indvar_flatten13_reg_312        |   14|   0|   14|          0|
    |indvar_flatten22_reg_417        |    7|   0|    7|          0|
    |indvar_flatten_reg_323          |   11|   0|   11|          0|
    |intra_trans_en_reg_347          |    1|   0|    1|          0|
    |local_B_ping_V_load_13_reg_814  |  512|   0|  512|          0|
    |local_B_pong_V_load_reg_860     |  512|   0|  512|          0|
    |or_ln21810_reg_779              |    1|   0|    1|          0|
    |select_ln691_reg_883            |    4|   0|    4|          0|
    |select_ln890_reg_873            |    4|   0|    4|          0|
    +--------------------------------+-----+----+-----+-----------+
    |Total                           | 1178|   0| 1178|          0|
    +--------------------------------+-----+----+-----+-----------+



================================================================
== Interface
================================================================
* Summary: 
+----------------------------------+-----+-----+------------+--------------------------+--------------+
|             RTL Ports            | Dir | Bits|  Protocol  |       Source Object      |    C Type    |
+----------------------------------+-----+-----+------------+--------------------------+--------------+
|ap_clk                            |   in|    1|  ap_ctrl_hs|           B_IO_L2_in_1_x1|  return value|
|ap_rst                            |   in|    1|  ap_ctrl_hs|           B_IO_L2_in_1_x1|  return value|
|ap_start                          |   in|    1|  ap_ctrl_hs|           B_IO_L2_in_1_x1|  return value|
|ap_done                           |  out|    1|  ap_ctrl_hs|           B_IO_L2_in_1_x1|  return value|
|ap_continue                       |   in|    1|  ap_ctrl_hs|           B_IO_L2_in_1_x1|  return value|
|ap_idle                           |  out|    1|  ap_ctrl_hs|           B_IO_L2_in_1_x1|  return value|
|ap_ready                          |  out|    1|  ap_ctrl_hs|           B_IO_L2_in_1_x1|  return value|
|fifo_B_B_IO_L2_in_1_x113_dout     |   in|  512|     ap_fifo|  fifo_B_B_IO_L2_in_1_x113|       pointer|
|fifo_B_B_IO_L2_in_1_x113_empty_n  |   in|    1|     ap_fifo|  fifo_B_B_IO_L2_in_1_x113|       pointer|
|fifo_B_B_IO_L2_in_1_x113_read     |  out|    1|     ap_fifo|  fifo_B_B_IO_L2_in_1_x113|       pointer|
|fifo_B_B_IO_L2_in_2_x114_din      |  out|  512|     ap_fifo|  fifo_B_B_IO_L2_in_2_x114|       pointer|
|fifo_B_B_IO_L2_in_2_x114_full_n   |   in|    1|     ap_fifo|  fifo_B_B_IO_L2_in_2_x114|       pointer|
|fifo_B_B_IO_L2_in_2_x114_write    |  out|    1|     ap_fifo|  fifo_B_B_IO_L2_in_2_x114|       pointer|
|fifo_B_PE_0_1_x1101_din           |  out|  512|     ap_fifo|       fifo_B_PE_0_1_x1101|       pointer|
|fifo_B_PE_0_1_x1101_full_n        |   in|    1|     ap_fifo|       fifo_B_PE_0_1_x1101|       pointer|
|fifo_B_PE_0_1_x1101_write         |  out|    1|     ap_fifo|       fifo_B_PE_0_1_x1101|       pointer|
+----------------------------------+-----+-----+------------+--------------------------+--------------+

