

================================================================
== Vitis HLS Report for 'C_drain_IO_L2_out_0_x0'
================================================================
* Date:           Sun Sep 18 20:11:33 2022

* Version:        2020.2 (Build 3064766 on Wed Nov 18 09:12:47 MST 2020)
* Project:        top
* Solution:       solution (Vitis Kernel Flow Target)
* Product family: virtexuplus
* Target device:  xcu250-figd2104-2L-e


================================================================
== Performance Estimates
================================================================
+ Timing: 
    * Summary: 
    +--------+---------+----------+------------+
    |  Clock |  Target | Estimated| Uncertainty|
    +--------+---------+----------+------------+
    |ap_clk  |  3.33 ns|  2.433 ns|     0.90 ns|
    +--------+---------+----------+------------+

+ Latency: 
    * Summary: 
    +---------+---------+----------+----------+--------+--------+---------+
    |  Latency (cycles) |  Latency (absolute) |     Interval    | Pipeline|
    |   min   |   max   |    min   |    max   |   min  |   max  |   Type  |
    +---------+---------+----------+----------+--------+--------+---------+
    |   137217|   137217|  0.457 ms|  0.457 ms|  137217|  137217|     none|
    +---------+---------+----------+----------+--------+--------+---------+

    + Detail: 
        * Instance: 
        N/A

        * Loop: 
        +---------------------------------------------------------------------------------------------+---------+---------+----------+-----------+-----------+------+----------+
        |                                                                                             |  Latency (cycles) | Iteration|  Initiation Interval  | Trip |          |
        |                                          Loop Name                                          |   min   |   max   |  Latency |  achieved |   target  | Count| Pipelined|
        +---------------------------------------------------------------------------------------------+---------+---------+----------+-----------+-----------+------+----------+
        |- C_drain_IO_L2_out_0_x0_loop_1_C_drain_IO_L2_out_0_x0_loop_2_C_drain_IO_L2_out_0_x0_loop_3  |   137216|   137216|        67|          -|          -|  2048|        no|
        | + C_drain_IO_L2_out_0_x0_loop_4_C_drain_IO_L2_out_0_x0_loop_5                               |       64|       64|         2|          1|          1|    64|       yes|
        | + C_drain_IO_L2_out_0_x0_loop_6_C_drain_IO_L2_out_0_x0_loop_7                               |       64|       64|         2|          1|          1|    64|       yes|
        +---------------------------------------------------------------------------------------------+---------+---------+----------+-----------+-----------+------+----------+



================================================================
== Utilization Estimates
================================================================
* Summary: 
+---------------------+---------+-------+---------+---------+------+
|         Name        | BRAM_18K|  DSP  |    FF   |   LUT   | URAM |
+---------------------+---------+-------+---------+---------+------+
|DSP                  |        -|      -|        -|        -|     -|
|Expression           |        -|      -|        0|      175|     -|
|FIFO                 |        -|      -|        -|        -|     -|
|Instance             |        -|      -|        -|        -|     -|
|Memory               |        -|      -|        -|        -|     -|
|Multiplexer          |        -|      -|        -|      154|     -|
|Register             |        -|      -|       68|        -|     -|
+---------------------+---------+-------+---------+---------+------+
|Total                |        0|      0|       68|      329|     0|
+---------------------+---------+-------+---------+---------+------+
|Available SLR        |     1344|   3072|   864000|   432000|   320|
+---------------------+---------+-------+---------+---------+------+
|Utilization SLR (%)  |        0|      0|       ~0|       ~0|     0|
+---------------------+---------+-------+---------+---------+------+
|Available            |     5376|  12288|  3456000|  1728000|  1280|
+---------------------+---------+-------+---------+---------+------+
|Utilization (%)      |        0|      0|       ~0|       ~0|     0|
+---------------------+---------+-------+---------+---------+------+

+ Detail: 
    * Instance: 
    N/A

    * DSP: 
    N/A

    * Memory: 
    N/A

    * FIFO: 
    N/A

    * Expression: 
    +----------------------------------+----------+----+---+----+------------+------------+
    |           Variable Name          | Operation| DSP| FF| LUT| Bitwidth P0| Bitwidth P1|
    +----------------------------------+----------+----+---+----+------------+------------+
    |add_ln691_fu_223_p2               |         +|   0|  0|  12|           4|           1|
    |add_ln890_40_fu_211_p2            |         +|   0|  0|  14|           7|           1|
    |add_ln890_41_fu_228_p2            |         +|   0|  0|  16|           9|           1|
    |add_ln890_42_fu_155_p2            |         +|   0|  0|  19|          12|           1|
    |add_ln890_fu_241_p2               |         +|   0|  0|  14|           7|           1|
    |and_ln17196_fu_185_p2             |       and|   0|  0|   2|           1|           1|
    |ap_block_pp0_stage0_01001         |       and|   0|  0|   2|           1|           1|
    |ap_block_pp1_stage0_01001         |       and|   0|  0|   2|           1|           1|
    |icmp_ln870_fu_205_p2              |      icmp|   0|  0|   9|           4|           1|
    |icmp_ln89035_fu_179_p2            |      icmp|   0|  0|   9|           4|           5|
    |icmp_ln890_680_fu_167_p2          |      icmp|   0|  0|  11|           9|           8|
    |icmp_ln890_681_fu_247_p2          |      icmp|   0|  0|  11|           7|           8|
    |icmp_ln890_682_fu_217_p2          |      icmp|   0|  0|  11|           7|           8|
    |icmp_ln890_fu_161_p2              |      icmp|   0|  0|  12|          12|          13|
    |ap_block_state1                   |        or|   0|  0|   2|           1|           1|
    |ap_block_state4_pp0_stage0_iter1  |        or|   0|  0|   2|           1|           1|
    |ap_block_state7_pp1_stage0_iter1  |        or|   0|  0|   2|           1|           1|
    |or_ln17197_fu_191_p2              |        or|   0|  0|   2|           1|           1|
    |select_ln17197_fu_197_p3          |    select|   0|  0|   4|           1|           1|
    |select_ln890_fu_234_p3            |    select|   0|  0|   9|           1|           1|
    |ap_enable_pp0                     |       xor|   0|  0|   2|           1|           2|
    |ap_enable_pp1                     |       xor|   0|  0|   2|           1|           2|
    |ap_enable_reg_pp0_iter1           |       xor|   0|  0|   2|           2|           1|
    |ap_enable_reg_pp1_iter1           |       xor|   0|  0|   2|           2|           1|
    |xor_ln17196_fu_173_p2             |       xor|   0|  0|   2|           1|           2|
    +----------------------------------+----------+----+---+----+------------+------------+
    |Total                             |          |   0|  0| 175|          98|          65|
    +----------------------------------+----------+----+---+----+------------+------------+

    * Multiplexer: 
    +------------------------------------------------+----+-----------+-----+-----------+
    |                      Name                      | LUT| Input Size| Bits| Total Bits|
    +------------------------------------------------+----+-----------+-----+-----------+
    |ap_NS_fsm                                       |  31|          6|    1|          6|
    |ap_done                                         |   9|          2|    1|          2|
    |ap_enable_reg_pp0_iter1                         |  14|          3|    1|          3|
    |ap_enable_reg_pp1_iter1                         |  14|          3|    1|          3|
    |c3_V_reg_122                                    |   9|          2|    4|          8|
    |fifo_C_drain_C_drain_IO_L1_out_0_0_x0228_blk_n  |   9|          2|    1|          2|
    |fifo_C_drain_C_drain_IO_L2_out_0_x0292_blk_n    |   9|          2|    1|          2|
    |fifo_C_drain_C_drain_IO_L2_out_0_x0292_din      |  14|          3|  128|        384|
    |fifo_C_drain_C_drain_IO_L2_out_1_x0293_blk_n    |   9|          2|    1|          2|
    |indvar_flatten15_reg_110                        |   9|          2|    9|         18|
    |indvar_flatten27_reg_99                         |   9|          2|   12|         24|
    |indvar_flatten7_reg_133                         |   9|          2|    7|         14|
    |indvar_flatten_reg_144                          |   9|          2|    7|         14|
    +------------------------------------------------+----+-----------+-----+-----------+
    |Total                                           | 154|         33|  174|        482|
    +------------------------------------------------+----+-----------+-----+-----------+

    * Register: 
    +--------------------------+----+----+-----+-----------+
    |           Name           | FF | LUT| Bits| Const Bits|
    +--------------------------+----+----+-----+-----------+
    |add_ln890_42_reg_253      |  12|   0|   12|          0|
    |ap_CS_fsm                 |   5|   0|    5|          0|
    |ap_done_reg               |   1|   0|    1|          0|
    |ap_enable_reg_pp0_iter0   |   1|   0|    1|          0|
    |ap_enable_reg_pp0_iter1   |   1|   0|    1|          0|
    |ap_enable_reg_pp1_iter0   |   1|   0|    1|          0|
    |ap_enable_reg_pp1_iter1   |   1|   0|    1|          0|
    |c3_V_reg_122              |   4|   0|    4|          0|
    |icmp_ln890_680_reg_262    |   1|   0|    1|          0|
    |icmp_ln890_681_reg_300    |   1|   0|    1|          0|
    |icmp_ln890_682_reg_281    |   1|   0|    1|          0|
    |indvar_flatten15_reg_110  |   9|   0|    9|          0|
    |indvar_flatten27_reg_99   |  12|   0|   12|          0|
    |indvar_flatten7_reg_133   |   7|   0|    7|          0|
    |indvar_flatten_reg_144    |   7|   0|    7|          0|
    |select_ln17197_reg_267    |   4|   0|    4|          0|
    +--------------------------+----+----+-----+-----------+
    |Total                     |  68|   0|   68|          0|
    +--------------------------+----+----+-----+-----------+



================================================================
== Interface
================================================================
* Summary: 
+--------------------------------------------------+-----+-----+------------+------------------------------------------+--------------+
|                     RTL Ports                    | Dir | Bits|  Protocol  |               Source Object              |    C Type    |
+--------------------------------------------------+-----+-----+------------+------------------------------------------+--------------+
|ap_clk                                            |   in|    1|  ap_ctrl_hs|                    C_drain_IO_L2_out_0_x0|  return value|
|ap_rst                                            |   in|    1|  ap_ctrl_hs|                    C_drain_IO_L2_out_0_x0|  return value|
|ap_start                                          |   in|    1|  ap_ctrl_hs|                    C_drain_IO_L2_out_0_x0|  return value|
|ap_done                                           |  out|    1|  ap_ctrl_hs|                    C_drain_IO_L2_out_0_x0|  return value|
|ap_continue                                       |   in|    1|  ap_ctrl_hs|                    C_drain_IO_L2_out_0_x0|  return value|
|ap_idle                                           |  out|    1|  ap_ctrl_hs|                    C_drain_IO_L2_out_0_x0|  return value|
|ap_ready                                          |  out|    1|  ap_ctrl_hs|                    C_drain_IO_L2_out_0_x0|  return value|
|fifo_C_drain_C_drain_IO_L2_out_1_x0293_dout       |   in|  128|     ap_fifo|    fifo_C_drain_C_drain_IO_L2_out_1_x0293|       pointer|
|fifo_C_drain_C_drain_IO_L2_out_1_x0293_empty_n    |   in|    1|     ap_fifo|    fifo_C_drain_C_drain_IO_L2_out_1_x0293|       pointer|
|fifo_C_drain_C_drain_IO_L2_out_1_x0293_read       |  out|    1|     ap_fifo|    fifo_C_drain_C_drain_IO_L2_out_1_x0293|       pointer|
|fifo_C_drain_C_drain_IO_L2_out_0_x0292_din        |  out|  128|     ap_fifo|    fifo_C_drain_C_drain_IO_L2_out_0_x0292|       pointer|
|fifo_C_drain_C_drain_IO_L2_out_0_x0292_full_n     |   in|    1|     ap_fifo|    fifo_C_drain_C_drain_IO_L2_out_0_x0292|       pointer|
|fifo_C_drain_C_drain_IO_L2_out_0_x0292_write      |  out|    1|     ap_fifo|    fifo_C_drain_C_drain_IO_L2_out_0_x0292|       pointer|
|fifo_C_drain_C_drain_IO_L1_out_0_0_x0228_dout     |   in|  128|     ap_fifo|  fifo_C_drain_C_drain_IO_L1_out_0_0_x0228|       pointer|
|fifo_C_drain_C_drain_IO_L1_out_0_0_x0228_empty_n  |   in|    1|     ap_fifo|  fifo_C_drain_C_drain_IO_L1_out_0_0_x0228|       pointer|
|fifo_C_drain_C_drain_IO_L1_out_0_0_x0228_read     |  out|    1|     ap_fifo|  fifo_C_drain_C_drain_IO_L1_out_0_0_x0228|       pointer|
+--------------------------------------------------+-----+-----+------------+------------------------------------------+--------------+

