

================================================================
== Vitis HLS Report for 'C_drain_IO_L3_out_serialize_x0'
================================================================
* Date:           Sun Sep 18 20:11:34 2022

* Version:        2020.2 (Build 3064766 on Wed Nov 18 09:12:47 MST 2020)
* Project:        top
* Solution:       solution (Vitis Kernel Flow Target)
* Product family: virtexuplus
* Target device:  xcu250-figd2104-2L-e


================================================================
== Performance Estimates
================================================================
+ Timing: 
    * Summary: 
    +--------+---------+----------+------------+
    |  Clock |  Target | Estimated| Uncertainty|
    +--------+---------+----------+------------+
    |ap_clk  |  3.33 ns|  2.417 ns|     0.90 ns|
    +--------+---------+----------+------------+

+ Latency: 
    * Summary: 
    +---------+---------+----------+----------+--------+--------+---------+
    |  Latency (cycles) |  Latency (absolute) |     Interval    | Pipeline|
    |   min   |   max   |    min   |    max   |   min  |   max  |   Type  |
    +---------+---------+----------+----------+--------+--------+---------+
    |   131077|   131077|  0.437 ms|  0.437 ms|  131077|  131077|     none|
    +---------+---------+----------+----------+--------+--------+---------+

    + Detail: 
        * Instance: 
        N/A

        * Loop: 
        +-----------------------------------------+---------+---------+----------+-----------+-----------+-------+----------+
        |                                         |  Latency (cycles) | Iteration|  Initiation Interval  |  Trip |          |
        |                Loop Name                |   min   |   max   |  Latency |  achieved |   target  | Count | Pipelined|
        +-----------------------------------------+---------+---------+----------+-----------+-----------+-------+----------+
        |- C_drain_IO_L3_out_serialize_x0_loop_1  |   131075|   131075|         5|          4|          4|  32768|       yes|
        +-----------------------------------------+---------+---------+----------+-----------+-----------+-------+----------+



================================================================
== Utilization Estimates
================================================================
* Summary: 
+---------------------+---------+-------+---------+---------+------+
|         Name        | BRAM_18K|  DSP  |    FF   |   LUT   | URAM |
+---------------------+---------+-------+---------+---------+------+
|DSP                  |        -|      -|        -|        -|     -|
|Expression           |        -|      -|        0|       48|     -|
|FIFO                 |        -|      -|        -|        -|     -|
|Instance             |        -|      -|        -|        -|     -|
|Memory               |        -|      -|        -|        -|     -|
|Multiplexer          |        -|      -|        -|       87|     -|
|Register             |        -|      -|      426|        -|     -|
+---------------------+---------+-------+---------+---------+------+
|Total                |        0|      0|      426|      135|     0|
+---------------------+---------+-------+---------+---------+------+
|Available SLR        |     1344|   3072|   864000|   432000|   320|
+---------------------+---------+-------+---------+---------+------+
|Utilization SLR (%)  |        0|      0|       ~0|       ~0|     0|
+---------------------+---------+-------+---------+---------+------+
|Available            |     5376|  12288|  3456000|  1728000|  1280|
+---------------------+---------+-------+---------+---------+------+
|Utilization (%)      |        0|      0|       ~0|       ~0|     0|
+---------------------+---------+-------+---------+---------+------+

+ Detail: 
    * Instance: 
    N/A

    * DSP: 
    N/A

    * Memory: 
    N/A

    * FIFO: 
    N/A

    * Expression: 
    +----------------------------------+----------+----+---+----+------------+------------+
    |           Variable Name          | Operation| DSP| FF| LUT| Bitwidth P0| Bitwidth P1|
    +----------------------------------+----------+----+---+----+------------+------------+
    |i_V_2_fu_73_p2                    |         +|   0|  0|  23|          16|           1|
    |ap_block_pp0_stage0_11001         |       and|   0|  0|   2|           1|           1|
    |ap_block_pp0_stage1_11001         |       and|   0|  0|   2|           1|           1|
    |ap_block_state3_pp0_stage1_iter0  |       and|   0|  0|   2|           1|           1|
    |icmp_ln17595_fu_67_p2             |      icmp|   0|  0|  13|          16|          17|
    |ap_block_state1                   |        or|   0|  0|   2|           1|           1|
    |ap_enable_pp0                     |       xor|   0|  0|   2|           1|           2|
    |ap_enable_reg_pp0_iter1           |       xor|   0|  0|   2|           2|           1|
    +----------------------------------+----------+----+---+----+------------+------------+
    |Total                             |          |   0|  0|  48|          39|          25|
    +----------------------------------+----------+----+---+----+------------+------------+

    * Multiplexer: 
    +----------------------------------------------------+----+-----------+-----+-----------+
    |                        Name                        | LUT| Input Size| Bits| Total Bits|
    +----------------------------------------------------+----+-----------+-----+-----------+
    |ap_NS_fsm                                           |  37|          7|    1|          7|
    |ap_done                                             |   9|          2|    1|          2|
    |ap_enable_reg_pp0_iter1                             |  14|          3|    1|          3|
    |ap_phi_mux_i_V_phi_fu_59_p4                         |   9|          2|   16|         32|
    |fifo_C_drain_C_drain_IO_L3_out_serialize_x03_blk_n  |   9|          2|    1|          2|
    |i_V_reg_55                                          |   9|          2|   16|         32|
    +----------------------------------------------------+----+-----------+-----+-----------+
    |Total                                               |  87|         18|   36|         78|
    +----------------------------------------------------+----+-----------+-----+-----------+

    * Register: 
    +-------------------------+-----+----+-----+-----------+
    |           Name          |  FF | LUT| Bits| Const Bits|
    +-------------------------+-----+----+-----+-----------+
    |ap_CS_fsm                |    6|   0|    6|          0|
    |ap_done_reg              |    1|   0|    1|          0|
    |ap_enable_reg_pp0_iter0  |    1|   0|    1|          0|
    |ap_enable_reg_pp0_iter1  |    1|   0|    1|          0|
    |i_V_2_reg_108            |   16|   0|   16|          0|
    |i_V_reg_55               |   16|   0|   16|          0|
    |icmp_ln17595_reg_94      |    1|   0|    1|          0|
    |v2_V_15495_reg_103       |  128|   0|  128|          0|
    |v2_V_15496_reg_113       |  128|   0|  128|          0|
    |v2_V_reg_98              |  128|   0|  128|          0|
    +-------------------------+-----+----+-----+-----------+
    |Total                    |  426|   0|  426|          0|
    +-------------------------+-----+----+-----+-----------+



================================================================
== Interface
================================================================
* Summary: 
+------------------------------------------------------+-----+-----+------------+----------------------------------------------+--------------+
|                       RTL Ports                      | Dir | Bits|  Protocol  |                 Source Object                |    C Type    |
+------------------------------------------------------+-----+-----+------------+----------------------------------------------+--------------+
|ap_clk                                                |   in|    1|  ap_ctrl_hs|                C_drain_IO_L3_out_serialize_x0|  return value|
|ap_rst                                                |   in|    1|  ap_ctrl_hs|                C_drain_IO_L3_out_serialize_x0|  return value|
|ap_start                                              |   in|    1|  ap_ctrl_hs|                C_drain_IO_L3_out_serialize_x0|  return value|
|ap_done                                               |  out|    1|  ap_ctrl_hs|                C_drain_IO_L3_out_serialize_x0|  return value|
|ap_continue                                           |   in|    1|  ap_ctrl_hs|                C_drain_IO_L3_out_serialize_x0|  return value|
|ap_idle                                               |  out|    1|  ap_ctrl_hs|                C_drain_IO_L3_out_serialize_x0|  return value|
|ap_ready                                              |  out|    1|  ap_ctrl_hs|                C_drain_IO_L3_out_serialize_x0|  return value|
|fifo_C_drain_C_drain_IO_L3_out_serialize_x03_dout     |   in|  128|     ap_fifo|  fifo_C_drain_C_drain_IO_L3_out_serialize_x03|       pointer|
|fifo_C_drain_C_drain_IO_L3_out_serialize_x03_empty_n  |   in|    1|     ap_fifo|  fifo_C_drain_C_drain_IO_L3_out_serialize_x03|       pointer|
|fifo_C_drain_C_drain_IO_L3_out_serialize_x03_read     |  out|    1|     ap_fifo|  fifo_C_drain_C_drain_IO_L3_out_serialize_x03|       pointer|
|C_address0                                            |  out|   10|   ap_memory|                                             C|         array|
|C_ce0                                                 |  out|    1|   ap_memory|                                             C|         array|
|C_we0                                                 |  out|    1|   ap_memory|                                             C|         array|
|C_d0                                                  |  out|  512|   ap_memory|                                             C|         array|
+------------------------------------------------------+-----+-----+------------+----------------------------------------------+--------------+

