Copyright 1986-2020 Xilinx, Inc. All Rights Reserved.
------------------------------------------------------------------------------------------------------------------------------------------------------------------------
| Tool Version : Vivado v.2020.2 (lin64) Build 3064766 Wed Nov 18 09:12:47 MST 2020
| Date         : Tue Sep  6 12:55:42 2022
| Host         : vxserver running 64-bit Ubuntu 20.04.4 LTS
| Command      : report_accelerator_utilization -kernels { top:pfm_top_i/dynamic_region/top_1/inst:top_1} -file kernel_util_synthed.rpt -name kernel_util_synthed -json
| Design       : pfm_top_wrapper
| Device       : xcu250
| Design State : Synthesized
------------------------------------------------------------------------------------------------------------------------------------------------------------------------

Accelerator Utilization Design Information

Table of Contents
-----------------
1. System Utilization

1. System Utilization
---------------------

+---------------------+-------------------+------------------+-------------------+----------------+----------------+-----------------+
| Name                | LUT               | LUTAsMem         | REG               | BRAM           | URAM           | DSP             |
+---------------------+-------------------+------------------+-------------------+----------------+----------------+-----------------+
| Platform            |  216551 [ 12.54%] |  23358 [  2.95%] |  307021 [  8.89%] |  352 [ 13.10%] |    0 [  0.00%] |    13 [  0.11%] |
| User Budget         | 1510489 [100.00%] | 767202 [100.00%] | 3147059 [100.00%] | 2336 [100.00%] | 1280 [100.00%] | 12275 [100.00%] |
|    Used Resources   |  543946 [ 36.01%] |  99843 [ 13.01%] |  614766 [ 19.53%] |  786 [ 33.65%] |    0 [  0.00%] |  4848 [ 39.49%] |
|    Unused Resources |  966543 [ 63.99%] | 667359 [ 86.99%] | 2532293 [ 80.47%] | 1550 [ 66.35%] | 1280 [100.00%] |  7427 [ 60.51%] |
| top                 |  543946 [ 36.01%] |  99843 [ 13.01%] |  614766 [ 19.53%] |  786 [ 33.65%] |    0 [  0.00%] |  4848 [ 39.49%] |
|    top_1            |  543946 [ 36.01%] |  99843 [ 13.01%] |  614766 [ 19.53%] |  786 [ 33.65%] |    0 [  0.00%] |  4848 [ 39.49%] |
+---------------------+-------------------+------------------+-------------------+----------------+----------------+-----------------+


