

================================================================
== Vitis HLS Report for 'B_PE_dummy_in_1_x0'
================================================================
* Date:           Sun Sep 18 13:52:26 2022

* Version:        2020.2 (Build 3064766 on Wed Nov 18 09:12:47 MST 2020)
* Project:        top
* Solution:       solution (Vitis Kernel Flow Target)
* Product family: virtexuplus
* Target device:  xcu250-figd2104-2L-e


================================================================
== Performance Estimates
================================================================
+ Timing: 
    * Summary: 
    +--------+---------+----------+------------+
    |  Clock |  Target | Estimated| Uncertainty|
    +--------+---------+----------+------------+
    |ap_clk  |  3.33 ns|  1.217 ns|     0.90 ns|
    +--------+---------+----------+------------+

+ Latency: 
    * Summary: 
    +----------+----------+-----------+-----------+----------+----------+---------+
    |   Latency (cycles)  |   Latency (absolute)  |       Interval      | Pipeline|
    |    min   |    max   |    min    |    max    |    min   |    max   |   Type  |
    +----------+----------+-----------+-----------+----------+----------+---------+
    |  25165826|  25165826|  83.878 ms|  83.878 ms|  25165826|  25165826|     none|
    +----------+----------+-----------+-----------+----------+----------+---------+

    + Detail: 
        * Instance: 
        N/A

        * Loop: 
        +-------------------------------------------------------------------------------------------------------------------------------------+----------+----------+----------+-----------+-----------+----------+----------+
        |                                                                                                                                     |   Latency (cycles)  | Iteration|  Initiation Interval  |   Trip   |          |
        |                                                              Loop Name                                                              |    min   |    max   |  Latency |  achieved |   target  |   Count  | Pipelined|
        +-------------------------------------------------------------------------------------------------------------------------------------+----------+----------+----------+-----------+-----------+----------+----------+
        |- B_PE_dummy_in_1_x0_loop_1_B_PE_dummy_in_1_x0_loop_3_B_PE_dummy_in_1_x0_loop_5_B_PE_dummy_in_1_x0_loop_6_B_PE_dummy_in_1_x0_loop_7  |  25165824|  25165824|         2|          1|          1|  25165824|       yes|
        +-------------------------------------------------------------------------------------------------------------------------------------+----------+----------+----------+-----------+-----------+----------+----------+

============================================================
+ Verbose Summary: Synthesis Manager
============================================================
InlineROM: 1
ExposeGlobal: 0
============================================================
+ Verbose Summary: CDFG Model
============================================================
IsTopModel: 0
ResetActiveHigh: 1
IsCombinational: 2
IsDatapathOnly: 0
HasWiredReturn: 1
HasMFsm: 0
HasVarLatency: 1
IsPipeline: 0
IsRtlPipelined: 0
IsInstanceOverlapped: 0
IsDontTouch: 0
HasImplIP: 0
IsGatedGlobalClock: 0

+ Individual pipeline summary: 
  * Pipeline-0: initiation interval (II) = 1, depth = 2


============================================================
+ Verbose Summary: Schedule
============================================================
* Number of FSM states : 4
* Pipeline : 1
  Pipeline-0 : II = 1, D = 2, States = { 2 3 }
* Dataflow Pipeline: 0

* FSM state transitions: 
1 --> 2 
2 --> 4 3 
3 --> 2 
4 --> 

* FSM state operations: 

State 1 <SV = 0> <Delay = 0.38>
ST_1 : Operation 5 [1/1] (0.00ns)   --->   "%specmemcore_ln0 = specmemcore void @_ssdm_op_SpecMemCore, i32 %fifo_B_PE_4_1_x070, i64 666, i64 10, i64 18446744073709551615"   --->   Operation 5 'specmemcore' 'specmemcore_ln0' <Predicate = true> <Delay = 0.00>
ST_1 : Operation 6 [1/1] (0.00ns)   --->   "%specinterface_ln0 = specinterface void @_ssdm_op_SpecInterface, i32 %fifo_B_PE_4_1_x070, void @empty_1310, i32 0, i32 0, void @empty_536, i32 0, i32 0, void @empty_536, void @empty_536, void @empty_536, i32 0, i32 0, i32 0, i32 0, void @empty_536, void @empty_536"   --->   Operation 6 'specinterface' 'specinterface_ln0' <Predicate = true> <Delay = 0.00>
ST_1 : Operation 7 [1/1] (0.38ns)   --->   "%br_ln8889 = br void" [./dut.cpp:8889]   --->   Operation 7 'br' 'br_ln8889' <Predicate = true> <Delay = 0.38>

State 2 <SV = 1> <Delay = 0.83>
ST_2 : Operation 8 [1/1] (0.00ns)   --->   "%indvar_flatten139 = phi i25 0, void, i25 %add_ln890, void %.split13"   --->   Operation 8 'phi' 'indvar_flatten139' <Predicate = true> <Delay = 0.00>
ST_2 : Operation 9 [1/1] (0.83ns)   --->   "%add_ln890 = add i25 %indvar_flatten139, i25 1"   --->   Operation 9 'add' 'add_ln890' <Predicate = true> <Delay = 0.83> <CoreInst = "Adder">   --->   Core 1 'Adder' <Latency = 0> <II = 1> <Delay = 0.83> <FuncUnit> <Opcode : 'add' 'sub'> <InPorts = 2> <OutPorts = 1>
ST_2 : Operation 10 [1/1] (0.77ns)   --->   "%icmp_ln890 = icmp_eq  i25 %indvar_flatten139, i25 25165824"   --->   Operation 10 'icmp' 'icmp_ln890' <Predicate = true> <Delay = 0.77> <CoreInst = "Cmp">   --->   Core 9 'Cmp' <Latency = 0> <II = 1> <Delay = 0.77> <FuncUnit> <Opcode : 'icmp'> <InPorts = 2> <OutPorts = 1>
ST_2 : Operation 11 [1/1] (0.00ns)   --->   "%br_ln890 = br i1 %icmp_ln890, void %.split13, void"   --->   Operation 11 'br' 'br_ln890' <Predicate = true> <Delay = 0.00>

State 3 <SV = 2> <Delay = 1.21>
ST_3 : Operation 12 [1/1] (0.00ns)   --->   "%specloopname_ln0 = specloopname void @_ssdm_op_SpecLoopName, void @B_PE_dummy_in_1_x0_loop_1_B_PE_dummy_in_1_x0_loop_3_B_PE_dummy_in_1_x0_loop_5_B_PE_dummy_in_1_x0_loop_6_B_PE_dummy_in_1_x0_loop_7_str"   --->   Operation 12 'specloopname' 'specloopname_ln0' <Predicate = (!icmp_ln890)> <Delay = 0.00>
ST_3 : Operation 13 [1/1] (0.00ns)   --->   "%speclooptripcount_ln0 = speclooptripcount void @_ssdm_op_SpecLoopTripCount, i64 25165824, i64 25165824, i64 25165824"   --->   Operation 13 'speclooptripcount' 'speclooptripcount_ln0' <Predicate = (!icmp_ln890)> <Delay = 0.00>
ST_3 : Operation 14 [1/1] (0.00ns)   --->   "%specloopname_ln0 = specloopname void @_ssdm_op_SpecLoopName, void @B_PE_dummy_in_1_x0_loop_2_B_PE_dummy_in_1_x0_loop_4_B_PE_dummy_in_1_x0_loop_6_B_PE_dummy_in_1_x0_loop_7_str"   --->   Operation 14 'specloopname' 'specloopname_ln0' <Predicate = (!icmp_ln890)> <Delay = 0.00>
ST_3 : Operation 15 [1/1] (0.00ns)   --->   "%specloopname_ln0 = specloopname void @_ssdm_op_SpecLoopName, void @B_PE_dummy_in_1_x0_loop_3_B_PE_dummy_in_1_x0_loop_5_B_PE_dummy_in_1_x0_loop_6_B_PE_dummy_in_1_x0_loop_7_str"   --->   Operation 15 'specloopname' 'specloopname_ln0' <Predicate = (!icmp_ln890)> <Delay = 0.00>
ST_3 : Operation 16 [1/1] (0.00ns)   --->   "%specloopname_ln0 = specloopname void @_ssdm_op_SpecLoopName, void @B_PE_dummy_in_1_x0_loop_4_B_PE_dummy_in_1_x0_loop_6_B_PE_dummy_in_1_x0_loop_7_str"   --->   Operation 16 'specloopname' 'specloopname_ln0' <Predicate = (!icmp_ln890)> <Delay = 0.00>
ST_3 : Operation 17 [1/1] (0.00ns)   --->   "%specloopname_ln0 = specloopname void @_ssdm_op_SpecLoopName, void @B_PE_dummy_in_1_x0_loop_5_B_PE_dummy_in_1_x0_loop_6_B_PE_dummy_in_1_x0_loop_7_str"   --->   Operation 17 'specloopname' 'specloopname_ln0' <Predicate = (!icmp_ln890)> <Delay = 0.00>
ST_3 : Operation 18 [1/1] (0.00ns)   --->   "%specloopname_ln0 = specloopname void @_ssdm_op_SpecLoopName, void @B_PE_dummy_in_1_x0_loop_6_B_PE_dummy_in_1_x0_loop_7_str"   --->   Operation 18 'specloopname' 'specloopname_ln0' <Predicate = (!icmp_ln890)> <Delay = 0.00>
ST_3 : Operation 19 [1/1] (0.00ns)   --->   "%specpipeline_ln8902 = specpipeline void @_ssdm_op_SpecPipeline, i32 1, i32 0, i32 0, i32 0, void @empty_536" [./dut.cpp:8902]   --->   Operation 19 'specpipeline' 'specpipeline_ln8902' <Predicate = (!icmp_ln890)> <Delay = 0.00>
ST_3 : Operation 20 [1/1] (0.00ns)   --->   "%specloopname_ln8902 = specloopname void @_ssdm_op_SpecLoopName, void @empty_8" [./dut.cpp:8902]   --->   Operation 20 'specloopname' 'specloopname_ln8902' <Predicate = (!icmp_ln890)> <Delay = 0.00>
ST_3 : Operation 21 [1/1] (1.21ns)   --->   "%p_0 = read i32 @_ssdm_op_Read.ap_fifo.volatile.i32P0A, i32 %fifo_B_PE_4_1_x070" [/home/rcslfpgaserver/Softwares/Xilinx/Vitis_HLS/2020.2/common/technology/autopilot/hls_stream_39.h:145]   --->   Operation 21 'read' 'p_0' <Predicate = (!icmp_ln890)> <Delay = 1.21> <CoreInst = "FIFO_SRL">   --->   Core 81 'FIFO_SRL' <Latency = 0> <II = 1> <Delay = 1.39> <Storage> <Opcode : 'read' 'write' 'nbread' 'nbwrite'> <Ports = 0> <Width = 32> <Depth = 2> <FIFO>
ST_3 : Operation 22 [1/1] (0.00ns)   --->   "%br_ln0 = br void"   --->   Operation 22 'br' 'br_ln0' <Predicate = (!icmp_ln890)> <Delay = 0.00>

State 4 <SV = 2> <Delay = 0.00>
ST_4 : Operation 23 [1/1] (0.00ns)   --->   "%ret_ln8911 = ret" [./dut.cpp:8911]   --->   Operation 23 'ret' 'ret_ln8911' <Predicate = true> <Delay = 0.00>


============================================================
+ Verbose Summary: Timing violations
============================================================
Target clock period: 3.33ns, clock uncertainty: 0.9ns.

 <State 1>: 0.387ns
The critical path consists of the following:
	multiplexor before 'phi' operation ('indvar_flatten139') with incoming values : ('add_ln890') [6]  (0.387 ns)

 <State 2>: 0.838ns
The critical path consists of the following:
	'phi' operation ('indvar_flatten139') with incoming values : ('add_ln890') [6]  (0 ns)
	'add' operation ('add_ln890') [7]  (0.838 ns)

 <State 3>: 1.22ns
The critical path consists of the following:
	fifo read on port 'fifo_B_PE_4_1_x070' (/home/rcslfpgaserver/Softwares/Xilinx/Vitis_HLS/2020.2/common/technology/autopilot/hls_stream_39.h:145) [20]  (1.22 ns)

 <State 4>: 0ns
The critical path consists of the following:


============================================================
+ Verbose Summary: Binding
============================================================
N/A
* FSMD analyzer results:
  - Output states:
 - Input state : 
  - Chain level:
	State 1
	State 2
	State 3
	State 4


============================================================
+ Verbose Summary: Datapath Resource usage 
============================================================
N/A
