

================================================================
== Vitis HLS Report for 'C_IO_L3_in_serialize_x0'
================================================================
* Date:           Sun Sep 18 13:51:42 2022

* Version:        2020.2 (Build 3064766 on Wed Nov 18 09:12:47 MST 2020)
* Project:        top
* Solution:       solution (Vitis Kernel Flow Target)
* Product family: virtexuplus
* Target device:  xcu250-figd2104-2L-e


================================================================
== Performance Estimates
================================================================
+ Timing: 
    * Summary: 
    +--------+---------+----------+------------+
    |  Clock |  Target | Estimated| Uncertainty|
    +--------+---------+----------+------------+
    |ap_clk  |  3.33 ns|  1.645 ns|     0.90 ns|
    +--------+---------+----------+------------+

+ Latency: 
    * Summary: 
    +---------+---------+-----------+-----------+------+------+---------+
    |  Latency (cycles) |   Latency (absolute)  |   Interval  | Pipeline|
    |   min   |   max   |    min    |    max    |  min |  max |   Type  |
    +---------+---------+-----------+-----------+------+------+---------+
    |     3073|     3073|  10.242 us|  10.242 us|  3073|  3073|     none|
    +---------+---------+-----------+-----------+------+------+---------+

    + Detail: 
        * Instance: 
        N/A

        * Loop: 
        +----------------------------------+---------+---------+----------+-----------+-----------+------+----------+
        |                                  |  Latency (cycles) | Iteration|  Initiation Interval  | Trip |          |
        |             Loop Name            |   min   |   max   |  Latency |  achieved |   target  | Count| Pipelined|
        +----------------------------------+---------+---------+----------+-----------+-----------+------+----------+
        |- C_IO_L3_in_serialize_x0_loop_1  |     3072|     3072|         3|          -|          -|  1024|        no|
        +----------------------------------+---------+---------+----------+-----------+-----------+------+----------+

============================================================
+ Verbose Summary: Synthesis Manager
============================================================
InlineROM: 1
ExposeGlobal: 0
============================================================
+ Verbose Summary: CDFG Model
============================================================
IsTopModel: 0
ResetActiveHigh: 1
IsCombinational: 2
IsDatapathOnly: 0
HasWiredReturn: 1
HasMFsm: 0
HasVarLatency: 1
IsPipeline: 0
IsRtlPipelined: 0
IsInstanceOverlapped: 0
IsDontTouch: 0
HasImplIP: 0
IsGatedGlobalClock: 0


============================================================
+ Verbose Summary: Schedule
============================================================
* Number of FSM states : 4
* Pipeline : 0
* Dataflow Pipeline: 0

* FSM state transitions: 
1 --> 2 
2 --> 3 
3 --> 4 
4 --> 2 

* FSM state operations: 

State 1 <SV = 0> <Delay = 0.38>
ST_1 : Operation 5 [1/1] (0.00ns)   --->   "%specinterface_ln0 = specinterface void @_ssdm_op_SpecInterface, i512 %fifo_C_C_IO_L3_in_serialize_x03, void @empty_1310, i32 0, i32 0, void @empty_536, i32 0, i32 0, void @empty_536, void @empty_536, void @empty_536, i32 0, i32 0, i32 0, i32 0, void @empty_536, void @empty_536"   --->   Operation 5 'specinterface' 'specinterface_ln0' <Predicate = true> <Delay = 0.00>
ST_1 : Operation 6 [1/1] (0.38ns)   --->   "%br_ln3029 = br void" [./dut.cpp:3029]   --->   Operation 6 'br' 'br_ln3029' <Predicate = true> <Delay = 0.38>

State 2 <SV = 1> <Delay = 1.64>
ST_2 : Operation 7 [1/1] (0.00ns)   --->   "%i_V = phi i11 0, void, i11 %i_V_3, void %.split"   --->   Operation 7 'phi' 'i_V' <Predicate = true> <Delay = 0.00>
ST_2 : Operation 8 [1/1] (0.73ns)   --->   "%i_V_3 = add i11 %i_V, i11 1"   --->   Operation 8 'add' 'i_V_3' <Predicate = true> <Delay = 0.73> <CoreInst = "Adder">   --->   Core 1 'Adder' <Latency = 0> <II = 1> <Delay = 0.73> <FuncUnit> <Opcode : 'add' 'sub'> <InPorts = 2> <OutPorts = 1>
ST_2 : Operation 9 [1/1] (0.61ns)   --->   "%icmp_ln878 = icmp_eq  i11 %i_V, i11 1024"   --->   Operation 9 'icmp' 'icmp_ln878' <Predicate = true> <Delay = 0.61> <CoreInst = "Cmp">   --->   Core 9 'Cmp' <Latency = 0> <II = 1> <Delay = 0.61> <FuncUnit> <Opcode : 'icmp'> <InPorts = 2> <OutPorts = 1>
ST_2 : Operation 10 [1/1] (0.00ns)   --->   "%speclooptripcount_ln0 = speclooptripcount void @_ssdm_op_SpecLoopTripCount, i64 1024, i64 1024, i64 1024"   --->   Operation 10 'speclooptripcount' 'speclooptripcount_ln0' <Predicate = true> <Delay = 0.00>
ST_2 : Operation 11 [1/1] (0.00ns)   --->   "%br_ln3029 = br i1 %icmp_ln878, void %.split, void" [./dut.cpp:3029]   --->   Operation 11 'br' 'br_ln3029' <Predicate = true> <Delay = 0.00>
ST_2 : Operation 12 [1/1] (0.00ns)   --->   "%zext_ln534 = zext i11 %i_V"   --->   Operation 12 'zext' 'zext_ln534' <Predicate = (!icmp_ln878)> <Delay = 0.00>
ST_2 : Operation 13 [1/1] (0.00ns)   --->   "%C_addr = getelementptr i512 %C, i64 0, i64 %zext_ln534" [./dut.cpp:3032]   --->   Operation 13 'getelementptr' 'C_addr' <Predicate = (!icmp_ln878)> <Delay = 0.00>
ST_2 : Operation 14 [2/2] (1.64ns)   --->   "%C_load = load i12 %C_addr" [./dut.cpp:3032]   --->   Operation 14 'load' 'C_load' <Predicate = (!icmp_ln878)> <Delay = 1.64> <CoreInst = "RAM">   --->   Core 83 'RAM' <Latency = 1> <II = 1> <Delay = 1.64> <Storage> <Opcode : 'load' 'store'> <Ports = 2> <Width = 512> <Depth = 4096> <RAM>
ST_2 : Operation 15 [1/1] (0.00ns)   --->   "%ret_ln3035 = ret" [./dut.cpp:3035]   --->   Operation 15 'ret' 'ret_ln3035' <Predicate = (icmp_ln878)> <Delay = 0.00>

State 3 <SV = 2> <Delay = 1.64>
ST_3 : Operation 16 [1/2] (1.64ns)   --->   "%C_load = load i12 %C_addr" [./dut.cpp:3032]   --->   Operation 16 'load' 'C_load' <Predicate = true> <Delay = 1.64> <CoreInst = "RAM">   --->   Core 83 'RAM' <Latency = 1> <II = 1> <Delay = 1.64> <Storage> <Opcode : 'load' 'store'> <Ports = 2> <Width = 512> <Depth = 4096> <RAM>

State 4 <SV = 3> <Delay = 1.21>
ST_4 : Operation 17 [1/1] (0.00ns)   --->   "%specloopname_ln3029 = specloopname void @_ssdm_op_SpecLoopName, void @empty_664" [./dut.cpp:3029]   --->   Operation 17 'specloopname' 'specloopname_ln3029' <Predicate = true> <Delay = 0.00>
ST_4 : Operation 18 [1/1] (1.21ns)   --->   "%write_ln174 = write void @_ssdm_op_Write.ap_fifo.volatile.i512P0A, i512 %fifo_C_C_IO_L3_in_serialize_x03, i512 %C_load" [/home/rcslfpgaserver/Softwares/Xilinx/Vitis_HLS/2020.2/common/technology/autopilot/hls_stream_39.h:174]   --->   Operation 18 'write' 'write_ln174' <Predicate = true> <Delay = 1.21> <CoreInst = "FIFO_SRL">   --->   Core 81 'FIFO_SRL' <Latency = 0> <II = 1> <Delay = 1.41> <Storage> <Opcode : 'read' 'write' 'nbread' 'nbwrite'> <Ports = 0> <Width = 512> <Depth = 2> <FIFO>
ST_4 : Operation 19 [1/1] (0.00ns)   --->   "%br_ln0 = br void"   --->   Operation 19 'br' 'br_ln0' <Predicate = true> <Delay = 0.00>


============================================================
+ Verbose Summary: Timing violations
============================================================
Target clock period: 3.33ns, clock uncertainty: 0.9ns.

 <State 1>: 0.387ns
The critical path consists of the following:
	multiplexor before 'phi' operation ('i.V') with incoming values : ('i.V') [6]  (0.387 ns)

 <State 2>: 1.65ns
The critical path consists of the following:
	'phi' operation ('i.V') with incoming values : ('i.V') [6]  (0 ns)
	'getelementptr' operation ('C_addr', ./dut.cpp:3032) [14]  (0 ns)
	'load' operation ('C_load', ./dut.cpp:3032) on array 'C' [15]  (1.65 ns)

 <State 3>: 1.65ns
The critical path consists of the following:
	'load' operation ('C_load', ./dut.cpp:3032) on array 'C' [15]  (1.65 ns)

 <State 4>: 1.22ns
The critical path consists of the following:
	fifo write on port 'fifo_C_C_IO_L3_in_serialize_x03' (/home/rcslfpgaserver/Softwares/Xilinx/Vitis_HLS/2020.2/common/technology/autopilot/hls_stream_39.h:174) [16]  (1.22 ns)


============================================================
+ Verbose Summary: Binding
============================================================
N/A
* FSMD analyzer results:
  - Output states:
 - Input state : 
  - Chain level:
	State 1
	State 2
	State 3
	State 4


============================================================
+ Verbose Summary: Datapath Resource usage 
============================================================
N/A
