

================================================================
== Vitis HLS Report for 'PE_wrapper_0_0_x1'
================================================================
* Date:           Sun Sep 18 13:54:54 2022

* Version:        2020.2 (Build 3064766 on Wed Nov 18 09:12:47 MST 2020)
* Project:        top
* Solution:       solution (Vitis Kernel Flow Target)
* Product family: virtexuplus
* Target device:  xcu250-figd2104-2L-e


================================================================
== Performance Estimates
================================================================
+ Timing: 
    * Summary: 
    +--------+---------+----------+------------+
    |  Clock |  Target | Estimated| Uncertainty|
    +--------+---------+----------+------------+
    |ap_clk  |  3.33 ns|  2.342 ns|     0.90 ns|
    +--------+---------+----------+------------+

+ Latency: 
    * Summary: 
    +------------+------------+------------+------------+------------+------------+---------+
    |     Latency (cycles)    |    Latency (absolute)   |         Interval        | Pipeline|
    |     min    |     max    |     min    |     max    |     min    |     max    |   Type  |
    +------------+------------+------------+------------+------------+------------+---------+
    |  4155921873|  4155921873|  13.852 sec|  13.852 sec|  4155921873|  4155921873|     none|
    +------------+------------+------------+------------+------------+------------+---------+

    + Detail: 
        * Instance: 
        N/A

        * Loop: 
        +------------------------------------------+------------+------------+------------+-----------+-----------+------+----------+
        |                                          |     Latency (cycles)    |  Iteration |  Initiation Interval  | Trip |          |
        |                 Loop Name                |     min    |     max    |   Latency  |  achieved |   target  | Count| Pipelined|
        +------------------------------------------+------------+------------+------------+-----------+-----------+------+----------+
        |- PE_wrapper_0_0_x1_loop_1                |  4155921872|  4155921872|  1038980468|          -|          -|     4|        no|
        | + PE_wrapper_0_0_x1_loop_2               |  1038980466|  1038980466|   173163411|          -|          -|     6|        no|
        |  ++ PE_wrapper_0_0_x1_loop_3             |         144|         144|          18|          -|          -|     8|        no|
        |   +++ PE_wrapper_0_0_x1_loop_4           |          16|          16|           1|          -|          -|    16|        no|
        |  ++ PE_wrapper_0_0_x1_loop_5             |   173163264|   173163264|     1352838|          -|          -|   128|        no|
        |   +++ PE_wrapper_0_0_x1_loop_6           |     1352836|     1352836|      676418|          -|          -|     2|        no|
        |    ++++ PE_wrapper_0_0_x1_loop_7         |      676416|      676416|       21138|          -|          -|    32|        no|
        |     +++++ PE_wrapper_0_0_x1_loop_8       |       21136|       21136|        2642|          -|          -|     8|        no|
        |      ++++++ PE_wrapper_0_0_x1_loop_9     |        2640|        2640|         165|          -|          -|    16|        no|
        |       +++++++ PE_wrapper_0_0_x1_loop_10  |          16|          16|           2|          -|          -|     8|        no|
        |       +++++++ PE_wrapper_0_0_x1_loop_11  |          16|          16|           2|          -|          -|     8|        no|
        |       +++++++ PE_wrapper_0_0_x1_loop_12  |         128|         128|          16|          -|          -|     8|        no|
        +------------------------------------------+------------+------------+------------+-----------+-----------+------+----------+

============================================================
+ Verbose Summary: Synthesis Manager
============================================================
InlineROM: 1
ExposeGlobal: 0
============================================================
+ Verbose Summary: CDFG Model
============================================================
IsTopModel: 0
ResetActiveHigh: 1
IsCombinational: 2
IsDatapathOnly: 0
HasWiredReturn: 1
HasMFsm: 0
HasVarLatency: 1
IsPipeline: 0
IsRtlPipelined: 0
IsInstanceOverlapped: 0
IsDontTouch: 0
HasImplIP: 0
IsGatedGlobalClock: 0


============================================================
+ Verbose Summary: Schedule
============================================================
* Number of FSM states : 31
* Pipeline : 0
* Dataflow Pipeline: 0

* FSM state transitions: 
1 --> 2 
2 --> 3 
3 --> 4 2 
4 --> 5 6 
5 --> 5 4 
6 --> 7 3 
7 --> 8 6 
8 --> 9 7 
9 --> 10 8 
10 --> 11 9 
11 --> 12 13 
12 --> 11 
13 --> 15 14 
14 --> 13 
15 --> 16 
16 --> 17 10 
17 --> 18 
18 --> 19 
19 --> 20 
20 --> 21 
21 --> 22 
22 --> 23 
23 --> 24 
24 --> 25 
25 --> 26 
26 --> 27 
27 --> 28 
28 --> 29 
29 --> 30 
30 --> 31 
31 --> 16 

* FSM state operations: 

State 1 <SV = 0> <Delay = 0.38>
ST_1 : Operation 32 [1/1] (0.00ns)   --->   "%u7240 = alloca i32 1"   --->   Operation 32 'alloca' 'u7240' <Predicate = true> <Delay = 0.00>
ST_1 : Operation 33 [1/1] (0.00ns)   --->   "%u6249 = alloca i32 1"   --->   Operation 33 'alloca' 'u6249' <Predicate = true> <Delay = 0.00>
ST_1 : Operation 34 [1/1] (0.00ns)   --->   "%u5258 = alloca i32 1"   --->   Operation 34 'alloca' 'u5258' <Predicate = true> <Delay = 0.00>
ST_1 : Operation 35 [1/1] (0.00ns)   --->   "%u4 = alloca i32 1"   --->   Operation 35 'alloca' 'u4' <Predicate = true> <Delay = 0.00>
ST_1 : Operation 36 [1/1] (0.00ns)   --->   "%u3 = alloca i32 1"   --->   Operation 36 'alloca' 'u3' <Predicate = true> <Delay = 0.00>
ST_1 : Operation 37 [1/1] (0.00ns)   --->   "%u2 = alloca i32 1"   --->   Operation 37 'alloca' 'u2' <Predicate = true> <Delay = 0.00>
ST_1 : Operation 38 [1/1] (0.00ns)   --->   "%u1 = alloca i32 1"   --->   Operation 38 'alloca' 'u1' <Predicate = true> <Delay = 0.00>
ST_1 : Operation 39 [1/1] (0.00ns)   --->   "%u0303 = alloca i32 1"   --->   Operation 39 'alloca' 'u0303' <Predicate = true> <Delay = 0.00>
ST_1 : Operation 40 [1/1] (0.00ns)   --->   "%u7 = alloca i32 1"   --->   Operation 40 'alloca' 'u7' <Predicate = true> <Delay = 0.00>
ST_1 : Operation 41 [1/1] (0.00ns)   --->   "%u6 = alloca i32 1"   --->   Operation 41 'alloca' 'u6' <Predicate = true> <Delay = 0.00>
ST_1 : Operation 42 [1/1] (0.00ns)   --->   "%u5 = alloca i32 1"   --->   Operation 42 'alloca' 'u5' <Predicate = true> <Delay = 0.00>
ST_1 : Operation 43 [1/1] (0.00ns)   --->   "%u4_63 = alloca i32 1"   --->   Operation 43 'alloca' 'u4_63' <Predicate = true> <Delay = 0.00>
ST_1 : Operation 44 [1/1] (0.00ns)   --->   "%u3_63 = alloca i32 1"   --->   Operation 44 'alloca' 'u3_63' <Predicate = true> <Delay = 0.00>
ST_1 : Operation 45 [1/1] (0.00ns)   --->   "%u2_63 = alloca i32 1"   --->   Operation 45 'alloca' 'u2_63' <Predicate = true> <Delay = 0.00>
ST_1 : Operation 46 [1/1] (0.00ns)   --->   "%u1_63 = alloca i32 1"   --->   Operation 46 'alloca' 'u1_63' <Predicate = true> <Delay = 0.00>
ST_1 : Operation 47 [1/1] (0.00ns)   --->   "%u0 = alloca i32 1"   --->   Operation 47 'alloca' 'u0' <Predicate = true> <Delay = 0.00>
ST_1 : Operation 48 [1/1] (0.00ns)   --->   "%local_A_0_0_7 = alloca i32 1"   --->   Operation 48 'alloca' 'local_A_0_0_7' <Predicate = true> <Delay = 0.00>
ST_1 : Operation 49 [1/1] (0.00ns)   --->   "%local_A_0_0_7_436 = alloca i32 1"   --->   Operation 49 'alloca' 'local_A_0_0_7_436' <Predicate = true> <Delay = 0.00>
ST_1 : Operation 50 [1/1] (0.00ns)   --->   "%local_A_0_0_7_437 = alloca i32 1"   --->   Operation 50 'alloca' 'local_A_0_0_7_437' <Predicate = true> <Delay = 0.00>
ST_1 : Operation 51 [1/1] (0.00ns)   --->   "%local_A_0_0_7_438 = alloca i32 1"   --->   Operation 51 'alloca' 'local_A_0_0_7_438' <Predicate = true> <Delay = 0.00>
ST_1 : Operation 52 [1/1] (0.00ns)   --->   "%local_A_0_0_7_439 = alloca i32 1"   --->   Operation 52 'alloca' 'local_A_0_0_7_439' <Predicate = true> <Delay = 0.00>
ST_1 : Operation 53 [1/1] (0.00ns)   --->   "%local_A_0_0_7_440 = alloca i32 1"   --->   Operation 53 'alloca' 'local_A_0_0_7_440' <Predicate = true> <Delay = 0.00>
ST_1 : Operation 54 [1/1] (0.00ns)   --->   "%local_A_0_0_7_441 = alloca i32 1"   --->   Operation 54 'alloca' 'local_A_0_0_7_441' <Predicate = true> <Delay = 0.00>
ST_1 : Operation 55 [1/1] (0.00ns)   --->   "%local_A_0_0_7_08 = alloca i32 1"   --->   Operation 55 'alloca' 'local_A_0_0_7_08' <Predicate = true> <Delay = 0.00>
ST_1 : Operation 56 [1/1] (0.00ns)   --->   "%local_C_0_7 = alloca i32 1"   --->   Operation 56 'alloca' 'local_C_0_7' <Predicate = true> <Delay = 0.00>
ST_1 : Operation 57 [1/1] (0.00ns)   --->   "%local_C_0_7_437 = alloca i32 1"   --->   Operation 57 'alloca' 'local_C_0_7_437' <Predicate = true> <Delay = 0.00>
ST_1 : Operation 58 [1/1] (0.00ns)   --->   "%local_C_0_7_438 = alloca i32 1"   --->   Operation 58 'alloca' 'local_C_0_7_438' <Predicate = true> <Delay = 0.00>
ST_1 : Operation 59 [1/1] (0.00ns)   --->   "%local_C_0_7_439 = alloca i32 1"   --->   Operation 59 'alloca' 'local_C_0_7_439' <Predicate = true> <Delay = 0.00>
ST_1 : Operation 60 [1/1] (0.00ns)   --->   "%local_C_0_7_440 = alloca i32 1"   --->   Operation 60 'alloca' 'local_C_0_7_440' <Predicate = true> <Delay = 0.00>
ST_1 : Operation 61 [1/1] (0.00ns)   --->   "%local_C_0_7_441 = alloca i32 1"   --->   Operation 61 'alloca' 'local_C_0_7_441' <Predicate = true> <Delay = 0.00>
ST_1 : Operation 62 [1/1] (0.00ns)   --->   "%local_C_0_7_442 = alloca i32 1"   --->   Operation 62 'alloca' 'local_C_0_7_442' <Predicate = true> <Delay = 0.00>
ST_1 : Operation 63 [1/1] (0.00ns)   --->   "%local_C_0_7_016 = alloca i32 1"   --->   Operation 63 'alloca' 'local_C_0_7_016' <Predicate = true> <Delay = 0.00>
ST_1 : Operation 64 [1/1] (0.00ns)   --->   "%specmemcore_ln0 = specmemcore void @_ssdm_op_SpecMemCore, i32 %fifo_D_drain_PE_0_0_x1141, i64 666, i64 10, i64 18446744073709551615"   --->   Operation 64 'specmemcore' 'specmemcore_ln0' <Predicate = true> <Delay = 0.00>
ST_1 : Operation 65 [1/1] (0.00ns)   --->   "%specmemcore_ln0 = specmemcore void @_ssdm_op_SpecMemCore, i256 %fifo_C_PE_1_0_x1102, i64 666, i64 10, i64 18446744073709551615"   --->   Operation 65 'specmemcore' 'specmemcore_ln0' <Predicate = true> <Delay = 0.00>
ST_1 : Operation 66 [1/1] (0.00ns)   --->   "%specmemcore_ln0 = specmemcore void @_ssdm_op_SpecMemCore, i256 %fifo_C_PE_0_0_x1101, i64 666, i64 10, i64 18446744073709551615"   --->   Operation 66 'specmemcore' 'specmemcore_ln0' <Predicate = true> <Delay = 0.00>
ST_1 : Operation 67 [1/1] (0.00ns)   --->   "%specmemcore_ln0 = specmemcore void @_ssdm_op_SpecMemCore, i32 %fifo_B_PE_1_0_x162, i64 666, i64 10, i64 18446744073709551615"   --->   Operation 67 'specmemcore' 'specmemcore_ln0' <Predicate = true> <Delay = 0.00>
ST_1 : Operation 68 [1/1] (0.00ns)   --->   "%specmemcore_ln0 = specmemcore void @_ssdm_op_SpecMemCore, i32 %fifo_B_PE_0_0_x161, i64 666, i64 10, i64 18446744073709551615"   --->   Operation 68 'specmemcore' 'specmemcore_ln0' <Predicate = true> <Delay = 0.00>
ST_1 : Operation 69 [1/1] (0.00ns)   --->   "%specmemcore_ln0 = specmemcore void @_ssdm_op_SpecMemCore, i256 %fifo_A_PE_0_1_x126, i64 666, i64 10, i64 18446744073709551615"   --->   Operation 69 'specmemcore' 'specmemcore_ln0' <Predicate = true> <Delay = 0.00>
ST_1 : Operation 70 [1/1] (0.00ns)   --->   "%specmemcore_ln0 = specmemcore void @_ssdm_op_SpecMemCore, i256 %fifo_A_PE_0_0_x125, i64 666, i64 10, i64 18446744073709551615"   --->   Operation 70 'specmemcore' 'specmemcore_ln0' <Predicate = true> <Delay = 0.00>
ST_1 : Operation 71 [1/1] (0.00ns)   --->   "%specinterface_ln0 = specinterface void @_ssdm_op_SpecInterface, i32 %fifo_D_drain_PE_0_0_x1141, void @empty_1310, i32 0, i32 0, void @empty_536, i32 0, i32 0, void @empty_536, void @empty_536, void @empty_536, i32 0, i32 0, i32 0, i32 0, void @empty_536, void @empty_536"   --->   Operation 71 'specinterface' 'specinterface_ln0' <Predicate = true> <Delay = 0.00>
ST_1 : Operation 72 [1/1] (0.00ns)   --->   "%specinterface_ln0 = specinterface void @_ssdm_op_SpecInterface, i256 %fifo_C_PE_1_0_x1102, void @empty_1310, i32 0, i32 0, void @empty_536, i32 0, i32 0, void @empty_536, void @empty_536, void @empty_536, i32 0, i32 0, i32 0, i32 0, void @empty_536, void @empty_536"   --->   Operation 72 'specinterface' 'specinterface_ln0' <Predicate = true> <Delay = 0.00>
ST_1 : Operation 73 [1/1] (0.00ns)   --->   "%specinterface_ln0 = specinterface void @_ssdm_op_SpecInterface, i256 %fifo_C_PE_0_0_x1101, void @empty_1310, i32 0, i32 0, void @empty_536, i32 0, i32 0, void @empty_536, void @empty_536, void @empty_536, i32 0, i32 0, i32 0, i32 0, void @empty_536, void @empty_536"   --->   Operation 73 'specinterface' 'specinterface_ln0' <Predicate = true> <Delay = 0.00>
ST_1 : Operation 74 [1/1] (0.00ns)   --->   "%specinterface_ln0 = specinterface void @_ssdm_op_SpecInterface, i32 %fifo_B_PE_1_0_x162, void @empty_1310, i32 0, i32 0, void @empty_536, i32 0, i32 0, void @empty_536, void @empty_536, void @empty_536, i32 0, i32 0, i32 0, i32 0, void @empty_536, void @empty_536"   --->   Operation 74 'specinterface' 'specinterface_ln0' <Predicate = true> <Delay = 0.00>
ST_1 : Operation 75 [1/1] (0.00ns)   --->   "%specinterface_ln0 = specinterface void @_ssdm_op_SpecInterface, i32 %fifo_B_PE_0_0_x161, void @empty_1310, i32 0, i32 0, void @empty_536, i32 0, i32 0, void @empty_536, void @empty_536, void @empty_536, i32 0, i32 0, i32 0, i32 0, void @empty_536, void @empty_536"   --->   Operation 75 'specinterface' 'specinterface_ln0' <Predicate = true> <Delay = 0.00>
ST_1 : Operation 76 [1/1] (0.00ns)   --->   "%specinterface_ln0 = specinterface void @_ssdm_op_SpecInterface, i256 %fifo_A_PE_0_1_x126, void @empty_1310, i32 0, i32 0, void @empty_536, i32 0, i32 0, void @empty_536, void @empty_536, void @empty_536, i32 0, i32 0, i32 0, i32 0, void @empty_536, void @empty_536"   --->   Operation 76 'specinterface' 'specinterface_ln0' <Predicate = true> <Delay = 0.00>
ST_1 : Operation 77 [1/1] (0.00ns)   --->   "%specinterface_ln0 = specinterface void @_ssdm_op_SpecInterface, i256 %fifo_A_PE_0_0_x125, void @empty_1310, i32 0, i32 0, void @empty_536, i32 0, i32 0, void @empty_536, void @empty_536, void @empty_536, i32 0, i32 0, i32 0, i32 0, void @empty_536, void @empty_536"   --->   Operation 77 'specinterface' 'specinterface_ln0' <Predicate = true> <Delay = 0.00>
ST_1 : Operation 78 [1/1] (0.00ns)   --->   "%local_D = alloca i64 1" [./dut.cpp:19103]   --->   Operation 78 'alloca' 'local_D' <Predicate = true> <Delay = 0.00> <CoreInst = "RAM">   --->   Core 83 'RAM' <Latency = 1> <II = 1> <Delay = 0.60> <Storage> <Opcode : 'load' 'store'> <Ports = 2> <Width = 32> <Depth = 128> <RAM>
ST_1 : Operation 79 [1/1] (0.38ns)   --->   "%br_ln19106 = br void" [./dut.cpp:19106]   --->   Operation 79 'br' 'br_ln19106' <Predicate = true> <Delay = 0.38>

State 2 <SV = 1> <Delay = 0.57>
ST_2 : Operation 80 [1/1] (0.00ns)   --->   "%c0_V = phi i3 0, void, i3 %add_ln691, void"   --->   Operation 80 'phi' 'c0_V' <Predicate = true> <Delay = 0.00>
ST_2 : Operation 81 [1/1] (0.57ns)   --->   "%add_ln691 = add i3 %c0_V, i3 1"   --->   Operation 81 'add' 'add_ln691' <Predicate = true> <Delay = 0.57> <CoreInst = "Adder">   --->   Core 1 'Adder' <Latency = 0> <II = 1> <Delay = 0.70> <FuncUnit> <Opcode : 'add' 'sub'> <InPorts = 2> <OutPorts = 1>
ST_2 : Operation 82 [1/1] (0.49ns)   --->   "%icmp_ln890 = icmp_eq  i3 %c0_V, i3 4"   --->   Operation 82 'icmp' 'icmp_ln890' <Predicate = true> <Delay = 0.49> <CoreInst = "Cmp">   --->   Core 9 'Cmp' <Latency = 0> <II = 1> <Delay = 0.65> <FuncUnit> <Opcode : 'icmp'> <InPorts = 2> <OutPorts = 1>
ST_2 : Operation 83 [1/1] (0.00ns)   --->   "%speclooptripcount_ln0 = speclooptripcount void @_ssdm_op_SpecLoopTripCount, i64 4, i64 4, i64 4"   --->   Operation 83 'speclooptripcount' 'speclooptripcount_ln0' <Predicate = true> <Delay = 0.00>
ST_2 : Operation 84 [1/1] (0.00ns)   --->   "%br_ln19106 = br i1 %icmp_ln890, void %.split51, void" [./dut.cpp:19106]   --->   Operation 84 'br' 'br_ln19106' <Predicate = true> <Delay = 0.00>
ST_2 : Operation 85 [1/1] (0.00ns)   --->   "%specloopname_ln19106 = specloopname void @_ssdm_op_SpecLoopName, void @empty_398" [./dut.cpp:19106]   --->   Operation 85 'specloopname' 'specloopname_ln19106' <Predicate = (!icmp_ln890)> <Delay = 0.00>
ST_2 : Operation 86 [1/1] (0.38ns)   --->   "%br_ln19107 = br void" [./dut.cpp:19107]   --->   Operation 86 'br' 'br_ln19107' <Predicate = (!icmp_ln890)> <Delay = 0.38>
ST_2 : Operation 87 [1/1] (0.00ns)   --->   "%ret_ln19204 = ret" [./dut.cpp:19204]   --->   Operation 87 'ret' 'ret_ln19204' <Predicate = (icmp_ln890)> <Delay = 0.00>

State 3 <SV = 2> <Delay = 0.57>
ST_3 : Operation 88 [1/1] (0.00ns)   --->   "%c1_V = phi i3 0, void %.split51, i3 %add_ln691_687, void %.loopexit"   --->   Operation 88 'phi' 'c1_V' <Predicate = true> <Delay = 0.00>
ST_3 : Operation 89 [1/1] (0.57ns)   --->   "%add_ln691_687 = add i3 %c1_V, i3 1"   --->   Operation 89 'add' 'add_ln691_687' <Predicate = true> <Delay = 0.57> <CoreInst = "Adder">   --->   Core 1 'Adder' <Latency = 0> <II = 1> <Delay = 0.70> <FuncUnit> <Opcode : 'add' 'sub'> <InPorts = 2> <OutPorts = 1>
ST_3 : Operation 90 [1/1] (0.49ns)   --->   "%icmp_ln890_545 = icmp_eq  i3 %c1_V, i3 6"   --->   Operation 90 'icmp' 'icmp_ln890_545' <Predicate = true> <Delay = 0.49> <CoreInst = "Cmp">   --->   Core 9 'Cmp' <Latency = 0> <II = 1> <Delay = 0.65> <FuncUnit> <Opcode : 'icmp'> <InPorts = 2> <OutPorts = 1>
ST_3 : Operation 91 [1/1] (0.00ns)   --->   "%speclooptripcount_ln0 = speclooptripcount void @_ssdm_op_SpecLoopTripCount, i64 6, i64 6, i64 6"   --->   Operation 91 'speclooptripcount' 'speclooptripcount_ln0' <Predicate = true> <Delay = 0.00>
ST_3 : Operation 92 [1/1] (0.00ns)   --->   "%br_ln19107 = br i1 %icmp_ln890_545, void %.split49, void" [./dut.cpp:19107]   --->   Operation 92 'br' 'br_ln19107' <Predicate = true> <Delay = 0.00>
ST_3 : Operation 93 [1/1] (0.00ns)   --->   "%specloopname_ln1461 = specloopname void @_ssdm_op_SpecLoopName, void @empty_975"   --->   Operation 93 'specloopname' 'specloopname_ln1461' <Predicate = (!icmp_ln890_545)> <Delay = 0.00>
ST_3 : Operation 94 [1/1] (0.38ns)   --->   "%br_ln890 = br void %.preheader2"   --->   Operation 94 'br' 'br_ln890' <Predicate = (!icmp_ln890_545)> <Delay = 0.38>
ST_3 : Operation 95 [1/1] (0.00ns)   --->   "%br_ln0 = br void"   --->   Operation 95 'br' 'br_ln0' <Predicate = (icmp_ln890_545)> <Delay = 0.00>

State 4 <SV = 3> <Delay = 0.70>
ST_4 : Operation 96 [1/1] (0.00ns)   --->   "%c6_V = phi i4 %add_ln691_685, void, i4 0, void %.split49"   --->   Operation 96 'phi' 'c6_V' <Predicate = true> <Delay = 0.00>
ST_4 : Operation 97 [1/1] (0.70ns)   --->   "%add_ln691_685 = add i4 %c6_V, i4 1"   --->   Operation 97 'add' 'add_ln691_685' <Predicate = true> <Delay = 0.70> <CoreInst = "Adder">   --->   Core 1 'Adder' <Latency = 0> <II = 1> <Delay = 0.70> <FuncUnit> <Opcode : 'add' 'sub'> <InPorts = 2> <OutPorts = 1>
ST_4 : Operation 98 [1/1] (0.00ns)   --->   "%zext_ln890 = zext i4 %c6_V"   --->   Operation 98 'zext' 'zext_ln890' <Predicate = true> <Delay = 0.00>
ST_4 : Operation 99 [1/1] (0.65ns)   --->   "%icmp_ln890_546 = icmp_eq  i4 %c6_V, i4 8"   --->   Operation 99 'icmp' 'icmp_ln890_546' <Predicate = true> <Delay = 0.65> <CoreInst = "Cmp">   --->   Core 9 'Cmp' <Latency = 0> <II = 1> <Delay = 0.65> <FuncUnit> <Opcode : 'icmp'> <InPorts = 2> <OutPorts = 1>
ST_4 : Operation 100 [1/1] (0.00ns)   --->   "%speclooptripcount_ln0 = speclooptripcount void @_ssdm_op_SpecLoopTripCount, i64 8, i64 8, i64 8"   --->   Operation 100 'speclooptripcount' 'speclooptripcount_ln0' <Predicate = true> <Delay = 0.00>
ST_4 : Operation 101 [1/1] (0.00ns)   --->   "%br_ln19112 = br i1 %icmp_ln890_546, void %.split30, void %.preheader.preheader" [./dut.cpp:19112]   --->   Operation 101 'br' 'br_ln19112' <Predicate = true> <Delay = 0.00>
ST_4 : Operation 102 [1/1] (0.00ns)   --->   "%specloopname_ln19112 = specloopname void @_ssdm_op_SpecLoopName, void @empty_1622" [./dut.cpp:19112]   --->   Operation 102 'specloopname' 'specloopname_ln19112' <Predicate = (!icmp_ln890_546)> <Delay = 0.00>
ST_4 : Operation 103 [1/1] (0.38ns)   --->   "%br_ln19114 = br void" [./dut.cpp:19114]   --->   Operation 103 'br' 'br_ln19114' <Predicate = (!icmp_ln890_546)> <Delay = 0.38>
ST_4 : Operation 104 [1/1] (0.38ns)   --->   "%br_ln19119 = br void %.preheader" [./dut.cpp:19119]   --->   Operation 104 'br' 'br_ln19119' <Predicate = (icmp_ln890_546)> <Delay = 0.38>

State 5 <SV = 4> <Delay = 1.30>
ST_5 : Operation 105 [1/1] (0.00ns)   --->   "%c7_V = phi i5 %add_ln691_686, void %.split, i5 0, void %.split30"   --->   Operation 105 'phi' 'c7_V' <Predicate = true> <Delay = 0.00>
ST_5 : Operation 106 [1/1] (0.70ns)   --->   "%add_ln691_686 = add i5 %c7_V, i5 1"   --->   Operation 106 'add' 'add_ln691_686' <Predicate = true> <Delay = 0.70> <CoreInst = "Adder">   --->   Core 1 'Adder' <Latency = 0> <II = 1> <Delay = 0.70> <FuncUnit> <Opcode : 'add' 'sub'> <InPorts = 2> <OutPorts = 1>
ST_5 : Operation 107 [1/1] (0.00ns)   --->   "%trunc_ln19116 = trunc i5 %c7_V" [./dut.cpp:19116]   --->   Operation 107 'trunc' 'trunc_ln19116' <Predicate = true> <Delay = 0.00>
ST_5 : Operation 108 [1/1] (0.00ns)   --->   "%tmp_331_cast = bitconcatenate i7 @_ssdm_op_BitConcatenate.i7.i4.i3, i4 %trunc_ln19116, i3 0" [./dut.cpp:19116]   --->   Operation 108 'bitconcatenate' 'tmp_331_cast' <Predicate = true> <Delay = 0.00>
ST_5 : Operation 109 [1/1] (0.70ns)   --->   "%add_ln19116 = add i7 %tmp_331_cast, i7 %zext_ln890" [./dut.cpp:19116]   --->   Operation 109 'add' 'add_ln19116' <Predicate = true> <Delay = 0.70> <CoreInst = "Adder">   --->   Core 1 'Adder' <Latency = 0> <II = 1> <Delay = 0.70> <FuncUnit> <Opcode : 'add' 'sub'> <InPorts = 2> <OutPorts = 1>
ST_5 : Operation 110 [1/1] (0.00ns)   --->   "%zext_ln19116 = zext i7 %add_ln19116" [./dut.cpp:19116]   --->   Operation 110 'zext' 'zext_ln19116' <Predicate = true> <Delay = 0.00>
ST_5 : Operation 111 [1/1] (0.00ns)   --->   "%local_D_addr = getelementptr i32 %local_D, i64 0, i64 %zext_ln19116" [./dut.cpp:19116]   --->   Operation 111 'getelementptr' 'local_D_addr' <Predicate = true> <Delay = 0.00>
ST_5 : Operation 112 [1/1] (0.63ns)   --->   "%icmp_ln890_547 = icmp_eq  i5 %c7_V, i5 16"   --->   Operation 112 'icmp' 'icmp_ln890_547' <Predicate = true> <Delay = 0.63> <CoreInst = "Cmp">   --->   Core 9 'Cmp' <Latency = 0> <II = 1> <Delay = 0.65> <FuncUnit> <Opcode : 'icmp'> <InPorts = 2> <OutPorts = 1>
ST_5 : Operation 113 [1/1] (0.00ns)   --->   "%speclooptripcount_ln0 = speclooptripcount void @_ssdm_op_SpecLoopTripCount, i64 16, i64 16, i64 16"   --->   Operation 113 'speclooptripcount' 'speclooptripcount_ln0' <Predicate = true> <Delay = 0.00>
ST_5 : Operation 114 [1/1] (0.00ns)   --->   "%br_ln19114 = br i1 %icmp_ln890_547, void %.split, void" [./dut.cpp:19114]   --->   Operation 114 'br' 'br_ln19114' <Predicate = true> <Delay = 0.00>
ST_5 : Operation 115 [1/1] (0.00ns)   --->   "%specloopname_ln19114 = specloopname void @_ssdm_op_SpecLoopName, void @empty_991" [./dut.cpp:19114]   --->   Operation 115 'specloopname' 'specloopname_ln19114' <Predicate = (!icmp_ln890_547)> <Delay = 0.00>
ST_5 : Operation 116 [1/1] (0.60ns)   --->   "%store_ln19116 = store i32 0, i7 %local_D_addr" [./dut.cpp:19116]   --->   Operation 116 'store' 'store_ln19116' <Predicate = (!icmp_ln890_547)> <Delay = 0.60> <CoreInst = "RAM">   --->   Core 83 'RAM' <Latency = 1> <II = 1> <Delay = 0.60> <Storage> <Opcode : 'load' 'store'> <Ports = 2> <Width = 32> <Depth = 128> <RAM>
ST_5 : Operation 117 [1/1] (0.00ns)   --->   "%br_ln0 = br void"   --->   Operation 117 'br' 'br_ln0' <Predicate = (!icmp_ln890_547)> <Delay = 0.00>
ST_5 : Operation 118 [1/1] (0.00ns)   --->   "%br_ln0 = br void %.preheader2"   --->   Operation 118 'br' 'br_ln0' <Predicate = (icmp_ln890_547)> <Delay = 0.00>

State 6 <SV = 4> <Delay = 0.70>
ST_6 : Operation 119 [1/1] (0.00ns)   --->   "%c2_V = phi i8 %c2_V_63, void, i8 0, void %.preheader.preheader"   --->   Operation 119 'phi' 'c2_V' <Predicate = true> <Delay = 0.00>
ST_6 : Operation 120 [1/1] (0.70ns)   --->   "%c2_V_63 = add i8 %c2_V, i8 1"   --->   Operation 120 'add' 'c2_V_63' <Predicate = true> <Delay = 0.70> <CoreInst = "Adder">   --->   Core 1 'Adder' <Latency = 0> <II = 1> <Delay = 0.70> <FuncUnit> <Opcode : 'add' 'sub'> <InPorts = 2> <OutPorts = 1>
ST_6 : Operation 121 [1/1] (0.58ns)   --->   "%icmp_ln19119 = icmp_eq  i8 %c2_V, i8 128" [./dut.cpp:19119]   --->   Operation 121 'icmp' 'icmp_ln19119' <Predicate = true> <Delay = 0.58> <CoreInst = "Cmp">   --->   Core 9 'Cmp' <Latency = 0> <II = 1> <Delay = 0.65> <FuncUnit> <Opcode : 'icmp'> <InPorts = 2> <OutPorts = 1>
ST_6 : Operation 122 [1/1] (0.00ns)   --->   "%speclooptripcount_ln0 = speclooptripcount void @_ssdm_op_SpecLoopTripCount, i64 128, i64 128, i64 128"   --->   Operation 122 'speclooptripcount' 'speclooptripcount_ln0' <Predicate = true> <Delay = 0.00>
ST_6 : Operation 123 [1/1] (0.00ns)   --->   "%br_ln19119 = br i1 %icmp_ln19119, void %.split46, void %.loopexit" [./dut.cpp:19119]   --->   Operation 123 'br' 'br_ln19119' <Predicate = true> <Delay = 0.00>
ST_6 : Operation 124 [1/1] (0.00ns)   --->   "%specloopname_ln19119 = specloopname void @_ssdm_op_SpecLoopName, void @empty_976" [./dut.cpp:19119]   --->   Operation 124 'specloopname' 'specloopname_ln19119' <Predicate = (!icmp_ln19119)> <Delay = 0.00>
ST_6 : Operation 125 [1/1] (0.58ns)   --->   "%cmp_i_i279_not = icmp_ne  i8 %c2_V, i8 127"   --->   Operation 125 'icmp' 'cmp_i_i279_not' <Predicate = (!icmp_ln19119)> <Delay = 0.58> <CoreInst = "Cmp">   --->   Core 9 'Cmp' <Latency = 0> <II = 1> <Delay = 0.65> <FuncUnit> <Opcode : 'icmp'> <InPorts = 2> <OutPorts = 1>
ST_6 : Operation 126 [1/1] (0.38ns)   --->   "%br_ln19122 = br void" [./dut.cpp:19122]   --->   Operation 126 'br' 'br_ln19122' <Predicate = (!icmp_ln19119)> <Delay = 0.38>
ST_6 : Operation 127 [1/1] (0.00ns)   --->   "%br_ln0 = br void"   --->   Operation 127 'br' 'br_ln0' <Predicate = (icmp_ln19119)> <Delay = 0.00>

State 7 <SV = 5> <Delay = 0.43>
ST_7 : Operation 128 [1/1] (0.00ns)   --->   "%c5_V = phi i2 0, void %.split46, i2 %add_ln691_689, void"   --->   Operation 128 'phi' 'c5_V' <Predicate = true> <Delay = 0.00>
ST_7 : Operation 129 [1/1] (0.43ns)   --->   "%add_ln691_689 = add i2 %c5_V, i2 1"   --->   Operation 129 'add' 'add_ln691_689' <Predicate = true> <Delay = 0.43> <CoreInst = "Adder">   --->   Core 1 'Adder' <Latency = 0> <II = 1> <Delay = 0.70> <FuncUnit> <Opcode : 'add' 'sub'> <InPorts = 2> <OutPorts = 1>
ST_7 : Operation 130 [1/1] (0.34ns)   --->   "%icmp_ln890_548 = icmp_eq  i2 %c5_V, i2 2"   --->   Operation 130 'icmp' 'icmp_ln890_548' <Predicate = true> <Delay = 0.34> <CoreInst = "Cmp">   --->   Core 9 'Cmp' <Latency = 0> <II = 1> <Delay = 0.65> <FuncUnit> <Opcode : 'icmp'> <InPorts = 2> <OutPorts = 1>
ST_7 : Operation 131 [1/1] (0.00ns)   --->   "%speclooptripcount_ln0 = speclooptripcount void @_ssdm_op_SpecLoopTripCount, i64 2, i64 2, i64 2"   --->   Operation 131 'speclooptripcount' 'speclooptripcount_ln0' <Predicate = true> <Delay = 0.00>
ST_7 : Operation 132 [1/1] (0.00ns)   --->   "%br_ln19122 = br i1 %icmp_ln890_548, void %.split44, void" [./dut.cpp:19122]   --->   Operation 132 'br' 'br_ln19122' <Predicate = true> <Delay = 0.00>
ST_7 : Operation 133 [1/1] (0.00ns)   --->   "%specloopname_ln19122 = specloopname void @_ssdm_op_SpecLoopName, void @empty_1531" [./dut.cpp:19122]   --->   Operation 133 'specloopname' 'specloopname_ln19122' <Predicate = (!icmp_ln890_548)> <Delay = 0.00>
ST_7 : Operation 134 [1/1] (0.34ns)   --->   "%cmp_i_i273_not = icmp_ne  i2 %c5_V, i2 1"   --->   Operation 134 'icmp' 'cmp_i_i273_not' <Predicate = (!icmp_ln890_548)> <Delay = 0.34> <CoreInst = "Cmp">   --->   Core 9 'Cmp' <Latency = 0> <II = 1> <Delay = 0.65> <FuncUnit> <Opcode : 'icmp'> <InPorts = 2> <OutPorts = 1>
ST_7 : Operation 135 [1/1] (0.38ns)   --->   "%br_ln19123 = br void" [./dut.cpp:19123]   --->   Operation 135 'br' 'br_ln19123' <Predicate = (!icmp_ln890_548)> <Delay = 0.38>
ST_7 : Operation 136 [1/1] (0.00ns)   --->   "%br_ln0 = br void %.preheader"   --->   Operation 136 'br' 'br_ln0' <Predicate = (icmp_ln890_548)> <Delay = 0.00>

State 8 <SV = 6> <Delay = 0.74>
ST_8 : Operation 137 [1/1] (0.00ns)   --->   "%c6_V_63 = phi i6 0, void %.split44, i6 %add_ln691_690, void"   --->   Operation 137 'phi' 'c6_V_63' <Predicate = true> <Delay = 0.00>
ST_8 : Operation 138 [1/1] (0.70ns)   --->   "%add_ln691_690 = add i6 %c6_V_63, i6 1"   --->   Operation 138 'add' 'add_ln691_690' <Predicate = true> <Delay = 0.70> <CoreInst = "Adder">   --->   Core 1 'Adder' <Latency = 0> <II = 1> <Delay = 0.70> <FuncUnit> <Opcode : 'add' 'sub'> <InPorts = 2> <OutPorts = 1>
ST_8 : Operation 139 [1/1] (0.61ns)   --->   "%icmp_ln890_549 = icmp_eq  i6 %c6_V_63, i6 32"   --->   Operation 139 'icmp' 'icmp_ln890_549' <Predicate = true> <Delay = 0.61> <CoreInst = "Cmp">   --->   Core 9 'Cmp' <Latency = 0> <II = 1> <Delay = 0.65> <FuncUnit> <Opcode : 'icmp'> <InPorts = 2> <OutPorts = 1>
ST_8 : Operation 140 [1/1] (0.00ns)   --->   "%speclooptripcount_ln0 = speclooptripcount void @_ssdm_op_SpecLoopTripCount, i64 32, i64 32, i64 32"   --->   Operation 140 'speclooptripcount' 'speclooptripcount_ln0' <Predicate = true> <Delay = 0.00>
ST_8 : Operation 141 [1/1] (0.00ns)   --->   "%br_ln19123 = br i1 %icmp_ln890_549, void %.split42, void" [./dut.cpp:19123]   --->   Operation 141 'br' 'br_ln19123' <Predicate = true> <Delay = 0.00>
ST_8 : Operation 142 [1/1] (0.00ns)   --->   "%specloopname_ln19123 = specloopname void @_ssdm_op_SpecLoopName, void @empty_1616" [./dut.cpp:19123]   --->   Operation 142 'specloopname' 'specloopname_ln19123' <Predicate = (!icmp_ln890_549)> <Delay = 0.00>
ST_8 : Operation 143 [1/1] (0.61ns)   --->   "%cmp_i_i_not = icmp_ne  i6 %c6_V_63, i6 31"   --->   Operation 143 'icmp' 'cmp_i_i_not' <Predicate = (!icmp_ln890_549)> <Delay = 0.61> <CoreInst = "Cmp">   --->   Core 9 'Cmp' <Latency = 0> <II = 1> <Delay = 0.65> <FuncUnit> <Opcode : 'icmp'> <InPorts = 2> <OutPorts = 1>
ST_8 : Operation 144 [1/1] (0.00ns) (grouped into LUT with out node brmerge906)   --->   "%tmp = or i1 %cmp_i_i273_not, i1 %cmp_i_i_not"   --->   Operation 144 'or' 'tmp' <Predicate = (!icmp_ln890_549)> <Delay = 0.00> <CoreInst = "LogicGate">   --->   Core 74 'LogicGate' <Latency = 0> <II = 1> <Delay = 0.12> <FuncUnit> <Opcode : 'and' 'or' 'xor'> <InPorts = 2> <OutPorts = 1>
ST_8 : Operation 145 [1/1] (0.12ns) (out node of the LUT)   --->   "%brmerge906 = or i1 %tmp, i1 %cmp_i_i279_not"   --->   Operation 145 'or' 'brmerge906' <Predicate = (!icmp_ln890_549)> <Delay = 0.12> <CoreInst = "LogicGate">   --->   Core 74 'LogicGate' <Latency = 0> <II = 1> <Delay = 0.12> <FuncUnit> <Opcode : 'and' 'or' 'xor'> <InPorts = 2> <OutPorts = 1>
ST_8 : Operation 146 [1/1] (0.38ns)   --->   "%br_ln19125 = br void" [./dut.cpp:19125]   --->   Operation 146 'br' 'br_ln19125' <Predicate = (!icmp_ln890_549)> <Delay = 0.38>
ST_8 : Operation 147 [1/1] (0.00ns)   --->   "%br_ln0 = br void"   --->   Operation 147 'br' 'br_ln0' <Predicate = (icmp_ln890_549)> <Delay = 0.00>

State 9 <SV = 7> <Delay = 0.70>
ST_9 : Operation 148 [1/1] (0.00ns)   --->   "%c7_V_63 = phi i4 0, void %.split42, i4 %add_ln691_691, void"   --->   Operation 148 'phi' 'c7_V_63' <Predicate = true> <Delay = 0.00>
ST_9 : Operation 149 [1/1] (0.70ns)   --->   "%add_ln691_691 = add i4 %c7_V_63, i4 1"   --->   Operation 149 'add' 'add_ln691_691' <Predicate = true> <Delay = 0.70> <CoreInst = "Adder">   --->   Core 1 'Adder' <Latency = 0> <II = 1> <Delay = 0.70> <FuncUnit> <Opcode : 'add' 'sub'> <InPorts = 2> <OutPorts = 1>
ST_9 : Operation 150 [1/1] (0.00ns)   --->   "%zext_ln890_63 = zext i4 %c7_V_63"   --->   Operation 150 'zext' 'zext_ln890_63' <Predicate = true> <Delay = 0.00>
ST_9 : Operation 151 [1/1] (0.65ns)   --->   "%icmp_ln890_550 = icmp_eq  i4 %c7_V_63, i4 8"   --->   Operation 151 'icmp' 'icmp_ln890_550' <Predicate = true> <Delay = 0.65> <CoreInst = "Cmp">   --->   Core 9 'Cmp' <Latency = 0> <II = 1> <Delay = 0.65> <FuncUnit> <Opcode : 'icmp'> <InPorts = 2> <OutPorts = 1>
ST_9 : Operation 152 [1/1] (0.00ns)   --->   "%speclooptripcount_ln0 = speclooptripcount void @_ssdm_op_SpecLoopTripCount, i64 8, i64 8, i64 8"   --->   Operation 152 'speclooptripcount' 'speclooptripcount_ln0' <Predicate = true> <Delay = 0.00>
ST_9 : Operation 153 [1/1] (0.00ns)   --->   "%br_ln19125 = br i1 %icmp_ln890_550, void %.split40, void" [./dut.cpp:19125]   --->   Operation 153 'br' 'br_ln19125' <Predicate = true> <Delay = 0.00>
ST_9 : Operation 154 [1/1] (0.00ns)   --->   "%specloopname_ln19125 = specloopname void @_ssdm_op_SpecLoopName, void @empty_1617" [./dut.cpp:19125]   --->   Operation 154 'specloopname' 'specloopname_ln19125' <Predicate = (!icmp_ln890_550)> <Delay = 0.00>
ST_9 : Operation 155 [1/1] (0.38ns)   --->   "%br_ln19127 = br void" [./dut.cpp:19127]   --->   Operation 155 'br' 'br_ln19127' <Predicate = (!icmp_ln890_550)> <Delay = 0.38>
ST_9 : Operation 156 [1/1] (0.00ns)   --->   "%br_ln0 = br void"   --->   Operation 156 'br' 'br_ln0' <Predicate = (icmp_ln890_550)> <Delay = 0.00>

State 10 <SV = 8> <Delay = 1.85>
ST_10 : Operation 157 [1/1] (0.00ns)   --->   "%c8_V = phi i5 0, void %.split40, i5 %add_ln691_695, void %._crit_edge"   --->   Operation 157 'phi' 'c8_V' <Predicate = true> <Delay = 0.00>
ST_10 : Operation 158 [1/1] (0.70ns)   --->   "%add_ln691_695 = add i5 %c8_V, i5 1"   --->   Operation 158 'add' 'add_ln691_695' <Predicate = true> <Delay = 0.70> <CoreInst = "Adder">   --->   Core 1 'Adder' <Latency = 0> <II = 1> <Delay = 0.70> <FuncUnit> <Opcode : 'add' 'sub'> <InPorts = 2> <OutPorts = 1>
ST_10 : Operation 159 [1/1] (0.00ns)   --->   "%empty = trunc i5 %c8_V"   --->   Operation 159 'trunc' 'empty' <Predicate = true> <Delay = 0.00>
ST_10 : Operation 160 [1/1] (0.00ns)   --->   "%tmp_332_cast = bitconcatenate i7 @_ssdm_op_BitConcatenate.i7.i4.i3, i4 %empty, i3 0"   --->   Operation 160 'bitconcatenate' 'tmp_332_cast' <Predicate = true> <Delay = 0.00>
ST_10 : Operation 161 [1/1] (0.70ns)   --->   "%empty_2409 = add i7 %tmp_332_cast, i7 %zext_ln890_63"   --->   Operation 161 'add' 'empty_2409' <Predicate = true> <Delay = 0.70> <CoreInst = "Adder">   --->   Core 1 'Adder' <Latency = 0> <II = 1> <Delay = 0.70> <FuncUnit> <Opcode : 'add' 'sub'> <InPorts = 2> <OutPorts = 1>
ST_10 : Operation 162 [1/1] (0.00ns)   --->   "%p_cast = zext i7 %empty_2409"   --->   Operation 162 'zext' 'p_cast' <Predicate = true> <Delay = 0.00>
ST_10 : Operation 163 [1/1] (0.00ns)   --->   "%local_D_addr_63 = getelementptr i32 %local_D, i64 0, i64 %p_cast"   --->   Operation 163 'getelementptr' 'local_D_addr_63' <Predicate = true> <Delay = 0.00>
ST_10 : Operation 164 [1/1] (0.63ns)   --->   "%icmp_ln890_551 = icmp_eq  i5 %c8_V, i5 16"   --->   Operation 164 'icmp' 'icmp_ln890_551' <Predicate = true> <Delay = 0.63> <CoreInst = "Cmp">   --->   Core 9 'Cmp' <Latency = 0> <II = 1> <Delay = 0.65> <FuncUnit> <Opcode : 'icmp'> <InPorts = 2> <OutPorts = 1>
ST_10 : Operation 165 [1/1] (0.00ns)   --->   "%speclooptripcount_ln0 = speclooptripcount void @_ssdm_op_SpecLoopTripCount, i64 16, i64 16, i64 16"   --->   Operation 165 'speclooptripcount' 'speclooptripcount_ln0' <Predicate = true> <Delay = 0.00>
ST_10 : Operation 166 [1/1] (0.00ns)   --->   "%br_ln19127 = br i1 %icmp_ln890_551, void %.split38, void" [./dut.cpp:19127]   --->   Operation 166 'br' 'br_ln19127' <Predicate = true> <Delay = 0.00>
ST_10 : Operation 167 [1/1] (0.00ns)   --->   "%specloopname_ln19127 = specloopname void @_ssdm_op_SpecLoopName, void @empty_1618" [./dut.cpp:19127]   --->   Operation 167 'specloopname' 'specloopname_ln19127' <Predicate = (!icmp_ln890_551)> <Delay = 0.00>
ST_10 : Operation 168 [1/1] (1.21ns)   --->   "%tmp_337 = read i256 @_ssdm_op_Read.ap_fifo.volatile.i256P0A, i256 %fifo_A_PE_0_0_x125" [/home/rcslfpgaserver/Softwares/Xilinx/Vitis_HLS/2020.2/common/technology/autopilot/hls_stream_39.h:145]   --->   Operation 168 'read' 'tmp_337' <Predicate = (!icmp_ln890_551)> <Delay = 1.21> <CoreInst = "FIFO_SRL">   --->   Core 81 'FIFO_SRL' <Latency = 0> <II = 1> <Delay = 1.42> <Storage> <Opcode : 'read' 'write' 'nbread' 'nbwrite'> <Ports = 0> <Width = 256> <Depth = 2> <FIFO>
ST_10 : Operation 169 [1/1] (0.38ns)   --->   "%br_ln19133 = br void" [./dut.cpp:19133]   --->   Operation 169 'br' 'br_ln19133' <Predicate = (!icmp_ln890_551)> <Delay = 0.38>
ST_10 : Operation 170 [1/1] (0.00ns)   --->   "%br_ln0 = br void"   --->   Operation 170 'br' 'br_ln0' <Predicate = (icmp_ln890_551)> <Delay = 0.00>

State 11 <SV = 9> <Delay = 1.87>
ST_11 : Operation 171 [1/1] (0.00ns)   --->   "%n_V = phi i4 0, void %.split38, i4 %add_ln691_692, void %.split32165"   --->   Operation 171 'phi' 'n_V' <Predicate = true> <Delay = 0.00>
ST_11 : Operation 172 [1/1] (0.00ns)   --->   "%p_Val2_s = phi i256 %tmp_337, void %.split38, i256 %zext_ln1497, void %.split32165"   --->   Operation 172 'phi' 'p_Val2_s' <Predicate = true> <Delay = 0.00>
ST_11 : Operation 173 [1/1] (0.70ns)   --->   "%add_ln691_692 = add i4 %n_V, i4 1"   --->   Operation 173 'add' 'add_ln691_692' <Predicate = true> <Delay = 0.70> <CoreInst = "Adder">   --->   Core 1 'Adder' <Latency = 0> <II = 1> <Delay = 0.70> <FuncUnit> <Opcode : 'add' 'sub'> <InPorts = 2> <OutPorts = 1>
ST_11 : Operation 174 [1/1] (0.65ns)   --->   "%icmp_ln878 = icmp_eq  i4 %n_V, i4 8"   --->   Operation 174 'icmp' 'icmp_ln878' <Predicate = true> <Delay = 0.65> <CoreInst = "Cmp">   --->   Core 9 'Cmp' <Latency = 0> <II = 1> <Delay = 0.65> <FuncUnit> <Opcode : 'icmp'> <InPorts = 2> <OutPorts = 1>
ST_11 : Operation 175 [1/1] (0.00ns)   --->   "%speclooptripcount_ln0 = speclooptripcount void @_ssdm_op_SpecLoopTripCount, i64 8, i64 8, i64 8"   --->   Operation 175 'speclooptripcount' 'speclooptripcount_ln0' <Predicate = true> <Delay = 0.00>
ST_11 : Operation 176 [1/1] (0.00ns)   --->   "%br_ln19133 = br i1 %icmp_ln878, void %.split32, void" [./dut.cpp:19133]   --->   Operation 176 'br' 'br_ln19133' <Predicate = true> <Delay = 0.00>
ST_11 : Operation 177 [1/1] (0.00ns)   --->   "%specloopname_ln708 = specloopname void @_ssdm_op_SpecLoopName, void @empty_1621"   --->   Operation 177 'specloopname' 'specloopname_ln708' <Predicate = (!icmp_ln878)> <Delay = 0.00>
ST_11 : Operation 178 [1/1] (0.00ns)   --->   "%u = trunc i256 %p_Val2_s"   --->   Operation 178 'trunc' 'u' <Predicate = (!icmp_ln878)> <Delay = 0.00>
ST_11 : Operation 179 [1/1] (0.00ns)   --->   "%local_A_0_0_0 = bitcast i32 %u" [./dut.cpp:19139]   --->   Operation 179 'bitcast' 'local_A_0_0_0' <Predicate = (!icmp_ln878)> <Delay = 0.00>
ST_11 : Operation 180 [1/1] (0.00ns)   --->   "%trunc_ln19139 = trunc i4 %n_V" [./dut.cpp:19139]   --->   Operation 180 'trunc' 'trunc_ln19139' <Predicate = (!icmp_ln878)> <Delay = 0.00>
ST_11 : Operation 181 [1/1] (0.63ns)   --->   "%switch_ln19139 = switch i3 %trunc_ln19139, void %branch15, i3 0, void %.split32..split32165_crit_edge, i3 1, void %branch9, i3 2, void %branch10, i3 3, void %branch11, i3 4, void %branch12, i3 5, void %branch13, i3 6, void %branch14" [./dut.cpp:19139]   --->   Operation 181 'switch' 'switch_ln19139' <Predicate = (!icmp_ln878)> <Delay = 0.63>
ST_11 : Operation 182 [1/1] (0.00ns)   --->   "%store_ln19139 = store i32 %local_A_0_0_0, i32 %local_A_0_0_7_441" [./dut.cpp:19139]   --->   Operation 182 'store' 'store_ln19139' <Predicate = (!icmp_ln878 & trunc_ln19139 == 6)> <Delay = 0.00>
ST_11 : Operation 183 [1/1] (0.00ns)   --->   "%store_ln19139 = store i32 %local_A_0_0_0, i32 %u6" [./dut.cpp:19139]   --->   Operation 183 'store' 'store_ln19139' <Predicate = (!icmp_ln878 & trunc_ln19139 == 6)> <Delay = 0.00>
ST_11 : Operation 184 [1/1] (0.00ns)   --->   "%br_ln19139 = br void %.split32165" [./dut.cpp:19139]   --->   Operation 184 'br' 'br_ln19139' <Predicate = (!icmp_ln878 & trunc_ln19139 == 6)> <Delay = 0.00>
ST_11 : Operation 185 [1/1] (0.00ns)   --->   "%store_ln19139 = store i32 %local_A_0_0_0, i32 %local_A_0_0_7_440" [./dut.cpp:19139]   --->   Operation 185 'store' 'store_ln19139' <Predicate = (!icmp_ln878 & trunc_ln19139 == 5)> <Delay = 0.00>
ST_11 : Operation 186 [1/1] (0.00ns)   --->   "%store_ln19139 = store i32 %local_A_0_0_0, i32 %u5" [./dut.cpp:19139]   --->   Operation 186 'store' 'store_ln19139' <Predicate = (!icmp_ln878 & trunc_ln19139 == 5)> <Delay = 0.00>
ST_11 : Operation 187 [1/1] (0.00ns)   --->   "%br_ln19139 = br void %.split32165" [./dut.cpp:19139]   --->   Operation 187 'br' 'br_ln19139' <Predicate = (!icmp_ln878 & trunc_ln19139 == 5)> <Delay = 0.00>
ST_11 : Operation 188 [1/1] (0.00ns)   --->   "%store_ln19139 = store i32 %local_A_0_0_0, i32 %local_A_0_0_7_439" [./dut.cpp:19139]   --->   Operation 188 'store' 'store_ln19139' <Predicate = (!icmp_ln878 & trunc_ln19139 == 4)> <Delay = 0.00>
ST_11 : Operation 189 [1/1] (0.00ns)   --->   "%store_ln19139 = store i32 %local_A_0_0_0, i32 %u4_63" [./dut.cpp:19139]   --->   Operation 189 'store' 'store_ln19139' <Predicate = (!icmp_ln878 & trunc_ln19139 == 4)> <Delay = 0.00>
ST_11 : Operation 190 [1/1] (0.00ns)   --->   "%br_ln19139 = br void %.split32165" [./dut.cpp:19139]   --->   Operation 190 'br' 'br_ln19139' <Predicate = (!icmp_ln878 & trunc_ln19139 == 4)> <Delay = 0.00>
ST_11 : Operation 191 [1/1] (0.00ns)   --->   "%store_ln19139 = store i32 %local_A_0_0_0, i32 %local_A_0_0_7_438" [./dut.cpp:19139]   --->   Operation 191 'store' 'store_ln19139' <Predicate = (!icmp_ln878 & trunc_ln19139 == 3)> <Delay = 0.00>
ST_11 : Operation 192 [1/1] (0.00ns)   --->   "%store_ln19139 = store i32 %local_A_0_0_0, i32 %u3_63" [./dut.cpp:19139]   --->   Operation 192 'store' 'store_ln19139' <Predicate = (!icmp_ln878 & trunc_ln19139 == 3)> <Delay = 0.00>
ST_11 : Operation 193 [1/1] (0.00ns)   --->   "%br_ln19139 = br void %.split32165" [./dut.cpp:19139]   --->   Operation 193 'br' 'br_ln19139' <Predicate = (!icmp_ln878 & trunc_ln19139 == 3)> <Delay = 0.00>
ST_11 : Operation 194 [1/1] (0.00ns)   --->   "%store_ln19139 = store i32 %local_A_0_0_0, i32 %local_A_0_0_7_437" [./dut.cpp:19139]   --->   Operation 194 'store' 'store_ln19139' <Predicate = (!icmp_ln878 & trunc_ln19139 == 2)> <Delay = 0.00>
ST_11 : Operation 195 [1/1] (0.00ns)   --->   "%store_ln19139 = store i32 %local_A_0_0_0, i32 %u2_63" [./dut.cpp:19139]   --->   Operation 195 'store' 'store_ln19139' <Predicate = (!icmp_ln878 & trunc_ln19139 == 2)> <Delay = 0.00>
ST_11 : Operation 196 [1/1] (0.00ns)   --->   "%br_ln19139 = br void %.split32165" [./dut.cpp:19139]   --->   Operation 196 'br' 'br_ln19139' <Predicate = (!icmp_ln878 & trunc_ln19139 == 2)> <Delay = 0.00>
ST_11 : Operation 197 [1/1] (0.00ns)   --->   "%store_ln19139 = store i32 %local_A_0_0_0, i32 %local_A_0_0_7_436" [./dut.cpp:19139]   --->   Operation 197 'store' 'store_ln19139' <Predicate = (!icmp_ln878 & trunc_ln19139 == 1)> <Delay = 0.00>
ST_11 : Operation 198 [1/1] (0.00ns)   --->   "%store_ln19139 = store i32 %local_A_0_0_0, i32 %u1_63" [./dut.cpp:19139]   --->   Operation 198 'store' 'store_ln19139' <Predicate = (!icmp_ln878 & trunc_ln19139 == 1)> <Delay = 0.00>
ST_11 : Operation 199 [1/1] (0.00ns)   --->   "%br_ln19139 = br void %.split32165" [./dut.cpp:19139]   --->   Operation 199 'br' 'br_ln19139' <Predicate = (!icmp_ln878 & trunc_ln19139 == 1)> <Delay = 0.00>
ST_11 : Operation 200 [1/1] (0.00ns)   --->   "%store_ln19139 = store i32 %local_A_0_0_0, i32 %local_A_0_0_7" [./dut.cpp:19139]   --->   Operation 200 'store' 'store_ln19139' <Predicate = (!icmp_ln878 & trunc_ln19139 == 0)> <Delay = 0.00>
ST_11 : Operation 201 [1/1] (0.00ns)   --->   "%store_ln19139 = store i32 %local_A_0_0_0, i32 %u0" [./dut.cpp:19139]   --->   Operation 201 'store' 'store_ln19139' <Predicate = (!icmp_ln878 & trunc_ln19139 == 0)> <Delay = 0.00>
ST_11 : Operation 202 [1/1] (0.00ns)   --->   "%br_ln19139 = br void %.split32165" [./dut.cpp:19139]   --->   Operation 202 'br' 'br_ln19139' <Predicate = (!icmp_ln878 & trunc_ln19139 == 0)> <Delay = 0.00>
ST_11 : Operation 203 [1/1] (0.00ns)   --->   "%store_ln19139 = store i32 %local_A_0_0_0, i32 %local_A_0_0_7_08" [./dut.cpp:19139]   --->   Operation 203 'store' 'store_ln19139' <Predicate = (!icmp_ln878 & trunc_ln19139 == 7)> <Delay = 0.00>
ST_11 : Operation 204 [1/1] (0.00ns)   --->   "%store_ln19139 = store i32 %local_A_0_0_0, i32 %u7" [./dut.cpp:19139]   --->   Operation 204 'store' 'store_ln19139' <Predicate = (!icmp_ln878 & trunc_ln19139 == 7)> <Delay = 0.00>
ST_11 : Operation 205 [1/1] (0.00ns)   --->   "%br_ln19139 = br void %.split32165" [./dut.cpp:19139]   --->   Operation 205 'br' 'br_ln19139' <Predicate = (!icmp_ln878 & trunc_ln19139 == 7)> <Delay = 0.00>
ST_11 : Operation 206 [1/1] (1.21ns)   --->   "%fifo_B_PE_0_0_x161_read = read i32 @_ssdm_op_Read.ap_fifo.volatile.i32P0A, i32 %fifo_B_PE_0_0_x161" [/home/rcslfpgaserver/Softwares/Xilinx/Vitis_HLS/2020.2/common/technology/autopilot/hls_stream_39.h:145]   --->   Operation 206 'read' 'fifo_B_PE_0_0_x161_read' <Predicate = (icmp_ln878)> <Delay = 1.21> <CoreInst = "FIFO_SRL">   --->   Core 81 'FIFO_SRL' <Latency = 0> <II = 1> <Delay = 1.39> <Storage> <Opcode : 'read' 'write' 'nbread' 'nbwrite'> <Ports = 0> <Width = 32> <Depth = 2> <FIFO>
ST_11 : Operation 207 [1/1] (1.21ns)   --->   "%tmp_339 = read i256 @_ssdm_op_Read.ap_fifo.volatile.i256P0A, i256 %fifo_C_PE_0_0_x1101" [/home/rcslfpgaserver/Softwares/Xilinx/Vitis_HLS/2020.2/common/technology/autopilot/hls_stream_39.h:145]   --->   Operation 207 'read' 'tmp_339' <Predicate = (icmp_ln878)> <Delay = 1.21> <CoreInst = "FIFO_SRL">   --->   Core 81 'FIFO_SRL' <Latency = 0> <II = 1> <Delay = 1.42> <Storage> <Opcode : 'read' 'write' 'nbread' 'nbwrite'> <Ports = 0> <Width = 256> <Depth = 2> <FIFO>
ST_11 : Operation 208 [1/1] (0.38ns)   --->   "%br_ln19147 = br void" [./dut.cpp:19147]   --->   Operation 208 'br' 'br_ln19147' <Predicate = (icmp_ln878)> <Delay = 0.38>

State 12 <SV = 10> <Delay = 0.00>
ST_12 : Operation 209 [1/1] (0.00ns)   --->   "%r = partselect i224 @_ssdm_op_PartSelect.i224.i256.i32.i32, i256 %p_Val2_s, i32 32, i32 255"   --->   Operation 209 'partselect' 'r' <Predicate = true> <Delay = 0.00>
ST_12 : Operation 210 [1/1] (0.00ns)   --->   "%zext_ln1497 = zext i224 %r"   --->   Operation 210 'zext' 'zext_ln1497' <Predicate = true> <Delay = 0.00>
ST_12 : Operation 211 [1/1] (0.00ns)   --->   "%br_ln0 = br void"   --->   Operation 211 'br' 'br_ln0' <Predicate = true> <Delay = 0.00>

State 13 <SV = 10> <Delay = 0.70>
ST_13 : Operation 212 [1/1] (0.00ns)   --->   "%n_V_63 = phi i4 0, void, i4 %add_ln691_693, void %.split34139"   --->   Operation 212 'phi' 'n_V_63' <Predicate = true> <Delay = 0.00>
ST_13 : Operation 213 [1/1] (0.00ns)   --->   "%p_Val2_63 = phi i256 %tmp_339, void, i256 %zext_ln1497_63, void %.split34139"   --->   Operation 213 'phi' 'p_Val2_63' <Predicate = true> <Delay = 0.00>
ST_13 : Operation 214 [1/1] (0.70ns)   --->   "%add_ln691_693 = add i4 %n_V_63, i4 1"   --->   Operation 214 'add' 'add_ln691_693' <Predicate = true> <Delay = 0.70> <CoreInst = "Adder">   --->   Core 1 'Adder' <Latency = 0> <II = 1> <Delay = 0.70> <FuncUnit> <Opcode : 'add' 'sub'> <InPorts = 2> <OutPorts = 1>
ST_13 : Operation 215 [1/1] (0.65ns)   --->   "%icmp_ln878_63 = icmp_eq  i4 %n_V_63, i4 8"   --->   Operation 215 'icmp' 'icmp_ln878_63' <Predicate = true> <Delay = 0.65> <CoreInst = "Cmp">   --->   Core 9 'Cmp' <Latency = 0> <II = 1> <Delay = 0.65> <FuncUnit> <Opcode : 'icmp'> <InPorts = 2> <OutPorts = 1>
ST_13 : Operation 216 [1/1] (0.00ns)   --->   "%speclooptripcount_ln0 = speclooptripcount void @_ssdm_op_SpecLoopTripCount, i64 8, i64 8, i64 8"   --->   Operation 216 'speclooptripcount' 'speclooptripcount_ln0' <Predicate = true> <Delay = 0.00>
ST_13 : Operation 217 [1/1] (0.00ns)   --->   "%br_ln19147 = br i1 %icmp_ln878_63, void %.split34, void" [./dut.cpp:19147]   --->   Operation 217 'br' 'br_ln19147' <Predicate = true> <Delay = 0.00>
ST_13 : Operation 218 [1/1] (0.00ns)   --->   "%specloopname_ln708 = specloopname void @_ssdm_op_SpecLoopName, void @empty_1620"   --->   Operation 218 'specloopname' 'specloopname_ln708' <Predicate = (!icmp_ln878_63)> <Delay = 0.00>
ST_13 : Operation 219 [1/1] (0.00ns)   --->   "%u_63 = trunc i256 %p_Val2_63"   --->   Operation 219 'trunc' 'u_63' <Predicate = (!icmp_ln878_63)> <Delay = 0.00>
ST_13 : Operation 220 [1/1] (0.00ns)   --->   "%local_C_0_0 = bitcast i32 %u_63" [./dut.cpp:19153]   --->   Operation 220 'bitcast' 'local_C_0_0' <Predicate = (!icmp_ln878_63)> <Delay = 0.00>
ST_13 : Operation 221 [1/1] (0.00ns)   --->   "%trunc_ln19153 = trunc i4 %n_V_63" [./dut.cpp:19153]   --->   Operation 221 'trunc' 'trunc_ln19153' <Predicate = (!icmp_ln878_63)> <Delay = 0.00>
ST_13 : Operation 222 [1/1] (0.63ns)   --->   "%switch_ln19153 = switch i3 %trunc_ln19153, void %branch7, i3 0, void %.split34..split34139_crit_edge, i3 1, void %branch1, i3 2, void %branch2, i3 3, void %branch3, i3 4, void %branch4, i3 5, void %branch5, i3 6, void %branch6" [./dut.cpp:19153]   --->   Operation 222 'switch' 'switch_ln19153' <Predicate = (!icmp_ln878_63)> <Delay = 0.63>
ST_13 : Operation 223 [1/1] (0.00ns)   --->   "%store_ln19153 = store i32 %local_C_0_0, i32 %local_C_0_7_442" [./dut.cpp:19153]   --->   Operation 223 'store' 'store_ln19153' <Predicate = (!icmp_ln878_63 & trunc_ln19153 == 6)> <Delay = 0.00>
ST_13 : Operation 224 [1/1] (0.00ns)   --->   "%store_ln19153 = store i32 %local_C_0_0, i32 %u6249" [./dut.cpp:19153]   --->   Operation 224 'store' 'store_ln19153' <Predicate = (!icmp_ln878_63 & trunc_ln19153 == 6)> <Delay = 0.00>
ST_13 : Operation 225 [1/1] (0.00ns)   --->   "%br_ln19153 = br void %.split34139" [./dut.cpp:19153]   --->   Operation 225 'br' 'br_ln19153' <Predicate = (!icmp_ln878_63 & trunc_ln19153 == 6)> <Delay = 0.00>
ST_13 : Operation 226 [1/1] (0.00ns)   --->   "%store_ln19153 = store i32 %local_C_0_0, i32 %local_C_0_7_441" [./dut.cpp:19153]   --->   Operation 226 'store' 'store_ln19153' <Predicate = (!icmp_ln878_63 & trunc_ln19153 == 5)> <Delay = 0.00>
ST_13 : Operation 227 [1/1] (0.00ns)   --->   "%store_ln19153 = store i32 %local_C_0_0, i32 %u5258" [./dut.cpp:19153]   --->   Operation 227 'store' 'store_ln19153' <Predicate = (!icmp_ln878_63 & trunc_ln19153 == 5)> <Delay = 0.00>
ST_13 : Operation 228 [1/1] (0.00ns)   --->   "%br_ln19153 = br void %.split34139" [./dut.cpp:19153]   --->   Operation 228 'br' 'br_ln19153' <Predicate = (!icmp_ln878_63 & trunc_ln19153 == 5)> <Delay = 0.00>
ST_13 : Operation 229 [1/1] (0.00ns)   --->   "%store_ln19153 = store i32 %local_C_0_0, i32 %local_C_0_7_440" [./dut.cpp:19153]   --->   Operation 229 'store' 'store_ln19153' <Predicate = (!icmp_ln878_63 & trunc_ln19153 == 4)> <Delay = 0.00>
ST_13 : Operation 230 [1/1] (0.00ns)   --->   "%store_ln19153 = store i32 %local_C_0_0, i32 %u4" [./dut.cpp:19153]   --->   Operation 230 'store' 'store_ln19153' <Predicate = (!icmp_ln878_63 & trunc_ln19153 == 4)> <Delay = 0.00>
ST_13 : Operation 231 [1/1] (0.00ns)   --->   "%br_ln19153 = br void %.split34139" [./dut.cpp:19153]   --->   Operation 231 'br' 'br_ln19153' <Predicate = (!icmp_ln878_63 & trunc_ln19153 == 4)> <Delay = 0.00>
ST_13 : Operation 232 [1/1] (0.00ns)   --->   "%store_ln19153 = store i32 %local_C_0_0, i32 %local_C_0_7_439" [./dut.cpp:19153]   --->   Operation 232 'store' 'store_ln19153' <Predicate = (!icmp_ln878_63 & trunc_ln19153 == 3)> <Delay = 0.00>
ST_13 : Operation 233 [1/1] (0.00ns)   --->   "%store_ln19153 = store i32 %local_C_0_0, i32 %u3" [./dut.cpp:19153]   --->   Operation 233 'store' 'store_ln19153' <Predicate = (!icmp_ln878_63 & trunc_ln19153 == 3)> <Delay = 0.00>
ST_13 : Operation 234 [1/1] (0.00ns)   --->   "%br_ln19153 = br void %.split34139" [./dut.cpp:19153]   --->   Operation 234 'br' 'br_ln19153' <Predicate = (!icmp_ln878_63 & trunc_ln19153 == 3)> <Delay = 0.00>
ST_13 : Operation 235 [1/1] (0.00ns)   --->   "%store_ln19153 = store i32 %local_C_0_0, i32 %local_C_0_7_438" [./dut.cpp:19153]   --->   Operation 235 'store' 'store_ln19153' <Predicate = (!icmp_ln878_63 & trunc_ln19153 == 2)> <Delay = 0.00>
ST_13 : Operation 236 [1/1] (0.00ns)   --->   "%store_ln19153 = store i32 %local_C_0_0, i32 %u2" [./dut.cpp:19153]   --->   Operation 236 'store' 'store_ln19153' <Predicate = (!icmp_ln878_63 & trunc_ln19153 == 2)> <Delay = 0.00>
ST_13 : Operation 237 [1/1] (0.00ns)   --->   "%br_ln19153 = br void %.split34139" [./dut.cpp:19153]   --->   Operation 237 'br' 'br_ln19153' <Predicate = (!icmp_ln878_63 & trunc_ln19153 == 2)> <Delay = 0.00>
ST_13 : Operation 238 [1/1] (0.00ns)   --->   "%store_ln19153 = store i32 %local_C_0_0, i32 %local_C_0_7_437" [./dut.cpp:19153]   --->   Operation 238 'store' 'store_ln19153' <Predicate = (!icmp_ln878_63 & trunc_ln19153 == 1)> <Delay = 0.00>
ST_13 : Operation 239 [1/1] (0.00ns)   --->   "%store_ln19153 = store i32 %local_C_0_0, i32 %u1" [./dut.cpp:19153]   --->   Operation 239 'store' 'store_ln19153' <Predicate = (!icmp_ln878_63 & trunc_ln19153 == 1)> <Delay = 0.00>
ST_13 : Operation 240 [1/1] (0.00ns)   --->   "%br_ln19153 = br void %.split34139" [./dut.cpp:19153]   --->   Operation 240 'br' 'br_ln19153' <Predicate = (!icmp_ln878_63 & trunc_ln19153 == 1)> <Delay = 0.00>
ST_13 : Operation 241 [1/1] (0.00ns)   --->   "%store_ln19153 = store i32 %local_C_0_0, i32 %local_C_0_7" [./dut.cpp:19153]   --->   Operation 241 'store' 'store_ln19153' <Predicate = (!icmp_ln878_63 & trunc_ln19153 == 0)> <Delay = 0.00>
ST_13 : Operation 242 [1/1] (0.00ns)   --->   "%store_ln19153 = store i32 %local_C_0_0, i32 %u0303" [./dut.cpp:19153]   --->   Operation 242 'store' 'store_ln19153' <Predicate = (!icmp_ln878_63 & trunc_ln19153 == 0)> <Delay = 0.00>
ST_13 : Operation 243 [1/1] (0.00ns)   --->   "%br_ln19153 = br void %.split34139" [./dut.cpp:19153]   --->   Operation 243 'br' 'br_ln19153' <Predicate = (!icmp_ln878_63 & trunc_ln19153 == 0)> <Delay = 0.00>
ST_13 : Operation 244 [1/1] (0.00ns)   --->   "%store_ln19153 = store i32 %local_C_0_0, i32 %local_C_0_7_016" [./dut.cpp:19153]   --->   Operation 244 'store' 'store_ln19153' <Predicate = (!icmp_ln878_63 & trunc_ln19153 == 7)> <Delay = 0.00>
ST_13 : Operation 245 [1/1] (0.00ns)   --->   "%store_ln19153 = store i32 %local_C_0_0, i32 %u7240" [./dut.cpp:19153]   --->   Operation 245 'store' 'store_ln19153' <Predicate = (!icmp_ln878_63 & trunc_ln19153 == 7)> <Delay = 0.00>
ST_13 : Operation 246 [1/1] (0.00ns)   --->   "%br_ln19153 = br void %.split34139" [./dut.cpp:19153]   --->   Operation 246 'br' 'br_ln19153' <Predicate = (!icmp_ln878_63 & trunc_ln19153 == 7)> <Delay = 0.00>
ST_13 : Operation 247 [2/2] (0.60ns)   --->   "%local_D_load = load i7 %local_D_addr_63" [./dut.cpp:19159]   --->   Operation 247 'load' 'local_D_load' <Predicate = (icmp_ln878_63)> <Delay = 0.60> <CoreInst = "RAM">   --->   Core 83 'RAM' <Latency = 1> <II = 1> <Delay = 0.60> <Storage> <Opcode : 'load' 'store'> <Ports = 2> <Width = 32> <Depth = 128> <RAM>

State 14 <SV = 11> <Delay = 0.00>
ST_14 : Operation 248 [1/1] (0.00ns)   --->   "%r_63 = partselect i224 @_ssdm_op_PartSelect.i224.i256.i32.i32, i256 %p_Val2_63, i32 32, i32 255"   --->   Operation 248 'partselect' 'r_63' <Predicate = true> <Delay = 0.00>
ST_14 : Operation 249 [1/1] (0.00ns)   --->   "%zext_ln1497_63 = zext i224 %r_63"   --->   Operation 249 'zext' 'zext_ln1497_63' <Predicate = true> <Delay = 0.00>
ST_14 : Operation 250 [1/1] (0.00ns)   --->   "%br_ln0 = br void"   --->   Operation 250 'br' 'br_ln0' <Predicate = true> <Delay = 0.00>

State 15 <SV = 11> <Delay = 0.60>
ST_15 : Operation 251 [1/1] (0.00ns)   --->   "%tmp_338 = bitcast i32 %fifo_B_PE_0_0_x161_read" [/home/rcslfpgaserver/Softwares/Xilinx/Vitis_HLS/2020.2/common/technology/autopilot/hls_stream_39.h:145]   --->   Operation 251 'bitcast' 'tmp_338' <Predicate = true> <Delay = 0.00>
ST_15 : Operation 252 [1/2] (0.60ns)   --->   "%local_D_load = load i7 %local_D_addr_63" [./dut.cpp:19159]   --->   Operation 252 'load' 'local_D_load' <Predicate = true> <Delay = 0.60> <CoreInst = "RAM">   --->   Core 83 'RAM' <Latency = 1> <II = 1> <Delay = 0.60> <Storage> <Opcode : 'load' 'store'> <Ports = 2> <Width = 32> <Depth = 128> <RAM>
ST_15 : Operation 253 [1/1] (0.38ns)   --->   "%br_ln19158 = br void" [./dut.cpp:19158]   --->   Operation 253 'br' 'br_ln19158' <Predicate = true> <Delay = 0.38>

State 16 <SV = 12> <Delay = 1.87>
ST_16 : Operation 254 [1/1] (0.00ns)   --->   "%c9_V = phi i4 %add_ln691_694, void %.split36, i4 0, void"   --->   Operation 254 'phi' 'c9_V' <Predicate = true> <Delay = 0.00>
ST_16 : Operation 255 [1/1] (0.00ns)   --->   "%empty_2410 = phi i32 %add, void %.split36, i32 %local_D_load, void" [./dut.cpp:19159]   --->   Operation 255 'phi' 'empty_2410' <Predicate = true> <Delay = 0.00>
ST_16 : Operation 256 [1/1] (0.70ns)   --->   "%add_ln691_694 = add i4 %c9_V, i4 1"   --->   Operation 256 'add' 'add_ln691_694' <Predicate = true> <Delay = 0.70> <CoreInst = "Adder">   --->   Core 1 'Adder' <Latency = 0> <II = 1> <Delay = 0.70> <FuncUnit> <Opcode : 'add' 'sub'> <InPorts = 2> <OutPorts = 1>
ST_16 : Operation 257 [1/1] (0.65ns)   --->   "%icmp_ln890_552 = icmp_eq  i4 %c9_V, i4 8"   --->   Operation 257 'icmp' 'icmp_ln890_552' <Predicate = true> <Delay = 0.65> <CoreInst = "Cmp">   --->   Core 9 'Cmp' <Latency = 0> <II = 1> <Delay = 0.65> <FuncUnit> <Opcode : 'icmp'> <InPorts = 2> <OutPorts = 1>
ST_16 : Operation 258 [1/1] (0.00ns)   --->   "%speclooptripcount_ln0 = speclooptripcount void @_ssdm_op_SpecLoopTripCount, i64 8, i64 8, i64 8"   --->   Operation 258 'speclooptripcount' 'speclooptripcount_ln0' <Predicate = true> <Delay = 0.00>
ST_16 : Operation 259 [1/1] (0.00ns)   --->   "%br_ln19158 = br i1 %icmp_ln890_552, void %.split36, void" [./dut.cpp:19158]   --->   Operation 259 'br' 'br_ln19158' <Predicate = true> <Delay = 0.00>
ST_16 : Operation 260 [1/1] (0.00ns)   --->   "%local_A_0_0_7_load = load i32 %local_A_0_0_7" [./dut.cpp:19159]   --->   Operation 260 'load' 'local_A_0_0_7_load' <Predicate = (!icmp_ln890_552)> <Delay = 0.00>
ST_16 : Operation 261 [1/1] (0.00ns)   --->   "%local_A_0_0_7_436_load = load i32 %local_A_0_0_7_436" [./dut.cpp:19159]   --->   Operation 261 'load' 'local_A_0_0_7_436_load' <Predicate = (!icmp_ln890_552)> <Delay = 0.00>
ST_16 : Operation 262 [1/1] (0.00ns)   --->   "%local_A_0_0_7_437_load = load i32 %local_A_0_0_7_437" [./dut.cpp:19159]   --->   Operation 262 'load' 'local_A_0_0_7_437_load' <Predicate = (!icmp_ln890_552)> <Delay = 0.00>
ST_16 : Operation 263 [1/1] (0.00ns)   --->   "%local_A_0_0_7_438_load = load i32 %local_A_0_0_7_438" [./dut.cpp:19159]   --->   Operation 263 'load' 'local_A_0_0_7_438_load' <Predicate = (!icmp_ln890_552)> <Delay = 0.00>
ST_16 : Operation 264 [1/1] (0.00ns)   --->   "%local_A_0_0_7_439_load = load i32 %local_A_0_0_7_439" [./dut.cpp:19159]   --->   Operation 264 'load' 'local_A_0_0_7_439_load' <Predicate = (!icmp_ln890_552)> <Delay = 0.00>
ST_16 : Operation 265 [1/1] (0.00ns)   --->   "%local_A_0_0_7_440_load = load i32 %local_A_0_0_7_440" [./dut.cpp:19159]   --->   Operation 265 'load' 'local_A_0_0_7_440_load' <Predicate = (!icmp_ln890_552)> <Delay = 0.00>
ST_16 : Operation 266 [1/1] (0.00ns)   --->   "%local_A_0_0_7_441_load = load i32 %local_A_0_0_7_441" [./dut.cpp:19159]   --->   Operation 266 'load' 'local_A_0_0_7_441_load' <Predicate = (!icmp_ln890_552)> <Delay = 0.00>
ST_16 : Operation 267 [1/1] (0.00ns)   --->   "%local_A_0_0_7_08_load = load i32 %local_A_0_0_7_08" [./dut.cpp:19159]   --->   Operation 267 'load' 'local_A_0_0_7_08_load' <Predicate = (!icmp_ln890_552)> <Delay = 0.00>
ST_16 : Operation 268 [1/1] (0.00ns)   --->   "%trunc_ln19159 = trunc i4 %c9_V" [./dut.cpp:19159]   --->   Operation 268 'trunc' 'trunc_ln19159' <Predicate = (!icmp_ln890_552)> <Delay = 0.00>
ST_16 : Operation 269 [1/1] (0.58ns)   --->   "%tmp_s = mux i32 @_ssdm_op_Mux.ap_auto.8float.i3, i32 %local_A_0_0_7_load, i32 %local_A_0_0_7_436_load, i32 %local_A_0_0_7_437_load, i32 %local_A_0_0_7_438_load, i32 %local_A_0_0_7_439_load, i32 %local_A_0_0_7_440_load, i32 %local_A_0_0_7_441_load, i32 %local_A_0_0_7_08_load, i3 %trunc_ln19159" [./dut.cpp:19159]   --->   Operation 269 'mux' 'tmp_s' <Predicate = (!icmp_ln890_552)> <Delay = 0.58> <CoreInst = "Multiplexer">   --->   Core 76 'Multiplexer' <Latency = 0> <II = 1> <Delay = 0.58> <FuncUnit> <Opcode : 'mux'> <InPorts = 2> <OutPorts = 1>
ST_16 : Operation 270 [1/1] (0.60ns)   --->   "%store_ln19159 = store i32 %empty_2410, i7 %local_D_addr_63" [./dut.cpp:19159]   --->   Operation 270 'store' 'store_ln19159' <Predicate = (icmp_ln890_552)> <Delay = 0.60> <CoreInst = "RAM">   --->   Core 83 'RAM' <Latency = 1> <II = 1> <Delay = 0.60> <Storage> <Opcode : 'load' 'store'> <Ports = 2> <Width = 32> <Depth = 128> <RAM>
ST_16 : Operation 271 [1/1] (0.00ns)   --->   "%br_ln19161 = br i1 %brmerge906, void, void %._crit_edge" [./dut.cpp:19161]   --->   Operation 271 'br' 'br_ln19161' <Predicate = (icmp_ln890_552)> <Delay = 0.00>
ST_16 : Operation 272 [1/1] (0.00ns)   --->   "%bitcast_ln174 = bitcast i32 %empty_2410" [/home/rcslfpgaserver/Softwares/Xilinx/Vitis_HLS/2020.2/common/technology/autopilot/hls_stream_39.h:174]   --->   Operation 272 'bitcast' 'bitcast_ln174' <Predicate = (icmp_ln890_552 & !brmerge906)> <Delay = 0.00>
ST_16 : Operation 273 [1/1] (1.21ns)   --->   "%write_ln174 = write void @_ssdm_op_Write.ap_fifo.volatile.i32P0A, i32 %fifo_D_drain_PE_0_0_x1141, i32 %bitcast_ln174" [/home/rcslfpgaserver/Softwares/Xilinx/Vitis_HLS/2020.2/common/technology/autopilot/hls_stream_39.h:174]   --->   Operation 273 'write' 'write_ln174' <Predicate = (icmp_ln890_552 & !brmerge906)> <Delay = 1.21> <CoreInst = "FIFO_SRL">   --->   Core 81 'FIFO_SRL' <Latency = 0> <II = 1> <Delay = 1.39> <Storage> <Opcode : 'read' 'write' 'nbread' 'nbwrite'> <Ports = 0> <Width = 32> <Depth = 2> <FIFO>
ST_16 : Operation 274 [1/1] (0.00ns)   --->   "%br_ln19162 = br void %._crit_edge" [./dut.cpp:19162]   --->   Operation 274 'br' 'br_ln19162' <Predicate = (icmp_ln890_552 & !brmerge906)> <Delay = 0.00>
ST_16 : Operation 275 [1/1] (0.00ns)   --->   "%u7240_load = load i32 %u7240" [./dut.cpp:19177]   --->   Operation 275 'load' 'u7240_load' <Predicate = (icmp_ln890_552)> <Delay = 0.00>
ST_16 : Operation 276 [1/1] (0.00ns)   --->   "%u6249_load = load i32 %u6249" [./dut.cpp:19177]   --->   Operation 276 'load' 'u6249_load' <Predicate = (icmp_ln890_552)> <Delay = 0.00>
ST_16 : Operation 277 [1/1] (0.00ns)   --->   "%u5258_load = load i32 %u5258" [./dut.cpp:19177]   --->   Operation 277 'load' 'u5258_load' <Predicate = (icmp_ln890_552)> <Delay = 0.00>
ST_16 : Operation 278 [1/1] (0.00ns)   --->   "%u4_load = load i32 %u4" [./dut.cpp:19177]   --->   Operation 278 'load' 'u4_load' <Predicate = (icmp_ln890_552)> <Delay = 0.00>
ST_16 : Operation 279 [1/1] (0.00ns)   --->   "%u3_load = load i32 %u3" [./dut.cpp:19177]   --->   Operation 279 'load' 'u3_load' <Predicate = (icmp_ln890_552)> <Delay = 0.00>
ST_16 : Operation 280 [1/1] (0.00ns)   --->   "%u2_load = load i32 %u2" [./dut.cpp:19177]   --->   Operation 280 'load' 'u2_load' <Predicate = (icmp_ln890_552)> <Delay = 0.00>
ST_16 : Operation 281 [1/1] (0.00ns)   --->   "%u1_load = load i32 %u1" [./dut.cpp:19177]   --->   Operation 281 'load' 'u1_load' <Predicate = (icmp_ln890_552)> <Delay = 0.00>
ST_16 : Operation 282 [1/1] (0.00ns)   --->   "%u0303_load = load i32 %u0303" [./dut.cpp:19177]   --->   Operation 282 'load' 'u0303_load' <Predicate = (icmp_ln890_552)> <Delay = 0.00>
ST_16 : Operation 283 [1/1] (0.00ns)   --->   "%u7_load = load i32 %u7" [./dut.cpp:19195]   --->   Operation 283 'load' 'u7_load' <Predicate = (icmp_ln890_552)> <Delay = 0.00>
ST_16 : Operation 284 [1/1] (0.00ns)   --->   "%u6_load = load i32 %u6" [./dut.cpp:19195]   --->   Operation 284 'load' 'u6_load' <Predicate = (icmp_ln890_552)> <Delay = 0.00>
ST_16 : Operation 285 [1/1] (0.00ns)   --->   "%u5_load = load i32 %u5" [./dut.cpp:19195]   --->   Operation 285 'load' 'u5_load' <Predicate = (icmp_ln890_552)> <Delay = 0.00>
ST_16 : Operation 286 [1/1] (0.00ns)   --->   "%u4_63_load = load i32 %u4_63" [./dut.cpp:19195]   --->   Operation 286 'load' 'u4_63_load' <Predicate = (icmp_ln890_552)> <Delay = 0.00>
ST_16 : Operation 287 [1/1] (0.00ns)   --->   "%u3_63_load = load i32 %u3_63" [./dut.cpp:19195]   --->   Operation 287 'load' 'u3_63_load' <Predicate = (icmp_ln890_552)> <Delay = 0.00>
ST_16 : Operation 288 [1/1] (0.00ns)   --->   "%u2_63_load = load i32 %u2_63" [./dut.cpp:19195]   --->   Operation 288 'load' 'u2_63_load' <Predicate = (icmp_ln890_552)> <Delay = 0.00>
ST_16 : Operation 289 [1/1] (0.00ns)   --->   "%u1_63_load = load i32 %u1_63" [./dut.cpp:19195]   --->   Operation 289 'load' 'u1_63_load' <Predicate = (icmp_ln890_552)> <Delay = 0.00>
ST_16 : Operation 290 [1/1] (0.00ns)   --->   "%u0_load = load i32 %u0" [./dut.cpp:19195]   --->   Operation 290 'load' 'u0_load' <Predicate = (icmp_ln890_552)> <Delay = 0.00>
ST_16 : Operation 291 [1/1] (0.00ns)   --->   "%v1_V = bitcast i32 %u7240_load" [./dut.cpp:19177]   --->   Operation 291 'bitcast' 'v1_V' <Predicate = (icmp_ln890_552)> <Delay = 0.00>
ST_16 : Operation 292 [1/1] (0.00ns)   --->   "%v2_V_1568 = bitcast i32 %u6249_load" [./dut.cpp:19177]   --->   Operation 292 'bitcast' 'v2_V_1568' <Predicate = (icmp_ln890_552)> <Delay = 0.00>
ST_16 : Operation 293 [1/1] (0.00ns)   --->   "%v2_V_1567 = bitcast i32 %u5258_load" [./dut.cpp:19177]   --->   Operation 293 'bitcast' 'v2_V_1567' <Predicate = (icmp_ln890_552)> <Delay = 0.00>
ST_16 : Operation 294 [1/1] (0.00ns)   --->   "%v2_V_1566 = bitcast i32 %u4_load" [./dut.cpp:19177]   --->   Operation 294 'bitcast' 'v2_V_1566' <Predicate = (icmp_ln890_552)> <Delay = 0.00>
ST_16 : Operation 295 [1/1] (0.00ns)   --->   "%v2_V_1565 = bitcast i32 %u3_load" [./dut.cpp:19177]   --->   Operation 295 'bitcast' 'v2_V_1565' <Predicate = (icmp_ln890_552)> <Delay = 0.00>
ST_16 : Operation 296 [1/1] (0.00ns)   --->   "%v2_V_1564 = bitcast i32 %u2_load" [./dut.cpp:19177]   --->   Operation 296 'bitcast' 'v2_V_1564' <Predicate = (icmp_ln890_552)> <Delay = 0.00>
ST_16 : Operation 297 [1/1] (0.00ns)   --->   "%v2_V_1563 = bitcast i32 %u1_load" [./dut.cpp:19177]   --->   Operation 297 'bitcast' 'v2_V_1563' <Predicate = (icmp_ln890_552)> <Delay = 0.00>
ST_16 : Operation 298 [1/1] (0.00ns)   --->   "%v2_V = bitcast i32 %u0303_load" [./dut.cpp:19177]   --->   Operation 298 'bitcast' 'v2_V' <Predicate = (icmp_ln890_552)> <Delay = 0.00>
ST_16 : Operation 299 [1/1] (0.00ns)   --->   "%p_Result_s = bitconcatenate i256 @_ssdm_op_BitConcatenate.i256.i32.i32.i32.i32.i32.i32.i32.i32, i32 %v1_V, i32 %v2_V_1568, i32 %v2_V_1567, i32 %v2_V_1566, i32 %v2_V_1565, i32 %v2_V_1564, i32 %v2_V_1563, i32 %v2_V"   --->   Operation 299 'bitconcatenate' 'p_Result_s' <Predicate = (icmp_ln890_552)> <Delay = 0.00>
ST_16 : Operation 300 [1/1] (1.21ns)   --->   "%write_ln174 = write void @_ssdm_op_Write.ap_fifo.volatile.i256P0A, i256 %fifo_C_PE_1_0_x1102, i256 %p_Result_s" [/home/rcslfpgaserver/Softwares/Xilinx/Vitis_HLS/2020.2/common/technology/autopilot/hls_stream_39.h:174]   --->   Operation 300 'write' 'write_ln174' <Predicate = (icmp_ln890_552)> <Delay = 1.21> <CoreInst = "FIFO_SRL">   --->   Core 81 'FIFO_SRL' <Latency = 0> <II = 1> <Delay = 1.42> <Storage> <Opcode : 'read' 'write' 'nbread' 'nbwrite'> <Ports = 0> <Width = 256> <Depth = 2> <FIFO>
ST_16 : Operation 301 [1/1] (1.21ns)   --->   "%write_ln174 = write void @_ssdm_op_Write.ap_fifo.volatile.i32P0A, i32 %fifo_B_PE_1_0_x162, i32 %fifo_B_PE_0_0_x161_read" [/home/rcslfpgaserver/Softwares/Xilinx/Vitis_HLS/2020.2/common/technology/autopilot/hls_stream_39.h:174]   --->   Operation 301 'write' 'write_ln174' <Predicate = (icmp_ln890_552)> <Delay = 1.21> <CoreInst = "FIFO_SRL">   --->   Core 81 'FIFO_SRL' <Latency = 0> <II = 1> <Delay = 1.39> <Storage> <Opcode : 'read' 'write' 'nbread' 'nbwrite'> <Ports = 0> <Width = 32> <Depth = 2> <FIFO>
ST_16 : Operation 302 [1/1] (0.00ns)   --->   "%v1_V_63 = bitcast i32 %u7_load" [./dut.cpp:19195]   --->   Operation 302 'bitcast' 'v1_V_63' <Predicate = (icmp_ln890_552)> <Delay = 0.00>
ST_16 : Operation 303 [1/1] (0.00ns)   --->   "%v2_V_1575 = bitcast i32 %u6_load" [./dut.cpp:19195]   --->   Operation 303 'bitcast' 'v2_V_1575' <Predicate = (icmp_ln890_552)> <Delay = 0.00>
ST_16 : Operation 304 [1/1] (0.00ns)   --->   "%v2_V_1574 = bitcast i32 %u5_load" [./dut.cpp:19195]   --->   Operation 304 'bitcast' 'v2_V_1574' <Predicate = (icmp_ln890_552)> <Delay = 0.00>
ST_16 : Operation 305 [1/1] (0.00ns)   --->   "%v2_V_1573 = bitcast i32 %u4_63_load" [./dut.cpp:19195]   --->   Operation 305 'bitcast' 'v2_V_1573' <Predicate = (icmp_ln890_552)> <Delay = 0.00>
ST_16 : Operation 306 [1/1] (0.00ns)   --->   "%v2_V_1572 = bitcast i32 %u3_63_load" [./dut.cpp:19195]   --->   Operation 306 'bitcast' 'v2_V_1572' <Predicate = (icmp_ln890_552)> <Delay = 0.00>
ST_16 : Operation 307 [1/1] (0.00ns)   --->   "%v2_V_1571 = bitcast i32 %u2_63_load" [./dut.cpp:19195]   --->   Operation 307 'bitcast' 'v2_V_1571' <Predicate = (icmp_ln890_552)> <Delay = 0.00>
ST_16 : Operation 308 [1/1] (0.00ns)   --->   "%v2_V_1570 = bitcast i32 %u1_63_load" [./dut.cpp:19195]   --->   Operation 308 'bitcast' 'v2_V_1570' <Predicate = (icmp_ln890_552)> <Delay = 0.00>
ST_16 : Operation 309 [1/1] (0.00ns)   --->   "%v2_V_1569 = bitcast i32 %u0_load" [./dut.cpp:19195]   --->   Operation 309 'bitcast' 'v2_V_1569' <Predicate = (icmp_ln890_552)> <Delay = 0.00>
ST_16 : Operation 310 [1/1] (0.00ns)   --->   "%p_Result_63 = bitconcatenate i256 @_ssdm_op_BitConcatenate.i256.i32.i32.i32.i32.i32.i32.i32.i32, i32 %v1_V_63, i32 %v2_V_1575, i32 %v2_V_1574, i32 %v2_V_1573, i32 %v2_V_1572, i32 %v2_V_1571, i32 %v2_V_1570, i32 %v2_V_1569"   --->   Operation 310 'bitconcatenate' 'p_Result_63' <Predicate = (icmp_ln890_552)> <Delay = 0.00>
ST_16 : Operation 311 [1/1] (1.21ns)   --->   "%write_ln174 = write void @_ssdm_op_Write.ap_fifo.volatile.i256P0A, i256 %fifo_A_PE_0_1_x126, i256 %p_Result_63" [/home/rcslfpgaserver/Softwares/Xilinx/Vitis_HLS/2020.2/common/technology/autopilot/hls_stream_39.h:174]   --->   Operation 311 'write' 'write_ln174' <Predicate = (icmp_ln890_552)> <Delay = 1.21> <CoreInst = "FIFO_SRL">   --->   Core 81 'FIFO_SRL' <Latency = 0> <II = 1> <Delay = 1.42> <Storage> <Opcode : 'read' 'write' 'nbread' 'nbwrite'> <Ports = 0> <Width = 256> <Depth = 2> <FIFO>
ST_16 : Operation 312 [1/1] (0.00ns)   --->   "%br_ln0 = br void"   --->   Operation 312 'br' 'br_ln0' <Predicate = (icmp_ln890_552)> <Delay = 0.00>

State 17 <SV = 13> <Delay = 2.32>
ST_17 : Operation 313 [4/4] (2.32ns)   --->   "%mul = fmul i32 %tmp_s, i32 %tmp_338" [./dut.cpp:19159]   --->   Operation 313 'fmul' 'mul' <Predicate = true> <Delay = 2.32> <CoreInst = "FMul_maxdsp">   --->   Core 30 'FMul_maxdsp' <Latency = 3> <II = 1> <Delay = 2.32> <FuncUnit> <Opcode : 'fmul'> <InPorts = 2> <OutPorts = 1>

State 18 <SV = 14> <Delay = 2.32>
ST_18 : Operation 314 [3/4] (2.32ns)   --->   "%mul = fmul i32 %tmp_s, i32 %tmp_338" [./dut.cpp:19159]   --->   Operation 314 'fmul' 'mul' <Predicate = true> <Delay = 2.32> <CoreInst = "FMul_maxdsp">   --->   Core 30 'FMul_maxdsp' <Latency = 3> <II = 1> <Delay = 2.32> <FuncUnit> <Opcode : 'fmul'> <InPorts = 2> <OutPorts = 1>

State 19 <SV = 15> <Delay = 2.32>
ST_19 : Operation 315 [2/4] (2.32ns)   --->   "%mul = fmul i32 %tmp_s, i32 %tmp_338" [./dut.cpp:19159]   --->   Operation 315 'fmul' 'mul' <Predicate = true> <Delay = 2.32> <CoreInst = "FMul_maxdsp">   --->   Core 30 'FMul_maxdsp' <Latency = 3> <II = 1> <Delay = 2.32> <FuncUnit> <Opcode : 'fmul'> <InPorts = 2> <OutPorts = 1>

State 20 <SV = 16> <Delay = 2.32>
ST_20 : Operation 316 [1/1] (0.00ns)   --->   "%local_C_0_7_load = load i32 %local_C_0_7" [./dut.cpp:19159]   --->   Operation 316 'load' 'local_C_0_7_load' <Predicate = true> <Delay = 0.00>
ST_20 : Operation 317 [1/1] (0.00ns)   --->   "%local_C_0_7_437_load = load i32 %local_C_0_7_437" [./dut.cpp:19159]   --->   Operation 317 'load' 'local_C_0_7_437_load' <Predicate = true> <Delay = 0.00>
ST_20 : Operation 318 [1/1] (0.00ns)   --->   "%local_C_0_7_438_load = load i32 %local_C_0_7_438" [./dut.cpp:19159]   --->   Operation 318 'load' 'local_C_0_7_438_load' <Predicate = true> <Delay = 0.00>
ST_20 : Operation 319 [1/1] (0.00ns)   --->   "%local_C_0_7_439_load = load i32 %local_C_0_7_439" [./dut.cpp:19159]   --->   Operation 319 'load' 'local_C_0_7_439_load' <Predicate = true> <Delay = 0.00>
ST_20 : Operation 320 [1/1] (0.00ns)   --->   "%local_C_0_7_440_load = load i32 %local_C_0_7_440" [./dut.cpp:19159]   --->   Operation 320 'load' 'local_C_0_7_440_load' <Predicate = true> <Delay = 0.00>
ST_20 : Operation 321 [1/1] (0.00ns)   --->   "%local_C_0_7_441_load = load i32 %local_C_0_7_441" [./dut.cpp:19159]   --->   Operation 321 'load' 'local_C_0_7_441_load' <Predicate = true> <Delay = 0.00>
ST_20 : Operation 322 [1/1] (0.00ns)   --->   "%local_C_0_7_442_load = load i32 %local_C_0_7_442" [./dut.cpp:19159]   --->   Operation 322 'load' 'local_C_0_7_442_load' <Predicate = true> <Delay = 0.00>
ST_20 : Operation 323 [1/1] (0.00ns)   --->   "%local_C_0_7_016_load = load i32 %local_C_0_7_016" [./dut.cpp:19159]   --->   Operation 323 'load' 'local_C_0_7_016_load' <Predicate = true> <Delay = 0.00>
ST_20 : Operation 324 [1/4] (2.32ns)   --->   "%mul = fmul i32 %tmp_s, i32 %tmp_338" [./dut.cpp:19159]   --->   Operation 324 'fmul' 'mul' <Predicate = true> <Delay = 2.32> <CoreInst = "FMul_maxdsp">   --->   Core 30 'FMul_maxdsp' <Latency = 3> <II = 1> <Delay = 2.32> <FuncUnit> <Opcode : 'fmul'> <InPorts = 2> <OutPorts = 1>
ST_20 : Operation 325 [1/1] (0.58ns)   --->   "%tmp_53 = mux i32 @_ssdm_op_Mux.ap_auto.8float.i3, i32 %local_C_0_7_load, i32 %local_C_0_7_437_load, i32 %local_C_0_7_438_load, i32 %local_C_0_7_439_load, i32 %local_C_0_7_440_load, i32 %local_C_0_7_441_load, i32 %local_C_0_7_442_load, i32 %local_C_0_7_016_load, i3 %trunc_ln19159" [./dut.cpp:19159]   --->   Operation 325 'mux' 'tmp_53' <Predicate = true> <Delay = 0.58> <CoreInst = "Multiplexer">   --->   Core 76 'Multiplexer' <Latency = 0> <II = 1> <Delay = 0.58> <FuncUnit> <Opcode : 'mux'> <InPorts = 2> <OutPorts = 1>

State 21 <SV = 17> <Delay = 2.32>
ST_21 : Operation 326 [4/4] (2.32ns)   --->   "%mul9 = fmul i32 %mul, i32 %tmp_53" [./dut.cpp:19159]   --->   Operation 326 'fmul' 'mul9' <Predicate = true> <Delay = 2.32> <CoreInst = "FMul_maxdsp">   --->   Core 30 'FMul_maxdsp' <Latency = 3> <II = 1> <Delay = 2.32> <FuncUnit> <Opcode : 'fmul'> <InPorts = 2> <OutPorts = 1>

State 22 <SV = 18> <Delay = 2.32>
ST_22 : Operation 327 [3/4] (2.32ns)   --->   "%mul9 = fmul i32 %mul, i32 %tmp_53" [./dut.cpp:19159]   --->   Operation 327 'fmul' 'mul9' <Predicate = true> <Delay = 2.32> <CoreInst = "FMul_maxdsp">   --->   Core 30 'FMul_maxdsp' <Latency = 3> <II = 1> <Delay = 2.32> <FuncUnit> <Opcode : 'fmul'> <InPorts = 2> <OutPorts = 1>

State 23 <SV = 19> <Delay = 2.32>
ST_23 : Operation 328 [2/4] (2.32ns)   --->   "%mul9 = fmul i32 %mul, i32 %tmp_53" [./dut.cpp:19159]   --->   Operation 328 'fmul' 'mul9' <Predicate = true> <Delay = 2.32> <CoreInst = "FMul_maxdsp">   --->   Core 30 'FMul_maxdsp' <Latency = 3> <II = 1> <Delay = 2.32> <FuncUnit> <Opcode : 'fmul'> <InPorts = 2> <OutPorts = 1>

State 24 <SV = 20> <Delay = 2.32>
ST_24 : Operation 329 [1/4] (2.32ns)   --->   "%mul9 = fmul i32 %mul, i32 %tmp_53" [./dut.cpp:19159]   --->   Operation 329 'fmul' 'mul9' <Predicate = true> <Delay = 2.32> <CoreInst = "FMul_maxdsp">   --->   Core 30 'FMul_maxdsp' <Latency = 3> <II = 1> <Delay = 2.32> <FuncUnit> <Opcode : 'fmul'> <InPorts = 2> <OutPorts = 1>

State 25 <SV = 21> <Delay = 2.34>
ST_25 : Operation 330 [7/7] (2.34ns)   --->   "%add = fadd i32 %empty_2410, i32 %mul9" [./dut.cpp:19159]   --->   Operation 330 'fadd' 'add' <Predicate = true> <Delay = 2.34> <CoreInst = "FAddSub_fulldsp">   --->   Core 18 'FAddSub_fulldsp' <Latency = 6> <II = 1> <Delay = 2.34> <FuncUnit> <Opcode : 'fadd' 'fsub'> <InPorts = 2> <OutPorts = 1>

State 26 <SV = 22> <Delay = 2.34>
ST_26 : Operation 331 [6/7] (2.34ns)   --->   "%add = fadd i32 %empty_2410, i32 %mul9" [./dut.cpp:19159]   --->   Operation 331 'fadd' 'add' <Predicate = true> <Delay = 2.34> <CoreInst = "FAddSub_fulldsp">   --->   Core 18 'FAddSub_fulldsp' <Latency = 6> <II = 1> <Delay = 2.34> <FuncUnit> <Opcode : 'fadd' 'fsub'> <InPorts = 2> <OutPorts = 1>

State 27 <SV = 23> <Delay = 2.34>
ST_27 : Operation 332 [5/7] (2.34ns)   --->   "%add = fadd i32 %empty_2410, i32 %mul9" [./dut.cpp:19159]   --->   Operation 332 'fadd' 'add' <Predicate = true> <Delay = 2.34> <CoreInst = "FAddSub_fulldsp">   --->   Core 18 'FAddSub_fulldsp' <Latency = 6> <II = 1> <Delay = 2.34> <FuncUnit> <Opcode : 'fadd' 'fsub'> <InPorts = 2> <OutPorts = 1>

State 28 <SV = 24> <Delay = 2.34>
ST_28 : Operation 333 [4/7] (2.34ns)   --->   "%add = fadd i32 %empty_2410, i32 %mul9" [./dut.cpp:19159]   --->   Operation 333 'fadd' 'add' <Predicate = true> <Delay = 2.34> <CoreInst = "FAddSub_fulldsp">   --->   Core 18 'FAddSub_fulldsp' <Latency = 6> <II = 1> <Delay = 2.34> <FuncUnit> <Opcode : 'fadd' 'fsub'> <InPorts = 2> <OutPorts = 1>

State 29 <SV = 25> <Delay = 2.34>
ST_29 : Operation 334 [3/7] (2.34ns)   --->   "%add = fadd i32 %empty_2410, i32 %mul9" [./dut.cpp:19159]   --->   Operation 334 'fadd' 'add' <Predicate = true> <Delay = 2.34> <CoreInst = "FAddSub_fulldsp">   --->   Core 18 'FAddSub_fulldsp' <Latency = 6> <II = 1> <Delay = 2.34> <FuncUnit> <Opcode : 'fadd' 'fsub'> <InPorts = 2> <OutPorts = 1>

State 30 <SV = 26> <Delay = 2.34>
ST_30 : Operation 335 [2/7] (2.34ns)   --->   "%add = fadd i32 %empty_2410, i32 %mul9" [./dut.cpp:19159]   --->   Operation 335 'fadd' 'add' <Predicate = true> <Delay = 2.34> <CoreInst = "FAddSub_fulldsp">   --->   Core 18 'FAddSub_fulldsp' <Latency = 6> <II = 1> <Delay = 2.34> <FuncUnit> <Opcode : 'fadd' 'fsub'> <InPorts = 2> <OutPorts = 1>

State 31 <SV = 27> <Delay = 2.34>
ST_31 : Operation 336 [1/1] (0.00ns)   --->   "%specloopname_ln19158 = specloopname void @_ssdm_op_SpecLoopName, void @empty_1619" [./dut.cpp:19158]   --->   Operation 336 'specloopname' 'specloopname_ln19158' <Predicate = true> <Delay = 0.00>
ST_31 : Operation 337 [1/7] (2.34ns)   --->   "%add = fadd i32 %empty_2410, i32 %mul9" [./dut.cpp:19159]   --->   Operation 337 'fadd' 'add' <Predicate = true> <Delay = 2.34> <CoreInst = "FAddSub_fulldsp">   --->   Core 18 'FAddSub_fulldsp' <Latency = 6> <II = 1> <Delay = 2.34> <FuncUnit> <Opcode : 'fadd' 'fsub'> <InPorts = 2> <OutPorts = 1>
ST_31 : Operation 338 [1/1] (0.00ns)   --->   "%br_ln0 = br void"   --->   Operation 338 'br' 'br_ln0' <Predicate = true> <Delay = 0.00>


============================================================
+ Verbose Summary: Timing violations
============================================================
Target clock period: 3.33ns, clock uncertainty: 0.9ns.

 <State 1>: 0.387ns
The critical path consists of the following:
	multiplexor before 'phi' operation ('c0.V') with incoming values : ('add_ln691') [57]  (0.387 ns)

 <State 2>: 0.572ns
The critical path consists of the following:
	'phi' operation ('c0.V') with incoming values : ('add_ln691') [57]  (0 ns)
	'add' operation ('add_ln691') [58]  (0.572 ns)

 <State 3>: 0.572ns
The critical path consists of the following:
	'phi' operation ('c1.V') with incoming values : ('add_ln691_687') [66]  (0 ns)
	'add' operation ('add_ln691_687') [67]  (0.572 ns)

 <State 4>: 0.708ns
The critical path consists of the following:
	'phi' operation ('c6.V') with incoming values : ('add_ln691_685') [75]  (0 ns)
	'add' operation ('add_ln691_685') [76]  (0.708 ns)

 <State 5>: 1.31ns
The critical path consists of the following:
	'phi' operation ('c7.V') with incoming values : ('add_ln691_686') [85]  (0 ns)
	'add' operation ('add_ln19116', ./dut.cpp:19116) [89]  (0.706 ns)
	'getelementptr' operation ('local_D_addr', ./dut.cpp:19116) [91]  (0 ns)
	'store' operation ('store_ln19116', ./dut.cpp:19116) of constant 0 on array 'local_D', ./dut.cpp:19103 [97]  (0.6 ns)

 <State 6>: 0.705ns
The critical path consists of the following:
	'phi' operation ('c2.V') with incoming values : ('c2.V') [104]  (0 ns)
	'add' operation ('c2.V') [105]  (0.705 ns)

 <State 7>: 0.436ns
The critical path consists of the following:
	'phi' operation ('c5.V') with incoming values : ('add_ln691_689') [114]  (0 ns)
	'add' operation ('add_ln691_689') [115]  (0.436 ns)

 <State 8>: 0.741ns
The critical path consists of the following:
	'phi' operation ('c6.V') with incoming values : ('add_ln691_690') [124]  (0 ns)
	'icmp' operation ('cmp_i_i_not') [131]  (0.619 ns)
	'or' operation ('tmp') [132]  (0 ns)
	'or' operation ('brmerge906') [133]  (0.122 ns)

 <State 9>: 0.708ns
The critical path consists of the following:
	'phi' operation ('c7.V') with incoming values : ('add_ln691_691') [136]  (0 ns)
	'add' operation ('add_ln691_691') [137]  (0.708 ns)

 <State 10>: 1.85ns
The critical path consists of the following:
	fifo read on port 'fifo_A_PE_0_0_x125' (/home/rcslfpgaserver/Softwares/Xilinx/Vitis_HLS/2020.2/common/technology/autopilot/hls_stream_39.h:145) [158]  (1.22 ns)
	blocking operation 0.637 ns on control path)

 <State 11>: 1.87ns
The critical path consists of the following:
	fifo read on port 'fifo_B_PE_0_0_x161' (/home/rcslfpgaserver/Softwares/Xilinx/Vitis_HLS/2020.2/common/technology/autopilot/hls_stream_39.h:145) [210]  (1.22 ns)
	blocking operation 0.656 ns on control path)

 <State 12>: 0ns
The critical path consists of the following:

 <State 13>: 0.708ns
The critical path consists of the following:
	'phi' operation ('n.V') with incoming values : ('add_ln691_693') [214]  (0 ns)
	'add' operation ('add_ln691_693') [216]  (0.708 ns)

 <State 14>: 0ns
The critical path consists of the following:

 <State 15>: 0.6ns
The critical path consists of the following:
	'load' operation ('local_D_load', ./dut.cpp:19159) on array 'local_D', ./dut.cpp:19103 [264]  (0.6 ns)

 <State 16>: 1.87ns
The critical path consists of the following:
	'phi' operation ('empty_2410', ./dut.cpp:19159) with incoming values : ('local_D_load', ./dut.cpp:19159) ('add', ./dut.cpp:19159) [268]  (0 ns)
	fifo write on port 'fifo_D_drain_PE_0_0_x1141' (/home/rcslfpgaserver/Softwares/Xilinx/Vitis_HLS/2020.2/common/technology/autopilot/hls_stream_39.h:174) [303]  (1.22 ns)
	blocking operation 0.656 ns on control path)

 <State 17>: 2.32ns
The critical path consists of the following:
	'fmul' operation ('mul', ./dut.cpp:19159) [293]  (2.32 ns)

 <State 18>: 2.32ns
The critical path consists of the following:
	'fmul' operation ('mul', ./dut.cpp:19159) [293]  (2.32 ns)

 <State 19>: 2.32ns
The critical path consists of the following:
	'fmul' operation ('mul', ./dut.cpp:19159) [293]  (2.32 ns)

 <State 20>: 2.32ns
The critical path consists of the following:
	'fmul' operation ('mul', ./dut.cpp:19159) [293]  (2.32 ns)

 <State 21>: 2.32ns
The critical path consists of the following:
	'fmul' operation ('mul9', ./dut.cpp:19159) [295]  (2.32 ns)

 <State 22>: 2.32ns
The critical path consists of the following:
	'fmul' operation ('mul9', ./dut.cpp:19159) [295]  (2.32 ns)

 <State 23>: 2.32ns
The critical path consists of the following:
	'fmul' operation ('mul9', ./dut.cpp:19159) [295]  (2.32 ns)

 <State 24>: 2.32ns
The critical path consists of the following:
	'fmul' operation ('mul9', ./dut.cpp:19159) [295]  (2.32 ns)

 <State 25>: 2.34ns
The critical path consists of the following:
	'fadd' operation ('add', ./dut.cpp:19159) [296]  (2.34 ns)

 <State 26>: 2.34ns
The critical path consists of the following:
	'fadd' operation ('add', ./dut.cpp:19159) [296]  (2.34 ns)

 <State 27>: 2.34ns
The critical path consists of the following:
	'fadd' operation ('add', ./dut.cpp:19159) [296]  (2.34 ns)

 <State 28>: 2.34ns
The critical path consists of the following:
	'fadd' operation ('add', ./dut.cpp:19159) [296]  (2.34 ns)

 <State 29>: 2.34ns
The critical path consists of the following:
	'fadd' operation ('add', ./dut.cpp:19159) [296]  (2.34 ns)

 <State 30>: 2.34ns
The critical path consists of the following:
	'fadd' operation ('add', ./dut.cpp:19159) [296]  (2.34 ns)

 <State 31>: 2.34ns
The critical path consists of the following:
	'fadd' operation ('add', ./dut.cpp:19159) [296]  (2.34 ns)


============================================================
+ Verbose Summary: Binding
============================================================
N/A
* FSMD analyzer results:
  - Output states:
 - Input state : 
  - Chain level:
	State 1
	State 2
	State 3
	State 4
	State 5
	State 6
	State 7
	State 8
	State 9
	State 10
	State 11
	State 12
	State 13
	State 14
	State 15
	State 16
	State 17
	State 18
	State 19
	State 20
	State 21
	State 22
	State 23
	State 24
	State 25
	State 26
	State 27
	State 28
	State 29
	State 30
	State 31


============================================================
+ Verbose Summary: Datapath Resource usage 
============================================================
N/A
