

================================================================
== Vitis HLS Report for 'A_IO_L2_in_2_x0'
================================================================
* Date:           Fri Sep 16 23:47:58 2022

* Version:        2020.2 (Build 3064766 on Wed Nov 18 09:12:47 MST 2020)
* Project:        top
* Solution:       solution (Vitis Kernel Flow Target)
* Product family: virtexuplus
* Target device:  xcu250-figd2104-2L-e


================================================================
== Performance Estimates
================================================================
+ Timing: 
    * Summary: 
    +--------+---------+----------+------------+
    |  Clock |  Target | Estimated| Uncertainty|
    +--------+---------+----------+------------+
    |ap_clk  |  3.33 ns|  2.433 ns|     0.90 ns|
    +--------+---------+----------+------------+

+ Latency: 
    * Summary: 
    +---------+-----------+-----------+-----------+---------+-----------+---------+
    |   Latency (cycles)  |   Latency (absolute)  |       Interval      | Pipeline|
    |   min   |    max    |    min    |    max    |   min   |    max    |   Type  |
    +---------+-----------+-----------+-----------+---------+-----------+---------+
    |  6392834|  107059202|  21.307 ms|  0.357 sec|  6392834|  107059202|     none|
    +---------+-----------+-----------+-----------+---------+-----------+---------+

    + Detail: 
        * Instance: 
        N/A

        * Loop: 
        +------------------------------------------------------------------------------+---------+-----------+--------------+-----------+-----------+------+----------+
        |                                                                              |   Latency (cycles)  |   Iteration  |  Initiation Interval  | Trip |          |
        |                                   Loop Name                                  |   min   |    max    |    Latency   |  achieved |   target  | Count| Pipelined|
        +------------------------------------------------------------------------------+---------+-----------+--------------+-----------+-----------+------+----------+
        |- A_IO_L2_in_2_x0_loop_1_A_IO_L2_in_2_x0_loop_2_A_IO_L2_in_2_x0_loop_3        |  6319104|  106985472|  2057 ~ 34826|          -|          -|  3072|        no|
        | + A_IO_L2_in_2_x0_loop_4                                                     |     2054|       2054|          1027|          -|          -|     2|        no|
        |  ++ A_IO_L2_in_2_x0_loop_5_A_IO_L2_in_2_x0_loop_6_A_IO_L2_in_2_x0_loop_7     |     1024|       1024|             2|          2|          2|   512|       yes|
        |  ++ A_IO_L2_in_2_x0_loop_8_A_IO_L2_in_2_x0_loop_9_A_IO_L2_in_2_x0_loop_10    |     1024|       1024|             2|          2|          2|   512|       yes|
        | + A_IO_L2_in_2_x0_loop_11_A_IO_L2_in_2_x0_loop_13_A_IO_L2_in_2_x0_loop_14    |    32768|      32768|             5|          4|          4|  8192|       yes|
        | + A_IO_L2_in_2_x0_loop_16                                                    |     2054|       2054|          1027|          -|          -|     2|        no|
        |  ++ A_IO_L2_in_2_x0_loop_17_A_IO_L2_in_2_x0_loop_18_A_IO_L2_in_2_x0_loop_19  |     1024|       1024|             2|          2|          2|   512|       yes|
        |  ++ A_IO_L2_in_2_x0_loop_20_A_IO_L2_in_2_x0_loop_21_A_IO_L2_in_2_x0_loop_22  |     1024|       1024|             2|          2|          2|   512|       yes|
        | + A_IO_L2_in_2_x0_loop_23_A_IO_L2_in_2_x0_loop_25_A_IO_L2_in_2_x0_loop_26    |    32768|      32768|             5|          4|          4|  8192|       yes|
        |- A_IO_L2_in_2_x0_loop_28_A_IO_L2_in_2_x0_loop_30_A_IO_L2_in_2_x0_loop_31     |    73728|      73728|             9|          -|          -|  8192|        no|
        | + A_IO_L2_in_2_x0_loop_32                                                    |        4|          4|             3|          2|          2|     2|       yes|
        +------------------------------------------------------------------------------+---------+-----------+--------------+-----------+-----------+------+----------+



================================================================
== Utilization Estimates
================================================================
* Summary: 
+---------------------+---------+-------+---------+---------+------+
|         Name        | BRAM_18K|  DSP  |    FF   |   LUT   | URAM |
+---------------------+---------+-------+---------+---------+------+
|DSP                  |        -|      -|        -|        -|     -|
|Expression           |        -|      -|        0|     1251|     -|
|FIFO                 |        -|      -|        -|        -|     -|
|Instance             |        -|      -|        -|        -|     -|
|Memory               |       16|      -|      768|      771|     -|
|Multiplexer          |        -|      -|        -|      752|     -|
|Register             |        -|      -|     1594|        -|     -|
+---------------------+---------+-------+---------+---------+------+
|Total                |       16|      0|     2362|     2774|     0|
+---------------------+---------+-------+---------+---------+------+
|Available SLR        |     1344|   3072|   864000|   432000|   320|
+---------------------+---------+-------+---------+---------+------+
|Utilization SLR (%)  |        1|      0|       ~0|       ~0|     0|
+---------------------+---------+-------+---------+---------+------+
|Available            |     5376|  12288|  3456000|  1728000|  1280|
+---------------------+---------+-------+---------+---------+------+
|Utilization (%)      |       ~0|      0|       ~0|       ~0|     0|
+---------------------+---------+-------+---------+---------+------+

+ Detail: 
    * Instance: 
    N/A

    * DSP: 
    N/A

    * Memory: 
    +-------------------+---------------------------------+---------+-----+-----+-----+------+-----+------+-------------+
    |       Memory      |              Module             | BRAM_18K|  FF | LUT | URAM| Words| Bits| Banks| W*Bits*Banks|
    +-------------------+---------------------------------+---------+-----+-----+-----+------+-----+------+-------------+
    |data_split_V_U     |A_IO_L2_in_0_x0_data_split_V     |        0|  256|  257|    0|     2|  256|     1|          512|
    |data_split_V_56_U  |A_IO_L2_in_0_x0_data_split_V_64  |        0|  256|  257|    0|     2|  256|     1|          512|
    |data_split_V_55_U  |A_IO_L2_in_0_x0_data_split_V_64  |        0|  256|  257|    0|     2|  256|     1|          512|
    |local_A_ping_V_U   |A_IO_L2_in_0_x0_local_A_ping_V   |        8|    0|    0|    0|   512|  512|     1|       262144|
    |local_A_pong_V_U   |A_IO_L2_in_0_x0_local_A_ping_V   |        8|    0|    0|    0|   512|  512|     1|       262144|
    +-------------------+---------------------------------+---------+-----+-----+-----+------+-----+------+-------------+
    |Total              |                                 |       16|  768|  771|    0|  1030| 1792|     5|       525824|
    +-------------------+---------------------------------+---------+-----+-----+-----+------+-----+------+-------------+

    * FIFO: 
    N/A

    * Expression: 
    +-----------------------------------+----------+----+---+----+------------+------------+
    |           Variable Name           | Operation| DSP| FF| LUT| Bitwidth P0| Bitwidth P1|
    +-----------------------------------+----------+----+---+----+------------+------------+
    |add_ln635_1_fu_1040_p2             |         +|   0|  0|  16|           9|           9|
    |add_ln635_fu_1010_p2               |         +|   0|  0|  12|           5|           5|
    |add_ln672_fu_1284_p2               |         +|   0|  0|  12|           5|           5|
    |add_ln691_2032_fu_1910_p2          |         +|   0|  0|  13|           6|           1|
    |add_ln691_2033_fu_2063_p2          |         +|   0|  0|  12|           5|           1|
    |add_ln691_2034_fu_2022_p2          |         +|   0|  0|   9|           2|           1|
    |add_ln691_2035_fu_1561_p2          |         +|   0|  0|   9|           2|           1|
    |add_ln691_2036_fu_1639_p2          |         +|   0|  0|  13|           6|           1|
    |add_ln691_2037_fu_1801_p2          |         +|   0|  0|  12|           5|           1|
    |add_ln691_2038_fu_1405_p2          |         +|   0|  0|  12|           5|           1|
    |add_ln691_2039_fu_1457_p2          |         +|   0|  0|   9|           2|           1|
    |add_ln691_2040_fu_1530_p2          |         +|   0|  0|  12|           5|           1|
    |add_ln691_2041_fu_1082_p2          |         +|   0|  0|   9|           2|           1|
    |add_ln691_2042_fu_1160_p2          |         +|   0|  0|  13|           6|           1|
    |add_ln691_2043_fu_1322_p2          |         +|   0|  0|  12|           5|           1|
    |add_ln691_2044_fu_926_p2           |         +|   0|  0|  12|           5|           1|
    |add_ln691_2045_fu_978_p2           |         +|   0|  0|   9|           2|           1|
    |add_ln691_2046_fu_1051_p2          |         +|   0|  0|  12|           5|           1|
    |add_ln691_2047_fu_1332_p2          |         +|   0|  0|  15|           8|           1|
    |add_ln691_2048_fu_1387_p2          |         +|   0|  0|  10|           3|           1|
    |add_ln691_2049_fu_908_p2           |         +|   0|  0|  10|           3|           1|
    |add_ln691_fu_1832_p2               |         +|   0|  0|   9|           2|           1|
    |add_ln701_1_fu_1519_p2             |         +|   0|  0|  16|           9|           9|
    |add_ln701_fu_1489_p2               |         +|   0|  0|  12|           5|           5|
    |add_ln738_fu_1763_p2               |         +|   0|  0|  12|           5|           5|
    |add_ln775_fu_2000_p2               |         +|   0|  0|  12|           5|           5|
    |add_ln890_233_fu_2086_p2           |         +|   0|  0|  21|          14|           1|
    |add_ln890_234_fu_1806_p2           |         +|   0|  0|  21|          14|           1|
    |add_ln890_235_fu_1721_p2           |         +|   0|  0|  16|           9|           1|
    |add_ln890_236_fu_1741_p2           |         +|   0|  0|  21|          14|           1|
    |add_ln890_237_fu_1535_p2           |         +|   0|  0|  21|          14|           1|
    |add_ln890_238_fu_1495_p2           |         +|   0|  0|  14|           7|           1|
    |add_ln890_239_fu_1393_p2           |         +|   0|  0|  17|          10|           1|
    |add_ln890_240_fu_1375_p2           |         +|   0|  0|  17|          10|           1|
    |add_ln890_241_fu_1242_p2           |         +|   0|  0|  16|           9|           1|
    |add_ln890_242_fu_1262_p2           |         +|   0|  0|  21|          14|           1|
    |add_ln890_243_fu_1056_p2           |         +|   0|  0|  21|          14|           1|
    |add_ln890_244_fu_1016_p2           |         +|   0|  0|  14|           7|           1|
    |add_ln890_245_fu_914_p2            |         +|   0|  0|  17|          10|           1|
    |add_ln890_246_fu_896_p2            |         +|   0|  0|  17|          10|           1|
    |add_ln890_247_fu_1350_p2           |         +|   0|  0|  18|          11|           1|
    |add_ln890_248_fu_812_p2            |         +|   0|  0|  19|          12|           1|
    |add_ln890_fu_2068_p2               |         +|   0|  0|  16|           9|           1|
    |and_ln613_1_fu_854_p2              |       and|   0|  0|   2|           1|           1|
    |and_ln613_fu_842_p2                |       and|   0|  0|   2|           1|           1|
    |and_ln614_fu_878_p2                |       and|   0|  0|   2|           1|           1|
    |and_ln662_fu_1208_p2               |       and|   0|  0|   2|           1|           1|
    |and_ln728_fu_1687_p2               |       and|   0|  0|   2|           1|           1|
    |and_ln765_fu_1958_p2               |       and|   0|  0|   2|           1|           1|
    |and_ln890_10_fu_1124_p2            |       and|   0|  0|   2|           1|           1|
    |and_ln890_1_fu_1904_p2             |       and|   0|  0|   2|           1|           1|
    |and_ln890_2_fu_1621_p2             |       and|   0|  0|   2|           1|           1|
    |and_ln890_3_fu_1633_p2             |       and|   0|  0|   2|           1|           1|
    |and_ln890_4_fu_1451_p2             |       and|   0|  0|   2|           1|           1|
    |and_ln890_5_fu_1142_p2             |       and|   0|  0|   2|           1|           1|
    |and_ln890_6_fu_1154_p2             |       and|   0|  0|   2|           1|           1|
    |and_ln890_7_fu_972_p2              |       and|   0|  0|   2|           1|           1|
    |and_ln890_8_fu_1874_p2             |       and|   0|  0|   2|           1|           1|
    |and_ln890_9_fu_1603_p2             |       and|   0|  0|   2|           1|           1|
    |and_ln890_fu_1892_p2               |       and|   0|  0|   2|           1|           1|
    |ap_block_pp2_stage0_01001          |       and|   0|  0|   2|           1|           1|
    |ap_block_pp5_stage0_01001          |       and|   0|  0|   2|           1|           1|
    |ap_block_pp6_stage0_01001          |       and|   0|  0|   2|           1|           1|
    |ap_block_state13_pp2_stage0_iter1  |       and|   0|  0|   2|           1|           1|
    |ap_block_state25_pp5_stage0_iter1  |       and|   0|  0|   2|           1|           1|
    |ap_block_state31_pp6_stage0_iter1  |       and|   0|  0|   2|           1|           1|
    |icmp_ln615_fu_848_p2               |      icmp|   0|  0|  11|           8|           9|
    |icmp_ln870_2_fu_890_p2             |      icmp|   0|  0|   8|           3|           2|
    |icmp_ln870_fu_1369_p2              |      icmp|   0|  0|   8|           3|           2|
    |icmp_ln878_59_fu_2054_p2           |      icmp|   0|  0|   8|           2|           3|
    |icmp_ln878_fu_2028_p2              |      icmp|   0|  0|   8|           2|           3|
    |icmp_ln890380_fu_824_p2            |      icmp|   0|  0|  11|          11|          10|
    |icmp_ln890_1927_fu_1826_p2         |      icmp|   0|  0|  12|          14|          15|
    |icmp_ln890_1928_fu_1838_p2         |      icmp|   0|  0|  12|          14|          13|
    |icmp_ln890_1929_fu_1886_p2         |      icmp|   0|  0|  10|           5|           6|
    |icmp_ln890_1930_fu_1898_p2         |      icmp|   0|  0|  11|           9|           8|
    |icmp_ln890_1931_fu_1363_p2         |      icmp|   0|  0|   9|           3|           4|
    |icmp_ln890_1932_fu_884_p2          |      icmp|   0|  0|   9|           3|           4|
    |icmp_ln890_1933_fu_1555_p2         |      icmp|   0|  0|  12|          14|          15|
    |icmp_ln890_1934_fu_1399_p2         |      icmp|   0|  0|  11|          10|          11|
    |icmp_ln890_1935_fu_1381_p2         |      icmp|   0|  0|  11|          10|          11|
    |icmp_ln890_1936_fu_1076_p2         |      icmp|   0|  0|  12|          14|          15|
    |icmp_ln890_1937_fu_920_p2          |      icmp|   0|  0|  11|          10|          11|
    |icmp_ln890_1938_fu_902_p2          |      icmp|   0|  0|  11|          10|          11|
    |icmp_ln890_1939_fu_1567_p2         |      icmp|   0|  0|  12|          14|          13|
    |icmp_ln890_1940_fu_1615_p2         |      icmp|   0|  0|  10|           5|           6|
    |icmp_ln890_1941_fu_1627_p2         |      icmp|   0|  0|  11|           9|           8|
    |icmp_ln890_1942_fu_1411_p2         |      icmp|   0|  0|  10|           7|           6|
    |icmp_ln890_1943_fu_1445_p2         |      icmp|   0|  0|  10|           5|           6|
    |icmp_ln890_1944_fu_1088_p2         |      icmp|   0|  0|  12|          14|          13|
    |icmp_ln890_1945_fu_1136_p2         |      icmp|   0|  0|  10|           5|           6|
    |icmp_ln890_1946_fu_1148_p2         |      icmp|   0|  0|  11|           9|           8|
    |icmp_ln890_1947_fu_932_p2          |      icmp|   0|  0|  10|           7|           6|
    |icmp_ln890_1948_fu_966_p2          |      icmp|   0|  0|  10|           5|           6|
    |icmp_ln890_fu_818_p2               |      icmp|   0|  0|  12|          12|          12|
    |ap_block_state1                    |        or|   0|  0|   2|           1|           1|
    |ap_block_state17                   |        or|   0|  0|   2|           1|           1|
    |or_ln613_fu_830_p2                 |        or|   0|  0|   2|           1|           1|
    |or_ln614_1_fu_872_p2               |        or|   0|  0|   2|           1|           1|
    |or_ln614_fu_860_p2                 |        or|   0|  0|   2|           1|           1|
    |or_ln662_fu_1202_p2                |        or|   0|  0|   2|           1|           1|
    |or_ln664_1_fu_1228_p2              |        or|   0|  0|   2|           1|           1|
    |or_ln664_fu_1222_p2                |        or|   0|  0|   2|           1|           1|
    |or_ln691_fu_1338_p2                |        or|   0|  0|   2|           1|           1|
    |or_ln728_fu_1681_p2                |        or|   0|  0|   2|           1|           1|
    |or_ln730_1_fu_1707_p2              |        or|   0|  0|   2|           1|           1|
    |or_ln730_fu_1701_p2                |        or|   0|  0|   2|           1|           1|
    |or_ln765_fu_1952_p2                |        or|   0|  0|   2|           1|           1|
    |or_ln767_1_fu_1978_p2              |        or|   0|  0|   2|           1|           1|
    |or_ln767_fu_1972_p2                |        or|   0|  0|   2|           1|           1|
    |or_ln890_65_fu_1727_p2             |        or|   0|  0|   2|           1|           1|
    |or_ln890_66_fu_1463_p2             |        or|   0|  0|   2|           1|           1|
    |or_ln890_67_fu_1248_p2             |        or|   0|  0|   2|           1|           1|
    |or_ln890_68_fu_984_p2              |        or|   0|  0|   2|           1|           1|
    |or_ln890_fu_2074_p2                |        or|   0|  0|   2|           1|           1|
    |c2_V_209_fu_1342_p3                |    select|   0|  0|   8|           1|           1|
    |select_ln662_1_fu_1188_p3          |    select|   0|  0|   2|           1|           1|
    |select_ln662_fu_1176_p3            |    select|   0|  0|   4|           1|           4|
    |select_ln664_fu_1234_p3            |    select|   0|  0|   5|           1|           1|
    |select_ln728_1_fu_1667_p3          |    select|   0|  0|   2|           1|           1|
    |select_ln728_fu_1655_p3            |    select|   0|  0|   4|           1|           4|
    |select_ln730_fu_1713_p3            |    select|   0|  0|   5|           1|           1|
    |select_ln765_1_fu_1938_p3          |    select|   0|  0|   2|           1|           1|
    |select_ln765_fu_1926_p3            |    select|   0|  0|   4|           1|           4|
    |select_ln767_fu_1984_p3            |    select|   0|  0|   5|           1|           1|
    |select_ln890_425_fu_1852_p3        |    select|   0|  0|   2|           1|           2|
    |select_ln890_426_fu_1860_p3        |    select|   0|  0|   4|           1|           1|
    |select_ln890_427_fu_1964_p3        |    select|   0|  0|   6|           1|           6|
    |select_ln890_428_fu_2078_p3        |    select|   0|  0|   9|           1|           1|
    |select_ln890_429_fu_2092_p3        |    select|   0|  0|  14|           1|           1|
    |select_ln890_430_fu_1573_p3        |    select|   0|  0|   6|           1|           1|
    |select_ln890_431_fu_1581_p3        |    select|   0|  0|   2|           1|           2|
    |select_ln890_432_fu_1589_p3        |    select|   0|  0|   4|           1|           1|
    |select_ln890_433_fu_1693_p3        |    select|   0|  0|   6|           1|           6|
    |select_ln890_434_fu_1733_p3        |    select|   0|  0|   9|           1|           1|
    |select_ln890_435_fu_1747_p3        |    select|   0|  0|  14|           1|           1|
    |select_ln890_436_fu_1417_p3        |    select|   0|  0|   2|           1|           1|
    |select_ln890_437_fu_1425_p3        |    select|   0|  0|   5|           1|           5|
    |select_ln890_438_fu_1469_p3        |    select|   0|  0|   5|           1|           1|
    |select_ln890_439_fu_1477_p3        |    select|   0|  0|   2|           1|           2|
    |select_ln890_440_fu_1501_p3        |    select|   0|  0|   7|           1|           1|
    |select_ln890_441_fu_1094_p3        |    select|   0|  0|   6|           1|           1|
    |select_ln890_442_fu_1102_p3        |    select|   0|  0|   2|           1|           2|
    |select_ln890_443_fu_1110_p3        |    select|   0|  0|   4|           1|           1|
    |select_ln890_444_fu_1214_p3        |    select|   0|  0|   6|           1|           6|
    |select_ln890_445_fu_1254_p3        |    select|   0|  0|   9|           1|           1|
    |select_ln890_446_fu_1268_p3        |    select|   0|  0|  14|           1|           1|
    |select_ln890_447_fu_938_p3         |    select|   0|  0|   2|           1|           1|
    |select_ln890_448_fu_946_p3         |    select|   0|  0|   5|           1|           5|
    |select_ln890_449_fu_990_p3         |    select|   0|  0|   5|           1|           1|
    |select_ln890_450_fu_998_p3         |    select|   0|  0|   2|           1|           2|
    |select_ln890_451_fu_1022_p3        |    select|   0|  0|   7|           1|           1|
    |select_ln890_452_fu_1356_p3        |    select|   0|  0|  11|           1|           1|
    |select_ln890_fu_1844_p3            |    select|   0|  0|   6|           1|           1|
    |ap_enable_pp2                      |       xor|   0|  0|   2|           1|           2|
    |ap_enable_pp5                      |       xor|   0|  0|   2|           1|           2|
    |ap_enable_pp6                      |       xor|   0|  0|   2|           1|           2|
    |arb_fu_1327_p2                     |       xor|   0|  0|   2|           2|           1|
    |xor_ln613_fu_836_p2                |       xor|   0|  0|   2|           1|           2|
    |xor_ln614_fu_866_p2                |       xor|   0|  0|   2|           1|           2|
    |xor_ln662_fu_1196_p2               |       xor|   0|  0|   2|           1|           2|
    |xor_ln728_fu_1675_p2               |       xor|   0|  0|   2|           1|           2|
    |xor_ln765_fu_1946_p2               |       xor|   0|  0|   2|           1|           2|
    |xor_ln890_1_fu_1609_p2             |       xor|   0|  0|   2|           1|           2|
    |xor_ln890_2_fu_1439_p2             |       xor|   0|  0|   2|           1|           2|
    |xor_ln890_3_fu_1130_p2             |       xor|   0|  0|   2|           1|           2|
    |xor_ln890_4_fu_960_p2              |       xor|   0|  0|   2|           1|           2|
    |xor_ln890_5_fu_1868_p2             |       xor|   0|  0|   2|           1|           2|
    |xor_ln890_6_fu_1597_p2             |       xor|   0|  0|   2|           1|           2|
    |xor_ln890_7_fu_1118_p2             |       xor|   0|  0|   2|           1|           2|
    |xor_ln890_fu_1880_p2               |       xor|   0|  0|   2|           1|           2|
    +-----------------------------------+----------+----+---+----+------------+------------+
    |Total                              |          |   0|  0|1251|         647|         474|
    +-----------------------------------+----------+----+---+----+------------+------------+

    * Multiplexer: 
    +--------------------------------------------+-----+-----------+-----+-----------+
    |                    Name                    | LUT | Input Size| Bits| Total Bits|
    +--------------------------------------------+-----+-----------+-----+-----------+
    |ap_NS_fsm                                   |  145|         30|    1|         30|
    |ap_done                                     |    9|          2|    1|          2|
    |ap_enable_reg_pp2_iter1                     |    9|          2|    1|          2|
    |ap_enable_reg_pp5_iter1                     |    9|          2|    1|          2|
    |ap_enable_reg_pp6_iter1                     |    9|          2|    1|          2|
    |ap_phi_mux_c5_V_201_phi_fu_673_p4           |    9|          2|    2|          4|
    |ap_phi_mux_c5_V_202_phi_fu_529_p4           |    9|          2|    2|          4|
    |ap_phi_mux_c6_V_197_phi_fu_695_p4           |    9|          2|    6|         12|
    |ap_phi_mux_c6_V_198_phi_fu_551_p4           |    9|          2|    6|         12|
    |ap_phi_mux_c8_V_55_phi_fu_717_p4            |    9|          2|    5|         10|
    |ap_phi_mux_c8_V_56_phi_fu_573_p4            |    9|          2|    5|         10|
    |ap_phi_mux_indvar_flatten134_phi_fu_706_p4  |    9|          2|    9|         18|
    |ap_phi_mux_indvar_flatten147_phi_fu_684_p4  |    9|          2|   14|         28|
    |ap_phi_mux_indvar_flatten177_phi_fu_662_p4  |    9|          2|   14|         28|
    |ap_phi_mux_indvar_flatten41_phi_fu_562_p4   |    9|          2|    9|         18|
    |ap_phi_mux_indvar_flatten54_phi_fu_540_p4   |    9|          2|   14|         28|
    |ap_phi_mux_indvar_flatten84_phi_fu_518_p4   |    9|          2|   14|         28|
    |ap_phi_mux_n_V_phi_fu_796_p4                |    9|          2|    2|          4|
    |ap_phi_mux_p_Val2_s_phi_fu_806_p4           |    9|          2|  512|       1024|
    |arb_36_reg_413                              |    9|          2|    1|          2|
    |c2_V_reg_424                                |    9|          2|    8|         16|
    |c3_V_2_reg_436                              |    9|          2|    3|          6|
    |c3_V_reg_580                                |    9|          2|    3|          6|
    |c4_V_108_reg_470                            |    9|          2|    5|         10|
    |c4_V_reg_614                                |    9|          2|    5|         10|
    |c5_V_201_reg_669                            |    9|          2|    2|          4|
    |c5_V_202_reg_525                            |    9|          2|    2|          4|
    |c5_V_203_reg_636                            |    9|          2|    2|          4|
    |c5_V_204_reg_492                            |    9|          2|    2|          4|
    |c5_V_reg_735                                |    9|          2|    2|          4|
    |c6_V_197_reg_691                            |    9|          2|    6|         12|
    |c6_V_198_reg_547                            |    9|          2|    6|         12|
    |c6_V_199_reg_647                            |    9|          2|    5|         10|
    |c6_V_200_reg_503                            |    9|          2|    5|         10|
    |c6_V_reg_758                                |    9|          2|    6|         12|
    |c8_V_55_reg_713                             |    9|          2|    5|         10|
    |c8_V_56_reg_569                             |    9|          2|    5|         10|
    |c8_V_reg_781                                |    9|          2|    5|         10|
    |data_split_V_55_address0                    |   14|          3|    1|          3|
    |data_split_V_56_address0                    |   14|          3|    1|          3|
    |data_split_V_address0                       |   14|          3|    1|          3|
    |fifo_A_A_IO_L2_in_2_x07_blk_n               |    9|          2|    1|          2|
    |fifo_A_A_IO_L2_in_3_x08_blk_n               |    9|          2|    1|          2|
    |fifo_A_PE_2_0_x043_blk_n                    |    9|          2|    1|          2|
    |fifo_A_PE_2_0_x043_din                      |   20|          4|  256|       1024|
    |indvar_flatten106_reg_603                   |    9|          2|   10|         20|
    |indvar_flatten126_reg_592                   |    9|          2|   10|         20|
    |indvar_flatten134_reg_702                   |    9|          2|    9|         18|
    |indvar_flatten13_reg_459                    |    9|          2|   10|         20|
    |indvar_flatten147_reg_680                   |    9|          2|   14|         28|
    |indvar_flatten177_reg_658                   |    9|          2|   14|         28|
    |indvar_flatten185_reg_388                   |    9|          2|   11|         22|
    |indvar_flatten199_reg_377                   |    9|          2|   12|         24|
    |indvar_flatten207_reg_769                   |    9|          2|    9|         18|
    |indvar_flatten220_reg_746                   |    9|          2|   14|         28|
    |indvar_flatten250_reg_724                   |    9|          2|   14|         28|
    |indvar_flatten33_reg_448                    |    9|          2|   10|         20|
    |indvar_flatten41_reg_558                    |    9|          2|    9|         18|
    |indvar_flatten54_reg_536                    |    9|          2|   14|         28|
    |indvar_flatten84_reg_514                    |    9|          2|   14|         28|
    |indvar_flatten92_reg_625                    |    9|          2|    7|         14|
    |indvar_flatten_reg_481                      |    9|          2|    7|         14|
    |local_A_ping_V_address0                     |   14|          3|    9|         27|
    |n_V_reg_792                                 |    9|          2|    2|          4|
    |p_Val2_s_reg_803                            |    9|          2|  512|       1024|
    +--------------------------------------------+-----+-----------+-----+-----------+
    |Total                                       |  752|        164| 1670|       3892|
    +--------------------------------------------+-----+-----------+-----+-----------+

    * Register: 
    +-------------------------------+-----+----+-----+-----------+
    |              Name             |  FF | LUT| Bits| Const Bits|
    +-------------------------------+-----+----+-----+-----------+
    |add_ln635_reg_2192             |    5|   0|    5|          0|
    |add_ln691_2034_reg_2465        |    2|   0|    2|          0|
    |add_ln691_2037_reg_2399        |    5|   0|    5|          0|
    |add_ln691_2043_reg_2263        |    5|   0|    5|          0|
    |add_ln701_reg_2328             |    5|   0|    5|          0|
    |add_ln890_234_reg_2404         |   14|   0|   14|          0|
    |add_ln890_237_reg_2343         |   14|   0|   14|          0|
    |add_ln890_239_reg_2304         |   10|   0|   10|          0|
    |add_ln890_240_reg_2291         |   10|   0|   10|          0|
    |add_ln890_243_reg_2207         |   14|   0|   14|          0|
    |add_ln890_245_reg_2168         |   10|   0|   10|          0|
    |add_ln890_246_reg_2155         |   10|   0|   10|          0|
    |add_ln890_248_reg_2119         |   12|   0|   12|          0|
    |and_ln613_1_reg_2133           |    1|   0|    1|          0|
    |and_ln614_reg_2142             |    1|   0|    1|          0|
    |and_ln890_1_reg_2424           |    1|   0|    1|          0|
    |ap_CS_fsm                      |   29|   0|   29|          0|
    |ap_done_reg                    |    1|   0|    1|          0|
    |ap_enable_reg_pp2_iter0        |    1|   0|    1|          0|
    |ap_enable_reg_pp2_iter1        |    1|   0|    1|          0|
    |ap_enable_reg_pp5_iter0        |    1|   0|    1|          0|
    |ap_enable_reg_pp5_iter1        |    1|   0|    1|          0|
    |ap_enable_reg_pp6_iter0        |    1|   0|    1|          0|
    |ap_enable_reg_pp6_iter1        |    1|   0|    1|          0|
    |arb_36_reg_413                 |    1|   0|    1|          0|
    |c2_V_reg_424                   |    8|   0|    8|          0|
    |c3_V_2_reg_436                 |    3|   0|    3|          0|
    |c3_V_reg_580                   |    3|   0|    3|          0|
    |c4_V_108_reg_470               |    5|   0|    5|          0|
    |c4_V_reg_614                   |    5|   0|    5|          0|
    |c5_V_201_reg_669               |    2|   0|    2|          0|
    |c5_V_202_reg_525               |    2|   0|    2|          0|
    |c5_V_203_reg_636               |    2|   0|    2|          0|
    |c5_V_204_reg_492               |    2|   0|    2|          0|
    |c5_V_reg_735                   |    2|   0|    2|          0|
    |c6_V_197_reg_691               |    6|   0|    6|          0|
    |c6_V_198_reg_547               |    6|   0|    6|          0|
    |c6_V_199_reg_647               |    5|   0|    5|          0|
    |c6_V_200_reg_503               |    5|   0|    5|          0|
    |c6_V_reg_758                   |    6|   0|    6|          0|
    |c8_V_55_reg_713                |    5|   0|    5|          0|
    |c8_V_56_reg_569                |    5|   0|    5|          0|
    |c8_V_reg_781                   |    5|   0|    5|          0|
    |data_split_V_addr210_reg_2460  |    1|   0|    1|          0|
    |icmp_ln878_59_reg_2479         |    1|   0|    1|          0|
    |icmp_ln878_reg_2470            |    1|   0|    1|          0|
    |icmp_ln890380_reg_2127         |    1|   0|    1|          0|
    |icmp_ln890_1928_reg_2412       |    1|   0|    1|          0|
    |icmp_ln890_1933_reg_2348       |    1|   0|    1|          0|
    |icmp_ln890_1936_reg_2212       |    1|   0|    1|          0|
    |indvar_flatten106_reg_603      |   10|   0|   10|          0|
    |indvar_flatten126_reg_592      |   10|   0|   10|          0|
    |indvar_flatten134_reg_702      |    9|   0|    9|          0|
    |indvar_flatten13_reg_459       |   10|   0|   10|          0|
    |indvar_flatten147_reg_680      |   14|   0|   14|          0|
    |indvar_flatten177_reg_658      |   14|   0|   14|          0|
    |indvar_flatten185_reg_388      |   11|   0|   11|          0|
    |indvar_flatten199_reg_377      |   12|   0|   12|          0|
    |indvar_flatten207_reg_769      |    9|   0|    9|          0|
    |indvar_flatten220_reg_746      |   14|   0|   14|          0|
    |indvar_flatten250_reg_724      |   14|   0|   14|          0|
    |indvar_flatten33_reg_448       |   10|   0|   10|          0|
    |indvar_flatten41_reg_558       |    9|   0|    9|          0|
    |indvar_flatten54_reg_536       |   14|   0|   14|          0|
    |indvar_flatten84_reg_514       |   14|   0|   14|          0|
    |indvar_flatten92_reg_625       |    7|   0|    7|          0|
    |indvar_flatten_reg_481         |    7|   0|    7|          0|
    |intra_trans_en_reg_400         |    1|   0|    1|          0|
    |n_V_reg_792                    |    2|   0|    2|          0|
    |or_ln614_reg_2138              |    1|   0|    1|          0|
    |p_Val2_s_reg_803               |  512|   0|  512|          0|
    |r_reg_2474                     |  256|   0|  256|          0|
    |select_ln662_1_reg_2227        |    1|   0|    1|          0|
    |select_ln662_reg_2222          |    4|   0|    4|          0|
    |select_ln664_reg_2237          |    5|   0|    5|          0|
    |select_ln728_1_reg_2363        |    1|   0|    1|          0|
    |select_ln728_reg_2358          |    4|   0|    4|          0|
    |select_ln730_reg_2373          |    5|   0|    5|          0|
    |select_ln765_1_reg_2434        |    1|   0|    1|          0|
    |select_ln765_reg_2429          |    4|   0|    4|          0|
    |select_ln767_reg_2444          |    5|   0|    5|          0|
    |select_ln890_425_reg_2418      |    2|   0|    2|          0|
    |select_ln890_427_reg_2439      |    6|   0|    6|          0|
    |select_ln890_431_reg_2352      |    2|   0|    2|          0|
    |select_ln890_433_reg_2368      |    6|   0|    6|          0|
    |select_ln890_434_reg_2379      |    9|   0|    9|          0|
    |select_ln890_435_reg_2384      |   14|   0|   14|          0|
    |select_ln890_437_reg_2312      |    5|   0|    5|          0|
    |select_ln890_438_reg_2317      |    5|   0|    5|          0|
    |select_ln890_439_reg_2323      |    2|   0|    2|          0|
    |select_ln890_440_reg_2333      |    7|   0|    7|          0|
    |select_ln890_442_reg_2216      |    2|   0|    2|          0|
    |select_ln890_444_reg_2232      |    6|   0|    6|          0|
    |select_ln890_445_reg_2243      |    9|   0|    9|          0|
    |select_ln890_446_reg_2248      |   14|   0|   14|          0|
    |select_ln890_448_reg_2176      |    5|   0|    5|          0|
    |select_ln890_449_reg_2181      |    5|   0|    5|          0|
    |select_ln890_450_reg_2187      |    2|   0|    2|          0|
    |select_ln890_451_reg_2197      |    7|   0|    7|          0|
    |zext_ln1497_reg_2483           |  256|   0|  512|        256|
    +-------------------------------+-----+----+-----+-----------+
    |Total                          | 1594|   0| 1850|        256|
    +-------------------------------+-----+----+-----+-----------+



================================================================
== Interface
================================================================
* Summary: 
+---------------------------------+-----+-----+------------+-------------------------+--------------+
|            RTL Ports            | Dir | Bits|  Protocol  |      Source Object      |    C Type    |
+---------------------------------+-----+-----+------------+-------------------------+--------------+
|ap_clk                           |   in|    1|  ap_ctrl_hs|          A_IO_L2_in_2_x0|  return value|
|ap_rst                           |   in|    1|  ap_ctrl_hs|          A_IO_L2_in_2_x0|  return value|
|ap_start                         |   in|    1|  ap_ctrl_hs|          A_IO_L2_in_2_x0|  return value|
|ap_done                          |  out|    1|  ap_ctrl_hs|          A_IO_L2_in_2_x0|  return value|
|ap_continue                      |   in|    1|  ap_ctrl_hs|          A_IO_L2_in_2_x0|  return value|
|ap_idle                          |  out|    1|  ap_ctrl_hs|          A_IO_L2_in_2_x0|  return value|
|ap_ready                         |  out|    1|  ap_ctrl_hs|          A_IO_L2_in_2_x0|  return value|
|fifo_A_A_IO_L2_in_2_x07_dout     |   in|  512|     ap_fifo|  fifo_A_A_IO_L2_in_2_x07|       pointer|
|fifo_A_A_IO_L2_in_2_x07_empty_n  |   in|    1|     ap_fifo|  fifo_A_A_IO_L2_in_2_x07|       pointer|
|fifo_A_A_IO_L2_in_2_x07_read     |  out|    1|     ap_fifo|  fifo_A_A_IO_L2_in_2_x07|       pointer|
|fifo_A_A_IO_L2_in_3_x08_din      |  out|  512|     ap_fifo|  fifo_A_A_IO_L2_in_3_x08|       pointer|
|fifo_A_A_IO_L2_in_3_x08_full_n   |   in|    1|     ap_fifo|  fifo_A_A_IO_L2_in_3_x08|       pointer|
|fifo_A_A_IO_L2_in_3_x08_write    |  out|    1|     ap_fifo|  fifo_A_A_IO_L2_in_3_x08|       pointer|
|fifo_A_PE_2_0_x043_din           |  out|  256|     ap_fifo|       fifo_A_PE_2_0_x043|       pointer|
|fifo_A_PE_2_0_x043_full_n        |   in|    1|     ap_fifo|       fifo_A_PE_2_0_x043|       pointer|
|fifo_A_PE_2_0_x043_write         |  out|    1|     ap_fifo|       fifo_A_PE_2_0_x043|       pointer|
+---------------------------------+-----+-----+------------+-------------------------+--------------+

