

================================================================
== Vitis HLS Report for 'C_IO_L2_in_boundary_x0'
================================================================
* Date:           Fri Sep 16 23:48:17 2022

* Version:        2020.2 (Build 3064766 on Wed Nov 18 09:12:47 MST 2020)
* Project:        top
* Solution:       solution (Vitis Kernel Flow Target)
* Product family: virtexuplus
* Target device:  xcu250-figd2104-2L-e


================================================================
== Performance Estimates
================================================================
+ Timing: 
    * Summary: 
    +--------+---------+----------+------------+
    |  Clock |  Target | Estimated| Uncertainty|
    +--------+---------+----------+------------+
    |ap_clk  |  3.33 ns|  2.417 ns|     0.90 ns|
    +--------+---------+----------+------------+

+ Latency: 
    * Summary: 
    +---------+-----------+-----------+-----------+---------+-----------+---------+
    |   Latency (cycles)  |   Latency (absolute)  |       Interval      | Pipeline|
    |   min   |    max    |    min    |    max    |   min   |    max    |   Type  |
    +---------+-----------+-----------+-----------+---------+-----------+---------+
    |  5456722|  136422610|  18.187 ms|  0.455 sec|  5456722|  136422610|     none|
    +---------+-----------+-----------+-----------+---------+-----------+---------+

    + Detail: 
        * Instance: 
        N/A

        * Loop: 
        +-----------------------------------------------+---------+-----------+---------------+-----------+-----------+------+----------+
        |                                               |   Latency (cycles)  |   Iteration   |  Initiation Interval  | Trip |          |
        |                   Loop Name                   |   min   |    max    |    Latency    |  achieved |   target  | Count| Pipelined|
        +-----------------------------------------------+---------+-----------+---------------+-----------+-----------+------+----------+
        |- C_IO_L2_in_boundary_x0_loop_1                |       80|  130965968|  20 ~ 32741492|          -|          -|     4|        no|
        | + C_IO_L2_in_boundary_x0_loop_2               |       18|   32741490|    3 ~ 5456915|          -|          -|     6|        no|
        |  ++ C_IO_L2_in_boundary_x0_loop_4             |      272|        272|             34|          -|          -|     8|        no|
        |   +++ C_IO_L2_in_boundary_x0_loop_5           |       32|         32|              2|          -|          -|    16|        no|
        |  ++ C_IO_L2_in_boundary_x0_loop_6             |  5456640|    5456640|          42630|          -|          -|   128|        no|
        |   +++ C_IO_L2_in_boundary_x0_loop_7           |    42628|      42628|          21314|          -|          -|     2|        no|
        |    ++++ C_IO_L2_in_boundary_x0_loop_8         |    21312|      21312|            666|          -|          -|    32|        no|
        |     +++++ C_IO_L2_in_boundary_x0_loop_9       |      664|        664|             83|          -|          -|     8|        no|
        |      ++++++ C_IO_L2_in_boundary_x0_loop_10    |       80|         80|              5|          -|          -|    16|        no|
        |       +++++++ C_IO_L2_in_boundary_x0_loop_11  |        2|          2|              1|          -|          -|     2|        no|
        |  ++ C_IO_L2_in_boundary_x0_loop_13            |      272|        272|             34|          -|          -|     8|        no|
        |   +++ C_IO_L2_in_boundary_x0_loop_14          |       32|         32|              2|          -|          -|    16|        no|
        |  ++ C_IO_L2_in_boundary_x0_loop_15            |  5456640|    5456640|          42630|          -|          -|   128|        no|
        |   +++ C_IO_L2_in_boundary_x0_loop_16          |    42628|      42628|          21314|          -|          -|     2|        no|
        |    ++++ C_IO_L2_in_boundary_x0_loop_17        |    21312|      21312|            666|          -|          -|    32|        no|
        |     +++++ C_IO_L2_in_boundary_x0_loop_18      |      664|        664|             83|          -|          -|     8|        no|
        |      ++++++ C_IO_L2_in_boundary_x0_loop_19    |       80|         80|              5|          -|          -|    16|        no|
        |       +++++++ C_IO_L2_in_boundary_x0_loop_20  |        2|          2|              1|          -|          -|     2|        no|
        |- C_IO_L2_in_boundary_x0_loop_21               |  5456640|    5456640|          42630|          -|          -|   128|        no|
        | + C_IO_L2_in_boundary_x0_loop_22              |    42628|      42628|          21314|          -|          -|     2|        no|
        |  ++ C_IO_L2_in_boundary_x0_loop_23            |    21312|      21312|            666|          -|          -|    32|        no|
        |   +++ C_IO_L2_in_boundary_x0_loop_24          |      664|        664|             83|          -|          -|     8|        no|
        |    ++++ C_IO_L2_in_boundary_x0_loop_25        |       80|         80|              5|          -|          -|    16|        no|
        |     +++++ C_IO_L2_in_boundary_x0_loop_26      |        2|          2|              1|          -|          -|     2|        no|
        +-----------------------------------------------+---------+-----------+---------------+-----------+-----------+------+----------+



================================================================
== Utilization Estimates
================================================================
* Summary: 
+---------------------+---------+-------+---------+---------+------+
|         Name        | BRAM_18K|  DSP  |    FF   |   LUT   | URAM |
+---------------------+---------+-------+---------+---------+------+
|DSP                  |        -|      -|        -|        -|     -|
|Expression           |        -|      -|        0|      556|     -|
|FIFO                 |        -|      -|        -|        -|     -|
|Instance             |        -|      -|        -|        -|     -|
|Memory               |       16|      -|      768|      771|     -|
|Multiplexer          |        -|      -|        -|      536|     -|
|Register             |        -|      -|     2836|        -|     -|
+---------------------+---------+-------+---------+---------+------+
|Total                |       16|      0|     3604|     1863|     0|
+---------------------+---------+-------+---------+---------+------+
|Available SLR        |     1344|   3072|   864000|   432000|   320|
+---------------------+---------+-------+---------+---------+------+
|Utilization SLR (%)  |        1|      0|       ~0|       ~0|     0|
+---------------------+---------+-------+---------+---------+------+
|Available            |     5376|  12288|  3456000|  1728000|  1280|
+---------------------+---------+-------+---------+---------+------+
|Utilization (%)      |       ~0|      0|       ~0|       ~0|     0|
+---------------------+---------+-------+---------+---------+------+

+ Detail: 
    * Instance: 
    N/A

    * DSP: 
    N/A

    * Memory: 
    +------------------+--------------------------------+---------+-----+-----+-----+------+-----+------+-------------+
    |      Memory      |             Module             | BRAM_18K|  FF | LUT | URAM| Words| Bits| Banks| W*Bits*Banks|
    +------------------+--------------------------------+---------+-----+-----+-----+------+-----+------+-------------+
    |data_split_V_4_U  |A_IO_L2_in_0_x0_data_split_V    |        0|  256|  257|    0|     2|  256|     1|          512|
    |data_split_V_3_U  |A_IO_L2_in_0_x0_data_split_V    |        0|  256|  257|    0|     2|  256|     1|          512|
    |data_split_V_U    |A_IO_L2_in_0_x0_data_split_V    |        0|  256|  257|    0|     2|  256|     1|          512|
    |local_C_ping_V_U  |C_IO_L2_in_0_x0_local_C_ping_V  |        8|    0|    0|    0|   128|  512|     1|        65536|
    |local_C_pong_V_U  |C_IO_L2_in_0_x0_local_C_ping_V  |        8|    0|    0|    0|   128|  512|     1|        65536|
    +------------------+--------------------------------+---------+-----+-----+-----+------+-----+------+-------------+
    |Total             |                                |       16|  768|  771|    0|   262| 1792|     5|       132608|
    +------------------+--------------------------------+---------+-----+-----+-----+------+-----+------+-------------+

    * FIFO: 
    N/A

    * Expression: 
    +----------------------------+----------+----+---+----+------------+------------+
    |        Variable Name       | Operation| DSP| FF| LUT| Bitwidth P0| Bitwidth P1|
    +----------------------------+----------+----+---+----+------------+------------+
    |add_ln4773_fu_707_p2        |         +|   0|  0|  14|           7|           7|
    |add_ln4832_fu_902_p2        |         +|   0|  0|  14|           7|           7|
    |add_ln691_1139_fu_1045_p2   |         +|   0|  0|   9|           2|           1|
    |add_ln691_1140_fu_1057_p2   |         +|   0|  0|  13|           6|           1|
    |add_ln691_1141_fu_868_p2    |         +|   0|  0|  12|           4|           1|
    |add_ln691_1142_fu_892_p2    |         +|   0|  0|  12|           5|           1|
    |add_ln691_1143_fu_673_p2    |         +|   0|  0|  12|           4|           1|
    |add_ln691_1144_fu_697_p2    |         +|   0|  0|  12|           5|           1|
    |add_ln691_1145_fu_1088_p2   |         +|   0|  0|  12|           4|           1|
    |add_ln691_1146_fu_641_p2    |         +|   0|  0|  10|           3|           1|
    |add_ln691_1147_fu_1112_p2   |         +|   0|  0|  12|           5|           1|
    |add_ln691_1148_fu_1124_p2   |         +|   0|  0|   9|           2|           1|
    |add_ln691_1151_fu_918_p2    |         +|   0|  0|   9|           2|           1|
    |add_ln691_1152_fu_753_p2    |         +|   0|  0|   9|           2|           1|
    |add_ln691_1153_fu_930_p2    |         +|   0|  0|  13|           6|           1|
    |add_ln691_1154_fu_765_p2    |         +|   0|  0|  13|           6|           1|
    |add_ln691_1155_fu_961_p2    |         +|   0|  0|  12|           4|           1|
    |add_ln691_1156_fu_796_p2    |         +|   0|  0|  12|           4|           1|
    |add_ln691_1157_fu_985_p2    |         +|   0|  0|  12|           5|           1|
    |add_ln691_1158_fu_997_p2    |         +|   0|  0|   9|           2|           1|
    |add_ln691_1159_fu_820_p2    |         +|   0|  0|  12|           5|           1|
    |add_ln691_1160_fu_832_p2    |         +|   0|  0|   9|           2|           1|
    |add_ln691_fu_629_p2         |         +|   0|  0|  10|           3|           1|
    |c2_V_89_fu_1033_p2          |         +|   0|  0|  15|           8|           1|
    |c2_V_90_fu_735_p2           |         +|   0|  0|  15|           8|           1|
    |c2_V_91_fu_723_p2           |         +|   0|  0|  15|           8|           1|
    |add_i_i720_cast_fu_661_p2   |         -|   0|  0|  13|           6|           6|
    |icmp_ln4784_fu_729_p2       |      icmp|   0|  0|  11|           8|           9|
    |icmp_ln4843_fu_741_p2       |      icmp|   0|  0|  11|           8|           9|
    |icmp_ln4886_fu_1039_p2      |      icmp|   0|  0|  11|           8|           9|
    |icmp_ln878_5_fu_1008_p2     |      icmp|   0|  0|   8|           2|           3|
    |icmp_ln878_6_fu_843_p2      |      icmp|   0|  0|   8|           2|           3|
    |icmp_ln878_fu_1135_p2       |      icmp|   0|  0|   8|           2|           3|
    |icmp_ln886_fu_667_p2        |      icmp|   0|  0|  10|           6|           3|
    |icmp_ln890_1177_fu_647_p2   |      icmp|   0|  0|   8|           3|           3|
    |icmp_ln890_1178_fu_1051_p2  |      icmp|   0|  0|   8|           2|           3|
    |icmp_ln890_1179_fu_1063_p2  |      icmp|   0|  0|  10|           6|           7|
    |icmp_ln890_1180_fu_886_p2   |      icmp|   0|  0|   9|           4|           5|
    |icmp_ln890_1181_fu_691_p2   |      icmp|   0|  0|   9|           4|           5|
    |icmp_ln890_1182_fu_1106_p2  |      icmp|   0|  0|   9|           4|           5|
    |icmp_ln890_1183_fu_912_p2   |      icmp|   0|  0|  10|           5|           6|
    |icmp_ln890_1184_fu_717_p2   |      icmp|   0|  0|  10|           5|           6|
    |icmp_ln890_1185_fu_1118_p2  |      icmp|   0|  0|  10|           5|           6|
    |icmp_ln890_1186_fu_924_p2   |      icmp|   0|  0|   8|           2|           3|
    |icmp_ln890_1187_fu_759_p2   |      icmp|   0|  0|   8|           2|           3|
    |icmp_ln890_1188_fu_936_p2   |      icmp|   0|  0|  10|           6|           7|
    |icmp_ln890_1189_fu_771_p2   |      icmp|   0|  0|  10|           6|           7|
    |icmp_ln890_1190_fu_979_p2   |      icmp|   0|  0|   9|           4|           5|
    |icmp_ln890_1191_fu_814_p2   |      icmp|   0|  0|   9|           4|           5|
    |icmp_ln890_1192_fu_991_p2   |      icmp|   0|  0|  10|           5|           6|
    |icmp_ln890_1193_fu_826_p2   |      icmp|   0|  0|  10|           5|           6|
    |icmp_ln890_fu_635_p2        |      icmp|   0|  0|   9|           3|           4|
    |ap_block_state1             |        or|   0|  0|   2|           1|           1|
    |arb_fu_747_p2               |       xor|   0|  0|   2|           1|           2|
    +----------------------------+----------+----+---+----+------------+------------+
    |Total                       |          |   0|  0| 556|         238|         178|
    +----------------------------+----------+----+---+----+------------+------------+

    * Multiplexer: 
    +--------------------------------+-----+-----------+-----+-----------+
    |              Name              | LUT | Input Size| Bits| Total Bits|
    +--------------------------------+-----+-----------+-----+-----------+
    |ap_NS_fsm                       |  152|         33|    1|         33|
    |ap_done                         |    9|          2|    1|          2|
    |arb_2_reg_342                   |    9|          2|    1|          2|
    |c0_V_reg_293                    |    9|          2|    3|          6|
    |c1_V_reg_318                    |    9|          2|    3|          6|
    |c2_V_87_reg_387                 |    9|          2|    8|         16|
    |c2_V_88_reg_376                 |    9|          2|    8|         16|
    |c2_V_reg_548                    |    9|          2|    8|         16|
    |c4_V_16_reg_354                 |    9|          2|    4|          8|
    |c4_V_reg_462                    |    9|          2|    4|          8|
    |c5_V_67_reg_473                 |    9|          2|    5|         10|
    |c5_V_68_reg_365                 |    9|          2|    5|         10|
    |c5_V_69_reg_484                 |    9|          2|    2|          4|
    |c5_V_70_reg_398                 |    9|          2|    2|          4|
    |c5_V_reg_559                    |    9|          2|    2|          4|
    |c6_V_129_reg_495                |    9|          2|    6|         12|
    |c6_V_130_reg_409                |    9|          2|    6|         12|
    |c6_V_reg_570                    |    9|          2|    6|         12|
    |c7_V_67_reg_506                 |    9|          2|    4|          8|
    |c7_V_68_reg_420                 |    9|          2|    4|          8|
    |c7_V_reg_581                    |    9|          2|    4|          8|
    |c8_V_3_reg_517                  |    9|          2|    5|         10|
    |c8_V_4_reg_431                  |    9|          2|    5|         10|
    |c8_V_reg_592                    |    9|          2|    5|         10|
    |data_split_V_3_address0         |   14|          3|    1|          3|
    |data_split_V_4_address0         |   14|          3|    1|          3|
    |data_split_V_address0           |   14|          3|    1|          3|
    |fifo_C_C_IO_L2_in_7_x024_blk_n  |    9|          2|    1|          2|
    |fifo_C_PE_0_7_x0136_blk_n       |    9|          2|    1|          2|
    |fifo_C_PE_0_7_x0136_din         |   20|          4|  256|       1024|
    |intra_trans_en_2_reg_329        |    9|          2|    1|          2|
    |local_C_ping_V_address0         |   20|          4|    7|         28|
    |local_C_pong_V_address0         |   14|          3|    7|         21|
    |n_V_3_reg_528                   |    9|          2|    2|          4|
    |n_V_4_reg_442                   |    9|          2|    2|          4|
    |n_V_reg_603                     |    9|          2|    2|          4|
    |p_Val2_10_reg_614               |    9|          2|  512|       1024|
    |p_Val2_9_reg_539                |    9|          2|  512|       1024|
    |p_Val2_s_reg_453                |    9|          2|  512|       1024|
    +--------------------------------+-----+-----------+-----+-----------+
    |Total                           |  536|        117| 1920|       4407|
    +--------------------------------+-----+-----------+-----+-----------+

    * Register: 
    +--------------------------------+-----+----+-----+-----------+
    |              Name              |  FF | LUT| Bits| Const Bits|
    +--------------------------------+-----+----+-----+-----------+
    |add_ln691_1139_reg_1386         |    2|   0|    2|          0|
    |add_ln691_1140_reg_1394         |    6|   0|    6|          0|
    |add_ln691_1141_reg_1287         |    4|   0|    4|          0|
    |add_ln691_1142_reg_1300         |    5|   0|    5|          0|
    |add_ln691_1143_reg_1180         |    4|   0|    4|          0|
    |add_ln691_1144_reg_1193         |    5|   0|    5|          0|
    |add_ln691_1145_reg_1412         |    4|   0|    4|          0|
    |add_ln691_1146_reg_1168         |    3|   0|    3|          0|
    |add_ln691_1147_reg_1425         |    5|   0|    5|          0|
    |add_ln691_1151_reg_1313         |    2|   0|    2|          0|
    |add_ln691_1152_reg_1227         |    2|   0|    2|          0|
    |add_ln691_1153_reg_1321         |    6|   0|    6|          0|
    |add_ln691_1154_reg_1235         |    6|   0|    6|          0|
    |add_ln691_1155_reg_1339         |    4|   0|    4|          0|
    |add_ln691_1156_reg_1253         |    4|   0|    4|          0|
    |add_ln691_1157_reg_1357         |    5|   0|    5|          0|
    |add_ln691_1159_reg_1266         |    5|   0|    5|          0|
    |add_ln691_reg_1160              |    3|   0|    3|          0|
    |ap_CS_fsm                       |   32|   0|   32|          0|
    |ap_done_reg                     |    1|   0|    1|          0|
    |arb_2_reg_342                   |    1|   0|    1|          0|
    |c0_V_reg_293                    |    3|   0|    3|          0|
    |c1_V_reg_318                    |    3|   0|    3|          0|
    |c2_V_87_reg_387                 |    8|   0|    8|          0|
    |c2_V_88_reg_376                 |    8|   0|    8|          0|
    |c2_V_89_reg_1378                |    8|   0|    8|          0|
    |c2_V_90_reg_1214                |    8|   0|    8|          0|
    |c2_V_91_reg_1206                |    8|   0|    8|          0|
    |c2_V_reg_548                    |    8|   0|    8|          0|
    |c4_V_16_reg_354                 |    4|   0|    4|          0|
    |c4_V_reg_462                    |    4|   0|    4|          0|
    |c5_V_67_reg_473                 |    5|   0|    5|          0|
    |c5_V_68_reg_365                 |    5|   0|    5|          0|
    |c5_V_69_reg_484                 |    2|   0|    2|          0|
    |c5_V_70_reg_398                 |    2|   0|    2|          0|
    |c5_V_reg_559                    |    2|   0|    2|          0|
    |c6_V_129_reg_495                |    6|   0|    6|          0|
    |c6_V_130_reg_409                |    6|   0|    6|          0|
    |c6_V_reg_570                    |    6|   0|    6|          0|
    |c7_V_67_reg_506                 |    4|   0|    4|          0|
    |c7_V_68_reg_420                 |    4|   0|    4|          0|
    |c7_V_reg_581                    |    4|   0|    4|          0|
    |c8_V_3_reg_517                  |    5|   0|    5|          0|
    |c8_V_4_reg_431                  |    5|   0|    5|          0|
    |c8_V_reg_592                    |    5|   0|    5|          0|
    |data_split_V_3_addr_reg_1334    |    1|   0|    1|          0|
    |data_split_V_4_addr_reg_1248    |    1|   0|    1|          0|
    |data_split_V_addr_reg_1407      |    1|   0|    1|          0|
    |div_i_i3_reg_1329               |    4|   0|    4|          0|
    |div_i_i4_reg_1243               |    4|   0|    4|          0|
    |div_i_i_reg_1402                |    4|   0|    4|          0|
    |icmp_ln886_reg_1176             |    1|   0|    1|          0|
    |in_data_V_11_reg_1352           |  512|   0|  512|          0|
    |intra_trans_en_2_reg_329        |    1|   0|    1|          0|
    |intra_trans_en_reg_304          |    1|   0|    1|          0|
    |local_C_ping_V_addr_3_reg_1305  |    7|   0|    7|          0|
    |local_C_pong_V_addr_reg_1198    |    7|   0|    7|          0|
    |n_V_3_reg_528                   |    2|   0|    2|          0|
    |n_V_4_reg_442                   |    2|   0|    2|          0|
    |n_V_reg_603                     |    2|   0|    2|          0|
    |p_Val2_10_reg_614               |  512|   0|  512|          0|
    |p_Val2_9_reg_539                |  512|   0|  512|          0|
    |p_Val2_s_reg_453                |  512|   0|  512|          0|
    |reg_623                         |  512|   0|  512|          0|
    |tmp_389_cast_reg_1292           |    3|   0|    7|          4|
    |tmp_390_cast_reg_1185           |    3|   0|    7|          4|
    +--------------------------------+-----+----+-----+-----------+
    |Total                           | 2836|   0| 2844|          8|
    +--------------------------------+-----+----+-----+-----------+



================================================================
== Interface
================================================================
* Summary: 
+----------------------------------+-----+-----+------------+--------------------------+--------------+
|             RTL Ports            | Dir | Bits|  Protocol  |       Source Object      |    C Type    |
+----------------------------------+-----+-----+------------+--------------------------+--------------+
|ap_clk                            |   in|    1|  ap_ctrl_hs|    C_IO_L2_in_boundary_x0|  return value|
|ap_rst                            |   in|    1|  ap_ctrl_hs|    C_IO_L2_in_boundary_x0|  return value|
|ap_start                          |   in|    1|  ap_ctrl_hs|    C_IO_L2_in_boundary_x0|  return value|
|ap_done                           |  out|    1|  ap_ctrl_hs|    C_IO_L2_in_boundary_x0|  return value|
|ap_continue                       |   in|    1|  ap_ctrl_hs|    C_IO_L2_in_boundary_x0|  return value|
|ap_idle                           |  out|    1|  ap_ctrl_hs|    C_IO_L2_in_boundary_x0|  return value|
|ap_ready                          |  out|    1|  ap_ctrl_hs|    C_IO_L2_in_boundary_x0|  return value|
|fifo_C_C_IO_L2_in_7_x024_dout     |   in|  512|     ap_fifo|  fifo_C_C_IO_L2_in_7_x024|       pointer|
|fifo_C_C_IO_L2_in_7_x024_empty_n  |   in|    1|     ap_fifo|  fifo_C_C_IO_L2_in_7_x024|       pointer|
|fifo_C_C_IO_L2_in_7_x024_read     |  out|    1|     ap_fifo|  fifo_C_C_IO_L2_in_7_x024|       pointer|
|fifo_C_PE_0_7_x0136_din           |  out|  256|     ap_fifo|       fifo_C_PE_0_7_x0136|       pointer|
|fifo_C_PE_0_7_x0136_full_n        |   in|    1|     ap_fifo|       fifo_C_PE_0_7_x0136|       pointer|
|fifo_C_PE_0_7_x0136_write         |  out|    1|     ap_fifo|       fifo_C_PE_0_7_x0136|       pointer|
+----------------------------------+-----+-----+------------+--------------------------+--------------+

