

================================================================
== Vitis HLS Report for 'B_IO_L2_in_boundary_x0'
================================================================
* Date:           Fri Sep 16 23:48:11 2022

* Version:        2020.2 (Build 3064766 on Wed Nov 18 09:12:47 MST 2020)
* Project:        top
* Solution:       solution (Vitis Kernel Flow Target)
* Product family: virtexuplus
* Target device:  xcu250-figd2104-2L-e


================================================================
== Performance Estimates
================================================================
+ Timing: 
    * Summary: 
    +--------+---------+----------+------------+
    |  Clock |  Target | Estimated| Uncertainty|
    +--------+---------+----------+------------+
    |ap_clk  |  3.33 ns|  2.417 ns|     0.90 ns|
    +--------+---------+----------+------------+

+ Latency: 
    * Summary: 
    +---------+----------+----------+-----------+-------+----------+---------+
    |  Latency (cycles)  |  Latency (absolute)  |     Interval     | Pipeline|
    |   min   |    max   |    min   |    max    |  min  |    max   |   Type  |
    +---------+----------+----------+-----------+-------+----------+---------+
    |    53256|  25231368|  0.178 ms|  84.096 ms|  53256|  25231368|     none|
    +---------+----------+----------+-----------+-------+----------+---------+

    + Detail: 
        * Instance: 
        N/A

        * Loop: 
        +------------------------------------------------------------------------------------------------+---------+----------+----------+-----------+-----------+------+----------+
        |                                                                                                |  Latency (cycles)  | Iteration|  Initiation Interval  | Trip |          |
        |                                            Loop Name                                           |   min   |    max   |  Latency |  achieved |   target  | Count| Pipelined|
        +------------------------------------------------------------------------------------------------+---------+----------+----------+-----------+-----------+------+----------+
        |- B_IO_L2_in_boundary_x0_loop_1_B_IO_L2_in_boundary_x0_loop_2_B_IO_L2_in_boundary_x0_loop_3     |    12288|  25190400|  4 ~ 8200|          -|          -|  3072|        no|
        | + B_IO_L2_in_boundary_x0_loop_5                                                                |        2|         2|         2|          1|          1|     2|       yes|
        | + B_IO_L2_in_boundary_x0_loop_6_B_IO_L2_in_boundary_x0_loop_7                                  |     8192|      8192|       129|        128|        128|    64|       yes|
        | + B_IO_L2_in_boundary_x0_loop_12                                                               |        2|         2|         2|          1|          1|     2|       yes|
        | + B_IO_L2_in_boundary_x0_loop_13_B_IO_L2_in_boundary_x0_loop_14                                |     8192|      8192|       129|        128|        128|    64|       yes|
        |- B_IO_L2_in_boundary_x0_loop_18_B_IO_L2_in_boundary_x0_loop_19_B_IO_L2_in_boundary_x0_loop_20  |    40965|     40965|        82|         80|         80|   512|       yes|
        +------------------------------------------------------------------------------------------------+---------+----------+----------+-----------+-----------+------+----------+



================================================================
== Utilization Estimates
================================================================
* Summary: 
+---------------------+---------+-------+---------+---------+------+
|         Name        | BRAM_18K|  DSP  |    FF   |   LUT   | URAM |
+---------------------+---------+-------+---------+---------+------+
|DSP                  |        -|      -|        -|        -|     -|
|Expression           |        -|      -|        0|      507|     -|
|FIFO                 |        -|      -|        -|        -|     -|
|Instance             |        -|      -|        -|        -|     -|
|Memory               |       16|      -|       32|       33|     -|
|Multiplexer          |        -|      -|        -|     2500|     -|
|Register             |        -|      -|     1099|        -|     -|
+---------------------+---------+-------+---------+---------+------+
|Total                |       16|      0|     1131|     3040|     0|
+---------------------+---------+-------+---------+---------+------+
|Available SLR        |     1344|   3072|   864000|   432000|   320|
+---------------------+---------+-------+---------+---------+------+
|Utilization SLR (%)  |        1|      0|       ~0|       ~0|     0|
+---------------------+---------+-------+---------+---------+------+
|Available            |     5376|  12288|  3456000|  1728000|  1280|
+---------------------+---------+-------+---------+---------+------+
|Utilization (%)      |       ~0|      0|       ~0|       ~0|     0|
+---------------------+---------+-------+---------+---------+------+

+ Detail: 
    * Instance: 
    N/A

    * DSP: 
    N/A

    * Memory: 
    +------------------+--------------------------------+---------+----+----+-----+------+-----+------+-------------+
    |      Memory      |             Module             | BRAM_18K| FF | LUT| URAM| Words| Bits| Banks| W*Bits*Banks|
    +------------------+--------------------------------+---------+----+----+-----+------+-----+------+-------------+
    |data_split_V_U    |B_IO_L2_in_0_x0_data_split_V    |        0|  32|  33|    0|     8|   32|     1|          256|
    |local_B_ping_V_U  |B_IO_L2_in_0_x0_local_B_ping_V  |        8|   0|   0|    0|     2|  256|     1|          512|
    |local_B_pong_V_U  |B_IO_L2_in_0_x0_local_B_ping_V  |        8|   0|   0|    0|     2|  256|     1|          512|
    +------------------+--------------------------------+---------+----+----+-----+------+-----+------+-------------+
    |Total             |                                |       16|  32|  33|    0|    12|  544|     3|         1280|
    +------------------+--------------------------------+---------+----+----+-----+------+-----+------+-------------+

    * FIFO: 
    N/A

    * Expression: 
    +-------------------------------------+----------+----+---+----+------------+------------+
    |            Variable Name            | Operation| DSP| FF| LUT| Bitwidth P0| Bitwidth P1|
    +-------------------------------------+----------+----+---+----+------------+------------+
    |add_ln691_1662_fu_1062_p2            |         +|   0|  0|   9|           2|           1|
    |add_ln691_1663_fu_1143_p2            |         +|   0|  0|  12|           4|           1|
    |add_ln691_1664_fu_907_p2             |         +|   0|  0|   9|           2|           1|
    |add_ln691_1665_fu_798_p2             |         +|   0|  0|   9|           2|           1|
    |add_ln691_1666_fu_936_p2             |         +|   0|  0|   9|           2|           1|
    |add_ln691_1667_fu_961_p2             |         +|   0|  0|  13|           6|           1|
    |add_ln691_1668_fu_827_p2             |         +|   0|  0|   9|           2|           1|
    |add_ln691_1669_fu_852_p2             |         +|   0|  0|  13|           6|           1|
    |add_ln691_1670_fu_876_p2             |         +|   0|  0|  15|           8|           1|
    |add_ln691_fu_735_p2                  |         +|   0|  0|  10|           3|           1|
    |add_ln890_193_fu_1050_p2             |         +|   0|  0|  17|          10|           1|
    |add_ln890_194_fu_924_p2              |         +|   0|  0|  14|           7|           1|
    |add_ln890_195_fu_815_p2              |         +|   0|  0|  14|           7|           1|
    |add_ln890_196_fu_894_p2              |         +|   0|  0|  18|          11|           1|
    |add_ln890_197_fu_656_p2              |         +|   0|  0|  19|          12|           1|
    |add_ln890_fu_1087_p2                 |         +|   0|  0|  17|          10|           1|
    |add_i_i579_cast_fu_670_p2            |         -|   0|  0|  13|           6|           6|
    |add_i_i579_cast_mid1_fu_771_p2       |         -|   0|  0|  13|           6|           6|
    |and_ln2741_1_fu_718_p2               |       and|   0|  0|   2|           1|           1|
    |and_ln2741_2_fu_729_p2               |       and|   0|  0|   2|           1|           1|
    |and_ln2741_fu_712_p2                 |       and|   0|  0|   2|           1|           1|
    |and_ln2742_fu_757_p2                 |       and|   0|  0|   2|           1|           1|
    |and_ln890_fu_1109_p2                 |       and|   0|  0|   2|           1|           1|
    |ap_block_pp0_stage0_11001            |       and|   0|  0|   2|           1|           1|
    |ap_block_pp1_stage0_01001            |       and|   0|  0|   2|           1|           1|
    |ap_block_pp1_stage100_01001          |       and|   0|  0|   2|           1|           1|
    |ap_block_pp2_stage0_11001            |       and|   0|  0|   2|           1|           1|
    |ap_block_pp3_stage0_01001            |       and|   0|  0|   2|           1|           1|
    |ap_block_pp3_stage100_01001          |       and|   0|  0|   2|           1|           1|
    |ap_block_pp4_stage11_01001           |       and|   0|  0|   2|           1|           1|
    |ap_block_pp4_stage1_01001            |       and|   0|  0|   2|           1|           1|
    |ap_block_state100_pp1_stage93_iter0  |       and|   0|  0|   2|           1|           1|
    |ap_block_state138_pp2_stage0_iter1   |       and|   0|  0|   2|           1|           1|
    |ap_block_state141_pp3_stage1_iter0   |       and|   0|  0|   2|           1|           1|
    |ap_block_state275_pp4_stage6_iter0   |       and|   0|  0|   2|           1|           1|
    |ap_block_state350_pp4_stage1_iter1   |       and|   0|  0|   2|           1|           1|
    |ap_block_state5_pp0_stage0_iter1     |       and|   0|  0|   2|           1|           1|
    |cmp_i_i565_fu_676_p2                 |      icmp|   0|  0|  10|           6|           3|
    |cmp_i_i565_mid1_fu_777_p2            |      icmp|   0|  0|  10|           6|           3|
    |icmp_ln2743_fu_723_p2                |      icmp|   0|  0|  11|           8|           9|
    |icmp_ln890160_fu_688_p2              |      icmp|   0|  0|  11|          11|          10|
    |icmp_ln890_1599_fu_1056_p2           |      icmp|   0|  0|  11|          10|          11|
    |icmp_ln890_1600_fu_1068_p2           |      icmp|   0|  0|  11|          10|           9|
    |icmp_ln890_1601_fu_1103_p2           |      icmp|   0|  0|   9|           4|           5|
    |icmp_ln890_1602_fu_913_p2            |      icmp|   0|  0|   8|           2|           3|
    |icmp_ln890_1603_fu_804_p2            |      icmp|   0|  0|   8|           2|           3|
    |icmp_ln890_1604_fu_930_p2            |      icmp|   0|  0|  11|           7|           8|
    |icmp_ln890_1605_fu_821_p2            |      icmp|   0|  0|  11|           7|           8|
    |icmp_ln890_1606_fu_942_p2            |      icmp|   0|  0|  10|           6|           7|
    |icmp_ln890_1607_fu_833_p2            |      icmp|   0|  0|  10|           6|           7|
    |icmp_ln890_fu_682_p2                 |      icmp|   0|  0|  12|          12|          12|
    |ap_block_state1                      |        or|   0|  0|   2|           1|           1|
    |or_ln2741_fu_702_p2                  |        or|   0|  0|   2|           1|           1|
    |or_ln2742_1_fu_752_p2                |        or|   0|  0|   2|           1|           1|
    |or_ln2742_fu_740_p2                  |        or|   0|  0|   2|           1|           1|
    |or_ln2871_fu_1115_p2                 |        or|   0|  0|   2|           1|           1|
    |or_ln691_fu_882_p2                   |        or|   0|  0|   2|           1|           1|
    |c2_V_181_fu_886_p3                   |    select|   0|  0|   8|           1|           1|
    |select_ln2741_fu_694_p3              |    select|   0|  0|   3|           1|           1|
    |select_ln2742_fu_783_p3              |    select|   0|  0|   2|           1|           1|
    |select_ln2871_fu_1120_p3             |    select|   0|  0|   4|           1|           1|
    |select_ln691_1_fu_858_p3             |    select|   0|  0|   6|           1|           1|
    |select_ln691_fu_967_p3               |    select|   0|  0|   6|           1|           1|
    |select_ln890_385_fu_1074_p3          |    select|   0|  0|   2|           1|           2|
    |select_ln890_386_fu_1137_p3          |    select|   0|  0|  10|           1|           1|
    |select_ln890_387_fu_948_p3           |    select|   0|  0|   2|           1|           2|
    |select_ln890_388_fu_839_p3           |    select|   0|  0|   2|           1|           2|
    |select_ln890_389_fu_900_p3           |    select|   0|  0|  11|           1|           1|
    |select_ln890_fu_791_p3               |    select|   0|  0|   3|           1|           3|
    |ap_enable_pp0                        |       xor|   0|  0|   2|           1|           2|
    |ap_enable_pp1                        |       xor|   0|  0|   2|           1|           2|
    |ap_enable_pp2                        |       xor|   0|  0|   2|           1|           2|
    |ap_enable_pp3                        |       xor|   0|  0|   2|           1|           2|
    |ap_enable_pp4                        |       xor|   0|  0|   2|           1|           2|
    |ap_enable_reg_pp0_iter1              |       xor|   0|  0|   2|           2|           1|
    |ap_enable_reg_pp2_iter1              |       xor|   0|  0|   2|           2|           1|
    |arb_fu_871_p2                        |       xor|   0|  0|   2|           2|           1|
    |xor_ln2741_fu_707_p2                 |       xor|   0|  0|   2|           1|           2|
    |xor_ln2742_fu_746_p2                 |       xor|   0|  0|   2|           1|           2|
    |xor_ln890_fu_1098_p2                 |       xor|   0|  0|   2|           1|           2|
    +-------------------------------------+----------+----+---+----+------------+------------+
    |Total                                |          |   0|  0| 507|         254|         187|
    +-------------------------------------+----------+----+---+----+------------+------------+

    * Multiplexer: 
    +-------------------------------------------+------+-----------+-----+-----------+
    |                    Name                   |  LUT | Input Size| Bits| Total Bits|
    +-------------------------------------------+------+-----------+-----+-----------+
    |ap_NS_fsm                                  |  1829|        346|    1|        346|
    |ap_done                                    |     9|          2|    1|          2|
    |ap_enable_reg_pp0_iter1                    |    14|          3|    1|          3|
    |ap_enable_reg_pp1_iter1                    |     9|          2|    1|          2|
    |ap_enable_reg_pp2_iter1                    |    14|          3|    1|          3|
    |ap_enable_reg_pp3_iter1                    |     9|          2|    1|          2|
    |ap_enable_reg_pp4_iter1                    |     9|          2|    1|          2|
    |ap_phi_mux_c4_V_60_phi_fu_406_p4           |     9|          2|    2|          4|
    |ap_phi_mux_c4_V_phi_fu_451_p4              |     9|          2|    2|          4|
    |ap_phi_mux_c5_V_157_phi_fu_474_p4          |     9|          2|    2|          4|
    |ap_phi_mux_c5_V_158_phi_fu_429_p4          |     9|          2|    2|          4|
    |ap_phi_mux_c5_V_phi_fu_507_p4              |     9|          2|    2|          4|
    |ap_phi_mux_c6_V_161_phi_fu_440_p4          |     9|          2|    6|         12|
    |ap_phi_mux_c6_V_phi_fu_485_p4              |     9|          2|    6|         12|
    |ap_phi_mux_indvar_flatten47_phi_fu_518_p4  |     9|          2|   10|         20|
    |ap_phi_mux_indvar_flatten60_phi_fu_496_p4  |     9|          2|   10|         20|
    |ap_phi_mux_indvar_flatten9_phi_fu_463_p4   |     9|          2|    7|         14|
    |ap_phi_mux_indvar_flatten_phi_fu_418_p4    |     9|          2|    7|         14|
    |arb_18_reg_378                             |     9|          2|    1|          2|
    |c1_V_reg_353                               |     9|          2|    3|          6|
    |c2_V_reg_390                               |     9|          2|    8|         16|
    |c4_V_60_reg_402                            |     9|          2|    2|          4|
    |c4_V_reg_447                               |     9|          2|    2|          4|
    |c5_V_157_reg_470                           |     9|          2|    2|          4|
    |c5_V_158_reg_425                           |     9|          2|    2|          4|
    |c5_V_reg_503                               |     9|          2|    2|          4|
    |c6_V_161_reg_436                           |     9|          2|    6|         12|
    |c6_V_reg_481                               |     9|          2|    6|         12|
    |c7_V_reg_525                               |     9|          2|    4|          8|
    |data_split_V_address0                      |    59|         11|    3|         33|
    |data_split_V_address1                      |    54|         10|    3|         30|
    |data_split_V_d0                            |    54|         10|   32|        320|
    |data_split_V_d1                            |    54|         10|   32|        320|
    |fifo_B_B_IO_L2_in_7_x016_blk_n             |     9|          2|    1|          2|
    |fifo_B_PE_0_7_x096_blk_n                   |     9|          2|    1|          2|
    |fifo_B_PE_0_7_x096_din                     |   102|         21|   32|        672|
    |indvar_flatten17_reg_341                   |     9|          2|   11|         22|
    |indvar_flatten39_reg_330                   |     9|          2|   12|         24|
    |indvar_flatten47_reg_514                   |     9|          2|   10|         20|
    |indvar_flatten60_reg_492                   |     9|          2|   10|         20|
    |indvar_flatten9_reg_459                    |     9|          2|    7|         14|
    |indvar_flatten_reg_414                     |     9|          2|    7|         14|
    |local_B_ping_V_address0                    |    14|          3|    1|          3|
    +-------------------------------------------+------+-----------+-----+-----------+
    |Total                                      |  2500|        485|  263|       2044|
    +-------------------------------------------+------+-----------+-----+-----------+

    * Register: 
    +----------------------------------------+-----+----+-----+-----------+
    |                  Name                  |  FF | LUT| Bits| Const Bits|
    +----------------------------------------+-----+----+-----+-----------+
    |add_ln691_1664_reg_1301                 |    2|   0|    2|          0|
    |add_ln691_1665_reg_1248                 |    2|   0|    2|          0|
    |add_ln890_193_reg_1374                  |   10|   0|   10|          0|
    |add_ln890_194_reg_1310                  |    7|   0|    7|          0|
    |add_ln890_195_reg_1257                  |    7|   0|    7|          0|
    |add_ln890_197_reg_1148                  |   12|   0|   12|          0|
    |add_ln890_reg_1400                      |   10|   0|   10|          0|
    |and_ln2741_2_reg_1225                   |    1|   0|    1|          0|
    |and_ln2742_reg_1234                     |    1|   0|    1|          0|
    |ap_CS_fsm                               |  345|   0|  345|          0|
    |ap_done_reg                             |    1|   0|    1|          0|
    |ap_enable_reg_pp0_iter0                 |    1|   0|    1|          0|
    |ap_enable_reg_pp0_iter1                 |    1|   0|    1|          0|
    |ap_enable_reg_pp1_iter0                 |    1|   0|    1|          0|
    |ap_enable_reg_pp1_iter1                 |    1|   0|    1|          0|
    |ap_enable_reg_pp2_iter0                 |    1|   0|    1|          0|
    |ap_enable_reg_pp2_iter1                 |    1|   0|    1|          0|
    |ap_enable_reg_pp3_iter0                 |    1|   0|    1|          0|
    |ap_enable_reg_pp3_iter1                 |    1|   0|    1|          0|
    |ap_enable_reg_pp4_iter0                 |    1|   0|    1|          0|
    |ap_enable_reg_pp4_iter1                 |    1|   0|    1|          0|
    |arb_18_reg_378                          |    1|   0|    1|          0|
    |c1_V_reg_353                            |    3|   0|    3|          0|
    |c2_V_reg_390                            |    8|   0|    8|          0|
    |c4_V_60_reg_402                         |    2|   0|    2|          0|
    |c4_V_reg_447                            |    2|   0|    2|          0|
    |c5_V_157_reg_470                        |    2|   0|    2|          0|
    |c5_V_158_reg_425                        |    2|   0|    2|          0|
    |c5_V_reg_503                            |    2|   0|    2|          0|
    |c6_V_161_reg_436                        |    6|   0|    6|          0|
    |c6_V_reg_481                            |    6|   0|    6|          0|
    |c7_V_reg_525                            |    4|   0|    4|          0|
    |cmp_i_i565_reg_1153                     |    1|   0|    1|          0|
    |data_split_V_addr_reg_1416              |    3|   0|    3|          0|
    |icmp_ln890160_reg_1162                  |    1|   0|    1|          0|
    |icmp_ln890_1599_reg_1379                |    1|   0|    1|          0|
    |icmp_ln890_1599_reg_1379_pp4_iter1_reg  |    1|   0|    1|          0|
    |icmp_ln890_1600_reg_1383                |    1|   0|    1|          0|
    |icmp_ln890_1602_reg_1306                |    1|   0|    1|          0|
    |icmp_ln890_1603_reg_1253                |    1|   0|    1|          0|
    |icmp_ln890_1604_reg_1315                |    1|   0|    1|          0|
    |icmp_ln890_1605_reg_1262                |    1|   0|    1|          0|
    |indvar_flatten17_reg_341                |   11|   0|   11|          0|
    |indvar_flatten39_reg_330                |   12|   0|   12|          0|
    |indvar_flatten47_reg_514                |   10|   0|   10|          0|
    |indvar_flatten60_reg_492                |   10|   0|   10|          0|
    |indvar_flatten9_reg_459                 |    7|   0|    7|          0|
    |indvar_flatten_reg_414                  |    7|   0|    7|          0|
    |intra_trans_en_reg_364                  |    1|   0|    1|          0|
    |or_ln2742_reg_1230                      |    1|   0|    1|          0|
    |p_Result_4523_0_0_1_reg_1339            |   32|   0|   32|          0|
    |p_Result_4523_0_0_2_reg_1344            |   32|   0|   32|          0|
    |p_Result_4523_0_0_3_reg_1349            |   32|   0|   32|          0|
    |p_Result_4523_0_0_4_reg_1354            |   32|   0|   32|          0|
    |p_Result_4523_0_0_5_reg_1359            |   32|   0|   32|          0|
    |p_Result_4523_0_0_6_reg_1364            |   32|   0|   32|          0|
    |p_Result_4523_0_0_7_reg_1369            |   32|   0|   32|          0|
    |reg_607                                 |   32|   0|   32|          0|
    |reg_614                                 |   32|   0|   32|          0|
    |reg_621                                 |   32|   0|   32|          0|
    |reg_628                                 |   32|   0|   32|          0|
    |reg_635                                 |   32|   0|   32|          0|
    |reg_642                                 |   32|   0|   32|          0|
    |reg_649                                 |   32|   0|   32|          0|
    |select_ln2741_reg_1171                  |    3|   0|    3|          0|
    |select_ln2871_reg_1411                  |    4|   0|    4|          0|
    |select_ln691_1_reg_1276                 |    6|   0|    6|          0|
    |select_ln691_reg_1329                   |    6|   0|    6|          0|
    |select_ln890_385_reg_1390               |    2|   0|    2|          0|
    |select_ln890_386_reg_1422               |   10|   0|   10|          0|
    |select_ln890_387_reg_1319               |    2|   0|    2|          0|
    |select_ln890_388_reg_1266               |    2|   0|    2|          0|
    |select_ln890_reg_1243                   |    3|   0|    3|          0|
    |trunc_ln674_35_reg_1334                 |   32|   0|   32|          0|
    |trunc_ln674_36_reg_1281                 |   32|   0|   32|          0|
    |trunc_ln674_reg_1405                    |   32|   0|   32|          0|
    +----------------------------------------+-----+----+-----+-----------+
    |Total                                   | 1099|   0| 1099|          0|
    +----------------------------------------+-----+----+-----+-----------+



================================================================
== Interface
================================================================
* Summary: 
+----------------------------------+-----+-----+------------+--------------------------+--------------+
|             RTL Ports            | Dir | Bits|  Protocol  |       Source Object      |    C Type    |
+----------------------------------+-----+-----+------------+--------------------------+--------------+
|ap_clk                            |   in|    1|  ap_ctrl_hs|    B_IO_L2_in_boundary_x0|  return value|
|ap_rst                            |   in|    1|  ap_ctrl_hs|    B_IO_L2_in_boundary_x0|  return value|
|ap_start                          |   in|    1|  ap_ctrl_hs|    B_IO_L2_in_boundary_x0|  return value|
|ap_done                           |  out|    1|  ap_ctrl_hs|    B_IO_L2_in_boundary_x0|  return value|
|ap_continue                       |   in|    1|  ap_ctrl_hs|    B_IO_L2_in_boundary_x0|  return value|
|ap_idle                           |  out|    1|  ap_ctrl_hs|    B_IO_L2_in_boundary_x0|  return value|
|ap_ready                          |  out|    1|  ap_ctrl_hs|    B_IO_L2_in_boundary_x0|  return value|
|fifo_B_B_IO_L2_in_7_x016_dout     |   in|  256|     ap_fifo|  fifo_B_B_IO_L2_in_7_x016|       pointer|
|fifo_B_B_IO_L2_in_7_x016_empty_n  |   in|    1|     ap_fifo|  fifo_B_B_IO_L2_in_7_x016|       pointer|
|fifo_B_B_IO_L2_in_7_x016_read     |  out|    1|     ap_fifo|  fifo_B_B_IO_L2_in_7_x016|       pointer|
|fifo_B_PE_0_7_x096_din            |  out|   32|     ap_fifo|        fifo_B_PE_0_7_x096|       pointer|
|fifo_B_PE_0_7_x096_full_n         |   in|    1|     ap_fifo|        fifo_B_PE_0_7_x096|       pointer|
|fifo_B_PE_0_7_x096_write          |  out|    1|     ap_fifo|        fifo_B_PE_0_7_x096|       pointer|
+----------------------------------+-----+-----+------------+--------------------------+--------------+

